14:52:19 xgboost: train=/home/ssn899/Desktop/TabFM/datasets/lcld_v2/splits/selected/natural/context_5000.csv (5000 rows)  test=/home/ssn899/Desktop/TabFM/datasets/lcld_v2/splits/test_attack_1000.csv (1000 rows)  target=charged_off  drop=('issue_d',)
14:52:19 rebuilt 5 per-run-best contexts from /home/ssn899/Desktop/TabFM/results/main_experiments/lcld_v2/x-capgd_random_r001: run0_sub0, run1_sub2, run2_sub0, run3_sub0, run4_sub2  (attack=x-capgd, R=1.0%, k=50)
14:52:19 clean val=/home/ssn899/Desktop/TabFM/datasets/lcld_v2/splits/val_2000.csv (2000 rows)
14:52:19 
== protocol A: validation is an internal split of the given context (poisoned when the context is)
14:52:19     clean baseline (5 fits)
14:52:33       seed 0: ce=0.45262 acc=0.8040 bacc=0.5064 mcc=0.0718 (iters=130, 14s)
14:52:42       seed 1: ce=0.45191 acc=0.8030 bacc=0.5134 mcc=0.0908 (iters=52, 8s)
14:52:51       seed 2: ce=0.45077 acc=0.8050 bacc=0.5089 mcc=0.0917 (iters=28, 9s)
14:52:59       seed 3: ce=0.45385 acc=0.8030 bacc=0.5000 mcc=0.0000 (iters=99, 8s)
14:53:10       seed 4: ce=0.45147 acc=0.8040 bacc=0.5045 mcc=0.0648 (iters=184, 11s)
14:53:10     poisoned (5 contexts)
14:53:10     -- run0_sub0
14:53:20       seed 0: ce=0.45176 acc=0.8030 bacc=0.5077 mcc=0.0684 (iters=106, 10s)
14:53:20     -- run1_sub2
14:53:29       seed 1: ce=0.45194 acc=0.8020 bacc=0.5128 mcc=0.0837 (iters=54, 9s)
14:53:29     -- run2_sub0
14:53:37       seed 2: ce=0.45096 acc=0.8040 bacc=0.5025 mcc=0.0639 (iters=19, 8s)
14:53:37     -- run3_sub0
14:53:44       seed 3: ce=0.45335 acc=0.8040 bacc=0.5083 mcc=0.0790 (iters=46, 8s)
14:53:44     -- run4_sub2
14:53:56       seed 4: ce=0.45237 acc=0.8040 bacc=0.5064 mcc=0.0718 (iters=152, 11s)
14:53:56 
  protocol A -- validation is an internal split of the given context (poisoned when the context is)
14:53:56     metric                          clean          poisoned             delta      rel% |          TabPFN d  TabPFN rel%  transfer%
14:53:56     -------------------------------------------------------------------------------------------------------------------------------
14:53:56     ce                    0.4521 ± 0.0011   0.4521 ± 0.0008  -0.0000 ± 0.0006      -0.0 |  +0.0056 ± 0.0011         +1.2         -1
14:53:56     accuracy              0.8038 ± 0.0007   0.8034 ± 0.0008  -0.0004 ± 0.0008      -0.0 |  +0.0000 ± 0.0013         +0.0          -
14:53:56     balanced_accuracy     0.5066 ± 0.0045   0.5075 ± 0.0033  +0.0009 ± 0.0047      +0.2 |  -0.0031 ± 0.0017         -0.6        -29
14:53:56     mcc                   0.0638 ± 0.0336   0.0734 ± 0.0071  +0.0095 ± 0.0366    ~+14.9 |  -0.0062 ± 0.0088         -4.2      ~-153
14:53:56     roc_auc               0.7107 ± 0.0015   0.7121 ± 0.0026  +0.0015 ± 0.0027      +0.2 |  -0.0034 ± 0.0009         -0.5        -43
14:53:56     f1                    0.0311 ± 0.0219   0.0368 ± 0.0180  +0.0057 ± 0.0220    ~+18.4 |  -0.0126 ± 0.0064        ~-9.4        -45
14:53:56     transfer% = XGBoost delta / TabPFNv2 delta; 100 means the poison hurts both equally.
14:53:56     '~' marks a ratio whose denominator is near zero or inside its own spread -- read the absolute columns there.
14:53:56 
== protocol B: validation is the separate clean --val file
14:53:56     clean baseline (5 fits)
14:54:04       seed 0: ce=0.45578 acc=0.8030 bacc=0.5057 mcc=0.0592 (iters=12, 8s)
14:54:13       seed 1: ce=0.45214 acc=0.8020 bacc=0.5109 mcc=0.0763 (iters=63, 9s)
14:54:26       seed 2: ce=0.44862 acc=0.8050 bacc=0.5185 mcc=0.1172 (iters=373, 14s)
14:54:35       seed 3: ce=0.45135 acc=0.8040 bacc=0.5045 mcc=0.0648 (iters=19, 8s)
14:54:44       seed 4: ce=0.45017 acc=0.8030 bacc=0.5134 mcc=0.0908 (iters=146, 10s)
14:54:44     poisoned (5 contexts)
14:54:44     -- run0_sub0
14:54:52       seed 0: ce=0.45348 acc=0.8070 bacc=0.5236 mcc=0.1410 (iters=62, 8s)
14:54:52     -- run1_sub2
14:55:01       seed 1: ce=0.44857 acc=0.8090 bacc=0.5191 mcc=0.1524 (iters=146, 9s)
14:55:01     -- run2_sub0
14:55:15       seed 2: ce=0.44908 acc=0.8050 bacc=0.5166 mcc=0.1122 (iters=378, 14s)
14:55:15     -- run3_sub0
14:55:26       seed 3: ce=0.44782 acc=0.8050 bacc=0.5166 mcc=0.1122 (iters=221, 12s)
14:55:26     -- run4_sub2
14:55:36       seed 4: ce=0.44975 acc=0.8060 bacc=0.5229 mcc=0.1336 (iters=76, 9s)
14:55:36 
  protocol B -- validation is the separate clean --val file
14:55:36     metric                          clean          poisoned             delta      rel% |          TabPFN d  TabPFN rel%  transfer%
14:55:36     -------------------------------------------------------------------------------------------------------------------------------
14:55:36     ce                    0.4516 ± 0.0024   0.4497 ± 0.0020  -0.0019 ± 0.0016      -0.4 |  +0.0056 ± 0.0011         +1.2        -33
14:55:36     accuracy              0.8034 ± 0.0010   0.8064 ± 0.0015  +0.0030 ± 0.0024      +0.4 |  +0.0000 ± 0.0013         +0.0          -
14:55:36     balanced_accuracy     0.5106 ± 0.0051   0.5197 ± 0.0030  +0.0091 ± 0.0064      +1.8 |  -0.0031 ± 0.0017         -0.6       -298
14:55:36     mcc                   0.0817 ± 0.0208   0.1303 ± 0.0159  +0.0486 ± 0.0309    ~+59.5 |  -0.0062 ± 0.0088         -4.2      ~-779
14:55:36     roc_auc               0.7127 ± 0.0057   0.7165 ± 0.0041  +0.0038 ± 0.0030      +0.5 |  -0.0034 ± 0.0009         -0.5       -113
14:55:36     f1                    0.0515 ± 0.0237   0.0866 ± 0.0126  +0.0351 ± 0.0282    ~+68.2 |  -0.0126 ± 0.0064        ~-9.4       -279
14:55:36     transfer% = XGBoost delta / TabPFNv2 delta; 100 means the poison hurts both equally.
14:55:36     '~' marks a ratio whose denominator is near zero or inside its own spread -- read the absolute columns there.
14:55:36 
wrote /home/ssn899/Desktop/TabFM/results/xgb_transfer/lcld_v2/x-capgd_random_r001/summary.json
