15:20:48 xgboost: train=/home/ssn899/Desktop/TabFM/datasets/url_unique/splits/selected/natural/context_5000.csv (5000 rows)  test=/home/ssn899/Desktop/TabFM/datasets/url_unique/splits/test_attack_1000.csv (1000 rows)  target=is_phishing  drop=()
15:20:49 rebuilt 5 per-run-best contexts from /home/ssn899/Desktop/TabFM/results/main_experiments/url_unique/x-capgd_random_r004: run0_sub2, run1_sub1, run2_sub0, run3_sub0, run4_sub0  (attack=x-capgd, R=4.0%, k=200)
15:20:49 clean val=/home/ssn899/Desktop/TabFM/datasets/url_unique/splits/val_2000.csv (2000 rows)
15:20:49 
== protocol A: validation is an internal split of the given context (poisoned when the context is)
15:20:49     clean baseline: 5 fits reused from /home/ssn899/Desktop/TabFM/results/xgb_transfer/_clean_cache/clean_3f85a9510aa70700c46d224d.json
15:20:49     poisoned (5 contexts)
15:20:49     -- run0_sub2
15:21:25       seed 0: ce=0.09745 acc=0.9650 bacc=0.9650 mcc=0.9300 (iters=904, 37s)
15:21:25     -- run1_sub1
15:22:03       seed 1: ce=0.09887 acc=0.9610 bacc=0.9610 mcc=0.9220 (iters=1371, 37s)
15:22:03     -- run2_sub0
15:22:32       seed 2: ce=0.09770 acc=0.9670 bacc=0.9670 mcc=0.9340 (iters=495, 29s)
15:22:32     -- run3_sub0
15:22:49       seed 3: ce=0.10162 acc=0.9630 bacc=0.9630 mcc=0.9260 (iters=219, 17s)
15:22:49     -- run4_sub0
15:23:10       seed 4: ce=0.10429 acc=0.9640 bacc=0.9640 mcc=0.9280 (iters=90, 20s)
15:23:10 
  protocol A -- validation is an internal split of the given context (poisoned when the context is)
15:23:10     metric                          clean          poisoned             delta      rel% |          TabPFN d  TabPFN rel%  transfer%
15:23:10     -------------------------------------------------------------------------------------------------------------------------------
15:23:10     ce                    0.0965 ± 0.0021   0.1000 ± 0.0026  +0.0035 ± 0.0030      +3.6 |  +0.0059 ± 0.0042         +6.4        +59
15:23:10     accuracy              0.9686 ± 0.0017   0.9640 ± 0.0020  -0.0046 ± 0.0030      -0.5 |  +0.0014 ± 0.0019         +0.1      ~-329
15:23:10     balanced_accuracy     0.9686 ± 0.0017   0.9640 ± 0.0020  -0.0046 ± 0.0030      -0.5 |  +0.0015 ± 0.0018         +0.2      ~-312
15:23:10     mcc                   0.9372 ± 0.0035   0.9280 ± 0.0040  -0.0092 ± 0.0060      -1.0 |  +0.0028 ± 0.0037         +0.3      ~-325
15:23:10     roc_auc               0.9932 ± 0.0006   0.9933 ± 0.0002  +0.0000 ± 0.0007      +0.0 |  -0.0006 ± 0.0006         -0.1        ~-7
15:23:10     f1                    0.9681 ± 0.0017   0.9635 ± 0.0020  -0.0046 ± 0.0030      -0.5 |  +0.0016 ± 0.0019         +0.2      ~-295
15:23:10     transfer% = XGBoost delta / TabPFNv2 delta; 100 means the poison hurts both equally.
15:23:10     '~' marks a ratio whose denominator is near zero or inside its own spread -- read the absolute columns there.
15:23:10 
== protocol B: validation is the separate clean --val file
15:23:10     clean baseline: 5 fits reused from /home/ssn899/Desktop/TabFM/results/xgb_transfer/_clean_cache/clean_abd10f6c2f73c282ed9f2ab6.json
15:23:10     poisoned (5 contexts)
15:23:10     -- run0_sub2
15:23:49       seed 0: ce=0.08833 acc=0.9700 bacc=0.9700 mcc=0.9400 (iters=501, 40s)
15:23:49     -- run1_sub1
15:24:23       seed 1: ce=0.10060 acc=0.9640 bacc=0.9641 mcc=0.9280 (iters=825, 33s)
15:24:23     -- run2_sub0
15:24:54       seed 2: ce=0.09547 acc=0.9660 bacc=0.9660 mcc=0.9320 (iters=763, 32s)
15:24:54     -- run3_sub0
15:25:15       seed 3: ce=0.09593 acc=0.9670 bacc=0.9670 mcc=0.9340 (iters=106, 21s)
15:25:15     -- run4_sub0
15:25:48       seed 4: ce=0.09949 acc=0.9660 bacc=0.9661 mcc=0.9320 (iters=307, 33s)
15:25:48 
  protocol B -- validation is the separate clean --val file
15:25:48     metric                          clean          poisoned             delta      rel% |          TabPFN d  TabPFN rel%  transfer%
15:25:48     -------------------------------------------------------------------------------------------------------------------------------
15:25:48     ce                    0.0964 ± 0.0014   0.0960 ± 0.0043  -0.0004 ± 0.0043      -0.4 |  +0.0059 ± 0.0042         +6.4         -7
15:25:48     accuracy              0.9678 ± 0.0012   0.9666 ± 0.0020  -0.0012 ± 0.0023      -0.1 |  +0.0014 ± 0.0019         +0.1       ~-86
15:25:48     balanced_accuracy     0.9679 ± 0.0012   0.9666 ± 0.0020  -0.0012 ± 0.0023      -0.1 |  +0.0015 ± 0.0018         +0.2       ~-84
15:25:48     mcc                   0.9356 ± 0.0023   0.9332 ± 0.0039  -0.0024 ± 0.0046      -0.3 |  +0.0028 ± 0.0037         +0.3       ~-86
15:25:48     roc_auc               0.9931 ± 0.0003   0.9935 ± 0.0006  +0.0004 ± 0.0006      +0.0 |  -0.0006 ± 0.0006         -0.1       ~-69
15:25:48     f1                    0.9674 ± 0.0012   0.9661 ± 0.0020  -0.0013 ± 0.0023      -0.1 |  +0.0016 ± 0.0019         +0.2       ~-82
15:25:48     transfer% = XGBoost delta / TabPFNv2 delta; 100 means the poison hurts both equally.
15:25:48     '~' marks a ratio whose denominator is near zero or inside its own spread -- read the absolute columns there.
15:25:48 
wrote /home/ssn899/Desktop/TabFM/results/xgb_transfer/url_unique/x-capgd_random_r004/summary.json
