10:35:14 [x-capgd] /home/ssn899/Desktop/TabFM/datasets/url_unique/splits/selected/natural/context_5000.csv (5000x63) -> /home/ssn899/Desktop/TabFM/datasets/url_unique/splits/test_attack_1000.csv (1000 of 1000)  k=3200 (64.0%)  attack_class=None  grid 5x3  cuda:0
10:35:19   clean  ce=0.09328 auc=0.9935 acc=0.9650 f1=0.9644  max|dp| over 3 repeats=0.00e+00  chunking_exact=True  [3.3s]
10:35:19   constraints=full (14 relations, dataset 'url_unique')  scaler=metadata  mutable 63/63  int 58  cat 0
10:35:19   -- trial run0_sub0
10:35:21     iter   0  obj 0.09328  best 0.09328  step 0.9500
10:35:23     iter   1  obj -4.33978  best 0.09328  step 0.9500
10:35:26     iter   2  obj -0.10649  best 0.09328  step 0.9500
10:35:28     iter   3  obj -0.23697  best 0.09328  step 0.9500
10:35:30     iter   4  obj -0.50957  best 0.09328  step 0.9500
10:35:32     iter   5  obj -1.23262  best 0.09328  step 0.9500
10:35:34     iter   6  obj -2.16362  best 0.09328  step 0.9500
10:35:37     iter   7  obj -0.71409  best 0.09328  step 0.9500
10:35:39     iter   8  obj -0.56082  best 0.09328  step 0.4750  halved
10:35:41     iter   9  obj -5.29765  best 0.09328  step 0.4750
10:35:43     iter  10  obj -0.51278  best 0.09328  step 0.4750
10:35:45     iter  11  obj -0.08294  best 0.09328  step 0.4750
10:35:48     iter  12  obj -0.11041  best 0.09328  step 0.4750
10:35:50     iter  13  obj -0.02952  best 0.09328  step 0.4750
10:35:52     iter  14  obj -0.17010  best 0.09328  step 0.4750
10:35:54     iter  15  obj -0.09779  best 0.09328  step 0.2375  halved
10:35:56     iter  16  obj -5.63545  best 0.09328  step 0.2375
10:35:59     iter  17  obj -0.06869  best 0.09328  step 0.2375
10:36:01     iter  18  obj -0.02139  best 0.09328  step 0.2375
10:36:03     iter  19  obj 0.04289  best 0.09328  step 0.2375
10:36:05     iter  20  obj 0.02283  best 0.09328  step 0.2375
10:36:07     iter  21  obj -0.00450  best 0.09328  step 0.1187  halved
10:36:10     iter  22  obj -5.69108  best 0.09328  step 0.1187
10:36:12     iter  23  obj 0.02146  best 0.09328  step 0.1187
10:36:14     iter  24  obj 0.09448  best 0.09448  step 0.1187  *
10:36:16     iter  25  obj 0.11930  best 0.11930  step 0.1187  *
10:36:18     iter  26  obj 0.07965  best 0.11930  step 0.0594  halved
10:36:21     iter  27  obj 0.18629  best 0.18629  step 0.0594  *
10:36:23     iter  28  obj 0.20634  best 0.20634  step 0.0594  *
10:36:25     iter  29  obj 0.25044  best 0.25044  step 0.0594  *
10:36:27     iter  30  obj 0.26065  best 0.26065  step 0.0594  *
10:36:29     iter  31  obj 0.49911  best 0.49911  step 0.0594  *
10:36:32     iter  32  obj 0.74846  best 0.74846  step 0.0594  *
10:36:34     iter  33  obj 0.34545  best 0.74846  step 0.0297  halved
10:36:36     iter  34  obj 0.42449  best 0.74846  step 0.0297
10:36:38     iter  35  obj 1.48961  best 1.48961  step 0.0297  *
10:36:40     iter  36  obj 0.68171  best 1.48961  step 0.0297
10:36:43     iter  37  obj 1.39536  best 1.48961  step 0.0148  halved
10:36:45     iter  38  obj 2.27595  best 2.27595  step 0.0148  *
10:36:47     iter  39  obj 1.29836  best 2.27595  step 0.0074  halved
10:36:49     iter  40  obj 2.16736  best 2.27595  step 0.0074
10:36:51      poisoned ce=0.11682 auc=0.9904 acc=0.9670 f1=0.9666  dce=+0.02354 dacc=+0.0020  k=3200  [91.6s]
10:36:51   -- trial run0_sub1
10:36:53     iter   0  obj 0.09328  best 0.09328  step 0.9500
10:36:55     iter   1  obj -4.27681  best 0.09328  step 0.9500
10:36:57     iter   2  obj -0.29014  best 0.09328  step 0.9500
10:36:59     iter   3  obj -0.00451  best 0.09328  step 0.9500
10:37:02     iter   4  obj -0.13133  best 0.09328  step 0.9500
10:37:04     iter   5  obj -0.39628  best 0.09328  step 0.9500
10:37:06     iter   6  obj -1.10073  best 0.09328  step 0.9500
10:37:08     iter   7  obj -0.92880  best 0.09328  step 0.9500
10:37:10     iter   8  obj -0.49732  best 0.09328  step 0.4750  halved
10:37:13     iter   9  obj -3.97884  best 0.09328  step 0.4750
10:37:15     iter  10  obj -0.63497  best 0.09328  step 0.4750
10:37:17     iter  11  obj -0.15442  best 0.09328  step 0.4750
10:37:19     iter  12  obj -0.02070  best 0.09328  step 0.4750
10:37:21     iter  13  obj -0.02627  best 0.09328  step 0.4750
10:37:24     iter  14  obj -0.03424  best 0.09328  step 0.4750
10:37:26     iter  15  obj -0.01706  best 0.09328  step 0.2375  halved
10:37:28     iter  16  obj -4.99382  best 0.09328  step 0.2375
10:37:30     iter  17  obj -0.05367  best 0.09328  step 0.2375
10:37:32     iter  18  obj 0.02345  best 0.09328  step 0.2375
10:37:35     iter  19  obj -0.06220  best 0.09328  step 0.2375
10:37:37     iter  20  obj -0.05974  best 0.09328  step 0.2375
10:37:39     iter  21  obj 0.00952  best 0.09328  step 0.1187  halved
10:37:41     iter  22  obj -4.99883  best 0.09328  step 0.1187
10:37:43     iter  23  obj 0.05781  best 0.09328  step 0.1187
10:37:46     iter  24  obj 0.10225  best 0.10225  step 0.1187  *
10:37:48     iter  25  obj 0.09281  best 0.10225  step 0.1187
10:37:50     iter  26  obj 0.12136  best 0.12136  step 0.0594  *  halved
10:37:52     iter  27  obj 0.17618  best 0.17618  step 0.0594  *
10:37:54     iter  28  obj 0.21806  best 0.21806  step 0.0594  *
10:37:57     iter  29  obj 0.18680  best 0.21806  step 0.0594
10:37:59     iter  30  obj 0.35214  best 0.35214  step 0.0297  *  halved
10:38:01     iter  31  obj 1.11826  best 1.11826  step 0.0297  *
10:38:03     iter  32  obj 0.62226  best 1.11826  step 0.0297
10:38:05     iter  33  obj 1.58852  best 1.58852  step 0.0148  *  halved
10:38:08     iter  34  obj 2.54586  best 2.54586  step 0.0148  *
10:38:10     iter  35  obj 2.53642  best 2.54586  step 0.0074  halved
10:38:12     iter  36  obj 2.46073  best 2.54586  step 0.0074
10:38:14     iter  37  obj 3.90377  best 3.90377  step 0.0037  *  halved
10:38:16     iter  38  obj 4.53812  best 4.53812  step 0.0037  *
10:38:19     iter  39  obj 4.64599  best 4.64599  step 0.0037  *
10:38:21     iter  40  obj 5.34793  best 5.34793  step 0.0037  *
10:38:22      poisoned ce=0.18207 auc=0.9829 acc=0.9410 f1=0.9413  dce=+0.08879 dacc=-0.0240  k=3200  [91.6s]
10:38:22   -- trial run0_sub2
10:38:24     iter   0  obj 0.09328  best 0.09328  step 0.9500
10:38:27     iter   1  obj -4.33498  best 0.09328  step 0.9500
10:38:29     iter   2  obj -0.12850  best 0.09328  step 0.9500
10:38:31     iter   3  obj -0.24250  best 0.09328  step 0.9500
10:38:33     iter   4  obj -0.44291  best 0.09328  step 0.9500
10:38:35     iter   5  obj -0.41094  best 0.09328  step 0.9500
10:38:38     iter   6  obj -0.74791  best 0.09328  step 0.9500
10:38:40     iter   7  obj -0.87419  best 0.09328  step 0.9500
10:38:42     iter   8  obj -0.30118  best 0.09328  step 0.4750  halved
10:38:44     iter   9  obj -3.68523  best 0.09328  step 0.4750
10:38:46     iter  10  obj -0.86434  best 0.09328  step 0.4750
10:38:49     iter  11  obj -0.08713  best 0.09328  step 0.4750
10:38:51     iter  12  obj -0.04342  best 0.09328  step 0.4750
10:38:53     iter  13  obj -0.14959  best 0.09328  step 0.4750
10:38:55     iter  14  obj -0.23815  best 0.09328  step 0.4750
10:38:57     iter  15  obj -0.13151  best 0.09328  step 0.2375  halved
10:39:00     iter  16  obj -5.20366  best 0.09328  step 0.2375
10:39:02     iter  17  obj -0.08171  best 0.09328  step 0.2375
10:39:04     iter  18  obj 0.02072  best 0.09328  step 0.2375
10:39:06     iter  19  obj 0.00893  best 0.09328  step 0.2375
10:39:08     iter  20  obj -0.02479  best 0.09328  step 0.2375
10:39:11     iter  21  obj -0.01276  best 0.09328  step 0.1187  halved
10:39:13     iter  22  obj -5.35939  best 0.09328  step 0.1187
10:39:15     iter  23  obj 0.08301  best 0.09328  step 0.1187
10:39:17     iter  24  obj 0.06135  best 0.09328  step 0.1187
10:39:19     iter  25  obj 0.08531  best 0.09328  step 0.1187
10:39:22     iter  26  obj 0.08833  best 0.09328  step 0.0594  halved
10:39:24     iter  27  obj -3.39178  best 0.09328  step 0.0594
10:39:26     iter  28  obj -0.03547  best 0.09328  step 0.0594
10:39:28     iter  29  obj 0.11544  best 0.11544  step 0.0594  *
10:39:30     iter  30  obj 0.17760  best 0.17760  step 0.0297  *  halved
10:39:33     iter  31  obj 0.18800  best 0.18800  step 0.0297  *
10:39:35     iter  32  obj 0.19446  best 0.19446  step 0.0297  *
10:39:37     iter  33  obj 0.21902  best 0.21902  step 0.0297  *
10:39:39     iter  34  obj 0.27101  best 0.27101  step 0.0297  *
10:39:41     iter  35  obj 0.43730  best 0.43730  step 0.0297  *
10:39:44     iter  36  obj 0.36636  best 0.43730  step 0.0297
10:39:46     iter  37  obj 0.36139  best 0.43730  step 0.0148  halved
10:39:48     iter  38  obj 0.74224  best 0.74224  step 0.0148  *
10:39:50     iter  39  obj 0.92486  best 0.92486  step 0.0148  *
10:39:52     iter  40  obj 0.97115  best 0.97115  step 0.0148  *
10:39:54      poisoned ce=0.14578 auc=0.9874 acc=0.9560 f1=0.9556  dce=+0.05250 dacc=-0.0090  k=3200  [91.6s]
10:39:54   -- trial run1_sub0
10:39:56     iter   0  obj -5.21094  best -5.21094  step 0.9500
10:39:58     iter   1  obj -1.43457  best -1.43457  step 0.9500  *
10:40:01     iter   2  obj -0.12969  best -0.12969  step 0.9500  *
10:40:03     iter   3  obj -0.02626  best -0.02626  step 0.9500  *
10:40:05     iter   4  obj -0.46448  best -0.02626  step 0.9500
10:40:08     iter   5  obj -0.38446  best -0.02626  step 0.9500
10:40:10     iter   6  obj -0.98270  best -0.02626  step 0.9500
10:40:12     iter   7  obj -1.12128  best -0.02626  step 0.9500
10:40:14     iter   8  obj -0.16611  best -0.02626  step 0.4750  halved
10:40:17     iter   9  obj -1.88876  best -0.02626  step 0.4750
10:40:19     iter  10  obj 0.00233  best 0.00233  step 0.4750  *
10:40:21     iter  11  obj -0.38755  best 0.00233  step 0.4750
10:40:24     iter  12  obj -0.14280  best 0.00233  step 0.4750
10:40:26     iter  13  obj 0.04975  best 0.04975  step 0.4750  *
10:40:28     iter  14  obj 0.08816  best 0.08816  step 0.4750  *
10:40:30     iter  15  obj -0.13587  best 0.08816  step 0.2375  halved
10:40:33     iter  16  obj 0.11777  best 0.11777  step 0.2375  *
10:40:35     iter  17  obj 0.11703  best 0.11777  step 0.2375
10:40:37     iter  18  obj 0.07429  best 0.11777  step 0.2375
10:40:40     iter  19  obj 0.08183  best 0.11777  step 0.2375
10:40:42     iter  20  obj 0.10746  best 0.11777  step 0.2375
10:40:44     iter  21  obj -0.04613  best 0.11777  step 0.1187  halved
10:40:46     iter  22  obj -0.54689  best 0.11777  step 0.1187
10:40:49     iter  23  obj 0.22023  best 0.22023  step 0.1187  *
10:40:51     iter  24  obj 0.21257  best 0.22023  step 0.1187
10:40:53     iter  25  obj 0.22053  best 0.22053  step 0.1187  *
10:40:55     iter  26  obj 0.28756  best 0.28756  step 0.0594  *  halved
10:40:58     iter  27  obj 0.44923  best 0.44923  step 0.0594  *
10:41:00     iter  28  obj 0.57084  best 0.57084  step 0.0594  *
10:41:02     iter  29  obj 0.61768  best 0.61768  step 0.0594  *
10:41:05     iter  30  obj 0.48266  best 0.61768  step 0.0297  halved
10:41:07     iter  31  obj 1.26641  best 1.26641  step 0.0297  *
10:41:09     iter  32  obj 1.45625  best 1.45625  step 0.0297  *
10:41:11     iter  33  obj 1.28917  best 1.45625  step 0.0148  halved
10:41:14     iter  34  obj 1.82152  best 1.82152  step 0.0148  *
10:41:16     iter  35  obj 2.52017  best 2.52017  step 0.0148  *
10:41:18     iter  36  obj 1.38291  best 2.52017  step 0.0148
10:41:21     iter  37  obj 2.09111  best 2.52017  step 0.0074  halved
10:41:23     iter  38  obj 2.67481  best 2.67481  step 0.0074  *
10:41:25     iter  39  obj 3.58611  best 3.58611  step 0.0074  *
10:41:27     iter  40  obj 4.37907  best 4.37907  step 0.0074  *
10:41:29      poisoned ce=0.12538 auc=0.9900 acc=0.9570 f1=0.9564  dce=+0.03210 dacc=-0.0080  k=3200  [94.9s]
10:41:29   -- trial run1_sub1
10:41:31     iter   0  obj -5.39001  best -5.39001  step 0.9500
10:41:33     iter   1  obj -0.63702  best -0.63702  step 0.9500  *
10:41:36     iter   2  obj -0.05078  best -0.05078  step 0.9500  *
10:41:38     iter   3  obj -0.15028  best -0.05078  step 0.9500
10:41:40     iter   4  obj -0.27446  best -0.05078  step 0.9500
10:41:43     iter   5  obj -0.10127  best -0.05078  step 0.9500
10:41:45     iter   6  obj -1.53885  best -0.05078  step 0.9500
10:41:47     iter   7  obj -0.41561  best -0.05078  step 0.9500
10:41:49     iter   8  obj -0.30992  best -0.05078  step 0.4750  halved
10:41:52     iter   9  obj -2.19339  best -0.05078  step 0.4750
10:41:54     iter  10  obj 0.06175  best 0.06175  step 0.4750  *
10:41:56     iter  11  obj -0.10702  best 0.06175  step 0.4750
10:41:58     iter  12  obj -0.09827  best 0.06175  step 0.4750
10:42:01     iter  13  obj -0.08927  best 0.06175  step 0.4750
10:42:03     iter  14  obj -0.04464  best 0.06175  step 0.4750
10:42:05     iter  15  obj -0.09446  best 0.06175  step 0.2375  halved
10:42:08     iter  16  obj -1.33445  best 0.06175  step 0.2375
10:42:10     iter  17  obj 0.13067  best 0.13067  step 0.2375  *
10:42:12     iter  18  obj 0.14554  best 0.14554  step 0.2375  *
10:42:14     iter  19  obj 0.10798  best 0.14554  step 0.2375
10:42:17     iter  20  obj 0.00744  best 0.14554  step 0.2375
10:42:19     iter  21  obj 0.10610  best 0.14554  step 0.1187  halved
10:42:21     iter  22  obj -0.15107  best 0.14554  step 0.1187
10:42:24     iter  23  obj 0.23272  best 0.23272  step 0.1187  *
10:42:26     iter  24  obj 0.26674  best 0.26674  step 0.1187  *
10:42:28     iter  25  obj 0.25774  best 0.26674  step 0.1187
10:42:30     iter  26  obj 0.31021  best 0.31021  step 0.0594  *  halved
10:42:33     iter  27  obj 0.53395  best 0.53395  step 0.0594  *
10:42:35     iter  28  obj 0.63223  best 0.63223  step 0.0594  *
10:42:37     iter  29  obj 0.66014  best 0.66014  step 0.0594  *
10:42:40     iter  30  obj 1.14826  best 1.14826  step 0.0594  *
10:42:42     iter  31  obj 0.81516  best 1.14826  step 0.0594
10:42:44     iter  32  obj 0.36235  best 1.14826  step 0.0594
10:42:46     iter  33  obj 1.27724  best 1.27724  step 0.0297  *  halved
10:42:49     iter  34  obj 1.78615  best 1.78615  step 0.0297  *
10:42:51     iter  35  obj 1.71763  best 1.78615  step 0.0148  halved
10:42:53     iter  36  obj 2.24915  best 2.24915  step 0.0148  *
10:42:55     iter  37  obj 3.11867  best 3.11867  step 0.0148  *
10:42:58     iter  38  obj 2.96724  best 3.11867  step 0.0148
10:43:00     iter  39  obj 3.91682  best 3.91682  step 0.0074  *  halved
10:43:02     iter  40  obj 5.23086  best 5.23086  step 0.0074  *
10:43:04      poisoned ce=0.13428 auc=0.9883 acc=0.9650 f1=0.9648  dce=+0.04101 dacc=+0.0000  k=3200  [94.9s]
10:43:04   -- trial run1_sub2
10:43:06     iter   0  obj -5.30421  best -5.30421  step 0.9500
10:43:08     iter   1  obj -0.44150  best -0.44150  step 0.9500  *
10:43:11     iter   2  obj -0.20881  best -0.20881  step 0.9500  *
10:43:13     iter   3  obj -0.07778  best -0.07778  step 0.9500  *
10:43:15     iter   4  obj -0.17695  best -0.07778  step 0.9500
10:43:17     iter   5  obj -0.36893  best -0.07778  step 0.9500
10:43:20     iter   6  obj -1.30376  best -0.07778  step 0.9500
10:43:22     iter   7  obj -0.97507  best -0.07778  step 0.9500
10:43:24     iter   8  obj -0.27794  best -0.07778  step 0.4750  halved
10:43:27     iter   9  obj -1.80351  best -0.07778  step 0.4750
10:43:29     iter  10  obj 0.01160  best 0.01160  step 0.4750  *
10:43:31     iter  11  obj -0.25893  best 0.01160  step 0.4750
10:43:33     iter  12  obj -0.15855  best 0.01160  step 0.4750
10:43:36     iter  13  obj 0.02024  best 0.02024  step 0.4750  *
10:43:38     iter  14  obj -0.05895  best 0.02024  step 0.4750
10:43:40     iter  15  obj 0.01974  best 0.02024  step 0.2375  halved
10:43:43     iter  16  obj 0.21733  best 0.21733  step 0.2375  *
10:43:45     iter  17  obj 0.10672  best 0.21733  step 0.2375
10:43:47     iter  18  obj 0.11827  best 0.21733  step 0.2375
10:43:49     iter  19  obj 0.10874  best 0.21733  step 0.2375
10:43:52     iter  20  obj 0.12483  best 0.21733  step 0.2375
10:43:54     iter  21  obj 0.07070  best 0.21733  step 0.1187  halved
10:43:56     iter  22  obj -0.42961  best 0.21733  step 0.1187
10:43:58     iter  23  obj 0.24538  best 0.24538  step 0.1187  *
10:44:01     iter  24  obj 0.30261  best 0.30261  step 0.1187  *
10:44:03     iter  25  obj 0.25623  best 0.30261  step 0.1187
10:44:05     iter  26  obj 0.29345  best 0.30261  step 0.0594  halved
10:44:08     iter  27  obj 0.72188  best 0.72188  step 0.0594  *
10:44:10     iter  28  obj 1.27256  best 1.27256  step 0.0594  *
10:44:12     iter  29  obj 0.57896  best 1.27256  step 0.0594
10:44:14     iter  30  obj 0.76623  best 1.27256  step 0.0297  halved
10:44:17     iter  31  obj 1.19959  best 1.27256  step 0.0297
10:44:19     iter  32  obj 1.42118  best 1.42118  step 0.0297  *
10:44:21     iter  33  obj 1.24012  best 1.42118  step 0.0148  halved
10:44:24     iter  34  obj 2.01396  best 2.01396  step 0.0148  *
10:44:26     iter  35  obj 2.01706  best 2.01706  step 0.0148  *
10:44:28     iter  36  obj 3.12485  best 3.12485  step 0.0148  *
10:44:30     iter  37  obj 2.99123  best 3.12485  step 0.0074  halved
10:44:33     iter  38  obj 3.56557  best 3.56557  step 0.0074  *
10:44:35     iter  39  obj 3.65738  best 3.65738  step 0.0074  *
10:44:37     iter  40  obj 3.48736  best 3.65738  step 0.0074
10:44:39      poisoned ce=0.11425 auc=0.9906 acc=0.9620 f1=0.9613  dce=+0.02097 dacc=-0.0030  k=3200  [94.9s]
10:44:39   -- trial run2_sub0
10:44:41     iter   0  obj -5.40600  best -5.40600  step 0.9500
10:44:43     iter   1  obj -0.46562  best -0.46562  step 0.9500  *
10:44:46     iter   2  obj 0.02911  best 0.02911  step 0.9500  *
10:44:48     iter   3  obj -0.16838  best 0.02911  step 0.9500
10:44:50     iter   4  obj -0.13490  best 0.02911  step 0.9500
10:44:52     iter   5  obj -0.24834  best 0.02911  step 0.9500
10:44:55     iter   6  obj -1.20260  best 0.02911  step 0.9500
10:44:57     iter   7  obj -0.91979  best 0.02911  step 0.9500
10:44:59     iter   8  obj -0.65665  best 0.02911  step 0.4750  halved
10:45:01     iter   9  obj -2.34524  best 0.02911  step 0.4750
10:45:04     iter  10  obj 0.09266  best 0.09266  step 0.4750  *
10:45:06     iter  11  obj 0.08920  best 0.09266  step 0.4750
10:45:08     iter  12  obj -0.07941  best 0.09266  step 0.4750
10:45:11     iter  13  obj -0.12931  best 0.09266  step 0.4750
10:45:13     iter  14  obj -0.01354  best 0.09266  step 0.4750
10:45:15     iter  15  obj -0.11949  best 0.09266  step 0.2375  halved
10:45:17     iter  16  obj -1.14462  best 0.09266  step 0.2375
10:45:20     iter  17  obj 0.17967  best 0.17967  step 0.2375  *
10:45:22     iter  18  obj 0.10677  best 0.17967  step 0.2375
10:45:24     iter  19  obj 0.13924  best 0.17967  step 0.2375
10:45:27     iter  20  obj 0.10300  best 0.17967  step 0.2375
10:45:29     iter  21  obj 0.18908  best 0.18908  step 0.1187  *  halved
10:45:31     iter  22  obj 0.21696  best 0.21696  step 0.1187  *
10:45:33     iter  23  obj 0.27852  best 0.27852  step 0.1187  *
10:45:36     iter  24  obj 0.59313  best 0.59313  step 0.1187  *
10:45:38     iter  25  obj 0.35997  best 0.59313  step 0.1187
10:45:40     iter  26  obj 0.32280  best 0.59313  step 0.0594  halved
10:45:42     iter  27  obj 0.52545  best 0.59313  step 0.0594
10:45:45     iter  28  obj 0.95006  best 0.95006  step 0.0594  *
10:45:47     iter  29  obj 1.00587  best 1.00587  step 0.0594  *
10:45:49     iter  30  obj 1.04737  best 1.04737  step 0.0594  *
10:45:52     iter  31  obj 1.65371  best 1.65371  step 0.0594  *
10:45:54     iter  32  obj 2.06040  best 2.06040  step 0.0594  *
10:45:56     iter  33  obj 1.77701  best 2.06040  step 0.0297  halved
10:45:58     iter  34  obj 2.14172  best 2.14172  step 0.0297  *
10:46:01     iter  35  obj 3.06425  best 3.06425  step 0.0297  *
10:46:03     iter  36  obj 3.36064  best 3.36064  step 0.0297  *
10:46:05     iter  37  obj 1.68701  best 3.36064  step 0.0148  halved
10:46:08     iter  38  obj 2.43305  best 3.36064  step 0.0148
10:46:10     iter  39  obj 4.67094  best 4.67094  step 0.0148  *
10:46:12     iter  40  obj 4.36163  best 4.67094  step 0.0148
10:46:14      poisoned ce=0.11911 auc=0.9902 acc=0.9650 f1=0.9647  dce=+0.02584 dacc=+0.0000  k=3200  [94.9s]
10:46:14   -- trial run2_sub1
10:46:16     iter   0  obj -5.37529  best -5.37529  step 0.9500
10:46:18     iter   1  obj -0.53997  best -0.53997  step 0.9500  *
10:46:20     iter   2  obj -0.17889  best -0.17889  step 0.9500  *
10:46:23     iter   3  obj -0.22203  best -0.17889  step 0.9500
10:46:25     iter   4  obj -0.17119  best -0.17119  step 0.9500  *
10:46:27     iter   5  obj -0.25150  best -0.17119  step 0.9500
10:46:30     iter   6  obj -0.92772  best -0.17119  step 0.9500
10:46:32     iter   7  obj -1.04088  best -0.17119  step 0.9500
10:46:34     iter   8  obj -0.29707  best -0.17119  step 0.4750  halved
10:46:36     iter   9  obj -1.41655  best -0.17119  step 0.4750
10:46:39     iter  10  obj -0.58044  best -0.17119  step 0.4750
10:46:41     iter  11  obj -0.11498  best -0.11498  step 0.4750  *
10:46:43     iter  12  obj -0.07699  best -0.07699  step 0.4750  *
10:46:45     iter  13  obj -0.02876  best -0.02876  step 0.4750  *
10:46:48     iter  14  obj 0.04046  best 0.04046  step 0.4750  *
10:46:50     iter  15  obj -0.18210  best 0.04046  step 0.2375  halved
10:46:52     iter  16  obj 0.08352  best 0.08352  step 0.2375  *
10:46:55     iter  17  obj -0.24015  best 0.08352  step 0.2375
10:46:57     iter  18  obj 0.01374  best 0.08352  step 0.2375
10:46:59     iter  19  obj 0.04251  best 0.08352  step 0.2375
10:47:01     iter  20  obj -0.09480  best 0.08352  step 0.2375
10:47:04     iter  21  obj -0.02885  best 0.08352  step 0.1187  halved
10:47:06     iter  22  obj -1.14645  best 0.08352  step 0.1187
10:47:08     iter  23  obj 0.17207  best 0.17207  step 0.1187  *
10:47:11     iter  24  obj 0.24189  best 0.24189  step 0.1187  *
10:47:13     iter  25  obj 0.26783  best 0.26783  step 0.1187  *
10:47:15     iter  26  obj 0.21953  best 0.26783  step 0.0594  halved
10:47:17     iter  27  obj 0.38072  best 0.38072  step 0.0594  *
10:47:20     iter  28  obj 0.54929  best 0.54929  step 0.0594  *
10:47:22     iter  29  obj 0.65556  best 0.65556  step 0.0594  *
10:47:24     iter  30  obj 0.90190  best 0.90190  step 0.0594  *
10:47:27     iter  31  obj 0.86089  best 0.90190  step 0.0594
10:47:29     iter  32  obj 1.05792  best 1.05792  step 0.0594  *
10:47:31     iter  33  obj 1.47817  best 1.47817  step 0.0297  *  halved
10:47:33     iter  34  obj 2.63254  best 2.63254  step 0.0297  *
10:47:36     iter  35  obj 2.46252  best 2.63254  step 0.0148  halved
10:47:38     iter  36  obj 3.77461  best 3.77461  step 0.0148  *
10:47:40     iter  37  obj 4.50033  best 4.50033  step 0.0148  *
10:47:43     iter  38  obj 3.89980  best 4.50033  step 0.0148
10:47:45     iter  39  obj 5.75207  best 5.75207  step 0.0074  *  halved
10:47:47     iter  40  obj 6.99746  best 6.99746  step 0.0074  *
10:47:48      poisoned ce=0.13238 auc=0.9879 acc=0.9620 f1=0.9615  dce=+0.03910 dacc=-0.0030  k=3200  [94.9s]
10:47:48   -- trial run2_sub2
10:47:51     iter   0  obj -5.39112  best -5.39112  step 0.9500
10:47:53     iter   1  obj -2.10564  best -2.10564  step 0.9500  *
10:47:55     iter   2  obj -0.13932  best -0.13932  step 0.9500  *
10:47:58     iter   3  obj -0.10644  best -0.10644  step 0.9500  *
10:48:00     iter   4  obj -0.05738  best -0.05738  step 0.9500  *
10:48:02     iter   5  obj -0.11882  best -0.05738  step 0.9500
10:48:04     iter   6  obj -1.34369  best -0.05738  step 0.9500
10:48:07     iter   7  obj -1.34451  best -0.05738  step 0.9500
10:48:09     iter   8  obj -0.54615  best -0.05738  step 0.4750  halved
10:48:11     iter   9  obj -1.34306  best -0.05738  step 0.4750
10:48:14     iter  10  obj -0.64996  best -0.05738  step 0.4750
10:48:16     iter  11  obj -0.05289  best -0.05289  step 0.4750  *
10:48:18     iter  12  obj 0.01399  best 0.01399  step 0.4750  *
10:48:20     iter  13  obj -0.03730  best 0.01399  step 0.4750
10:48:23     iter  14  obj -0.09473  best 0.01399  step 0.4750
10:48:25     iter  15  obj -0.54735  best 0.01399  step 0.2375  halved
10:48:27     iter  16  obj -0.32217  best 0.01399  step 0.2375
10:48:30     iter  17  obj 0.22288  best 0.22288  step 0.2375  *
10:48:32     iter  18  obj 0.16409  best 0.22288  step 0.2375
10:48:34     iter  19  obj 0.00145  best 0.22288  step 0.2375
10:48:36     iter  20  obj 0.12706  best 0.22288  step 0.2375
10:48:39     iter  21  obj 0.17985  best 0.22288  step 0.1187  halved
10:48:41     iter  22  obj -0.49830  best 0.22288  step 0.1187
10:48:43     iter  23  obj 0.22647  best 0.22647  step 0.1187  *
10:48:45     iter  24  obj 0.22047  best 0.22647  step 0.1187
10:48:48     iter  25  obj 0.26750  best 0.26750  step 0.1187  *
10:48:50     iter  26  obj 0.27963  best 0.27963  step 0.0594  *  halved
10:48:52     iter  27  obj 0.37224  best 0.37224  step 0.0594  *
10:48:55     iter  28  obj 0.44214  best 0.44214  step 0.0594  *
10:48:57     iter  29  obj 0.78949  best 0.78949  step 0.0594  *
10:48:59     iter  30  obj 0.91044  best 0.91044  step 0.0594  *
10:49:01     iter  31  obj 0.87187  best 0.91044  step 0.0594
10:49:04     iter  32  obj 0.64582  best 0.91044  step 0.0594
10:49:06     iter  33  obj 1.08871  best 1.08871  step 0.0297  *  halved
10:49:08     iter  34  obj 1.88411  best 1.88411  step 0.0297  *
10:49:11     iter  35  obj 1.77601  best 1.88411  step 0.0148  halved
10:49:13     iter  36  obj 2.50890  best 2.50890  step 0.0148  *
10:49:15     iter  37  obj 2.55556  best 2.55556  step 0.0148  *
10:49:17     iter  38  obj 2.75469  best 2.75469  step 0.0148  *
10:49:20     iter  39  obj 3.30714  best 3.30714  step 0.0148  *
10:49:22     iter  40  obj 3.34022  best 3.34022  step 0.0148  *
10:49:23      poisoned ce=0.13318 auc=0.9889 acc=0.9590 f1=0.9587  dce=+0.03991 dacc=-0.0060  k=3200  [94.9s]
10:49:23   -- trial run3_sub0
10:49:26     iter   0  obj -5.30326  best -5.30326  step 0.9500
10:49:28     iter   1  obj -0.28380  best -0.28380  step 0.9500  *
10:49:30     iter   2  obj -0.13317  best -0.13317  step 0.9500  *
10:49:33     iter   3  obj -0.25867  best -0.13317  step 0.9500
10:49:35     iter   4  obj -0.38031  best -0.13317  step 0.9500
10:49:37     iter   5  obj -0.77239  best -0.13317  step 0.9500
10:49:39     iter   6  obj -0.91390  best -0.13317  step 0.9500
10:49:42     iter   7  obj -0.46179  best -0.13317  step 0.9500
10:49:44     iter   8  obj -0.60191  best -0.13317  step 0.4750  halved
10:49:46     iter   9  obj -2.78649  best -0.13317  step 0.4750
10:49:48     iter  10  obj 0.04994  best 0.04994  step 0.4750  *
10:49:51     iter  11  obj 0.07414  best 0.07414  step 0.4750  *
10:49:53     iter  12  obj -0.03885  best 0.07414  step 0.4750
10:49:55     iter  13  obj -0.13481  best 0.07414  step 0.4750
10:49:58     iter  14  obj -0.01512  best 0.07414  step 0.4750
10:50:00     iter  15  obj -0.03702  best 0.07414  step 0.2375  halved
10:50:02     iter  16  obj -0.90369  best 0.07414  step 0.2375
10:50:04     iter  17  obj 0.14873  best 0.14873  step 0.2375  *
10:50:07     iter  18  obj 0.24872  best 0.24872  step 0.2375  *
10:50:09     iter  19  obj 0.12535  best 0.24872  step 0.2375
10:50:11     iter  20  obj 0.14802  best 0.24872  step 0.2375
10:50:14     iter  21  obj 0.03565  best 0.24872  step 0.1187  halved
10:50:16     iter  22  obj -0.16003  best 0.24872  step 0.1187
10:50:18     iter  23  obj 0.43281  best 0.43281  step 0.1187  *
10:50:20     iter  24  obj 0.28310  best 0.43281  step 0.1187
10:50:23     iter  25  obj 0.34057  best 0.43281  step 0.1187
10:50:25     iter  26  obj 0.34851  best 0.43281  step 0.0594  halved
10:50:27     iter  27  obj 0.14155  best 0.43281  step 0.0594
10:50:30     iter  28  obj 0.73014  best 0.73014  step 0.0594  *
10:50:32     iter  29  obj 0.75135  best 0.75135  step 0.0594  *
10:50:34     iter  30  obj 0.63301  best 0.75135  step 0.0297  halved
10:50:36     iter  31  obj 0.81053  best 0.81053  step 0.0297  *
10:50:39     iter  32  obj 1.81779  best 1.81779  step 0.0297  *
10:50:41     iter  33  obj 2.41358  best 2.41358  step 0.0297  *
10:50:43     iter  34  obj 1.51429  best 2.41358  step 0.0297
10:50:45     iter  35  obj 2.59955  best 2.59955  step 0.0148  *  halved
10:50:48     iter  36  obj 3.98525  best 3.98525  step 0.0148  *
10:50:50     iter  37  obj 4.61421  best 4.61421  step 0.0148  *
10:50:52     iter  38  obj 5.28101  best 5.28101  step 0.0148  *
10:50:55     iter  39  obj 5.64686  best 5.64686  step 0.0148  *
10:50:57     iter  40  obj 5.40642  best 5.64686  step 0.0148
10:50:58      poisoned ce=0.12623 auc=0.9886 acc=0.9610 f1=0.9602  dce=+0.03295 dacc=-0.0040  k=3200  [94.9s]
10:50:58   -- trial run3_sub1
10:51:01     iter   0  obj -5.12231  best -5.12231  step 0.9500
10:51:03     iter   1  obj -0.52064  best -0.52064  step 0.9500  *
10:51:05     iter   2  obj -0.27780  best -0.27780  step 0.9500  *
10:51:07     iter   3  obj -0.39585  best -0.27780  step 0.9500
10:51:10     iter   4  obj -0.41575  best -0.27780  step 0.9500
10:51:12     iter   5  obj -0.66703  best -0.27780  step 0.9500
10:51:14     iter   6  obj -1.58822  best -0.27780  step 0.9500
10:51:17     iter   7  obj -0.45538  best -0.27780  step 0.9500
10:51:19     iter   8  obj -0.53952  best -0.27780  step 0.4750  halved
10:51:21     iter   9  obj -3.23376  best -0.27780  step 0.4750
10:51:23     iter  10  obj 0.03332  best 0.03332  step 0.4750  *
10:51:26     iter  11  obj -0.00694  best 0.03332  step 0.4750
10:51:28     iter  12  obj -0.08801  best 0.03332  step 0.4750
10:51:30     iter  13  obj 0.02919  best 0.03332  step 0.4750
10:51:33     iter  14  obj 0.07262  best 0.07262  step 0.4750  *
10:51:35     iter  15  obj -0.09763  best 0.07262  step 0.2375  halved
10:51:37     iter  16  obj 0.06586  best 0.07262  step 0.2375
10:51:39     iter  17  obj 0.14298  best 0.14298  step 0.2375  *
10:51:42     iter  18  obj 0.13611  best 0.14298  step 0.2375
10:51:44     iter  19  obj 0.10576  best 0.14298  step 0.2375
10:51:46     iter  20  obj 0.08857  best 0.14298  step 0.2375
10:51:48     iter  21  obj 0.10248  best 0.14298  step 0.1187  halved
10:51:51     iter  22  obj -0.07946  best 0.14298  step 0.1187
10:51:53     iter  23  obj 0.24464  best 0.24464  step 0.1187  *
10:51:55     iter  24  obj 0.27939  best 0.27939  step 0.1187  *
10:51:58     iter  25  obj 0.21147  best 0.27939  step 0.1187
10:52:00     iter  26  obj 0.25984  best 0.27939  step 0.0594  halved
10:52:02     iter  27  obj 0.51151  best 0.51151  step 0.0594  *
10:52:04     iter  28  obj 0.53967  best 0.53967  step 0.0594  *
10:52:07     iter  29  obj 0.52470  best 0.53967  step 0.0594
10:52:09     iter  30  obj 0.52123  best 0.53967  step 0.0297  halved
10:52:11     iter  31  obj 1.13797  best 1.13797  step 0.0297  *
10:52:14     iter  32  obj 1.14053  best 1.14053  step 0.0297  *
10:52:16     iter  33  obj 1.14415  best 1.14415  step 0.0297  *
10:52:18     iter  34  obj 1.50692  best 1.50692  step 0.0297  *
10:52:20     iter  35  obj 1.48132  best 1.50692  step 0.0148  halved
10:52:23     iter  36  obj 1.96019  best 1.96019  step 0.0148  *
10:52:25     iter  37  obj 2.67958  best 2.67958  step 0.0148  *
10:52:27     iter  38  obj 3.64809  best 3.64809  step 0.0148  *
10:52:30     iter  39  obj 4.03258  best 4.03258  step 0.0148  *
10:52:32     iter  40  obj 4.95312  best 4.95312  step 0.0148  *
10:52:33      poisoned ce=0.12422 auc=0.9892 acc=0.9560 f1=0.9552  dce=+0.03094 dacc=-0.0090  k=3200  [94.9s]
10:52:33   -- trial run3_sub2
10:52:36     iter   0  obj -5.31660  best -5.31660  step 0.9500
10:52:38     iter   1  obj -0.56678  best -0.56678  step 0.9500  *
10:52:40     iter   2  obj -0.18207  best -0.18207  step 0.9500  *
10:52:42     iter   3  obj -0.19303  best -0.18207  step 0.9500
10:52:45     iter   4  obj -0.11017  best -0.11017  step 0.9500  *
10:52:47     iter   5  obj -0.10110  best -0.10110  step 0.9500  *
10:52:49     iter   6  obj -0.74860  best -0.10110  step 0.9500
10:52:51     iter   7  obj -1.38487  best -0.10110  step 0.9500
10:52:54     iter   8  obj -1.54534  best -0.10110  step 0.4750  halved
10:52:56     iter   9  obj -1.76036  best -0.10110  step 0.4750
10:52:58     iter  10  obj -0.03648  best -0.03648  step 0.4750  *
10:53:01     iter  11  obj -0.23144  best -0.03648  step 0.4750
10:53:03     iter  12  obj -0.20628  best -0.03648  step 0.4750
10:53:05     iter  13  obj -0.20969  best -0.03648  step 0.4750
10:53:07     iter  14  obj -0.33794  best -0.03648  step 0.4750
10:53:10     iter  15  obj -0.26186  best -0.03648  step 0.2375  halved
10:53:12     iter  16  obj -2.23640  best -0.03648  step 0.2375
10:53:14     iter  17  obj 0.04418  best 0.04418  step 0.2375  *
10:53:17     iter  18  obj -0.04289  best 0.04418  step 0.2375
10:53:19     iter  19  obj 0.04479  best 0.04479  step 0.2375  *
10:53:21     iter  20  obj -0.02973  best 0.04479  step 0.2375
10:53:23     iter  21  obj -0.16887  best 0.04479  step 0.1187  halved
10:53:26     iter  22  obj 0.24910  best 0.24910  step 0.1187  *
10:53:28     iter  23  obj 0.14599  best 0.24910  step 0.1187
10:53:30     iter  24  obj 0.17554  best 0.24910  step 0.1187
10:53:33     iter  25  obj 0.18969  best 0.24910  step 0.1187
10:53:35     iter  26  obj 0.13387  best 0.24910  step 0.0594  halved
10:53:37     iter  27  obj -0.26159  best 0.24910  step 0.0594
10:53:39     iter  28  obj 0.21323  best 0.24910  step 0.0594
10:53:42     iter  29  obj 0.25539  best 0.25539  step 0.0594  *
10:53:44     iter  30  obj 0.56719  best 0.56719  step 0.0297  *  halved
10:53:46     iter  31  obj 0.63387  best 0.63387  step 0.0297  *
10:53:48     iter  32  obj 0.79581  best 0.79581  step 0.0297  *
10:53:51     iter  33  obj 1.42166  best 1.42166  step 0.0297  *
10:53:53     iter  34  obj 1.46478  best 1.46478  step 0.0297  *
10:53:55     iter  35  obj 1.11161  best 1.46478  step 0.0148  halved
10:53:58     iter  36  obj 1.76294  best 1.76294  step 0.0148  *
10:54:00     iter  37  obj 2.16724  best 2.16724  step 0.0148  *
10:54:02     iter  38  obj 2.13370  best 2.16724  step 0.0148
10:54:04     iter  39  obj 2.58357  best 2.58357  step 0.0074  *  halved
10:54:07     iter  40  obj 3.24165  best 3.24165  step 0.0074  *
10:54:08      poisoned ce=0.12172 auc=0.9904 acc=0.9560 f1=0.9556  dce=+0.02844 dacc=-0.0090  k=3200  [94.9s]
10:54:08   -- trial run4_sub0
10:54:10     iter   0  obj -5.23612  best -5.23612  step 0.9500
10:54:13     iter   1  obj -0.75711  best -0.75711  step 0.9500  *
10:54:15     iter   2  obj -0.09432  best -0.09432  step 0.9500  *
10:54:17     iter   3  obj -0.42766  best -0.09432  step 0.9500
10:54:20     iter   4  obj -0.24598  best -0.09432  step 0.9500
10:54:22     iter   5  obj -0.22766  best -0.09432  step 0.9500
10:54:24     iter   6  obj -1.07122  best -0.09432  step 0.9500
10:54:26     iter   7  obj -0.60203  best -0.09432  step 0.9500
10:54:29     iter   8  obj -0.34115  best -0.09432  step 0.4750  halved
10:54:31     iter   9  obj -2.69866  best -0.09432  step 0.4750
10:54:33     iter  10  obj -0.01151  best -0.01151  step 0.4750  *
10:54:36     iter  11  obj -0.37533  best -0.01151  step 0.4750
10:54:38     iter  12  obj -0.13006  best -0.01151  step 0.4750
10:54:40     iter  13  obj 0.02854  best 0.02854  step 0.4750  *
10:54:42     iter  14  obj -0.00361  best 0.02854  step 0.4750
10:54:45     iter  15  obj 0.05771  best 0.05771  step 0.2375  *  halved
10:54:47     iter  16  obj 0.03997  best 0.05771  step 0.2375
10:54:49     iter  17  obj 0.02274  best 0.05771  step 0.2375
10:54:51     iter  18  obj -0.09695  best 0.05771  step 0.2375
10:54:54     iter  19  obj 0.08472  best 0.08472  step 0.2375  *
10:54:56     iter  20  obj 0.07052  best 0.08472  step 0.2375
10:54:58     iter  21  obj 0.08006  best 0.08472  step 0.1187  halved
10:55:01     iter  22  obj 0.22754  best 0.22754  step 0.1187  *
10:55:03     iter  23  obj 0.14984  best 0.22754  step 0.1187
10:55:05     iter  24  obj 0.29320  best 0.29320  step 0.1187  *
10:55:07     iter  25  obj 0.30319  best 0.30319  step 0.1187  *
10:55:10     iter  26  obj 0.26173  best 0.30319  step 0.0594  halved
10:55:12     iter  27  obj 0.45825  best 0.45825  step 0.0594  *
10:55:14     iter  28  obj 0.92962  best 0.92962  step 0.0594  *
10:55:17     iter  29  obj 0.94901  best 0.94901  step 0.0594  *
10:55:19     iter  30  obj 0.69423  best 0.94901  step 0.0297  halved
10:55:21     iter  31  obj 0.88832  best 0.94901  step 0.0297
10:55:23     iter  32  obj 1.25660  best 1.25660  step 0.0297  *
10:55:26     iter  33  obj 2.18052  best 2.18052  step 0.0297  *
10:55:28     iter  34  obj 2.07824  best 2.18052  step 0.0297
10:55:30     iter  35  obj 1.81995  best 2.18052  step 0.0148  halved
10:55:33     iter  36  obj 3.72051  best 3.72051  step 0.0148  *
10:55:35     iter  37  obj 2.76289  best 3.72051  step 0.0074  halved
10:55:37     iter  38  obj 3.60358  best 3.72051  step 0.0074
10:55:39     iter  39  obj 5.11262  best 5.11262  step 0.0074  *
10:55:42     iter  40  obj 5.17520  best 5.17520  step 0.0074  *
10:55:43      poisoned ce=0.12916 auc=0.9889 acc=0.9610 f1=0.9607  dce=+0.03588 dacc=-0.0040  k=3200  [94.9s]
10:55:43   -- trial run4_sub1
10:55:45     iter   0  obj -5.20101  best -5.20101  step 0.9500
10:55:48     iter   1  obj -0.40308  best -0.40308  step 0.9500  *
10:55:50     iter   2  obj -0.15637  best -0.15637  step 0.9500  *
10:55:52     iter   3  obj -0.28982  best -0.15637  step 0.9500
10:55:54     iter   4  obj -0.25165  best -0.15637  step 0.9500
10:55:57     iter   5  obj -0.22813  best -0.15637  step 0.9500
10:55:59     iter   6  obj -1.28817  best -0.15637  step 0.9500
10:56:01     iter   7  obj -0.41028  best -0.15637  step 0.9500
10:56:04     iter   8  obj -0.47301  best -0.15637  step 0.4750  halved
10:56:06     iter   9  obj -2.64670  best -0.15637  step 0.4750
10:56:08     iter  10  obj 0.00466  best 0.00466  step 0.4750  *
10:56:10     iter  11  obj 0.00268  best 0.00466  step 0.4750
10:56:13     iter  12  obj -0.16054  best 0.00466  step 0.4750
10:56:15     iter  13  obj -0.05695  best 0.00466  step 0.4750
10:56:17     iter  14  obj 0.04321  best 0.04321  step 0.4750  *
10:56:20     iter  15  obj -0.03276  best 0.04321  step 0.2375  halved
10:56:22     iter  16  obj 0.10117  best 0.10117  step 0.2375  *
10:56:24     iter  17  obj 0.08380  best 0.10117  step 0.2375
10:56:26     iter  18  obj 0.16017  best 0.16017  step 0.2375  *
10:56:29     iter  19  obj 0.06148  best 0.16017  step 0.2375
10:56:31     iter  20  obj 0.01779  best 0.16017  step 0.2375
10:56:33     iter  21  obj 0.12612  best 0.16017  step 0.1187  halved
10:56:36     iter  22  obj -0.15269  best 0.16017  step 0.1187
10:56:38     iter  23  obj 0.32663  best 0.32663  step 0.1187  *
10:56:40     iter  24  obj 0.27967  best 0.32663  step 0.1187
10:56:42     iter  25  obj 0.32530  best 0.32663  step 0.1187
10:56:45     iter  26  obj 0.34791  best 0.34791  step 0.0594  *  halved
10:56:47     iter  27  obj 0.58081  best 0.58081  step 0.0594  *
10:56:49     iter  28  obj 0.90996  best 0.90996  step 0.0594  *
10:56:51     iter  29  obj 0.51235  best 0.90996  step 0.0594
10:56:54     iter  30  obj 0.79183  best 0.90996  step 0.0297  halved
10:56:56     iter  31  obj 1.23068  best 1.23068  step 0.0297  *
10:56:58     iter  32  obj 1.69906  best 1.69906  step 0.0297  *
10:57:01     iter  33  obj 2.21213  best 2.21213  step 0.0297  *
10:57:03     iter  34  obj 2.81809  best 2.81809  step 0.0297  *
10:57:05     iter  35  obj 3.16823  best 3.16823  step 0.0297  *
10:57:07     iter  36  obj 3.26585  best 3.26585  step 0.0297  *
10:57:10     iter  37  obj 3.25149  best 3.26585  step 0.0148  halved
10:57:12     iter  38  obj 3.80040  best 3.80040  step 0.0148  *
10:57:14     iter  39  obj 3.66223  best 3.80040  step 0.0074  halved
10:57:17     iter  40  obj 4.29530  best 4.29530  step 0.0074  *
10:57:18      poisoned ce=0.12384 auc=0.9884 acc=0.9620 f1=0.9615  dce=+0.03057 dacc=-0.0030  k=3200  [94.9s]
10:57:18   -- trial run4_sub2
10:57:20     iter   0  obj -5.11209  best -5.11209  step 0.9500
10:57:23     iter   1  obj -0.86493  best -0.86493  step 0.9500  *
10:57:25     iter   2  obj -0.17025  best -0.17025  step 0.9500  *
10:57:27     iter   3  obj -0.10177  best -0.10177  step 0.9500  *
10:57:29     iter   4  obj -0.26711  best -0.10177  step 0.9500
10:57:32     iter   5  obj -0.32643  best -0.10177  step 0.9500
10:57:34     iter   6  obj -0.83940  best -0.10177  step 0.9500
10:57:36     iter   7  obj -0.82578  best -0.10177  step 0.9500
10:57:39     iter   8  obj -0.59765  best -0.10177  step 0.4750  halved
10:57:41     iter   9  obj -2.39507  best -0.10177  step 0.4750
10:57:43     iter  10  obj 0.02035  best 0.02035  step 0.4750  *
10:57:45     iter  11  obj 0.04540  best 0.04540  step 0.4750  *
10:57:48     iter  12  obj -0.16464  best 0.04540  step 0.4750
10:57:50     iter  13  obj -0.18371  best 0.04540  step 0.4750
10:57:52     iter  14  obj -0.05160  best 0.04540  step 0.4750
10:57:54     iter  15  obj -0.06242  best 0.04540  step 0.2375  halved
10:57:57     iter  16  obj -1.08646  best 0.04540  step 0.2375
10:57:59     iter  17  obj 0.07279  best 0.07279  step 0.2375  *
10:58:01     iter  18  obj 0.00334  best 0.07279  step 0.2375
10:58:04     iter  19  obj 0.07848  best 0.07848  step 0.2375  *
10:58:06     iter  20  obj 0.02575  best 0.07848  step 0.2375
10:58:08     iter  21  obj 0.10504  best 0.10504  step 0.1187  *  halved
10:58:10     iter  22  obj 0.10897  best 0.10897  step 0.1187  *
10:58:13     iter  23  obj 0.48093  best 0.48093  step 0.1187  *
10:58:15     iter  24  obj 0.30421  best 0.48093  step 0.1187
10:58:17     iter  25  obj 0.37232  best 0.48093  step 0.1187
10:58:20     iter  26  obj 0.55758  best 0.55758  step 0.1187  *
10:58:22     iter  27  obj 0.35232  best 0.55758  step 0.1187
10:58:24     iter  28  obj 0.19322  best 0.55758  step 0.1187
10:58:26     iter  29  obj 0.52382  best 0.55758  step 0.1187
10:58:29     iter  30  obj 0.84681  best 0.84681  step 0.0594  *  halved
10:58:31     iter  31  obj 0.67806  best 0.84681  step 0.0594
10:58:33     iter  32  obj 1.63282  best 1.63282  step 0.0594  *
10:58:36     iter  33  obj 1.61621  best 1.63282  step 0.0297  halved
10:58:38     iter  34  obj 2.30562  best 2.30562  step 0.0297  *
10:58:40     iter  35  obj 2.22149  best 2.30562  step 0.0148  halved
10:58:42     iter  36  obj 2.84367  best 2.84367  step 0.0148  *
10:58:45     iter  37  obj 4.00008  best 4.00008  step 0.0148  *
10:58:47     iter  38  obj 4.20771  best 4.20771  step 0.0148  *
10:58:49     iter  39  obj 4.91337  best 4.91337  step 0.0148  *
10:58:51     iter  40  obj 5.35477  best 5.35477  step 0.0148  *
10:58:53      poisoned ce=0.12715 auc=0.9890 acc=0.9550 f1=0.9550  dce=+0.03387 dacc=-0.0100  k=3200  [94.9s]
10:58:53   best trial run0_sub1: dce=+0.08879 dacc=-0.0240  -> context_poisoned.csv
10:58:53   per-run winners: run0<-sub1 (dce=+0.08879), run1<-sub1 (dce=+0.04101), run2<-sub2 (dce=+0.03991), run3<-sub0 (dce=+0.03295), run4<-sub0 (dce=+0.03588)
10:58:53   best-subsample-per-run, mean over 5 runs: dce=+0.04771 dacc=-0.0076 dauc=-0.0060  -> /home/ssn899/Desktop/TabFM/results/main_experiments/url_unique/x-capgd_random_r064
