03:47:55 [label-flip-ga] datasets/lcld_v2/splits/selected/natural/context_1000.csv (1000x28) -> datasets/lcld_v2/splits/test_attack_1000.csv (1000 of 1000)  k=300 (30.0%)  attack_class=None  grid 2x2  cuda:3
03:47:57   clean  ce=0.45120 auc=0.7175 acc=0.8020 f1=0.0917  max|dp| over 3 repeats=0.00e+00  chunking_exact=True  [1.0s]
03:47:57   GA: GAConfig(population=32, generations=20, elite=2, tournament=3, crossover_prob=0.9, mutation_rate=0.01, init_density_min=0.05, init_density_max=1.0, seed_full_parent=True, patience=8, batch_size=16, fitness_test_rows=None)
03:47:57   -- trial run0_sub0
03:48:01     gen   0  best 0.54442  mean 0.49093  best_so_far 0.54442  flips 300  evals 32
03:48:03     gen   1  best 0.54442  mean 0.52483  best_so_far 0.54442  flips 300  evals 61
03:48:06     gen   2  best 0.54459  mean 0.53559  best_so_far 0.54459  flips 296  evals 91
03:48:09     gen   3  best 0.54459  mean 0.53888  best_so_far 0.54459  flips 296  evals 121
03:48:12     gen   4  best 0.54501  mean 0.54074  best_so_far 0.54501  flips 292  evals 151
03:48:15     gen   5  best 0.54713  mean 0.54219  best_so_far 0.54713  flips 291  evals 180
03:48:17     gen   6  best 0.54910  mean 0.54261  best_so_far 0.54910  flips 289  evals 210
03:48:20     gen   7  best 0.54910  mean 0.54321  best_so_far 0.54910  flips 289  evals 240
03:48:23     gen   8  best 0.54910  mean 0.54416  best_so_far 0.54910  flips 289  evals 270
03:48:26     gen   9  best 0.55000  mean 0.54424  best_so_far 0.55000  flips 286  evals 299
03:48:29     gen  10  best 0.55000  mean 0.54488  best_so_far 0.55000  flips 286  evals 329
03:48:32     gen  11  best 0.55000  mean 0.54313  best_so_far 0.55000  flips 286  evals 359
03:48:34     gen  12  best 0.55000  mean 0.54441  best_so_far 0.55000  flips 286  evals 389
03:48:37     gen  13  best 0.55000  mean 0.54527  best_so_far 0.55000  flips 286  evals 419
03:48:40     gen  14  best 0.55360  mean 0.54516  best_so_far 0.55360  flips 278  evals 448
03:48:43     gen  15  best 0.55360  mean 0.54623  best_so_far 0.55360  flips 278  evals 477
03:48:46     gen  16  best 0.55360  mean 0.54739  best_so_far 0.55360  flips 278  evals 506
03:48:49     gen  17  best 0.55436  mean 0.54810  best_so_far 0.55436  flips 279  evals 536
03:48:51     gen  18  best 0.55593  mean 0.54991  best_so_far 0.55593  flips 279  evals 565
03:48:54     gen  19  best 0.55593  mean 0.55085  best_so_far 0.55593  flips 279  evals 595
03:48:57     gen  20  best 0.55631  mean 0.55136  best_so_far 0.55631  flips 279  evals 624
03:48:57      GA: 279/300 parent rows flipped, 624 evals, 20 generations; flip-whole-parent baseline dce=+0.09322 dacc=+0.0000
03:48:57      poisoned ce=0.55631 auc=0.6597 acc=0.8030 f1=0.0000  dce=+0.10512 dacc=+0.0010  k=279  [59.9s]
03:48:57   -- trial run0_sub1
03:49:01     gen   0  best 0.55257  mean 0.49556  best_so_far 0.55257  flips 296  evals 32
03:49:03     gen   1  best 0.55257  mean 0.53112  best_so_far 0.55257  flips 296  evals 61
03:49:06     gen   2  best 0.55600  mean 0.54407  best_so_far 0.55600  flips 290  evals 91
03:49:09     gen   3  best 0.55728  mean 0.54680  best_so_far 0.55728  flips 291  evals 121
03:49:12     gen   4  best 0.55790  mean 0.54862  best_so_far 0.55790  flips 290  evals 151
03:49:15     gen   5  best 0.55790  mean 0.55127  best_so_far 0.55790  flips 290  evals 181
03:49:18     gen   6  best 0.55790  mean 0.55265  best_so_far 0.55790  flips 290  evals 211
03:49:20     gen   7  best 0.55814  mean 0.55237  best_so_far 0.55814  flips 289  evals 241
03:49:23     gen   8  best 0.55833  mean 0.55327  best_so_far 0.55833  flips 283  evals 271
03:49:26     gen   9  best 0.56000  mean 0.55412  best_so_far 0.56000  flips 287  evals 300
03:49:29     gen  10  best 0.56000  mean 0.55428  best_so_far 0.56000  flips 287  evals 330
03:49:32     gen  11  best 0.56000  mean 0.55322  best_so_far 0.56000  flips 287  evals 360
03:49:35     gen  12  best 0.56000  mean 0.55377  best_so_far 0.56000  flips 287  evals 390
03:49:37     gen  13  best 0.56038  mean 0.55464  best_so_far 0.56038  flips 281  evals 420
03:49:40     gen  14  best 0.56038  mean 0.55555  best_so_far 0.56038  flips 281  evals 449
03:49:43     gen  15  best 0.56038  mean 0.55607  best_so_far 0.56038  flips 281  evals 479
03:49:46     gen  16  best 0.56337  mean 0.55592  best_so_far 0.56337  flips 278  evals 508
03:49:49     gen  17  best 0.56337  mean 0.55556  best_so_far 0.56337  flips 278  evals 538
03:49:52     gen  18  best 0.56337  mean 0.55698  best_so_far 0.56337  flips 278  evals 568
03:49:54     gen  19  best 0.56337  mean 0.55773  best_so_far 0.56337  flips 278  evals 598
03:49:57     gen  20  best 0.56337  mean 0.55878  best_so_far 0.56337  flips 278  evals 627
03:49:57      GA: 278/300 parent rows flipped, 627 evals, 20 generations; flip-whole-parent baseline dce=+0.09992 dacc=+0.0010
03:49:57      poisoned ce=0.56337 auc=0.6342 acc=0.8030 f1=0.0000  dce=+0.11217 dacc=+0.0010  k=278  [60.3s]
03:49:57   -- trial run1_sub0
03:50:01     gen   0  best 0.54442  mean 0.48029  best_so_far 0.54442  flips 300  evals 32
03:50:04     gen   1  best 0.54442  mean 0.49880  best_so_far 0.54442  flips 300  evals 61
03:50:06     gen   2  best 0.54442  mean 0.51634  best_so_far 0.54442  flips 300  evals 91
03:50:09     gen   3  best 0.54442  mean 0.52921  best_so_far 0.54442  flips 300  evals 121
03:50:12     gen   4  best 0.54442  mean 0.53358  best_so_far 0.54442  flips 300  evals 151
03:50:15     gen   5  best 0.54676  mean 0.53769  best_so_far 0.54676  flips 296  evals 181
03:50:18     gen   6  best 0.54676  mean 0.54097  best_so_far 0.54676  flips 296  evals 210
03:50:21     gen   7  best 0.54772  mean 0.54230  best_so_far 0.54772  flips 289  evals 239
03:50:23     gen   8  best 0.54772  mean 0.54295  best_so_far 0.54772  flips 289  evals 269
03:50:26     gen   9  best 0.54991  mean 0.54425  best_so_far 0.54991  flips 289  evals 299
03:50:29     gen  10  best 0.54991  mean 0.54442  best_so_far 0.54991  flips 289  evals 329
03:50:32     gen  11  best 0.54991  mean 0.54454  best_so_far 0.54991  flips 289  evals 359
03:50:35     gen  12  best 0.55001  mean 0.54576  best_so_far 0.55001  flips 283  evals 389
03:50:38     gen  13  best 0.55001  mean 0.54527  best_so_far 0.55001  flips 283  evals 419
03:50:41     gen  14  best 0.55001  mean 0.54597  best_so_far 0.55001  flips 283  evals 449
03:50:43     gen  15  best 0.55171  mean 0.54625  best_so_far 0.55171  flips 284  evals 479
03:50:46     gen  16  best 0.55333  mean 0.54682  best_so_far 0.55333  flips 285  evals 509
03:50:49     gen  17  best 0.55387  mean 0.54798  best_so_far 0.55387  flips 283  evals 539
03:50:52     gen  18  best 0.55458  mean 0.54867  best_so_far 0.55458  flips 274  evals 569
03:50:55     gen  19  best 0.55553  mean 0.55013  best_so_far 0.55553  flips 277  evals 599
03:50:58     gen  20  best 0.55553  mean 0.55006  best_so_far 0.55553  flips 277  evals 629
03:50:58      GA: 277/300 parent rows flipped, 629 evals, 20 generations; flip-whole-parent baseline dce=+0.09322 dacc=+0.0000
03:50:58      poisoned ce=0.55553 auc=0.6456 acc=0.8030 f1=0.0000  dce=+0.10434 dacc=+0.0010  k=277  [60.4s]
03:50:58   -- trial run1_sub1
03:51:01     gen   0  best 0.55111  mean 0.48305  best_so_far 0.55111  flips 300  evals 32
03:51:04     gen   1  best 0.55111  mean 0.50284  best_so_far 0.55111  flips 300  evals 61
03:51:07     gen   2  best 0.55111  mean 0.52029  best_so_far 0.55111  flips 300  evals 91
03:51:10     gen   3  best 0.55111  mean 0.53350  best_so_far 0.55111  flips 300  evals 121
03:51:13     gen   4  best 0.55164  mean 0.54132  best_so_far 0.55164  flips 299  evals 151
03:51:15     gen   5  best 0.55469  mean 0.54490  best_so_far 0.55469  flips 288  evals 181
03:51:18     gen   6  best 0.55572  mean 0.54925  best_so_far 0.55572  flips 287  evals 210
03:51:21     gen   7  best 0.55725  mean 0.55106  best_so_far 0.55725  flips 288  evals 240
03:51:24     gen   8  best 0.56010  mean 0.55165  best_so_far 0.56010  flips 288  evals 270
03:51:27     gen   9  best 0.56010  mean 0.55280  best_so_far 0.56010  flips 288  evals 300
03:51:30     gen  10  best 0.56013  mean 0.55531  best_so_far 0.56013  flips 283  evals 330
03:51:32     gen  11  best 0.56013  mean 0.55574  best_so_far 0.56013  flips 283  evals 360
03:51:35     gen  12  best 0.56086  mean 0.55529  best_so_far 0.56086  flips 281  evals 390
03:51:38     gen  13  best 0.56095  mean 0.55633  best_so_far 0.56095  flips 278  evals 420
03:51:41     gen  14  best 0.56210  mean 0.55821  best_so_far 0.56210  flips 281  evals 450
03:51:44     gen  15  best 0.56230  mean 0.55899  best_so_far 0.56230  flips 276  evals 480
03:51:47     gen  16  best 0.56344  mean 0.55958  best_so_far 0.56344  flips 274  evals 510
03:51:50     gen  17  best 0.56344  mean 0.55955  best_so_far 0.56344  flips 274  evals 540
03:51:52     gen  18  best 0.56495  mean 0.56014  best_so_far 0.56495  flips 270  evals 570
03:51:55     gen  19  best 0.56741  mean 0.56031  best_so_far 0.56741  flips 267  evals 599
03:51:58     gen  20  best 0.56741  mean 0.56062  best_so_far 0.56741  flips 267  evals 629
03:51:58      GA: 267/300 parent rows flipped, 629 evals, 20 generations; flip-whole-parent baseline dce=+0.09992 dacc=+0.0010
03:51:58      poisoned ce=0.56741 auc=0.6045 acc=0.8030 f1=0.0000  dce=+0.11622 dacc=+0.0010  k=267  [60.5s]
03:51:58   mean over 4 trials: dce=+0.10946 dacc=+0.0010 dauc=-0.0815  -> results/ga_smoke/lcld_v2_ga
