06:09:05 [x-capgd] datasets/url_unique/splits/selected/natural/context_5000.csv (5000x63) -> datasets/url_unique/splits/test_attack_1000.csv (1000 of 1000)  k=1500 (30.0%)  attack_class=None  grid 1x1  cuda:1
06:09:10   clean  ce=0.09328 auc=0.9935 acc=0.9650 f1=0.9644  max|dp| over 3 repeats=0.00e+00  chunking_exact=True  [3.2s]
06:09:10   constraints=full (14 relations, dataset 'url_unique')  scaler=metadata  mutable 63/63  int 58  cat 0
06:09:10   -- trial run0_sub0
06:09:12     iter   0  obj 0.09328  best 0.09328  step 0.9500
06:09:14     iter   1  obj -0.30871  best 0.09328  step 0.9500
06:09:16     iter   2  obj 0.06861  best 0.09328  step 0.9500
06:09:19     iter   3  obj 0.08756  best 0.09328  step 0.9500
06:09:21     iter   4  obj 0.09218  best 0.09328  step 0.9500
06:09:23     iter   5  obj 0.08133  best 0.09328  step 0.9500
06:09:25     iter   6  obj 0.05577  best 0.09328  step 0.9500
06:09:27     iter   7  obj 0.01315  best 0.09328  step 0.9500
06:09:29     iter   8  obj 0.05823  best 0.09328  step 0.9500
06:09:32     iter   9  obj 0.06877  best 0.09328  step 0.9500
06:09:34     iter  10  obj 0.05823  best 0.09328  step 0.9500
06:09:36     iter  11  obj 0.06571  best 0.09328  step 0.9500
06:09:38     iter  12  obj 0.07814  best 0.09328  step 0.9500
06:09:40     iter  13  obj 0.03799  best 0.09328  step 0.9500
06:09:43     iter  14  obj 0.05716  best 0.09328  step 0.9500
06:09:45     iter  15  obj 0.05965  best 0.09328  step 0.9500
06:09:47     iter  16  obj 0.07913  best 0.09328  step 0.9500
06:09:49     iter  17  obj 0.05786  best 0.09328  step 0.9500
06:09:51     iter  18  obj 0.08278  best 0.09328  step 0.9500
06:09:54     iter  19  obj 0.06776  best 0.09328  step 0.9500
06:09:56     iter  20  obj 0.05220  best 0.09328  step 0.9500
06:09:58     iter  21  obj 0.06371  best 0.09328  step 0.9500
06:10:00     iter  22  obj 0.06032  best 0.09328  step 0.4750  halved
06:10:02     iter  23  obj -0.25263  best 0.09328  step 0.4750
06:10:04     iter  24  obj 0.04387  best 0.09328  step 0.4750
06:10:07     iter  25  obj 0.09683  best 0.09683  step 0.4750  *
06:10:09     iter  26  obj 0.09538  best 0.09683  step 0.4750
06:10:11     iter  27  obj 0.10479  best 0.10479  step 0.4750  *
06:10:13     iter  28  obj 0.09770  best 0.10479  step 0.4750
06:10:15     iter  29  obj 0.09379  best 0.10479  step 0.4750
06:10:18     iter  30  obj 0.11541  best 0.11541  step 0.4750  *
06:10:20     iter  31  obj 0.11594  best 0.11594  step 0.4750  *
06:10:22     iter  32  obj 0.12192  best 0.12192  step 0.4750  *
06:10:24     iter  33  obj 0.11450  best 0.12192  step 0.4750
06:10:26     iter  34  obj 0.09196  best 0.12192  step 0.4750
06:10:29     iter  35  obj 0.08833  best 0.12192  step 0.4750
06:10:31     iter  36  obj 0.06130  best 0.12192  step 0.4750
06:10:33     iter  37  obj 0.05805  best 0.12192  step 0.4750
06:10:35     iter  38  obj 0.09612  best 0.12192  step 0.4750
06:10:37     iter  39  obj 0.08797  best 0.12192  step 0.4750
06:10:40     iter  40  obj 0.10510  best 0.12192  step 0.4750
06:10:42     iter  41  obj 0.08910  best 0.12192  step 0.2375  halved
06:10:44     iter  42  obj -0.07577  best 0.12192  step 0.2375
06:10:46     iter  43  obj 0.09410  best 0.12192  step 0.2375
06:10:48     iter  44  obj 0.13582  best 0.13582  step 0.2375  *
06:10:50     iter  45  obj 0.14021  best 0.14021  step 0.2375  *
06:10:53     iter  46  obj 0.14881  best 0.14881  step 0.2375  *
06:10:55     iter  47  obj 0.14370  best 0.14881  step 0.2375
06:10:57     iter  48  obj 0.14951  best 0.14951  step 0.2375  *
06:10:59     iter  49  obj 0.13915  best 0.14951  step 0.2375
06:11:01     iter  50  obj 0.14748  best 0.14951  step 0.2375
06:11:04     iter  51  obj 0.15285  best 0.15285  step 0.2375  *
06:11:06     iter  52  obj 0.13114  best 0.15285  step 0.2375
06:11:08     iter  53  obj 0.15791  best 0.15791  step 0.2375  *
06:11:10     iter  54  obj 0.15853  best 0.15853  step 0.2375  *
06:11:12     iter  55  obj 0.15551  best 0.15853  step 0.2375
06:11:15     iter  56  obj 0.17906  best 0.17906  step 0.2375  *
06:11:17     iter  57  obj 0.13598  best 0.17906  step 0.1188  halved
06:11:19     iter  58  obj 0.16619  best 0.17906  step 0.1188
06:11:21     iter  59  obj 0.22083  best 0.22083  step 0.1188  *
06:11:23     iter  60  obj 0.17259  best 0.22083  step 0.1188
06:11:26     iter  61  obj 0.20296  best 0.22083  step 0.1188
06:11:28     iter  62  obj 0.25904  best 0.25904  step 0.1188  *
06:11:30     iter  63  obj 0.29290  best 0.29290  step 0.1188  *
06:11:32     iter  64  obj 0.30509  best 0.30509  step 0.1188  *
06:11:34     iter  65  obj 0.24544  best 0.30509  step 0.1188
06:11:36     iter  66  obj 0.44715  best 0.44715  step 0.1188  *
06:11:39     iter  67  obj 0.48755  best 0.48755  step 0.1188  *
06:11:41     iter  68  obj 0.42955  best 0.48755  step 0.1188
06:11:43     iter  69  obj 0.47203  best 0.48755  step 0.1188
06:11:45     iter  70  obj 0.42793  best 0.48755  step 0.0594  halved
06:11:47     iter  71  obj 0.39413  best 0.48755  step 0.0594
06:11:50     iter  72  obj 0.68476  best 0.68476  step 0.0594  *
06:11:52     iter  73  obj 0.75221  best 0.75221  step 0.0594  *
06:11:54     iter  74  obj 0.85403  best 0.85403  step 0.0594  *
06:11:56     iter  75  obj 0.91268  best 0.91268  step 0.0594  *
06:11:58     iter  76  obj 1.05385  best 1.05385  step 0.0594  *
06:12:01     iter  77  obj 1.05470  best 1.05470  step 0.0594  *
06:12:03     iter  78  obj 0.87269  best 1.05470  step 0.0594
06:12:05     iter  79  obj 0.98130  best 1.05470  step 0.0594
06:12:07     iter  80  obj 1.30937  best 1.30937  step 0.0594  *
06:12:09     iter  81  obj 1.39261  best 1.39261  step 0.0594  *
06:12:12     iter  82  obj 1.60154  best 1.60154  step 0.0594  *
06:12:14     iter  83  obj 1.44006  best 1.60154  step 0.0594
06:12:16     iter  84  obj 1.86681  best 1.86681  step 0.0594  *
06:12:18     iter  85  obj 1.87142  best 1.87142  step 0.0594  *
06:12:20     iter  86  obj 2.16624  best 2.16624  step 0.0594  *
06:12:22     iter  87  obj 2.02388  best 2.16624  step 0.0297  halved
06:12:25     iter  88  obj 2.19961  best 2.19961  step 0.0297  *
06:12:27     iter  89  obj 2.99397  best 2.99397  step 0.0297  *
06:12:29     iter  90  obj 3.34739  best 3.34739  step 0.0297  *
06:12:31     iter  91  obj 4.08281  best 4.08281  step 0.0297  *
06:12:33     iter  92  obj 3.85472  best 4.08281  step 0.0297
06:12:36     iter  93  obj 4.70850  best 4.70850  step 0.0297  *
06:12:38     iter  94  obj 4.48791  best 4.70850  step 0.0297
06:12:40     iter  95  obj 4.75227  best 4.75227  step 0.0297  *
06:12:42     iter  96  obj 4.64426  best 4.75227  step 0.0297
06:12:44     iter  97  obj 5.34081  best 5.34081  step 0.0297  *
06:12:47     iter  98  obj 5.12329  best 5.34081  step 0.0297
06:12:49     iter  99  obj 5.72762  best 5.72762  step 0.0148  *  halved
06:12:51     iter 100  obj 6.83697  best 6.83697  step 0.0148  *
06:12:52      poisoned ce=0.12207 auc=0.9903 acc=0.9640 f1=0.9636  dce=+0.02880 dacc=-0.0010  k=1500  [222.0s]
06:12:52   mean over 1 trials: dce=+0.02880 dacc=-0.0010 dauc=-0.0032  -> results/lambda_url_be/url_unique_lam0.1_rs3
