22:07:25 [x-capgd] /home/ssn899/Desktop/TabFM/datasets/wids/splits/selected/natural/context_5000.csv (5000x108) -> /home/ssn899/Desktop/TabFM/datasets/wids/splits/test_attack_1000.csv (1000 of 1000)  k=50 (1.0%)  attack_class=None  grid 5x3  cuda:3
22:07:31   clean  ce=0.20899 auc=0.8795 acc=0.9250 f1=0.4361  max|dp| over 3 repeats=0.00e+00  chunking_exact=True  [4.9s]
22:07:31   constraints=full (31 relations, dataset 'wids')  scaler=metadata  mutable 108/108  int 60  cat 9
22:07:31   -- trial run0_sub0
22:07:35     iter   0  obj 0.20899  best 0.20899  step 0.9500
22:07:38     iter   1  obj -6.31396  best 0.20899  step 0.9500
22:07:42     iter   2  obj 0.20563  best 0.20899  step 0.9500
22:07:46     iter   3  obj -0.06392  best 0.20899  step 0.9500
22:07:49     iter   4  obj -0.01259  best 0.20899  step 0.9500
22:07:53     iter   5  obj 0.00048  best 0.20899  step 0.9500
22:07:57     iter   6  obj -0.35763  best 0.20899  step 0.9500
22:08:00     iter   7  obj -2.25804  best 0.20899  step 0.9500
22:08:04     iter   8  obj 0.02904  best 0.20899  step 0.4750  halved
22:08:07     iter   9  obj -11.99813  best 0.20899  step 0.4750
22:08:11     iter  10  obj -1.14687  best 0.20899  step 0.4750
22:08:15     iter  11  obj -0.08936  best 0.20899  step 0.4750
22:08:18     iter  12  obj -0.09141  best 0.20899  step 0.4750
22:08:22     iter  13  obj 0.03228  best 0.20899  step 0.4750
22:08:26     iter  14  obj 0.02189  best 0.20899  step 0.4750
22:08:29     iter  15  obj 0.11043  best 0.20899  step 0.2375  halved
22:08:33     iter  16  obj -22.97568  best 0.20899  step 0.2375
22:08:37     iter  17  obj -1.68624  best 0.20899  step 0.2375
22:08:40     iter  18  obj 0.03218  best 0.20899  step 0.2375
22:08:44     iter  19  obj 0.06411  best 0.20899  step 0.2375
22:08:48     iter  20  obj 0.17742  best 0.20899  step 0.2375
22:08:51     iter  21  obj 0.19994  best 0.20899  step 0.2375
22:08:55     iter  22  obj -0.07879  best 0.20899  step 0.2375
22:08:59     iter  23  obj 0.05046  best 0.20899  step 0.2375
22:09:02     iter  24  obj -0.15726  best 0.20899  step 0.2375
22:09:06     iter  25  obj 0.16433  best 0.20899  step 0.2375
22:09:10     iter  26  obj 0.20485  best 0.20899  step 0.1187  halved
22:09:13     iter  27  obj -23.46230  best 0.20899  step 0.1187
22:09:17     iter  28  obj -2.74660  best 0.20899  step 0.1187
22:09:21     iter  29  obj -0.22720  best 0.20899  step 0.1187
22:09:24     iter  30  obj 0.15913  best 0.20899  step 0.0594  halved
22:09:28     iter  31  obj -9.85604  best 0.20899  step 0.0594
22:09:32     iter  32  obj -0.38718  best 0.20899  step 0.0594
22:09:35     iter  33  obj 0.18018  best 0.20899  step 0.0297  halved
22:09:39     iter  34  obj -3.13435  best 0.20899  step 0.0297
22:09:43     iter  35  obj 0.17614  best 0.20899  step 0.0148  halved
22:09:46     iter  36  obj 0.16190  best 0.20899  step 0.0148
22:09:50     iter  37  obj 0.20945  best 0.20945  step 0.0074  *  halved
22:09:54     iter  38  obj 0.18025  best 0.20945  step 0.0074
22:09:58     iter  39  obj 0.20175  best 0.20945  step 0.0037  halved
22:10:01     iter  40  obj 0.20992  best 0.20992  step 0.0037  *
22:10:04      poisoned ce=0.20930 auc=0.8790 acc=0.9250 f1=0.4361  dce=+0.00031 dacc=+0.0000  k=50  [152.4s]
22:10:04   -- trial run0_sub1
22:10:07     iter   0  obj -0.33101  best -0.33101  step 0.9500
22:10:11     iter   1  obj -6.83796  best -0.33101  step 0.9500
22:10:15     iter   2  obj -0.17601  best -0.17601  step 0.9500  *
22:10:18     iter   3  obj -0.08080  best -0.08080  step 0.9500  *
22:10:22     iter   4  obj -0.80095  best -0.08080  step 0.9500
22:10:26     iter   5  obj -1.08637  best -0.08080  step 0.9500
22:10:29     iter   6  obj -1.96100  best -0.08080  step 0.9500
22:10:33     iter   7  obj -2.93762  best -0.08080  step 0.9500
22:10:37     iter   8  obj -0.32185  best -0.08080  step 0.4750  halved
22:10:40     iter   9  obj -11.74850  best -0.08080  step 0.4750
22:10:44     iter  10  obj -0.13664  best -0.08080  step 0.4750
22:10:48     iter  11  obj -0.10065  best -0.08080  step 0.4750
22:10:52     iter  12  obj -0.29059  best -0.08080  step 0.4750
22:10:55     iter  13  obj -1.47717  best -0.08080  step 0.4750
22:10:59     iter  14  obj -0.94356  best -0.08080  step 0.4750
22:11:03     iter  15  obj -0.62498  best -0.08080  step 0.2375  halved
22:11:06     iter  16  obj -7.23257  best -0.08080  step 0.2375
22:11:10     iter  17  obj -0.44846  best -0.08080  step 0.2375
22:11:14     iter  18  obj 0.01642  best 0.01642  step 0.2375  *
22:11:17     iter  19  obj -0.88489  best 0.01642  step 0.2375
22:11:21     iter  20  obj 0.07137  best 0.07137  step 0.2375  *
22:11:25     iter  21  obj -0.05318  best 0.07137  step 0.1187  halved
22:11:29     iter  22  obj 0.03011  best 0.07137  step 0.1187
22:11:32     iter  23  obj 0.02698  best 0.07137  step 0.1187
22:11:36     iter  24  obj 0.01121  best 0.07137  step 0.1187
22:11:40     iter  25  obj -0.00608  best 0.07137  step 0.1187
22:11:43     iter  26  obj -0.00964  best 0.07137  step 0.0594  halved
22:11:47     iter  27  obj -0.17057  best 0.07137  step 0.0594
22:11:51     iter  28  obj 0.05488  best 0.07137  step 0.0594
22:11:54     iter  29  obj 0.05026  best 0.07137  step 0.0594
22:11:58     iter  30  obj 0.07384  best 0.07384  step 0.0297  *  halved
22:12:02     iter  31  obj 0.05675  best 0.07384  step 0.0297
22:12:05     iter  32  obj 0.06721  best 0.07384  step 0.0297
22:12:09     iter  33  obj 0.07663  best 0.07663  step 0.0148  *  halved
22:12:13     iter  34  obj 0.07564  best 0.07663  step 0.0148
22:12:17     iter  35  obj 0.07088  best 0.07663  step 0.0074  halved
22:12:20     iter  36  obj 0.07643  best 0.07663  step 0.0074
22:12:24     iter  37  obj 0.07419  best 0.07663  step 0.0037  halved
22:12:28     iter  38  obj 0.07798  best 0.07798  step 0.0037  *
22:12:31     iter  39  obj 0.07872  best 0.07872  step 0.0037  *
22:12:35     iter  40  obj 0.07583  best 0.07872  step 0.0037
22:12:37      poisoned ce=0.21086 auc=0.8773 acc=0.9250 f1=0.4361  dce=+0.00187 dacc=+0.0000  k=50  [153.9s]
22:12:37   -- trial run0_sub2
22:12:41     iter   0  obj -1.03101  best -1.03101  step 0.9500
22:12:45     iter   1  obj -6.68761  best -1.03101  step 0.9500
22:12:48     iter   2  obj 0.15675  best 0.15675  step 0.9500  *
22:12:52     iter   3  obj -1.13387  best 0.15675  step 0.9500
22:12:56     iter   4  obj -0.16649  best 0.15675  step 0.9500
22:13:00     iter   5  obj -0.35607  best 0.15675  step 0.9500
22:13:03     iter   6  obj -0.68116  best 0.15675  step 0.9500
22:13:07     iter   7  obj -1.91924  best 0.15675  step 0.9500
22:13:11     iter   8  obj 0.13934  best 0.15675  step 0.4750  halved
22:13:14     iter   9  obj -9.95178  best 0.15675  step 0.4750
22:13:18     iter  10  obj -0.08339  best 0.15675  step 0.4750
22:13:22     iter  11  obj -0.39622  best 0.15675  step 0.4750
22:13:25     iter  12  obj 0.13984  best 0.15675  step 0.4750
22:13:29     iter  13  obj -0.04005  best 0.15675  step 0.4750
22:13:33     iter  14  obj 0.13923  best 0.15675  step 0.4750
22:13:37     iter  15  obj -0.04529  best 0.15675  step 0.2375  halved
22:13:40     iter  16  obj -5.23483  best 0.15675  step 0.2375
22:13:44     iter  17  obj -0.09984  best 0.15675  step 0.2375
22:13:48     iter  18  obj 0.17790  best 0.17790  step 0.2375  *
22:13:51     iter  19  obj 0.14483  best 0.17790  step 0.2375
22:13:55     iter  20  obj 0.03593  best 0.17790  step 0.2375
22:13:59     iter  21  obj -0.03121  best 0.17790  step 0.1187  halved
22:14:02     iter  22  obj 0.16590  best 0.17790  step 0.1187
22:14:06     iter  23  obj 0.17247  best 0.17790  step 0.1187
22:14:10     iter  24  obj 0.16918  best 0.17790  step 0.1187
22:14:14     iter  25  obj 0.20474  best 0.20474  step 0.1187  *
22:14:17     iter  26  obj 0.17475  best 0.20474  step 0.0594  halved
22:14:21     iter  27  obj 0.20758  best 0.20758  step 0.0594  *
22:14:25     iter  28  obj 0.20704  best 0.20758  step 0.0594
22:14:28     iter  29  obj 0.21109  best 0.21109  step 0.0594  *
22:14:32     iter  30  obj 0.20918  best 0.21109  step 0.0297  halved
22:14:36     iter  31  obj 0.21467  best 0.21467  step 0.0297  *
22:14:39     iter  32  obj 0.20937  best 0.21467  step 0.0297
22:14:43     iter  33  obj 0.21417  best 0.21467  step 0.0148  halved
22:14:47     iter  34  obj 0.21433  best 0.21467  step 0.0148
22:14:51     iter  35  obj 0.21545  best 0.21545  step 0.0148  *
22:14:54     iter  36  obj 0.21499  best 0.21545  step 0.0148
22:14:58     iter  37  obj 0.21305  best 0.21545  step 0.0074  halved
22:15:02     iter  38  obj 0.21595  best 0.21595  step 0.0074  *
22:15:05     iter  39  obj 0.21583  best 0.21595  step 0.0037  halved
22:15:09     iter  40  obj 0.21530  best 0.21595  step 0.0037
22:15:11      poisoned ce=0.21221 auc=0.8754 acc=0.9250 f1=0.4361  dce=+0.00322 dacc=+0.0000  k=50  [154.0s]
22:15:11   -- trial run1_sub0
22:15:15     iter   0  obj -24.76512  best -24.76512  step 0.9500
22:15:19     iter   1  obj -0.01278  best -0.01278  step 0.9500  *
22:15:23     iter   2  obj 0.17797  best 0.17797  step 0.9500  *
22:15:26     iter   3  obj 0.15781  best 0.17797  step 0.9500
22:15:30     iter   4  obj -0.30355  best 0.17797  step 0.9500
22:15:34     iter   5  obj -0.22680  best 0.17797  step 0.9500
22:15:38     iter   6  obj -2.18187  best 0.17797  step 0.9500
22:15:42     iter   7  obj 0.00301  best 0.17797  step 0.9500
22:15:45     iter   8  obj -0.01645  best 0.17797  step 0.4750  halved
22:15:49     iter   9  obj -10.19502  best 0.17797  step 0.4750
22:15:53     iter  10  obj -0.18632  best 0.17797  step 0.4750
22:15:57     iter  11  obj 0.19963  best 0.19963  step 0.4750  *
22:16:00     iter  12  obj 0.19112  best 0.19963  step 0.4750
22:16:04     iter  13  obj -0.15677  best 0.19963  step 0.4750
22:16:08     iter  14  obj -0.21810  best 0.19963  step 0.4750
22:16:12     iter  15  obj 0.12900  best 0.19963  step 0.2375  halved
22:16:16     iter  16  obj -1.43157  best 0.19963  step 0.2375
22:16:19     iter  17  obj 0.15559  best 0.19963  step 0.2375
22:16:23     iter  18  obj 0.17175  best 0.19963  step 0.2375
22:16:27     iter  19  obj 0.12918  best 0.19963  step 0.2375
22:16:31     iter  20  obj -0.05665  best 0.19963  step 0.2375
22:16:34     iter  21  obj 0.15274  best 0.19963  step 0.1187  halved
22:16:38     iter  22  obj -0.69473  best 0.19963  step 0.1187
22:16:42     iter  23  obj 0.16737  best 0.19963  step 0.1187
22:16:46     iter  24  obj 0.18154  best 0.19963  step 0.1187
22:16:49     iter  25  obj 0.21138  best 0.21138  step 0.1187  *
22:16:53     iter  26  obj 0.21029  best 0.21138  step 0.0594  halved
22:16:57     iter  27  obj 0.21118  best 0.21138  step 0.0594
22:17:01     iter  28  obj 0.21337  best 0.21337  step 0.0594  *
22:17:04     iter  29  obj 0.21297  best 0.21337  step 0.0594
22:17:08     iter  30  obj 0.20068  best 0.21337  step 0.0297  halved
22:17:12     iter  31  obj 0.21325  best 0.21337  step 0.0297
22:17:16     iter  32  obj 0.21359  best 0.21359  step 0.0297  *
22:17:20     iter  33  obj 0.21433  best 0.21433  step 0.0297  *
22:17:23     iter  34  obj 0.19902  best 0.21433  step 0.0297
22:17:27     iter  35  obj 0.20530  best 0.21433  step 0.0148  halved
22:17:31     iter  36  obj 0.21254  best 0.21433  step 0.0148
22:17:35     iter  37  obj 0.21484  best 0.21484  step 0.0148  *
22:17:38     iter  38  obj 0.21450  best 0.21484  step 0.0148
22:17:42     iter  39  obj 0.21157  best 0.21484  step 0.0074  halved
22:17:46     iter  40  obj 0.21588  best 0.21588  step 0.0074  *
22:17:48      poisoned ce=0.21169 auc=0.8769 acc=0.9250 f1=0.4361  dce=+0.00270 dacc=+0.0000  k=50  [156.9s]
22:17:48   -- trial run1_sub1
22:17:52     iter   0  obj -34.84635  best -34.84635  step 0.9500
22:17:56     iter   1  obj -0.48001  best -0.48001  step 0.9500  *
22:18:00     iter   2  obj -0.07843  best -0.07843  step 0.9500  *
22:18:03     iter   3  obj -0.36385  best -0.07843  step 0.9500
22:18:07     iter   4  obj -0.95115  best -0.07843  step 0.9500
22:18:11     iter   5  obj -0.80325  best -0.07843  step 0.9500
22:18:15     iter   6  obj -3.86092  best -0.07843  step 0.9500
22:18:18     iter   7  obj -0.11256  best -0.07843  step 0.9500
22:18:22     iter   8  obj -0.35580  best -0.07843  step 0.4750  halved
22:18:26     iter   9  obj -10.63810  best -0.07843  step 0.4750
22:18:30     iter  10  obj -0.16577  best -0.07843  step 0.4750
22:18:34     iter  11  obj -0.39649  best -0.07843  step 0.4750
22:18:37     iter  12  obj -0.45798  best -0.07843  step 0.4750
22:18:41     iter  13  obj -0.27834  best -0.07843  step 0.4750
22:18:45     iter  14  obj -0.71565  best -0.07843  step 0.4750
22:18:49     iter  15  obj -0.61701  best -0.07843  step 0.2375  halved
22:18:52     iter  16  obj -7.36580  best -0.07843  step 0.2375
22:18:56     iter  17  obj -0.72464  best -0.07843  step 0.2375
22:19:00     iter  18  obj -0.78569  best -0.07843  step 0.2375
22:19:04     iter  19  obj -0.34301  best -0.07843  step 0.2375
22:19:07     iter  20  obj 0.02060  best 0.02060  step 0.2375  *
22:19:11     iter  21  obj -0.14001  best 0.02060  step 0.1187  halved
22:19:15     iter  22  obj 0.02353  best 0.02353  step 0.1187  *
22:19:19     iter  23  obj -0.09744  best 0.02353  step 0.1187
22:19:23     iter  24  obj 0.00249  best 0.02353  step 0.1187
22:19:26     iter  25  obj 0.03686  best 0.03686  step 0.1187  *
22:19:30     iter  26  obj -0.13558  best 0.03686  step 0.0594  halved
22:19:34     iter  27  obj -0.00242  best 0.03686  step 0.0594
22:19:38     iter  28  obj 0.05605  best 0.05605  step 0.0594  *
22:19:41     iter  29  obj 0.04572  best 0.05605  step 0.0594
22:19:45     iter  30  obj 0.03610  best 0.05605  step 0.0297  halved
22:19:49     iter  31  obj 0.07049  best 0.07049  step 0.0297  *
22:19:53     iter  32  obj 0.06656  best 0.07049  step 0.0297
22:19:56     iter  33  obj 0.07104  best 0.07104  step 0.0148  *  halved
22:20:00     iter  34  obj 0.07288  best 0.07288  step 0.0148  *
22:20:04     iter  35  obj 0.07379  best 0.07379  step 0.0148  *
22:20:08     iter  36  obj 0.06345  best 0.07379  step 0.0148
22:20:12     iter  37  obj 0.07200  best 0.07379  step 0.0074  halved
22:20:15     iter  38  obj 0.07405  best 0.07405  step 0.0074  *
22:20:19     iter  39  obj 0.07357  best 0.07405  step 0.0037  halved
22:20:23     iter  40  obj 0.07435  best 0.07435  step 0.0037  *
22:20:25      poisoned ce=0.21090 auc=0.8767 acc=0.9250 f1=0.4361  dce=+0.00192 dacc=+0.0000  k=50  [156.9s]
22:20:25   -- trial run1_sub2
22:20:29     iter   0  obj -24.10610  best -24.10610  step 0.9500
22:20:33     iter   1  obj -0.96942  best -0.96942  step 0.9500  *
22:20:36     iter   2  obj -0.90487  best -0.90487  step 0.9500  *
22:20:40     iter   3  obj 0.06271  best 0.06271  step 0.9500  *
22:20:44     iter   4  obj -0.46231  best 0.06271  step 0.9500
22:20:48     iter   5  obj -0.12771  best 0.06271  step 0.9500
22:20:52     iter   6  obj -3.17289  best 0.06271  step 0.9500
22:20:55     iter   7  obj 0.08011  best 0.08011  step 0.9500  *
22:20:59     iter   8  obj -1.06455  best 0.08011  step 0.4750  halved
22:21:03     iter   9  obj -0.52133  best 0.08011  step 0.4750
22:21:07     iter  10  obj -0.16680  best 0.08011  step 0.4750
22:21:10     iter  11  obj -0.36776  best 0.08011  step 0.4750
22:21:14     iter  12  obj -0.29946  best 0.08011  step 0.4750
22:21:18     iter  13  obj -0.38973  best 0.08011  step 0.4750
22:21:22     iter  14  obj 0.13203  best 0.13203  step 0.4750  *
22:21:25     iter  15  obj -0.36258  best 0.13203  step 0.2375  halved
22:21:29     iter  16  obj 0.11652  best 0.13203  step 0.2375
22:21:33     iter  17  obj -0.20439  best 0.13203  step 0.2375
22:21:37     iter  18  obj -0.01746  best 0.13203  step 0.2375
22:21:41     iter  19  obj -0.01643  best 0.13203  step 0.2375
22:21:44     iter  20  obj 0.04825  best 0.13203  step 0.2375
22:21:48     iter  21  obj 0.07884  best 0.13203  step 0.2375
22:21:52     iter  22  obj -0.01071  best 0.13203  step 0.2375
22:21:56     iter  23  obj 0.09034  best 0.13203  step 0.2375
22:21:59     iter  24  obj -0.06578  best 0.13203  step 0.2375
22:22:03     iter  25  obj 0.03232  best 0.13203  step 0.2375
22:22:07     iter  26  obj 0.08574  best 0.13203  step 0.1187  halved
22:22:11     iter  27  obj -3.71196  best 0.13203  step 0.1187
22:22:14     iter  28  obj -0.27747  best 0.13203  step 0.1187
22:22:18     iter  29  obj 0.14761  best 0.14761  step 0.1187  *
22:22:22     iter  30  obj 0.14662  best 0.14761  step 0.0594  halved
22:22:26     iter  31  obj 0.18472  best 0.18472  step 0.0594  *
22:22:30     iter  32  obj 0.21389  best 0.21389  step 0.0594  *
22:22:33     iter  33  obj 0.16843  best 0.21389  step 0.0297  halved
22:22:37     iter  34  obj 0.20982  best 0.21389  step 0.0297
22:22:41     iter  35  obj 0.20458  best 0.21389  step 0.0148  halved
22:22:45     iter  36  obj 0.21372  best 0.21389  step 0.0148
22:22:48     iter  37  obj 0.21325  best 0.21389  step 0.0074  halved
22:22:52     iter  38  obj 0.21369  best 0.21389  step 0.0074
22:22:56     iter  39  obj 0.21452  best 0.21452  step 0.0074  *
22:23:00     iter  40  obj 0.20985  best 0.21452  step 0.0074
22:23:02      poisoned ce=0.21160 auc=0.8762 acc=0.9260 f1=0.4394  dce=+0.00261 dacc=+0.0010  k=50  [156.8s]
22:23:02   -- trial run2_sub0
22:23:06     iter   0  obj -23.45061  best -23.45061  step 0.9500
22:23:10     iter   1  obj 0.03558  best 0.03558  step 0.9500  *
22:23:13     iter   2  obj 0.11504  best 0.11504  step 0.9500  *
22:23:17     iter   3  obj -0.13455  best 0.11504  step 0.9500
22:23:21     iter   4  obj -0.07815  best 0.11504  step 0.9500
22:23:25     iter   5  obj -0.13762  best 0.11504  step 0.9500
22:23:28     iter   6  obj -1.97570  best 0.11504  step 0.9500
22:23:32     iter   7  obj 0.14250  best 0.14250  step 0.9500  *
22:23:36     iter   8  obj -0.06450  best 0.14250  step 0.4750  halved
22:23:40     iter   9  obj 0.06742  best 0.14250  step 0.4750
22:23:43     iter  10  obj 0.05358  best 0.14250  step 0.4750
22:23:47     iter  11  obj 0.18618  best 0.18618  step 0.4750  *
22:23:51     iter  12  obj -0.78384  best 0.18618  step 0.4750
22:23:55     iter  13  obj -0.17817  best 0.18618  step 0.4750
22:23:59     iter  14  obj -0.36611  best 0.18618  step 0.4750
22:24:02     iter  15  obj 0.01361  best 0.18618  step 0.2375  halved
22:24:06     iter  16  obj -2.34959  best 0.18618  step 0.2375
22:24:10     iter  17  obj 0.14815  best 0.18618  step 0.2375
22:24:14     iter  18  obj 0.00737  best 0.18618  step 0.2375
22:24:17     iter  19  obj 0.11375  best 0.18618  step 0.2375
22:24:21     iter  20  obj -0.01808  best 0.18618  step 0.2375
22:24:25     iter  21  obj 0.14467  best 0.18618  step 0.1187  halved
22:24:29     iter  22  obj -2.09982  best 0.18618  step 0.1187
22:24:32     iter  23  obj 0.10662  best 0.18618  step 0.1187
22:24:36     iter  24  obj 0.21090  best 0.21090  step 0.1187  *
22:24:40     iter  25  obj 0.17849  best 0.21090  step 0.1187
22:24:44     iter  26  obj 0.17455  best 0.21090  step 0.0594  halved
22:24:48     iter  27  obj 0.21147  best 0.21147  step 0.0594  *
22:24:51     iter  28  obj 0.21080  best 0.21147  step 0.0594
22:24:55     iter  29  obj 0.19482  best 0.21147  step 0.0594
22:24:59     iter  30  obj 0.17122  best 0.21147  step 0.0297  halved
22:25:03     iter  31  obj 0.20183  best 0.21147  step 0.0297
22:25:06     iter  32  obj 0.21197  best 0.21197  step 0.0297  *
22:25:10     iter  33  obj 0.21174  best 0.21197  step 0.0148  halved
22:25:14     iter  34  obj 0.21228  best 0.21228  step 0.0148  *
22:25:18     iter  35  obj 0.21266  best 0.21266  step 0.0148  *
22:25:21     iter  36  obj 0.21242  best 0.21266  step 0.0148
22:25:25     iter  37  obj 0.21329  best 0.21329  step 0.0074  *  halved
22:25:29     iter  38  obj 0.20975  best 0.21329  step 0.0074
22:25:33     iter  39  obj 0.21367  best 0.21367  step 0.0037  *  halved
22:25:37     iter  40  obj 0.21392  best 0.21392  step 0.0037  *
22:25:39      poisoned ce=0.21109 auc=0.8777 acc=0.9250 f1=0.4361  dce=+0.00210 dacc=+0.0000  k=50  [156.9s]
22:25:39   -- trial run2_sub1
22:25:43     iter   0  obj -30.67140  best -30.67140  step 0.9500
22:25:46     iter   1  obj -0.46560  best -0.46560  step 0.9500  *
22:25:50     iter   2  obj -1.02981  best -0.46560  step 0.9500
22:25:54     iter   3  obj -1.07551  best -0.46560  step 0.9500
22:25:58     iter   4  obj -1.40436  best -0.46560  step 0.9500
22:26:01     iter   5  obj -0.65448  best -0.46560  step 0.9500
22:26:05     iter   6  obj -3.33596  best -0.46560  step 0.9500
22:26:09     iter   7  obj -0.17238  best -0.17238  step 0.9500  *
22:26:13     iter   8  obj -0.39417  best -0.17238  step 0.4750  halved
22:26:17     iter   9  obj -0.04685  best -0.04685  step 0.4750  *
22:26:20     iter  10  obj -0.24010  best -0.04685  step 0.4750
22:26:24     iter  11  obj -0.90260  best -0.04685  step 0.4750
22:26:28     iter  12  obj -0.39508  best -0.04685  step 0.4750
22:26:32     iter  13  obj -1.09910  best -0.04685  step 0.4750
22:26:35     iter  14  obj -0.55269  best -0.04685  step 0.4750
22:26:39     iter  15  obj -0.79933  best -0.04685  step 0.2375  halved
22:26:43     iter  16  obj -6.68122  best -0.04685  step 0.2375
22:26:47     iter  17  obj -0.31301  best -0.04685  step 0.2375
22:26:50     iter  18  obj -0.43557  best -0.04685  step 0.2375
22:26:54     iter  19  obj -0.00825  best -0.00825  step 0.2375  *
22:26:58     iter  20  obj 0.03608  best 0.03608  step 0.2375  *
22:27:02     iter  21  obj -0.35048  best 0.03608  step 0.1187  halved
22:27:06     iter  22  obj -0.05791  best 0.03608  step 0.1187
22:27:09     iter  23  obj -0.47496  best 0.03608  step 0.1187
22:27:13     iter  24  obj -0.03902  best 0.03608  step 0.1187
22:27:17     iter  25  obj 0.03949  best 0.03949  step 0.1187  *
22:27:21     iter  26  obj -0.65050  best 0.03949  step 0.0594  halved
22:27:24     iter  27  obj -0.21350  best 0.03949  step 0.0594
22:27:28     iter  28  obj 0.07571  best 0.07571  step 0.0594  *
22:27:32     iter  29  obj 0.03203  best 0.07571  step 0.0594
22:27:36     iter  30  obj 0.04356  best 0.07571  step 0.0297  halved
22:27:39     iter  31  obj 0.07430  best 0.07571  step 0.0297
22:27:43     iter  32  obj 0.07721  best 0.07721  step 0.0297  *
22:27:47     iter  33  obj 0.07350  best 0.07721  step 0.0148  halved
22:27:51     iter  34  obj 0.07702  best 0.07721  step 0.0148
22:27:55     iter  35  obj 0.06984  best 0.07721  step 0.0074  halved
22:27:58     iter  36  obj 0.07754  best 0.07754  step 0.0074  *
22:28:02     iter  37  obj 0.07736  best 0.07754  step 0.0037  halved
22:28:06     iter  38  obj 0.07773  best 0.07773  step 0.0037  *
22:28:10     iter  39  obj 0.07815  best 0.07815  step 0.0037  *
22:28:13     iter  40  obj 0.07764  best 0.07815  step 0.0037
22:28:16      poisoned ce=0.21211 auc=0.8761 acc=0.9250 f1=0.4361  dce=+0.00312 dacc=+0.0000  k=50  [156.8s]
22:28:16   -- trial run2_sub2
22:28:19     iter   0  obj -24.03791  best -24.03791  step 0.9500
22:28:23     iter   1  obj -0.79477  best -0.79477  step 0.9500  *
22:28:27     iter   2  obj -0.10021  best -0.10021  step 0.9500  *
22:28:31     iter   3  obj -0.51419  best -0.10021  step 0.9500
22:28:35     iter   4  obj -1.06797  best -0.10021  step 0.9500
22:28:38     iter   5  obj -0.19406  best -0.10021  step 0.9500
22:28:42     iter   6  obj -2.86255  best -0.10021  step 0.9500
22:28:46     iter   7  obj 0.04341  best 0.04341  step 0.9500  *
22:28:50     iter   8  obj -0.74529  best 0.04341  step 0.4750  halved
22:28:53     iter   9  obj -0.24797  best 0.04341  step 0.4750
22:28:57     iter  10  obj -0.18248  best 0.04341  step 0.4750
22:29:01     iter  11  obj -0.21307  best 0.04341  step 0.4750
22:29:05     iter  12  obj -0.24870  best 0.04341  step 0.4750
22:29:08     iter  13  obj -0.62996  best 0.04341  step 0.4750
22:29:12     iter  14  obj -0.02315  best 0.04341  step 0.4750
22:29:16     iter  15  obj -0.12428  best 0.04341  step 0.2375  halved
22:29:20     iter  16  obj -3.16432  best 0.04341  step 0.2375
22:29:24     iter  17  obj 0.05336  best 0.05336  step 0.2375  *
22:29:27     iter  18  obj 0.15951  best 0.15951  step 0.2375  *
22:29:31     iter  19  obj 0.10191  best 0.15951  step 0.2375
22:29:35     iter  20  obj -0.32708  best 0.15951  step 0.2375
22:29:39     iter  21  obj 0.07665  best 0.15951  step 0.1187  halved
22:29:42     iter  22  obj 0.03931  best 0.15951  step 0.1187
22:29:46     iter  23  obj 0.17077  best 0.17077  step 0.1187  *
22:29:50     iter  24  obj 0.20622  best 0.20622  step 0.1187  *
22:29:54     iter  25  obj 0.17419  best 0.20622  step 0.1187
22:29:57     iter  26  obj 0.19205  best 0.20622  step 0.0594  halved
22:30:01     iter  27  obj 0.20392  best 0.20622  step 0.0594
22:30:05     iter  28  obj 0.16532  best 0.20622  step 0.0594
22:30:09     iter  29  obj 0.21122  best 0.21122  step 0.0594  *
22:30:13     iter  30  obj 0.14566  best 0.21122  step 0.0297  halved
22:30:16     iter  31  obj 0.19993  best 0.21122  step 0.0297
22:30:20     iter  32  obj 0.19647  best 0.21122  step 0.0297
22:30:24     iter  33  obj 0.19699  best 0.21122  step 0.0148  halved
22:30:28     iter  34  obj 0.20387  best 0.21122  step 0.0148
22:30:31     iter  35  obj 0.21385  best 0.21385  step 0.0148  *
22:30:35     iter  36  obj 0.21212  best 0.21385  step 0.0148
22:30:39     iter  37  obj 0.21164  best 0.21385  step 0.0074  halved
22:30:43     iter  38  obj 0.21403  best 0.21403  step 0.0074  *
22:30:46     iter  39  obj 0.21322  best 0.21403  step 0.0037  halved
22:30:50     iter  40  obj 0.21412  best 0.21412  step 0.0037  *
22:30:53      poisoned ce=0.21153 auc=0.8763 acc=0.9250 f1=0.4361  dce=+0.00254 dacc=+0.0000  k=50  [156.8s]
22:30:53   -- trial run3_sub0
22:30:56     iter   0  obj -24.14754  best -24.14754  step 0.9500
22:31:00     iter   1  obj 0.03775  best 0.03775  step 0.9500  *
22:31:04     iter   2  obj 0.19000  best 0.19000  step 0.9500  *
22:31:08     iter   3  obj -0.19605  best 0.19000  step 0.9500
22:31:11     iter   4  obj -0.07183  best 0.19000  step 0.9500
22:31:15     iter   5  obj 0.11591  best 0.19000  step 0.9500
22:31:19     iter   6  obj -2.94043  best 0.19000  step 0.9500
22:31:23     iter   7  obj 0.14175  best 0.19000  step 0.9500
22:31:26     iter   8  obj 0.17308  best 0.19000  step 0.4750  halved
22:31:30     iter   9  obj -7.50746  best 0.19000  step 0.4750
22:31:34     iter  10  obj 0.02637  best 0.19000  step 0.4750
22:31:38     iter  11  obj 0.04969  best 0.19000  step 0.4750
22:31:42     iter  12  obj 0.13965  best 0.19000  step 0.4750
22:31:45     iter  13  obj 0.05914  best 0.19000  step 0.4750
22:31:49     iter  14  obj 0.20888  best 0.20888  step 0.4750  *
22:31:53     iter  15  obj -0.51959  best 0.20888  step 0.2375  halved
22:31:57     iter  16  obj -0.12864  best 0.20888  step 0.2375
22:32:00     iter  17  obj 0.03286  best 0.20888  step 0.2375
22:32:04     iter  18  obj -0.22605  best 0.20888  step 0.2375
22:32:08     iter  19  obj 0.08933  best 0.20888  step 0.2375
22:32:12     iter  20  obj 0.13772  best 0.20888  step 0.2375
22:32:15     iter  21  obj -0.47126  best 0.20888  step 0.1187  halved
22:32:19     iter  22  obj -1.43389  best 0.20888  step 0.1187
22:32:23     iter  23  obj 0.03390  best 0.20888  step 0.1187
22:32:27     iter  24  obj 0.20729  best 0.20888  step 0.1187
22:32:31     iter  25  obj 0.13647  best 0.20888  step 0.1187
22:32:34     iter  26  obj 0.20333  best 0.20888  step 0.0594  halved
22:32:38     iter  27  obj -0.37814  best 0.20888  step 0.0594
22:32:42     iter  28  obj 0.15881  best 0.20888  step 0.0594
22:32:46     iter  29  obj 0.21179  best 0.21179  step 0.0594  *
22:32:49     iter  30  obj 0.19996  best 0.21179  step 0.0297  halved
22:32:53     iter  31  obj 0.20436  best 0.21179  step 0.0297
22:32:57     iter  32  obj 0.21510  best 0.21510  step 0.0297  *
22:33:01     iter  33  obj 0.21283  best 0.21510  step 0.0148  halved
22:33:04     iter  34  obj 0.21491  best 0.21510  step 0.0148
22:33:08     iter  35  obj 0.21571  best 0.21571  step 0.0148  *
22:33:12     iter  36  obj 0.21610  best 0.21610  step 0.0148  *
22:33:16     iter  37  obj 0.21644  best 0.21644  step 0.0148  *
22:33:20     iter  38  obj 0.21705  best 0.21705  step 0.0148  *
22:33:23     iter  39  obj 0.21747  best 0.21747  step 0.0148  *
22:33:27     iter  40  obj 0.17543  best 0.21747  step 0.0148
22:33:29      poisoned ce=0.21314 auc=0.8758 acc=0.9250 f1=0.4361  dce=+0.00415 dacc=+0.0000  k=50  [156.9s]
22:33:29   -- trial run3_sub1
22:33:33     iter   0  obj -34.26710  best -34.26710  step 0.9500
22:33:37     iter   1  obj -0.50352  best -0.50352  step 0.9500  *
22:33:41     iter   2  obj -0.03762  best -0.03762  step 0.9500  *
22:33:45     iter   3  obj -1.39891  best -0.03762  step 0.9500
22:33:48     iter   4  obj -0.61147  best -0.03762  step 0.9500
22:33:52     iter   5  obj -0.54793  best -0.03762  step 0.9500
22:33:56     iter   6  obj -4.35286  best -0.03762  step 0.9500
22:34:00     iter   7  obj -0.43548  best -0.03762  step 0.9500
22:34:03     iter   8  obj -0.29658  best -0.03762  step 0.4750  halved
22:34:07     iter   9  obj -12.07351  best -0.03762  step 0.4750
22:34:11     iter  10  obj -0.49395  best -0.03762  step 0.4750
22:34:15     iter  11  obj -0.01455  best -0.01455  step 0.4750  *
22:34:18     iter  12  obj -0.70794  best -0.01455  step 0.4750
22:34:22     iter  13  obj -0.92257  best -0.01455  step 0.4750
22:34:26     iter  14  obj -0.41593  best -0.01455  step 0.4750
22:34:30     iter  15  obj -1.32617  best -0.01455  step 0.2375  halved
22:34:33     iter  16  obj -1.77327  best -0.01455  step 0.2375
22:34:37     iter  17  obj 0.00845  best 0.00845  step 0.2375  *
22:34:41     iter  18  obj -0.02223  best 0.00845  step 0.2375
22:34:45     iter  19  obj 0.04616  best 0.04616  step 0.2375  *
22:34:49     iter  20  obj -0.06260  best 0.04616  step 0.2375
22:34:52     iter  21  obj -0.07805  best 0.04616  step 0.1187  halved
22:34:56     iter  22  obj 0.04452  best 0.04616  step 0.1187
22:35:00     iter  23  obj 0.03017  best 0.04616  step 0.1187
22:35:04     iter  24  obj -0.04554  best 0.04616  step 0.1187
22:35:07     iter  25  obj -0.02284  best 0.04616  step 0.1187
22:35:11     iter  26  obj -0.01275  best 0.04616  step 0.0594  halved
22:35:15     iter  27  obj -0.21114  best 0.04616  step 0.0594
22:35:19     iter  28  obj 0.05470  best 0.05470  step 0.0594  *
22:35:22     iter  29  obj 0.06876  best 0.06876  step 0.0594  *
22:35:26     iter  30  obj 0.04464  best 0.06876  step 0.0297  halved
22:35:30     iter  31  obj 0.07106  best 0.07106  step 0.0297  *
22:35:34     iter  32  obj 0.04757  best 0.07106  step 0.0297
22:35:38     iter  33  obj 0.07320  best 0.07320  step 0.0148  *  halved
22:35:41     iter  34  obj 0.07374  best 0.07374  step 0.0148  *
22:35:45     iter  35  obj 0.07395  best 0.07395  step 0.0148  *
22:35:49     iter  36  obj 0.06454  best 0.07395  step 0.0148
22:35:53     iter  37  obj 0.07478  best 0.07478  step 0.0074  *  halved
22:35:56     iter  38  obj 0.07493  best 0.07493  step 0.0074  *
22:36:00     iter  39  obj 0.07528  best 0.07528  step 0.0074  *
22:36:04     iter  40  obj 0.07568  best 0.07568  step 0.0074  *
22:36:06      poisoned ce=0.21178 auc=0.8762 acc=0.9250 f1=0.4361  dce=+0.00279 dacc=+0.0000  k=50  [156.8s]
22:36:06   -- trial run3_sub2
22:36:10     iter   0  obj -27.02949  best -27.02949  step 0.9500
22:36:14     iter   1  obj -0.91872  best -0.91872  step 0.9500  *
22:36:18     iter   2  obj -0.13624  best -0.13624  step 0.9500  *
22:36:21     iter   3  obj -0.80233  best -0.13624  step 0.9500
22:36:25     iter   4  obj -0.28811  best -0.13624  step 0.9500
22:36:29     iter   5  obj -0.19071  best -0.13624  step 0.9500
22:36:33     iter   6  obj -3.12821  best -0.13624  step 0.9500
22:36:36     iter   7  obj -0.08664  best -0.08664  step 0.9500  *
22:36:40     iter   8  obj -1.11516  best -0.08664  step 0.4750  halved
22:36:44     iter   9  obj -0.64278  best -0.08664  step 0.4750
22:36:48     iter  10  obj -0.34437  best -0.08664  step 0.4750
22:36:52     iter  11  obj -0.17716  best -0.08664  step 0.4750
22:36:55     iter  12  obj -0.32822  best -0.08664  step 0.4750
22:36:59     iter  13  obj -0.52427  best -0.08664  step 0.4750
22:37:03     iter  14  obj -0.56243  best -0.08664  step 0.4750
22:37:07     iter  15  obj -0.42757  best -0.08664  step 0.2375  halved
22:37:10     iter  16  obj -3.26545  best -0.08664  step 0.2375
22:37:14     iter  17  obj 0.10447  best 0.10447  step 0.2375  *
22:37:18     iter  18  obj 0.09071  best 0.10447  step 0.2375
22:37:22     iter  19  obj 0.19607  best 0.19607  step 0.2375  *
22:37:25     iter  20  obj 0.17941  best 0.19607  step 0.2375
22:37:29     iter  21  obj -0.10785  best 0.19607  step 0.1187  halved
22:37:33     iter  22  obj 0.20243  best 0.20243  step 0.1187  *
22:37:37     iter  23  obj 0.07169  best 0.20243  step 0.1187
22:37:40     iter  24  obj 0.13587  best 0.20243  step 0.1187
22:37:44     iter  25  obj 0.09176  best 0.20243  step 0.1187
22:37:48     iter  26  obj 0.07754  best 0.20243  step 0.0594  halved
22:37:52     iter  27  obj -0.08343  best 0.20243  step 0.0594
22:37:56     iter  28  obj 0.15421  best 0.20243  step 0.0594
22:37:59     iter  29  obj 0.19504  best 0.20243  step 0.0594
22:38:03     iter  30  obj 0.21106  best 0.21106  step 0.0297  *  halved
22:38:07     iter  31  obj 0.21263  best 0.21263  step 0.0297  *
22:38:11     iter  32  obj 0.21231  best 0.21263  step 0.0297
22:38:14     iter  33  obj 0.21049  best 0.21263  step 0.0148  halved
22:38:18     iter  34  obj 0.21320  best 0.21320  step 0.0148  *
22:38:22     iter  35  obj 0.21129  best 0.21320  step 0.0074  halved
22:38:26     iter  36  obj 0.21203  best 0.21320  step 0.0074
22:38:29     iter  37  obj 0.21355  best 0.21355  step 0.0074  *
22:38:33     iter  38  obj 0.21437  best 0.21437  step 0.0074  *
22:38:37     iter  39  obj 0.21206  best 0.21437  step 0.0037  halved
22:38:41     iter  40  obj 0.21397  best 0.21437  step 0.0037
22:38:43      poisoned ce=0.21125 auc=0.8769 acc=0.9250 f1=0.4361  dce=+0.00226 dacc=+0.0000  k=50  [156.8s]
22:38:43   -- trial run4_sub0
22:38:47     iter   0  obj -25.04723  best -25.04723  step 0.9500
22:38:51     iter   1  obj 0.00065  best 0.00065  step 0.9500  *
22:38:54     iter   2  obj 0.11648  best 0.11648  step 0.9500  *
22:38:58     iter   3  obj 0.09547  best 0.11648  step 0.9500
22:39:02     iter   4  obj -0.41071  best 0.11648  step 0.9500
22:39:06     iter   5  obj 0.19846  best 0.19846  step 0.9500  *
22:39:09     iter   6  obj -2.38262  best 0.19846  step 0.9500
22:39:13     iter   7  obj 0.12340  best 0.19846  step 0.9500
22:39:17     iter   8  obj -0.67340  best 0.19846  step 0.4750  halved
22:39:21     iter   9  obj -23.24388  best 0.19846  step 0.4750
22:39:25     iter  10  obj 0.21166  best 0.21166  step 0.4750  *
22:39:28     iter  11  obj -0.29093  best 0.21166  step 0.4750
22:39:32     iter  12  obj 0.03710  best 0.21166  step 0.4750
22:39:36     iter  13  obj -0.26982  best 0.21166  step 0.4750
22:39:40     iter  14  obj 0.05662  best 0.21166  step 0.4750
22:39:43     iter  15  obj -0.05803  best 0.21166  step 0.2375  halved
22:39:47     iter  16  obj -1.80420  best 0.21166  step 0.2375
22:39:51     iter  17  obj 0.18318  best 0.21166  step 0.2375
22:39:55     iter  18  obj 0.08068  best 0.21166  step 0.2375
22:39:58     iter  19  obj 0.14976  best 0.21166  step 0.2375
22:40:02     iter  20  obj -0.02196  best 0.21166  step 0.2375
22:40:06     iter  21  obj -0.01476  best 0.21166  step 0.1187  halved
22:40:10     iter  22  obj -1.36194  best 0.21166  step 0.1187
22:40:14     iter  23  obj 0.16534  best 0.21166  step 0.1187
22:40:17     iter  24  obj 0.20980  best 0.21166  step 0.1187
22:40:21     iter  25  obj 0.07460  best 0.21166  step 0.1187
22:40:25     iter  26  obj 0.16045  best 0.21166  step 0.0594  halved
22:40:29     iter  27  obj -0.89456  best 0.21166  step 0.0594
22:40:32     iter  28  obj 0.19511  best 0.21166  step 0.0594
22:40:36     iter  29  obj 0.20732  best 0.21166  step 0.0594
22:40:40     iter  30  obj 0.21334  best 0.21334  step 0.0297  *  halved
22:40:44     iter  31  obj 0.21302  best 0.21334  step 0.0297
22:40:47     iter  32  obj 0.20788  best 0.21334  step 0.0297
22:40:51     iter  33  obj 0.21371  best 0.21371  step 0.0148  *  halved
22:40:55     iter  34  obj 0.21407  best 0.21407  step 0.0148  *
22:40:59     iter  35  obj 0.21403  best 0.21407  step 0.0074  halved
22:41:03     iter  36  obj 0.21410  best 0.21410  step 0.0074  *
22:41:06     iter  37  obj 0.21447  best 0.21447  step 0.0074  *
22:41:10     iter  38  obj 0.21543  best 0.21543  step 0.0074  *
22:41:14     iter  39  obj 0.21321  best 0.21543  step 0.0037  halved
22:41:18     iter  40  obj 0.21523  best 0.21543  step 0.0037
22:41:20      poisoned ce=0.21115 auc=0.8772 acc=0.9250 f1=0.4361  dce=+0.00216 dacc=+0.0000  k=50  [156.9s]
22:41:20   -- trial run4_sub1
22:41:24     iter   0  obj -35.64479  best -35.64479  step 0.9500
22:41:28     iter   1  obj -0.50132  best -0.50132  step 0.9500  *
22:41:31     iter   2  obj -0.05244  best -0.05244  step 0.9500  *
22:41:35     iter   3  obj -2.18454  best -0.05244  step 0.9500
22:41:39     iter   4  obj -0.66174  best -0.05244  step 0.9500
22:41:43     iter   5  obj -0.11788  best -0.05244  step 0.9500
22:41:46     iter   6  obj -3.62550  best -0.05244  step 0.9500
22:41:50     iter   7  obj -0.09641  best -0.05244  step 0.9500
22:41:54     iter   8  obj -0.49497  best -0.05244  step 0.4750  halved
22:41:58     iter   9  obj -10.10509  best -0.05244  step 0.4750
22:42:01     iter  10  obj -0.15425  best -0.05244  step 0.4750
22:42:05     iter  11  obj -0.05598  best -0.05244  step 0.4750
22:42:09     iter  12  obj -0.42897  best -0.05244  step 0.4750
22:42:13     iter  13  obj -0.62683  best -0.05244  step 0.4750
22:42:17     iter  14  obj -0.57053  best -0.05244  step 0.4750
22:42:20     iter  15  obj -0.59421  best -0.05244  step 0.2375  halved
22:42:24     iter  16  obj -7.60522  best -0.05244  step 0.2375
22:42:28     iter  17  obj -0.63407  best -0.05244  step 0.2375
22:42:32     iter  18  obj -0.09234  best -0.05244  step 0.2375
22:42:35     iter  19  obj -0.15133  best -0.05244  step 0.2375
22:42:39     iter  20  obj 0.01714  best 0.01714  step 0.2375  *
22:42:43     iter  21  obj -0.05169  best 0.01714  step 0.1187  halved
22:42:47     iter  22  obj 0.06013  best 0.06013  step 0.1187  *
22:42:50     iter  23  obj -0.53954  best 0.06013  step 0.1187
22:42:54     iter  24  obj 0.05884  best 0.06013  step 0.1187
22:42:58     iter  25  obj 0.01684  best 0.06013  step 0.1187
22:43:02     iter  26  obj -0.02937  best 0.06013  step 0.0594  halved
22:43:05     iter  27  obj -0.34146  best 0.06013  step 0.0594
22:43:09     iter  28  obj -0.35286  best 0.06013  step 0.0594
22:43:13     iter  29  obj 0.06522  best 0.06522  step 0.0594  *
22:43:17     iter  30  obj 0.06855  best 0.06855  step 0.0297  *  halved
22:43:21     iter  31  obj -0.06341  best 0.06855  step 0.0297
22:43:24     iter  32  obj 0.06114  best 0.06855  step 0.0297
22:43:28     iter  33  obj 0.07214  best 0.07214  step 0.0148  *  halved
22:43:32     iter  34  obj 0.04502  best 0.07214  step 0.0148
22:43:36     iter  35  obj 0.07294  best 0.07294  step 0.0074  *  halved
22:43:39     iter  36  obj 0.07223  best 0.07294  step 0.0074
22:43:43     iter  37  obj 0.07395  best 0.07395  step 0.0037  *  halved
22:43:47     iter  38  obj 0.07432  best 0.07432  step 0.0037  *
22:43:51     iter  39  obj 0.07259  best 0.07432  step 0.0019  halved
22:43:54     iter  40  obj 0.07439  best 0.07439  step 0.0019  *
22:43:57      poisoned ce=0.21156 auc=0.8767 acc=0.9250 f1=0.4361  dce=+0.00257 dacc=+0.0000  k=50  [156.9s]
22:43:57   -- trial run4_sub2
22:44:01     iter   0  obj -27.43447  best -27.43447  step 0.9500
22:44:04     iter   1  obj 0.00021  best 0.00021  step 0.9500  *
22:44:08     iter   2  obj 0.08491  best 0.08491  step 0.9500  *
22:44:12     iter   3  obj -0.50343  best 0.08491  step 0.9500
22:44:16     iter   4  obj -1.01864  best 0.08491  step 0.9500
22:44:19     iter   5  obj -0.10356  best 0.08491  step 0.9500
22:44:23     iter   6  obj -2.90520  best 0.08491  step 0.9500
22:44:27     iter   7  obj -0.20408  best 0.08491  step 0.9500
22:44:31     iter   8  obj 0.00341  best 0.08491  step 0.4750  halved
22:44:35     iter   9  obj -6.01996  best 0.08491  step 0.4750
22:44:38     iter  10  obj -0.20011  best 0.08491  step 0.4750
22:44:42     iter  11  obj 0.14306  best 0.14306  step 0.4750  *
22:44:46     iter  12  obj -0.14374  best 0.14306  step 0.4750
22:44:50     iter  13  obj -0.43132  best 0.14306  step 0.4750
22:44:53     iter  14  obj -0.74644  best 0.14306  step 0.4750
22:44:57     iter  15  obj -0.17370  best 0.14306  step 0.2375  halved
22:45:01     iter  16  obj -1.09224  best 0.14306  step 0.2375
22:45:05     iter  17  obj 0.15033  best 0.15033  step 0.2375  *
22:45:08     iter  18  obj 0.17245  best 0.17245  step 0.2375  *
22:45:12     iter  19  obj -0.04958  best 0.17245  step 0.2375
22:45:16     iter  20  obj -0.21956  best 0.17245  step 0.2375
22:45:20     iter  21  obj -0.03848  best 0.17245  step 0.1187  halved
22:45:24     iter  22  obj 0.05070  best 0.17245  step 0.1187
22:45:27     iter  23  obj 0.14465  best 0.17245  step 0.1187
22:45:31     iter  24  obj 0.11921  best 0.17245  step 0.1187
22:45:35     iter  25  obj 0.13908  best 0.17245  step 0.1187
22:45:39     iter  26  obj 0.06581  best 0.17245  step 0.0594  halved
22:45:42     iter  27  obj 0.13245  best 0.17245  step 0.0594
22:45:46     iter  28  obj 0.20849  best 0.20849  step 0.0594  *
22:45:50     iter  29  obj 0.07316  best 0.20849  step 0.0594
22:45:54     iter  30  obj 0.20482  best 0.20849  step 0.0297  halved
22:45:57     iter  31  obj 0.20685  best 0.20849  step 0.0297
22:46:01     iter  32  obj 0.18769  best 0.20849  step 0.0297
22:46:05     iter  33  obj 0.21269  best 0.21269  step 0.0148  *  halved
22:46:09     iter  34  obj 0.19310  best 0.21269  step 0.0148
22:46:13     iter  35  obj 0.21392  best 0.21392  step 0.0074  *  halved
22:46:16     iter  36  obj 0.21399  best 0.21399  step 0.0074  *
22:46:20     iter  37  obj 0.21325  best 0.21399  step 0.0037  halved
22:46:24     iter  38  obj 0.21414  best 0.21414  step 0.0037  *
22:46:28     iter  39  obj 0.21307  best 0.21414  step 0.0019  halved
22:46:31     iter  40  obj 0.21392  best 0.21414  step 0.0019
22:46:34      poisoned ce=0.21122 auc=0.8770 acc=0.9250 f1=0.4361  dce=+0.00223 dacc=+0.0000  k=50  [156.9s]
22:46:34   best trial run3_sub0: dce=+0.00415 dacc=+0.0000  -> context_poisoned.csv
22:46:34   per-run winners: run0<-sub2 (dce=+0.00322), run1<-sub0 (dce=+0.00270), run2<-sub1 (dce=+0.00312), run3<-sub0 (dce=+0.00415), run4<-sub1 (dce=+0.00257)
22:46:34   best-subsample-per-run, mean over 5 runs: dce=+0.00315 dacc=+0.0000 dauc=-0.0033  -> /home/ssn899/Desktop/TabFM/results/main_experiments/wids/x-capgd_random_r001
