15:36:19 xgboost: train=/home/ssn899/Desktop/TabFM/datasets/url_unique/splits/selected/natural/context_5000.csv (5000 rows)  test=/home/ssn899/Desktop/TabFM/datasets/url_unique/splits/test_attack_1000.csv (1000 rows)  target=is_phishing  drop=()
15:36:19 rebuilt 5 per-run-best contexts from /home/ssn899/Desktop/TabFM/results/main_experiments/url_unique/label-flip_random_r001: run0_sub0, run1_sub0, run2_sub0, run3_sub0, run4_sub0  (attack=label-flip, R=1.0%, k=50)
15:36:19 clean val=/home/ssn899/Desktop/TabFM/datasets/url_unique/splits/val_2000.csv (2000 rows)
15:36:19 
== protocol A: validation is an internal split of the given context (poisoned when the context is)
15:36:19     clean baseline: 5 fits reused from /home/ssn899/Desktop/TabFM/results/xgb_transfer/_clean_cache/clean_3f85a9510aa70700c46d224d.json
15:36:19     poisoned (5 contexts)
15:36:19     -- run0_sub0
15:36:43       seed 0: ce=0.12303 acc=0.9600 bacc=0.9599 mcc=0.9200 (iters=271, 24s)
15:36:43     -- run1_sub0
15:37:01       seed 1: ce=0.11049 acc=0.9600 bacc=0.9598 mcc=0.9202 (iters=198, 18s)
15:37:01     -- run2_sub0
15:37:37       seed 2: ce=0.11050 acc=0.9660 bacc=0.9660 mcc=0.9320 (iters=227, 36s)
15:37:37     -- run3_sub0
15:37:55       seed 3: ce=0.10508 acc=0.9700 bacc=0.9700 mcc=0.9400 (iters=139, 18s)
15:37:55     -- run4_sub0
15:38:21       seed 4: ce=0.11512 acc=0.9580 bacc=0.9579 mcc=0.9160 (iters=369, 25s)
15:38:21 
  protocol A -- validation is an internal split of the given context (poisoned when the context is)
15:38:21     metric                          clean          poisoned             delta      rel% |          TabPFN d  TabPFN rel%  transfer%
15:38:21     -------------------------------------------------------------------------------------------------------------------------------
15:38:21     ce                    0.0965 ± 0.0021   0.1128 ± 0.0060  +0.0163 ± 0.0065     +16.9 |  +0.0229 ± 0.0027        +24.6        +71
15:38:21     accuracy              0.9686 ± 0.0017   0.9628 ± 0.0045  -0.0058 ± 0.0062      -0.6 |  -0.0064 ± 0.0022         -0.7        +91
15:38:21     balanced_accuracy     0.9686 ± 0.0017   0.9627 ± 0.0045  -0.0059 ± 0.0062      -0.6 |  -0.0064 ± 0.0022         -0.7        +92
15:38:21     mcc                   0.9372 ± 0.0035   0.9256 ± 0.0089  -0.0116 ± 0.0124      -1.2 |  -0.0128 ± 0.0043         -1.4        +91
15:38:21     roc_auc               0.9932 ± 0.0006   0.9916 ± 0.0017  -0.0016 ± 0.0020      -0.2 |  -0.0026 ± 0.0006         -0.3        +61
15:38:21     f1                    0.9681 ± 0.0017   0.9620 ± 0.0047  -0.0061 ± 0.0064      -0.6 |  -0.0065 ± 0.0024         -0.7        +95
15:38:21     transfer% = XGBoost delta / TabPFNv2 delta; 100 means the poison hurts both equally.
15:38:21     '~' marks a ratio whose denominator is near zero or inside its own spread -- read the absolute columns there.
15:38:21 
== protocol B: validation is the separate clean --val file
15:38:21     clean baseline: 5 fits reused from /home/ssn899/Desktop/TabFM/results/xgb_transfer/_clean_cache/clean_abd10f6c2f73c282ed9f2ab6.json
15:38:21     poisoned (5 contexts)
15:38:21     -- run0_sub0
15:39:06       seed 0: ce=0.10595 acc=0.9640 bacc=0.9640 mcc=0.9280 (iters=1133, 45s)
15:39:06     -- run1_sub0
15:39:28       seed 1: ce=0.10655 acc=0.9630 bacc=0.9629 mcc=0.9260 (iters=177, 22s)
15:39:28     -- run2_sub0
15:40:12       seed 2: ce=0.10811 acc=0.9650 bacc=0.9650 mcc=0.9300 (iters=1385, 44s)
15:40:12     -- run3_sub0
15:40:41       seed 3: ce=0.10210 acc=0.9660 bacc=0.9660 mcc=0.9320 (iters=268, 29s)
15:40:41     -- run4_sub0
15:41:07       seed 4: ce=0.11213 acc=0.9590 bacc=0.9589 mcc=0.9181 (iters=282, 26s)
15:41:07 
  protocol B -- validation is the separate clean --val file
15:41:07     metric                          clean          poisoned             delta      rel% |          TabPFN d  TabPFN rel%  transfer%
15:41:07     -------------------------------------------------------------------------------------------------------------------------------
15:41:07     ce                    0.0964 ± 0.0014   0.1070 ± 0.0033  +0.0106 ± 0.0022     +11.0 |  +0.0229 ± 0.0027        +24.6        +46
15:41:07     accuracy              0.9678 ± 0.0012   0.9634 ± 0.0024  -0.0044 ± 0.0024      -0.5 |  -0.0064 ± 0.0022         -0.7        +69
15:41:07     balanced_accuracy     0.9679 ± 0.0012   0.9633 ± 0.0025  -0.0045 ± 0.0025      -0.5 |  -0.0064 ± 0.0022         -0.7        +71
15:41:07     mcc                   0.9356 ± 0.0023   0.9268 ± 0.0048  -0.0088 ± 0.0048      -0.9 |  -0.0128 ± 0.0043         -1.4        +69
15:41:07     roc_auc               0.9931 ± 0.0003   0.9921 ± 0.0004  -0.0010 ± 0.0003      -0.1 |  -0.0026 ± 0.0006         -0.3        +39
15:41:07     f1                    0.9674 ± 0.0012   0.9627 ± 0.0025  -0.0047 ± 0.0026      -0.5 |  -0.0065 ± 0.0024         -0.7        +73
15:41:07     transfer% = XGBoost delta / TabPFNv2 delta; 100 means the poison hurts both equally.
15:41:07     '~' marks a ratio whose denominator is near zero or inside its own spread -- read the absolute columns there.
15:41:07 
wrote /home/ssn899/Desktop/TabFM/results/xgb_transfer/url_unique/label-flip_random_r001/summary.json
