13:34:11 [x-capgd] datasets/url_unique/splits/selected/natural/context_5000.csv (5000x63) -> datasets/url_unique/splits/test_attack_1000.csv (1000 of 1000)  k=1500 (30.0%)  attack_class=None  grid 1x1  cuda:1
13:34:15   clean  ce=0.09328 auc=0.9935 acc=0.9650 f1=0.9644  max|dp| over 3 repeats=0.00e+00  chunking_exact=True  [3.2s]
13:34:16   constraints=full (14 relations, dataset 'url_unique')  scaler=metadata  mutable 63/63  int 58  cat 0
13:34:16   -- trial run0_sub0
13:34:18     iter   0  obj 0.09328  best 0.09328  step 0.9500
13:34:20     iter   1  obj -4.27486  best 0.09328  step 0.9500
13:34:22     iter   2  obj -0.13610  best 0.09328  step 0.9500
13:34:24     iter   3  obj -0.22037  best 0.09328  step 0.9500
13:34:27     iter   4  obj -0.38812  best 0.09328  step 0.9500
13:34:29     iter   5  obj -0.51727  best 0.09328  step 0.4750  halved
13:34:31     iter   6  obj -5.06320  best 0.09328  step 0.4750
13:34:33     iter   7  obj -0.07206  best 0.09328  step 0.4750
13:34:35     iter   8  obj -0.05164  best 0.09328  step 0.4750
13:34:38     iter   9  obj -0.04823  best 0.09328  step 0.2375  halved
13:34:40     iter  10  obj -3.70958  best 0.09328  step 0.2375
13:34:42     iter  11  obj 0.04766  best 0.09328  step 0.2375
13:34:44     iter  12  obj -0.01524  best 0.09328  step 0.1188  halved
13:34:46     iter  13  obj -3.16066  best 0.09328  step 0.1188
13:34:48     iter  14  obj 0.06129  best 0.09328  step 0.0594  halved
13:34:51     iter  15  obj 0.08204  best 0.09328  step 0.0594
13:34:53     iter  16  obj 0.02857  best 0.09328  step 0.0297  halved
13:34:55     iter  17  obj 0.08438  best 0.09328  step 0.0297
13:34:57     iter  18  obj 0.05715  best 0.09328  step 0.0148  halved
13:34:59     iter  19  obj 0.09667  best 0.09667  step 0.0148  *
13:35:02     iter  20  obj 0.10034  best 0.10034  step 0.0148  *
13:35:04     iter  21  obj 0.13649  best 0.13649  step 0.0148  *
13:35:06     iter  22  obj 0.13718  best 0.13718  step 0.0148  *
13:35:08     iter  23  obj 0.13872  best 0.13872  step 0.0148  *
13:35:10     iter  24  obj 0.13583  best 0.13872  step 0.0074  halved
13:35:13     iter  25  obj 0.14015  best 0.14015  step 0.0074  *
13:35:14      poisoned ce=0.11242 auc=0.9917 acc=0.9650 f1=0.9647  dce=+0.01914 dacc=+0.0000  k=1500  [58.3s]
13:35:14   mean over 1 trials: dce=+0.01914 dacc=+0.0000 dauc=-0.0018  -> results/niter_sweep_final/url_unique_rs1_it25
