15:05:13 xgboost: train=/home/ssn899/Desktop/TabFM/datasets/lcld_v2/splits/selected/natural/context_5000.csv (5000 rows)  test=/home/ssn899/Desktop/TabFM/datasets/lcld_v2/splits/test_attack_1000.csv (1000 rows)  target=charged_off  drop=('issue_d',)
15:05:13 rebuilt 5 per-run-best contexts from /home/ssn899/Desktop/TabFM/results/main_experiments/lcld_v2/label-flip_random_r016: run0_sub0, run1_sub0, run2_sub0, run3_sub0, run4_sub0  (attack=label-flip, R=16.0%, k=800)
15:05:13 clean val=/home/ssn899/Desktop/TabFM/datasets/lcld_v2/splits/val_2000.csv (2000 rows)
15:05:13 
== protocol A: validation is an internal split of the given context (poisoned when the context is)
15:05:13     clean baseline: 5 fits reused from /home/ssn899/Desktop/TabFM/results/xgb_transfer/_clean_cache/clean_30e6ec053d00aa31b9937449.json
15:05:13     poisoned (5 contexts)
15:05:13     -- run0_sub0
15:05:27       seed 0: ce=0.48647 acc=0.7900 bacc=0.5226 mcc=0.0865 (iters=108, 14s)
15:05:27     -- run1_sub0
15:05:38       seed 1: ce=0.47282 acc=0.8000 bacc=0.5154 mcc=0.0853 (iters=27, 10s)
15:05:38     -- run2_sub0
15:05:50       seed 2: ce=0.48146 acc=0.7910 bacc=0.5289 mcc=0.1056 (iters=254, 12s)
15:05:50     -- run3_sub0
15:06:03       seed 3: ce=0.50579 acc=0.7780 bacc=0.5247 mcc=0.0784 (iters=31, 14s)
15:06:03     -- run4_sub0
15:06:20       seed 4: ce=0.48911 acc=0.7870 bacc=0.5207 mcc=0.0770 (iters=596, 17s)
15:06:20 
  protocol A -- validation is an internal split of the given context (poisoned when the context is)
15:06:20     metric                          clean          poisoned             delta      rel% |          TabPFN d  TabPFN rel%  transfer%
15:06:20     -------------------------------------------------------------------------------------------------------------------------------
15:06:20     ce                    0.4521 ± 0.0011   0.4871 ± 0.0109  +0.0350 ± 0.0101      +7.7 |  +0.0437 ± 0.0013         +9.6        +80
15:06:20     accuracy              0.8038 ± 0.0007   0.7892 ± 0.0071  -0.0146 ± 0.0071      -1.8 |  -0.0210 ± 0.0014         -2.6        +70
15:06:20     balanced_accuracy     0.5066 ± 0.0045   0.5224 ± 0.0045  +0.0158 ± 0.0076      +3.1 |  -0.0215 ± 0.0013         -4.1        -74
15:06:20     mcc                   0.0638 ± 0.0336   0.0866 ± 0.0102  +0.0227 ± 0.0288    ~+35.6 |  -0.1129 ± 0.0055        -75.1        -20
15:06:20     roc_auc               0.7107 ± 0.0015   0.6522 ± 0.0121  -0.0585 ± 0.0113      -8.2 |  -0.0604 ± 0.0022         -8.4        +97
15:06:20     f1                    0.0311 ± 0.0219   0.1317 ± 0.0270  +0.1006 ± 0.0466   ~+323.5 |  -0.0442 ± 0.0038       ~-33.0       -228
15:06:20     transfer% = XGBoost delta / TabPFNv2 delta; 100 means the poison hurts both equally.
15:06:20     '~' marks a ratio whose denominator is near zero or inside its own spread -- read the absolute columns there.
15:06:20 
== protocol B: validation is the separate clean --val file
15:06:20     clean baseline: 5 fits reused from /home/ssn899/Desktop/TabFM/results/xgb_transfer/_clean_cache/clean_513785100e13fff7394bccd6.json
15:06:20     poisoned (5 contexts)
15:06:20     -- run0_sub0
15:06:29       seed 0: ce=0.46116 acc=0.8030 bacc=0.5000 mcc=0.0000 (iters=89, 9s)
15:06:29     -- run1_sub0
15:06:37       seed 1: ce=0.46139 acc=0.8030 bacc=0.5000 mcc=0.0000 (iters=40, 8s)
15:06:37     -- run2_sub0
15:06:47       seed 2: ce=0.46130 acc=0.8030 bacc=0.5000 mcc=0.0000 (iters=156, 10s)
15:06:47     -- run3_sub0
15:06:55       seed 3: ce=0.46276 acc=0.8030 bacc=0.5000 mcc=0.0000 (iters=12, 8s)
15:06:55     -- run4_sub0
15:07:06       seed 4: ce=0.46207 acc=0.8030 bacc=0.5000 mcc=0.0000 (iters=238, 11s)
15:07:06 
  protocol B -- validation is the separate clean --val file
15:07:06     metric                          clean          poisoned             delta      rel% |          TabPFN d  TabPFN rel%  transfer%
15:07:06     -------------------------------------------------------------------------------------------------------------------------------
15:07:06     ce                    0.4516 ± 0.0024   0.4617 ± 0.0006  +0.0101 ± 0.0026      +2.2 |  +0.0437 ± 0.0013         +9.6        +23
15:07:06     accuracy              0.8034 ± 0.0010   0.8030 ± 0.0000  -0.0004 ± 0.0010      -0.0 |  -0.0210 ± 0.0014         -2.6         +2
15:07:06     balanced_accuracy     0.5106 ± 0.0051   0.5000 ± 0.0000  -0.0106 ± 0.0051      -2.1 |  -0.0215 ± 0.0013         -4.1        +49
15:07:06     mcc                   0.0817 ± 0.0208   0.0000 ± 0.0000  -0.0817 ± 0.0208   ~-100.0 |  -0.1129 ± 0.0055        -75.1        +72
15:07:06     roc_auc               0.7127 ± 0.0057   0.6890 ± 0.0020  -0.0237 ± 0.0063      -3.3 |  -0.0604 ± 0.0022         -8.4        +39
15:07:06     f1                    0.0515 ± 0.0237   0.0000 ± 0.0000  -0.0515 ± 0.0237   ~-100.0 |  -0.0442 ± 0.0038       ~-33.0       +117
15:07:06     transfer% = XGBoost delta / TabPFNv2 delta; 100 means the poison hurts both equally.
15:07:06     '~' marks a ratio whose denominator is near zero or inside its own spread -- read the absolute columns there.
15:07:06 
wrote /home/ssn899/Desktop/TabFM/results/xgb_transfer/lcld_v2/label-flip_random_r016/summary.json
