14:39:34 xgboost: train=/home/ssn899/Desktop/TabFM/datasets/coil2000_insurance_policies/splits/selected/natural/context_5000.csv (5000 rows)  test=/home/ssn899/Desktop/TabFM/datasets/coil2000_insurance_policies/splits/test_attack_1000.csv (1000 rows)  target=MobileHomePolicy  drop=()
14:39:34 rebuilt 5 per-run-best contexts from /home/ssn899/Desktop/TabFM/results/main_experiments/coil2000_insurance_policies/x-capgd_random_r016: run0_sub1, run1_sub2, run2_sub0, run3_sub0, run4_sub0  (attack=x-capgd, R=16.0%, k=800)
14:39:34 clean val=/home/ssn899/Desktop/TabFM/datasets/coil2000_insurance_policies/splits/val_2000.csv (2000 rows)
14:39:34 
== protocol A: validation is an internal split of the given context (poisoned when the context is)
14:39:34     clean baseline: 5 fits reused from /home/ssn899/Desktop/TabFM/results/xgb_transfer/_clean_cache/clean_156b18730ea5f8a16ad85d95.json
14:39:34     poisoned (5 contexts)
14:39:34     -- run0_sub1
14:39:43       seed 0: ce=0.20369 acc=0.9410 bacc=0.5000 mcc=0.0000 (iters=15, 9s)
14:39:43     -- run1_sub2
14:39:57       seed 1: ce=0.20619 acc=0.9400 bacc=0.4995 mcc=-0.0079 (iters=592, 14s)
14:39:57     -- run2_sub0
14:40:09       seed 2: ce=0.20482 acc=0.9380 bacc=0.4984 mcc=-0.0137 (iters=644, 12s)
14:40:09     -- run3_sub0
14:40:18       seed 3: ce=0.20282 acc=0.9390 bacc=0.4989 mcc=-0.0112 (iters=194, 10s)
14:40:18     -- run4_sub0
14:40:32       seed 4: ce=0.19942 acc=0.9410 bacc=0.5000 mcc=0.0000 (iters=427, 14s)
14:40:32 
  protocol A -- validation is an internal split of the given context (poisoned when the context is)
14:40:32     metric                          clean          poisoned             delta      rel% |          TabPFN d  TabPFN rel%  transfer%
14:40:32     -------------------------------------------------------------------------------------------------------------------------------
14:40:32     ce                    0.2028 ± 0.0042   0.2034 ± 0.0023  +0.0006 ± 0.0047      +0.3 |  +0.0036 ± 0.0004         +1.8        +16
14:40:32     accuracy              0.9410 ± 0.0000   0.9398 ± 0.0012  -0.0012 ± 0.0012      -0.1 |  +0.0000 ± 0.0000         +0.0          -
14:40:32     balanced_accuracy     0.5000 ± 0.0000   0.4994 ± 0.0006  -0.0006 ± 0.0006      -0.1 |  +0.0000 ± 0.0000         +0.0          -
14:40:32     mcc                   0.0000 ± 0.0000  -0.0066 ± 0.0057  -0.0066 ± 0.0057         - |  +0.0000 ± 0.0000            -          -
14:40:32     roc_auc               0.7359 ± 0.0219   0.7444 ± 0.0068  +0.0085 ± 0.0213      +1.2 |  -0.0108 ± 0.0026         -1.5        -78
14:40:32     f1                    0.0000 ± 0.0000   0.0000 ± 0.0000  +0.0000 ± 0.0000         - |  +0.0000 ± 0.0000            -          -
14:40:32     transfer% = XGBoost delta / TabPFNv2 delta; 100 means the poison hurts both equally.
14:40:32     '~' marks a ratio whose denominator is near zero or inside its own spread -- read the absolute columns there.
14:40:32 
== protocol B: validation is the separate clean --val file
14:40:32     clean baseline: 5 fits reused from /home/ssn899/Desktop/TabFM/results/xgb_transfer/_clean_cache/clean_c4f0e36e0ee1f7d8a8f9bce8.json
14:40:32     poisoned (5 contexts)
14:40:32     -- run0_sub1
14:40:42       seed 0: ce=0.19980 acc=0.9410 bacc=0.5000 mcc=0.0000 (iters=81, 10s)
14:40:42     -- run1_sub2
14:40:53       seed 1: ce=0.19958 acc=0.9410 bacc=0.5000 mcc=0.0000 (iters=249, 10s)
14:40:53     -- run2_sub0
14:41:04       seed 2: ce=0.19722 acc=0.9410 bacc=0.5000 mcc=0.0000 (iters=171, 12s)
14:41:04     -- run3_sub0
14:41:13       seed 3: ce=0.20120 acc=0.9410 bacc=0.5000 mcc=0.0000 (iters=74, 9s)
14:41:13     -- run4_sub0
14:41:24       seed 4: ce=0.19966 acc=0.9410 bacc=0.5000 mcc=0.0000 (iters=96, 10s)
14:41:24 
  protocol B -- validation is the separate clean --val file
14:41:24     metric                          clean          poisoned             delta      rel% |          TabPFN d  TabPFN rel%  transfer%
14:41:24     -------------------------------------------------------------------------------------------------------------------------------
14:41:24     ce                    0.1992 ± 0.0015   0.1995 ± 0.0013  +0.0002 ± 0.0014      +0.1 |  +0.0036 ± 0.0004         +1.8         +7
14:41:24     accuracy              0.9410 ± 0.0000   0.9410 ± 0.0000  +0.0000 ± 0.0000      +0.0 |  +0.0000 ± 0.0000         +0.0          -
14:41:24     balanced_accuracy     0.5000 ± 0.0000   0.5000 ± 0.0000  +0.0000 ± 0.0000      +0.0 |  +0.0000 ± 0.0000         +0.0          -
14:41:24     mcc                   0.0000 ± 0.0000   0.0000 ± 0.0000  +0.0000 ± 0.0000         - |  +0.0000 ± 0.0000            -          -
14:41:24     roc_auc               0.7533 ± 0.0058   0.7506 ± 0.0045  -0.0026 ± 0.0062      -0.4 |  -0.0108 ± 0.0026         -1.5        +24
14:41:24     f1                    0.0000 ± 0.0000   0.0000 ± 0.0000  +0.0000 ± 0.0000         - |  +0.0000 ± 0.0000            -          -
14:41:24     transfer% = XGBoost delta / TabPFNv2 delta; 100 means the poison hurts both equally.
14:41:24     '~' marks a ratio whose denominator is near zero or inside its own spread -- read the absolute columns there.
14:41:24 
wrote /home/ssn899/Desktop/TabFM/results/xgb_transfer/coil2000_insurance_policies/x-capgd_random_r016/summary.json
