04:01:56 [label-flip-ga] datasets/url_unique/splits/selected/natural/context_1000.csv (1000x63) -> datasets/url_unique/splits/test_attack_1000.csv (1000 of 1000)  k=300 (30.0%)  attack_class=None  grid 2x2  cuda:3
04:01:58   clean  ce=0.10358 auc=0.9928 acc=0.9620 f1=0.9613  max|dp| over 3 repeats=0.00e+00  chunking_exact=True  [1.4s]
04:01:58   GA: GAConfig(population=32, generations=20, elite=2, tournament=3, crossover_prob=0.9, mutation_rate=None, seed_full=True, patience=8, batch_size=16, fitness_test_rows=None)
04:01:58   -- trial run0_sub0
04:01:59     note: batched-fitness vs evaluate_context CE offset 1.04e-02 (ranking-only; final metrics use evaluate_context)
04:02:06     gen   0  best 0.57123  mean 0.34254  best_so_far 0.57123  flips 300  evals 32
04:02:11     gen   1  best 0.57123  mean 0.39111  best_so_far 0.57123  flips 300  evals 62
04:02:17     gen   2  best 0.57123  mean 0.42024  best_so_far 0.57123  flips 300  evals 92
04:02:23     gen   3  best 0.57123  mean 0.43393  best_so_far 0.57123  flips 300  evals 120
04:02:28     gen   4  best 0.57123  mean 0.44070  best_so_far 0.57123  flips 300  evals 148
04:02:34     gen   5  best 0.57123  mean 0.45466  best_so_far 0.57123  flips 300  evals 177
04:02:39     gen   6  best 0.57658  mean 0.48255  best_so_far 0.57658  flips 300  evals 207
04:02:45     gen   7  best 0.57658  mean 0.51780  best_so_far 0.57658  flips 300  evals 236
04:02:51     gen   8  best 0.58944  mean 0.54235  best_so_far 0.58944  flips 300  evals 266
04:02:56     gen   9  best 0.60099  mean 0.55421  best_so_far 0.60099  flips 300  evals 295
04:03:02     gen  10  best 0.60906  mean 0.57357  best_so_far 0.60906  flips 300  evals 323
04:03:08     gen  11  best 0.60906  mean 0.58687  best_so_far 0.60906  flips 300  evals 353
04:03:13     gen  12  best 0.60906  mean 0.58745  best_so_far 0.60906  flips 300  evals 381
04:03:19     gen  13  best 0.62122  mean 0.60149  best_so_far 0.62122  flips 299  evals 410
04:03:24     gen  14  best 0.62977  mean 0.59856  best_so_far 0.62977  flips 298  evals 440
04:03:30     gen  15  best 0.63948  mean 0.61097  best_so_far 0.63948  flips 298  evals 468
04:03:35     gen  16  best 0.63948  mean 0.60552  best_so_far 0.63948  flips 298  evals 497
04:03:41     gen  17  best 0.64095  mean 0.61782  best_so_far 0.64095  flips 300  evals 525
04:03:45     gen  18  best 0.64362  mean 0.62647  best_so_far 0.64362  flips 299  evals 548
04:03:51     gen  19  best 0.64726  mean 0.62798  best_so_far 0.64726  flips 300  evals 577
04:03:57     gen  20  best 0.65273  mean 0.63363  best_so_far 0.65273  flips 296  evals 606
04:03:57      GA: 296/300 flips from pool 1000, 606 evals, 20 gens; influence-topk baseline dce=+0.47805 dacc=-0.1930
04:03:57      poisoned ce=0.64137 auc=0.8180 acc=0.7610 f1=0.7231  dce=+0.53779 dacc=-0.2010  k=296  [118.6s]
04:03:57   -- trial run0_sub1
04:03:58     note: batched-fitness vs evaluate_context CE offset 1.04e-02 (ranking-only; final metrics use evaluate_context)
04:04:04     gen   0  best 0.57123  mean 0.33009  best_so_far 0.57123  flips 300  evals 32
04:04:10     gen   1  best 0.57123  mean 0.39250  best_so_far 0.57123  flips 300  evals 61
04:04:15     gen   2  best 0.57123  mean 0.41729  best_so_far 0.57123  flips 300  evals 90
04:04:21     gen   3  best 0.57123  mean 0.43748  best_so_far 0.57123  flips 300  evals 118
04:04:27     gen   4  best 0.57123  mean 0.44660  best_so_far 0.57123  flips 300  evals 148
04:04:32     gen   5  best 0.58041  mean 0.46630  best_so_far 0.58041  flips 300  evals 176
04:04:37     gen   6  best 0.58041  mean 0.48693  best_so_far 0.58041  flips 300  evals 202
04:04:42     gen   7  best 0.58041  mean 0.52560  best_so_far 0.58041  flips 300  evals 229
04:04:48     gen   8  best 0.58041  mean 0.55124  best_so_far 0.58041  flips 300  evals 259
04:04:53     gen   9  best 0.58041  mean 0.56467  best_so_far 0.58041  flips 300  evals 286
04:04:59     gen  10  best 0.58693  mean 0.57035  best_so_far 0.58693  flips 300  evals 313
04:05:04     gen  11  best 0.58846  mean 0.57260  best_so_far 0.58846  flips 300  evals 341
04:05:09     gen  12  best 0.60996  mean 0.57981  best_so_far 0.60996  flips 300  evals 366
04:05:14     gen  13  best 0.61667  mean 0.58598  best_so_far 0.61667  flips 300  evals 394
04:05:20     gen  14  best 0.63019  mean 0.59480  best_so_far 0.63019  flips 300  evals 423
04:05:25     gen  15  best 0.63578  mean 0.59780  best_so_far 0.63578  flips 298  evals 450
04:05:31     gen  16  best 0.63578  mean 0.61167  best_so_far 0.63578  flips 298  evals 479
04:05:36     gen  17  best 0.64177  mean 0.62286  best_so_far 0.64177  flips 296  evals 507
04:05:42     gen  18  best 0.64315  mean 0.62852  best_so_far 0.64315  flips 296  evals 535
04:05:47     gen  19  best 0.64450  mean 0.62927  best_so_far 0.64450  flips 297  evals 564
04:05:53     gen  20  best 0.65442  mean 0.63036  best_so_far 0.65442  flips 300  evals 594
04:05:54      GA: 300/300 flips from pool 1000, 594 evals, 20 gens; influence-topk baseline dce=+0.47805 dacc=-0.1930
04:05:54      poisoned ce=0.64537 auc=0.8097 acc=0.7360 f1=0.6842  dce=+0.54179 dacc=-0.2260  k=300  [116.5s]
04:05:54   -- trial run1_sub0
04:05:55     note: batched-fitness vs evaluate_context CE offset 1.04e-02 (ranking-only; final metrics use evaluate_context)
04:06:01     gen   0  best 0.57123  mean 0.34793  best_so_far 0.57123  flips 300  evals 32
04:06:07     gen   1  best 0.57123  mean 0.40527  best_so_far 0.57123  flips 300  evals 62
04:06:12     gen   2  best 0.57496  mean 0.43538  best_so_far 0.57496  flips 300  evals 90
04:06:17     gen   3  best 0.57496  mean 0.44622  best_so_far 0.57496  flips 300  evals 116
04:06:23     gen   4  best 0.57496  mean 0.46622  best_so_far 0.57496  flips 300  evals 145
04:06:28     gen   5  best 0.61068  mean 0.49641  best_so_far 0.61068  flips 299  evals 174
04:06:34     gen   6  best 0.61479  mean 0.53438  best_so_far 0.61479  flips 291  evals 203
04:06:39     gen   7  best 0.61723  mean 0.57060  best_so_far 0.61723  flips 296  evals 230
04:06:44     gen   8  best 0.61723  mean 0.59707  best_so_far 0.61723  flips 296  evals 257
04:06:50     gen   9  best 0.63012  mean 0.60709  best_so_far 0.63012  flips 298  evals 286
04:06:55     gen  10  best 0.64257  mean 0.61163  best_so_far 0.64257  flips 298  evals 313
04:07:00     gen  11  best 0.64257  mean 0.62008  best_so_far 0.64257  flips 298  evals 339
04:07:06     gen  12  best 0.64257  mean 0.62168  best_so_far 0.64257  flips 298  evals 368
04:07:11     gen  13  best 0.64606  mean 0.62922  best_so_far 0.64606  flips 299  evals 395
04:07:16     gen  14  best 0.65675  mean 0.63589  best_so_far 0.65675  flips 299  evals 421
04:07:22     gen  15  best 0.65675  mean 0.63384  best_so_far 0.65675  flips 299  evals 450
04:07:28     gen  16  best 0.65820  mean 0.63561  best_so_far 0.65820  flips 300  evals 480
04:07:33     gen  17  best 0.65820  mean 0.64143  best_so_far 0.65820  flips 300  evals 508
04:07:38     gen  18  best 0.66799  mean 0.63757  best_so_far 0.66799  flips 296  evals 535
04:07:44     gen  19  best 0.67565  mean 0.65318  best_so_far 0.67565  flips 294  evals 563
04:07:49     gen  20  best 0.67830  mean 0.65640  best_so_far 0.67830  flips 300  evals 591
04:07:50      GA: 300/300 flips from pool 1000, 591 evals, 20 gens; influence-topk baseline dce=+0.47805 dacc=-0.1930
04:07:50      poisoned ce=0.67441 auc=0.8113 acc=0.7610 f1=0.7198  dce=+0.57083 dacc=-0.2010  k=300  [116.0s]
04:07:50   -- trial run1_sub1
04:07:51     note: batched-fitness vs evaluate_context CE offset 1.04e-02 (ranking-only; final metrics use evaluate_context)
04:07:57     gen   0  best 0.57123  mean 0.36324  best_so_far 0.57123  flips 300  evals 32
04:08:03     gen   1  best 0.57123  mean 0.42400  best_so_far 0.57123  flips 300  evals 62
04:08:08     gen   2  best 0.57123  mean 0.44835  best_so_far 0.57123  flips 300  evals 89
04:08:13     gen   3  best 0.57123  mean 0.45503  best_so_far 0.57123  flips 300  evals 118
04:08:19     gen   4  best 0.57123  mean 0.46630  best_so_far 0.57123  flips 300  evals 145
04:08:24     gen   5  best 0.57123  mean 0.48660  best_so_far 0.57123  flips 300  evals 173
04:08:30     gen   6  best 0.58116  mean 0.49424  best_so_far 0.58116  flips 300  evals 202
04:08:35     gen   7  best 0.58251  mean 0.53806  best_so_far 0.58251  flips 299  evals 230
04:08:40     gen   8  best 0.58748  mean 0.56838  best_so_far 0.58748  flips 300  evals 256
04:08:45     gen   9  best 0.60482  mean 0.57550  best_so_far 0.60482  flips 300  evals 282
04:08:50     gen  10  best 0.60482  mean 0.58223  best_so_far 0.60482  flips 300  evals 309
04:08:56     gen  11  best 0.61318  mean 0.58505  best_so_far 0.61318  flips 300  evals 339
04:09:02     gen  12  best 0.61318  mean 0.58482  best_so_far 0.61318  flips 300  evals 368
04:09:07     gen  13  best 0.61318  mean 0.59633  best_so_far 0.61318  flips 300  evals 396
04:09:13     gen  14  best 0.61863  mean 0.59775  best_so_far 0.61863  flips 299  evals 424
04:09:18     gen  15  best 0.62571  mean 0.60697  best_so_far 0.62571  flips 299  evals 452
04:09:24     gen  16  best 0.63073  mean 0.60166  best_so_far 0.63073  flips 300  evals 481
04:09:29     gen  17  best 0.65146  mean 0.61240  best_so_far 0.65146  flips 300  evals 507
04:09:34     gen  18  best 0.65146  mean 0.61767  best_so_far 0.65146  flips 300  evals 536
04:09:40     gen  19  best 0.65535  mean 0.63048  best_so_far 0.65535  flips 299  evals 564
04:09:45     gen  20  best 0.65735  mean 0.63506  best_so_far 0.65735  flips 297  evals 593
04:09:46      GA: 297/300 flips from pool 1000, 593 evals, 20 gens; influence-topk baseline dce=+0.47805 dacc=-0.1930
04:09:46      poisoned ce=0.66175 auc=0.8104 acc=0.7430 f1=0.6987  dce=+0.55817 dacc=-0.2190  k=297  [116.2s]
04:09:46   mean over 4 trials: dce=+0.55214 dacc=-0.2117 dauc=-0.1804  -> results/ga_smoke2/url_unique_ga
