14:57:17 xgboost: train=/home/ssn899/Desktop/TabFM/datasets/lcld_v2/splits/selected/natural/context_5000.csv (5000 rows)  test=/home/ssn899/Desktop/TabFM/datasets/lcld_v2/splits/test_attack_1000.csv (1000 rows)  target=charged_off  drop=('issue_d',)
14:57:17 rebuilt 5 per-run-best contexts from /home/ssn899/Desktop/TabFM/results/main_experiments/lcld_v2/x-capgd_random_r016: run0_sub1, run1_sub2, run2_sub2, run3_sub2, run4_sub1  (attack=x-capgd, R=16.0%, k=800)
14:57:17 clean val=/home/ssn899/Desktop/TabFM/datasets/lcld_v2/splits/val_2000.csv (2000 rows)
14:57:17 
== protocol A: validation is an internal split of the given context (poisoned when the context is)
14:57:17     clean baseline: 5 fits reused from /home/ssn899/Desktop/TabFM/results/xgb_transfer/_clean_cache/clean_30e6ec053d00aa31b9937449.json
14:57:17     poisoned (5 contexts)
14:57:17     -- run0_sub1
14:57:29       seed 0: ce=0.48263 acc=0.7880 bacc=0.5175 mcc=0.0685 (iters=69, 12s)
14:57:29     -- run1_sub2
14:57:45       seed 1: ce=0.46052 acc=0.8020 bacc=0.5166 mcc=0.0968 (iters=672, 15s)
14:57:45     -- run2_sub2
14:57:54       seed 2: ce=0.45707 acc=0.8050 bacc=0.5051 mcc=0.0904 (iters=59, 9s)
14:57:54     -- run3_sub2
14:58:03       seed 3: ce=0.45786 acc=0.8020 bacc=0.5051 mcc=0.0489 (iters=25, 9s)
14:58:03     -- run4_sub1
14:58:12       seed 4: ce=0.46468 acc=0.8000 bacc=0.5154 mcc=0.0853 (iters=41, 9s)
14:58:12 
  protocol A -- validation is an internal split of the given context (poisoned when the context is)
14:58:12     metric                          clean          poisoned             delta      rel% |          TabPFN d  TabPFN rel%  transfer%
14:58:12     -------------------------------------------------------------------------------------------------------------------------------
14:58:12     ce                    0.4521 ± 0.0011   0.4646 ± 0.0094  +0.0124 ± 0.0093      +2.7 |  +0.0404 ± 0.0038         +8.9        +31
14:58:12     accuracy              0.8038 ± 0.0007   0.7994 ± 0.0059  -0.0044 ± 0.0060      -0.5 |  -0.0052 ± 0.0021         -0.6        +85
14:58:12     balanced_accuracy     0.5066 ± 0.0045   0.5119 ± 0.0056  +0.0053 ± 0.0055      +1.0 |  -0.0189 ± 0.0051         -3.6        -28
14:58:12     mcc                   0.0638 ± 0.0336   0.0780 ± 0.0173  +0.0142 ± 0.0193    ~+22.2 |  -0.0772 ± 0.0273        -51.4        -18
14:58:12     roc_auc               0.7107 ± 0.0015   0.6909 ± 0.0126  -0.0198 ± 0.0140      -2.8 |  -0.0420 ± 0.0040         -5.9        +47
14:58:12     f1                    0.0311 ± 0.0219   0.0664 ± 0.0363  +0.0353 ± 0.0368   ~+113.6 |  -0.0703 ± 0.0192       ~-52.5        -50
14:58:12     transfer% = XGBoost delta / TabPFNv2 delta; 100 means the poison hurts both equally.
14:58:12     '~' marks a ratio whose denominator is near zero or inside its own spread -- read the absolute columns there.
14:58:12 
== protocol B: validation is the separate clean --val file
14:58:12     clean baseline: 5 fits reused from /home/ssn899/Desktop/TabFM/results/xgb_transfer/_clean_cache/clean_513785100e13fff7394bccd6.json
14:58:12     poisoned (5 contexts)
14:58:12     -- run0_sub1
14:58:20       seed 0: ce=0.45670 acc=0.8050 bacc=0.5147 mcc=0.1070 (iters=22, 8s)
14:58:20     -- run1_sub2
14:58:29       seed 1: ce=0.45668 acc=0.8010 bacc=0.5045 mcc=0.0402 (iters=122, 9s)
14:58:29     -- run2_sub2
14:58:40       seed 2: ce=0.45509 acc=0.8030 bacc=0.5115 mcc=0.0840 (iters=73, 11s)
14:58:40     -- run3_sub2
14:58:49       seed 3: ce=0.45418 acc=0.8020 bacc=0.5090 mcc=0.0683 (iters=111, 9s)
14:58:49     -- run4_sub1
14:59:02       seed 4: ce=0.45395 acc=0.8020 bacc=0.4994 mcc=-0.0157 (iters=115, 13s)
14:59:02 
  protocol B -- validation is the separate clean --val file
14:59:02     metric                          clean          poisoned             delta      rel% |          TabPFN d  TabPFN rel%  transfer%
14:59:02     -------------------------------------------------------------------------------------------------------------------------------
14:59:02     ce                    0.4516 ± 0.0024   0.4553 ± 0.0012  +0.0037 ± 0.0018      +0.8 |  +0.0404 ± 0.0038         +8.9         +9
14:59:02     accuracy              0.8034 ± 0.0010   0.8026 ± 0.0014  -0.0008 ± 0.0015      -0.1 |  -0.0052 ± 0.0021         -0.6        +15
14:59:02     balanced_accuracy     0.5106 ± 0.0051   0.5078 ± 0.0054  -0.0028 ± 0.0083      -0.5 |  -0.0189 ± 0.0051         -3.6        +15
14:59:02     mcc                   0.0817 ± 0.0208   0.0568 ± 0.0422  -0.0249 ± 0.0509    ~-30.5 |  -0.0772 ± 0.0273        -51.4        +32
14:59:02     roc_auc               0.7127 ± 0.0057   0.7051 ± 0.0044  -0.0076 ± 0.0037      -1.1 |  -0.0420 ± 0.0040         -5.9        +18
14:59:02     f1                    0.0515 ± 0.0237   0.0403 ± 0.0237  -0.0112 ± 0.0387    ~-21.7 |  -0.0703 ± 0.0192       ~-52.5        +16
14:59:02     transfer% = XGBoost delta / TabPFNv2 delta; 100 means the poison hurts both equally.
14:59:02     '~' marks a ratio whose denominator is near zero or inside its own spread -- read the absolute columns there.
14:59:02 
wrote /home/ssn899/Desktop/TabFM/results/xgb_transfer/lcld_v2/x-capgd_random_r016/summary.json
