15:10:25 xgboost: train=/home/ssn899/Desktop/TabFM/datasets/url_unique/splits/selected/natural/context_5000.csv (5000 rows)  test=/home/ssn899/Desktop/TabFM/datasets/url_unique/splits/test_attack_1000.csv (1000 rows)  target=is_phishing  drop=()
15:10:25 rebuilt 5 per-run-best contexts from /home/ssn899/Desktop/TabFM/results/main_experiments/url_unique/x-capgd_random_r001: run0_sub2, run1_sub0, run2_sub0, run3_sub0, run4_sub1  (attack=x-capgd, R=1.0%, k=50)
15:10:25 clean val=/home/ssn899/Desktop/TabFM/datasets/url_unique/splits/val_2000.csv (2000 rows)
15:10:25 
== protocol A: validation is an internal split of the given context (poisoned when the context is)
15:10:25     clean baseline (5 fits)
15:10:43       seed 0: ce=0.09632 acc=0.9700 bacc=0.9699 mcc=0.9400 (iters=46, 19s)
15:11:21       seed 1: ce=0.09968 acc=0.9700 bacc=0.9700 mcc=0.9400 (iters=1202, 37s)
15:11:49       seed 2: ce=0.09317 acc=0.9670 bacc=0.9670 mcc=0.9340 (iters=264, 29s)
15:12:17       seed 3: ce=0.09688 acc=0.9660 bacc=0.9661 mcc=0.9320 (iters=569, 28s)
15:12:37       seed 4: ce=0.09648 acc=0.9700 bacc=0.9701 mcc=0.9400 (iters=59, 20s)
15:12:37     poisoned (5 contexts)
15:12:37     -- run0_sub2
15:12:57       seed 0: ce=0.11877 acc=0.9610 bacc=0.9610 mcc=0.9220 (iters=74, 20s)
15:12:57     -- run1_sub0
15:13:33       seed 1: ce=0.10032 acc=0.9640 bacc=0.9640 mcc=0.9280 (iters=400, 36s)
15:13:33     -- run2_sub0
15:14:06       seed 2: ce=0.09028 acc=0.9700 bacc=0.9700 mcc=0.9400 (iters=364, 32s)
15:14:06     -- run3_sub0
15:14:31       seed 3: ce=0.09891 acc=0.9620 bacc=0.9621 mcc=0.9240 (iters=280, 26s)
15:14:31     -- run4_sub1
15:14:58       seed 4: ce=0.10181 acc=0.9630 bacc=0.9630 mcc=0.9260 (iters=527, 27s)
15:14:58 
  protocol A -- validation is an internal split of the given context (poisoned when the context is)
15:14:58     metric                          clean          poisoned             delta      rel% |          TabPFN d  TabPFN rel%  transfer%
15:14:58     -------------------------------------------------------------------------------------------------------------------------------
15:14:58     ce                    0.0965 ± 0.0021   0.1020 ± 0.0093  +0.0055 ± 0.0089      +5.7 |  +0.0020 ± 0.0034         +2.1      ~+282
15:14:58     accuracy              0.9686 ± 0.0017   0.9640 ± 0.0032  -0.0046 ± 0.0041      -0.5 |  +0.0042 ± 0.0016         +0.4       -110
15:14:58     balanced_accuracy     0.9686 ± 0.0017   0.9640 ± 0.0031  -0.0046 ± 0.0041      -0.5 |  +0.0042 ± 0.0016         +0.4       -109
15:14:58     mcc                   0.9372 ± 0.0035   0.9280 ± 0.0063  -0.0092 ± 0.0083      -1.0 |  +0.0084 ± 0.0032         +0.9       -110
15:14:58     roc_auc               0.9932 ± 0.0006   0.9927 ± 0.0012  -0.0005 ± 0.0015      -0.0 |  -0.0002 ± 0.0005         -0.0      ~+275
15:14:58     f1                    0.9681 ± 0.0017   0.9635 ± 0.0032  -0.0046 ± 0.0041      -0.5 |  +0.0043 ± 0.0016         +0.4       -107
15:14:58     transfer% = XGBoost delta / TabPFNv2 delta; 100 means the poison hurts both equally.
15:14:58     '~' marks a ratio whose denominator is near zero or inside its own spread -- read the absolute columns there.
15:14:58 
== protocol B: validation is the separate clean --val file
15:14:58     clean baseline (5 fits)
15:15:31       seed 0: ce=0.09698 acc=0.9680 bacc=0.9681 mcc=0.9361 (iters=290, 33s)
15:16:20       seed 1: ce=0.09694 acc=0.9690 bacc=0.9690 mcc=0.9380 (iters=908, 49s)
15:16:59       seed 2: ce=0.09578 acc=0.9660 bacc=0.9660 mcc=0.9320 (iters=812, 39s)
15:17:31       seed 3: ce=0.09389 acc=0.9690 bacc=0.9691 mcc=0.9380 (iters=870, 32s)
15:17:55       seed 4: ce=0.09817 acc=0.9670 bacc=0.9671 mcc=0.9340 (iters=302, 24s)
15:17:55     poisoned (5 contexts)
15:17:55     -- run0_sub2
15:18:22       seed 0: ce=0.09948 acc=0.9650 bacc=0.9650 mcc=0.9300 (iters=170, 26s)
15:18:22     -- run1_sub0
15:19:06       seed 1: ce=0.09838 acc=0.9640 bacc=0.9640 mcc=0.9280 (iters=842, 44s)
15:19:06     -- run2_sub0
15:19:45       seed 2: ce=0.09824 acc=0.9650 bacc=0.9650 mcc=0.9300 (iters=706, 38s)
15:19:45     -- run3_sub0
15:20:16       seed 3: ce=0.09203 acc=0.9720 bacc=0.9720 mcc=0.9440 (iters=795, 31s)
15:20:16     -- run4_sub1
15:20:47       seed 4: ce=0.09696 acc=0.9660 bacc=0.9661 mcc=0.9320 (iters=219, 31s)
15:20:47 
  protocol B -- validation is the separate clean --val file
15:20:47     metric                          clean          poisoned             delta      rel% |          TabPFN d  TabPFN rel%  transfer%
15:20:47     -------------------------------------------------------------------------------------------------------------------------------
15:20:47     ce                    0.0964 ± 0.0014   0.0970 ± 0.0026  +0.0007 ± 0.0018      +0.7 |  +0.0020 ± 0.0034         +2.1       ~+34
15:20:47     accuracy              0.9678 ± 0.0012   0.9664 ± 0.0029  -0.0014 ± 0.0027      -0.1 |  +0.0042 ± 0.0016         +0.4        -33
15:20:47     balanced_accuracy     0.9679 ± 0.0012   0.9664 ± 0.0029  -0.0014 ± 0.0027      -0.1 |  +0.0042 ± 0.0016         +0.4        -34
15:20:47     mcc                   0.9356 ± 0.0023   0.9328 ± 0.0057  -0.0028 ± 0.0053      -0.3 |  +0.0084 ± 0.0032         +0.9        -34
15:20:47     roc_auc               0.9931 ± 0.0003   0.9932 ± 0.0003  +0.0001 ± 0.0003      +0.0 |  -0.0002 ± 0.0005         -0.0       ~-60
15:20:47     f1                    0.9674 ± 0.0012   0.9659 ± 0.0029  -0.0015 ± 0.0027      -0.2 |  +0.0043 ± 0.0016         +0.4        -34
15:20:47     transfer% = XGBoost delta / TabPFNv2 delta; 100 means the poison hurts both equally.
15:20:47     '~' marks a ratio whose denominator is near zero or inside its own spread -- read the absolute columns there.
15:20:47 
wrote /home/ssn899/Desktop/TabFM/results/xgb_transfer/url_unique/x-capgd_random_r001/summary.json
