10:28:20 [x-capgd] /home/ssn899/Desktop/TabFM/datasets/coil2000_insurance_policies/splits/selected/natural/context_5000.csv (5000x85) -> /home/ssn899/Desktop/TabFM/datasets/coil2000_insurance_policies/splits/test_attack_1000.csv (1000 of 1000)  k=3200 (64.0%)  attack_class=None  grid 5x3  cuda:1
10:28:26   clean  ce=0.20246 auc=0.7371 acc=0.9410 f1=0.0000  max|dp| over 3 repeats=0.00e+00  chunking_exact=True  [4.3s]
10:28:26   constraints=full (0 relations, dataset 'coil2000_insurance_policies')  scaler=metadata  mutable 85/85  int 80  cat 5
10:28:26   -- trial run0_sub0
10:28:29     iter   0  obj 0.20246  best 0.20246  step 0.9500
10:28:32     iter   1  obj 0.21438  best 0.21438  step 0.9500  *
10:28:35     iter   2  obj 0.22130  best 0.22130  step 0.9500  *
10:28:38     iter   3  obj 0.22899  best 0.22899  step 0.9500  *
10:28:41     iter   4  obj 0.21409  best 0.22899  step 0.9500
10:28:44     iter   5  obj 0.22018  best 0.22899  step 0.9500
10:28:47     iter   6  obj 0.22654  best 0.22899  step 0.9500
10:28:50     iter   7  obj 0.23312  best 0.23312  step 0.9500  *
10:28:53     iter   8  obj 0.22663  best 0.23312  step 0.4750  halved
10:28:56     iter   9  obj 0.22909  best 0.23312  step 0.4750
10:28:59     iter  10  obj 0.22538  best 0.23312  step 0.4750
10:29:02     iter  11  obj 0.23527  best 0.23527  step 0.4750  *
10:29:05     iter  12  obj 0.22511  best 0.23527  step 0.4750
10:29:08     iter  13  obj 0.22303  best 0.23527  step 0.4750
10:29:11     iter  14  obj 0.24486  best 0.24486  step 0.4750  *
10:29:14     iter  15  obj 0.25486  best 0.25486  step 0.2375  *  halved
10:29:17     iter  16  obj 0.26093  best 0.26093  step 0.2375  *
10:29:20     iter  17  obj 0.27287  best 0.27287  step 0.2375  *
10:29:23     iter  18  obj 0.28301  best 0.28301  step 0.2375  *
10:29:26     iter  19  obj 0.27666  best 0.28301  step 0.2375
10:29:29     iter  20  obj 0.30423  best 0.30423  step 0.2375  *
10:29:32     iter  21  obj 0.30055  best 0.30423  step 0.1188  halved
10:29:35     iter  22  obj 0.29365  best 0.30423  step 0.1188
10:29:38     iter  23  obj 0.31644  best 0.31644  step 0.1188  *
10:29:41     iter  24  obj 0.32855  best 0.32855  step 0.1188  *
10:29:44     iter  25  obj 0.31757  best 0.32855  step 0.1188
10:29:47     iter  26  obj 0.26839  best 0.32855  step 0.0594  halved
10:29:50     iter  27  obj 0.35520  best 0.35520  step 0.0594  *
10:29:53     iter  28  obj 0.33164  best 0.35520  step 0.0594
10:29:56     iter  29  obj 0.35878  best 0.35878  step 0.0594  *
10:30:00     iter  30  obj 0.40833  best 0.40833  step 0.0297  *  halved
10:30:03     iter  31  obj 0.51142  best 0.51142  step 0.0297  *
10:30:06     iter  32  obj 0.56544  best 0.56544  step 0.0297  *
10:30:09     iter  33  obj 0.69404  best 0.69404  step 0.0297  *
10:30:12     iter  34  obj 0.65103  best 0.69404  step 0.0297
10:30:15     iter  35  obj 0.69809  best 0.69809  step 0.0148  *  halved
10:30:18     iter  36  obj 0.78985  best 0.78985  step 0.0148  *
10:30:21     iter  37  obj 0.86470  best 0.86470  step 0.0148  *
10:30:24     iter  38  obj 0.83615  best 0.86470  step 0.0148
10:30:27     iter  39  obj 0.87808  best 0.87808  step 0.0074  *  halved
10:30:30     iter  40  obj 0.98663  best 0.98663  step 0.0074  *
10:30:32      poisoned ce=0.20248 auc=0.7441 acc=0.9410 f1=0.0000  dce=+0.00001 dacc=+0.0000  k=3200  [125.7s]
10:30:32   -- trial run0_sub1
10:30:35     iter   0  obj 0.20246  best 0.20246  step 0.9500
10:30:38     iter   1  obj 0.21892  best 0.21892  step 0.9500  *
10:30:41     iter   2  obj 0.22363  best 0.22363  step 0.9500  *
10:30:44     iter   3  obj 0.21766  best 0.22363  step 0.9500
10:30:47     iter   4  obj 0.22670  best 0.22670  step 0.9500  *
10:30:50     iter   5  obj 0.22190  best 0.22670  step 0.9500
10:30:53     iter   6  obj 0.23892  best 0.23892  step 0.9500  *
10:30:56     iter   7  obj 0.23425  best 0.23892  step 0.9500
10:30:59     iter   8  obj 0.24249  best 0.24249  step 0.4750  *  halved
10:31:02     iter   9  obj 0.23759  best 0.24249  step 0.4750
10:31:05     iter  10  obj 0.22160  best 0.24249  step 0.4750
10:31:08     iter  11  obj 0.23026  best 0.24249  step 0.4750
10:31:11     iter  12  obj 0.23652  best 0.24249  step 0.4750
10:31:14     iter  13  obj 0.25147  best 0.25147  step 0.4750  *
10:31:17     iter  14  obj 0.23668  best 0.25147  step 0.4750
10:31:20     iter  15  obj 0.24158  best 0.25147  step 0.2375  halved
10:31:23     iter  16  obj 0.26995  best 0.26995  step 0.2375  *
10:31:26     iter  17  obj 0.24322  best 0.26995  step 0.2375
10:31:29     iter  18  obj 0.25111  best 0.26995  step 0.2375
10:31:32     iter  19  obj 0.27535  best 0.27535  step 0.2375  *
10:31:35     iter  20  obj 0.25371  best 0.27535  step 0.2375
10:31:38     iter  21  obj 0.22602  best 0.27535  step 0.1188  halved
10:31:41     iter  22  obj 0.28926  best 0.28926  step 0.1188  *
10:31:44     iter  23  obj 0.30497  best 0.30497  step 0.1188  *
10:31:47     iter  24  obj 0.27743  best 0.30497  step 0.1188
10:31:50     iter  25  obj 0.32654  best 0.32654  step 0.1188  *
10:31:53     iter  26  obj 0.35443  best 0.35443  step 0.1188  *
10:31:56     iter  27  obj 0.36677  best 0.36677  step 0.1188  *
10:31:59     iter  28  obj 0.37757  best 0.37757  step 0.1188  *
10:32:02     iter  29  obj 0.39663  best 0.39663  step 0.1188  *
10:32:05     iter  30  obj 0.45630  best 0.45630  step 0.1188  *
10:32:08     iter  31  obj 0.40517  best 0.45630  step 0.1188
10:32:11     iter  32  obj 0.39954  best 0.45630  step 0.1188
10:32:14     iter  33  obj 0.33907  best 0.45630  step 0.0594  halved
10:32:17     iter  34  obj 0.25262  best 0.45630  step 0.0594
10:32:20     iter  35  obj 0.42515  best 0.45630  step 0.0297  halved
10:32:24     iter  36  obj 0.43130  best 0.45630  step 0.0297
10:32:27     iter  37  obj 0.59564  best 0.59564  step 0.0297  *
10:32:30     iter  38  obj 0.61455  best 0.61455  step 0.0297  *
10:32:33     iter  39  obj 0.67373  best 0.67373  step 0.0297  *
10:32:36     iter  40  obj 0.82468  best 0.82468  step 0.0297  *
10:32:38      poisoned ce=0.20416 auc=0.7313 acc=0.9410 f1=0.0000  dce=+0.00170 dacc=+0.0000  k=3200  [125.9s]
10:32:38   -- trial run0_sub2
10:32:41     iter   0  obj 0.20246  best 0.20246  step 0.9500
10:32:44     iter   1  obj 0.20830  best 0.20830  step 0.9500  *
10:32:47     iter   2  obj 0.21085  best 0.21085  step 0.9500  *
10:32:50     iter   3  obj 0.22185  best 0.22185  step 0.9500  *
10:32:53     iter   4  obj 0.21426  best 0.22185  step 0.9500
10:32:56     iter   5  obj 0.21344  best 0.22185  step 0.9500
10:32:59     iter   6  obj 0.22214  best 0.22214  step 0.9500  *
10:33:02     iter   7  obj 0.21193  best 0.22214  step 0.9500
10:33:05     iter   8  obj 0.21586  best 0.22214  step 0.4750  halved
10:33:08     iter   9  obj 0.21664  best 0.22214  step 0.4750
10:33:11     iter  10  obj 0.22120  best 0.22214  step 0.4750
10:33:14     iter  11  obj 0.21797  best 0.22214  step 0.4750
10:33:17     iter  12  obj 0.22319  best 0.22319  step 0.4750  *
10:33:20     iter  13  obj 0.21962  best 0.22319  step 0.4750
10:33:23     iter  14  obj 0.21940  best 0.22319  step 0.4750
10:33:26     iter  15  obj 0.21581  best 0.22319  step 0.2375  halved
10:33:29     iter  16  obj 0.22406  best 0.22406  step 0.2375  *
10:33:32     iter  17  obj 0.22982  best 0.22982  step 0.2375  *
10:33:35     iter  18  obj 0.26298  best 0.26298  step 0.2375  *
10:33:38     iter  19  obj 0.26434  best 0.26434  step 0.2375  *
10:33:41     iter  20  obj 0.28800  best 0.28800  step 0.2375  *
10:33:44     iter  21  obj 0.29148  best 0.29148  step 0.2375  *
10:33:47     iter  22  obj 0.29664  best 0.29664  step 0.2375  *
10:33:50     iter  23  obj 0.28654  best 0.29664  step 0.2375
10:33:53     iter  24  obj 0.26177  best 0.29664  step 0.2375
10:33:56     iter  25  obj 0.27688  best 0.29664  step 0.2375
10:33:59     iter  26  obj 0.27436  best 0.29664  step 0.1188  halved
10:34:02     iter  27  obj 0.23992  best 0.29664  step 0.1188
10:34:05     iter  28  obj 0.26385  best 0.29664  step 0.1188
10:34:08     iter  29  obj 0.37096  best 0.37096  step 0.1188  *
10:34:11     iter  30  obj 0.36185  best 0.37096  step 0.0594  halved
10:34:14     iter  31  obj 0.37707  best 0.37707  step 0.0594  *
10:34:17     iter  32  obj 0.39962  best 0.39962  step 0.0594  *
10:34:20     iter  33  obj 0.37658  best 0.39962  step 0.0297  halved
10:34:23     iter  34  obj 0.43008  best 0.43008  step 0.0297  *
10:34:26     iter  35  obj 0.44316  best 0.44316  step 0.0297  *
10:34:29     iter  36  obj 0.50001  best 0.50001  step 0.0297  *
10:34:32     iter  37  obj 0.48874  best 0.50001  step 0.0148  halved
10:34:35     iter  38  obj 0.37255  best 0.50001  step 0.0148
10:34:38     iter  39  obj 0.54658  best 0.54658  step 0.0074  *  halved
10:34:41     iter  40  obj 0.59554  best 0.59554  step 0.0074  *
10:34:43      poisoned ce=0.20328 auc=0.7366 acc=0.9410 f1=0.0000  dce=+0.00082 dacc=+0.0000  k=3200  [125.7s]
10:34:43   -- trial run1_sub0
10:34:46     iter   0  obj 0.20367  best 0.20367  step 0.9500
10:34:49     iter   1  obj 0.22220  best 0.22220  step 0.9500  *
10:34:52     iter   2  obj 0.22603  best 0.22603  step 0.9500  *
10:34:55     iter   3  obj 0.23273  best 0.23273  step 0.9500  *
10:34:58     iter   4  obj 0.22797  best 0.23273  step 0.9500
10:35:01     iter   5  obj 0.23085  best 0.23273  step 0.9500
10:35:04     iter   6  obj 0.23586  best 0.23586  step 0.9500  *
10:35:07     iter   7  obj 0.22668  best 0.23586  step 0.9500
10:35:10     iter   8  obj 0.22144  best 0.23586  step 0.4750  halved
10:35:13     iter   9  obj 0.23618  best 0.23618  step 0.4750  *
10:35:16     iter  10  obj 0.22489  best 0.23618  step 0.4750
10:35:19     iter  11  obj 0.25374  best 0.25374  step 0.4750  *
10:35:23     iter  12  obj 0.22900  best 0.25374  step 0.4750
10:35:26     iter  13  obj 0.23313  best 0.25374  step 0.4750
10:35:29     iter  14  obj 0.22613  best 0.25374  step 0.4750
10:35:32     iter  15  obj 0.23240  best 0.25374  step 0.2375  halved
10:35:35     iter  16  obj 0.23483  best 0.25374  step 0.2375
10:35:38     iter  17  obj 0.25158  best 0.25374  step 0.2375
10:35:41     iter  18  obj 0.22951  best 0.25374  step 0.2375
10:35:44     iter  19  obj 0.22785  best 0.25374  step 0.2375
10:35:47     iter  20  obj 0.24543  best 0.25374  step 0.2375
10:35:50     iter  21  obj 0.23781  best 0.25374  step 0.1188  halved
10:35:53     iter  22  obj 0.25059  best 0.25374  step 0.1188
10:35:56     iter  23  obj 0.26450  best 0.26450  step 0.1188  *
10:35:59     iter  24  obj 0.24988  best 0.26450  step 0.1188
10:36:02     iter  25  obj 0.29637  best 0.29637  step 0.1188  *
10:36:05     iter  26  obj 0.27565  best 0.29637  step 0.0594  halved
10:36:08     iter  27  obj 0.29656  best 0.29656  step 0.0594  *
10:36:11     iter  28  obj 0.29918  best 0.29918  step 0.0594  *
10:36:14     iter  29  obj 0.32271  best 0.32271  step 0.0594  *
10:36:17     iter  30  obj 0.28575  best 0.32271  step 0.0297  halved
10:36:20     iter  31  obj 0.34458  best 0.34458  step 0.0297  *
10:36:23     iter  32  obj 0.41123  best 0.41123  step 0.0297  *
10:36:26     iter  33  obj 0.37364  best 0.41123  step 0.0148  halved
10:36:29     iter  34  obj 0.38442  best 0.41123  step 0.0148
10:36:32     iter  35  obj 0.45834  best 0.45834  step 0.0148  *
10:36:35     iter  36  obj 0.39278  best 0.45834  step 0.0148
10:36:38     iter  37  obj 0.44230  best 0.45834  step 0.0074  halved
10:36:41     iter  38  obj 0.35463  best 0.45834  step 0.0074
10:36:44     iter  39  obj 0.50179  best 0.50179  step 0.0037  *  halved
10:36:47     iter  40  obj 0.54433  best 0.54433  step 0.0037  *
10:36:49      poisoned ce=0.20285 auc=0.7417 acc=0.9410 f1=0.0000  dce=+0.00039 dacc=+0.0000  k=3200  [125.7s]
10:36:49   -- trial run1_sub1
10:36:52     iter   0  obj 0.20401  best 0.20401  step 0.9500
10:36:55     iter   1  obj 0.22343  best 0.22343  step 0.9500  *
10:36:58     iter   2  obj 0.22055  best 0.22343  step 0.9500
10:37:01     iter   3  obj 0.22664  best 0.22664  step 0.9500  *
10:37:04     iter   4  obj 0.22988  best 0.22988  step 0.9500  *
10:37:07     iter   5  obj 0.22215  best 0.22988  step 0.9500
10:37:10     iter   6  obj 0.21706  best 0.22988  step 0.9500
10:37:13     iter   7  obj 0.22135  best 0.22988  step 0.9500
10:37:16     iter   8  obj 0.22258  best 0.22988  step 0.4750  halved
10:37:19     iter   9  obj 0.22784  best 0.22988  step 0.4750
10:37:22     iter  10  obj 0.23391  best 0.23391  step 0.4750  *
10:37:25     iter  11  obj 0.22572  best 0.23391  step 0.4750
10:37:28     iter  12  obj 0.22950  best 0.23391  step 0.4750
10:37:31     iter  13  obj 0.21955  best 0.23391  step 0.4750
10:37:34     iter  14  obj 0.22904  best 0.23391  step 0.4750
10:37:37     iter  15  obj 0.23797  best 0.23797  step 0.2375  *  halved
10:37:40     iter  16  obj 0.24318  best 0.24318  step 0.2375  *
10:37:43     iter  17  obj 0.23557  best 0.24318  step 0.2375
10:37:46     iter  18  obj 0.25427  best 0.25427  step 0.2375  *
10:37:49     iter  19  obj 0.27355  best 0.27355  step 0.2375  *
10:37:52     iter  20  obj 0.26092  best 0.27355  step 0.2375
10:37:55     iter  21  obj 0.28413  best 0.28413  step 0.1188  *  halved
10:37:58     iter  22  obj 0.31004  best 0.31004  step 0.1188  *
10:38:01     iter  23  obj 0.33666  best 0.33666  step 0.1188  *
10:38:04     iter  24  obj 0.37381  best 0.37381  step 0.1188  *
10:38:08     iter  25  obj 0.43732  best 0.43732  step 0.1188  *
10:38:11     iter  26  obj 0.38795  best 0.43732  step 0.1188
10:38:14     iter  27  obj 0.45736  best 0.45736  step 0.1188  *
10:38:17     iter  28  obj 0.48007  best 0.48007  step 0.1188  *
10:38:20     iter  29  obj 0.50699  best 0.50699  step 0.1188  *
10:38:23     iter  30  obj 0.51640  best 0.51640  step 0.1188  *
10:38:26     iter  31  obj 0.48508  best 0.51640  step 0.1188
10:38:29     iter  32  obj 0.46380  best 0.51640  step 0.1188
10:38:32     iter  33  obj 0.40134  best 0.51640  step 0.0594  halved
10:38:35     iter  34  obj 0.45819  best 0.51640  step 0.0594
10:38:38     iter  35  obj 0.35483  best 0.51640  step 0.0297  halved
10:38:41     iter  36  obj 0.70277  best 0.70277  step 0.0297  *
10:38:44     iter  37  obj 0.73080  best 0.73080  step 0.0297  *
10:38:47     iter  38  obj 0.80364  best 0.80364  step 0.0297  *
10:38:50     iter  39  obj 0.82328  best 0.82328  step 0.0297  *
10:38:53     iter  40  obj 0.87745  best 0.87745  step 0.0297  *
10:38:55      poisoned ce=0.22693 auc=0.6949 acc=0.9390 f1=0.0000  dce=+0.02447 dacc=-0.0020  k=3200  [125.7s]
10:38:55   -- trial run1_sub2
10:38:58     iter   0  obj 0.20585  best 0.20585  step 0.9500
10:39:01     iter   1  obj 0.21316  best 0.21316  step 0.9500  *
10:39:04     iter   2  obj 0.21983  best 0.21983  step 0.9500  *
10:39:07     iter   3  obj 0.22657  best 0.22657  step 0.9500  *
10:39:10     iter   4  obj 0.20495  best 0.22657  step 0.9500
10:39:13     iter   5  obj 0.21650  best 0.22657  step 0.9500
10:39:16     iter   6  obj 0.21454  best 0.22657  step 0.9500
10:39:19     iter   7  obj 0.21114  best 0.22657  step 0.9500
10:39:22     iter   8  obj 0.22020  best 0.22657  step 0.4750  halved
10:39:25     iter   9  obj 0.20753  best 0.22657  step 0.4750
10:39:28     iter  10  obj 0.21515  best 0.22657  step 0.4750
10:39:31     iter  11  obj 0.21793  best 0.22657  step 0.4750
10:39:34     iter  12  obj 0.22373  best 0.22657  step 0.4750
10:39:37     iter  13  obj 0.22161  best 0.22657  step 0.4750
10:39:40     iter  14  obj 0.21712  best 0.22657  step 0.4750
10:39:43     iter  15  obj 0.22074  best 0.22657  step 0.2375  halved
10:39:46     iter  16  obj 0.21320  best 0.22657  step 0.2375
10:39:49     iter  17  obj 0.21318  best 0.22657  step 0.2375
10:39:52     iter  18  obj 0.22218  best 0.22657  step 0.2375
10:39:55     iter  19  obj 0.23070  best 0.23070  step 0.2375  *
10:39:58     iter  20  obj 0.22070  best 0.23070  step 0.2375
10:40:01     iter  21  obj 0.23246  best 0.23246  step 0.1188  *  halved
10:40:04     iter  22  obj 0.22445  best 0.23246  step 0.1188
10:40:07     iter  23  obj 0.24347  best 0.24347  step 0.1188  *
10:40:10     iter  24  obj 0.28735  best 0.28735  step 0.1188  *
10:40:13     iter  25  obj 0.31492  best 0.31492  step 0.1188  *
10:40:16     iter  26  obj 0.28241  best 0.31492  step 0.0594  halved
10:40:19     iter  27  obj 0.33510  best 0.33510  step 0.0594  *
10:40:22     iter  28  obj 0.30732  best 0.33510  step 0.0594
10:40:25     iter  29  obj 0.34265  best 0.34265  step 0.0594  *
10:40:28     iter  30  obj 0.34414  best 0.34414  step 0.0297  *  halved
10:40:31     iter  31  obj 0.40677  best 0.40677  step 0.0297  *
10:40:34     iter  32  obj 0.40434  best 0.40677  step 0.0297
10:40:37     iter  33  obj 0.42334  best 0.42334  step 0.0148  *  halved
10:40:40     iter  34  obj 0.39986  best 0.42334  step 0.0148
10:40:43     iter  35  obj 0.48535  best 0.48535  step 0.0074  *  halved
10:40:46     iter  36  obj 0.57031  best 0.57031  step 0.0074  *
10:40:49     iter  37  obj 0.61695  best 0.61695  step 0.0074  *
10:40:52     iter  38  obj 0.66296  best 0.66296  step 0.0074  *
10:40:55     iter  39  obj 0.61244  best 0.66296  step 0.0037  halved
10:40:58     iter  40  obj 0.68282  best 0.68282  step 0.0037  *
10:41:00      poisoned ce=0.21201 auc=0.7214 acc=0.9410 f1=0.0000  dce=+0.00955 dacc=+0.0000  k=3200  [125.7s]
10:41:00   -- trial run2_sub0
10:41:03     iter   0  obj 0.20683  best 0.20683  step 0.9500
10:41:06     iter   1  obj 0.22215  best 0.22215  step 0.9500  *
10:41:09     iter   2  obj 0.22801  best 0.22801  step 0.9500  *
10:41:12     iter   3  obj 0.23625  best 0.23625  step 0.9500  *
10:41:15     iter   4  obj 0.22303  best 0.23625  step 0.9500
10:41:18     iter   5  obj 0.21732  best 0.23625  step 0.9500
10:41:22     iter   6  obj 0.21659  best 0.23625  step 0.9500
10:41:25     iter   7  obj 0.21685  best 0.23625  step 0.9500
10:41:28     iter   8  obj 0.21306  best 0.23625  step 0.4750  halved
10:41:31     iter   9  obj 0.21595  best 0.23625  step 0.4750
10:41:34     iter  10  obj 0.23221  best 0.23625  step 0.4750
10:41:37     iter  11  obj 0.23266  best 0.23625  step 0.4750
10:41:40     iter  12  obj 0.21948  best 0.23625  step 0.4750
10:41:43     iter  13  obj 0.22584  best 0.23625  step 0.4750
10:41:46     iter  14  obj 0.22575  best 0.23625  step 0.4750
10:41:49     iter  15  obj 0.24328  best 0.24328  step 0.2375  *  halved
10:41:52     iter  16  obj 0.23179  best 0.24328  step 0.2375
10:41:55     iter  17  obj 0.23434  best 0.24328  step 0.2375
10:41:58     iter  18  obj 0.22653  best 0.24328  step 0.2375
10:42:01     iter  19  obj 0.22980  best 0.24328  step 0.2375
10:42:04     iter  20  obj 0.23189  best 0.24328  step 0.2375
10:42:07     iter  21  obj 0.24361  best 0.24361  step 0.1188  *  halved
10:42:10     iter  22  obj 0.23979  best 0.24361  step 0.1188
10:42:13     iter  23  obj 0.23836  best 0.24361  step 0.1188
10:42:16     iter  24  obj 0.23725  best 0.24361  step 0.1188
10:42:19     iter  25  obj 0.25196  best 0.25196  step 0.1188  *
10:42:22     iter  26  obj 0.25655  best 0.25655  step 0.0594  *  halved
10:42:25     iter  27  obj 0.26388  best 0.26388  step 0.0594  *
10:42:28     iter  28  obj 0.28999  best 0.28999  step 0.0594  *
10:42:31     iter  29  obj 0.28963  best 0.28999  step 0.0594
10:42:34     iter  30  obj 0.29643  best 0.29643  step 0.0297  *  halved
10:42:37     iter  31  obj 0.34254  best 0.34254  step 0.0297  *
10:42:40     iter  32  obj 0.38785  best 0.38785  step 0.0297  *
10:42:43     iter  33  obj 0.38029  best 0.38785  step 0.0148  halved
10:42:46     iter  34  obj 0.38660  best 0.38785  step 0.0148
10:42:49     iter  35  obj 0.44906  best 0.44906  step 0.0148  *
10:42:52     iter  36  obj 0.43953  best 0.44906  step 0.0148
10:42:55     iter  37  obj 0.44931  best 0.44931  step 0.0074  *  halved
10:42:58     iter  38  obj 0.43783  best 0.44931  step 0.0074
10:43:01     iter  39  obj 0.51451  best 0.51451  step 0.0037  *  halved
10:43:04     iter  40  obj 0.55352  best 0.55352  step 0.0037  *
10:43:06      poisoned ce=0.20574 auc=0.7192 acc=0.9410 f1=0.0000  dce=+0.00328 dacc=+0.0000  k=3200  [125.7s]
10:43:06   -- trial run2_sub1
10:43:09     iter   0  obj 0.20513  best 0.20513  step 0.9500
10:43:12     iter   1  obj 0.20882  best 0.20882  step 0.9500  *
10:43:15     iter   2  obj 0.22679  best 0.22679  step 0.9500  *
10:43:18     iter   3  obj 0.23073  best 0.23073  step 0.9500  *
10:43:21     iter   4  obj 0.21504  best 0.23073  step 0.9500
10:43:24     iter   5  obj 0.22872  best 0.23073  step 0.9500
10:43:27     iter   6  obj 0.22724  best 0.23073  step 0.9500
10:43:30     iter   7  obj 0.22623  best 0.23073  step 0.9500
10:43:33     iter   8  obj 0.24693  best 0.24693  step 0.4750  *  halved
10:43:36     iter   9  obj 0.23026  best 0.24693  step 0.4750
10:43:39     iter  10  obj 0.23171  best 0.24693  step 0.4750
10:43:42     iter  11  obj 0.24415  best 0.24693  step 0.4750
10:43:45     iter  12  obj 0.22233  best 0.24693  step 0.4750
10:43:48     iter  13  obj 0.22538  best 0.24693  step 0.4750
10:43:51     iter  14  obj 0.22658  best 0.24693  step 0.4750
10:43:54     iter  15  obj 0.23957  best 0.24693  step 0.2375  halved
10:43:57     iter  16  obj 0.23206  best 0.24693  step 0.2375
10:44:00     iter  17  obj 0.23348  best 0.24693  step 0.2375
10:44:03     iter  18  obj 0.23650  best 0.24693  step 0.2375
10:44:07     iter  19  obj 0.22312  best 0.24693  step 0.2375
10:44:10     iter  20  obj 0.25046  best 0.25046  step 0.2375  *
10:44:13     iter  21  obj 0.23454  best 0.25046  step 0.1188  halved
10:44:16     iter  22  obj 0.24623  best 0.25046  step 0.1188
10:44:19     iter  23  obj 0.25721  best 0.25721  step 0.1188  *
10:44:22     iter  24  obj 0.27525  best 0.27525  step 0.1188  *
10:44:25     iter  25  obj 0.27175  best 0.27525  step 0.1188
10:44:28     iter  26  obj 0.32387  best 0.32387  step 0.1188  *
10:44:31     iter  27  obj 0.28615  best 0.32387  step 0.1188
10:44:34     iter  28  obj 0.28899  best 0.32387  step 0.1188
10:44:37     iter  29  obj 0.30906  best 0.32387  step 0.1188
10:44:40     iter  30  obj 0.28542  best 0.32387  step 0.0594  halved
10:44:43     iter  31  obj 0.27803  best 0.32387  step 0.0594
10:44:46     iter  32  obj 0.31691  best 0.32387  step 0.0594
10:44:49     iter  33  obj 0.35447  best 0.35447  step 0.0297  *  halved
10:44:52     iter  34  obj 0.35536  best 0.35536  step 0.0297  *
10:44:55     iter  35  obj 0.37376  best 0.37376  step 0.0297  *
10:44:58     iter  36  obj 0.45641  best 0.45641  step 0.0297  *
10:45:01     iter  37  obj 0.45751  best 0.45751  step 0.0297  *
10:45:04     iter  38  obj 0.51590  best 0.51590  step 0.0297  *
10:45:07     iter  39  obj 0.46577  best 0.51590  step 0.0148  halved
10:45:10     iter  40  obj 0.56752  best 0.56752  step 0.0148  *
10:45:12      poisoned ce=0.20780 auc=0.7368 acc=0.9410 f1=0.0000  dce=+0.00534 dacc=+0.0000  k=3200  [125.7s]
10:45:12   -- trial run2_sub2
10:45:15     iter   0  obj 0.20610  best 0.20610  step 0.9500
10:45:18     iter   1  obj 0.21760  best 0.21760  step 0.9500  *
10:45:21     iter   2  obj 0.21601  best 0.21760  step 0.9500
10:45:24     iter   3  obj 0.21665  best 0.21760  step 0.9500
10:45:27     iter   4  obj 0.22532  best 0.22532  step 0.9500  *
10:45:30     iter   5  obj 0.21774  best 0.22532  step 0.9500
10:45:33     iter   6  obj 0.22184  best 0.22532  step 0.9500
10:45:36     iter   7  obj 0.22655  best 0.22655  step 0.9500  *
10:45:39     iter   8  obj 0.21658  best 0.22655  step 0.4750  halved
10:45:42     iter   9  obj 0.22453  best 0.22655  step 0.4750
10:45:45     iter  10  obj 0.23026  best 0.23026  step 0.4750  *
10:45:48     iter  11  obj 0.21471  best 0.23026  step 0.4750
10:45:51     iter  12  obj 0.22637  best 0.23026  step 0.4750
10:45:54     iter  13  obj 0.24948  best 0.24948  step 0.4750  *
10:45:57     iter  14  obj 0.23645  best 0.24948  step 0.4750
10:46:00     iter  15  obj 0.24421  best 0.24948  step 0.2375  halved
10:46:03     iter  16  obj 0.25793  best 0.25793  step 0.2375  *
10:46:06     iter  17  obj 0.29487  best 0.29487  step 0.2375  *
10:46:09     iter  18  obj 0.31785  best 0.31785  step 0.2375  *
10:46:12     iter  19  obj 0.36609  best 0.36609  step 0.2375  *
10:46:15     iter  20  obj 0.33721  best 0.36609  step 0.2375
10:46:18     iter  21  obj 0.32924  best 0.36609  step 0.1188  halved
10:46:21     iter  22  obj 0.47209  best 0.47209  step 0.1188  *
10:46:24     iter  23  obj 0.41717  best 0.47209  step 0.1188
10:46:27     iter  24  obj 0.38557  best 0.47209  step 0.1188
10:46:30     iter  25  obj 0.28746  best 0.47209  step 0.1188
10:46:33     iter  26  obj 0.37813  best 0.47209  step 0.0594  halved
10:46:36     iter  27  obj 0.30170  best 0.47209  step 0.0594
10:46:39     iter  28  obj 0.34835  best 0.47209  step 0.0594
10:46:42     iter  29  obj 0.44346  best 0.47209  step 0.0594
10:46:45     iter  30  obj 0.44742  best 0.47209  step 0.0297  halved
10:46:48     iter  31  obj 0.42797  best 0.47209  step 0.0297
10:46:51     iter  32  obj 0.48175  best 0.48175  step 0.0297  *
10:46:54     iter  33  obj 0.58787  best 0.58787  step 0.0148  *  halved
10:46:57     iter  34  obj 0.62113  best 0.62113  step 0.0148  *
10:47:01     iter  35  obj 0.71794  best 0.71794  step 0.0148  *
10:47:04     iter  36  obj 0.70737  best 0.71794  step 0.0148
10:47:07     iter  37  obj 0.71909  best 0.71909  step 0.0074  *  halved
10:47:10     iter  38  obj 0.87018  best 0.87018  step 0.0074  *
10:47:13     iter  39  obj 0.86760  best 0.87018  step 0.0037  halved
10:47:16     iter  40  obj 0.93217  best 0.93217  step 0.0037  *
10:47:18      poisoned ce=0.19894 auc=0.7572 acc=0.9410 f1=0.0000  dce=-0.00352 dacc=+0.0000  k=3200  [125.7s]
10:47:18   -- trial run3_sub0
10:47:21     iter   0  obj 0.20321  best 0.20321  step 0.9500
10:47:24     iter   1  obj 0.22238  best 0.22238  step 0.9500  *
10:47:27     iter   2  obj 0.22048  best 0.22238  step 0.9500
10:47:30     iter   3  obj 0.21846  best 0.22238  step 0.9500
10:47:33     iter   4  obj 0.22236  best 0.22238  step 0.9500
10:47:36     iter   5  obj 0.22180  best 0.22238  step 0.9500
10:47:39     iter   6  obj 0.23191  best 0.23191  step 0.9500  *
10:47:42     iter   7  obj 0.22874  best 0.23191  step 0.9500
10:47:45     iter   8  obj 0.21737  best 0.23191  step 0.4750  halved
10:47:48     iter   9  obj 0.22627  best 0.23191  step 0.4750
10:47:51     iter  10  obj 0.23085  best 0.23191  step 0.4750
10:47:54     iter  11  obj 0.26571  best 0.26571  step 0.4750  *
10:47:57     iter  12  obj 0.22454  best 0.26571  step 0.4750
10:48:00     iter  13  obj 0.22839  best 0.26571  step 0.4750
10:48:03     iter  14  obj 0.23044  best 0.26571  step 0.4750
10:48:06     iter  15  obj 0.20815  best 0.26571  step 0.2375  halved
10:48:09     iter  16  obj 0.22560  best 0.26571  step 0.2375
10:48:12     iter  17  obj 0.23892  best 0.26571  step 0.2375
10:48:15     iter  18  obj 0.22655  best 0.26571  step 0.2375
10:48:18     iter  19  obj 0.24986  best 0.26571  step 0.2375
10:48:21     iter  20  obj 0.24456  best 0.26571  step 0.2375
10:48:24     iter  21  obj 0.25785  best 0.26571  step 0.1188  halved
10:48:27     iter  22  obj 0.24150  best 0.26571  step 0.1188
10:48:30     iter  23  obj 0.24075  best 0.26571  step 0.1188
10:48:33     iter  24  obj 0.25762  best 0.26571  step 0.1188
10:48:36     iter  25  obj 0.27022  best 0.27022  step 0.1188  *
10:48:39     iter  26  obj 0.28143  best 0.28143  step 0.0594  *  halved
10:48:42     iter  27  obj 0.33248  best 0.33248  step 0.0594  *
10:48:45     iter  28  obj 0.27019  best 0.33248  step 0.0594
10:48:48     iter  29  obj 0.34080  best 0.34080  step 0.0594  *
10:48:51     iter  30  obj 0.31647  best 0.34080  step 0.0297  halved
10:48:54     iter  31  obj 0.34626  best 0.34626  step 0.0297  *
10:48:57     iter  32  obj 0.37793  best 0.37793  step 0.0297  *
10:49:00     iter  33  obj 0.42250  best 0.42250  step 0.0297  *
10:49:03     iter  34  obj 0.30527  best 0.42250  step 0.0297
10:49:06     iter  35  obj 0.39216  best 0.42250  step 0.0148  halved
10:49:09     iter  36  obj 0.35960  best 0.42250  step 0.0148
10:49:12     iter  37  obj 0.44755  best 0.44755  step 0.0074  *  halved
10:49:15     iter  38  obj 0.49191  best 0.49191  step 0.0074  *
10:49:18     iter  39  obj 0.59864  best 0.59864  step 0.0074  *
10:49:21     iter  40  obj 0.68560  best 0.68560  step 0.0074  *
10:49:23      poisoned ce=0.20751 auc=0.7515 acc=0.9400 f1=0.0000  dce=+0.00505 dacc=-0.0010  k=3200  [125.7s]
10:49:23   -- trial run3_sub1
10:49:26     iter   0  obj 0.20528  best 0.20528  step 0.9500
10:49:29     iter   1  obj 0.22686  best 0.22686  step 0.9500  *
10:49:32     iter   2  obj 0.23187  best 0.23187  step 0.9500  *
10:49:35     iter   3  obj 0.23329  best 0.23329  step 0.9500  *
10:49:38     iter   4  obj 0.22560  best 0.23329  step 0.9500
10:49:41     iter   5  obj 0.22724  best 0.23329  step 0.9500
10:49:44     iter   6  obj 0.23699  best 0.23699  step 0.9500  *
10:49:47     iter   7  obj 0.22072  best 0.23699  step 0.9500
10:49:50     iter   8  obj 0.22340  best 0.23699  step 0.4750  halved
10:49:54     iter   9  obj 0.23273  best 0.23699  step 0.4750
10:49:57     iter  10  obj 0.22687  best 0.23699  step 0.4750
10:50:00     iter  11  obj 0.23605  best 0.23699  step 0.4750
10:50:03     iter  12  obj 0.23075  best 0.23699  step 0.4750
10:50:06     iter  13  obj 0.24172  best 0.24172  step 0.4750  *
10:50:09     iter  14  obj 0.23059  best 0.24172  step 0.4750
10:50:12     iter  15  obj 0.23008  best 0.24172  step 0.2375  halved
10:50:15     iter  16  obj 0.25634  best 0.25634  step 0.2375  *
10:50:18     iter  17  obj 0.26635  best 0.26635  step 0.2375  *
10:50:21     iter  18  obj 0.25010  best 0.26635  step 0.2375
10:50:24     iter  19  obj 0.24391  best 0.26635  step 0.2375
10:50:27     iter  20  obj 0.25436  best 0.26635  step 0.2375
10:50:30     iter  21  obj 0.23821  best 0.26635  step 0.1188  halved
10:50:33     iter  22  obj 0.25086  best 0.26635  step 0.1188
10:50:36     iter  23  obj 0.26435  best 0.26635  step 0.1188
10:50:39     iter  24  obj 0.22871  best 0.26635  step 0.1188
10:50:42     iter  25  obj 0.24597  best 0.26635  step 0.1188
10:50:45     iter  26  obj 0.26026  best 0.26635  step 0.1188
10:50:48     iter  27  obj 0.28342  best 0.28342  step 0.1188  *
10:50:51     iter  28  obj 0.30283  best 0.30283  step 0.1188  *
10:50:54     iter  29  obj 0.26952  best 0.30283  step 0.1188
10:50:57     iter  30  obj 0.30696  best 0.30696  step 0.0594  *  halved
10:51:00     iter  31  obj 0.33098  best 0.33098  step 0.0594  *
10:51:03     iter  32  obj 0.42244  best 0.42244  step 0.0594  *
10:51:06     iter  33  obj 0.31555  best 0.42244  step 0.0297  halved
10:51:09     iter  34  obj 0.34117  best 0.42244  step 0.0297
10:51:12     iter  35  obj 0.40259  best 0.42244  step 0.0297
10:51:15     iter  36  obj 0.46323  best 0.46323  step 0.0297  *
10:51:18     iter  37  obj 0.44569  best 0.46323  step 0.0148  halved
10:51:21     iter  38  obj 0.46901  best 0.46901  step 0.0148  *
10:51:24     iter  39  obj 0.52456  best 0.52456  step 0.0148  *
10:51:27     iter  40  obj 0.64515  best 0.64515  step 0.0148  *
10:51:29      poisoned ce=0.22074 auc=0.7039 acc=0.9410 f1=0.0000  dce=+0.01828 dacc=+0.0000  k=3200  [125.7s]
10:51:29   -- trial run3_sub2
10:51:32     iter   0  obj 0.20364  best 0.20364  step 0.9500
10:51:35     iter   1  obj 0.20807  best 0.20807  step 0.9500  *
10:51:38     iter   2  obj 0.21135  best 0.21135  step 0.9500  *
10:51:41     iter   3  obj 0.22419  best 0.22419  step 0.9500  *
10:51:44     iter   4  obj 0.20655  best 0.22419  step 0.9500
10:51:47     iter   5  obj 0.20439  best 0.22419  step 0.9500
10:51:50     iter   6  obj 0.20618  best 0.22419  step 0.9500
10:51:53     iter   7  obj 0.21748  best 0.22419  step 0.9500
10:51:56     iter   8  obj 0.22455  best 0.22455  step 0.4750  *  halved
10:51:59     iter   9  obj 0.21241  best 0.22455  step 0.4750
10:52:02     iter  10  obj 0.21707  best 0.22455  step 0.4750
10:52:05     iter  11  obj 0.23741  best 0.23741  step 0.4750  *
10:52:08     iter  12  obj 0.23940  best 0.23940  step 0.4750  *
10:52:11     iter  13  obj 0.23178  best 0.23940  step 0.4750
10:52:14     iter  14  obj 0.23550  best 0.23940  step 0.4750
10:52:17     iter  15  obj 0.23152  best 0.23940  step 0.2375  halved
10:52:20     iter  16  obj 0.22209  best 0.23940  step 0.2375
10:52:23     iter  17  obj 0.26377  best 0.26377  step 0.2375  *
10:52:26     iter  18  obj 0.28400  best 0.28400  step 0.2375  *
10:52:29     iter  19  obj 0.34451  best 0.34451  step 0.2375  *
10:52:32     iter  20  obj 0.27600  best 0.34451  step 0.2375
10:52:35     iter  21  obj 0.28579  best 0.34451  step 0.1188  halved
10:52:38     iter  22  obj 0.42964  best 0.42964  step 0.1188  *
10:52:41     iter  23  obj 0.31584  best 0.42964  step 0.1188
10:52:45     iter  24  obj 0.36905  best 0.42964  step 0.1188
10:52:48     iter  25  obj 0.42455  best 0.42964  step 0.1188
10:52:51     iter  26  obj 0.45081  best 0.45081  step 0.1188  *
10:52:54     iter  27  obj 0.42378  best 0.45081  step 0.1188
10:52:57     iter  28  obj 0.43007  best 0.45081  step 0.1188
10:53:00     iter  29  obj 0.50496  best 0.50496  step 0.1188  *
10:53:03     iter  30  obj 0.48677  best 0.50496  step 0.0594  halved
10:53:06     iter  31  obj 0.56272  best 0.56272  step 0.0594  *
10:53:09     iter  32  obj 0.60111  best 0.60111  step 0.0594  *
10:53:12     iter  33  obj 0.68137  best 0.68137  step 0.0594  *
10:53:15     iter  34  obj 0.65074  best 0.68137  step 0.0594
10:53:18     iter  35  obj 0.75171  best 0.75171  step 0.0297  *  halved
10:53:21     iter  36  obj 0.66271  best 0.75171  step 0.0297
10:53:24     iter  37  obj 0.66405  best 0.75171  step 0.0148  halved
10:53:27     iter  38  obj 0.82846  best 0.82846  step 0.0148  *
10:53:30     iter  39  obj 0.61280  best 0.82846  step 0.0074  halved
10:53:33     iter  40  obj 0.70114  best 0.82846  step 0.0074
10:53:35      poisoned ce=0.20241 auc=0.7374 acc=0.9410 f1=0.0000  dce=-0.00005 dacc=+0.0000  k=3200  [125.7s]
10:53:35   -- trial run4_sub0
10:53:38     iter   0  obj 0.20659  best 0.20659  step 0.9500
10:53:41     iter   1  obj 0.21661  best 0.21661  step 0.9500  *
10:53:44     iter   2  obj 0.22890  best 0.22890  step 0.9500  *
10:53:47     iter   3  obj 0.23172  best 0.23172  step 0.9500  *
10:53:50     iter   4  obj 0.21496  best 0.23172  step 0.9500
10:53:53     iter   5  obj 0.21832  best 0.23172  step 0.9500
10:53:56     iter   6  obj 0.22213  best 0.23172  step 0.9500
10:53:59     iter   7  obj 0.23854  best 0.23854  step 0.9500  *
10:54:02     iter   8  obj 0.21633  best 0.23854  step 0.4750  halved
10:54:05     iter   9  obj 0.22041  best 0.23854  step 0.4750
10:54:08     iter  10  obj 0.22948  best 0.23854  step 0.4750
10:54:11     iter  11  obj 0.21939  best 0.23854  step 0.4750
10:54:14     iter  12  obj 0.22409  best 0.23854  step 0.4750
10:54:17     iter  13  obj 0.22508  best 0.23854  step 0.4750
10:54:20     iter  14  obj 0.23100  best 0.23854  step 0.4750
10:54:23     iter  15  obj 0.23197  best 0.23854  step 0.4750
10:54:26     iter  16  obj 0.22572  best 0.23854  step 0.4750
10:54:29     iter  17  obj 0.23172  best 0.23854  step 0.4750
10:54:32     iter  18  obj 0.22772  best 0.23854  step 0.4750
10:54:35     iter  19  obj 0.23291  best 0.23854  step 0.4750
10:54:38     iter  20  obj 0.23652  best 0.23854  step 0.4750
10:54:41     iter  21  obj 0.23148  best 0.23854  step 0.2375  halved
10:54:44     iter  22  obj 0.22458  best 0.23854  step 0.2375
10:54:47     iter  23  obj 0.23366  best 0.23854  step 0.2375
10:54:50     iter  24  obj 0.22659  best 0.23854  step 0.2375
10:54:53     iter  25  obj 0.23583  best 0.23854  step 0.2375
10:54:56     iter  26  obj 0.24910  best 0.24910  step 0.1188  *  halved
10:54:59     iter  27  obj 0.23957  best 0.24910  step 0.1188
10:55:02     iter  28  obj 0.23681  best 0.24910  step 0.1188
10:55:05     iter  29  obj 0.24595  best 0.24910  step 0.1188
10:55:08     iter  30  obj 0.24984  best 0.24984  step 0.0594  *  halved
10:55:11     iter  31  obj 0.26505  best 0.26505  step 0.0594  *
10:55:14     iter  32  obj 0.27252  best 0.27252  step 0.0594  *
10:55:17     iter  33  obj 0.31351  best 0.31351  step 0.0594  *
10:55:20     iter  34  obj 0.30321  best 0.31351  step 0.0594
10:55:23     iter  35  obj 0.30157  best 0.31351  step 0.0297  halved
10:55:26     iter  36  obj 0.56826  best 0.56826  step 0.0297  *
10:55:29     iter  37  obj 0.67660  best 0.67660  step 0.0297  *
10:55:32     iter  38  obj 0.29777  best 0.67660  step 0.0297
10:55:35     iter  39  obj 0.79046  best 0.79046  step 0.0148  *  halved
10:55:39     iter  40  obj 2.48492  best 2.48492  step 0.0148  *
10:55:40      poisoned ce=0.19975 auc=0.7532 acc=0.9410 f1=0.0000  dce=-0.00271 dacc=+0.0000  k=3200  [125.7s]
10:55:40   -- trial run4_sub1
10:55:43     iter   0  obj 0.20299  best 0.20299  step 0.9500
10:55:46     iter   1  obj 0.22229  best 0.22229  step 0.9500  *
10:55:50     iter   2  obj 0.23257  best 0.23257  step 0.9500  *
10:55:53     iter   3  obj 0.22748  best 0.23257  step 0.9500
10:55:56     iter   4  obj 0.22768  best 0.23257  step 0.9500
10:55:59     iter   5  obj 0.22157  best 0.23257  step 0.9500
10:56:02     iter   6  obj 0.22637  best 0.23257  step 0.9500
10:56:05     iter   7  obj 0.22864  best 0.23257  step 0.9500
10:56:08     iter   8  obj 0.21910  best 0.23257  step 0.4750  halved
10:56:11     iter   9  obj 0.22393  best 0.23257  step 0.4750
10:56:14     iter  10  obj 0.22475  best 0.23257  step 0.4750
10:56:17     iter  11  obj 0.23680  best 0.23680  step 0.4750  *
10:56:20     iter  12  obj 0.22768  best 0.23680  step 0.4750
10:56:23     iter  13  obj 0.25056  best 0.25056  step 0.4750  *
10:56:26     iter  14  obj 0.23057  best 0.25056  step 0.4750
10:56:29     iter  15  obj 0.23925  best 0.25056  step 0.2375  halved
10:56:32     iter  16  obj 0.26826  best 0.26826  step 0.2375  *
10:56:35     iter  17  obj 0.22947  best 0.26826  step 0.2375
10:56:38     iter  18  obj 0.26055  best 0.26826  step 0.2375
10:56:41     iter  19  obj 0.26650  best 0.26826  step 0.2375
10:56:44     iter  20  obj 0.26015  best 0.26826  step 0.2375
10:56:47     iter  21  obj 0.29412  best 0.29412  step 0.1188  *  halved
10:56:50     iter  22  obj 0.64414  best 0.64414  step 0.1188  *
10:56:53     iter  23  obj 0.43347  best 0.64414  step 0.1188
10:56:56     iter  24  obj 0.50438  best 0.64414  step 0.1188
10:56:59     iter  25  obj 0.71751  best 0.71751  step 0.1188  *
10:57:02     iter  26  obj 0.32129  best 0.71751  step 0.0594  halved
10:57:05     iter  27  obj 0.57741  best 0.71751  step 0.0594
10:57:08     iter  28  obj 1.46922  best 1.46922  step 0.0594  *
10:57:11     iter  29  obj 2.65202  best 2.65202  step 0.0594  *
10:57:14     iter  30  obj 4.30566  best 4.30566  step 0.0594  *
10:57:17     iter  31  obj 2.42823  best 4.30566  step 0.0594
10:57:20     iter  32  obj 0.44266  best 4.30566  step 0.0594
10:57:23     iter  33  obj 2.71822  best 4.30566  step 0.0297  halved
10:57:26     iter  34  obj 2.88446  best 4.30566  step 0.0297
10:57:29     iter  35  obj 3.79764  best 4.30566  step 0.0297
10:57:32     iter  36  obj 4.34886  best 4.34886  step 0.0297  *
10:57:35     iter  37  obj 5.54086  best 5.54086  step 0.0297  *
10:57:38     iter  38  obj 3.58821  best 5.54086  step 0.0297
10:57:41     iter  39  obj 5.76066  best 5.76066  step 0.0148  *  halved
10:57:44     iter  40  obj 6.28010  best 6.28010  step 0.0148  *
10:57:46      poisoned ce=0.22587 auc=0.6862 acc=0.9400 f1=0.0323  dce=+0.02341 dacc=-0.0010  k=3200  [125.7s]
10:57:46   -- trial run4_sub2
10:57:49     iter   0  obj 0.20435  best 0.20435  step 0.9500
10:57:52     iter   1  obj 0.20858  best 0.20858  step 0.9500  *
10:57:55     iter   2  obj 0.21430  best 0.21430  step 0.9500  *
10:57:58     iter   3  obj 0.21621  best 0.21621  step 0.9500  *
10:58:01     iter   4  obj 0.20987  best 0.21621  step 0.9500
10:58:04     iter   5  obj 0.22773  best 0.22773  step 0.9500  *
10:58:07     iter   6  obj 0.21484  best 0.22773  step 0.9500
10:58:10     iter   7  obj 0.22365  best 0.22773  step 0.9500
10:58:13     iter   8  obj 0.21875  best 0.22773  step 0.4750  halved
10:58:16     iter   9  obj 0.21788  best 0.22773  step 0.4750
10:58:19     iter  10  obj 0.24102  best 0.24102  step 0.4750  *
10:58:22     iter  11  obj 0.23693  best 0.24102  step 0.4750
10:58:25     iter  12  obj 0.22211  best 0.24102  step 0.4750
10:58:28     iter  13  obj 0.22802  best 0.24102  step 0.4750
10:58:31     iter  14  obj 0.22682  best 0.24102  step 0.4750
10:58:34     iter  15  obj 0.23023  best 0.24102  step 0.2375  halved
10:58:38     iter  16  obj 0.23869  best 0.24102  step 0.2375
10:58:41     iter  17  obj 0.23154  best 0.24102  step 0.2375
10:58:44     iter  18  obj 0.24471  best 0.24471  step 0.2375  *
10:58:47     iter  19  obj 0.22915  best 0.24471  step 0.2375
10:58:50     iter  20  obj 0.25399  best 0.25399  step 0.2375  *
10:58:53     iter  21  obj 0.26071  best 0.26071  step 0.1188  *  halved
10:58:56     iter  22  obj 0.24877  best 0.26071  step 0.1188
10:58:59     iter  23  obj 0.29680  best 0.29680  step 0.1188  *
10:59:02     iter  24  obj 0.35981  best 0.35981  step 0.1188  *
10:59:05     iter  25  obj 0.34418  best 0.35981  step 0.1188
10:59:08     iter  26  obj 0.29792  best 0.35981  step 0.0594  halved
10:59:11     iter  27  obj 0.34850  best 0.35981  step 0.0594
10:59:14     iter  28  obj 0.44354  best 0.44354  step 0.0594  *
10:59:17     iter  29  obj 0.48593  best 0.48593  step 0.0594  *
10:59:20     iter  30  obj 0.28227  best 0.48593  step 0.0297  halved
10:59:23     iter  31  obj 0.32066  best 0.48593  step 0.0297
10:59:26     iter  32  obj 0.44640  best 0.48593  step 0.0297
10:59:29     iter  33  obj 0.42155  best 0.48593  step 0.0148  halved
10:59:32     iter  34  obj 0.28748  best 0.48593  step 0.0148
10:59:35     iter  35  obj 0.45854  best 0.48593  step 0.0074  halved
10:59:38     iter  36  obj 0.45138  best 0.48593  step 0.0074
10:59:41     iter  37  obj 0.50339  best 0.50339  step 0.0037  *  halved
10:59:44     iter  38  obj 0.56580  best 0.56580  step 0.0037  *
10:59:47     iter  39  obj 0.64301  best 0.64301  step 0.0037  *
10:59:50     iter  40  obj 0.67477  best 0.67477  step 0.0037  *
10:59:52      poisoned ce=0.20834 auc=0.7099 acc=0.9410 f1=0.0000  dce=+0.00588 dacc=+0.0000  k=3200  [125.6s]
10:59:52   best trial run1_sub1: dce=+0.02447 dacc=-0.0020  -> context_poisoned.csv
10:59:52   per-run winners: run0<-sub1 (dce=+0.00170), run1<-sub1 (dce=+0.02447), run2<-sub1 (dce=+0.00534), run3<-sub1 (dce=+0.01828), run4<-sub1 (dce=+0.02341)
10:59:52   best-subsample-per-run, mean over 5 runs: dce=+0.01464 dacc=-0.0006 dauc=-0.0265  -> /home/ssn899/Desktop/TabFM/results/main_experiments/coil2000_insurance_policies/x-capgd_random_r064
