20:14:43 xgboost: train=/home/ssn899/Desktop/TabFM/datasets/wids/splits/selected/natural/context_5000.csv (5000 rows)  test=/home/ssn899/Desktop/TabFM/datasets/wids/splits/test_attack_1000.csv (1000 rows)  target=hospital_death  drop=()
20:14:43 rebuilt 5 per-run-best contexts from /home/ssn899/Desktop/TabFM/results/main_experiments/wids/label-flip_random_r001: run0_sub0, run1_sub0, run2_sub0, run3_sub0, run4_sub0  (attack=label-flip, R=1.0%, k=50)
20:14:43 clean val=/home/ssn899/Desktop/TabFM/datasets/wids/splits/val_2000.csv (2000 rows)
20:14:43 
== protocol A: validation is an internal split of the given context (poisoned when the context is)
20:14:43     clean baseline: 5 fits reused from /home/ssn899/Desktop/TabFM/results/xgb_transfer/_clean_cache/clean_21b7476260b26ae8e64af4df.json
20:14:43     poisoned (5 contexts)
20:14:43     -- run0_sub0
20:15:01       seed 0: ce=0.21444 acc=0.9180 bacc=0.6346 mcc=0.3755 (iters=163, 18s)
20:15:01     -- run1_sub0
20:15:18       seed 1: ce=0.21576 acc=0.9210 bacc=0.6362 mcc=0.3931 (iters=307, 17s)
20:15:18     -- run2_sub0
20:15:33       seed 2: ce=0.21437 acc=0.9240 bacc=0.6379 mcc=0.4127 (iters=311, 15s)
20:15:33     -- run3_sub0
20:15:44       seed 3: ce=0.22057 acc=0.9190 bacc=0.6401 mcc=0.3868 (iters=114, 12s)
20:15:44     -- run4_sub0
20:16:05       seed 4: ce=0.21865 acc=0.9160 bacc=0.6335 mcc=0.3646 (iters=603, 20s)
20:16:05 
  protocol A -- validation is an internal split of the given context (poisoned when the context is)
20:16:05     metric                          clean          poisoned             delta      rel% |          TabPFN d  TabPFN rel%  transfer%
20:16:05     -------------------------------------------------------------------------------------------------------------------------------
20:16:05     ce                    0.2155 ± 0.0025   0.2168 ± 0.0025  +0.0012 ± 0.0007      +0.6 |  +0.0178 ± 0.0005         +8.5         +7
20:16:05     accuracy              0.9192 ± 0.0033   0.9196 ± 0.0027  +0.0004 ± 0.0053      +0.0 |  -0.0032 ± 0.0012         -0.3        -12
20:16:05     balanced_accuracy     0.6402 ± 0.0065   0.6364 ± 0.0024  -0.0038 ± 0.0088      -0.6 |  -0.0078 ± 0.0014         -1.2        +49
20:16:05     mcc                   0.3886 ± 0.0219   0.3866 ± 0.0163  -0.0021 ± 0.0340      -0.5 |  -0.0253 ± 0.0053         -5.8         +8
20:16:05     roc_auc               0.8712 ± 0.0043   0.8666 ± 0.0065  -0.0046 ± 0.0044      -0.5 |  -0.0270 ± 0.0031         -3.1        +17
20:16:05     f1                    0.4007 ± 0.0167   0.3947 ± 0.0085  -0.0060 ± 0.0237      -1.5 |  -0.0205 ± 0.0012         -4.7        +29
20:16:05     transfer% = XGBoost delta / TabPFNv2 delta; 100 means the poison hurts both equally.
20:16:05     '~' marks a ratio whose denominator is near zero or inside its own spread -- read the absolute columns there.
20:16:05 
== protocol B: validation is the separate clean --val file
20:16:05     clean baseline: 5 fits reused from /home/ssn899/Desktop/TabFM/results/xgb_transfer/_clean_cache/clean_dfe14fbebd0fe6e8ce582d3c.json
20:16:05     poisoned (5 contexts)
20:16:05     -- run0_sub0
20:16:35       seed 0: ce=0.22092 acc=0.9130 bacc=0.6168 mcc=0.3295 (iters=157, 30s)
20:16:35     -- run1_sub0
20:16:50       seed 1: ce=0.21513 acc=0.9180 bacc=0.6396 mcc=0.3813 (iters=71, 15s)
20:16:50     -- run2_sub0
20:17:19       seed 2: ce=0.21857 acc=0.9160 bacc=0.6284 mcc=0.3585 (iters=634, 29s)
20:17:19     -- run3_sub0
20:17:34       seed 3: ce=0.21357 acc=0.9230 bacc=0.6473 mcc=0.4156 (iters=115, 14s)
20:17:34     -- run4_sub0
20:18:08       seed 4: ce=0.21606 acc=0.9170 bacc=0.6440 mcc=0.3819 (iters=768, 34s)
20:18:08 
  protocol B -- validation is the separate clean --val file
20:18:08     metric                          clean          poisoned             delta      rel% |          TabPFN d  TabPFN rel%  transfer%
20:18:08     -------------------------------------------------------------------------------------------------------------------------------
20:18:08     ce                    0.2139 ± 0.0038   0.2168 ± 0.0026  +0.0029 ± 0.0036      +1.4 |  +0.0178 ± 0.0005         +8.5        +16
20:18:08     accuracy              0.9188 ± 0.0028   0.9174 ± 0.0033  -0.0014 ± 0.0050      -0.2 |  -0.0032 ± 0.0012         -0.3        +44
20:18:08     balanced_accuracy     0.6410 ± 0.0048   0.6352 ± 0.0112  -0.0058 ± 0.0141      -0.9 |  -0.0078 ± 0.0014         -1.2        +74
20:18:08     mcc                   0.3873 ± 0.0188   0.3734 ± 0.0285  -0.0140 ± 0.0414      -3.6 |  -0.0253 ± 0.0053         -5.8        +55
20:18:08     roc_auc               0.8708 ± 0.0071   0.8644 ± 0.0038  -0.0065 ± 0.0069      -0.7 |  -0.0270 ± 0.0031         -3.1        +24
20:18:08     f1                    0.4013 ± 0.0135   0.3880 ± 0.0260  -0.0133 ± 0.0351      -3.3 |  -0.0205 ± 0.0012         -4.7        +65
20:18:08     transfer% = XGBoost delta / TabPFNv2 delta; 100 means the poison hurts both equally.
20:18:08     '~' marks a ratio whose denominator is near zero or inside its own spread -- read the absolute columns there.
20:18:08 
wrote /home/ssn899/Desktop/TabFM/results/xgb_transfer/wids/label-flip_random_r001/summary.json
