06:28:17 [x-capgd] datasets/url_unique/splits/selected/natural/context_5000.csv (5000x63) -> datasets/url_unique/splits/test_attack_1000.csv (1000 of 1000)  k=1500 (30.0%)  attack_class=None  grid 1x1  cuda:1
06:28:22   clean  ce=0.09328 auc=0.9935 acc=0.9650 f1=0.9644  max|dp| over 3 repeats=0.00e+00  chunking_exact=True  [3.3s]
06:28:22   constraints=full (14 relations, dataset 'url_unique')  scaler=metadata  mutable 63/63  int 58  cat 0
06:28:22   -- trial run0_sub0
06:28:24     iter   0  obj 0.09328  best 0.09328  step 0.9500
06:28:26     iter   1  obj 0.05962  best 0.09328  step 0.9500
06:28:29     iter   2  obj 0.11477  best 0.11477  step 0.9500  *
06:28:31     iter   3  obj 0.12277  best 0.12277  step 0.9500  *
06:28:33     iter   4  obj 0.10889  best 0.12277  step 0.9500
06:28:35     iter   5  obj 0.10926  best 0.12277  step 0.9500
06:28:37     iter   6  obj 0.11388  best 0.12277  step 0.9500
06:28:39     iter   7  obj 0.10759  best 0.12277  step 0.9500
06:28:42     iter   8  obj 0.10643  best 0.12277  step 0.9500
06:28:44     iter   9  obj 0.11374  best 0.12277  step 0.9500
06:28:46     iter  10  obj 0.11364  best 0.12277  step 0.9500
06:28:48     iter  11  obj 0.11399  best 0.12277  step 0.9500
06:28:50     iter  12  obj 0.11359  best 0.12277  step 0.9500
06:28:53     iter  13  obj 0.10948  best 0.12277  step 0.9500
06:28:55     iter  14  obj 0.11181  best 0.12277  step 0.9500
06:28:57     iter  15  obj 0.11129  best 0.12277  step 0.9500
06:28:59     iter  16  obj 0.11386  best 0.12277  step 0.9500
06:29:01     iter  17  obj 0.12306  best 0.12306  step 0.9500  *
06:29:04     iter  18  obj 0.10890  best 0.12306  step 0.9500
06:29:06     iter  19  obj 0.11428  best 0.12306  step 0.9500
06:29:08     iter  20  obj 0.11420  best 0.12306  step 0.9500
06:29:10     iter  21  obj 0.10666  best 0.12306  step 0.9500
06:29:12     iter  22  obj 0.10987  best 0.12306  step 0.4750  halved
06:29:15     iter  23  obj 0.09583  best 0.12306  step 0.4750
06:29:17     iter  24  obj 0.12943  best 0.12943  step 0.4750  *
06:29:19     iter  25  obj 0.13286  best 0.13286  step 0.4750  *
06:29:21     iter  26  obj 0.13349  best 0.13349  step 0.4750  *
06:29:23     iter  27  obj 0.12703  best 0.13349  step 0.4750
06:29:26     iter  28  obj 0.13304  best 0.13349  step 0.4750
06:29:28     iter  29  obj 0.12693  best 0.13349  step 0.4750
06:29:30     iter  30  obj 0.13796  best 0.13796  step 0.4750  *
06:29:32     iter  31  obj 0.12884  best 0.13796  step 0.4750
06:29:34     iter  32  obj 0.13468  best 0.13796  step 0.4750
06:29:36     iter  33  obj 0.13148  best 0.13796  step 0.4750
06:29:39     iter  34  obj 0.12183  best 0.13796  step 0.4750
06:29:41     iter  35  obj 0.13506  best 0.13796  step 0.4750
06:29:43     iter  36  obj 0.14308  best 0.14308  step 0.4750  *
06:29:45     iter  37  obj 0.13223  best 0.14308  step 0.4750
06:29:47     iter  38  obj 0.14040  best 0.14308  step 0.4750
06:29:50     iter  39  obj 0.13615  best 0.14308  step 0.4750
06:29:52     iter  40  obj 0.14330  best 0.14330  step 0.4750  *
06:29:54     iter  41  obj 0.13718  best 0.14330  step 0.2375  halved
06:29:56     iter  42  obj 0.15209  best 0.15209  step 0.2375  *
06:29:58     iter  43  obj 0.13448  best 0.15209  step 0.2375
06:30:01     iter  44  obj 0.16659  best 0.16659  step 0.2375  *
06:30:03     iter  45  obj 0.18270  best 0.18270  step 0.2375  *
06:30:05     iter  46  obj 0.16537  best 0.18270  step 0.2375
06:30:07     iter  47  obj 0.16389  best 0.18270  step 0.2375
06:30:09     iter  48  obj 0.15071  best 0.18270  step 0.2375
06:30:12     iter  49  obj 0.15502  best 0.18270  step 0.2375
06:30:14     iter  50  obj 0.16623  best 0.18270  step 0.2375
06:30:16     iter  51  obj 0.18151  best 0.18270  step 0.2375
06:30:18     iter  52  obj 0.16998  best 0.18270  step 0.2375
06:30:20     iter  53  obj 0.19726  best 0.19726  step 0.2375  *
06:30:22     iter  54  obj 0.16710  best 0.19726  step 0.2375
06:30:25     iter  55  obj 0.17882  best 0.19726  step 0.2375
06:30:27     iter  56  obj 0.20341  best 0.20341  step 0.2375  *
06:30:29     iter  57  obj 0.18004  best 0.20341  step 0.1188  halved
06:30:31     iter  58  obj 0.19087  best 0.20341  step 0.1188
06:30:33     iter  59  obj 0.23349  best 0.23349  step 0.1188  *
06:30:36     iter  60  obj 0.18064  best 0.23349  step 0.1188
06:30:38     iter  61  obj 0.25344  best 0.25344  step 0.1188  *
06:30:40     iter  62  obj 0.23394  best 0.25344  step 0.1188
06:30:42     iter  63  obj 0.23935  best 0.25344  step 0.1188
06:30:44     iter  64  obj 0.22845  best 0.25344  step 0.1188
06:30:47     iter  65  obj 0.27815  best 0.27815  step 0.1188  *
06:30:49     iter  66  obj 0.26260  best 0.27815  step 0.1188
06:30:51     iter  67  obj 0.24177  best 0.27815  step 0.1188
06:30:53     iter  68  obj 0.26987  best 0.27815  step 0.1188
06:30:55     iter  69  obj 0.28180  best 0.28180  step 0.1188  *
06:30:58     iter  70  obj 0.26723  best 0.28180  step 0.0594  halved
06:31:00     iter  71  obj 0.32579  best 0.32579  step 0.0594  *
06:31:02     iter  72  obj 0.30792  best 0.32579  step 0.0594
06:31:04     iter  73  obj 0.33344  best 0.33344  step 0.0594  *
06:31:06     iter  74  obj 0.28944  best 0.33344  step 0.0594
06:31:08     iter  75  obj 0.30873  best 0.33344  step 0.0594
06:31:11     iter  76  obj 0.34505  best 0.34505  step 0.0594  *
06:31:13     iter  77  obj 0.31637  best 0.34505  step 0.0594
06:31:15     iter  78  obj 0.37841  best 0.37841  step 0.0594  *
06:31:17     iter  79  obj 0.33728  best 0.37841  step 0.0594
06:31:19     iter  80  obj 0.31424  best 0.37841  step 0.0297  halved
06:31:22     iter  81  obj 0.36708  best 0.37841  step 0.0297
06:31:24     iter  82  obj 0.46458  best 0.46458  step 0.0297  *
06:31:26     iter  83  obj 0.41053  best 0.46458  step 0.0297
06:31:28     iter  84  obj 0.50505  best 0.50505  step 0.0297  *
06:31:30     iter  85  obj 0.54605  best 0.54605  step 0.0297  *
06:31:33     iter  86  obj 0.55872  best 0.55872  step 0.0297  *
06:31:35     iter  87  obj 0.60688  best 0.60688  step 0.0297  *
06:31:37     iter  88  obj 0.57475  best 0.60688  step 0.0297
06:31:39     iter  89  obj 0.58376  best 0.60688  step 0.0297
06:31:41     iter  90  obj 0.74503  best 0.74503  step 0.0297  *
06:31:44     iter  91  obj 0.67439  best 0.74503  step 0.0297
06:31:46     iter  92  obj 0.79563  best 0.79563  step 0.0297  *
06:31:48     iter  93  obj 0.78148  best 0.79563  step 0.0148  halved
06:31:50     iter  94  obj 0.88846  best 0.88846  step 0.0148  *
06:31:52     iter  95  obj 1.01868  best 1.01868  step 0.0148  *
06:31:54     iter  96  obj 0.83097  best 1.01868  step 0.0148
06:31:57     iter  97  obj 1.05416  best 1.05416  step 0.0148  *
06:31:59     iter  98  obj 1.22895  best 1.22895  step 0.0148  *
06:32:01     iter  99  obj 1.20444  best 1.22895  step 0.0074  halved
06:32:03     iter 100  obj 1.31834  best 1.31834  step 0.0074  *
06:32:04      poisoned ce=0.19264 auc=0.9814 acc=0.9310 f1=0.9289  dce=+0.09936 dacc=-0.0340  k=1500  [222.1s]
06:32:04   mean over 1 trials: dce=+0.09936 dacc=-0.0340 dauc=-0.0122  -> results/lambda_url_be/url_unique_lam0.01_rs2
