05:47:02 [x-capgd] datasets/wids/splits/selected/natural/context_5000.csv (5000x108) -> datasets/wids/splits/test_attack_1000.csv (1000 of 1000)  k=1500 (30.0%)  attack_class=None  grid 1x1  cuda:3
05:47:08   clean  ce=0.20899 auc=0.8795 acc=0.9250 f1=0.4361  max|dp| over 3 repeats=0.00e+00  chunking_exact=True  [5.2s]
05:47:08   constraints=full (31 relations, dataset 'wids')  scaler=metadata  mutable 108/108  int 60  cat 9
05:47:08   -- trial run0_sub0
05:47:13     iter   0  obj -0.13841  best -0.13841  step 0.9500
05:47:18     iter   1  obj -6.88589  best -0.13841  step 0.9500
05:47:23     iter   2  obj -0.05441  best -0.05441  step 0.9500  *
05:47:28     iter   3  obj -0.36738  best -0.05441  step 0.9500
05:47:32     iter   4  obj -0.14490  best -0.05441  step 0.9500
05:47:37     iter   5  obj -0.57293  best -0.05441  step 0.9500
05:47:42     iter   6  obj -0.58622  best -0.05441  step 0.9500
05:47:47     iter   7  obj -1.86429  best -0.05441  step 0.9500
05:47:52     iter   8  obj -0.58315  best -0.05441  step 0.9500
05:47:57     iter   9  obj -0.47846  best -0.05441  step 0.9500
05:48:02     iter  10  obj -0.23440  best -0.05441  step 0.9500
05:48:07     iter  11  obj -0.27283  best -0.05441  step 0.9500
05:48:11     iter  12  obj -0.46077  best -0.05441  step 0.9500
05:48:16     iter  13  obj -1.50743  best -0.05441  step 0.9500
05:48:21     iter  14  obj -0.63861  best -0.05441  step 0.9500
05:48:26     iter  15  obj -0.51684  best -0.05441  step 0.9500
05:48:31     iter  16  obj -0.90434  best -0.05441  step 0.9500
05:48:36     iter  17  obj -0.72080  best -0.05441  step 0.9500
05:48:41     iter  18  obj -1.00757  best -0.05441  step 0.9500
05:48:46     iter  19  obj -1.73106  best -0.05441  step 0.9500
05:48:50     iter  20  obj -0.61122  best -0.05441  step 0.9500
05:48:55     iter  21  obj -0.60850  best -0.05441  step 0.9500
05:49:00     iter  22  obj -0.87435  best -0.05441  step 0.9500
05:49:05     iter  23  obj -0.62858  best -0.05441  step 0.9500
05:49:10     iter  24  obj -0.76803  best -0.05441  step 0.9500
05:49:15     iter  25  obj -1.61904  best -0.05441  step 0.9500
05:49:20     iter  26  obj -0.45158  best -0.05441  step 0.9500
05:49:25     iter  27  obj -0.85211  best -0.05441  step 0.9500
05:49:29     iter  28  obj -0.48350  best -0.05441  step 0.9500
05:49:34     iter  29  obj -0.63662  best -0.05441  step 0.9500
05:49:39     iter  30  obj -0.63789  best -0.05441  step 0.9500
05:49:44     iter  31  obj -1.64706  best -0.05441  step 0.9500
05:49:49     iter  32  obj -0.66893  best -0.05441  step 0.9500
05:49:54     iter  33  obj -0.94986  best -0.05441  step 0.9500
05:49:59     iter  34  obj -0.47777  best -0.05441  step 0.9500
05:50:04     iter  35  obj -0.87028  best -0.05441  step 0.9500
05:50:08     iter  36  obj -0.80145  best -0.05441  step 0.9500
05:50:13     iter  37  obj -1.90885  best -0.05441  step 0.9500
05:50:18     iter  38  obj -0.61785  best -0.05441  step 0.9500
05:50:23     iter  39  obj -0.64730  best -0.05441  step 0.9500
05:50:28     iter  40  obj -0.61670  best -0.05441  step 0.9500
05:50:33     iter  41  obj -0.48459  best -0.05441  step 0.9500
05:50:38     iter  42  obj -0.84447  best -0.05441  step 0.9500
05:50:43     iter  43  obj -1.52544  best -0.05441  step 0.9500
05:50:47     iter  44  obj -0.64092  best -0.05441  step 0.4750  halved
05:50:52     iter  45  obj -12.77467  best -0.05441  step 0.4750
05:50:57     iter  46  obj -0.26630  best -0.05441  step 0.4750
05:51:02     iter  47  obj -0.01738  best -0.01738  step 0.4750  *
05:51:07     iter  48  obj -0.59399  best -0.01738  step 0.4750
05:51:12     iter  49  obj -0.07731  best -0.01738  step 0.4750
05:51:17     iter  50  obj -0.06792  best -0.01738  step 0.4750
05:51:22     iter  51  obj -0.00475  best -0.00475  step 0.4750  *
05:51:27     iter  52  obj -0.16303  best -0.00475  step 0.4750
05:51:31     iter  53  obj -0.12735  best -0.00475  step 0.4750
05:51:36     iter  54  obj -0.23803  best -0.00475  step 0.4750
05:51:41     iter  55  obj -0.18684  best -0.00475  step 0.4750
05:51:46     iter  56  obj -0.03692  best -0.00475  step 0.4750
05:51:51     iter  57  obj -0.10480  best -0.00475  step 0.4750
05:51:56     iter  58  obj -0.31039  best -0.00475  step 0.4750
05:52:01     iter  59  obj -0.12498  best -0.00475  step 0.4750
05:52:06     iter  60  obj -0.10092  best -0.00475  step 0.4750
05:52:11     iter  61  obj -0.16268  best -0.00475  step 0.4750
05:52:15     iter  62  obj -0.26801  best -0.00475  step 0.4750
05:52:20     iter  63  obj -0.28563  best -0.00475  step 0.4750
05:52:25     iter  64  obj -0.22111  best -0.00475  step 0.4750
05:52:30     iter  65  obj -0.18045  best -0.00475  step 0.4750
05:52:35     iter  66  obj -0.41488  best -0.00475  step 0.4750
05:52:40     iter  67  obj -0.86080  best -0.00475  step 0.4750
05:52:45     iter  68  obj -0.21970  best -0.00475  step 0.4750
05:52:50     iter  69  obj -0.29482  best -0.00475  step 0.4750
05:52:55     iter  70  obj -0.20084  best -0.00475  step 0.4750
05:52:59     iter  71  obj -0.05793  best -0.00475  step 0.4750
05:53:04     iter  72  obj -0.03495  best -0.00475  step 0.4750
05:53:09     iter  73  obj -0.19861  best -0.00475  step 0.4750
05:53:14     iter  74  obj -0.48562  best -0.00475  step 0.4750
05:53:19     iter  75  obj -0.77435  best -0.00475  step 0.4750
05:53:24     iter  76  obj -0.80333  best -0.00475  step 0.4750
05:53:29     iter  77  obj -0.26911  best -0.00475  step 0.4750
05:53:34     iter  78  obj -0.17599  best -0.00475  step 0.4750
05:53:38     iter  79  obj -0.00441  best -0.00441  step 0.4750  *
05:53:43     iter  80  obj 0.05042  best 0.05042  step 0.4750  *
05:53:48     iter  81  obj -0.01992  best 0.05042  step 0.4750
05:53:53     iter  82  obj -0.46104  best 0.05042  step 0.2375  halved
05:53:58     iter  83  obj 0.22663  best 0.22663  step 0.2375  *
05:54:03     iter  84  obj 0.07452  best 0.22663  step 0.2375
05:54:08     iter  85  obj -0.04306  best 0.22663  step 0.2375
05:54:13     iter  86  obj 0.04817  best 0.22663  step 0.2375
05:54:18     iter  87  obj 0.00781  best 0.22663  step 0.2375
05:54:22     iter  88  obj 0.06285  best 0.22663  step 0.2375
05:54:27     iter  89  obj 0.05313  best 0.22663  step 0.2375
05:54:32     iter  90  obj 0.07589  best 0.22663  step 0.2375
05:54:37     iter  91  obj 0.17250  best 0.22663  step 0.2375
05:54:42     iter  92  obj 0.08586  best 0.22663  step 0.2375
05:54:47     iter  93  obj 0.03071  best 0.22663  step 0.2375
05:54:52     iter  94  obj 0.13481  best 0.22663  step 0.2375
05:54:57     iter  95  obj 0.12394  best 0.22663  step 0.2375
05:55:01     iter  96  obj 0.11084  best 0.22663  step 0.2375
05:55:06     iter  97  obj 0.09912  best 0.22663  step 0.2375
05:55:11     iter  98  obj 0.11888  best 0.22663  step 0.2375
05:55:16     iter  99  obj 0.11741  best 0.22663  step 0.2375
05:55:21     iter 100  obj 0.16958  best 0.22663  step 0.2375
05:55:26     iter 101  obj 0.12838  best 0.22663  step 0.2375
05:55:31     iter 102  obj 0.14535  best 0.22663  step 0.2375
05:55:35     iter 103  obj 0.12623  best 0.22663  step 0.2375
05:55:40     iter 104  obj 0.05619  best 0.22663  step 0.2375
05:55:45     iter 105  obj 0.17573  best 0.22663  step 0.2375
05:55:50     iter 106  obj 0.16774  best 0.22663  step 0.2375
05:55:55     iter 107  obj -0.35166  best 0.22663  step 0.2375
05:56:00     iter 108  obj 0.11064  best 0.22663  step 0.2375
05:56:05     iter 109  obj 0.09798  best 0.22663  step 0.2375
05:56:10     iter 110  obj 0.09638  best 0.22663  step 0.2375
05:56:14     iter 111  obj -0.00447  best 0.22663  step 0.2375
05:56:19     iter 112  obj 0.06246  best 0.22663  step 0.2375
05:56:24     iter 113  obj 0.01564  best 0.22663  step 0.2375
05:56:29     iter 114  obj 0.13118  best 0.22663  step 0.1188  halved
05:56:34     iter 115  obj -4.78235  best 0.22663  step 0.1188
05:56:39     iter 116  obj -0.16401  best 0.22663  step 0.1188
05:56:44     iter 117  obj 0.21235  best 0.22663  step 0.1188
05:56:49     iter 118  obj 0.18218  best 0.22663  step 0.1188
05:56:53     iter 119  obj 0.20482  best 0.22663  step 0.1188
05:56:58     iter 120  obj 0.25152  best 0.25152  step 0.1188  *
05:57:03     iter 121  obj 0.22631  best 0.25152  step 0.1188
05:57:08     iter 122  obj 0.25387  best 0.25387  step 0.1188  *
05:57:13     iter 123  obj 0.21680  best 0.25387  step 0.1188
05:57:18     iter 124  obj 0.20429  best 0.25387  step 0.1188
05:57:23     iter 125  obj 0.25537  best 0.25537  step 0.1188  *
05:57:28     iter 126  obj 0.25494  best 0.25537  step 0.1188
05:57:32     iter 127  obj 0.21783  best 0.25537  step 0.1188
05:57:37     iter 128  obj 0.24913  best 0.25537  step 0.1188
05:57:42     iter 129  obj 0.25661  best 0.25661  step 0.1188  *
05:57:47     iter 130  obj 0.24663  best 0.25661  step 0.1188
05:57:52     iter 131  obj 0.23280  best 0.25661  step 0.1188
05:57:57     iter 132  obj 0.32315  best 0.32315  step 0.1188  *
05:58:02     iter 133  obj 0.22050  best 0.32315  step 0.1188
05:58:07     iter 134  obj 0.30721  best 0.32315  step 0.1188
05:58:11     iter 135  obj 0.32421  best 0.32421  step 0.1188  *
05:58:16     iter 136  obj 0.31018  best 0.32421  step 0.1188
05:58:21     iter 137  obj 0.35080  best 0.35080  step 0.1188  *
05:58:26     iter 138  obj 0.34927  best 0.35080  step 0.1188
05:58:31     iter 139  obj 0.35539  best 0.35539  step 0.1188  *
05:58:36     iter 140  obj 0.34187  best 0.35539  step 0.0594  halved
05:58:41     iter 141  obj 0.48296  best 0.48296  step 0.0594  *
05:58:46     iter 142  obj 0.49649  best 0.49649  step 0.0594  *
05:58:51     iter 143  obj 0.51088  best 0.51088  step 0.0594  *
05:58:55     iter 144  obj 0.54464  best 0.54464  step 0.0594  *
05:59:00     iter 145  obj 0.61343  best 0.61343  step 0.0594  *
05:59:05     iter 146  obj 0.56913  best 0.61343  step 0.0594
05:59:10     iter 147  obj 0.56301  best 0.61343  step 0.0594
05:59:15     iter 148  obj 0.59033  best 0.61343  step 0.0594
05:59:20     iter 149  obj 0.70220  best 0.70220  step 0.0594  *
05:59:25     iter 150  obj 0.71848  best 0.71848  step 0.0594  *
05:59:30     iter 151  obj 0.65225  best 0.71848  step 0.0594
05:59:35     iter 152  obj 0.74570  best 0.74570  step 0.0594  *
05:59:39     iter 153  obj 0.66373  best 0.74570  step 0.0594
05:59:44     iter 154  obj 0.78988  best 0.78988  step 0.0594  *
05:59:49     iter 155  obj 0.83301  best 0.83301  step 0.0594  *
05:59:54     iter 156  obj 0.89459  best 0.89459  step 0.0594  *
05:59:59     iter 157  obj 0.83230  best 0.89459  step 0.0594
06:00:04     iter 158  obj 0.89603  best 0.89603  step 0.0594  *
06:00:09     iter 159  obj 0.83570  best 0.89603  step 0.0594
06:00:14     iter 160  obj 1.01590  best 1.01590  step 0.0297  *  halved
06:00:18     iter 161  obj 1.08555  best 1.08555  step 0.0297  *
06:00:23     iter 162  obj 1.17254  best 1.17254  step 0.0297  *
06:00:28     iter 163  obj 1.24297  best 1.24297  step 0.0297  *
06:00:33     iter 164  obj 1.10871  best 1.24297  step 0.0297
06:00:38     iter 165  obj 1.27301  best 1.27301  step 0.0297  *
06:00:43     iter 166  obj 1.23160  best 1.27301  step 0.0297
06:00:48     iter 167  obj 1.40159  best 1.40159  step 0.0297  *
06:00:53     iter 168  obj 1.36638  best 1.40159  step 0.0297
06:00:58     iter 169  obj 1.39045  best 1.40159  step 0.0297
06:01:02     iter 170  obj 1.41048  best 1.41048  step 0.0297  *
06:01:07     iter 171  obj 1.45869  best 1.45869  step 0.0297  *
06:01:12     iter 172  obj 1.41834  best 1.45869  step 0.0297
06:01:17     iter 173  obj 1.40849  best 1.45869  step 0.0297
06:01:22     iter 174  obj 1.55144  best 1.55144  step 0.0148  *  halved
06:01:27     iter 175  obj 1.67217  best 1.67217  step 0.0148  *
06:01:32     iter 176  obj 1.73318  best 1.73318  step 0.0148  *
06:01:37     iter 177  obj 1.82223  best 1.82223  step 0.0148  *
06:01:41     iter 178  obj 1.86852  best 1.86852  step 0.0148  *
06:01:46     iter 179  obj 1.95762  best 1.95762  step 0.0148  *
06:01:51     iter 180  obj 1.87548  best 1.95762  step 0.0148
06:01:56     iter 181  obj 1.95830  best 1.95830  step 0.0148  *
06:02:01     iter 182  obj 1.98415  best 1.98415  step 0.0148  *
06:02:06     iter 183  obj 2.02209  best 2.02209  step 0.0148  *
06:02:11     iter 184  obj 2.03183  best 2.03183  step 0.0148  *
06:02:16     iter 185  obj 2.14248  best 2.14248  step 0.0148  *
06:02:20     iter 186  obj 2.09798  best 2.14248  step 0.0148
06:02:25     iter 187  obj 2.05095  best 2.14248  step 0.0148
06:02:30     iter 188  obj 2.17250  best 2.17250  step 0.0148  *
06:02:35     iter 189  obj 2.13147  best 2.17250  step 0.0148
06:02:40     iter 190  obj 2.17530  best 2.17530  step 0.0148  *
06:02:45     iter 191  obj 2.14636  best 2.17530  step 0.0148
06:02:50     iter 192  obj 2.18288  best 2.18288  step 0.0148  *
06:02:55     iter 193  obj 2.28002  best 2.28002  step 0.0148  *
06:02:59     iter 194  obj 2.28301  best 2.28301  step 0.0148  *
06:03:04     iter 195  obj 2.30065  best 2.30065  step 0.0148  *
06:03:09     iter 196  obj 2.28723  best 2.30065  step 0.0148
06:03:14     iter 197  obj 2.34254  best 2.34254  step 0.0148  *
06:03:19     iter 198  obj 2.30039  best 2.34254  step 0.0074  halved
06:03:24     iter 199  obj 2.45605  best 2.45605  step 0.0074  *
06:03:29     iter 200  obj 2.49322  best 2.49322  step 0.0074  *
06:03:30      poisoned ce=0.89889 auc=0.5878 acc=0.8550 f1=0.1104  dce=+0.68990 dacc=-0.0700  k=1500  [981.7s]
06:03:30   mean over 1 trials: dce=+0.68990 dacc=-0.0700 dauc=-0.2917  -> results/niter_be/wids_wids_rs3_it200
