05:19:08 [x-capgd] datasets/url_unique/splits/selected/natural/context_5000.csv (5000x63) -> datasets/url_unique/splits/test_attack_1000.csv (1000 of 1000)  k=1500 (30.0%)  attack_class=None  grid 1x1  cuda:1
05:19:12   clean  ce=0.09328 auc=0.9935 acc=0.9650 f1=0.9644  max|dp| over 3 repeats=0.00e+00  chunking_exact=True  [3.2s]
05:19:12   constraints=full (14 relations, dataset 'url_unique')  scaler=metadata  mutable 63/63  int 58  cat 0
05:19:12   -- trial run0_sub0
05:19:14     iter   0  obj 0.09328  best 0.09328  step 0.9500
05:19:17     iter   1  obj -4.27466  best 0.09328  step 0.9500
05:19:19     iter   2  obj -0.21783  best 0.09328  step 0.9500
05:19:21     iter   3  obj -0.10712  best 0.09328  step 0.9500
05:19:23     iter   4  obj -0.25865  best 0.09328  step 0.9500
05:19:25     iter   5  obj -0.52133  best 0.09328  step 0.9500
05:19:28     iter   6  obj -1.05914  best 0.09328  step 0.9500
05:19:30     iter   7  obj -0.90941  best 0.09328  step 0.9500
05:19:32     iter   8  obj -0.29142  best 0.09328  step 0.9500
05:19:34     iter   9  obj -0.31467  best 0.09328  step 0.9500
05:19:36     iter  10  obj -0.32667  best 0.09328  step 0.9500
05:19:38     iter  11  obj -0.57336  best 0.09328  step 0.9500
05:19:41     iter  12  obj -0.46385  best 0.09328  step 0.9500
05:19:43     iter  13  obj -0.68114  best 0.09328  step 0.9500
05:19:45     iter  14  obj -0.35324  best 0.09328  step 0.9500
05:19:47     iter  15  obj -0.28466  best 0.09328  step 0.9500
05:19:49     iter  16  obj -0.34163  best 0.09328  step 0.9500
05:19:52     iter  17  obj -0.47708  best 0.09328  step 0.9500
05:19:54     iter  18  obj -0.33465  best 0.09328  step 0.9500
05:19:56     iter  19  obj -0.55988  best 0.09328  step 0.9500
05:19:58     iter  20  obj -0.57687  best 0.09328  step 0.9500
05:20:00     iter  21  obj -0.33410  best 0.09328  step 0.9500
05:20:02     iter  22  obj -0.73209  best 0.09328  step 0.4750  halved
05:20:05     iter  23  obj -4.24384  best 0.09328  step 0.4750
05:20:07     iter  24  obj -0.75884  best 0.09328  step 0.4750
05:20:09     iter  25  obj -0.23210  best 0.09328  step 0.4750
05:20:11     iter  26  obj -0.03715  best 0.09328  step 0.4750
05:20:13     iter  27  obj -0.01643  best 0.09328  step 0.4750
05:20:16     iter  28  obj -0.08718  best 0.09328  step 0.4750
05:20:18     iter  29  obj -0.01349  best 0.09328  step 0.4750
05:20:20     iter  30  obj -0.07219  best 0.09328  step 0.4750
05:20:22     iter  31  obj -0.13149  best 0.09328  step 0.4750
05:20:24     iter  32  obj -0.10299  best 0.09328  step 0.4750
05:20:27     iter  33  obj -0.09586  best 0.09328  step 0.4750
05:20:29     iter  34  obj -0.43224  best 0.09328  step 0.4750
05:20:31     iter  35  obj -0.42874  best 0.09328  step 0.4750
05:20:33     iter  36  obj -0.46513  best 0.09328  step 0.4750
05:20:35     iter  37  obj -0.43292  best 0.09328  step 0.4750
05:20:38     iter  38  obj -0.34473  best 0.09328  step 0.4750
05:20:40     iter  39  obj -0.15248  best 0.09328  step 0.4750
05:20:42     iter  40  obj -0.07367  best 0.09328  step 0.4750
05:20:44     iter  41  obj -0.25035  best 0.09328  step 0.2375  halved
05:20:46     iter  42  obj -3.07353  best 0.09328  step 0.2375
05:20:48     iter  43  obj -0.23577  best 0.09328  step 0.2375
05:20:51     iter  44  obj -0.16320  best 0.09328  step 0.2375
05:20:53     iter  45  obj -0.21505  best 0.09328  step 0.2375
05:20:55     iter  46  obj -0.15661  best 0.09328  step 0.2375
05:20:57     iter  47  obj -0.08098  best 0.09328  step 0.2375
05:20:59     iter  48  obj -0.10614  best 0.09328  step 0.2375
05:21:02     iter  49  obj -0.09661  best 0.09328  step 0.2375
05:21:04     iter  50  obj 0.02846  best 0.09328  step 0.2375
05:21:06     iter  51  obj -0.02155  best 0.09328  step 0.2375
05:21:08     iter  52  obj 0.00808  best 0.09328  step 0.2375
05:21:10     iter  53  obj 0.03321  best 0.09328  step 0.2375
05:21:13     iter  54  obj -0.05038  best 0.09328  step 0.2375
05:21:15     iter  55  obj -0.07224  best 0.09328  step 0.2375
05:21:17     iter  56  obj 0.15450  best 0.15450  step 0.2375  *
05:21:19     iter  57  obj 0.06449  best 0.15450  step 0.1188  halved
05:21:21     iter  58  obj 0.16013  best 0.16013  step 0.1188  *
05:21:23     iter  59  obj 0.17261  best 0.17261  step 0.1188  *
05:21:26     iter  60  obj 0.15118  best 0.17261  step 0.1188
05:21:28     iter  61  obj 0.18072  best 0.18072  step 0.1188  *
05:21:30     iter  62  obj 0.25286  best 0.25286  step 0.1188  *
05:21:32     iter  63  obj 0.19974  best 0.25286  step 0.1188
05:21:34     iter  64  obj 0.14541  best 0.25286  step 0.1188
05:21:37     iter  65  obj 0.13135  best 0.25286  step 0.1188
05:21:39     iter  66  obj 0.18309  best 0.25286  step 0.1188
05:21:41     iter  67  obj 0.18298  best 0.25286  step 0.1188
05:21:43     iter  68  obj 0.14220  best 0.25286  step 0.1188
05:21:45     iter  69  obj 0.24036  best 0.25286  step 0.1188
05:21:48     iter  70  obj 0.19446  best 0.25286  step 0.0594  halved
05:21:50     iter  71  obj -0.01611  best 0.25286  step 0.0594
05:21:52     iter  72  obj 0.22233  best 0.25286  step 0.0594
05:21:54     iter  73  obj 0.25505  best 0.25505  step 0.0594  *
05:21:56     iter  74  obj 0.26896  best 0.26896  step 0.0594  *
05:21:59     iter  75  obj 0.30801  best 0.30801  step 0.0594  *
05:22:01     iter  76  obj 0.33709  best 0.33709  step 0.0594  *
05:22:03     iter  77  obj 0.26384  best 0.33709  step 0.0594
05:22:05     iter  78  obj 0.31390  best 0.33709  step 0.0594
05:22:07     iter  79  obj 0.35375  best 0.35375  step 0.0594  *
05:22:10     iter  80  obj 0.37826  best 0.37826  step 0.0594  *
05:22:12     iter  81  obj 0.43428  best 0.43428  step 0.0594  *
05:22:14     iter  82  obj 0.25823  best 0.43428  step 0.0594
05:22:16     iter  83  obj 0.36031  best 0.43428  step 0.0594
05:22:18     iter  84  obj 0.40924  best 0.43428  step 0.0594
05:22:20     iter  85  obj 0.33934  best 0.43428  step 0.0594
05:22:23     iter  86  obj 0.41903  best 0.43428  step 0.0594
05:22:25     iter  87  obj 0.48584  best 0.48584  step 0.0297  *  halved
05:22:27     iter  88  obj 0.60625  best 0.60625  step 0.0297  *
05:22:29     iter  89  obj 0.57395  best 0.60625  step 0.0297
05:22:31     iter  90  obj 0.71222  best 0.71222  step 0.0297  *
05:22:34     iter  91  obj 0.70913  best 0.71222  step 0.0297
05:22:36     iter  92  obj 0.85961  best 0.85961  step 0.0297  *
05:22:38     iter  93  obj 0.93098  best 0.93098  step 0.0148  *  halved
05:22:40     iter  94  obj 1.02870  best 1.02870  step 0.0148  *
05:22:42     iter  95  obj 1.10811  best 1.10811  step 0.0148  *
05:22:45     iter  96  obj 1.37021  best 1.37021  step 0.0148  *
05:22:47     iter  97  obj 1.56218  best 1.56218  step 0.0148  *
05:22:49     iter  98  obj 1.61198  best 1.61198  step 0.0148  *
05:22:51     iter  99  obj 2.01669  best 2.01669  step 0.0148  *
05:22:53     iter 100  obj 2.40882  best 2.40882  step 0.0148  *
05:22:54      poisoned ce=0.22183 auc=0.9777 acc=0.9270 f1=0.9263  dce=+0.12856 dacc=-0.0380  k=1500  [222.0s]
05:22:54   mean over 1 trials: dce=+0.12856 dacc=-0.0380 dauc=-0.0159  -> results/lambda_url_be/url_unique_lam1_rs2
