14:00:06 [x-capgd] datasets/url_unique/splits/selected/natural/context_5000.csv (5000x63) -> datasets/url_unique/splits/test_attack_1000.csv (1000 of 1000)  k=1500 (30.0%)  attack_class=None  grid 1x1  cuda:1
14:00:11   clean  ce=0.09328 auc=0.9935 acc=0.9650 f1=0.9644  max|dp| over 3 repeats=0.00e+00  chunking_exact=True  [3.2s]
14:00:11   constraints=full (14 relations, dataset 'url_unique')  scaler=metadata  mutable 63/63  int 58  cat 0
14:00:11   -- trial run0_sub0
14:00:13     iter   0  obj 0.09328  best 0.09328  step 0.9500
14:00:15     iter   1  obj -4.05719  best 0.09328  step 0.9500
14:00:18     iter   2  obj -0.34065  best 0.09328  step 0.9500
14:00:20     iter   3  obj -0.27014  best 0.09328  step 0.9500
14:00:22     iter   4  obj -0.20977  best 0.09328  step 0.9500
14:00:24     iter   5  obj -0.35325  best 0.09328  step 0.9500
14:00:26     iter   6  obj -0.59101  best 0.09328  step 0.9500
14:00:29     iter   7  obj -0.84691  best 0.09328  step 0.9500
14:00:31     iter   8  obj -0.74084  best 0.09328  step 0.9500
14:00:33     iter   9  obj -0.40727  best 0.09328  step 0.9500
14:00:35     iter  10  obj -0.41113  best 0.09328  step 0.9500
14:00:37     iter  11  obj -0.60337  best 0.09328  step 0.9500
14:00:40     iter  12  obj -0.21518  best 0.09328  step 0.9500
14:00:42     iter  13  obj -0.58128  best 0.09328  step 0.9500
14:00:44     iter  14  obj -0.62767  best 0.09328  step 0.9500
14:00:46     iter  15  obj -0.52462  best 0.09328  step 0.9500
14:00:48     iter  16  obj -0.45849  best 0.09328  step 0.9500
14:00:51     iter  17  obj -0.55468  best 0.09328  step 0.9500
14:00:53     iter  18  obj -0.45450  best 0.09328  step 0.9500
14:00:55     iter  19  obj -0.51898  best 0.09328  step 0.9500
14:00:57     iter  20  obj -0.55955  best 0.09328  step 0.9500
14:00:59     iter  21  obj -0.36115  best 0.09328  step 0.9500
14:01:01     iter  22  obj -0.40175  best 0.09328  step 0.4750  halved
14:01:04     iter  23  obj -3.79752  best 0.09328  step 0.4750
14:01:06     iter  24  obj -0.52020  best 0.09328  step 0.4750
14:01:08     iter  25  obj -0.05418  best 0.09328  step 0.4750
14:01:10     iter  26  obj -0.01897  best 0.09328  step 0.4750
14:01:12     iter  27  obj -0.16113  best 0.09328  step 0.4750
14:01:15     iter  28  obj -0.20591  best 0.09328  step 0.4750
14:01:17     iter  29  obj -0.16604  best 0.09328  step 0.4750
14:01:19     iter  30  obj -0.24265  best 0.09328  step 0.4750
14:01:21     iter  31  obj -0.19120  best 0.09328  step 0.4750
14:01:23     iter  32  obj -0.01279  best 0.09328  step 0.4750
14:01:26     iter  33  obj -0.00785  best 0.09328  step 0.4750
14:01:28     iter  34  obj -0.09337  best 0.09328  step 0.4750
14:01:30     iter  35  obj -0.07121  best 0.09328  step 0.4750
14:01:32     iter  36  obj -0.36432  best 0.09328  step 0.4750
14:01:34     iter  37  obj -0.27870  best 0.09328  step 0.4750
14:01:37     iter  38  obj -0.30352  best 0.09328  step 0.4750
14:01:39     iter  39  obj -0.21009  best 0.09328  step 0.4750
14:01:41     iter  40  obj -0.17899  best 0.09328  step 0.4750
14:01:43     iter  41  obj -0.30092  best 0.09328  step 0.2375  halved
14:01:45     iter  42  obj -2.47155  best 0.09328  step 0.2375
14:01:48     iter  43  obj -0.24186  best 0.09328  step 0.2375
14:01:50     iter  44  obj -0.23976  best 0.09328  step 0.2375
14:01:52     iter  45  obj -0.02084  best 0.09328  step 0.2375
14:01:54     iter  46  obj -0.04178  best 0.09328  step 0.2375
14:01:56     iter  47  obj -0.00782  best 0.09328  step 0.2375
14:01:59     iter  48  obj -0.01279  best 0.09328  step 0.2375
14:02:01     iter  49  obj 0.00966  best 0.09328  step 0.2375
14:02:03     iter  50  obj -0.12065  best 0.09328  step 0.2375
14:02:05     iter  51  obj -0.16877  best 0.09328  step 0.2375
14:02:07     iter  52  obj 0.06663  best 0.09328  step 0.2375
14:02:09     iter  53  obj -0.01291  best 0.09328  step 0.2375
14:02:12     iter  54  obj -0.03486  best 0.09328  step 0.2375
14:02:14     iter  55  obj -0.04633  best 0.09328  step 0.2375
14:02:16     iter  56  obj 0.06013  best 0.09328  step 0.2375
14:02:18     iter  57  obj -0.10119  best 0.09328  step 0.1188  halved
14:02:20     iter  58  obj -4.33165  best 0.09328  step 0.1188
14:02:23     iter  59  obj -0.06630  best 0.09328  step 0.1188
14:02:25     iter  60  obj 0.03630  best 0.09328  step 0.1188
14:02:27     iter  61  obj 0.06418  best 0.09328  step 0.1188
14:02:29     iter  62  obj 0.05660  best 0.09328  step 0.1188
14:02:31     iter  63  obj 0.06624  best 0.09328  step 0.1188
14:02:34     iter  64  obj 0.08899  best 0.09328  step 0.1188
14:02:36     iter  65  obj 0.01208  best 0.09328  step 0.1188
14:02:38     iter  66  obj 0.09810  best 0.09810  step 0.1188  *
14:02:40     iter  67  obj 0.06409  best 0.09810  step 0.1188
14:02:42     iter  68  obj 0.08841  best 0.09810  step 0.1188
14:02:45     iter  69  obj 0.11142  best 0.11142  step 0.1188  *
14:02:47     iter  70  obj 0.09935  best 0.11142  step 0.0594  halved
14:02:49     iter  71  obj 0.15711  best 0.15711  step 0.0594  *
14:02:51     iter  72  obj 0.17096  best 0.17096  step 0.0594  *
14:02:53     iter  73  obj 0.20205  best 0.20205  step 0.0594  *
14:02:56     iter  74  obj 0.21159  best 0.21159  step 0.0594  *
14:02:58     iter  75  obj 0.24397  best 0.24397  step 0.0594  *
14:03:00     iter  76  obj 0.13572  best 0.24397  step 0.0594
14:03:02     iter  77  obj 0.28766  best 0.28766  step 0.0594  *
14:03:04     iter  78  obj 0.38054  best 0.38054  step 0.0594  *
14:03:07     iter  79  obj 0.49894  best 0.49894  step 0.0594  *
14:03:09     iter  80  obj 0.70534  best 0.70534  step 0.0594  *
14:03:11     iter  81  obj 0.80510  best 0.80510  step 0.0594  *
14:03:13     iter  82  obj 0.71075  best 0.80510  step 0.0594
14:03:15     iter  83  obj 0.61853  best 0.80510  step 0.0594
14:03:17     iter  84  obj 0.73945  best 0.80510  step 0.0594
14:03:20     iter  85  obj 0.71916  best 0.80510  step 0.0594
14:03:22     iter  86  obj 0.90461  best 0.90461  step 0.0594  *
14:03:24     iter  87  obj 0.58498  best 0.90461  step 0.0297  halved
14:03:26     iter  88  obj 1.08366  best 1.08366  step 0.0297  *
14:03:28     iter  89  obj 1.33135  best 1.33135  step 0.0297  *
14:03:31     iter  90  obj 1.77263  best 1.77263  step 0.0297  *
14:03:33     iter  91  obj 1.62598  best 1.77263  step 0.0297
14:03:35     iter  92  obj 1.66277  best 1.77263  step 0.0297
14:03:37     iter  93  obj 1.74029  best 1.77263  step 0.0297
14:03:39     iter  94  obj 1.97599  best 1.97599  step 0.0297  *
14:03:42     iter  95  obj 2.34956  best 2.34956  step 0.0297  *
14:03:44     iter  96  obj 2.74033  best 2.74033  step 0.0297  *
14:03:46     iter  97  obj 2.99079  best 2.99079  step 0.0297  *
14:03:48     iter  98  obj 2.79393  best 2.99079  step 0.0297
14:03:50     iter  99  obj 2.16873  best 2.99079  step 0.0148  halved
14:03:53     iter 100  obj 3.70289  best 3.70289  step 0.0148  *
14:03:54      poisoned ce=0.10889 auc=0.9914 acc=0.9660 f1=0.9657  dce=+0.01562 dacc=+0.0010  k=1500  [222.9s]
14:03:54   mean over 1 trials: dce=+0.01562 dacc=+0.0010 dauc=-0.0021  -> results/niter_sweep_final/url_unique_rs3_it100
