09:26:43 [label-flip] /home/ssn899/Desktop/TabFM/datasets/coil2000_insurance_policies/splits/selected/natural/context_5000.csv (5000x85) -> /home/ssn899/Desktop/TabFM/datasets/coil2000_insurance_policies/splits/test_attack_1000.csv (1000 of 1000)  k=800 (16.0%)  attack_class=None  grid 5x1  cuda:3
09:26:48   clean  ce=0.20246 auc=0.7371 acc=0.9410 f1=0.0000  max|dp| over 3 repeats=0.00e+00  chunking_exact=True  [4.2s]
09:26:48   GA: GAConfig(population=16, generations=20, elite=2, tournament=3, crossover_prob=0.9, mutation_rate=None, seed_full=True, patience=8, batch_size=16, fitness_test_rows=None)
09:26:48   -- trial run0_sub0
09:27:08     gen   0  best 0.43356  mean 0.26133  best_so_far 0.43356  flips 800  evals 16
09:27:21     gen   1  best 0.43356  mean 0.27989  best_so_far 0.43356  flips 800  evals 30
09:27:34     gen   2  best 0.43356  mean 0.29458  best_so_far 0.43356  flips 800  evals 44
09:27:47     gen   3  best 0.43380  mean 0.32011  best_so_far 0.43380  flips 800  evals 57
09:28:00     gen   4  best 0.43400  mean 0.41355  best_so_far 0.43400  flips 800  evals 71
09:28:14     gen   5  best 0.43439  mean 0.43111  best_so_far 0.43439  flips 798  evals 85
09:28:25     gen   6  best 0.43439  mean 0.43161  best_so_far 0.43439  flips 798  evals 97
09:28:35     gen   7  best 0.43439  mean 0.43254  best_so_far 0.43439  flips 798  evals 107
09:28:45     gen   8  best 0.43566  mean 0.43382  best_so_far 0.43566  flips 799  evals 117
09:28:53     gen   9  best 0.43647  mean 0.43352  best_so_far 0.43647  flips 800  evals 126
09:29:07     gen  10  best 0.43720  mean 0.43451  best_so_far 0.43720  flips 798  evals 140
09:29:21     gen  11  best 0.43837  mean 0.43541  best_so_far 0.43837  flips 798  evals 154
09:29:33     gen  12  best 0.43899  mean 0.43604  best_so_far 0.43899  flips 800  evals 167
09:29:44     gen  13  best 0.44006  mean 0.43772  best_so_far 0.44006  flips 798  evals 178
09:29:55     gen  14  best 0.44006  mean 0.43839  best_so_far 0.44006  flips 798  evals 189
09:30:08     gen  15  best 0.44159  mean 0.43898  best_so_far 0.44159  flips 799  evals 202
09:30:20     gen  16  best 0.44271  mean 0.44005  best_so_far 0.44271  flips 800  evals 214
09:30:32     gen  17  best 0.44271  mean 0.44078  best_so_far 0.44271  flips 800  evals 227
09:30:45     gen  18  best 0.44271  mean 0.44038  best_so_far 0.44271  flips 800  evals 240
09:30:58     gen  19  best 0.44271  mean 0.43966  best_so_far 0.44271  flips 800  evals 253
09:31:10     gen  20  best 0.44271  mean 0.44023  best_so_far 0.44271  flips 800  evals 266
09:31:12      GA: 800/800 flips from pool 5000, 266 evals, 20 gens; influence-topk baseline dce=+0.23110 dacc=-0.0890
09:31:12      poisoned ce=0.44271 auc=0.5105 acc=0.8470 f1=0.0497  dce=+0.24025 dacc=-0.0940  k=800  [264.4s]
09:31:12   -- trial run1_sub0
09:31:33     gen   0  best 0.43356  mean 0.25598  best_so_far 0.43356  flips 800  evals 16
09:31:47     gen   1  best 0.43356  mean 0.28301  best_so_far 0.43356  flips 800  evals 30
09:32:00     gen   2  best 0.43356  mean 0.31848  best_so_far 0.43356  flips 800  evals 44
09:32:12     gen   3  best 0.43365  mean 0.36058  best_so_far 0.43365  flips 800  evals 56
09:32:25     gen   4  best 0.43432  mean 0.41222  best_so_far 0.43432  flips 799  evals 69
09:32:37     gen   5  best 0.43591  mean 0.43059  best_so_far 0.43591  flips 800  evals 81
09:32:49     gen   6  best 0.43870  mean 0.43408  best_so_far 0.43870  flips 800  evals 94
09:33:01     gen   7  best 0.43931  mean 0.43433  best_so_far 0.43931  flips 800  evals 106
09:33:14     gen   8  best 0.43931  mean 0.43535  best_so_far 0.43931  flips 800  evals 119
09:33:25     gen   9  best 0.44280  mean 0.43732  best_so_far 0.44280  flips 800  evals 131
09:33:37     gen  10  best 0.44280  mean 0.43930  best_so_far 0.44280  flips 800  evals 143
09:33:49     gen  11  best 0.44383  mean 0.44012  best_so_far 0.44383  flips 799  evals 155
09:34:00     gen  12  best 0.44438  mean 0.44168  best_so_far 0.44438  flips 800  evals 166
09:34:12     gen  13  best 0.44497  mean 0.44137  best_so_far 0.44497  flips 799  evals 179
09:34:25     gen  14  best 0.44936  mean 0.44424  best_so_far 0.44936  flips 800  evals 192
09:34:39     gen  15  best 0.45262  mean 0.44616  best_so_far 0.45262  flips 800  evals 206
09:34:51     gen  16  best 0.45889  mean 0.44765  best_so_far 0.45889  flips 800  evals 219
09:35:02     gen  17  best 0.45889  mean 0.44948  best_so_far 0.45889  flips 800  evals 230
09:35:13     gen  18  best 0.45889  mean 0.45269  best_so_far 0.45889  flips 800  evals 241
09:35:25     gen  19  best 0.45938  mean 0.45570  best_so_far 0.45938  flips 798  evals 253
09:35:37     gen  20  best 0.46344  mean 0.45733  best_so_far 0.46344  flips 796  evals 266
09:35:39      GA: 796/800 flips from pool 5000, 266 evals, 20 gens; influence-topk baseline dce=+0.23110 dacc=-0.0890
09:35:39      poisoned ce=0.46344 auc=0.4883 acc=0.8480 f1=0.0732  dce=+0.26098 dacc=-0.0930  k=796  [267.0s]
09:35:39   -- trial run2_sub0
09:36:00     gen   0  best 0.43356  mean 0.26122  best_so_far 0.43356  flips 800  evals 16
09:36:13     gen   1  best 0.43356  mean 0.28879  best_so_far 0.43356  flips 800  evals 29
09:36:24     gen   2  best 0.43460  mean 0.31309  best_so_far 0.43460  flips 800  evals 41
09:36:37     gen   3  best 0.43460  mean 0.36307  best_so_far 0.43460  flips 800  evals 54
09:36:51     gen   4  best 0.43687  mean 0.41376  best_so_far 0.43687  flips 800  evals 68
09:37:04     gen   5  best 0.43687  mean 0.43243  best_so_far 0.43687  flips 800  evals 81
09:37:16     gen   6  best 0.43845  mean 0.43412  best_so_far 0.43845  flips 800  evals 94
09:37:27     gen   7  best 0.43855  mean 0.43495  best_so_far 0.43855  flips 800  evals 105
09:37:39     gen   8  best 0.43855  mean 0.43540  best_so_far 0.43855  flips 800  evals 117
09:37:52     gen   9  best 0.43855  mean 0.43654  best_so_far 0.43855  flips 800  evals 130
09:38:04     gen  10  best 0.43902  mean 0.43734  best_so_far 0.43902  flips 800  evals 143
09:38:16     gen  11  best 0.43952  mean 0.43753  best_so_far 0.43952  flips 800  evals 155
09:38:29     gen  12  best 0.43961  mean 0.43721  best_so_far 0.43961  flips 800  evals 168
09:38:41     gen  13  best 0.43976  mean 0.43730  best_so_far 0.43976  flips 800  evals 180
09:38:50     gen  14  best 0.44121  mean 0.43890  best_so_far 0.44121  flips 800  evals 190
09:39:03     gen  15  best 0.44122  mean 0.43856  best_so_far 0.44122  flips 800  evals 203
09:39:16     gen  16  best 0.45351  mean 0.44096  best_so_far 0.45351  flips 800  evals 216
09:39:28     gen  17  best 0.45351  mean 0.44278  best_so_far 0.45351  flips 800  evals 229
09:39:39     gen  18  best 0.45410  mean 0.44607  best_so_far 0.45410  flips 798  evals 240
09:39:52     gen  19  best 0.45410  mean 0.44983  best_so_far 0.45410  flips 798  evals 253
09:40:03     gen  20  best 0.45461  mean 0.45152  best_so_far 0.45461  flips 800  evals 264
09:40:05      GA: 800/800 flips from pool 5000, 264 evals, 20 gens; influence-topk baseline dce=+0.23110 dacc=-0.0890
09:40:05      poisoned ce=0.45461 auc=0.5077 acc=0.8460 f1=0.0610  dce=+0.25215 dacc=-0.0950  k=800  [265.2s]
09:40:05   -- trial run3_sub0
09:40:25     gen   0  best 0.43356  mean 0.25954  best_so_far 0.43356  flips 800  evals 16
09:40:39     gen   1  best 0.43356  mean 0.29146  best_so_far 0.43356  flips 800  evals 30
09:40:53     gen   2  best 0.43356  mean 0.29980  best_so_far 0.43356  flips 800  evals 44
09:41:06     gen   3  best 0.43356  mean 0.31370  best_so_far 0.43356  flips 800  evals 58
09:41:18     gen   4  best 0.43356  mean 0.35957  best_so_far 0.43356  flips 800  evals 70
09:41:29     gen   5  best 0.43448  mean 0.42244  best_so_far 0.43448  flips 800  evals 81
09:41:40     gen   6  best 0.43448  mean 0.43240  best_so_far 0.43448  flips 800  evals 92
09:41:51     gen   7  best 0.43757  mean 0.43351  best_so_far 0.43757  flips 800  evals 104
09:42:04     gen   8  best 0.43757  mean 0.43490  best_so_far 0.43757  flips 800  evals 117
09:42:17     gen   9  best 0.43786  mean 0.43543  best_so_far 0.43786  flips 800  evals 130
09:42:28     gen  10  best 0.43815  mean 0.43617  best_so_far 0.43815  flips 800  evals 142
09:42:40     gen  11  best 0.43815  mean 0.43541  best_so_far 0.43815  flips 800  evals 154
09:42:53     gen  12  best 0.43821  mean 0.43626  best_so_far 0.43821  flips 800  evals 167
09:43:05     gen  13  best 0.43897  mean 0.43635  best_so_far 0.43897  flips 800  evals 179
09:43:17     gen  14  best 0.44052  mean 0.43671  best_so_far 0.44052  flips 800  evals 192
09:43:31     gen  15  best 0.44222  mean 0.43891  best_so_far 0.44222  flips 800  evals 206
09:43:44     gen  16  best 0.44417  mean 0.43849  best_so_far 0.44417  flips 800  evals 219
09:43:57     gen  17  best 0.44422  mean 0.43982  best_so_far 0.44422  flips 800  evals 233
09:44:09     gen  18  best 0.44422  mean 0.44079  best_so_far 0.44422  flips 800  evals 245
09:44:22     gen  19  best 0.44507  mean 0.44159  best_so_far 0.44507  flips 800  evals 258
09:44:33     gen  20  best 0.44617  mean 0.44280  best_so_far 0.44617  flips 800  evals 269
09:44:35      GA: 800/800 flips from pool 5000, 269 evals, 20 gens; influence-topk baseline dce=+0.23110 dacc=-0.0890
09:44:35      poisoned ce=0.44617 auc=0.4927 acc=0.8480 f1=0.0617  dce=+0.24371 dacc=-0.0930  k=800  [270.1s]
09:44:35   -- trial run4_sub0
09:44:55     gen   0  best 0.43356  mean 0.27362  best_so_far 0.43356  flips 800  evals 16
09:45:07     gen   1  best 0.43356  mean 0.28707  best_so_far 0.43356  flips 800  evals 28
09:45:20     gen   2  best 0.43356  mean 0.29920  best_so_far 0.43356  flips 800  evals 41
09:45:34     gen   3  best 0.43356  mean 0.30886  best_so_far 0.43356  flips 800  evals 55
09:45:47     gen   4  best 0.43356  mean 0.31195  best_so_far 0.43356  flips 800  evals 69
09:46:00     gen   5  best 0.43356  mean 0.36360  best_so_far 0.43356  flips 800  evals 82
09:46:12     gen   6  best 0.43356  mean 0.41296  best_so_far 0.43356  flips 800  evals 94
09:46:24     gen   7  best 0.43356  mean 0.42934  best_so_far 0.43356  flips 800  evals 106
09:46:35     gen   8  best 0.44071  mean 0.43262  best_so_far 0.44071  flips 800  evals 118
09:46:45     gen   9  best 0.44071  mean 0.43347  best_so_far 0.44071  flips 800  evals 128
09:46:56     gen  10  best 0.44441  mean 0.43580  best_so_far 0.44441  flips 799  evals 139
09:47:10     gen  11  best 0.44577  mean 0.43992  best_so_far 0.44577  flips 800  evals 153
09:47:22     gen  12  best 0.44577  mean 0.44210  best_so_far 0.44577  flips 800  evals 166
09:47:34     gen  13  best 0.44677  mean 0.44340  best_so_far 0.44677  flips 800  evals 178
09:47:47     gen  14  best 0.44808  mean 0.44377  best_so_far 0.44808  flips 800  evals 191
09:47:58     gen  15  best 0.44895  mean 0.44428  best_so_far 0.44895  flips 800  evals 203
09:48:10     gen  16  best 0.45294  mean 0.44706  best_so_far 0.45294  flips 799  evals 215
09:48:23     gen  17  best 0.45523  mean 0.44958  best_so_far 0.45523  flips 798  evals 228
09:48:35     gen  18  best 0.45640  mean 0.45239  best_so_far 0.45640  flips 800  evals 240
09:48:47     gen  19  best 0.45664  mean 0.45363  best_so_far 0.45664  flips 797  evals 253
09:48:58     gen  20  best 0.45676  mean 0.45512  best_so_far 0.45676  flips 798  evals 264
09:49:00      GA: 798/800 flips from pool 5000, 264 evals, 20 gens; influence-topk baseline dce=+0.23110 dacc=-0.0890
09:49:00      poisoned ce=0.45676 auc=0.4851 acc=0.8420 f1=0.0366  dce=+0.25430 dacc=-0.0990  k=798  [265.3s]
09:49:01   best trial run1_sub0: dce=+0.26098 dacc=-0.0930  -> context_poisoned.csv
09:49:01   per-run winners: run0<-sub0 (dce=+0.24025), run1<-sub0 (dce=+0.26098), run2<-sub0 (dce=+0.25215), run3<-sub0 (dce=+0.24371), run4<-sub0 (dce=+0.25430)
09:49:01   best-subsample-per-run, mean over 5 runs: dce=+0.25028 dacc=-0.0948 dauc=-0.2402  -> /home/ssn899/Desktop/TabFM/results/main_experiments/coil2000_insurance_policies/label-flip_random_r016
