05:01:01 [x-capgd] datasets/lcld_v2/splits/selected/natural/context_5000.csv (5000x28) -> datasets/lcld_v2/splits/test_attack_1000.csv (1000 of 1000)  k=1500 (30.0%)  attack_class=None  grid 1x1  cuda:1
05:01:04   clean  ce=0.45462 auc=0.7155 acc=0.8060 f1=0.1339  max|dp| over 3 repeats=0.00e+00  chunking_exact=True  [1.8s]
05:01:04   constraints=full (9 relations, dataset 'lcld_v2')  scaler=metadata  mutable 14/28  int 10  cat 5
05:01:04   -- trial run0_sub0
05:01:05     iter   0  obj 0.45189  best 0.45189  step 0.9500
05:01:06     iter   1  obj 0.33697  best 0.45189  step 0.9500
05:01:07     iter   2  obj 0.36198  best 0.45189  step 0.9500
05:01:08     iter   3  obj 0.10493  best 0.45189  step 0.9500
05:01:09     iter   4  obj -0.05949  best 0.45189  step 0.9500
05:01:10     iter   5  obj -0.24564  best 0.45189  step 0.9500
05:01:12     iter   6  obj -0.36179  best 0.45189  step 0.9500
05:01:13     iter   7  obj -0.55377  best 0.45189  step 0.9500
05:01:14     iter   8  obj 0.01795  best 0.45189  step 0.9500
05:01:15     iter   9  obj -0.45106  best 0.45189  step 0.9500
05:01:16     iter  10  obj -0.14789  best 0.45189  step 0.9500
05:01:17     iter  11  obj -0.22169  best 0.45189  step 0.9500
05:01:18     iter  12  obj -0.19881  best 0.45189  step 0.9500
05:01:19     iter  13  obj -0.37751  best 0.45189  step 0.9500
05:01:20     iter  14  obj 0.03384  best 0.45189  step 0.9500
05:01:21     iter  15  obj -0.69265  best 0.45189  step 0.9500
05:01:22     iter  16  obj 0.04239  best 0.45189  step 0.9500
05:01:23     iter  17  obj 0.07269  best 0.45189  step 0.9500
05:01:24     iter  18  obj -0.56639  best 0.45189  step 0.9500
05:01:25     iter  19  obj -0.27132  best 0.45189  step 0.9500
05:01:26     iter  20  obj 0.04302  best 0.45189  step 0.9500
05:01:27     iter  21  obj -0.72361  best 0.45189  step 0.9500
05:01:28     iter  22  obj 0.14416  best 0.45189  step 0.9500
05:01:29     iter  23  obj -0.24272  best 0.45189  step 0.9500
05:01:30     iter  24  obj 0.02235  best 0.45189  step 0.9500
05:01:31     iter  25  obj -0.11101  best 0.45189  step 0.9500
05:01:33     iter  26  obj -0.17550  best 0.45189  step 0.9500
05:01:34     iter  27  obj -0.13992  best 0.45189  step 0.9500
05:01:35     iter  28  obj -0.11231  best 0.45189  step 0.9500
05:01:36     iter  29  obj -0.13355  best 0.45189  step 0.9500
05:01:37     iter  30  obj 0.00432  best 0.45189  step 0.9500
05:01:38     iter  31  obj -0.23686  best 0.45189  step 0.9500
05:01:39     iter  32  obj -0.28413  best 0.45189  step 0.9500
05:01:40     iter  33  obj -0.03236  best 0.45189  step 0.9500
05:01:41     iter  34  obj 0.15227  best 0.45189  step 0.9500
05:01:42     iter  35  obj 0.07393  best 0.45189  step 0.9500
05:01:43     iter  36  obj 0.19743  best 0.45189  step 0.9500
05:01:44     iter  37  obj -0.37989  best 0.45189  step 0.9500
05:01:45     iter  38  obj -0.56543  best 0.45189  step 0.9500
05:01:46     iter  39  obj -0.36796  best 0.45189  step 0.9500
05:01:47     iter  40  obj -0.08753  best 0.45189  step 0.9500
05:01:48     iter  41  obj -0.22899  best 0.45189  step 0.9500
05:01:49     iter  42  obj -0.29133  best 0.45189  step 0.9500
05:01:50     iter  43  obj -0.20824  best 0.45189  step 0.9500
05:01:51     iter  44  obj -0.49419  best 0.45189  step 0.9500
05:01:52     iter  45  obj -0.20778  best 0.45189  step 0.9500
05:01:54     iter  46  obj 0.14291  best 0.45189  step 0.9500
05:01:55     iter  47  obj -0.20619  best 0.45189  step 0.9500
05:01:56     iter  48  obj -0.17932  best 0.45189  step 0.9500
05:01:57     iter  49  obj -0.05681  best 0.45189  step 0.9500
05:01:58     iter  50  obj -0.40035  best 0.45189  step 0.9500
05:01:59     iter  51  obj -0.02914  best 0.45189  step 0.9500
05:02:00     iter  52  obj -0.17283  best 0.45189  step 0.9500
05:02:01     iter  53  obj 0.08960  best 0.45189  step 0.9500
05:02:02     iter  54  obj -0.15475  best 0.45189  step 0.9500
05:02:03     iter  55  obj -0.15412  best 0.45189  step 0.9500
05:02:04     iter  56  obj -0.07672  best 0.45189  step 0.9500
05:02:05     iter  57  obj -0.33981  best 0.45189  step 0.9500
05:02:06     iter  58  obj -0.25379  best 0.45189  step 0.9500
05:02:07     iter  59  obj 0.01309  best 0.45189  step 0.9500
05:02:08     iter  60  obj 0.08766  best 0.45189  step 0.9500
05:02:09     iter  61  obj -0.27463  best 0.45189  step 0.9500
05:02:10     iter  62  obj -0.02788  best 0.45189  step 0.9500
05:02:11     iter  63  obj 0.06153  best 0.45189  step 0.9500
05:02:12     iter  64  obj -0.02385  best 0.45189  step 0.9500
05:02:13     iter  65  obj -0.37698  best 0.45189  step 0.9500
05:02:14     iter  66  obj -0.32544  best 0.45189  step 0.9500
05:02:16     iter  67  obj 0.11215  best 0.45189  step 0.9500
05:02:17     iter  68  obj 0.10994  best 0.45189  step 0.9500
05:02:18     iter  69  obj -0.31594  best 0.45189  step 0.9500
05:02:19     iter  70  obj 0.00555  best 0.45189  step 0.9500
05:02:20     iter  71  obj -0.01442  best 0.45189  step 0.9500
05:02:21     iter  72  obj -0.38175  best 0.45189  step 0.9500
05:02:22     iter  73  obj -0.01573  best 0.45189  step 0.9500
05:02:23     iter  74  obj -0.40149  best 0.45189  step 0.9500
05:02:24     iter  75  obj -0.18834  best 0.45189  step 0.9500
05:02:25     iter  76  obj 0.17043  best 0.45189  step 0.9500
05:02:26     iter  77  obj -0.38587  best 0.45189  step 0.9500
05:02:27     iter  78  obj -0.01561  best 0.45189  step 0.9500
05:02:28     iter  79  obj -0.28582  best 0.45189  step 0.9500
05:02:29     iter  80  obj -1.17438  best 0.45189  step 0.9500
05:02:30     iter  81  obj -0.14733  best 0.45189  step 0.9500
05:02:31     iter  82  obj -0.10002  best 0.45189  step 0.9500
05:02:32     iter  83  obj -0.08392  best 0.45189  step 0.9500
05:02:33     iter  84  obj -0.10227  best 0.45189  step 0.9500
05:02:34     iter  85  obj 0.15524  best 0.45189  step 0.9500
05:02:35     iter  86  obj -0.13442  best 0.45189  step 0.9500
05:02:37     iter  87  obj -0.34908  best 0.45189  step 0.9500
05:02:38     iter  88  obj -0.32947  best 0.45189  step 0.4750  halved
05:02:39     iter  89  obj 0.25572  best 0.45189  step 0.4750
05:02:40     iter  90  obj 0.30604  best 0.45189  step 0.4750
05:02:41     iter  91  obj 0.10468  best 0.45189  step 0.4750
05:02:42     iter  92  obj 0.11271  best 0.45189  step 0.4750
05:02:43     iter  93  obj -0.31384  best 0.45189  step 0.4750
05:02:44     iter  94  obj -0.27244  best 0.45189  step 0.4750
05:02:45     iter  95  obj 0.21830  best 0.45189  step 0.4750
05:02:46     iter  96  obj 0.06074  best 0.45189  step 0.4750
05:02:47     iter  97  obj -0.08136  best 0.45189  step 0.4750
05:02:48     iter  98  obj 0.09131  best 0.45189  step 0.4750
05:02:49     iter  99  obj 0.11160  best 0.45189  step 0.4750
05:02:50     iter 100  obj 0.05076  best 0.45189  step 0.4750
05:02:51     iter 101  obj 0.03321  best 0.45189  step 0.4750
05:02:52     iter 102  obj 0.22176  best 0.45189  step 0.4750
05:02:53     iter 103  obj 0.06030  best 0.45189  step 0.4750
05:02:54     iter 104  obj -0.04419  best 0.45189  step 0.4750
05:02:55     iter 105  obj 0.05885  best 0.45189  step 0.4750
05:02:56     iter 106  obj -0.07732  best 0.45189  step 0.4750
05:02:58     iter 107  obj 0.19175  best 0.45189  step 0.4750
05:02:59     iter 108  obj -0.03026  best 0.45189  step 0.4750
05:03:00     iter 109  obj -0.40871  best 0.45189  step 0.4750
05:03:01     iter 110  obj -0.31269  best 0.45189  step 0.4750
05:03:02     iter 111  obj -0.39148  best 0.45189  step 0.4750
05:03:03     iter 112  obj 0.18283  best 0.45189  step 0.4750
05:03:04     iter 113  obj 0.10335  best 0.45189  step 0.4750
05:03:05     iter 114  obj -0.41142  best 0.45189  step 0.4750
05:03:06     iter 115  obj -0.05570  best 0.45189  step 0.4750
05:03:07     iter 116  obj -0.00874  best 0.45189  step 0.4750
05:03:08     iter 117  obj -0.14361  best 0.45189  step 0.4750
05:03:09     iter 118  obj 0.14987  best 0.45189  step 0.4750
05:03:10     iter 119  obj -0.23107  best 0.45189  step 0.4750
05:03:11     iter 120  obj -0.07573  best 0.45189  step 0.4750
05:03:12     iter 121  obj 0.05053  best 0.45189  step 0.4750
05:03:13     iter 122  obj -0.06234  best 0.45189  step 0.4750
05:03:14     iter 123  obj 0.05491  best 0.45189  step 0.4750
05:03:15     iter 124  obj 0.07439  best 0.45189  step 0.4750
05:03:16     iter 125  obj 0.10941  best 0.45189  step 0.4750
05:03:17     iter 126  obj 0.03423  best 0.45189  step 0.4750
05:03:19     iter 127  obj 0.07635  best 0.45189  step 0.4750
05:03:20     iter 128  obj -0.03629  best 0.45189  step 0.4750
05:03:21     iter 129  obj -0.10609  best 0.45189  step 0.4750
05:03:22     iter 130  obj 0.17636  best 0.45189  step 0.4750
05:03:23     iter 131  obj -0.27532  best 0.45189  step 0.4750
05:03:24     iter 132  obj 0.16389  best 0.45189  step 0.4750
05:03:25     iter 133  obj -0.11437  best 0.45189  step 0.4750
05:03:26     iter 134  obj -0.29594  best 0.45189  step 0.4750
05:03:27     iter 135  obj 0.01129  best 0.45189  step 0.4750
05:03:28     iter 136  obj -0.43912  best 0.45189  step 0.4750
05:03:29     iter 137  obj -0.00773  best 0.45189  step 0.4750
05:03:30     iter 138  obj 0.05801  best 0.45189  step 0.4750
05:03:31     iter 139  obj 0.04224  best 0.45189  step 0.4750
05:03:32     iter 140  obj 0.14282  best 0.45189  step 0.4750
05:03:33     iter 141  obj 0.13307  best 0.45189  step 0.4750
05:03:34     iter 142  obj -0.53276  best 0.45189  step 0.4750
05:03:35     iter 143  obj 0.19017  best 0.45189  step 0.4750
05:03:36     iter 144  obj 0.16582  best 0.45189  step 0.4750
05:03:37     iter 145  obj -0.00316  best 0.45189  step 0.4750
05:03:38     iter 146  obj 0.13930  best 0.45189  step 0.4750
05:03:40     iter 147  obj -0.06577  best 0.45189  step 0.4750
05:03:41     iter 148  obj -0.03635  best 0.45189  step 0.4750
05:03:42     iter 149  obj -0.16913  best 0.45189  step 0.4750
05:03:43     iter 150  obj -0.00536  best 0.45189  step 0.4750
05:03:44     iter 151  obj -0.60842  best 0.45189  step 0.4750
05:03:45     iter 152  obj 0.13742  best 0.45189  step 0.4750
05:03:46     iter 153  obj -0.13653  best 0.45189  step 0.4750
05:03:47     iter 154  obj -0.08110  best 0.45189  step 0.4750
05:03:48     iter 155  obj 0.02689  best 0.45189  step 0.4750
05:03:49     iter 156  obj -0.01306  best 0.45189  step 0.4750
05:03:50     iter 157  obj 0.10679  best 0.45189  step 0.4750
05:03:51     iter 158  obj 0.13872  best 0.45189  step 0.4750
05:03:52     iter 159  obj -0.17695  best 0.45189  step 0.4750
05:03:53     iter 160  obj -0.14686  best 0.45189  step 0.4750
05:03:54     iter 161  obj -0.13187  best 0.45189  step 0.4750
05:03:55     iter 162  obj -0.03110  best 0.45189  step 0.4750
05:03:56     iter 163  obj -0.00232  best 0.45189  step 0.4750
05:03:57     iter 164  obj 0.02556  best 0.45189  step 0.2375  halved
05:03:58     iter 165  obj 0.25431  best 0.45189  step 0.2375
05:03:59     iter 166  obj 0.41457  best 0.45189  step 0.2375
05:04:01     iter 167  obj 0.41436  best 0.45189  step 0.2375
05:04:02     iter 168  obj 0.37256  best 0.45189  step 0.2375
05:04:03     iter 169  obj 0.39768  best 0.45189  step 0.2375
05:04:04     iter 170  obj 0.35808  best 0.45189  step 0.2375
05:04:05     iter 171  obj 0.19311  best 0.45189  step 0.2375
05:04:06     iter 172  obj 0.24050  best 0.45189  step 0.2375
05:04:07     iter 173  obj 0.12559  best 0.45189  step 0.2375
05:04:08     iter 174  obj 0.28507  best 0.45189  step 0.2375
05:04:09     iter 175  obj -0.04651  best 0.45189  step 0.2375
05:04:10     iter 176  obj 0.14056  best 0.45189  step 0.2375
05:04:11     iter 177  obj 0.14282  best 0.45189  step 0.2375
05:04:12     iter 178  obj 0.19348  best 0.45189  step 0.2375
05:04:13     iter 179  obj 0.21360  best 0.45189  step 0.2375
05:04:14     iter 180  obj 0.21540  best 0.45189  step 0.2375
05:04:15     iter 181  obj 0.19806  best 0.45189  step 0.2375
05:04:16     iter 182  obj 0.19380  best 0.45189  step 0.2375
05:04:17     iter 183  obj 0.14143  best 0.45189  step 0.2375
05:04:18     iter 184  obj 0.18383  best 0.45189  step 0.2375
05:04:19     iter 185  obj 0.19235  best 0.45189  step 0.2375
05:04:20     iter 186  obj 0.10217  best 0.45189  step 0.2375
05:04:21     iter 187  obj 0.21916  best 0.45189  step 0.2375
05:04:23     iter 188  obj 0.27018  best 0.45189  step 0.2375
05:04:24     iter 189  obj 0.21035  best 0.45189  step 0.2375
05:04:25     iter 190  obj 0.10853  best 0.45189  step 0.2375
05:04:26     iter 191  obj 0.00120  best 0.45189  step 0.2375
05:04:27     iter 192  obj 0.32559  best 0.45189  step 0.2375
05:04:28     iter 193  obj 0.21426  best 0.45189  step 0.2375
05:04:29     iter 194  obj 0.30326  best 0.45189  step 0.2375
05:04:30     iter 195  obj 0.21109  best 0.45189  step 0.2375
05:04:31     iter 196  obj -0.04980  best 0.45189  step 0.2375
05:04:32     iter 197  obj 0.36834  best 0.45189  step 0.2375
05:04:33     iter 198  obj 0.06681  best 0.45189  step 0.2375
05:04:34     iter 199  obj 0.13952  best 0.45189  step 0.2375
05:04:35     iter 200  obj 0.31497  best 0.45189  step 0.2375
05:04:36     iter 201  obj 0.12043  best 0.45189  step 0.2375
05:04:37     iter 202  obj 0.18099  best 0.45189  step 0.2375
05:04:38     iter 203  obj 0.31357  best 0.45189  step 0.2375
05:04:39     iter 204  obj 0.23156  best 0.45189  step 0.2375
05:04:40     iter 205  obj 0.31582  best 0.45189  step 0.2375
05:04:41     iter 206  obj 0.30372  best 0.45189  step 0.2375
05:04:42     iter 207  obj 0.32526  best 0.45189  step 0.2375
05:04:44     iter 208  obj -0.02907  best 0.45189  step 0.2375
05:04:45     iter 209  obj 0.36713  best 0.45189  step 0.2375
05:04:46     iter 210  obj 0.20266  best 0.45189  step 0.2375
05:04:47     iter 211  obj 0.05412  best 0.45189  step 0.2375
05:04:48     iter 212  obj 0.31313  best 0.45189  step 0.2375
05:04:49     iter 213  obj 0.19717  best 0.45189  step 0.2375
05:04:50     iter 214  obj 0.21467  best 0.45189  step 0.2375
05:04:51     iter 215  obj 0.13182  best 0.45189  step 0.2375
05:04:52     iter 216  obj 0.24335  best 0.45189  step 0.2375
05:04:53     iter 217  obj 0.27575  best 0.45189  step 0.2375
05:04:54     iter 218  obj 0.26692  best 0.45189  step 0.2375
05:04:55     iter 219  obj 0.19627  best 0.45189  step 0.2375
05:04:56     iter 220  obj 0.10041  best 0.45189  step 0.2375
05:04:57     iter 221  obj 0.12490  best 0.45189  step 0.2375
05:04:58     iter 222  obj 0.08243  best 0.45189  step 0.2375
05:04:59     iter 223  obj 0.25426  best 0.45189  step 0.2375
05:05:00     iter 224  obj 0.37652  best 0.45189  step 0.2375
05:05:01     iter 225  obj 0.16612  best 0.45189  step 0.2375
05:05:02     iter 226  obj 0.34542  best 0.45189  step 0.2375
05:05:03     iter 227  obj 0.31846  best 0.45189  step 0.2375
05:05:05     iter 228  obj 0.22770  best 0.45189  step 0.1187  halved
05:05:06     iter 229  obj 0.31559  best 0.45189  step 0.1187
05:05:07     iter 230  obj 0.46208  best 0.46208  step 0.1187  *
05:05:08     iter 231  obj 0.46565  best 0.46565  step 0.1187  *
05:05:09     iter 232  obj 0.46430  best 0.46565  step 0.1187
05:05:10     iter 233  obj 0.43936  best 0.46565  step 0.1187
05:05:11     iter 234  obj 0.32333  best 0.46565  step 0.1187
05:05:12     iter 235  obj 0.28899  best 0.46565  step 0.1187
05:05:13     iter 236  obj 0.27062  best 0.46565  step 0.1187
05:05:14     iter 237  obj 0.42864  best 0.46565  step 0.1187
05:05:15     iter 238  obj 0.42634  best 0.46565  step 0.1187
05:05:16     iter 239  obj 0.42323  best 0.46565  step 0.1187
05:05:17     iter 240  obj 0.46608  best 0.46608  step 0.1187  *
05:05:18     iter 241  obj 0.37822  best 0.46608  step 0.1187
05:05:19     iter 242  obj 0.46190  best 0.46608  step 0.1187
05:05:20     iter 243  obj 0.37535  best 0.46608  step 0.1187
05:05:21     iter 244  obj 0.38828  best 0.46608  step 0.1187
05:05:22     iter 245  obj 0.40570  best 0.46608  step 0.1187
05:05:23     iter 246  obj 0.42313  best 0.46608  step 0.1187
05:05:24     iter 247  obj 0.27490  best 0.46608  step 0.1187
05:05:25     iter 248  obj 0.37153  best 0.46608  step 0.1187
05:05:27     iter 249  obj 0.40386  best 0.46608  step 0.1187
05:05:28     iter 250  obj 0.38864  best 0.46608  step 0.1187
05:05:29     iter 251  obj 0.44397  best 0.46608  step 0.1187
05:05:30     iter 252  obj 0.38356  best 0.46608  step 0.1187
05:05:31     iter 253  obj 0.41181  best 0.46608  step 0.1187
05:05:32     iter 254  obj 0.42299  best 0.46608  step 0.1187
05:05:33     iter 255  obj 0.43089  best 0.46608  step 0.1187
05:05:34     iter 256  obj 0.25660  best 0.46608  step 0.1187
05:05:35     iter 257  obj 0.42773  best 0.46608  step 0.1187
05:05:36     iter 258  obj 0.45233  best 0.46608  step 0.1187
05:05:37     iter 259  obj 0.28499  best 0.46608  step 0.1187
05:05:38     iter 260  obj 0.44111  best 0.46608  step 0.1187
05:05:39     iter 261  obj 0.46565  best 0.46608  step 0.1187
05:05:40     iter 262  obj 0.44789  best 0.46608  step 0.1187
05:05:41     iter 263  obj 0.45879  best 0.46608  step 0.1187
05:05:42     iter 264  obj 0.43234  best 0.46608  step 0.1187
05:05:43     iter 265  obj 0.40377  best 0.46608  step 0.1187
05:05:44     iter 266  obj 0.46575  best 0.46608  step 0.1187
05:05:45     iter 267  obj 0.40603  best 0.46608  step 0.1187
05:05:46     iter 268  obj 0.45793  best 0.46608  step 0.1187
05:05:48     iter 269  obj 0.46221  best 0.46608  step 0.1187
05:05:49     iter 270  obj 0.42257  best 0.46608  step 0.1187
05:05:50     iter 271  obj 0.44788  best 0.46608  step 0.1187
05:05:51     iter 272  obj 0.42279  best 0.46608  step 0.1187
05:05:52     iter 273  obj 0.42895  best 0.46608  step 0.1187
05:05:53     iter 274  obj 0.42545  best 0.46608  step 0.1187
05:05:54     iter 275  obj 0.38232  best 0.46608  step 0.1187
05:05:55     iter 276  obj 0.45623  best 0.46608  step 0.1187
05:05:56     iter 277  obj 0.43794  best 0.46608  step 0.1187
05:05:57     iter 278  obj 0.40232  best 0.46608  step 0.1187
05:05:58     iter 279  obj 0.47438  best 0.47438  step 0.1187  *
05:05:59     iter 280  obj 0.44075  best 0.47438  step 0.0594  halved
05:06:00     iter 281  obj 0.47433  best 0.47438  step 0.0594
05:06:01     iter 282  obj 0.49167  best 0.49167  step 0.0594  *
05:06:02     iter 283  obj 0.49356  best 0.49356  step 0.0594  *
05:06:03     iter 284  obj 0.46685  best 0.49356  step 0.0594
05:06:04     iter 285  obj 0.48608  best 0.49356  step 0.0594
05:06:05     iter 286  obj 0.49073  best 0.49356  step 0.0594
05:06:06     iter 287  obj 0.48535  best 0.49356  step 0.0594
05:06:07     iter 288  obj 0.50318  best 0.50318  step 0.0594  *
05:06:08     iter 289  obj 0.51536  best 0.51536  step 0.0594  *
05:06:10     iter 290  obj 0.48075  best 0.51536  step 0.0594
05:06:11     iter 291  obj 0.50223  best 0.51536  step 0.0594
05:06:12     iter 292  obj 0.48066  best 0.51536  step 0.0594
05:06:13     iter 293  obj 0.50848  best 0.51536  step 0.0594
05:06:14     iter 294  obj 0.49775  best 0.51536  step 0.0594
05:06:15     iter 295  obj 0.49548  best 0.51536  step 0.0594
05:06:16     iter 296  obj 0.50085  best 0.51536  step 0.0594
05:06:17     iter 297  obj 0.52161  best 0.52161  step 0.0594  *
05:06:18     iter 298  obj 0.47886  best 0.52161  step 0.0594
05:06:19     iter 299  obj 0.50978  best 0.52161  step 0.0594
05:06:20     iter 300  obj 0.46781  best 0.52161  step 0.0594
05:06:21     iter 301  obj 0.49008  best 0.52161  step 0.0594
05:06:22     iter 302  obj 0.49425  best 0.52161  step 0.0594
05:06:23     iter 303  obj 0.46689  best 0.52161  step 0.0594
05:06:24     iter 304  obj 0.51117  best 0.52161  step 0.0594
05:06:25     iter 305  obj 0.47364  best 0.52161  step 0.0594
05:06:26     iter 306  obj 0.52085  best 0.52161  step 0.0594
05:06:27     iter 307  obj 0.47103  best 0.52161  step 0.0594
05:06:28     iter 308  obj 0.50742  best 0.52161  step 0.0594
05:06:29     iter 309  obj 0.51560  best 0.52161  step 0.0594
05:06:31     iter 310  obj 0.47228  best 0.52161  step 0.0594
05:06:32     iter 311  obj 0.50376  best 0.52161  step 0.0594
05:06:33     iter 312  obj 0.48283  best 0.52161  step 0.0594
05:06:34     iter 313  obj 0.48738  best 0.52161  step 0.0594
05:06:35     iter 314  obj 0.42299  best 0.52161  step 0.0594
05:06:36     iter 315  obj 0.52065  best 0.52161  step 0.0594
05:06:37     iter 316  obj 0.48436  best 0.52161  step 0.0594
05:06:38     iter 317  obj 0.49426  best 0.52161  step 0.0594
05:06:39     iter 318  obj 0.47979  best 0.52161  step 0.0594
05:06:40     iter 319  obj 0.50800  best 0.52161  step 0.0594
05:06:41     iter 320  obj 0.46865  best 0.52161  step 0.0297  halved
05:06:42     iter 321  obj 0.51123  best 0.52161  step 0.0297
05:06:43     iter 322  obj 0.54383  best 0.54383  step 0.0297  *
05:06:44     iter 323  obj 0.52928  best 0.54383  step 0.0297
05:06:45     iter 324  obj 0.55827  best 0.55827  step 0.0297  *
05:06:46     iter 325  obj 0.53618  best 0.55827  step 0.0297
05:06:47     iter 326  obj 0.51195  best 0.55827  step 0.0297
05:06:48     iter 327  obj 0.54806  best 0.55827  step 0.0297
05:06:49     iter 328  obj 0.56985  best 0.56985  step 0.0297  *
05:06:50     iter 329  obj 0.48236  best 0.56985  step 0.0297
05:06:52     iter 330  obj 0.52313  best 0.56985  step 0.0297
05:06:53     iter 331  obj 0.58885  best 0.58885  step 0.0297  *
05:06:54     iter 332  obj 0.51540  best 0.58885  step 0.0297
05:06:55     iter 333  obj 0.55205  best 0.58885  step 0.0297
05:06:56     iter 334  obj 0.58347  best 0.58885  step 0.0297
05:06:57     iter 335  obj 0.71948  best 0.71948  step 0.0297  *
05:06:58     iter 336  obj 0.72137  best 0.72137  step 0.0297  *
05:06:59     iter 337  obj 0.53495  best 0.72137  step 0.0297
05:07:00     iter 338  obj 0.70584  best 0.72137  step 0.0297
05:07:01     iter 339  obj 0.71331  best 0.72137  step 0.0297
05:07:02     iter 340  obj 0.88069  best 0.88069  step 0.0297  *
05:07:03     iter 341  obj 0.77011  best 0.88069  step 0.0297
05:07:04     iter 342  obj 0.56618  best 0.88069  step 0.0297
05:07:05     iter 343  obj 0.61786  best 0.88069  step 0.0297
05:07:06     iter 344  obj 0.58873  best 0.88069  step 0.0297
05:07:07     iter 345  obj 0.82340  best 0.88069  step 0.0297
05:07:08     iter 346  obj 0.79355  best 0.88069  step 0.0297
05:07:09     iter 347  obj 0.85154  best 0.88069  step 0.0297
05:07:10     iter 348  obj 1.04562  best 1.04562  step 0.0148  *  halved
05:07:11     iter 349  obj 1.07054  best 1.07054  step 0.0148  *
05:07:13     iter 350  obj 0.77700  best 1.07054  step 0.0148
05:07:14     iter 351  obj 0.69990  best 1.07054  step 0.0148
05:07:15     iter 352  obj 0.86437  best 1.07054  step 0.0148
05:07:16     iter 353  obj 1.01785  best 1.07054  step 0.0148
05:07:17     iter 354  obj 1.10274  best 1.10274  step 0.0148  *
05:07:18     iter 355  obj 0.85544  best 1.10274  step 0.0148
05:07:19     iter 356  obj 0.58774  best 1.10274  step 0.0148
05:07:20     iter 357  obj 0.88392  best 1.10274  step 0.0148
05:07:21     iter 358  obj 1.07939  best 1.10274  step 0.0148
05:07:22     iter 359  obj 1.16205  best 1.16205  step 0.0148  *
05:07:23     iter 360  obj 1.11440  best 1.16205  step 0.0148
05:07:24     iter 361  obj 0.69241  best 1.16205  step 0.0148
05:07:25     iter 362  obj 1.07127  best 1.16205  step 0.0148
05:07:26     iter 363  obj 1.18320  best 1.18320  step 0.0148  *
05:07:27     iter 364  obj 0.99094  best 1.18320  step 0.0148
05:07:28     iter 365  obj 1.17862  best 1.18320  step 0.0148
05:07:29     iter 366  obj 1.24484  best 1.24484  step 0.0148  *
05:07:30     iter 367  obj 0.52086  best 1.24484  step 0.0148
05:07:31     iter 368  obj 1.12128  best 1.24484  step 0.0148
05:07:32     iter 369  obj 1.32173  best 1.32173  step 0.0148  *
05:07:34     iter 370  obj 1.23395  best 1.32173  step 0.0148
05:07:35     iter 371  obj 0.92290  best 1.32173  step 0.0148
05:07:36     iter 372  obj 1.33916  best 1.33916  step 0.0074  *  halved
05:07:37     iter 373  obj 0.51993  best 1.33916  step 0.0074
05:07:38     iter 374  obj 0.53027  best 1.33916  step 0.0074
05:07:39     iter 375  obj 0.54141  best 1.33916  step 0.0074
05:07:40     iter 376  obj 1.44478  best 1.44478  step 0.0074  *
05:07:41     iter 377  obj 0.55320  best 1.44478  step 0.0074
05:07:42     iter 378  obj 1.54108  best 1.54108  step 0.0074  *
05:07:43     iter 379  obj 0.54679  best 1.54108  step 0.0074
05:07:44     iter 380  obj 0.56692  best 1.54108  step 0.0074
05:07:45     iter 381  obj 0.58476  best 1.54108  step 0.0074
05:07:46     iter 382  obj 0.59633  best 1.54108  step 0.0074
05:07:47     iter 383  obj 0.65684  best 1.54108  step 0.0074
05:07:48     iter 384  obj 0.64998  best 1.54108  step 0.0074
05:07:49     iter 385  obj 0.62638  best 1.54108  step 0.0074
05:07:50     iter 386  obj 0.64105  best 1.54108  step 0.0074
05:07:51     iter 387  obj 1.33224  best 1.54108  step 0.0074
05:07:52     iter 388  obj 0.57228  best 1.54108  step 0.0074
05:07:53     iter 389  obj 1.50720  best 1.54108  step 0.0074
05:07:55     iter 390  obj 0.62591  best 1.54108  step 0.0074
05:07:56     iter 391  obj 1.31155  best 1.54108  step 0.0074
05:07:57     iter 392  obj 0.87449  best 1.54108  step 0.0074
05:07:58     iter 393  obj 1.62418  best 1.62418  step 0.0074  *
05:07:59     iter 394  obj 0.59170  best 1.62418  step 0.0074
05:08:00     iter 395  obj 1.44989  best 1.62418  step 0.0074
05:08:01     iter 396  obj 1.22583  best 1.62418  step 0.0037  halved
05:08:02     iter 397  obj 0.55851  best 1.62418  step 0.0037
05:08:03     iter 398  obj 0.57173  best 1.62418  step 0.0037
05:08:04     iter 399  obj 0.58765  best 1.62418  step 0.0037
05:08:05     iter 400  obj 1.44338  best 1.62418  step 0.0037
05:08:05      poisoned ce=1.26896 auc=0.4126 acc=0.7430 f1=0.0919  dce=+0.81433 dacc=-0.0630  k=1500  [421.3s]
05:08:05   mean over 1 trials: dce=+0.81433 dacc=-0.0630 dauc=-0.3029  -> results/niter_be/lcld_v2_lcld_rs2_it400

