05:08:09 [x-capgd] datasets/lcld_v2/splits/selected/natural/context_5000.csv (5000x28) -> datasets/lcld_v2/splits/test_attack_1000.csv (1000 of 1000)  k=1500 (30.0%)  attack_class=None  grid 1x1  cuda:1
05:08:12   clean  ce=0.45462 auc=0.7155 acc=0.8060 f1=0.1339  max|dp| over 3 repeats=0.00e+00  chunking_exact=True  [1.8s]
05:08:12   constraints=full (9 relations, dataset 'lcld_v2')  scaler=metadata  mutable 14/28  int 10  cat 5
05:08:12   -- trial run0_sub0
05:08:13     iter   0  obj 0.45457  best 0.45457  step 0.9500
05:08:14     iter   1  obj 0.37820  best 0.45457  step 0.9500
05:08:15     iter   2  obj 0.41682  best 0.45457  step 0.9500
05:08:16     iter   3  obj 0.18591  best 0.45457  step 0.9500
05:08:18     iter   4  obj 0.15979  best 0.45457  step 0.9500
05:08:19     iter   5  obj -0.04681  best 0.45457  step 0.9500
05:08:20     iter   6  obj 0.02471  best 0.45457  step 0.9500
05:08:21     iter   7  obj -0.38520  best 0.45457  step 0.9500
05:08:22     iter   8  obj 0.07769  best 0.45457  step 0.9500
05:08:23     iter   9  obj 0.09525  best 0.45457  step 0.9500
05:08:24     iter  10  obj -0.61968  best 0.45457  step 0.9500
05:08:25     iter  11  obj -0.02552  best 0.45457  step 0.9500
05:08:26     iter  12  obj -0.16421  best 0.45457  step 0.9500
05:08:27     iter  13  obj -1.23594  best 0.45457  step 0.9500
05:08:28     iter  14  obj -0.03905  best 0.45457  step 0.9500
05:08:29     iter  15  obj 0.08507  best 0.45457  step 0.9500
05:08:30     iter  16  obj 0.13372  best 0.45457  step 0.9500
05:08:31     iter  17  obj -0.16514  best 0.45457  step 0.9500
05:08:32     iter  18  obj -0.39787  best 0.45457  step 0.9500
05:08:33     iter  19  obj -0.27415  best 0.45457  step 0.9500
05:08:34     iter  20  obj -0.55810  best 0.45457  step 0.9500
05:08:35     iter  21  obj -0.12569  best 0.45457  step 0.9500
05:08:36     iter  22  obj -0.05569  best 0.45457  step 0.9500
05:08:37     iter  23  obj 0.04321  best 0.45457  step 0.9500
05:08:39     iter  24  obj -0.20902  best 0.45457  step 0.9500
05:08:40     iter  25  obj -0.50194  best 0.45457  step 0.9500
05:08:41     iter  26  obj -0.17874  best 0.45457  step 0.9500
05:08:42     iter  27  obj -0.05631  best 0.45457  step 0.9500
05:08:43     iter  28  obj -0.47341  best 0.45457  step 0.9500
05:08:44     iter  29  obj 0.03584  best 0.45457  step 0.9500
05:08:45     iter  30  obj -0.15338  best 0.45457  step 0.9500
05:08:46     iter  31  obj 0.07090  best 0.45457  step 0.9500
05:08:47     iter  32  obj -0.05607  best 0.45457  step 0.9500
05:08:48     iter  33  obj -0.34645  best 0.45457  step 0.9500
05:08:49     iter  34  obj -0.14279  best 0.45457  step 0.9500
05:08:50     iter  35  obj -0.11225  best 0.45457  step 0.9500
05:08:51     iter  36  obj 0.11229  best 0.45457  step 0.9500
05:08:52     iter  37  obj -0.14568  best 0.45457  step 0.9500
05:08:53     iter  38  obj 0.14188  best 0.45457  step 0.9500
05:08:54     iter  39  obj 0.01106  best 0.45457  step 0.9500
05:08:55     iter  40  obj -0.27566  best 0.45457  step 0.9500
05:08:56     iter  41  obj 0.06342  best 0.45457  step 0.9500
05:08:57     iter  42  obj 0.03525  best 0.45457  step 0.9500
05:08:58     iter  43  obj -0.24104  best 0.45457  step 0.9500
05:09:00     iter  44  obj -0.02831  best 0.45457  step 0.9500
05:09:01     iter  45  obj 0.01626  best 0.45457  step 0.9500
05:09:02     iter  46  obj -0.12275  best 0.45457  step 0.9500
05:09:03     iter  47  obj -0.23862  best 0.45457  step 0.9500
05:09:04     iter  48  obj 0.07972  best 0.45457  step 0.9500
05:09:05     iter  49  obj -0.08733  best 0.45457  step 0.9500
05:09:06     iter  50  obj -0.02770  best 0.45457  step 0.9500
05:09:07     iter  51  obj -0.34495  best 0.45457  step 0.9500
05:09:08     iter  52  obj -0.17168  best 0.45457  step 0.9500
05:09:09     iter  53  obj 0.11633  best 0.45457  step 0.9500
05:09:10     iter  54  obj -0.21579  best 0.45457  step 0.9500
05:09:11     iter  55  obj -0.07920  best 0.45457  step 0.9500
05:09:12     iter  56  obj -0.07444  best 0.45457  step 0.9500
05:09:13     iter  57  obj -0.03099  best 0.45457  step 0.9500
05:09:14     iter  58  obj 0.10032  best 0.45457  step 0.9500
05:09:15     iter  59  obj -0.23670  best 0.45457  step 0.9500
05:09:16     iter  60  obj -0.70075  best 0.45457  step 0.9500
05:09:17     iter  61  obj -0.03939  best 0.45457  step 0.9500
05:09:18     iter  62  obj -0.18687  best 0.45457  step 0.9500
05:09:19     iter  63  obj -0.12450  best 0.45457  step 0.9500
05:09:21     iter  64  obj -0.10640  best 0.45457  step 0.9500
05:09:22     iter  65  obj -0.43396  best 0.45457  step 0.9500
05:09:23     iter  66  obj 0.05399  best 0.45457  step 0.9500
05:09:24     iter  67  obj 0.10164  best 0.45457  step 0.9500
05:09:25     iter  68  obj -0.36792  best 0.45457  step 0.9500
05:09:26     iter  69  obj 0.03942  best 0.45457  step 0.9500
05:09:27     iter  70  obj 0.06584  best 0.45457  step 0.9500
05:09:28     iter  71  obj 0.04717  best 0.45457  step 0.9500
05:09:29     iter  72  obj -0.00538  best 0.45457  step 0.9500
05:09:30     iter  73  obj -0.60134  best 0.45457  step 0.9500
05:09:31     iter  74  obj -0.44540  best 0.45457  step 0.9500
05:09:32     iter  75  obj -0.01498  best 0.45457  step 0.9500
05:09:33     iter  76  obj -0.06355  best 0.45457  step 0.9500
05:09:34     iter  77  obj -0.15559  best 0.45457  step 0.9500
05:09:35     iter  78  obj -0.17149  best 0.45457  step 0.9500
05:09:36     iter  79  obj -0.10026  best 0.45457  step 0.9500
05:09:37     iter  80  obj 0.15759  best 0.45457  step 0.9500
05:09:38     iter  81  obj -0.13486  best 0.45457  step 0.9500
05:09:39     iter  82  obj -0.12137  best 0.45457  step 0.9500
05:09:40     iter  83  obj -0.15498  best 0.45457  step 0.9500
05:09:42     iter  84  obj 0.03934  best 0.45457  step 0.9500
05:09:43     iter  85  obj 0.02902  best 0.45457  step 0.9500
05:09:44     iter  86  obj -0.38902  best 0.45457  step 0.9500
05:09:45     iter  87  obj -0.26174  best 0.45457  step 0.9500
05:09:46     iter  88  obj -0.98243  best 0.45457  step 0.4750  halved
05:09:47     iter  89  obj 0.14868  best 0.45457  step 0.4750
05:09:48     iter  90  obj 0.35786  best 0.45457  step 0.4750
05:09:49     iter  91  obj 0.34491  best 0.45457  step 0.4750
05:09:50     iter  92  obj 0.30481  best 0.45457  step 0.4750
05:09:51     iter  93  obj -0.00028  best 0.45457  step 0.4750
05:09:52     iter  94  obj -0.07261  best 0.45457  step 0.4750
05:09:53     iter  95  obj -0.14135  best 0.45457  step 0.4750
05:09:54     iter  96  obj 0.07239  best 0.45457  step 0.4750
05:09:55     iter  97  obj -0.09078  best 0.45457  step 0.4750
05:09:56     iter  98  obj -0.01712  best 0.45457  step 0.4750
05:09:57     iter  99  obj -0.13874  best 0.45457  step 0.4750
05:09:58     iter 100  obj 0.13839  best 0.45457  step 0.4750
05:09:59     iter 101  obj -0.34741  best 0.45457  step 0.4750
05:10:00     iter 102  obj -0.09251  best 0.45457  step 0.4750
05:10:01     iter 103  obj 0.25246  best 0.45457  step 0.4750
05:10:03     iter 104  obj 0.14681  best 0.45457  step 0.4750
05:10:04     iter 105  obj -0.29033  best 0.45457  step 0.4750
05:10:05     iter 106  obj -0.14637  best 0.45457  step 0.4750
05:10:06     iter 107  obj -0.12737  best 0.45457  step 0.4750
05:10:07     iter 108  obj -0.09847  best 0.45457  step 0.4750
05:10:08     iter 109  obj 0.00111  best 0.45457  step 0.4750
05:10:09     iter 110  obj -0.23232  best 0.45457  step 0.4750
05:10:10     iter 111  obj -0.19533  best 0.45457  step 0.4750
05:10:11     iter 112  obj 0.08304  best 0.45457  step 0.4750
05:10:12     iter 113  obj -0.05403  best 0.45457  step 0.4750
05:10:13     iter 114  obj -0.03904  best 0.45457  step 0.4750
05:10:14     iter 115  obj -0.19118  best 0.45457  step 0.4750
05:10:15     iter 116  obj 0.21328  best 0.45457  step 0.4750
05:10:16     iter 117  obj -0.20361  best 0.45457  step 0.4750
05:10:17     iter 118  obj -0.09175  best 0.45457  step 0.4750
05:10:18     iter 119  obj 0.05965  best 0.45457  step 0.4750
05:10:19     iter 120  obj -0.04483  best 0.45457  step 0.4750
05:10:20     iter 121  obj -0.00909  best 0.45457  step 0.4750
05:10:21     iter 122  obj -0.38615  best 0.45457  step 0.4750
05:10:22     iter 123  obj -0.10484  best 0.45457  step 0.4750
05:10:24     iter 124  obj 0.03767  best 0.45457  step 0.4750
05:10:25     iter 125  obj 0.11112  best 0.45457  step 0.4750
05:10:26     iter 126  obj 0.02108  best 0.45457  step 0.4750
05:10:27     iter 127  obj -0.28948  best 0.45457  step 0.4750
05:10:28     iter 128  obj 0.10918  best 0.45457  step 0.4750
05:10:29     iter 129  obj -0.26125  best 0.45457  step 0.4750
05:10:30     iter 130  obj 0.07231  best 0.45457  step 0.4750
05:10:31     iter 131  obj 0.12861  best 0.45457  step 0.4750
05:10:32     iter 132  obj -0.27396  best 0.45457  step 0.4750
05:10:33     iter 133  obj -0.07153  best 0.45457  step 0.4750
05:10:34     iter 134  obj -0.00657  best 0.45457  step 0.4750
05:10:35     iter 135  obj 0.22337  best 0.45457  step 0.4750
05:10:36     iter 136  obj -0.15243  best 0.45457  step 0.4750
05:10:37     iter 137  obj 0.06981  best 0.45457  step 0.4750
05:10:38     iter 138  obj 0.02813  best 0.45457  step 0.4750
05:10:39     iter 139  obj -0.30676  best 0.45457  step 0.4750
05:10:40     iter 140  obj -0.24832  best 0.45457  step 0.4750
05:10:41     iter 141  obj -0.15020  best 0.45457  step 0.4750
05:10:42     iter 142  obj -0.29155  best 0.45457  step 0.4750
05:10:43     iter 143  obj -0.18566  best 0.45457  step 0.4750
05:10:44     iter 144  obj -0.13372  best 0.45457  step 0.4750
05:10:46     iter 145  obj -0.26842  best 0.45457  step 0.4750
05:10:47     iter 146  obj 0.18218  best 0.45457  step 0.4750
05:10:48     iter 147  obj 0.20087  best 0.45457  step 0.4750
05:10:49     iter 148  obj -0.72206  best 0.45457  step 0.4750
05:10:50     iter 149  obj -0.03499  best 0.45457  step 0.4750
05:10:51     iter 150  obj 0.07545  best 0.45457  step 0.4750
05:10:52     iter 151  obj -0.08085  best 0.45457  step 0.4750
05:10:53     iter 152  obj 0.10397  best 0.45457  step 0.4750
05:10:54     iter 153  obj -0.07557  best 0.45457  step 0.4750
05:10:55     iter 154  obj -0.10848  best 0.45457  step 0.4750
05:10:56     iter 155  obj -0.10230  best 0.45457  step 0.4750
05:10:57     iter 156  obj 0.03698  best 0.45457  step 0.4750
05:10:58     iter 157  obj 0.06170  best 0.45457  step 0.4750
05:10:59     iter 158  obj -0.02848  best 0.45457  step 0.4750
05:11:00     iter 159  obj -0.25196  best 0.45457  step 0.4750
05:11:01     iter 160  obj 0.23764  best 0.45457  step 0.4750
05:11:02     iter 161  obj 0.07694  best 0.45457  step 0.4750
05:11:03     iter 162  obj -0.12429  best 0.45457  step 0.4750
05:11:04     iter 163  obj 0.25285  best 0.45457  step 0.4750
05:11:05     iter 164  obj -0.58597  best 0.45457  step 0.2375  halved
05:11:07     iter 165  obj 0.30923  best 0.45457  step 0.2375
05:11:08     iter 166  obj 0.41747  best 0.45457  step 0.2375
05:11:09     iter 167  obj 0.40443  best 0.45457  step 0.2375
05:11:10     iter 168  obj 0.33227  best 0.45457  step 0.2375
05:11:11     iter 169  obj 0.27426  best 0.45457  step 0.2375
05:11:12     iter 170  obj -0.16117  best 0.45457  step 0.2375
05:11:13     iter 171  obj 0.25836  best 0.45457  step 0.2375
05:11:14     iter 172  obj 0.29143  best 0.45457  step 0.2375
05:11:15     iter 173  obj 0.31068  best 0.45457  step 0.2375
05:11:16     iter 174  obj -0.00605  best 0.45457  step 0.2375
05:11:17     iter 175  obj 0.10261  best 0.45457  step 0.2375
05:11:18     iter 176  obj 0.31405  best 0.45457  step 0.2375
05:11:19     iter 177  obj 0.36457  best 0.45457  step 0.2375
05:11:20     iter 178  obj -0.14064  best 0.45457  step 0.2375
05:11:21     iter 179  obj 0.21935  best 0.45457  step 0.2375
05:11:22     iter 180  obj 0.31813  best 0.45457  step 0.2375
05:11:23     iter 181  obj 0.36230  best 0.45457  step 0.2375
05:11:24     iter 182  obj 0.13092  best 0.45457  step 0.2375
05:11:25     iter 183  obj 0.19550  best 0.45457  step 0.2375
05:11:26     iter 184  obj 0.36296  best 0.45457  step 0.2375
05:11:27     iter 185  obj 0.35545  best 0.45457  step 0.2375
05:11:29     iter 186  obj 0.25668  best 0.45457  step 0.2375
05:11:30     iter 187  obj -0.17337  best 0.45457  step 0.2375
05:11:31     iter 188  obj 0.15755  best 0.45457  step 0.2375
05:11:32     iter 189  obj 0.32943  best 0.45457  step 0.2375
05:11:33     iter 190  obj 0.30978  best 0.45457  step 0.2375
05:11:34     iter 191  obj -0.06806  best 0.45457  step 0.2375
05:11:35     iter 192  obj 0.17167  best 0.45457  step 0.2375
05:11:36     iter 193  obj 0.34637  best 0.45457  step 0.2375
05:11:37     iter 194  obj 0.24807  best 0.45457  step 0.2375
05:11:38     iter 195  obj 0.33001  best 0.45457  step 0.2375
05:11:39     iter 196  obj 0.38288  best 0.45457  step 0.2375
05:11:40     iter 197  obj 0.04301  best 0.45457  step 0.2375
05:11:41     iter 198  obj 0.31018  best 0.45457  step 0.2375
05:11:42     iter 199  obj 0.31773  best 0.45457  step 0.2375
05:11:43     iter 200  obj 0.19522  best 0.45457  step 0.2375
05:11:44     iter 201  obj 0.17075  best 0.45457  step 0.2375
05:11:45     iter 202  obj 0.18414  best 0.45457  step 0.2375
05:11:46     iter 203  obj 0.31448  best 0.45457  step 0.2375
05:11:47     iter 204  obj 0.17282  best 0.45457  step 0.2375
05:11:48     iter 205  obj 0.27875  best 0.45457  step 0.2375
05:11:49     iter 206  obj 0.21344  best 0.45457  step 0.2375
05:11:51     iter 207  obj 0.29156  best 0.45457  step 0.2375
05:11:52     iter 208  obj 0.36304  best 0.45457  step 0.2375
05:11:53     iter 209  obj 0.38083  best 0.45457  step 0.2375
05:11:54     iter 210  obj 0.14419  best 0.45457  step 0.2375
05:11:55     iter 211  obj 0.21879  best 0.45457  step 0.2375
05:11:56     iter 212  obj 0.28878  best 0.45457  step 0.2375
05:11:57     iter 213  obj 0.23284  best 0.45457  step 0.2375
05:11:58     iter 214  obj 0.30585  best 0.45457  step 0.2375
05:11:59     iter 215  obj 0.10323  best 0.45457  step 0.2375
05:12:00     iter 216  obj 0.23865  best 0.45457  step 0.2375
05:12:01     iter 217  obj 0.17636  best 0.45457  step 0.2375
05:12:02     iter 218  obj 0.34104  best 0.45457  step 0.2375
05:12:03     iter 219  obj 0.17380  best 0.45457  step 0.2375
05:12:04     iter 220  obj 0.14680  best 0.45457  step 0.2375
05:12:05     iter 221  obj 0.24264  best 0.45457  step 0.2375
05:12:06     iter 222  obj 0.27056  best 0.45457  step 0.2375
05:12:07     iter 223  obj 0.27372  best 0.45457  step 0.2375
05:12:08     iter 224  obj 0.07139  best 0.45457  step 0.2375
05:12:09     iter 225  obj 0.27442  best 0.45457  step 0.2375
05:12:10     iter 226  obj 0.34808  best 0.45457  step 0.2375
05:12:12     iter 227  obj 0.16748  best 0.45457  step 0.2375
05:12:13     iter 228  obj 0.27248  best 0.45457  step 0.1187  halved
05:12:14     iter 229  obj 0.34393  best 0.45457  step 0.1187
05:12:15     iter 230  obj 0.44092  best 0.45457  step 0.1187
05:12:16     iter 231  obj 0.45503  best 0.45503  step 0.1187  *
05:12:17     iter 232  obj 0.46194  best 0.46194  step 0.1187  *
05:12:18     iter 233  obj 0.44330  best 0.46194  step 0.1187
05:12:19     iter 234  obj 0.43895  best 0.46194  step 0.1187
05:12:20     iter 235  obj 0.44483  best 0.46194  step 0.1187
05:12:21     iter 236  obj 0.42202  best 0.46194  step 0.1187
05:12:22     iter 237  obj 0.33416  best 0.46194  step 0.1187
05:12:23     iter 238  obj 0.39685  best 0.46194  step 0.1187
05:12:24     iter 239  obj 0.44301  best 0.46194  step 0.1187
05:12:25     iter 240  obj 0.43980  best 0.46194  step 0.1187
05:12:26     iter 241  obj 0.29249  best 0.46194  step 0.1187
05:12:27     iter 242  obj 0.31561  best 0.46194  step 0.1187
05:12:28     iter 243  obj 0.38301  best 0.46194  step 0.1187
05:12:29     iter 244  obj 0.39848  best 0.46194  step 0.1187
05:12:30     iter 245  obj 0.41557  best 0.46194  step 0.1187
05:12:31     iter 246  obj 0.33026  best 0.46194  step 0.1187
05:12:32     iter 247  obj 0.29027  best 0.46194  step 0.1187
05:12:34     iter 248  obj 0.43828  best 0.46194  step 0.1187
05:12:35     iter 249  obj 0.39071  best 0.46194  step 0.1187
05:12:36     iter 250  obj 0.36908  best 0.46194  step 0.1187
05:12:37     iter 251  obj 0.33917  best 0.46194  step 0.1187
05:12:38     iter 252  obj 0.39606  best 0.46194  step 0.1187
05:12:39     iter 253  obj 0.45663  best 0.46194  step 0.1187
05:12:40     iter 254  obj 0.46590  best 0.46590  step 0.1187  *
05:12:41     iter 255  obj 0.34532  best 0.46590  step 0.1187
05:12:42     iter 256  obj 0.39931  best 0.46590  step 0.1187
05:12:43     iter 257  obj 0.36200  best 0.46590  step 0.1187
05:12:44     iter 258  obj 0.34664  best 0.46590  step 0.1187
05:12:45     iter 259  obj 0.44308  best 0.46590  step 0.1187
05:12:46     iter 260  obj 0.42283  best 0.46590  step 0.1187
05:12:47     iter 261  obj 0.41024  best 0.46590  step 0.1187
05:12:48     iter 262  obj 0.46512  best 0.46590  step 0.1187
05:12:49     iter 263  obj 0.47218  best 0.47218  step 0.1187  *
05:12:50     iter 264  obj 0.45052  best 0.47218  step 0.1187
05:12:51     iter 265  obj 0.46432  best 0.47218  step 0.1187
05:12:52     iter 266  obj 0.40017  best 0.47218  step 0.1187
05:12:53     iter 267  obj 0.42265  best 0.47218  step 0.1187
05:12:55     iter 268  obj 0.45457  best 0.47218  step 0.1187
05:12:56     iter 269  obj 0.45658  best 0.47218  step 0.1187
05:12:57     iter 270  obj 0.35231  best 0.47218  step 0.1187
05:12:58     iter 271  obj 0.44045  best 0.47218  step 0.1187
05:12:59     iter 272  obj 0.46774  best 0.47218  step 0.1187
05:13:00     iter 273  obj 0.45691  best 0.47218  step 0.1187
05:13:01     iter 274  obj 0.47500  best 0.47500  step 0.1187  *
05:13:02     iter 275  obj 0.33577  best 0.47500  step 0.1187
05:13:03     iter 276  obj 0.45359  best 0.47500  step 0.1187
05:13:04     iter 277  obj 0.48056  best 0.48056  step 0.1187  *
05:13:05     iter 278  obj 0.45273  best 0.48056  step 0.1187
05:13:06     iter 279  obj 0.32945  best 0.48056  step 0.1187
05:13:07     iter 280  obj 0.27071  best 0.48056  step 0.0594  halved
05:13:08     iter 281  obj 0.48997  best 0.48997  step 0.0594  *
05:13:09     iter 282  obj 0.54179  best 0.54179  step 0.0594  *
05:13:10     iter 283  obj 0.51953  best 0.54179  step 0.0594
05:13:11     iter 284  obj 0.49873  best 0.54179  step 0.0594
05:13:12     iter 285  obj 0.50001  best 0.54179  step 0.0594
05:13:13     iter 286  obj 0.57516  best 0.57516  step 0.0594  *
05:13:14     iter 287  obj 0.56366  best 0.57516  step 0.0594
05:13:15     iter 288  obj 0.60637  best 0.60637  step 0.0594  *
05:13:17     iter 289  obj 0.57786  best 0.60637  step 0.0594
05:13:18     iter 290  obj 0.52125  best 0.60637  step 0.0594
05:13:19     iter 291  obj 0.60982  best 0.60982  step 0.0594  *
05:13:20     iter 292  obj 0.60645  best 0.60982  step 0.0594
05:13:21     iter 293  obj 0.64289  best 0.64289  step 0.0594  *
05:13:22     iter 294  obj 0.60216  best 0.64289  step 0.0594
05:13:23     iter 295  obj 0.59165  best 0.64289  step 0.0594
05:13:24     iter 296  obj 0.66232  best 0.66232  step 0.0594  *
05:13:25     iter 297  obj 0.65535  best 0.66232  step 0.0594
05:13:26     iter 298  obj 0.65088  best 0.66232  step 0.0594
05:13:27     iter 299  obj 0.67819  best 0.67819  step 0.0594  *
05:13:28     iter 300  obj 0.62767  best 0.67819  step 0.0594
05:13:29     iter 301  obj 0.66615  best 0.67819  step 0.0594
05:13:30     iter 302  obj 0.69217  best 0.69217  step 0.0594  *
05:13:31     iter 303  obj 0.66234  best 0.69217  step 0.0594
05:13:32     iter 304  obj 0.63455  best 0.69217  step 0.0594
05:13:33     iter 305  obj 0.74127  best 0.74127  step 0.0594  *
05:13:34     iter 306  obj 0.70419  best 0.74127  step 0.0594
05:13:35     iter 307  obj 0.75029  best 0.75029  step 0.0594  *
05:13:36     iter 308  obj 0.57777  best 0.75029  step 0.0594
05:13:37     iter 309  obj 0.73786  best 0.75029  step 0.0594
05:13:39     iter 310  obj 0.68341  best 0.75029  step 0.0594
05:13:40     iter 311  obj 0.70016  best 0.75029  step 0.0594
05:13:41     iter 312  obj 0.63245  best 0.75029  step 0.0594
05:13:42     iter 313  obj 0.64830  best 0.75029  step 0.0594
05:13:43     iter 314  obj 0.63550  best 0.75029  step 0.0594
05:13:44     iter 315  obj 0.68322  best 0.75029  step 0.0594
05:13:45     iter 316  obj 0.70751  best 0.75029  step 0.0594
05:13:46     iter 317  obj 0.72813  best 0.75029  step 0.0594
05:13:47     iter 318  obj 0.67501  best 0.75029  step 0.0594
05:13:48     iter 319  obj 0.70518  best 0.75029  step 0.0594
05:13:49     iter 320  obj 0.77320  best 0.77320  step 0.0297  *  halved
05:13:50     iter 321  obj 0.81570  best 0.81570  step 0.0297  *
05:13:51     iter 322  obj 0.75940  best 0.81570  step 0.0297
05:13:52     iter 323  obj 0.84414  best 0.84414  step 0.0297  *
05:13:53     iter 324  obj 0.90331  best 0.90331  step 0.0297  *
05:13:54     iter 325  obj 1.03143  best 1.03143  step 0.0297  *
05:13:55     iter 326  obj 0.85634  best 1.03143  step 0.0297
05:13:56     iter 327  obj 0.94698  best 1.03143  step 0.0297
05:13:57     iter 328  obj 1.01909  best 1.03143  step 0.0297
05:13:58     iter 329  obj 1.00759  best 1.03143  step 0.0297
05:13:59     iter 330  obj 0.92028  best 1.03143  step 0.0297
05:14:01     iter 331  obj 1.02098  best 1.03143  step 0.0297
05:14:02     iter 332  obj 1.02549  best 1.03143  step 0.0297
05:14:03     iter 333  obj 0.99431  best 1.03143  step 0.0297
05:14:04     iter 334  obj 1.11189  best 1.11189  step 0.0297  *
05:14:05     iter 335  obj 1.13157  best 1.13157  step 0.0297  *
05:14:06     iter 336  obj 1.12189  best 1.13157  step 0.0297
05:14:07     iter 337  obj 1.12594  best 1.13157  step 0.0297
05:14:08     iter 338  obj 1.04646  best 1.13157  step 0.0297
05:14:09     iter 339  obj 1.11574  best 1.13157  step 0.0297
05:14:10     iter 340  obj 0.93726  best 1.13157  step 0.0297
05:14:11     iter 341  obj 0.93418  best 1.13157  step 0.0297
05:14:12     iter 342  obj 1.14027  best 1.14027  step 0.0297  *
05:14:13     iter 343  obj 1.15025  best 1.15025  step 0.0297  *
05:14:14     iter 344  obj 1.18559  best 1.18559  step 0.0297  *
05:14:15     iter 345  obj 1.23695  best 1.23695  step 0.0297  *
05:14:16     iter 346  obj 1.17615  best 1.23695  step 0.0297
05:14:17     iter 347  obj 1.30477  best 1.30477  step 0.0297  *
05:14:18     iter 348  obj 1.23534  best 1.30477  step 0.0148  halved
05:14:19     iter 349  obj 1.24349  best 1.30477  step 0.0148
05:14:20     iter 350  obj 1.36439  best 1.36439  step 0.0148  *
05:14:22     iter 351  obj 1.40708  best 1.40708  step 0.0148  *
05:14:23     iter 352  obj 1.51791  best 1.51791  step 0.0148  *
05:14:24     iter 353  obj 1.50132  best 1.51791  step 0.0148
05:14:25     iter 354  obj 1.52715  best 1.52715  step 0.0148  *
05:14:26     iter 355  obj 1.61747  best 1.61747  step 0.0148  *
05:14:27     iter 356  obj 1.67261  best 1.67261  step 0.0148  *
05:14:28     iter 357  obj 1.62285  best 1.67261  step 0.0148
05:14:29     iter 358  obj 1.58002  best 1.67261  step 0.0148
05:14:30     iter 359  obj 1.68589  best 1.68589  step 0.0148  *
05:14:31     iter 360  obj 1.38497  best 1.68589  step 0.0148
05:14:32     iter 361  obj 1.63853  best 1.68589  step 0.0148
05:14:33     iter 362  obj 1.70829  best 1.70829  step 0.0148  *
05:14:34     iter 363  obj 1.52854  best 1.70829  step 0.0148
05:14:35     iter 364  obj 1.73593  best 1.73593  step 0.0148  *
05:14:36     iter 365  obj 1.88856  best 1.88856  step 0.0148  *
05:14:37     iter 366  obj 1.76218  best 1.88856  step 0.0148
05:14:38     iter 367  obj 1.64939  best 1.88856  step 0.0148
05:14:39     iter 368  obj 1.81988  best 1.88856  step 0.0148
05:14:40     iter 369  obj 1.16407  best 1.88856  step 0.0148
05:14:41     iter 370  obj 1.18977  best 1.88856  step 0.0148
05:14:43     iter 371  obj 1.27877  best 1.88856  step 0.0148
05:14:44     iter 372  obj 1.35619  best 1.88856  step 0.0074  halved
05:14:45     iter 373  obj 1.74914  best 1.88856  step 0.0074
05:14:46     iter 374  obj 1.69270  best 1.88856  step 0.0074
05:14:47     iter 375  obj 1.85915  best 1.88856  step 0.0074
05:14:48     iter 376  obj 1.92557  best 1.92557  step 0.0074  *
05:14:49     iter 377  obj 1.97790  best 1.97790  step 0.0074  *
05:14:50     iter 378  obj 1.47285  best 1.97790  step 0.0074
05:14:51     iter 379  obj 1.91059  best 1.97790  step 0.0074
05:14:52     iter 380  obj 1.57434  best 1.97790  step 0.0074
05:14:53     iter 381  obj 1.58352  best 1.97790  step 0.0074
05:14:54     iter 382  obj 1.62242  best 1.97790  step 0.0074
05:14:55     iter 383  obj 1.67064  best 1.97790  step 0.0074
05:14:56     iter 384  obj 1.70205  best 1.97790  step 0.0074
05:14:57     iter 385  obj 1.72372  best 1.97790  step 0.0074
05:14:58     iter 386  obj 1.74302  best 1.97790  step 0.0074
05:14:59     iter 387  obj 1.76689  best 1.97790  step 0.0074
05:15:00     iter 388  obj 1.77849  best 1.97790  step 0.0074
05:15:01     iter 389  obj 1.79262  best 1.97790  step 0.0074
05:15:02     iter 390  obj 1.81230  best 1.97790  step 0.0074
05:15:04     iter 391  obj 1.97099  best 1.97790  step 0.0074
05:15:05     iter 392  obj 1.67047  best 1.97790  step 0.0074
05:15:06     iter 393  obj 1.67345  best 1.97790  step 0.0074
05:15:07     iter 394  obj 1.71784  best 1.97790  step 0.0074
05:15:08     iter 395  obj 2.09333  best 2.09333  step 0.0074  *
05:15:09     iter 396  obj 1.75517  best 2.09333  step 0.0074
05:15:10     iter 397  obj 1.75011  best 2.09333  step 0.0074
05:15:11     iter 398  obj 1.77503  best 2.09333  step 0.0074
05:15:12     iter 399  obj 1.80150  best 2.09333  step 0.0074
05:15:13     iter 400  obj 1.89439  best 2.09333  step 0.0074
05:15:13      poisoned ce=0.54833 auc=0.6356 acc=0.8070 f1=0.1023  dce=+0.09370 dacc=+0.0010  k=1500  [421.2s]
05:15:13   mean over 1 trials: dce=+0.09370 dacc=+0.0010 dauc=-0.0798  -> results/niter_be/lcld_v2_lcld_rs3_it400

