04:24:36 [x-capgd] datasets/lcld_v2/splits/selected/natural/context_5000.csv (5000x28) -> datasets/lcld_v2/splits/test_attack_1000.csv (1000 of 1000)  k=1500 (30.0%)  attack_class=None  grid 1x1  cuda:1
04:24:39   clean  ce=0.45462 auc=0.7155 acc=0.8060 f1=0.1339  max|dp| over 3 repeats=0.00e+00  chunking_exact=True  [1.8s]
04:24:39   constraints=full (9 relations, dataset 'lcld_v2')  scaler=metadata  mutable 14/28  int 10  cat 5
04:24:39   -- trial run0_sub0
04:24:40     iter   0  obj 0.45189  best 0.45189  step 0.9500
04:24:41     iter   1  obj 0.33698  best 0.45189  step 0.9500
04:24:42     iter   2  obj 0.34570  best 0.45189  step 0.9500
04:24:43     iter   3  obj 0.06702  best 0.45189  step 0.9500
04:24:44     iter   4  obj -0.45650  best 0.45189  step 0.9500
04:24:45     iter   5  obj -0.37716  best 0.45189  step 0.9500
04:24:46     iter   6  obj 0.13201  best 0.45189  step 0.9500
04:24:47     iter   7  obj -0.28972  best 0.45189  step 0.9500
04:24:48     iter   8  obj -0.36525  best 0.45189  step 0.9500
04:24:49     iter   9  obj -0.03482  best 0.45189  step 0.9500
04:24:51     iter  10  obj 0.09395  best 0.45189  step 0.9500
04:24:52     iter  11  obj 0.01694  best 0.45189  step 0.9500
04:24:53     iter  12  obj -0.68057  best 0.45189  step 0.9500
04:24:54     iter  13  obj -0.09780  best 0.45189  step 0.9500
04:24:55     iter  14  obj -0.23701  best 0.45189  step 0.9500
04:24:56     iter  15  obj 0.12194  best 0.45189  step 0.9500
04:24:57     iter  16  obj -0.09256  best 0.45189  step 0.9500
04:24:58     iter  17  obj -0.13557  best 0.45189  step 0.9500
04:24:59     iter  18  obj -0.18501  best 0.45189  step 0.9500
04:25:00     iter  19  obj -0.40665  best 0.45189  step 0.9500
04:25:01     iter  20  obj -0.58844  best 0.45189  step 0.9500
04:25:02     iter  21  obj -0.07942  best 0.45189  step 0.9500
04:25:03     iter  22  obj 0.01187  best 0.45189  step 0.9500
04:25:04     iter  23  obj -0.42879  best 0.45189  step 0.9500
04:25:05     iter  24  obj -0.05808  best 0.45189  step 0.9500
04:25:06     iter  25  obj -0.05102  best 0.45189  step 0.9500
04:25:07     iter  26  obj -0.09116  best 0.45189  step 0.9500
04:25:08     iter  27  obj -0.41831  best 0.45189  step 0.9500
04:25:09     iter  28  obj -0.47041  best 0.45189  step 0.9500
04:25:10     iter  29  obj -0.16136  best 0.45189  step 0.9500
04:25:12     iter  30  obj -0.16495  best 0.45189  step 0.9500
04:25:13     iter  31  obj -0.10383  best 0.45189  step 0.9500
04:25:14     iter  32  obj -0.45930  best 0.45189  step 0.9500
04:25:15     iter  33  obj -0.13916  best 0.45189  step 0.9500
04:25:16     iter  34  obj 0.10324  best 0.45189  step 0.9500
04:25:17     iter  35  obj -0.18553  best 0.45189  step 0.9500
04:25:18     iter  36  obj -0.22568  best 0.45189  step 0.9500
04:25:19     iter  37  obj -0.07303  best 0.45189  step 0.9500
04:25:20     iter  38  obj -0.12337  best 0.45189  step 0.9500
04:25:21     iter  39  obj -0.05034  best 0.45189  step 0.9500
04:25:22     iter  40  obj -0.16049  best 0.45189  step 0.9500
04:25:23     iter  41  obj -0.66428  best 0.45189  step 0.9500
04:25:24     iter  42  obj -0.10769  best 0.45189  step 0.9500
04:25:25     iter  43  obj 0.05534  best 0.45189  step 0.9500
04:25:26     iter  44  obj -0.08318  best 0.45189  step 0.4750  halved
04:25:27     iter  45  obj 0.16871  best 0.45189  step 0.4750
04:25:28     iter  46  obj 0.36404  best 0.45189  step 0.4750
04:25:29     iter  47  obj 0.18390  best 0.45189  step 0.4750
04:25:30     iter  48  obj -0.09211  best 0.45189  step 0.4750
04:25:31     iter  49  obj 0.16296  best 0.45189  step 0.4750
04:25:32     iter  50  obj -0.14783  best 0.45189  step 0.4750
04:25:34     iter  51  obj -0.13445  best 0.45189  step 0.4750
04:25:35     iter  52  obj -0.35049  best 0.45189  step 0.4750
04:25:36     iter  53  obj 0.15066  best 0.45189  step 0.4750
04:25:37     iter  54  obj 0.10053  best 0.45189  step 0.4750
04:25:38     iter  55  obj -0.26291  best 0.45189  step 0.4750
04:25:39     iter  56  obj -0.39300  best 0.45189  step 0.4750
04:25:40     iter  57  obj -0.17392  best 0.45189  step 0.4750
04:25:41     iter  58  obj -0.62964  best 0.45189  step 0.4750
04:25:42     iter  59  obj 0.11917  best 0.45189  step 0.4750
04:25:43     iter  60  obj 0.10132  best 0.45189  step 0.4750
04:25:44     iter  61  obj -0.30039  best 0.45189  step 0.4750
04:25:45     iter  62  obj -0.01474  best 0.45189  step 0.4750
04:25:46     iter  63  obj 0.01482  best 0.45189  step 0.4750
04:25:47     iter  64  obj 0.21095  best 0.45189  step 0.4750
04:25:48     iter  65  obj -0.07079  best 0.45189  step 0.4750
04:25:49     iter  66  obj 0.05910  best 0.45189  step 0.4750
04:25:50     iter  67  obj 0.17326  best 0.45189  step 0.4750
04:25:51     iter  68  obj 0.00809  best 0.45189  step 0.4750
04:25:52     iter  69  obj -0.74911  best 0.45189  step 0.4750
04:25:53     iter  70  obj 0.13438  best 0.45189  step 0.4750
04:25:55     iter  71  obj -0.34934  best 0.45189  step 0.4750
04:25:56     iter  72  obj 0.07072  best 0.45189  step 0.4750
04:25:57     iter  73  obj 0.13365  best 0.45189  step 0.4750
04:25:58     iter  74  obj -0.07003  best 0.45189  step 0.4750
04:25:59     iter  75  obj -0.00366  best 0.45189  step 0.4750
04:26:00     iter  76  obj 0.03207  best 0.45189  step 0.4750
04:26:01     iter  77  obj -0.35797  best 0.45189  step 0.4750
04:26:02     iter  78  obj -0.26291  best 0.45189  step 0.4750
04:26:03     iter  79  obj 0.06959  best 0.45189  step 0.4750
04:26:04     iter  80  obj 0.25793  best 0.45189  step 0.4750
04:26:05     iter  81  obj 0.13156  best 0.45189  step 0.4750
04:26:06     iter  82  obj 0.14640  best 0.45189  step 0.2375  halved
04:26:07     iter  83  obj 0.33277  best 0.45189  step 0.2375
04:26:08     iter  84  obj 0.38974  best 0.45189  step 0.2375
04:26:09     iter  85  obj 0.43264  best 0.45189  step 0.2375
04:26:10     iter  86  obj 0.34942  best 0.45189  step 0.2375
04:26:11     iter  87  obj 0.36812  best 0.45189  step 0.2375
04:26:12     iter  88  obj 0.31409  best 0.45189  step 0.2375
04:26:13     iter  89  obj 0.27886  best 0.45189  step 0.2375
04:26:14     iter  90  obj 0.19573  best 0.45189  step 0.2375
04:26:16     iter  91  obj 0.01701  best 0.45189  step 0.2375
04:26:17     iter  92  obj 0.24975  best 0.45189  step 0.2375
04:26:18     iter  93  obj -0.08408  best 0.45189  step 0.2375
04:26:19     iter  94  obj -0.25132  best 0.45189  step 0.2375
04:26:20     iter  95  obj 0.11780  best 0.45189  step 0.2375
04:26:21     iter  96  obj 0.22404  best 0.45189  step 0.2375
04:26:22     iter  97  obj 0.31673  best 0.45189  step 0.2375
04:26:23     iter  98  obj 0.33294  best 0.45189  step 0.2375
04:26:24     iter  99  obj 0.24231  best 0.45189  step 0.2375
04:26:25     iter 100  obj 0.27836  best 0.45189  step 0.2375
04:26:26     iter 101  obj -0.00464  best 0.45189  step 0.2375
04:26:27     iter 102  obj 0.30450  best 0.45189  step 0.2375
04:26:28     iter 103  obj -0.01098  best 0.45189  step 0.2375
04:26:29     iter 104  obj 0.17869  best 0.45189  step 0.2375
04:26:30     iter 105  obj 0.35257  best 0.45189  step 0.2375
04:26:31     iter 106  obj 0.24396  best 0.45189  step 0.2375
04:26:32     iter 107  obj 0.15641  best 0.45189  step 0.2375
04:26:33     iter 108  obj 0.12286  best 0.45189  step 0.2375
04:26:34     iter 109  obj 0.17076  best 0.45189  step 0.2375
04:26:35     iter 110  obj 0.28840  best 0.45189  step 0.2375
04:26:36     iter 111  obj 0.16520  best 0.45189  step 0.2375
04:26:38     iter 112  obj 0.29819  best 0.45189  step 0.2375
04:26:39     iter 113  obj 0.04303  best 0.45189  step 0.2375
04:26:40     iter 114  obj 0.28298  best 0.45189  step 0.1187  halved
04:26:41     iter 115  obj 0.34053  best 0.45189  step 0.1187
04:26:42     iter 116  obj 0.44690  best 0.45189  step 0.1187
04:26:43     iter 117  obj 0.44434  best 0.45189  step 0.1187
04:26:44     iter 118  obj 0.43938  best 0.45189  step 0.1187
04:26:45     iter 119  obj 0.41193  best 0.45189  step 0.1187
04:26:46     iter 120  obj 0.33795  best 0.45189  step 0.1187
04:26:47     iter 121  obj 0.37175  best 0.45189  step 0.1187
04:26:48     iter 122  obj 0.37918  best 0.45189  step 0.1187
04:26:49     iter 123  obj 0.31743  best 0.45189  step 0.1187
04:26:50     iter 124  obj 0.40645  best 0.45189  step 0.1187
04:26:51     iter 125  obj 0.46344  best 0.46344  step 0.1187  *
04:26:52     iter 126  obj 0.42991  best 0.46344  step 0.1187
04:26:53     iter 127  obj 0.36491  best 0.46344  step 0.1187
04:26:54     iter 128  obj 0.31202  best 0.46344  step 0.1187
04:26:55     iter 129  obj 0.35188  best 0.46344  step 0.1187
04:26:56     iter 130  obj 0.34061  best 0.46344  step 0.1187
04:26:57     iter 131  obj 0.44738  best 0.46344  step 0.1187
04:26:59     iter 132  obj 0.43696  best 0.46344  step 0.1187
04:27:00     iter 133  obj 0.41624  best 0.46344  step 0.1187
04:27:01     iter 134  obj 0.41599  best 0.46344  step 0.1187
04:27:02     iter 135  obj 0.39007  best 0.46344  step 0.1187
04:27:03     iter 136  obj 0.44829  best 0.46344  step 0.1187
04:27:04     iter 137  obj 0.41127  best 0.46344  step 0.1187
04:27:05     iter 138  obj 0.50252  best 0.50252  step 0.1187  *
04:27:06     iter 139  obj 0.49077  best 0.50252  step 0.1187
04:27:07     iter 140  obj 0.44629  best 0.50252  step 0.0594  halved
04:27:08     iter 141  obj 0.54445  best 0.54445  step 0.0594  *
04:27:09     iter 142  obj 0.57353  best 0.57353  step 0.0594  *
04:27:10     iter 143  obj 0.55897  best 0.57353  step 0.0594
04:27:11     iter 144  obj 0.58950  best 0.58950  step 0.0594  *
04:27:12     iter 145  obj 0.57396  best 0.58950  step 0.0594
04:27:13     iter 146  obj 0.57637  best 0.58950  step 0.0594
04:27:14     iter 147  obj 0.63820  best 0.63820  step 0.0594  *
04:27:15     iter 148  obj 0.59311  best 0.63820  step 0.0594
04:27:16     iter 149  obj 0.58607  best 0.63820  step 0.0594
04:27:17     iter 150  obj 0.60551  best 0.63820  step 0.0594
04:27:18     iter 151  obj 0.56276  best 0.63820  step 0.0594
04:27:20     iter 152  obj 0.64815  best 0.64815  step 0.0594  *
04:27:21     iter 153  obj 0.66728  best 0.66728  step 0.0594  *
04:27:22     iter 154  obj 0.59946  best 0.66728  step 0.0594
04:27:23     iter 155  obj 0.70413  best 0.70413  step 0.0594  *
04:27:24     iter 156  obj 0.52058  best 0.70413  step 0.0594
04:27:25     iter 157  obj 0.65431  best 0.70413  step 0.0594
04:27:26     iter 158  obj 0.69810  best 0.70413  step 0.0594
04:27:27     iter 159  obj 0.65461  best 0.70413  step 0.0594
04:27:28     iter 160  obj 0.65661  best 0.70413  step 0.0297  halved
04:27:29     iter 161  obj 0.55633  best 0.70413  step 0.0297
04:27:30     iter 162  obj 0.68854  best 0.70413  step 0.0297
04:27:31     iter 163  obj 0.75397  best 0.75397  step 0.0297  *
04:27:32     iter 164  obj 0.80930  best 0.80930  step 0.0297  *
04:27:33     iter 165  obj 0.86478  best 0.86478  step 0.0297  *
04:27:34     iter 166  obj 0.82550  best 0.86478  step 0.0297
04:27:35     iter 167  obj 0.70419  best 0.86478  step 0.0297
04:27:36     iter 168  obj 0.79512  best 0.86478  step 0.0297
04:27:37     iter 169  obj 0.80738  best 0.86478  step 0.0297
04:27:38     iter 170  obj 0.88527  best 0.88527  step 0.0297  *
04:27:40     iter 171  obj 0.96002  best 0.96002  step 0.0297  *
04:27:41     iter 172  obj 0.75896  best 0.96002  step 0.0297
04:27:42     iter 173  obj 0.92241  best 0.96002  step 0.0297
04:27:43     iter 174  obj 0.79015  best 0.96002  step 0.0148  halved
04:27:44     iter 175  obj 1.00003  best 1.00003  step 0.0148  *
04:27:45     iter 176  obj 1.24442  best 1.24442  step 0.0148  *
04:27:46     iter 177  obj 0.98825  best 1.24442  step 0.0148
04:27:47     iter 178  obj 1.16952  best 1.24442  step 0.0148
04:27:48     iter 179  obj 0.89116  best 1.24442  step 0.0148
04:27:49     iter 180  obj 1.00015  best 1.24442  step 0.0148
04:27:50     iter 181  obj 1.04352  best 1.24442  step 0.0148
04:27:51     iter 182  obj 1.35328  best 1.35328  step 0.0148  *
04:27:52     iter 183  obj 1.11138  best 1.35328  step 0.0148
04:27:53     iter 184  obj 1.44571  best 1.44571  step 0.0148  *
04:27:54     iter 185  obj 1.35421  best 1.44571  step 0.0148
04:27:55     iter 186  obj 1.49597  best 1.49597  step 0.0074  *  halved
04:27:56     iter 187  obj 1.36847  best 1.49597  step 0.0074
04:27:57     iter 188  obj 1.59293  best 1.59293  step 0.0074  *
04:27:58     iter 189  obj 1.49875  best 1.59293  step 0.0074
04:27:59     iter 190  obj 1.82909  best 1.82909  step 0.0074  *
04:28:01     iter 191  obj 1.53376  best 1.82909  step 0.0074
04:28:02     iter 192  obj 1.58301  best 1.82909  step 0.0074
04:28:03     iter 193  obj 1.63596  best 1.82909  step 0.0074
04:28:04     iter 194  obj 1.67133  best 1.82909  step 0.0074
04:28:05     iter 195  obj 1.70624  best 1.82909  step 0.0074
04:28:06     iter 196  obj 1.73227  best 1.82909  step 0.0074
04:28:07     iter 197  obj 1.75600  best 1.82909  step 0.0074
04:28:08     iter 198  obj 1.77623  best 1.82909  step 0.0037  halved
04:28:09     iter 199  obj 1.76901  best 1.82909  step 0.0037
04:28:10     iter 200  obj 1.50248  best 1.82909  step 0.0037
04:28:10      poisoned ce=0.47841 auc=0.6818 acc=0.8000 f1=0.0909  dce=+0.02379 dacc=-0.0060  k=1500  [211.4s]
04:28:10   mean over 1 trials: dce=+0.02379 dacc=-0.0060 dauc=-0.0336  -> results/niter_be/lcld_v2_lcld_rs2_it200

