04:28:14 [x-capgd] datasets/lcld_v2/splits/selected/natural/context_5000.csv (5000x28) -> datasets/lcld_v2/splits/test_attack_1000.csv (1000 of 1000)  k=1500 (30.0%)  attack_class=None  grid 1x1  cuda:1
04:28:17   clean  ce=0.45462 auc=0.7155 acc=0.8060 f1=0.1339  max|dp| over 3 repeats=0.00e+00  chunking_exact=True  [1.8s]
04:28:17   constraints=full (9 relations, dataset 'lcld_v2')  scaler=metadata  mutable 14/28  int 10  cat 5
04:28:17   -- trial run0_sub0
04:28:18     iter   0  obj 0.45457  best 0.45457  step 0.9500
04:28:19     iter   1  obj 0.37820  best 0.45457  step 0.9500
04:28:20     iter   2  obj 0.41875  best 0.45457  step 0.9500
04:28:21     iter   3  obj 0.34775  best 0.45457  step 0.9500
04:28:22     iter   4  obj 0.04509  best 0.45457  step 0.9500
04:28:23     iter   5  obj 0.10945  best 0.45457  step 0.9500
04:28:25     iter   6  obj -0.70940  best 0.45457  step 0.9500
04:28:26     iter   7  obj -0.32050  best 0.45457  step 0.9500
04:28:27     iter   8  obj -0.40478  best 0.45457  step 0.9500
04:28:28     iter   9  obj 0.05786  best 0.45457  step 0.9500
04:28:29     iter  10  obj 0.10121  best 0.45457  step 0.9500
04:28:30     iter  11  obj -0.18635  best 0.45457  step 0.9500
04:28:31     iter  12  obj -0.18153  best 0.45457  step 0.9500
04:28:32     iter  13  obj -0.10689  best 0.45457  step 0.9500
04:28:33     iter  14  obj 0.01764  best 0.45457  step 0.9500
04:28:34     iter  15  obj -0.15941  best 0.45457  step 0.9500
04:28:35     iter  16  obj -0.52672  best 0.45457  step 0.9500
04:28:36     iter  17  obj -0.14959  best 0.45457  step 0.9500
04:28:37     iter  18  obj 0.12453  best 0.45457  step 0.9500
04:28:38     iter  19  obj 0.16083  best 0.45457  step 0.9500
04:28:39     iter  20  obj 0.02347  best 0.45457  step 0.9500
04:28:40     iter  21  obj -0.24855  best 0.45457  step 0.9500
04:28:41     iter  22  obj -0.25078  best 0.45457  step 0.9500
04:28:42     iter  23  obj 0.11548  best 0.45457  step 0.9500
04:28:43     iter  24  obj 0.09275  best 0.45457  step 0.9500
04:28:44     iter  25  obj -1.18460  best 0.45457  step 0.9500
04:28:46     iter  26  obj -0.24787  best 0.45457  step 0.9500
04:28:47     iter  27  obj 0.03718  best 0.45457  step 0.9500
04:28:48     iter  28  obj -0.18167  best 0.45457  step 0.9500
04:28:49     iter  29  obj -0.39318  best 0.45457  step 0.9500
04:28:50     iter  30  obj 0.17685  best 0.45457  step 0.9500
04:28:51     iter  31  obj 0.06088  best 0.45457  step 0.9500
04:28:52     iter  32  obj 0.07202  best 0.45457  step 0.9500
04:28:53     iter  33  obj -0.16652  best 0.45457  step 0.9500
04:28:54     iter  34  obj -0.15132  best 0.45457  step 0.9500
04:28:55     iter  35  obj -0.04097  best 0.45457  step 0.9500
04:28:56     iter  36  obj -0.38067  best 0.45457  step 0.9500
04:28:57     iter  37  obj -0.18379  best 0.45457  step 0.9500
04:28:58     iter  38  obj -0.29715  best 0.45457  step 0.9500
04:28:59     iter  39  obj 0.00392  best 0.45457  step 0.9500
04:29:00     iter  40  obj -0.45281  best 0.45457  step 0.9500
04:29:01     iter  41  obj -0.46908  best 0.45457  step 0.9500
04:29:02     iter  42  obj 0.04678  best 0.45457  step 0.9500
04:29:03     iter  43  obj -0.05930  best 0.45457  step 0.9500
04:29:04     iter  44  obj -0.41122  best 0.45457  step 0.4750  halved
04:29:05     iter  45  obj 0.22679  best 0.45457  step 0.4750
04:29:07     iter  46  obj 0.42525  best 0.45457  step 0.4750
04:29:08     iter  47  obj 0.24148  best 0.45457  step 0.4750
04:29:09     iter  48  obj 0.29729  best 0.45457  step 0.4750
04:29:10     iter  49  obj 0.18047  best 0.45457  step 0.4750
04:29:11     iter  50  obj 0.08187  best 0.45457  step 0.4750
04:29:12     iter  51  obj -0.12769  best 0.45457  step 0.4750
04:29:13     iter  52  obj 0.12426  best 0.45457  step 0.4750
04:29:14     iter  53  obj -0.02380  best 0.45457  step 0.4750
04:29:15     iter  54  obj -0.23504  best 0.45457  step 0.4750
04:29:16     iter  55  obj 0.21513  best 0.45457  step 0.4750
04:29:17     iter  56  obj 0.08276  best 0.45457  step 0.4750
04:29:18     iter  57  obj -0.03352  best 0.45457  step 0.4750
04:29:19     iter  58  obj -0.62665  best 0.45457  step 0.4750
04:29:20     iter  59  obj -0.33003  best 0.45457  step 0.4750
04:29:21     iter  60  obj 0.14505  best 0.45457  step 0.4750
04:29:22     iter  61  obj -0.11123  best 0.45457  step 0.4750
04:29:23     iter  62  obj 0.14179  best 0.45457  step 0.4750
04:29:24     iter  63  obj -0.11298  best 0.45457  step 0.4750
04:29:25     iter  64  obj 0.10271  best 0.45457  step 0.4750
04:29:26     iter  65  obj 0.14850  best 0.45457  step 0.4750
04:29:27     iter  66  obj -0.54049  best 0.45457  step 0.4750
04:29:29     iter  67  obj 0.01182  best 0.45457  step 0.4750
04:29:30     iter  68  obj -0.33827  best 0.45457  step 0.4750
04:29:31     iter  69  obj 0.02549  best 0.45457  step 0.4750
04:29:32     iter  70  obj -0.12627  best 0.45457  step 0.4750
04:29:33     iter  71  obj -0.02311  best 0.45457  step 0.4750
04:29:34     iter  72  obj -0.55206  best 0.45457  step 0.4750
04:29:35     iter  73  obj 0.09058  best 0.45457  step 0.4750
04:29:36     iter  74  obj 0.19363  best 0.45457  step 0.4750
04:29:37     iter  75  obj 0.13245  best 0.45457  step 0.4750
04:29:38     iter  76  obj -0.14228  best 0.45457  step 0.4750
04:29:39     iter  77  obj -0.35505  best 0.45457  step 0.4750
04:29:40     iter  78  obj 0.25713  best 0.45457  step 0.4750
04:29:41     iter  79  obj -0.27661  best 0.45457  step 0.4750
04:29:42     iter  80  obj 0.10968  best 0.45457  step 0.4750
04:29:43     iter  81  obj -0.52357  best 0.45457  step 0.4750
04:29:44     iter  82  obj -0.09332  best 0.45457  step 0.2375  halved
04:29:45     iter  83  obj 0.21560  best 0.45457  step 0.2375
04:29:46     iter  84  obj 0.44508  best 0.45457  step 0.2375
04:29:47     iter  85  obj 0.44034  best 0.45457  step 0.2375
04:29:48     iter  86  obj 0.37715  best 0.45457  step 0.2375
04:29:50     iter  87  obj 0.30560  best 0.45457  step 0.2375
04:29:51     iter  88  obj 0.34690  best 0.45457  step 0.2375
04:29:52     iter  89  obj 0.30935  best 0.45457  step 0.2375
04:29:53     iter  90  obj 0.15301  best 0.45457  step 0.2375
04:29:54     iter  91  obj 0.26423  best 0.45457  step 0.2375
04:29:55     iter  92  obj 0.26443  best 0.45457  step 0.2375
04:29:56     iter  93  obj 0.28450  best 0.45457  step 0.2375
04:29:57     iter  94  obj 0.15781  best 0.45457  step 0.2375
04:29:58     iter  95  obj 0.24956  best 0.45457  step 0.2375
04:29:59     iter  96  obj 0.11314  best 0.45457  step 0.2375
04:30:00     iter  97  obj 0.03821  best 0.45457  step 0.2375
04:30:01     iter  98  obj 0.20561  best 0.45457  step 0.2375
04:30:02     iter  99  obj 0.06493  best 0.45457  step 0.2375
04:30:03     iter 100  obj 0.39204  best 0.45457  step 0.2375
04:30:04     iter 101  obj 0.28031  best 0.45457  step 0.2375
04:30:05     iter 102  obj 0.21956  best 0.45457  step 0.2375
04:30:06     iter 103  obj 0.37598  best 0.45457  step 0.2375
04:30:07     iter 104  obj 0.21988  best 0.45457  step 0.2375
04:30:08     iter 105  obj 0.16454  best 0.45457  step 0.2375
04:30:09     iter 106  obj 0.08149  best 0.45457  step 0.2375
04:30:11     iter 107  obj 0.33493  best 0.45457  step 0.2375
04:30:12     iter 108  obj 0.34512  best 0.45457  step 0.2375
04:30:13     iter 109  obj 0.30542  best 0.45457  step 0.2375
04:30:14     iter 110  obj 0.37803  best 0.45457  step 0.2375
04:30:15     iter 111  obj 0.13818  best 0.45457  step 0.2375
04:30:16     iter 112  obj 0.26829  best 0.45457  step 0.2375
04:30:17     iter 113  obj 0.27021  best 0.45457  step 0.2375
04:30:18     iter 114  obj 0.07660  best 0.45457  step 0.1187  halved
04:30:19     iter 115  obj 0.30910  best 0.45457  step 0.1187
04:30:20     iter 116  obj 0.45377  best 0.45457  step 0.1187
04:30:21     iter 117  obj 0.46489  best 0.46489  step 0.1187  *
04:30:22     iter 118  obj 0.46589  best 0.46589  step 0.1187  *
04:30:23     iter 119  obj 0.45799  best 0.46589  step 0.1187
04:30:24     iter 120  obj 0.44495  best 0.46589  step 0.1187
04:30:25     iter 121  obj 0.42571  best 0.46589  step 0.1187
04:30:26     iter 122  obj 0.43063  best 0.46589  step 0.1187
04:30:27     iter 123  obj 0.37065  best 0.46589  step 0.1187
04:30:28     iter 124  obj 0.44574  best 0.46589  step 0.1187
04:30:29     iter 125  obj 0.39757  best 0.46589  step 0.1187
04:30:30     iter 126  obj 0.40192  best 0.46589  step 0.1187
04:30:31     iter 127  obj 0.39919  best 0.46589  step 0.1187
04:30:33     iter 128  obj 0.33515  best 0.46589  step 0.1187
04:30:34     iter 129  obj 0.36049  best 0.46589  step 0.1187
04:30:35     iter 130  obj 0.30801  best 0.46589  step 0.1187
04:30:36     iter 131  obj 0.42135  best 0.46589  step 0.1187
04:30:37     iter 132  obj 0.34973  best 0.46589  step 0.1187
04:30:38     iter 133  obj 0.40318  best 0.46589  step 0.1187
04:30:39     iter 134  obj 0.46168  best 0.46589  step 0.1187
04:30:40     iter 135  obj 0.44682  best 0.46589  step 0.1187
04:30:41     iter 136  obj 0.43803  best 0.46589  step 0.1187
04:30:42     iter 137  obj 0.43819  best 0.46589  step 0.1187
04:30:43     iter 138  obj 0.42660  best 0.46589  step 0.1187
04:30:44     iter 139  obj 0.44685  best 0.46589  step 0.1187
04:30:45     iter 140  obj 0.47486  best 0.47486  step 0.0594  *  halved
04:30:46     iter 141  obj 0.45110  best 0.47486  step 0.0594
04:30:47     iter 142  obj 0.47157  best 0.47486  step 0.0594
04:30:48     iter 143  obj 0.51102  best 0.51102  step 0.0594  *
04:30:49     iter 144  obj 0.51114  best 0.51114  step 0.0594  *
04:30:50     iter 145  obj 0.50005  best 0.51114  step 0.0594
04:30:51     iter 146  obj 0.49496  best 0.51114  step 0.0594
04:30:52     iter 147  obj 0.50919  best 0.51114  step 0.0594
04:30:54     iter 148  obj 0.50710  best 0.51114  step 0.0594
04:30:55     iter 149  obj 0.53154  best 0.53154  step 0.0594  *
04:30:56     iter 150  obj 0.51344  best 0.53154  step 0.0594
04:30:57     iter 151  obj 0.52437  best 0.53154  step 0.0594
04:30:58     iter 152  obj 0.46847  best 0.53154  step 0.0594
04:30:59     iter 153  obj 0.50794  best 0.53154  step 0.0594
04:31:00     iter 154  obj 0.52967  best 0.53154  step 0.0594
04:31:01     iter 155  obj 0.51086  best 0.53154  step 0.0594
04:31:02     iter 156  obj 0.54158  best 0.54158  step 0.0594  *
04:31:03     iter 157  obj 0.50092  best 0.54158  step 0.0594
04:31:04     iter 158  obj 0.51388  best 0.54158  step 0.0594
04:31:05     iter 159  obj 0.47980  best 0.54158  step 0.0594
04:31:06     iter 160  obj 0.51865  best 0.54158  step 0.0297  halved
04:31:07     iter 161  obj 0.51264  best 0.54158  step 0.0297
04:31:08     iter 162  obj 0.53924  best 0.54158  step 0.0297
04:31:09     iter 163  obj 0.56739  best 0.56739  step 0.0297  *
04:31:10     iter 164  obj 0.57480  best 0.57480  step 0.0297  *
04:31:11     iter 165  obj 0.55219  best 0.57480  step 0.0297
04:31:12     iter 166  obj 0.59645  best 0.59645  step 0.0297  *
04:31:13     iter 167  obj 0.62403  best 0.62403  step 0.0297  *
04:31:14     iter 168  obj 0.60924  best 0.62403  step 0.0297
04:31:16     iter 169  obj 0.55974  best 0.62403  step 0.0297
04:31:17     iter 170  obj 0.65382  best 0.65382  step 0.0297  *
04:31:18     iter 171  obj 0.60515  best 0.65382  step 0.0297
04:31:19     iter 172  obj 0.57251  best 0.65382  step 0.0297
04:31:20     iter 173  obj 0.64486  best 0.65382  step 0.0297
04:31:21     iter 174  obj 0.68106  best 0.68106  step 0.0148  *  halved
04:31:22     iter 175  obj 0.71454  best 0.71454  step 0.0148  *
04:31:23     iter 176  obj 0.69059  best 0.71454  step 0.0148
04:31:24     iter 177  obj 0.77064  best 0.77064  step 0.0148  *
04:31:25     iter 178  obj 0.77134  best 0.77134  step 0.0148  *
04:31:26     iter 179  obj 0.83574  best 0.83574  step 0.0148  *
04:31:27     iter 180  obj 0.80956  best 0.83574  step 0.0148
04:31:28     iter 181  obj 0.89073  best 0.89073  step 0.0148  *
04:31:29     iter 182  obj 0.83412  best 0.89073  step 0.0148
04:31:30     iter 183  obj 0.90138  best 0.90138  step 0.0148  *
04:31:31     iter 184  obj 0.90542  best 0.90542  step 0.0148  *
04:31:32     iter 185  obj 0.77834  best 0.90542  step 0.0148
04:31:33     iter 186  obj 0.77981  best 0.90542  step 0.0074  halved
04:31:34     iter 187  obj 0.95829  best 0.95829  step 0.0074  *
04:31:35     iter 188  obj 1.02365  best 1.02365  step 0.0074  *
04:31:37     iter 189  obj 1.05677  best 1.05677  step 0.0074  *
04:31:38     iter 190  obj 1.04979  best 1.05677  step 0.0074
04:31:39     iter 191  obj 1.05893  best 1.05893  step 0.0074  *
04:31:40     iter 192  obj 1.06825  best 1.06825  step 0.0074  *
04:31:41     iter 193  obj 1.16793  best 1.16793  step 0.0074  *
04:31:42     iter 194  obj 1.18321  best 1.18321  step 0.0074  *
04:31:43     iter 195  obj 1.12022  best 1.18321  step 0.0074
04:31:44     iter 196  obj 1.14029  best 1.18321  step 0.0074
04:31:45     iter 197  obj 1.17049  best 1.18321  step 0.0074
04:31:46     iter 198  obj 1.07558  best 1.18321  step 0.0037  halved
04:31:47     iter 199  obj 1.19173  best 1.19173  step 0.0037  *
04:31:48     iter 200  obj 1.25847  best 1.25847  step 0.0037  *
04:31:48      poisoned ce=0.55602 auc=0.6150 acc=0.8010 f1=0.0657  dce=+0.10139 dacc=-0.0050  k=1500  [211.3s]
04:31:48   mean over 1 trials: dce=+0.10139 dacc=-0.0050 dauc=-0.1005  -> results/niter_be/lcld_v2_lcld_rs3_it200

