05:05:33 [x-capgd] datasets/wids/splits/selected/natural/context_5000.csv (5000x108) -> datasets/wids/splits/test_attack_1000.csv (1000 of 1000)  k=1500 (30.0%)  attack_class=None  grid 1x1  cuda:3
05:05:39   clean  ce=0.20899 auc=0.8795 acc=0.9250 f1=0.4361  max|dp| over 3 repeats=0.00e+00  chunking_exact=True  [5.2s]
05:05:39   constraints=full (31 relations, dataset 'wids')  scaler=metadata  mutable 108/108  int 60  cat 9
05:05:39   -- trial run0_sub0
05:05:44     iter   0  obj -0.13841  best -0.13841  step 0.9500
05:05:49     iter   1  obj -6.88588  best -0.13841  step 0.9500
05:05:54     iter   2  obj -0.05439  best -0.05439  step 0.9500  *
05:05:59     iter   3  obj -0.36858  best -0.05439  step 0.9500
05:06:03     iter   4  obj -0.16076  best -0.05439  step 0.9500
05:06:08     iter   5  obj -0.37845  best -0.05439  step 0.9500
05:06:13     iter   6  obj -0.45192  best -0.05439  step 0.9500
05:06:18     iter   7  obj -2.11561  best -0.05439  step 0.9500
05:06:23     iter   8  obj -0.23084  best -0.05439  step 0.9500
05:06:28     iter   9  obj -1.45708  best -0.05439  step 0.9500
05:06:33     iter  10  obj -0.72027  best -0.05439  step 0.9500
05:06:37     iter  11  obj -0.81055  best -0.05439  step 0.9500
05:06:42     iter  12  obj -0.67282  best -0.05439  step 0.9500
05:06:47     iter  13  obj -1.94695  best -0.05439  step 0.9500
05:06:52     iter  14  obj -0.30868  best -0.05439  step 0.9500
05:06:57     iter  15  obj -1.25679  best -0.05439  step 0.9500
05:07:02     iter  16  obj -0.32807  best -0.05439  step 0.9500
05:07:07     iter  17  obj -0.67495  best -0.05439  step 0.9500
05:07:12     iter  18  obj -0.53265  best -0.05439  step 0.9500
05:07:16     iter  19  obj -2.36850  best -0.05439  step 0.9500
05:07:21     iter  20  obj -0.52565  best -0.05439  step 0.9500
05:07:26     iter  21  obj -1.05328  best -0.05439  step 0.9500
05:07:31     iter  22  obj -0.54833  best -0.05439  step 0.4750  halved
05:07:36     iter  23  obj -6.34506  best -0.05439  step 0.4750
05:07:41     iter  24  obj -0.14082  best -0.05439  step 0.4750
05:07:46     iter  25  obj -0.08146  best -0.05439  step 0.4750
05:07:51     iter  26  obj -0.22118  best -0.05439  step 0.4750
05:07:55     iter  27  obj 0.04717  best 0.04717  step 0.4750  *
05:08:00     iter  28  obj -0.43020  best 0.04717  step 0.4750
05:08:05     iter  29  obj -0.04052  best 0.04717  step 0.4750
05:08:10     iter  30  obj -0.33452  best 0.04717  step 0.4750
05:08:15     iter  31  obj -0.52118  best 0.04717  step 0.4750
05:08:20     iter  32  obj -0.28435  best 0.04717  step 0.4750
05:08:25     iter  33  obj -0.18844  best 0.04717  step 0.4750
05:08:30     iter  34  obj -1.43060  best 0.04717  step 0.4750
05:08:35     iter  35  obj -0.28373  best 0.04717  step 0.4750
05:08:39     iter  36  obj -0.76638  best 0.04717  step 0.4750
05:08:44     iter  37  obj -0.82864  best 0.04717  step 0.4750
05:08:49     iter  38  obj -0.33785  best 0.04717  step 0.4750
05:08:54     iter  39  obj -0.20033  best 0.04717  step 0.4750
05:08:59     iter  40  obj -0.72391  best 0.04717  step 0.4750
05:09:04     iter  41  obj -0.41690  best 0.04717  step 0.2375  halved
05:09:09     iter  42  obj -2.70637  best 0.04717  step 0.2375
05:09:14     iter  43  obj -0.02551  best 0.04717  step 0.2375
05:09:19     iter  44  obj 0.06468  best 0.06468  step 0.2375  *
05:09:23     iter  45  obj 0.10212  best 0.10212  step 0.2375  *
05:09:28     iter  46  obj -0.15111  best 0.10212  step 0.2375
05:09:33     iter  47  obj 0.00247  best 0.10212  step 0.2375
05:09:38     iter  48  obj 0.07238  best 0.10212  step 0.2375
05:09:43     iter  49  obj 0.12408  best 0.12408  step 0.2375  *
05:09:48     iter  50  obj 0.07528  best 0.12408  step 0.2375
05:09:53     iter  51  obj -0.24524  best 0.12408  step 0.2375
05:09:58     iter  52  obj -0.15982  best 0.12408  step 0.2375
05:10:02     iter  53  obj -0.03976  best 0.12408  step 0.2375
05:10:07     iter  54  obj 0.08696  best 0.12408  step 0.2375
05:10:12     iter  55  obj -0.11774  best 0.12408  step 0.2375
05:10:17     iter  56  obj 0.07164  best 0.12408  step 0.2375
05:10:22     iter  57  obj 0.03248  best 0.12408  step 0.1188  halved
05:10:27     iter  58  obj -2.07458  best 0.12408  step 0.1188
05:10:32     iter  59  obj 0.10091  best 0.12408  step 0.1188
05:10:37     iter  60  obj 0.17119  best 0.17119  step 0.1188  *
05:10:42     iter  61  obj 0.14805  best 0.17119  step 0.1188
05:10:46     iter  62  obj 0.16356  best 0.17119  step 0.1188
05:10:51     iter  63  obj 0.20583  best 0.20583  step 0.1188  *
05:10:56     iter  64  obj 0.18518  best 0.20583  step 0.1188
05:11:01     iter  65  obj 0.22539  best 0.22539  step 0.1188  *
05:11:06     iter  66  obj 0.29694  best 0.29694  step 0.1188  *
05:11:11     iter  67  obj 0.23123  best 0.29694  step 0.1188
05:11:16     iter  68  obj 0.23745  best 0.29694  step 0.1188
05:11:21     iter  69  obj 0.19448  best 0.29694  step 0.1188
05:11:25     iter  70  obj 0.10398  best 0.29694  step 0.0594  halved
05:11:30     iter  71  obj 0.11351  best 0.29694  step 0.0594
05:11:35     iter  72  obj 0.30400  best 0.30400  step 0.0594  *
05:11:40     iter  73  obj 0.31113  best 0.31113  step 0.0594  *
05:11:45     iter  74  obj 0.35469  best 0.35469  step 0.0594  *
05:11:50     iter  75  obj 0.36930  best 0.36930  step 0.0594  *
05:11:55     iter  76  obj 0.31618  best 0.36930  step 0.0594
05:12:00     iter  77  obj 0.35287  best 0.36930  step 0.0594
05:12:04     iter  78  obj 0.42075  best 0.42075  step 0.0594  *
05:12:09     iter  79  obj 0.39711  best 0.42075  step 0.0594
05:12:14     iter  80  obj 0.42224  best 0.42224  step 0.0594  *
05:12:19     iter  81  obj 0.47250  best 0.47250  step 0.0594  *
05:12:24     iter  82  obj 0.35896  best 0.47250  step 0.0594
05:12:29     iter  83  obj 0.44743  best 0.47250  step 0.0594
05:12:34     iter  84  obj 0.40585  best 0.47250  step 0.0594
05:12:39     iter  85  obj 0.45189  best 0.47250  step 0.0594
05:12:43     iter  86  obj 0.38786  best 0.47250  step 0.0594
05:12:48     iter  87  obj 0.48280  best 0.48280  step 0.0297  *  halved
05:12:53     iter  88  obj 0.56860  best 0.56860  step 0.0297  *
05:12:58     iter  89  obj 0.49106  best 0.56860  step 0.0297
05:13:03     iter  90  obj 0.53292  best 0.56860  step 0.0297
05:13:08     iter  91  obj 0.63504  best 0.63504  step 0.0297  *
05:13:13     iter  92  obj 0.55875  best 0.63504  step 0.0297
05:13:17     iter  93  obj 0.68994  best 0.68994  step 0.0148  *  halved
05:13:22     iter  94  obj 0.68594  best 0.68994  step 0.0148
05:13:27     iter  95  obj 0.82709  best 0.82709  step 0.0148  *
05:13:32     iter  96  obj 0.82567  best 0.82709  step 0.0148
05:13:37     iter  97  obj 0.81499  best 0.82709  step 0.0148
05:13:42     iter  98  obj 0.98044  best 0.98044  step 0.0148  *
05:13:47     iter  99  obj 1.01366  best 1.01366  step 0.0074  *  halved
05:13:52     iter 100  obj 1.11390  best 1.11390  step 0.0074  *
05:13:53      poisoned ce=0.50648 auc=0.6505 acc=0.8820 f1=0.1449  dce=+0.29749 dacc=-0.0430  k=1500  [493.8s]
05:13:53   mean over 1 trials: dce=+0.29749 dacc=-0.0430 dauc=-0.2289  -> results/niter_be/wids_wids_rs3_it100

