07:50:18 [x-capgd] datasets/wids/splits/selected/natural/context_5000.csv (5000x108) -> datasets/wids/splits/test_attack_1000.csv (1000 of 1000)  k=1500 (30.0%)  attack_class=None  grid 1x1  cuda:3
07:50:25   clean  ce=0.20899 auc=0.8795 acc=0.9250 f1=0.4361  max|dp| over 3 repeats=0.00e+00  chunking_exact=True  [5.2s]
07:50:25   constraints=full (31 relations, dataset 'wids')  scaler=metadata  mutable 108/108  int 60  cat 9
07:50:25   -- trial run0_sub0
07:50:30     iter   0  obj -0.18121  best -0.18121  step 0.9500
07:50:35     iter   1  obj -7.46692  best -0.18121  step 0.9500
07:50:39     iter   2  obj -0.08567  best -0.08567  step 0.9500  *
07:50:44     iter   3  obj -0.37443  best -0.08567  step 0.9500
07:50:49     iter   4  obj -0.43081  best -0.08567  step 0.9500
07:50:54     iter   5  obj -0.38947  best -0.08567  step 0.9500
07:50:59     iter   6  obj -0.52778  best -0.08567  step 0.9500
07:51:04     iter   7  obj -2.09290  best -0.08567  step 0.9500
07:51:09     iter   8  obj -1.02806  best -0.08567  step 0.9500
07:51:14     iter   9  obj -0.97721  best -0.08567  step 0.9500
07:51:18     iter  10  obj -0.73918  best -0.08567  step 0.9500
07:51:23     iter  11  obj -0.96856  best -0.08567  step 0.9500
07:51:28     iter  12  obj -0.48253  best -0.08567  step 0.9500
07:51:33     iter  13  obj -1.81813  best -0.08567  step 0.9500
07:51:38     iter  14  obj -0.42386  best -0.08567  step 0.9500
07:51:43     iter  15  obj -0.61684  best -0.08567  step 0.9500
07:51:48     iter  16  obj -0.50672  best -0.08567  step 0.9500
07:51:53     iter  17  obj -0.77898  best -0.08567  step 0.9500
07:51:57     iter  18  obj -0.63205  best -0.08567  step 0.9500
07:52:02     iter  19  obj -1.59475  best -0.08567  step 0.9500
07:52:07     iter  20  obj -1.04026  best -0.08567  step 0.9500
07:52:12     iter  21  obj -0.99543  best -0.08567  step 0.9500
07:52:17     iter  22  obj -1.10284  best -0.08567  step 0.9500
07:52:22     iter  23  obj -0.48473  best -0.08567  step 0.9500
07:52:27     iter  24  obj -0.71645  best -0.08567  step 0.9500
07:52:32     iter  25  obj -1.55705  best -0.08567  step 0.9500
07:52:37     iter  26  obj -0.76253  best -0.08567  step 0.9500
07:52:41     iter  27  obj -0.85166  best -0.08567  step 0.9500
07:52:46     iter  28  obj -0.77255  best -0.08567  step 0.9500
07:52:51     iter  29  obj -0.66404  best -0.08567  step 0.9500
07:52:56     iter  30  obj -1.13826  best -0.08567  step 0.9500
07:53:01     iter  31  obj -1.64514  best -0.08567  step 0.9500
07:53:06     iter  32  obj -0.99611  best -0.08567  step 0.9500
07:53:11     iter  33  obj -1.04701  best -0.08567  step 0.9500
07:53:16     iter  34  obj -0.55617  best -0.08567  step 0.9500
07:53:20     iter  35  obj -0.59847  best -0.08567  step 0.9500
07:53:25     iter  36  obj -0.60279  best -0.08567  step 0.9500
07:53:30     iter  37  obj -1.57485  best -0.08567  step 0.9500
07:53:35     iter  38  obj -0.58613  best -0.08567  step 0.9500
07:53:40     iter  39  obj -0.65539  best -0.08567  step 0.9500
07:53:45     iter  40  obj -0.67297  best -0.08567  step 0.9500
07:53:50     iter  41  obj -0.64335  best -0.08567  step 0.9500
07:53:55     iter  42  obj -0.74215  best -0.08567  step 0.9500
07:54:00     iter  43  obj -2.16300  best -0.08567  step 0.9500
07:54:04     iter  44  obj -0.84729  best -0.08567  step 0.9500
07:54:09     iter  45  obj -1.89871  best -0.08567  step 0.9500
07:54:14     iter  46  obj -0.76136  best -0.08567  step 0.9500
07:54:19     iter  47  obj -0.69062  best -0.08567  step 0.9500
07:54:24     iter  48  obj -0.59701  best -0.08567  step 0.9500
07:54:29     iter  49  obj -1.63174  best -0.08567  step 0.9500
07:54:34     iter  50  obj -0.73688  best -0.08567  step 0.9500
07:54:39     iter  51  obj -0.69039  best -0.08567  step 0.9500
07:54:43     iter  52  obj -0.67054  best -0.08567  step 0.9500
07:54:48     iter  53  obj -0.46397  best -0.08567  step 0.9500
07:54:53     iter  54  obj -0.87078  best -0.08567  step 0.9500
07:54:58     iter  55  obj -1.36296  best -0.08567  step 0.9500
07:55:03     iter  56  obj -0.65603  best -0.08567  step 0.9500
07:55:08     iter  57  obj -0.71344  best -0.08567  step 0.9500
07:55:13     iter  58  obj -0.58240  best -0.08567  step 0.9500
07:55:18     iter  59  obj -0.98620  best -0.08567  step 0.9500
07:55:22     iter  60  obj -0.52941  best -0.08567  step 0.9500
07:55:27     iter  61  obj -1.88956  best -0.08567  step 0.9500
07:55:32     iter  62  obj -0.60350  best -0.08567  step 0.9500
07:55:37     iter  63  obj -0.73091  best -0.08567  step 0.9500
07:55:42     iter  64  obj -0.94522  best -0.08567  step 0.9500
07:55:47     iter  65  obj -0.58052  best -0.08567  step 0.9500
07:55:52     iter  66  obj -0.87538  best -0.08567  step 0.9500
07:55:57     iter  67  obj -1.88752  best -0.08567  step 0.9500
07:56:01     iter  68  obj -0.70229  best -0.08567  step 0.9500
07:56:06     iter  69  obj -0.56959  best -0.08567  step 0.9500
07:56:11     iter  70  obj -0.63965  best -0.08567  step 0.9500
07:56:16     iter  71  obj -0.54659  best -0.08567  step 0.9500
07:56:21     iter  72  obj -0.86538  best -0.08567  step 0.9500
07:56:26     iter  73  obj -1.37649  best -0.08567  step 0.9500
07:56:31     iter  74  obj -0.79182  best -0.08567  step 0.9500
07:56:36     iter  75  obj -0.65586  best -0.08567  step 0.9500
07:56:40     iter  76  obj -0.48251  best -0.08567  step 0.9500
07:56:45     iter  77  obj -0.80095  best -0.08567  step 0.9500
07:56:50     iter  78  obj -0.55674  best -0.08567  step 0.9500
07:56:55     iter  79  obj -1.65313  best -0.08567  step 0.9500
07:57:00     iter  80  obj -0.74899  best -0.08567  step 0.9500
07:57:05     iter  81  obj -0.80942  best -0.08567  step 0.9500
07:57:10     iter  82  obj -0.77843  best -0.08567  step 0.9500
07:57:15     iter  83  obj -0.80211  best -0.08567  step 0.9500
07:57:19     iter  84  obj -0.75327  best -0.08567  step 0.9500
07:57:24     iter  85  obj -1.42855  best -0.08567  step 0.9500
07:57:29     iter  86  obj -0.98655  best -0.08567  step 0.9500
07:57:34     iter  87  obj -1.20142  best -0.08567  step 0.9500
07:57:39     iter  88  obj -0.76442  best -0.08567  step 0.4750  halved
07:57:44     iter  89  obj -8.08947  best -0.08567  step 0.4750
07:57:49     iter  90  obj -0.26028  best -0.08567  step 0.4750
07:57:54     iter  91  obj -0.05705  best -0.05705  step 0.4750  *
07:57:58     iter  92  obj -0.22975  best -0.05705  step 0.4750
07:58:03     iter  93  obj -0.15887  best -0.05705  step 0.4750
07:58:08     iter  94  obj -0.49847  best -0.05705  step 0.4750
07:58:13     iter  95  obj -0.60953  best -0.05705  step 0.4750
07:58:18     iter  96  obj -0.94312  best -0.05705  step 0.4750
07:58:23     iter  97  obj -0.74048  best -0.05705  step 0.4750
07:58:28     iter  98  obj -1.04332  best -0.05705  step 0.4750
07:58:33     iter  99  obj -0.14538  best -0.05705  step 0.4750
07:58:37     iter 100  obj -0.83106  best -0.05705  step 0.4750
07:58:42     iter 101  obj -0.66662  best -0.05705  step 0.4750
07:58:47     iter 102  obj -0.69481  best -0.05705  step 0.4750
07:58:52     iter 103  obj -0.28666  best -0.05705  step 0.4750
07:58:57     iter 104  obj -0.06777  best -0.05705  step 0.4750
07:59:02     iter 105  obj -0.33477  best -0.05705  step 0.4750
07:59:07     iter 106  obj -0.55979  best -0.05705  step 0.4750
07:59:12     iter 107  obj -0.74358  best -0.05705  step 0.4750
07:59:16     iter 108  obj -0.98208  best -0.05705  step 0.4750
07:59:21     iter 109  obj -0.37530  best -0.05705  step 0.4750
07:59:26     iter 110  obj -1.08428  best -0.05705  step 0.4750
07:59:31     iter 111  obj -0.50753  best -0.05705  step 0.4750
07:59:36     iter 112  obj -1.16962  best -0.05705  step 0.4750
07:59:41     iter 113  obj -0.33710  best -0.05705  step 0.4750
07:59:46     iter 114  obj -0.72221  best -0.05705  step 0.4750
07:59:51     iter 115  obj -0.31190  best -0.05705  step 0.4750
07:59:56     iter 116  obj -0.73620  best -0.05705  step 0.4750
08:00:00     iter 117  obj -0.45183  best -0.05705  step 0.4750
08:00:05     iter 118  obj -0.61415  best -0.05705  step 0.4750
08:00:10     iter 119  obj -0.25948  best -0.05705  step 0.4750
08:00:15     iter 120  obj -2.40680  best -0.05705  step 0.4750
08:00:20     iter 121  obj -0.36726  best -0.05705  step 0.4750
08:00:25     iter 122  obj -0.43766  best -0.05705  step 0.4750
08:00:30     iter 123  obj -1.12563  best -0.05705  step 0.4750
08:00:35     iter 124  obj -0.22371  best -0.05705  step 0.4750
08:00:40     iter 125  obj 0.00727  best 0.00727  step 0.4750  *
08:00:44     iter 126  obj -0.66604  best 0.00727  step 0.4750
08:00:49     iter 127  obj -0.25897  best 0.00727  step 0.4750
08:00:54     iter 128  obj -0.62853  best 0.00727  step 0.4750
08:00:59     iter 129  obj -0.56170  best 0.00727  step 0.4750
08:01:04     iter 130  obj -0.89501  best 0.00727  step 0.4750
08:01:09     iter 131  obj -0.46376  best 0.00727  step 0.4750
08:01:14     iter 132  obj -0.55803  best 0.00727  step 0.4750
08:01:19     iter 133  obj -0.93912  best 0.00727  step 0.4750
08:01:23     iter 134  obj -0.10218  best 0.00727  step 0.4750
08:01:28     iter 135  obj -0.26420  best 0.00727  step 0.4750
08:01:33     iter 136  obj -0.16928  best 0.00727  step 0.4750
08:01:38     iter 137  obj -0.13376  best 0.00727  step 0.4750
08:01:43     iter 138  obj -0.15343  best 0.00727  step 0.4750
08:01:48     iter 139  obj -0.49535  best 0.00727  step 0.4750
08:01:53     iter 140  obj -0.18385  best 0.00727  step 0.4750
08:01:58     iter 141  obj -0.66495  best 0.00727  step 0.4750
08:02:03     iter 142  obj -0.65895  best 0.00727  step 0.4750
08:02:07     iter 143  obj -0.56956  best 0.00727  step 0.4750
08:02:12     iter 144  obj -0.61610  best 0.00727  step 0.4750
08:02:17     iter 145  obj -0.75527  best 0.00727  step 0.4750
08:02:22     iter 146  obj -0.38834  best 0.00727  step 0.4750
08:02:27     iter 147  obj -0.16794  best 0.00727  step 0.4750
08:02:32     iter 148  obj -0.16636  best 0.00727  step 0.4750
08:02:37     iter 149  obj -0.76026  best 0.00727  step 0.4750
08:02:42     iter 150  obj -0.60738  best 0.00727  step 0.4750
08:02:46     iter 151  obj -2.21728  best 0.00727  step 0.4750
08:02:51     iter 152  obj -0.42755  best 0.00727  step 0.4750
08:02:56     iter 153  obj -0.73650  best 0.00727  step 0.4750
08:03:01     iter 154  obj -0.44779  best 0.00727  step 0.4750
08:03:06     iter 155  obj -1.44372  best 0.00727  step 0.4750
08:03:11     iter 156  obj -0.56417  best 0.00727  step 0.4750
08:03:16     iter 157  obj -0.55581  best 0.00727  step 0.4750
08:03:21     iter 158  obj -0.37178  best 0.00727  step 0.4750
08:03:25     iter 159  obj -1.02084  best 0.00727  step 0.4750
08:03:30     iter 160  obj -0.31210  best 0.00727  step 0.4750
08:03:35     iter 161  obj -0.85409  best 0.00727  step 0.4750
08:03:40     iter 162  obj -0.39800  best 0.00727  step 0.4750
08:03:45     iter 163  obj -0.33644  best 0.00727  step 0.4750
08:03:50     iter 164  obj -0.66969  best 0.00727  step 0.2375  halved
08:03:55     iter 165  obj -6.04891  best 0.00727  step 0.2375
08:04:00     iter 166  obj -0.18293  best 0.00727  step 0.2375
08:04:04     iter 167  obj 0.00924  best 0.00924  step 0.2375  *
08:04:09     iter 168  obj -0.02402  best 0.00924  step 0.2375
08:04:14     iter 169  obj -0.36897  best 0.00924  step 0.2375
08:04:19     iter 170  obj -0.01384  best 0.00924  step 0.2375
08:04:24     iter 171  obj -0.50555  best 0.00924  step 0.2375
08:04:29     iter 172  obj 0.08827  best 0.08827  step 0.2375  *
08:04:34     iter 173  obj 0.14059  best 0.14059  step 0.2375  *
08:04:38     iter 174  obj 0.03099  best 0.14059  step 0.2375
08:04:43     iter 175  obj -0.08976  best 0.14059  step 0.2375
08:04:48     iter 176  obj 0.07301  best 0.14059  step 0.2375
08:04:53     iter 177  obj -0.04573  best 0.14059  step 0.2375
08:04:58     iter 178  obj -0.01547  best 0.14059  step 0.2375
08:05:03     iter 179  obj -0.03118  best 0.14059  step 0.2375
08:05:08     iter 180  obj 0.01061  best 0.14059  step 0.2375
08:05:13     iter 181  obj -0.31897  best 0.14059  step 0.2375
08:05:17     iter 182  obj 0.03342  best 0.14059  step 0.2375
08:05:22     iter 183  obj 0.11735  best 0.14059  step 0.2375
08:05:27     iter 184  obj -0.09279  best 0.14059  step 0.2375
08:05:32     iter 185  obj 0.06003  best 0.14059  step 0.2375
08:05:37     iter 186  obj -0.20086  best 0.14059  step 0.2375
08:05:42     iter 187  obj 0.17614  best 0.17614  step 0.2375  *
08:05:47     iter 188  obj -0.03556  best 0.17614  step 0.2375
08:05:52     iter 189  obj 0.05768  best 0.17614  step 0.2375
08:05:56     iter 190  obj 0.16061  best 0.17614  step 0.2375
08:06:01     iter 191  obj -0.05135  best 0.17614  step 0.2375
08:06:06     iter 192  obj 0.02138  best 0.17614  step 0.2375
08:06:11     iter 193  obj 0.10516  best 0.17614  step 0.2375
08:06:16     iter 194  obj 0.05040  best 0.17614  step 0.2375
08:06:21     iter 195  obj 0.09105  best 0.17614  step 0.2375
08:06:26     iter 196  obj -0.11206  best 0.17614  step 0.2375
08:06:31     iter 197  obj 0.03040  best 0.17614  step 0.2375
08:06:36     iter 198  obj 0.17388  best 0.17614  step 0.2375
08:06:40     iter 199  obj -0.14827  best 0.17614  step 0.2375
08:06:45     iter 200  obj -0.02069  best 0.17614  step 0.2375
08:06:50     iter 201  obj 0.08504  best 0.17614  step 0.2375
08:06:55     iter 202  obj 0.00631  best 0.17614  step 0.2375
08:07:00     iter 203  obj -0.06668  best 0.17614  step 0.2375
08:07:05     iter 204  obj 0.07572  best 0.17614  step 0.2375
08:07:10     iter 205  obj 0.09727  best 0.17614  step 0.2375
08:07:15     iter 206  obj 0.15282  best 0.17614  step 0.2375
08:07:19     iter 207  obj -0.15530  best 0.17614  step 0.2375
08:07:24     iter 208  obj 0.06799  best 0.17614  step 0.2375
08:07:29     iter 209  obj -0.03743  best 0.17614  step 0.2375
08:07:34     iter 210  obj 0.14577  best 0.17614  step 0.2375
08:07:39     iter 211  obj 0.11492  best 0.17614  step 0.2375
08:07:44     iter 212  obj 0.12273  best 0.17614  step 0.2375
08:07:49     iter 213  obj 0.14080  best 0.17614  step 0.2375
08:07:54     iter 214  obj 0.04205  best 0.17614  step 0.2375
08:07:59     iter 215  obj 0.13285  best 0.17614  step 0.2375
08:08:03     iter 216  obj 0.17105  best 0.17614  step 0.2375
08:08:08     iter 217  obj -0.01300  best 0.17614  step 0.2375
08:08:13     iter 218  obj 0.12085  best 0.17614  step 0.2375
08:08:18     iter 219  obj 0.02890  best 0.17614  step 0.2375
08:08:23     iter 220  obj -0.03832  best 0.17614  step 0.2375
08:08:28     iter 221  obj 0.03701  best 0.17614  step 0.2375
08:08:33     iter 222  obj 0.15872  best 0.17614  step 0.2375
08:08:38     iter 223  obj 0.17554  best 0.17614  step 0.2375
08:08:42     iter 224  obj -0.18929  best 0.17614  step 0.2375
08:08:47     iter 225  obj 0.13993  best 0.17614  step 0.2375
08:08:52     iter 226  obj 0.07302  best 0.17614  step 0.2375
08:08:57     iter 227  obj 0.17512  best 0.17614  step 0.2375
08:09:02     iter 228  obj 0.17852  best 0.17852  step 0.1188  *  halved
08:09:07     iter 229  obj 0.19298  best 0.19298  step 0.1188  *
08:09:12     iter 230  obj 0.18173  best 0.19298  step 0.1188
08:09:17     iter 231  obj 0.25949  best 0.25949  step 0.1188  *
08:09:22     iter 232  obj 0.21064  best 0.25949  step 0.1188
08:09:26     iter 233  obj 0.16071  best 0.25949  step 0.1188
08:09:31     iter 234  obj 0.18337  best 0.25949  step 0.1188
08:09:36     iter 235  obj 0.33661  best 0.33661  step 0.1188  *
08:09:41     iter 236  obj 0.32056  best 0.33661  step 0.1188
08:09:46     iter 237  obj 0.29564  best 0.33661  step 0.1188
08:09:51     iter 238  obj 0.28895  best 0.33661  step 0.1188
08:09:56     iter 239  obj 0.31080  best 0.33661  step 0.1188
08:10:01     iter 240  obj 0.34704  best 0.34704  step 0.1188  *
08:10:05     iter 241  obj 0.36884  best 0.36884  step 0.1188  *
08:10:10     iter 242  obj 0.42442  best 0.42442  step 0.1188  *
08:10:15     iter 243  obj 0.34714  best 0.42442  step 0.1188
08:10:20     iter 244  obj 0.31538  best 0.42442  step 0.1188
08:10:25     iter 245  obj 0.38256  best 0.42442  step 0.1188
08:10:30     iter 246  obj 0.41894  best 0.42442  step 0.1188
08:10:35     iter 247  obj 0.40011  best 0.42442  step 0.1188
08:10:40     iter 248  obj 0.44891  best 0.44891  step 0.1188  *
08:10:44     iter 249  obj 0.33536  best 0.44891  step 0.1188
08:10:49     iter 250  obj 0.11424  best 0.44891  step 0.1188
08:10:54     iter 251  obj 0.38397  best 0.44891  step 0.1188
08:10:59     iter 252  obj 0.39307  best 0.44891  step 0.1188
08:11:04     iter 253  obj 0.48908  best 0.48908  step 0.1188  *
08:11:09     iter 254  obj 0.52055  best 0.52055  step 0.1188  *
08:11:14     iter 255  obj 0.28160  best 0.52055  step 0.1188
08:11:18     iter 256  obj 0.53653  best 0.53653  step 0.1188  *
08:11:23     iter 257  obj 0.44821  best 0.53653  step 0.1188
08:11:28     iter 258  obj 0.55831  best 0.55831  step 0.1188  *
08:11:33     iter 259  obj 0.46590  best 0.55831  step 0.1188
08:11:38     iter 260  obj 0.47534  best 0.55831  step 0.1188
08:11:43     iter 261  obj 0.43259  best 0.55831  step 0.1188
08:11:48     iter 262  obj 0.55153  best 0.55831  step 0.1188
08:11:53     iter 263  obj 0.39937  best 0.55831  step 0.1188
08:11:57     iter 264  obj 0.55112  best 0.55831  step 0.1188
08:12:02     iter 265  obj 0.45434  best 0.55831  step 0.1188
08:12:07     iter 266  obj 0.47622  best 0.55831  step 0.1188
08:12:12     iter 267  obj 0.53352  best 0.55831  step 0.1188
08:12:17     iter 268  obj 0.49090  best 0.55831  step 0.1188
08:12:22     iter 269  obj 0.64141  best 0.64141  step 0.1188  *
08:12:27     iter 270  obj 0.45441  best 0.64141  step 0.1188
08:12:32     iter 271  obj 0.48843  best 0.64141  step 0.1188
08:12:36     iter 272  obj 0.50852  best 0.64141  step 0.1188
08:12:41     iter 273  obj 0.40663  best 0.64141  step 0.1188
08:12:46     iter 274  obj 0.64502  best 0.64502  step 0.1188  *
08:12:51     iter 275  obj 0.44322  best 0.64502  step 0.1188
08:12:56     iter 276  obj 0.55209  best 0.64502  step 0.1188
08:13:01     iter 277  obj 0.65697  best 0.65697  step 0.1188  *
08:13:06     iter 278  obj 0.38828  best 0.65697  step 0.1188
08:13:11     iter 279  obj 0.61167  best 0.65697  step 0.1188
08:13:15     iter 280  obj 0.49737  best 0.65697  step 0.0594  halved
08:13:20     iter 281  obj 0.11985  best 0.65697  step 0.0594
08:13:25     iter 282  obj 0.96428  best 0.96428  step 0.0594  *
08:13:30     iter 283  obj 1.03127  best 1.03127  step 0.0594  *
08:13:35     iter 284  obj 1.12101  best 1.12101  step 0.0594  *
08:13:40     iter 285  obj 1.00870  best 1.12101  step 0.0594
08:13:45     iter 286  obj 1.02886  best 1.12101  step 0.0594
08:13:50     iter 287  obj 1.15155  best 1.15155  step 0.0594  *
08:13:54     iter 288  obj 1.28114  best 1.28114  step 0.0594  *
08:13:59     iter 289  obj 1.30848  best 1.30848  step 0.0594  *
08:14:04     iter 290  obj 1.05399  best 1.30848  step 0.0594
08:14:09     iter 291  obj 0.79733  best 1.30848  step 0.0594
08:14:14     iter 292  obj 1.31264  best 1.31264  step 0.0594  *
08:14:19     iter 293  obj 1.00284  best 1.31264  step 0.0594
08:14:24     iter 294  obj 0.76945  best 1.31264  step 0.0594
08:14:29     iter 295  obj 1.36780  best 1.36780  step 0.0594  *
08:14:34     iter 296  obj 1.33946  best 1.36780  step 0.0594
08:14:38     iter 297  obj 0.95503  best 1.36780  step 0.0594
08:14:43     iter 298  obj 1.19462  best 1.36780  step 0.0594
08:14:48     iter 299  obj 1.40940  best 1.40940  step 0.0594  *
08:14:53     iter 300  obj 1.16173  best 1.40940  step 0.0594
08:14:58     iter 301  obj 1.37533  best 1.40940  step 0.0594
08:15:03     iter 302  obj 1.21722  best 1.40940  step 0.0594
08:15:08     iter 303  obj 1.51765  best 1.51765  step 0.0594  *
08:15:13     iter 304  obj 1.52570  best 1.52570  step 0.0594  *
08:15:17     iter 305  obj 1.66271  best 1.66271  step 0.0594  *
08:15:22     iter 306  obj 1.42762  best 1.66271  step 0.0594
08:15:27     iter 307  obj 1.13776  best 1.66271  step 0.0594
08:15:32     iter 308  obj 1.30369  best 1.66271  step 0.0594
08:15:37     iter 309  obj 1.02097  best 1.66271  step 0.0594
08:15:42     iter 310  obj 1.29303  best 1.66271  step 0.0594
08:15:47     iter 311  obj 0.81070  best 1.66271  step 0.0594
08:15:52     iter 312  obj 1.15212  best 1.66271  step 0.0594
08:15:57     iter 313  obj 0.97932  best 1.66271  step 0.0594
08:16:01     iter 314  obj 1.00252  best 1.66271  step 0.0594
08:16:06     iter 315  obj 1.09033  best 1.66271  step 0.0594
08:16:11     iter 316  obj 0.99605  best 1.66271  step 0.0594
08:16:16     iter 317  obj 1.39691  best 1.66271  step 0.0594
08:16:21     iter 318  obj 1.11936  best 1.66271  step 0.0594
08:16:26     iter 319  obj 1.42552  best 1.66271  step 0.0594
08:16:31     iter 320  obj 1.58653  best 1.66271  step 0.0297  halved
08:16:36     iter 321  obj 1.27038  best 1.66271  step 0.0297
08:16:40     iter 322  obj 1.72247  best 1.72247  step 0.0297  *
08:16:45     iter 323  obj 1.94835  best 1.94835  step 0.0297  *
08:16:50     iter 324  obj 2.06107  best 2.06107  step 0.0297  *
08:16:55     iter 325  obj 1.53940  best 2.06107  step 0.0297
08:17:00     iter 326  obj 2.26161  best 2.26161  step 0.0297  *
08:17:05     iter 327  obj 2.32262  best 2.32262  step 0.0297  *
08:17:10     iter 328  obj 2.41853  best 2.41853  step 0.0297  *
08:17:15     iter 329  obj 2.39776  best 2.41853  step 0.0297
08:17:19     iter 330  obj 2.71127  best 2.71127  step 0.0297  *
08:17:24     iter 331  obj 2.70305  best 2.71127  step 0.0297
08:17:29     iter 332  obj 2.76818  best 2.76818  step 0.0297  *
08:17:34     iter 333  obj 2.39551  best 2.76818  step 0.0297
08:17:39     iter 334  obj 3.06548  best 3.06548  step 0.0297  *
08:17:44     iter 335  obj 2.97078  best 3.06548  step 0.0297
08:17:49     iter 336  obj 3.06768  best 3.06768  step 0.0297  *
08:17:54     iter 337  obj 2.96052  best 3.06768  step 0.0297
08:17:58     iter 338  obj 2.98973  best 3.06768  step 0.0297
08:18:03     iter 339  obj 3.25085  best 3.25085  step 0.0297  *
08:18:08     iter 340  obj 3.69046  best 3.69046  step 0.0297  *
08:18:13     iter 341  obj 2.72108  best 3.69046  step 0.0297
08:18:18     iter 342  obj 3.84945  best 3.84945  step 0.0297  *
08:18:23     iter 343  obj 4.14015  best 4.14015  step 0.0297  *
08:18:28     iter 344  obj 3.86721  best 4.14015  step 0.0297
08:18:33     iter 345  obj 3.04863  best 4.14015  step 0.0297
08:18:37     iter 346  obj 3.68213  best 4.14015  step 0.0297
08:18:42     iter 347  obj 4.68706  best 4.68706  step 0.0297  *
08:18:47     iter 348  obj 4.27739  best 4.68706  step 0.0148  halved
08:18:52     iter 349  obj 5.82197  best 5.82197  step 0.0148  *
08:18:57     iter 350  obj 6.11131  best 6.11131  step 0.0148  *
08:19:02     iter 351  obj 6.70304  best 6.70304  step 0.0148  *
08:19:07     iter 352  obj 7.20870  best 7.20870  step 0.0148  *
08:19:12     iter 353  obj 7.45972  best 7.45972  step 0.0148  *
08:19:16     iter 354  obj 7.41556  best 7.45972  step 0.0148
08:19:21     iter 355  obj 8.28956  best 8.28956  step 0.0148  *
08:19:26     iter 356  obj 8.74676  best 8.74676  step 0.0148  *
08:19:31     iter 357  obj 9.05542  best 9.05542  step 0.0148  *
08:19:36     iter 358  obj 9.89007  best 9.89007  step 0.0148  *
08:19:41     iter 359  obj 9.80470  best 9.89007  step 0.0148
08:19:46     iter 360  obj 10.74447  best 10.74447  step 0.0148  *
08:19:51     iter 361  obj 11.58788  best 11.58788  step 0.0148  *
08:19:55     iter 362  obj 12.17181  best 12.17181  step 0.0148  *
08:20:00     iter 363  obj 11.43651  best 12.17181  step 0.0148
08:20:05     iter 364  obj 11.19116  best 12.17181  step 0.0148
08:20:10     iter 365  obj 11.94569  best 12.17181  step 0.0148
08:20:15     iter 366  obj 11.91991  best 12.17181  step 0.0148
08:20:20     iter 367  obj 12.02693  best 12.17181  step 0.0148
08:20:25     iter 368  obj 11.76015  best 12.17181  step 0.0148
08:20:30     iter 369  obj 13.39070  best 13.39070  step 0.0148  *
08:20:34     iter 370  obj 13.43966  best 13.43966  step 0.0148  *
08:20:39     iter 371  obj 11.58260  best 13.43966  step 0.0148
08:20:44     iter 372  obj 13.83097  best 13.83097  step 0.0074  *  halved
08:20:49     iter 373  obj 13.72751  best 13.83097  step 0.0074
08:20:54     iter 374  obj 16.07463  best 16.07463  step 0.0074  *
08:20:59     iter 375  obj 16.51990  best 16.51990  step 0.0074  *
08:21:04     iter 376  obj 15.43011  best 16.51990  step 0.0074
08:21:09     iter 377  obj 17.35034  best 17.35034  step 0.0074  *
08:21:13     iter 378  obj 17.91874  best 17.91874  step 0.0074  *
08:21:18     iter 379  obj 18.26060  best 18.26060  step 0.0074  *
08:21:23     iter 380  obj 19.53751  best 19.53751  step 0.0074  *
08:21:28     iter 381  obj 19.69599  best 19.69599  step 0.0074  *
08:21:33     iter 382  obj 19.63227  best 19.69599  step 0.0074
08:21:38     iter 383  obj 19.41982  best 19.69599  step 0.0074
08:21:43     iter 384  obj 20.70411  best 20.70411  step 0.0074  *
08:21:48     iter 385  obj 19.88780  best 20.70411  step 0.0074
08:21:53     iter 386  obj 20.40214  best 20.70411  step 0.0074
08:21:57     iter 387  obj 20.69357  best 20.70411  step 0.0074
08:22:02     iter 388  obj 21.04995  best 21.04995  step 0.0074  *
08:22:07     iter 389  obj 21.01938  best 21.04995  step 0.0074
08:22:12     iter 390  obj 21.51934  best 21.51934  step 0.0074  *
08:22:17     iter 391  obj 21.46914  best 21.51934  step 0.0074
08:22:22     iter 392  obj 20.60001  best 21.51934  step 0.0074
08:22:27     iter 393  obj 20.26494  best 21.51934  step 0.0074
08:22:32     iter 394  obj 19.90386  best 21.51934  step 0.0074
08:22:36     iter 395  obj 20.67585  best 21.51934  step 0.0074
08:22:41     iter 396  obj 22.33832  best 22.33832  step 0.0037  *  halved
08:22:46     iter 397  obj 22.45349  best 22.45349  step 0.0037  *
08:22:51     iter 398  obj 22.80510  best 22.80510  step 0.0037  *
08:22:56     iter 399  obj 23.03749  best 23.03749  step 0.0037  *
08:23:01     iter 400  obj 22.87848  best 23.03749  step 0.0037
08:23:02      poisoned ce=1.27959 auc=0.3286 acc=0.5470 f1=0.0736  dce=+1.07060 dacc=-0.3780  k=1500  [1957.2s]
08:23:02   mean over 1 trials: dce=+1.07060 dacc=-0.3780 dauc=-0.5509  -> results/niter_be/wids_wids_rs2_it400

