07:17:32 [x-capgd] datasets/wids/splits/selected/natural/context_5000.csv (5000x108) -> datasets/wids/splits/test_attack_1000.csv (1000 of 1000)  k=1500 (30.0%)  attack_class=None  grid 1x1  cuda:3
07:17:38   clean  ce=0.20899 auc=0.8795 acc=0.9250 f1=0.4361  max|dp| over 3 repeats=0.00e+00  chunking_exact=True  [5.2s]
07:17:38   constraints=full (31 relations, dataset 'wids')  scaler=metadata  mutable 108/108  int 60  cat 9
07:17:38   -- trial run0_sub0
07:17:43     iter   0  obj 0.10032  best 0.10032  step 0.9500
07:17:48     iter   1  obj -6.99082  best 0.10032  step 0.9500
07:17:53     iter   2  obj -0.02832  best 0.10032  step 0.9500
07:17:58     iter   3  obj -0.25997  best 0.10032  step 0.9500
07:18:03     iter   4  obj -0.47446  best 0.10032  step 0.9500
07:18:07     iter   5  obj -0.43973  best 0.10032  step 0.9500
07:18:12     iter   6  obj -1.13760  best 0.10032  step 0.9500
07:18:17     iter   7  obj -2.40632  best 0.10032  step 0.9500
07:18:22     iter   8  obj -0.34698  best 0.10032  step 0.9500
07:18:27     iter   9  obj -1.96429  best 0.10032  step 0.9500
07:18:32     iter  10  obj -0.29749  best 0.10032  step 0.9500
07:18:37     iter  11  obj -0.53952  best 0.10032  step 0.9500
07:18:42     iter  12  obj -0.47810  best 0.10032  step 0.9500
07:18:47     iter  13  obj -2.32421  best 0.10032  step 0.9500
07:18:51     iter  14  obj -0.25185  best 0.10032  step 0.9500
07:18:56     iter  15  obj -1.25334  best 0.10032  step 0.9500
07:19:01     iter  16  obj -0.34305  best 0.10032  step 0.9500
07:19:06     iter  17  obj -0.29596  best 0.10032  step 0.9500
07:19:11     iter  18  obj -0.44041  best 0.10032  step 0.9500
07:19:16     iter  19  obj -1.81402  best 0.10032  step 0.9500
07:19:21     iter  20  obj -0.46208  best 0.10032  step 0.9500
07:19:26     iter  21  obj -2.02291  best 0.10032  step 0.9500
07:19:30     iter  22  obj -0.38754  best 0.10032  step 0.9500
07:19:35     iter  23  obj -0.29142  best 0.10032  step 0.9500
07:19:40     iter  24  obj -0.39373  best 0.10032  step 0.9500
07:19:45     iter  25  obj -1.92351  best 0.10032  step 0.9500
07:19:50     iter  26  obj -0.59839  best 0.10032  step 0.9500
07:19:55     iter  27  obj -0.97584  best 0.10032  step 0.9500
07:20:00     iter  28  obj -0.57612  best 0.10032  step 0.9500
07:20:04     iter  29  obj -0.62539  best 0.10032  step 0.9500
07:20:09     iter  30  obj -0.45179  best 0.10032  step 0.9500
07:20:14     iter  31  obj -1.78565  best 0.10032  step 0.9500
07:20:19     iter  32  obj -0.44115  best 0.10032  step 0.9500
07:20:24     iter  33  obj -0.94376  best 0.10032  step 0.9500
07:20:29     iter  34  obj -0.57176  best 0.10032  step 0.9500
07:20:34     iter  35  obj -0.47622  best 0.10032  step 0.9500
07:20:39     iter  36  obj -0.85714  best 0.10032  step 0.9500
07:20:43     iter  37  obj -1.68343  best 0.10032  step 0.9500
07:20:48     iter  38  obj -0.44373  best 0.10032  step 0.9500
07:20:53     iter  39  obj -0.57381  best 0.10032  step 0.9500
07:20:58     iter  40  obj -1.07684  best 0.10032  step 0.9500
07:21:03     iter  41  obj -0.55408  best 0.10032  step 0.9500
07:21:08     iter  42  obj -1.05902  best 0.10032  step 0.9500
07:21:13     iter  43  obj -1.57824  best 0.10032  step 0.9500
07:21:18     iter  44  obj -0.50596  best 0.10032  step 0.9500
07:21:22     iter  45  obj -0.66520  best 0.10032  step 0.9500
07:21:27     iter  46  obj -0.73141  best 0.10032  step 0.9500
07:21:32     iter  47  obj -0.55887  best 0.10032  step 0.9500
07:21:37     iter  48  obj -0.88734  best 0.10032  step 0.9500
07:21:42     iter  49  obj -1.94300  best 0.10032  step 0.9500
07:21:47     iter  50  obj -1.23483  best 0.10032  step 0.9500
07:21:52     iter  51  obj -1.05914  best 0.10032  step 0.9500
07:21:57     iter  52  obj -0.78070  best 0.10032  step 0.9500
07:22:01     iter  53  obj -0.32002  best 0.10032  step 0.9500
07:22:06     iter  54  obj -0.37864  best 0.10032  step 0.9500
07:22:11     iter  55  obj -1.71117  best 0.10032  step 0.9500
07:22:16     iter  56  obj -0.79962  best 0.10032  step 0.9500
07:22:21     iter  57  obj -0.81209  best 0.10032  step 0.9500
07:22:26     iter  58  obj -0.46189  best 0.10032  step 0.9500
07:22:31     iter  59  obj -0.31234  best 0.10032  step 0.9500
07:22:36     iter  60  obj -0.42154  best 0.10032  step 0.9500
07:22:40     iter  61  obj -2.00155  best 0.10032  step 0.9500
07:22:45     iter  62  obj -0.65928  best 0.10032  step 0.9500
07:22:50     iter  63  obj -0.82813  best 0.10032  step 0.9500
07:22:55     iter  64  obj -0.65480  best 0.10032  step 0.9500
07:23:00     iter  65  obj -0.45858  best 0.10032  step 0.9500
07:23:05     iter  66  obj -0.58709  best 0.10032  step 0.9500
07:23:10     iter  67  obj -1.89950  best 0.10032  step 0.9500
07:23:15     iter  68  obj -0.63756  best 0.10032  step 0.9500
07:23:19     iter  69  obj -0.91769  best 0.10032  step 0.9500
07:23:24     iter  70  obj -0.45161  best 0.10032  step 0.9500
07:23:29     iter  71  obj -0.51348  best 0.10032  step 0.9500
07:23:34     iter  72  obj -0.40368  best 0.10032  step 0.9500
07:23:39     iter  73  obj -1.86081  best 0.10032  step 0.9500
07:23:44     iter  74  obj -0.60318  best 0.10032  step 0.9500
07:23:49     iter  75  obj -0.72581  best 0.10032  step 0.9500
07:23:54     iter  76  obj -0.55362  best 0.10032  step 0.9500
07:23:58     iter  77  obj -0.41814  best 0.10032  step 0.9500
07:24:03     iter  78  obj -0.58339  best 0.10032  step 0.9500
07:24:08     iter  79  obj -1.64638  best 0.10032  step 0.9500
07:24:13     iter  80  obj -0.49187  best 0.10032  step 0.9500
07:24:18     iter  81  obj -0.79174  best 0.10032  step 0.9500
07:24:23     iter  82  obj -0.51301  best 0.10032  step 0.9500
07:24:28     iter  83  obj -0.67049  best 0.10032  step 0.9500
07:24:33     iter  84  obj -0.52712  best 0.10032  step 0.9500
07:24:37     iter  85  obj -1.44201  best 0.10032  step 0.9500
07:24:42     iter  86  obj -0.56396  best 0.10032  step 0.9500
07:24:47     iter  87  obj -0.98379  best 0.10032  step 0.9500
07:24:52     iter  88  obj -0.40004  best 0.10032  step 0.4750  halved
07:24:57     iter  89  obj -43.58549  best 0.10032  step 0.4750
07:25:02     iter  90  obj -1.82744  best 0.10032  step 0.4750
07:25:07     iter  91  obj 0.05028  best 0.10032  step 0.4750
07:25:12     iter  92  obj 0.11203  best 0.11203  step 0.4750  *
07:25:17     iter  93  obj -0.06490  best 0.11203  step 0.4750
07:25:21     iter  94  obj -0.11521  best 0.11203  step 0.4750
07:25:26     iter  95  obj 0.06100  best 0.11203  step 0.4750
07:25:31     iter  96  obj -0.24029  best 0.11203  step 0.4750
07:25:36     iter  97  obj -0.21294  best 0.11203  step 0.4750
07:25:41     iter  98  obj -0.05704  best 0.11203  step 0.4750
07:25:46     iter  99  obj 0.04466  best 0.11203  step 0.4750
07:25:51     iter 100  obj -0.35463  best 0.11203  step 0.4750
07:25:56     iter 101  obj -0.07082  best 0.11203  step 0.4750
07:26:00     iter 102  obj -0.66215  best 0.11203  step 0.4750
07:26:05     iter 103  obj -0.30233  best 0.11203  step 0.4750
07:26:10     iter 104  obj 0.02977  best 0.11203  step 0.4750
07:26:15     iter 105  obj -1.18763  best 0.11203  step 0.4750
07:26:20     iter 106  obj -0.28476  best 0.11203  step 0.4750
07:26:25     iter 107  obj -0.91772  best 0.11203  step 0.4750
07:26:30     iter 108  obj -0.18863  best 0.11203  step 0.4750
07:26:35     iter 109  obj -1.12844  best 0.11203  step 0.4750
07:26:39     iter 110  obj -0.10529  best 0.11203  step 0.4750
07:26:44     iter 111  obj -0.59567  best 0.11203  step 0.4750
07:26:49     iter 112  obj -0.03655  best 0.11203  step 0.4750
07:26:54     iter 113  obj -0.30773  best 0.11203  step 0.4750
07:26:59     iter 114  obj -0.32323  best 0.11203  step 0.4750
07:27:04     iter 115  obj -0.73716  best 0.11203  step 0.4750
07:27:09     iter 116  obj -0.39258  best 0.11203  step 0.4750
07:27:14     iter 117  obj -0.55521  best 0.11203  step 0.4750
07:27:18     iter 118  obj -0.14353  best 0.11203  step 0.4750
07:27:23     iter 119  obj -0.18886  best 0.11203  step 0.4750
07:27:28     iter 120  obj -0.38436  best 0.11203  step 0.4750
07:27:33     iter 121  obj -0.46512  best 0.11203  step 0.4750
07:27:38     iter 122  obj -0.38656  best 0.11203  step 0.4750
07:27:43     iter 123  obj -0.85527  best 0.11203  step 0.4750
07:27:48     iter 124  obj -0.66936  best 0.11203  step 0.4750
07:27:53     iter 125  obj 0.03270  best 0.11203  step 0.4750
07:27:57     iter 126  obj -0.37008  best 0.11203  step 0.4750
07:28:02     iter 127  obj -0.34645  best 0.11203  step 0.4750
07:28:07     iter 128  obj -0.30094  best 0.11203  step 0.4750
07:28:12     iter 129  obj -0.05139  best 0.11203  step 0.4750
07:28:17     iter 130  obj 0.02796  best 0.11203  step 0.4750
07:28:22     iter 131  obj -0.49979  best 0.11203  step 0.4750
07:28:27     iter 132  obj -0.27084  best 0.11203  step 0.4750
07:28:32     iter 133  obj -0.67978  best 0.11203  step 0.4750
07:28:36     iter 134  obj -0.27895  best 0.11203  step 0.4750
07:28:41     iter 135  obj -0.41416  best 0.11203  step 0.4750
07:28:46     iter 136  obj -0.19653  best 0.11203  step 0.4750
07:28:51     iter 137  obj -0.56265  best 0.11203  step 0.4750
07:28:56     iter 138  obj -0.20851  best 0.11203  step 0.4750
07:29:01     iter 139  obj -0.16268  best 0.11203  step 0.4750
07:29:06     iter 140  obj -0.10034  best 0.11203  step 0.4750
07:29:11     iter 141  obj -0.68116  best 0.11203  step 0.4750
07:29:15     iter 142  obj -0.74864  best 0.11203  step 0.4750
07:29:20     iter 143  obj -1.38675  best 0.11203  step 0.4750
07:29:25     iter 144  obj -0.15912  best 0.11203  step 0.4750
07:29:30     iter 145  obj -0.30872  best 0.11203  step 0.4750
07:29:35     iter 146  obj -0.62553  best 0.11203  step 0.4750
07:29:40     iter 147  obj -0.38801  best 0.11203  step 0.4750
07:29:45     iter 148  obj -0.44258  best 0.11203  step 0.4750
07:29:50     iter 149  obj -0.05191  best 0.11203  step 0.4750
07:29:54     iter 150  obj -0.54915  best 0.11203  step 0.4750
07:29:59     iter 151  obj -0.28850  best 0.11203  step 0.4750
07:30:04     iter 152  obj -0.11002  best 0.11203  step 0.4750
07:30:09     iter 153  obj -0.21908  best 0.11203  step 0.4750
07:30:14     iter 154  obj -0.34816  best 0.11203  step 0.4750
07:30:19     iter 155  obj -0.58023  best 0.11203  step 0.4750
07:30:24     iter 156  obj -0.64440  best 0.11203  step 0.4750
07:30:29     iter 157  obj -0.20022  best 0.11203  step 0.4750
07:30:33     iter 158  obj -0.53341  best 0.11203  step 0.4750
07:30:38     iter 159  obj -0.26485  best 0.11203  step 0.4750
07:30:43     iter 160  obj -0.59736  best 0.11203  step 0.4750
07:30:48     iter 161  obj -0.16384  best 0.11203  step 0.4750
07:30:53     iter 162  obj -0.82795  best 0.11203  step 0.4750
07:30:58     iter 163  obj -0.58177  best 0.11203  step 0.4750
07:31:03     iter 164  obj 0.01103  best 0.11203  step 0.2375  halved
07:31:08     iter 165  obj -3.22744  best 0.11203  step 0.2375
07:31:12     iter 166  obj -0.01528  best 0.11203  step 0.2375
07:31:17     iter 167  obj 0.10683  best 0.11203  step 0.2375
07:31:22     iter 168  obj 0.10367  best 0.11203  step 0.2375
07:31:27     iter 169  obj 0.11846  best 0.11846  step 0.2375  *
07:31:32     iter 170  obj 0.09431  best 0.11846  step 0.2375
07:31:37     iter 171  obj 0.00441  best 0.11846  step 0.2375
07:31:42     iter 172  obj 0.11481  best 0.11846  step 0.2375
07:31:47     iter 173  obj 0.07319  best 0.11846  step 0.2375
07:31:52     iter 174  obj 0.17199  best 0.17199  step 0.2375  *
07:31:56     iter 175  obj 0.05548  best 0.17199  step 0.2375
07:32:01     iter 176  obj 0.09847  best 0.17199  step 0.2375
07:32:06     iter 177  obj 0.13344  best 0.17199  step 0.2375
07:32:11     iter 178  obj 0.03810  best 0.17199  step 0.2375
07:32:16     iter 179  obj 0.03777  best 0.17199  step 0.2375
07:32:21     iter 180  obj 0.14016  best 0.17199  step 0.2375
07:32:26     iter 181  obj 0.18053  best 0.18053  step 0.2375  *
07:32:31     iter 182  obj 0.08421  best 0.18053  step 0.2375
07:32:35     iter 183  obj 0.12370  best 0.18053  step 0.2375
07:32:40     iter 184  obj 0.13920  best 0.18053  step 0.2375
07:32:45     iter 185  obj 0.07583  best 0.18053  step 0.2375
07:32:50     iter 186  obj -0.15304  best 0.18053  step 0.2375
07:32:55     iter 187  obj 0.06305  best 0.18053  step 0.2375
07:33:00     iter 188  obj 0.14023  best 0.18053  step 0.2375
07:33:05     iter 189  obj 0.05713  best 0.18053  step 0.2375
07:33:10     iter 190  obj 0.18273  best 0.18273  step 0.2375  *
07:33:14     iter 191  obj 0.11074  best 0.18273  step 0.2375
07:33:19     iter 192  obj -0.19125  best 0.18273  step 0.2375
07:33:24     iter 193  obj 0.16227  best 0.18273  step 0.2375
07:33:29     iter 194  obj 0.08468  best 0.18273  step 0.2375
07:33:34     iter 195  obj -0.62217  best 0.18273  step 0.2375
07:33:39     iter 196  obj 0.06798  best 0.18273  step 0.2375
07:33:44     iter 197  obj 0.10344  best 0.18273  step 0.2375
07:33:49     iter 198  obj 0.06219  best 0.18273  step 0.2375
07:33:53     iter 199  obj 0.09081  best 0.18273  step 0.2375
07:33:58     iter 200  obj 0.21927  best 0.21927  step 0.2375  *
07:34:03     iter 201  obj 0.15526  best 0.21927  step 0.2375
07:34:08     iter 202  obj -0.10567  best 0.21927  step 0.2375
07:34:13     iter 203  obj -0.16836  best 0.21927  step 0.2375
07:34:18     iter 204  obj 0.10522  best 0.21927  step 0.2375
07:34:23     iter 205  obj 0.08605  best 0.21927  step 0.2375
07:34:28     iter 206  obj 0.16858  best 0.21927  step 0.2375
07:34:32     iter 207  obj 0.22928  best 0.22928  step 0.2375  *
07:34:37     iter 208  obj 0.18521  best 0.22928  step 0.2375
07:34:42     iter 209  obj 0.14911  best 0.22928  step 0.2375
07:34:47     iter 210  obj 0.13050  best 0.22928  step 0.2375
07:34:52     iter 211  obj 0.17022  best 0.22928  step 0.2375
07:34:57     iter 212  obj 0.09513  best 0.22928  step 0.2375
07:35:02     iter 213  obj -0.07010  best 0.22928  step 0.2375
07:35:07     iter 214  obj 0.10434  best 0.22928  step 0.2375
07:35:11     iter 215  obj 0.00470  best 0.22928  step 0.2375
07:35:16     iter 216  obj 0.24798  best 0.24798  step 0.2375  *
07:35:21     iter 217  obj 0.09215  best 0.24798  step 0.2375
07:35:26     iter 218  obj 0.19028  best 0.24798  step 0.2375
07:35:31     iter 219  obj 0.22880  best 0.24798  step 0.2375
07:35:36     iter 220  obj 0.14630  best 0.24798  step 0.2375
07:35:41     iter 221  obj -0.02720  best 0.24798  step 0.2375
07:35:45     iter 222  obj 0.01680  best 0.24798  step 0.2375
07:35:50     iter 223  obj 0.13135  best 0.24798  step 0.2375
07:35:55     iter 224  obj 0.13040  best 0.24798  step 0.2375
07:36:00     iter 225  obj -0.09278  best 0.24798  step 0.2375
07:36:05     iter 226  obj 0.13846  best 0.24798  step 0.2375
07:36:10     iter 227  obj -0.04086  best 0.24798  step 0.2375
07:36:15     iter 228  obj 0.12190  best 0.24798  step 0.1188  halved
07:36:20     iter 229  obj -5.94684  best 0.24798  step 0.1188
07:36:24     iter 230  obj -0.18928  best 0.24798  step 0.1188
07:36:29     iter 231  obj 0.25748  best 0.25748  step 0.1188  *
07:36:34     iter 232  obj 0.26564  best 0.26564  step 0.1188  *
07:36:39     iter 233  obj 0.31685  best 0.31685  step 0.1188  *
07:36:44     iter 234  obj 0.34409  best 0.34409  step 0.1188  *
07:36:49     iter 235  obj 0.31057  best 0.34409  step 0.1188
07:36:54     iter 236  obj 0.36642  best 0.36642  step 0.1188  *
07:36:59     iter 237  obj 0.33855  best 0.36642  step 0.1188
07:37:03     iter 238  obj 0.38369  best 0.38369  step 0.1188  *
07:37:08     iter 239  obj 0.39258  best 0.39258  step 0.1188  *
07:37:13     iter 240  obj 0.32486  best 0.39258  step 0.1188
07:37:18     iter 241  obj 0.29070  best 0.39258  step 0.1188
07:37:23     iter 242  obj 0.41449  best 0.41449  step 0.1188  *
07:37:28     iter 243  obj 0.42431  best 0.42431  step 0.1188  *
07:37:33     iter 244  obj 0.43377  best 0.43377  step 0.1188  *
07:37:38     iter 245  obj 0.53868  best 0.53868  step 0.1188  *
07:37:42     iter 246  obj 0.27377  best 0.53868  step 0.1188
07:37:47     iter 247  obj 0.41508  best 0.53868  step 0.1188
07:37:52     iter 248  obj 0.42600  best 0.53868  step 0.1188
07:37:57     iter 249  obj 0.53261  best 0.53868  step 0.1188
07:38:02     iter 250  obj 0.26562  best 0.53868  step 0.1188
07:38:07     iter 251  obj 0.40923  best 0.53868  step 0.1188
07:38:12     iter 252  obj 0.53483  best 0.53868  step 0.1188
07:38:17     iter 253  obj 0.32477  best 0.53868  step 0.1188
07:38:21     iter 254  obj 0.39494  best 0.53868  step 0.1188
07:38:26     iter 255  obj 0.45852  best 0.53868  step 0.1188
07:38:31     iter 256  obj 0.41963  best 0.53868  step 0.1188
07:38:36     iter 257  obj 0.55015  best 0.55015  step 0.1188  *
07:38:41     iter 258  obj 0.34293  best 0.55015  step 0.1188
07:38:46     iter 259  obj 0.35424  best 0.55015  step 0.1188
07:38:51     iter 260  obj 0.33124  best 0.55015  step 0.1188
07:38:56     iter 261  obj 0.42699  best 0.55015  step 0.1188
07:39:01     iter 262  obj 0.55127  best 0.55127  step 0.1188  *
07:39:05     iter 263  obj 0.55579  best 0.55579  step 0.1188  *
07:39:10     iter 264  obj 0.48044  best 0.55579  step 0.1188
07:39:15     iter 265  obj 0.38396  best 0.55579  step 0.1188
07:39:20     iter 266  obj 0.46245  best 0.55579  step 0.1188
07:39:25     iter 267  obj 0.43524  best 0.55579  step 0.1188
07:39:30     iter 268  obj 0.50509  best 0.55579  step 0.1188
07:39:35     iter 269  obj 0.61745  best 0.61745  step 0.1188  *
07:39:40     iter 270  obj 0.59118  best 0.61745  step 0.1188
07:39:44     iter 271  obj 0.56603  best 0.61745  step 0.1188
07:39:49     iter 272  obj 0.71086  best 0.71086  step 0.1188  *
07:39:54     iter 273  obj 0.89642  best 0.89642  step 0.1188  *
07:39:59     iter 274  obj 0.61145  best 0.89642  step 0.1188
07:40:04     iter 275  obj 0.79074  best 0.89642  step 0.1188
07:40:09     iter 276  obj 0.35032  best 0.89642  step 0.1188
07:40:14     iter 277  obj 0.57809  best 0.89642  step 0.1188
07:40:19     iter 278  obj 0.74623  best 0.89642  step 0.1188
07:40:24     iter 279  obj 0.79602  best 0.89642  step 0.1188
07:40:28     iter 280  obj 0.70964  best 0.89642  step 0.0594  halved
07:40:33     iter 281  obj -0.40195  best 0.89642  step 0.0594
07:40:38     iter 282  obj 0.79263  best 0.89642  step 0.0594
07:40:43     iter 283  obj 0.85775  best 0.89642  step 0.0594
07:40:48     iter 284  obj 0.76654  best 0.89642  step 0.0594
07:40:53     iter 285  obj 0.94676  best 0.94676  step 0.0594  *
07:40:58     iter 286  obj 0.96901  best 0.96901  step 0.0594  *
07:41:03     iter 287  obj 0.66318  best 0.96901  step 0.0594
07:41:07     iter 288  obj 0.87767  best 0.96901  step 0.0594
07:41:12     iter 289  obj 1.06591  best 1.06591  step 0.0594  *
07:41:17     iter 290  obj 1.17927  best 1.17927  step 0.0594  *
07:41:22     iter 291  obj 1.09893  best 1.17927  step 0.0594
07:41:27     iter 292  obj 1.21116  best 1.21116  step 0.0594  *
07:41:32     iter 293  obj 1.23650  best 1.23650  step 0.0594  *
07:41:37     iter 294  obj 1.47259  best 1.47259  step 0.0594  *
07:41:42     iter 295  obj 1.18000  best 1.47259  step 0.0594
07:41:46     iter 296  obj 1.26381  best 1.47259  step 0.0594
07:41:51     iter 297  obj 1.59780  best 1.59780  step 0.0594  *
07:41:56     iter 298  obj 1.18930  best 1.59780  step 0.0594
07:42:01     iter 299  obj 1.49882  best 1.59780  step 0.0594
07:42:06     iter 300  obj 1.62063  best 1.62063  step 0.0594  *
07:42:11     iter 301  obj 1.66996  best 1.66996  step 0.0594  *
07:42:16     iter 302  obj 1.80496  best 1.80496  step 0.0594  *
07:42:20     iter 303  obj 1.19926  best 1.80496  step 0.0594
07:42:25     iter 304  obj 1.60896  best 1.80496  step 0.0594
07:42:30     iter 305  obj 1.60705  best 1.80496  step 0.0594
07:42:35     iter 306  obj 1.63640  best 1.80496  step 0.0594
07:42:40     iter 307  obj 1.68251  best 1.80496  step 0.0594
07:42:45     iter 308  obj 1.79341  best 1.80496  step 0.0594
07:42:50     iter 309  obj 1.37373  best 1.80496  step 0.0594
07:42:55     iter 310  obj 1.69192  best 1.80496  step 0.0594
07:42:59     iter 311  obj 1.98322  best 1.98322  step 0.0594  *
07:43:04     iter 312  obj 2.06895  best 2.06895  step 0.0594  *
07:43:09     iter 313  obj 2.09382  best 2.09382  step 0.0594  *
07:43:14     iter 314  obj 1.65709  best 2.09382  step 0.0594
07:43:19     iter 315  obj 2.15765  best 2.15765  step 0.0594  *
07:43:24     iter 316  obj 2.06583  best 2.15765  step 0.0594
07:43:29     iter 317  obj 2.06001  best 2.15765  step 0.0594
07:43:34     iter 318  obj 1.94025  best 2.15765  step 0.0594
07:43:38     iter 319  obj 2.16692  best 2.16692  step 0.0594  *
07:43:43     iter 320  obj 1.88584  best 2.16692  step 0.0297  halved
07:43:48     iter 321  obj 2.88574  best 2.88574  step 0.0297  *
07:43:53     iter 322  obj 2.80970  best 2.88574  step 0.0297
07:43:58     iter 323  obj 4.11677  best 4.11677  step 0.0297  *
07:44:03     iter 324  obj 4.30380  best 4.30380  step 0.0297  *
07:44:08     iter 325  obj 4.39958  best 4.39958  step 0.0297  *
07:44:13     iter 326  obj 6.06471  best 6.06471  step 0.0297  *
07:44:17     iter 327  obj 6.39600  best 6.39600  step 0.0297  *
07:44:22     iter 328  obj 6.23278  best 6.39600  step 0.0297
07:44:27     iter 329  obj 7.04886  best 7.04886  step 0.0297  *
07:44:32     iter 330  obj 7.19896  best 7.19896  step 0.0297  *
07:44:37     iter 331  obj 4.34762  best 7.19896  step 0.0297
07:44:42     iter 332  obj 7.27674  best 7.27674  step 0.0297  *
07:44:47     iter 333  obj 9.10508  best 9.10508  step 0.0297  *
07:44:52     iter 334  obj 6.85574  best 9.10508  step 0.0297
07:44:56     iter 335  obj 9.20575  best 9.20575  step 0.0297  *
07:45:01     iter 336  obj 9.12834  best 9.20575  step 0.0297
07:45:06     iter 337  obj 5.49136  best 9.20575  step 0.0297
07:45:11     iter 338  obj 9.05113  best 9.20575  step 0.0297
07:45:16     iter 339  obj 9.68404  best 9.68404  step 0.0297  *
07:45:21     iter 340  obj 9.63229  best 9.68404  step 0.0297
07:45:26     iter 341  obj 12.87000  best 12.87000  step 0.0297  *
07:45:31     iter 342  obj 13.13343  best 13.13343  step 0.0297  *
07:45:36     iter 343  obj 13.06301  best 13.13343  step 0.0297
07:45:40     iter 344  obj 11.14865  best 13.13343  step 0.0297
07:45:45     iter 345  obj 13.95587  best 13.95587  step 0.0297  *
07:45:50     iter 346  obj 10.88593  best 13.95587  step 0.0297
07:45:55     iter 347  obj 16.88118  best 16.88118  step 0.0297  *
07:46:00     iter 348  obj 16.96447  best 16.96447  step 0.0148  *  halved
07:46:05     iter 349  obj 18.04153  best 18.04153  step 0.0148  *
07:46:10     iter 350  obj 20.88524  best 20.88524  step 0.0148  *
07:46:15     iter 351  obj 17.91636  best 20.88524  step 0.0148
07:46:19     iter 352  obj 22.53870  best 22.53870  step 0.0148  *
07:46:24     iter 353  obj 22.57472  best 22.57472  step 0.0148  *
07:46:29     iter 354  obj 23.87530  best 23.87530  step 0.0148  *
07:46:34     iter 355  obj 23.79596  best 23.87530  step 0.0148
07:46:39     iter 356  obj 23.99164  best 23.99164  step 0.0148  *
07:46:44     iter 357  obj 23.86877  best 23.99164  step 0.0148
07:46:49     iter 358  obj 24.34587  best 24.34587  step 0.0148  *
07:46:54     iter 359  obj 23.68410  best 24.34587  step 0.0148
07:46:58     iter 360  obj 24.15740  best 24.34587  step 0.0148
07:47:03     iter 361  obj 20.87696  best 24.34587  step 0.0148
07:47:08     iter 362  obj 23.71291  best 24.34587  step 0.0148
07:47:13     iter 363  obj 24.57744  best 24.57744  step 0.0148  *
07:47:18     iter 364  obj 24.63219  best 24.63219  step 0.0148  *
07:47:23     iter 365  obj 24.18974  best 24.63219  step 0.0148
07:47:28     iter 366  obj 24.39986  best 24.63219  step 0.0148
07:47:33     iter 367  obj 24.81169  best 24.81169  step 0.0148  *
07:47:37     iter 368  obj 24.11730  best 24.81169  step 0.0148
07:47:42     iter 369  obj 24.97336  best 24.97336  step 0.0148  *
07:47:47     iter 370  obj 25.04120  best 25.04120  step 0.0148  *
07:47:52     iter 371  obj 24.63141  best 25.04120  step 0.0148
07:47:57     iter 372  obj 24.70311  best 25.04120  step 0.0074  halved
07:48:02     iter 373  obj 25.06265  best 25.06265  step 0.0074  *
07:48:07     iter 374  obj 25.07620  best 25.07620  step 0.0074  *
07:48:11     iter 375  obj 25.08780  best 25.08780  step 0.0074  *
07:48:16     iter 376  obj 25.11719  best 25.11719  step 0.0074  *
07:48:21     iter 377  obj 25.03716  best 25.11719  step 0.0074
07:48:26     iter 378  obj 25.12979  best 25.12979  step 0.0074  *
07:48:31     iter 379  obj 25.14838  best 25.14838  step 0.0074  *
07:48:36     iter 380  obj 25.16373  best 25.16373  step 0.0074  *
07:48:41     iter 381  obj 25.13760  best 25.16373  step 0.0074
07:48:45     iter 382  obj 25.17543  best 25.17543  step 0.0074  *
07:48:50     iter 383  obj 25.17503  best 25.17543  step 0.0074
07:48:55     iter 384  obj 24.87417  best 25.17543  step 0.0074
07:49:00     iter 385  obj 25.20090  best 25.20090  step 0.0074  *
07:49:05     iter 386  obj 25.19357  best 25.20090  step 0.0074
07:49:10     iter 387  obj 25.02250  best 25.20090  step 0.0074
07:49:15     iter 388  obj 25.15729  best 25.20090  step 0.0074
07:49:19     iter 389  obj 25.21074  best 25.21074  step 0.0074  *
07:49:24     iter 390  obj 25.14969  best 25.21074  step 0.0074
07:49:29     iter 391  obj 25.19106  best 25.21074  step 0.0074
07:49:34     iter 392  obj 25.19755  best 25.21074  step 0.0074
07:49:39     iter 393  obj 25.22565  best 25.22565  step 0.0074  *
07:49:44     iter 394  obj 24.97118  best 25.22565  step 0.0074
07:49:49     iter 395  obj 25.25898  best 25.25898  step 0.0074  *
07:49:53     iter 396  obj 25.18947  best 25.25898  step 0.0037  halved
07:49:58     iter 397  obj 25.28015  best 25.28015  step 0.0037  *
07:50:03     iter 398  obj 25.31951  best 25.31951  step 0.0037  *
07:50:08     iter 399  obj 25.30458  best 25.31951  step 0.0037
07:50:13     iter 400  obj 25.33623  best 25.33623  step 0.0037  *
07:50:14      poisoned ce=1.44860 auc=0.2411 acc=0.6030 f1=0.0615  dce=+1.23962 dacc=-0.3220  k=1500  [1955.9s]
07:50:14   mean over 1 trials: dce=+1.23962 dacc=-0.3220 dauc=-0.6383  -> results/niter_be/wids_wids_rs1_it400

