04:56:54 [x-capgd] datasets/wids/splits/selected/natural/context_5000.csv (5000x108) -> datasets/wids/splits/test_attack_1000.csv (1000 of 1000)  k=1500 (30.0%)  attack_class=None  grid 1x1  cuda:3
04:57:00   clean  ce=0.20899 auc=0.8795 acc=0.9250 f1=0.4361  max|dp| over 3 repeats=0.00e+00  chunking_exact=True  [5.2s]
04:57:00   constraints=full (31 relations, dataset 'wids')  scaler=metadata  mutable 108/108  int 60  cat 9
04:57:00   -- trial run0_sub0
04:57:05     iter   0  obj -0.18121  best -0.18121  step 0.9500
04:57:10     iter   1  obj -7.46687  best -0.18121  step 0.9500
04:57:15     iter   2  obj -0.08567  best -0.08567  step 0.9500  *
04:57:20     iter   3  obj -0.37519  best -0.08567  step 0.9500
04:57:25     iter   4  obj -0.44228  best -0.08567  step 0.9500
04:57:29     iter   5  obj -0.29771  best -0.08567  step 0.9500
04:57:34     iter   6  obj -0.96357  best -0.08567  step 0.9500
04:57:39     iter   7  obj -2.05664  best -0.08567  step 0.9500
04:57:44     iter   8  obj -0.27719  best -0.08567  step 0.9500
04:57:49     iter   9  obj -1.02458  best -0.08567  step 0.9500
04:57:54     iter  10  obj -0.33213  best -0.08567  step 0.9500
04:57:59     iter  11  obj -1.06869  best -0.08567  step 0.9500
04:58:04     iter  12  obj -0.74837  best -0.08567  step 0.9500
04:58:08     iter  13  obj -2.12257  best -0.08567  step 0.9500
04:58:13     iter  14  obj -0.35493  best -0.08567  step 0.9500
04:58:18     iter  15  obj -1.37472  best -0.08567  step 0.9500
04:58:23     iter  16  obj -0.67866  best -0.08567  step 0.9500
04:58:28     iter  17  obj -0.97014  best -0.08567  step 0.9500
04:58:33     iter  18  obj -0.55625  best -0.08567  step 0.9500
04:58:38     iter  19  obj -1.97403  best -0.08567  step 0.9500
04:58:43     iter  20  obj -0.57337  best -0.08567  step 0.9500
04:58:47     iter  21  obj -1.22974  best -0.08567  step 0.9500
04:58:52     iter  22  obj -0.53929  best -0.08567  step 0.4750  halved
04:58:57     iter  23  obj -6.80833  best -0.08567  step 0.4750
04:59:02     iter  24  obj -0.27330  best -0.08567  step 0.4750
04:59:07     iter  25  obj -0.08204  best -0.08204  step 0.4750  *
04:59:12     iter  26  obj -0.14057  best -0.08204  step 0.4750
04:59:17     iter  27  obj -0.95881  best -0.08204  step 0.4750
04:59:27     iter  28  obj -0.51059  best -0.08204  step 0.4750
04:59:37     iter  29  obj -0.90753  best -0.08204  step 0.4750
04:59:46     iter  30  obj -0.86538  best -0.08204  step 0.4750
04:59:51     iter  31  obj -0.88755  best -0.08204  step 0.4750
04:59:56     iter  32  obj -0.54020  best -0.08204  step 0.4750
05:00:01     iter  33  obj -0.67330  best -0.08204  step 0.4750
05:00:05     iter  34  obj -0.65134  best -0.08204  step 0.4750
05:00:10     iter  35  obj -0.68684  best -0.08204  step 0.4750
05:00:15     iter  36  obj -0.26426  best -0.08204  step 0.4750
05:00:20     iter  37  obj -0.95466  best -0.08204  step 0.4750
05:00:25     iter  38  obj -0.12082  best -0.08204  step 0.4750
05:00:30     iter  39  obj -0.87548  best -0.08204  step 0.4750
05:00:35     iter  40  obj -0.34792  best -0.08204  step 0.4750
05:00:40     iter  41  obj -0.81599  best -0.08204  step 0.2375  halved
05:00:44     iter  42  obj -1.98398  best -0.08204  step 0.2375
05:00:49     iter  43  obj -0.05732  best -0.05732  step 0.2375  *
05:00:54     iter  44  obj 0.03043  best 0.03043  step 0.2375  *
05:00:59     iter  45  obj -0.29145  best 0.03043  step 0.2375
05:01:04     iter  46  obj -0.09808  best 0.03043  step 0.2375
05:01:09     iter  47  obj -0.02203  best 0.03043  step 0.2375
05:01:14     iter  48  obj -0.13004  best 0.03043  step 0.2375
05:01:19     iter  49  obj -0.40991  best 0.03043  step 0.2375
05:01:24     iter  50  obj 0.02722  best 0.03043  step 0.2375
05:01:28     iter  51  obj 0.01866  best 0.03043  step 0.2375
05:01:33     iter  52  obj -0.50750  best 0.03043  step 0.2375
05:01:38     iter  53  obj 0.12297  best 0.12297  step 0.2375  *
05:01:43     iter  54  obj 0.09377  best 0.12297  step 0.2375
05:01:48     iter  55  obj 0.03820  best 0.12297  step 0.2375
05:01:53     iter  56  obj 0.09156  best 0.12297  step 0.2375
05:01:58     iter  57  obj 0.09043  best 0.12297  step 0.1188  halved
05:02:03     iter  58  obj -0.78726  best 0.12297  step 0.1188
05:02:08     iter  59  obj 0.20039  best 0.20039  step 0.1188  *
05:02:12     iter  60  obj 0.17525  best 0.20039  step 0.1188
05:02:17     iter  61  obj 0.21198  best 0.21198  step 0.1188  *
05:02:22     iter  62  obj 0.17802  best 0.21198  step 0.1188
05:02:27     iter  63  obj 0.24800  best 0.24800  step 0.1188  *
05:02:32     iter  64  obj 0.27306  best 0.27306  step 0.1188  *
05:02:37     iter  65  obj 0.24717  best 0.27306  step 0.1188
05:02:42     iter  66  obj 0.27384  best 0.27384  step 0.1188  *
05:02:47     iter  67  obj 0.29090  best 0.29090  step 0.1188  *
05:02:51     iter  68  obj 0.27413  best 0.29090  step 0.1188
05:02:56     iter  69  obj 0.24251  best 0.29090  step 0.1188
05:03:01     iter  70  obj 0.27162  best 0.29090  step 0.0594  halved
05:03:06     iter  71  obj 0.16597  best 0.29090  step 0.0594
05:03:11     iter  72  obj 0.36053  best 0.36053  step 0.0594  *
05:03:16     iter  73  obj 0.36209  best 0.36209  step 0.0594  *
05:03:21     iter  74  obj 0.38525  best 0.38525  step 0.0594  *
05:03:26     iter  75  obj 0.40553  best 0.40553  step 0.0594  *
05:03:31     iter  76  obj 0.50096  best 0.50096  step 0.0594  *
05:03:35     iter  77  obj 0.41916  best 0.50096  step 0.0594
05:03:40     iter  78  obj 0.54685  best 0.54685  step 0.0594  *
05:03:45     iter  79  obj 0.44915  best 0.54685  step 0.0594
05:03:50     iter  80  obj 0.38110  best 0.54685  step 0.0297  halved
05:03:55     iter  81  obj 0.55035  best 0.55035  step 0.0297  *
05:04:00     iter  82  obj 0.60738  best 0.60738  step 0.0297  *
05:04:05     iter  83  obj 0.65629  best 0.65629  step 0.0297  *
05:04:10     iter  84  obj 0.69094  best 0.69094  step 0.0297  *
05:04:14     iter  85  obj 0.79879  best 0.79879  step 0.0297  *
05:04:19     iter  86  obj 0.87012  best 0.87012  step 0.0297  *
05:04:24     iter  87  obj 0.98553  best 0.98553  step 0.0297  *
05:04:29     iter  88  obj 0.73360  best 0.98553  step 0.0297
05:04:34     iter  89  obj 0.84750  best 0.98553  step 0.0297
05:04:39     iter  90  obj 0.98218  best 0.98553  step 0.0297
05:04:44     iter  91  obj 1.03137  best 1.03137  step 0.0297  *
05:04:49     iter  92  obj 1.17315  best 1.17315  step 0.0297  *
05:04:53     iter  93  obj 1.16694  best 1.17315  step 0.0148  halved
05:04:58     iter  94  obj 1.30856  best 1.30856  step 0.0148  *
05:05:03     iter  95  obj 1.38649  best 1.38649  step 0.0148  *
05:05:08     iter  96  obj 1.43256  best 1.43256  step 0.0148  *
05:05:13     iter  97  obj 1.47932  best 1.47932  step 0.0148  *
05:05:18     iter  98  obj 1.44213  best 1.47932  step 0.0148
05:05:23     iter  99  obj 1.51318  best 1.51318  step 0.0148  *
05:05:28     iter 100  obj 1.54252  best 1.54252  step 0.0148  *
05:05:29      poisoned ce=0.65437 auc=0.4918 acc=0.8610 f1=0.0414  dce=+0.44538 dacc=-0.0640  k=1500  [508.7s]
05:05:29   mean over 1 trials: dce=+0.44538 dacc=-0.0640 dauc=-0.3877  -> results/niter_be/wids_wids_rs2_it100

