02:19:29 [x-capgd] datasets/lcld_v2/splits/selected/natural/context_5000.csv (5000x28) -> datasets/lcld_v2/splits/test_attack_1000.csv (1000 of 1000)  k=1500 (30.0%)  attack_class=None  grid 1x1  cuda:3
02:19:32   clean  ce=0.45462 auc=0.7155 acc=0.8060 f1=0.1339  max|dp| over 3 repeats=0.00e+00  chunking_exact=True  [1.8s]
02:19:33   constraints=box (0 relations, dataset 'lcld_v2')  scaler=metadata  mutable 14/28  int 10  cat 5
02:19:33   -- trial run0_sub0
02:19:34     iter   0  obj 0.45462  best 0.45462  step 0.9500
02:19:35     iter   1  obj 0.45494  best 0.45494  step 0.9500  *
02:19:36     iter   2  obj 0.46411  best 0.46411  step 0.9500  *
02:19:37     iter   3  obj 0.46758  best 0.46758  step 0.9500  *
02:19:38     iter   4  obj 0.46309  best 0.46758  step 0.9500
02:19:39     iter   5  obj 0.46693  best 0.46758  step 0.9500
02:19:40     iter   6  obj 0.46421  best 0.46758  step 0.9500
02:19:41     iter   7  obj 0.45959  best 0.46758  step 0.9500
02:19:42     iter   8  obj 0.46065  best 0.46758  step 0.9500
02:19:43     iter   9  obj 0.45769  best 0.46758  step 0.9500
02:19:44     iter  10  obj 0.46265  best 0.46758  step 0.9500
02:19:45     iter  11  obj 0.46717  best 0.46758  step 0.9500
02:19:46     iter  12  obj 0.46272  best 0.46758  step 0.9500
02:19:47     iter  13  obj 0.45938  best 0.46758  step 0.9500
02:19:48     iter  14  obj 0.46333  best 0.46758  step 0.9500
02:19:49     iter  15  obj 0.46031  best 0.46758  step 0.9500
02:19:50     iter  16  obj 0.46519  best 0.46758  step 0.9500
02:19:51     iter  17  obj 0.46441  best 0.46758  step 0.9500
02:19:53     iter  18  obj 0.46237  best 0.46758  step 0.9500
02:19:54     iter  19  obj 0.46759  best 0.46759  step 0.9500  *
02:19:55     iter  20  obj 0.47742  best 0.47742  step 0.9500  *
02:19:56     iter  21  obj 0.47244  best 0.47742  step 0.9500
02:19:57     iter  22  obj 0.45853  best 0.47742  step 0.4750  halved
02:19:58     iter  23  obj 0.48000  best 0.48000  step 0.4750  *
02:19:59     iter  24  obj 0.48744  best 0.48744  step 0.4750  *
02:20:00     iter  25  obj 0.48183  best 0.48744  step 0.4750
02:20:01     iter  26  obj 0.48702  best 0.48744  step 0.4750
02:20:02     iter  27  obj 0.47957  best 0.48744  step 0.4750
02:20:03     iter  28  obj 0.49440  best 0.49440  step 0.4750  *
02:20:04     iter  29  obj 0.48978  best 0.49440  step 0.4750
02:20:05     iter  30  obj 0.50564  best 0.50564  step 0.4750  *
02:20:06     iter  31  obj 0.45752  best 0.50564  step 0.4750
02:20:07     iter  32  obj 0.47918  best 0.50564  step 0.4750
02:20:08     iter  33  obj 0.46927  best 0.50564  step 0.4750
02:20:09     iter  34  obj 0.49018  best 0.50564  step 0.4750
02:20:10     iter  35  obj 0.47805  best 0.50564  step 0.4750
02:20:11     iter  36  obj 0.46731  best 0.50564  step 0.4750
02:20:12     iter  37  obj 0.48276  best 0.50564  step 0.4750
02:20:14     iter  38  obj 0.46903  best 0.50564  step 0.4750
02:20:15     iter  39  obj 0.49158  best 0.50564  step 0.4750
02:20:16     iter  40  obj 0.50853  best 0.50853  step 0.4750  *
02:20:17     iter  41  obj 0.52521  best 0.52521  step 0.2375  *  halved
02:20:18     iter  42  obj 0.48590  best 0.52521  step 0.2375
02:20:19     iter  43  obj 0.47296  best 0.52521  step 0.2375
02:20:20     iter  44  obj 0.48900  best 0.52521  step 0.2375
02:20:21     iter  45  obj 0.50958  best 0.52521  step 0.2375
02:20:22     iter  46  obj 0.53352  best 0.53352  step 0.2375  *
02:20:23     iter  47  obj 0.54287  best 0.54287  step 0.2375  *
02:20:24     iter  48  obj 0.47102  best 0.54287  step 0.2375
02:20:25     iter  49  obj 0.47682  best 0.54287  step 0.2375
02:20:26     iter  50  obj 0.50244  best 0.54287  step 0.2375
02:20:27     iter  51  obj 0.49474  best 0.54287  step 0.2375
02:20:28     iter  52  obj 0.52177  best 0.54287  step 0.2375
02:20:29     iter  53  obj 0.48965  best 0.54287  step 0.2375
02:20:30     iter  54  obj 0.52612  best 0.54287  step 0.2375
02:20:31     iter  55  obj 0.49495  best 0.54287  step 0.2375
02:20:32     iter  56  obj 0.49787  best 0.54287  step 0.2375
02:20:34     iter  57  obj 0.50987  best 0.54287  step 0.1187  halved
02:20:35     iter  58  obj 0.49970  best 0.54287  step 0.1187
02:20:36     iter  59  obj 0.52331  best 0.54287  step 0.1187
02:20:37     iter  60  obj 0.61782  best 0.61782  step 0.1187  *
02:20:38     iter  61  obj 0.56458  best 0.61782  step 0.1187
02:20:39     iter  62  obj 0.61319  best 0.61782  step 0.1187
02:20:40     iter  63  obj 0.57818  best 0.61782  step 0.1187
02:20:41     iter  64  obj 0.58061  best 0.61782  step 0.1187
02:20:42     iter  65  obj 0.64801  best 0.64801  step 0.1187  *
02:20:43     iter  66  obj 0.73576  best 0.73576  step 0.1187  *
02:20:44     iter  67  obj 0.48242  best 0.73576  step 0.1187
02:20:45     iter  68  obj 0.62809  best 0.73576  step 0.1187
02:20:46     iter  69  obj 0.53135  best 0.73576  step 0.1187
02:20:47     iter  70  obj 0.60719  best 0.73576  step 0.0594  halved
02:20:48     iter  71  obj 0.56409  best 0.73576  step 0.0594
02:20:49     iter  72  obj 0.72517  best 0.73576  step 0.0594
02:20:50     iter  73  obj 0.80673  best 0.80673  step 0.0594  *
02:20:51     iter  74  obj 0.82366  best 0.82366  step 0.0594  *
02:20:52     iter  75  obj 0.85268  best 0.85268  step 0.0594  *
02:20:53     iter  76  obj 0.77662  best 0.85268  step 0.0594
02:20:55     iter  77  obj 0.89455  best 0.89455  step 0.0594  *
02:20:56     iter  78  obj 0.84062  best 0.89455  step 0.0594
02:20:57     iter  79  obj 0.95317  best 0.95317  step 0.0594  *
02:20:58     iter  80  obj 1.01333  best 1.01333  step 0.0297  *  halved
02:20:59     iter  81  obj 1.01572  best 1.01572  step 0.0297  *
02:21:00     iter  82  obj 1.11101  best 1.11101  step 0.0297  *
02:21:01     iter  83  obj 1.06920  best 1.11101  step 0.0297
02:21:02     iter  84  obj 1.25913  best 1.25913  step 0.0297  *
02:21:03     iter  85  obj 1.21928  best 1.25913  step 0.0297
02:21:04     iter  86  obj 1.22668  best 1.25913  step 0.0297
02:21:05     iter  87  obj 1.21939  best 1.25913  step 0.0148  halved
02:21:06     iter  88  obj 1.25782  best 1.25913  step 0.0148
02:21:07     iter  89  obj 1.28051  best 1.28051  step 0.0148  *
02:21:08     iter  90  obj 1.33869  best 1.33869  step 0.0148  *
02:21:09     iter  91  obj 1.44141  best 1.44141  step 0.0148  *
02:21:10     iter  92  obj 1.47706  best 1.47706  step 0.0148  *
02:21:11     iter  93  obj 1.57351  best 1.57351  step 0.0148  *
02:21:12     iter  94  obj 1.59223  best 1.59223  step 0.0148  *
02:21:13     iter  95  obj 1.64783  best 1.64783  step 0.0148  *
02:21:14     iter  96  obj 1.54529  best 1.64783  step 0.0148
02:21:16     iter  97  obj 1.69731  best 1.69731  step 0.0148  *
02:21:17     iter  98  obj 1.70940  best 1.70940  step 0.0148  *
02:21:18     iter  99  obj 1.62857  best 1.70940  step 0.0074  halved
02:21:19     iter 100  obj 1.82135  best 1.82135  step 0.0074  *
02:21:19      poisoned ce=1.82136 auc=0.5613 acc=0.8040 f1=0.0101  dce=+1.36673 dacc=-0.0020  k=1500  [106.5s]
02:21:19   mean over 1 trials: dce=+1.36673 dacc=-0.0020 dauc=-0.1542  -> results/ablation_niter/lcld_v2_nat5000_box_it100
