04:05:58 [x-capgd] datasets/lcld_v2/splits/selected/natural/context_5000.csv (5000x28) -> datasets/lcld_v2/splits/test_attack_1000.csv (1000 of 1000)  k=1500 (30.0%)  attack_class=None  grid 1x1  cuda:1
04:06:03   clean  ce=0.45462 auc=0.7155 acc=0.8060 f1=0.1339  max|dp| over 3 repeats=0.00e+00  chunking_exact=True  [3.6s]
04:06:03   constraints=full (9 relations, dataset 'lcld_v2')  scaler=metadata  mutable 14/28  int 10  cat 5
04:06:03   -- trial run0_sub0
04:06:07     iter   0  obj 0.45188  best 0.45188  step 0.9500
04:06:11     iter   1  obj 0.39516  best 0.45188  step 0.9500
04:06:15     iter   2  obj 0.35389  best 0.45188  step 0.9500
04:06:19     iter   3  obj 0.02284  best 0.45188  step 0.9500
04:06:23     iter   4  obj -0.24797  best 0.45188  step 0.9500
04:06:27     iter   5  obj -0.31750  best 0.45188  step 0.9500
04:06:31     iter   6  obj -0.15275  best 0.45188  step 0.9500
04:06:35     iter   7  obj -0.38135  best 0.45188  step 0.9500
04:06:39     iter   8  obj -0.16359  best 0.45188  step 0.9500
04:06:43     iter   9  obj 0.08470  best 0.45188  step 0.9500
04:06:47     iter  10  obj -0.39009  best 0.45188  step 0.9500
04:06:51     iter  11  obj -0.05328  best 0.45188  step 0.9500
04:06:55     iter  12  obj -0.54025  best 0.45188  step 0.9500
04:06:59     iter  13  obj -0.07933  best 0.45188  step 0.9500
04:07:03     iter  14  obj -0.06819  best 0.45188  step 0.9500
04:07:07     iter  15  obj -0.91890  best 0.45188  step 0.9500
04:07:11     iter  16  obj 0.20731  best 0.45188  step 0.9500
04:07:15     iter  17  obj -0.12481  best 0.45188  step 0.9500
04:07:19     iter  18  obj -0.24384  best 0.45188  step 0.9500
04:07:23     iter  19  obj -0.05843  best 0.45188  step 0.9500
04:07:27     iter  20  obj -0.48628  best 0.45188  step 0.9500
04:07:31     iter  21  obj -0.34591  best 0.45188  step 0.9500
04:07:35     iter  22  obj 0.09453  best 0.45188  step 0.9500
04:07:39     iter  23  obj -0.40898  best 0.45188  step 0.9500
04:07:43     iter  24  obj -0.21028  best 0.45188  step 0.9500
04:07:47     iter  25  obj -0.54013  best 0.45188  step 0.9500
04:07:51     iter  26  obj -0.13498  best 0.45188  step 0.9500
04:07:55     iter  27  obj 0.16126  best 0.45188  step 0.9500
04:07:59     iter  28  obj -0.10499  best 0.45188  step 0.9500
04:08:03     iter  29  obj -0.23800  best 0.45188  step 0.9500
04:08:07     iter  30  obj -0.26057  best 0.45188  step 0.9500
04:08:11     iter  31  obj -0.22548  best 0.45188  step 0.9500
04:08:15     iter  32  obj -0.22706  best 0.45188  step 0.9500
04:08:19     iter  33  obj -0.33280  best 0.45188  step 0.9500
04:08:23     iter  34  obj 0.01890  best 0.45188  step 0.9500
04:08:27     iter  35  obj 0.01846  best 0.45188  step 0.9500
04:08:31     iter  36  obj 0.14864  best 0.45188  step 0.9500
04:08:35     iter  37  obj -0.42075  best 0.45188  step 0.9500
04:08:39     iter  38  obj -0.10194  best 0.45188  step 0.9500
04:08:42     iter  39  obj -0.31799  best 0.45188  step 0.9500
04:08:46     iter  40  obj -0.35733  best 0.45188  step 0.9500
04:08:51     iter  41  obj -0.38760  best 0.45188  step 0.9500
04:08:54     iter  42  obj -0.09546  best 0.45188  step 0.9500
04:08:58     iter  43  obj -0.15417  best 0.45188  step 0.9500
04:09:02     iter  44  obj -0.40826  best 0.45188  step 0.4750  halved
04:09:06     iter  45  obj 0.22789  best 0.45188  step 0.4750
04:09:10     iter  46  obj 0.39580  best 0.45188  step 0.4750
04:09:14     iter  47  obj 0.36128  best 0.45188  step 0.4750
04:09:18     iter  48  obj -0.07388  best 0.45188  step 0.4750
04:09:22     iter  49  obj -0.02017  best 0.45188  step 0.4750
04:09:26     iter  50  obj -0.26308  best 0.45188  step 0.4750
04:09:30     iter  51  obj -0.35000  best 0.45188  step 0.4750
04:09:34     iter  52  obj -0.41631  best 0.45188  step 0.4750
04:09:38     iter  53  obj -0.16846  best 0.45188  step 0.4750
04:09:42     iter  54  obj 0.10128  best 0.45188  step 0.4750
04:09:46     iter  55  obj 0.19850  best 0.45188  step 0.4750
04:09:50     iter  56  obj 0.17896  best 0.45188  step 0.4750
04:09:54     iter  57  obj -0.00261  best 0.45188  step 0.4750
04:09:58     iter  58  obj 0.26478  best 0.45188  step 0.4750
04:10:02     iter  59  obj 0.08769  best 0.45188  step 0.4750
04:10:06     iter  60  obj 0.00358  best 0.45188  step 0.4750
04:10:10     iter  61  obj 0.03204  best 0.45188  step 0.4750
04:10:14     iter  62  obj -0.43161  best 0.45188  step 0.4750
04:10:18     iter  63  obj -0.43362  best 0.45188  step 0.4750
04:10:22     iter  64  obj -0.31817  best 0.45188  step 0.4750
04:10:26     iter  65  obj 0.23196  best 0.45188  step 0.4750
04:10:30     iter  66  obj -0.01763  best 0.45188  step 0.4750
04:10:34     iter  67  obj -0.22538  best 0.45188  step 0.4750
04:10:38     iter  68  obj -0.12826  best 0.45188  step 0.4750
04:10:42     iter  69  obj 0.06239  best 0.45188  step 0.4750
04:10:46     iter  70  obj -0.20104  best 0.45188  step 0.4750
04:10:50     iter  71  obj 0.14618  best 0.45188  step 0.4750
04:10:54     iter  72  obj -0.65427  best 0.45188  step 0.4750
04:10:58     iter  73  obj 0.01345  best 0.45188  step 0.4750
04:11:02     iter  74  obj -0.03159  best 0.45188  step 0.4750
04:11:06     iter  75  obj 0.06223  best 0.45188  step 0.4750
04:11:10     iter  76  obj 0.10916  best 0.45188  step 0.4750
04:11:14     iter  77  obj -0.31564  best 0.45188  step 0.4750
04:11:18     iter  78  obj -0.09782  best 0.45188  step 0.4750
04:11:22     iter  79  obj -0.24123  best 0.45188  step 0.4750
04:11:26     iter  80  obj 0.02527  best 0.45188  step 0.4750
04:11:30     iter  81  obj -0.17415  best 0.45188  step 0.4750
04:11:34     iter  82  obj 0.22972  best 0.45188  step 0.2375  halved
04:11:38     iter  83  obj 0.22458  best 0.45188  step 0.2375
04:11:42     iter  84  obj 0.44382  best 0.45188  step 0.2375
04:11:45     iter  85  obj 0.40792  best 0.45188  step 0.2375
04:11:50     iter  86  obj 0.32523  best 0.45188  step 0.2375
04:11:54     iter  87  obj 0.17748  best 0.45188  step 0.2375
04:11:57     iter  88  obj 0.25566  best 0.45188  step 0.2375
04:12:01     iter  89  obj 0.24804  best 0.45188  step 0.2375
04:12:06     iter  90  obj 0.05516  best 0.45188  step 0.2375
04:12:09     iter  91  obj 0.23157  best 0.45188  step 0.2375
04:12:13     iter  92  obj 0.10364  best 0.45188  step 0.2375
04:12:15     iter  93  obj 0.34708  best 0.45188  step 0.2375
04:12:17     iter  94  obj 0.00523  best 0.45188  step 0.2375
04:12:19     iter  95  obj 0.15167  best 0.45188  step 0.2375
04:12:22     iter  96  obj 0.32618  best 0.45188  step 0.2375
04:12:26     iter  97  obj 0.31906  best 0.45188  step 0.2375
04:12:30     iter  98  obj 0.38174  best 0.45188  step 0.2375
04:12:34     iter  99  obj 0.28173  best 0.45188  step 0.2375
04:12:38     iter 100  obj 0.19213  best 0.45188  step 0.2375
04:12:42     iter 101  obj 0.28448  best 0.45188  step 0.2375
04:12:46     iter 102  obj 0.32052  best 0.45188  step 0.2375
04:12:50     iter 103  obj 0.37490  best 0.45188  step 0.2375
04:12:54     iter 104  obj 0.26305  best 0.45188  step 0.2375
04:12:58     iter 105  obj 0.32638  best 0.45188  step 0.2375
04:13:02     iter 106  obj 0.34872  best 0.45188  step 0.2375
04:13:06     iter 107  obj 0.16795  best 0.45188  step 0.2375
04:13:09     iter 108  obj 0.26476  best 0.45188  step 0.2375
04:13:14     iter 109  obj 0.28074  best 0.45188  step 0.2375
04:13:18     iter 110  obj 0.20244  best 0.45188  step 0.2375
04:13:21     iter 111  obj 0.30395  best 0.45188  step 0.2375
04:13:25     iter 112  obj 0.27455  best 0.45188  step 0.2375
04:13:30     iter 113  obj 0.32104  best 0.45188  step 0.2375
04:13:33     iter 114  obj 0.30653  best 0.45188  step 0.1187  halved
04:13:37     iter 115  obj 0.38465  best 0.45188  step 0.1187
04:13:41     iter 116  obj 0.45399  best 0.45399  step 0.1187  *
04:13:45     iter 117  obj 0.45064  best 0.45399  step 0.1187
04:13:49     iter 118  obj 0.45417  best 0.45417  step 0.1187  *
04:13:53     iter 119  obj 0.44315  best 0.45417  step 0.1187
04:13:57     iter 120  obj 0.45619  best 0.45619  step 0.1187  *
04:14:01     iter 121  obj 0.44160  best 0.45619  step 0.1187
04:14:05     iter 122  obj 0.29112  best 0.45619  step 0.1187
04:14:09     iter 123  obj 0.42946  best 0.45619  step 0.1187
04:14:13     iter 124  obj 0.42305  best 0.45619  step 0.1187
04:14:17     iter 125  obj 0.40937  best 0.45619  step 0.1187
04:14:21     iter 126  obj 0.43552  best 0.45619  step 0.1187
04:14:25     iter 127  obj 0.38020  best 0.45619  step 0.1187
04:14:29     iter 128  obj 0.45929  best 0.45929  step 0.1187  *
04:14:33     iter 129  obj 0.39771  best 0.45929  step 0.1187
04:14:37     iter 130  obj 0.33800  best 0.45929  step 0.1187
04:14:41     iter 131  obj 0.41931  best 0.45929  step 0.1187
04:14:45     iter 132  obj 0.37208  best 0.45929  step 0.1187
04:14:49     iter 133  obj 0.32859  best 0.45929  step 0.1187
04:14:53     iter 134  obj 0.24415  best 0.45929  step 0.1187
