02:12:29 [x-capgd] datasets/url_unique/splits/selected/natural/context_5000.csv (5000x63) -> datasets/url_unique/splits/test_attack_1000.csv (1000 of 1000)  k=1500 (30.0%)  attack_class=None  grid 1x1  cuda:1
02:12:34   clean  ce=0.09328 auc=0.9935 acc=0.9650 f1=0.9644  max|dp| over 3 repeats=0.00e+00  chunking_exact=True  [3.2s]
02:12:34   constraints=full (14 relations, dataset 'url_unique')  scaler=metadata  mutable 63/63  int 58  cat 0
02:12:34   -- trial run0_sub0
02:12:36     iter   0  obj 0.09328  best 0.09328  step 0.9500
02:12:38     iter   1  obj -4.27485  best 0.09328  step 0.9500
02:12:40     iter   2  obj -0.13605  best 0.09328  step 0.9500
02:12:43     iter   3  obj -0.20143  best 0.09328  step 0.9500
02:12:45     iter   4  obj -0.28641  best 0.09328  step 0.9500
02:12:47     iter   5  obj -0.57724  best 0.09328  step 0.9500
02:12:49     iter   6  obj -0.42407  best 0.09328  step 0.9500
02:12:51     iter   7  obj -1.12909  best 0.09328  step 0.9500
02:12:54     iter   8  obj -0.80695  best 0.09328  step 0.9500
02:12:56     iter   9  obj -0.42476  best 0.09328  step 0.9500
02:12:58     iter  10  obj -0.52015  best 0.09328  step 0.9500
02:13:00     iter  11  obj -0.31952  best 0.09328  step 0.4750  halved
02:13:02     iter  12  obj -4.41481  best 0.09328  step 0.4750
02:13:05     iter  13  obj -0.60306  best 0.09328  step 0.4750
02:13:07     iter  14  obj -0.18441  best 0.09328  step 0.4750
02:13:09     iter  15  obj -0.10209  best 0.09328  step 0.4750
02:13:11     iter  16  obj -0.21770  best 0.09328  step 0.4750
02:13:13     iter  17  obj -0.18543  best 0.09328  step 0.4750
02:13:16     iter  18  obj -0.15431  best 0.09328  step 0.4750
02:13:18     iter  19  obj -0.21867  best 0.09328  step 0.4750
02:13:20     iter  20  obj -0.11325  best 0.09328  step 0.4750
02:13:22     iter  21  obj -0.07392  best 0.09328  step 0.2375  halved
02:13:24     iter  22  obj -4.09105  best 0.09328  step 0.2375
02:13:26     iter  23  obj -0.20785  best 0.09328  step 0.2375
02:13:29     iter  24  obj -0.04975  best 0.09328  step 0.2375
02:13:31     iter  25  obj -0.00684  best 0.09328  step 0.2375
02:13:33     iter  26  obj 0.01354  best 0.09328  step 0.2375
02:13:35     iter  27  obj 0.00536  best 0.09328  step 0.2375
02:13:37     iter  28  obj 0.00635  best 0.09328  step 0.2375
02:13:40     iter  29  obj -0.05937  best 0.09328  step 0.2375
02:13:42     iter  30  obj -0.15144  best 0.09328  step 0.1188  halved
02:13:44     iter  31  obj -5.09962  best 0.09328  step 0.1188
02:13:46     iter  32  obj 0.02045  best 0.09328  step 0.1188
02:13:48     iter  33  obj 0.05905  best 0.09328  step 0.1188
02:13:51     iter  34  obj 0.08848  best 0.09328  step 0.1188
02:13:53     iter  35  obj 0.02960  best 0.09328  step 0.1188
02:13:55     iter  36  obj 0.02865  best 0.09328  step 0.1188
02:13:57     iter  37  obj 0.09524  best 0.09524  step 0.1188  *
02:13:59     iter  38  obj 0.08682  best 0.09524  step 0.0594  halved
02:14:02     iter  39  obj 0.11663  best 0.11663  step 0.0594  *
02:14:04     iter  40  obj 0.10624  best 0.11663  step 0.0594
02:14:06     iter  41  obj 0.13385  best 0.13385  step 0.0594  *
02:14:08     iter  42  obj 0.11658  best 0.13385  step 0.0594
02:14:10     iter  43  obj 0.19609  best 0.19609  step 0.0594  *
02:14:13     iter  44  obj 0.24325  best 0.24325  step 0.0594  *
02:14:15     iter  45  obj 0.23913  best 0.24325  step 0.0297  halved
02:14:17     iter  46  obj 0.35226  best 0.35226  step 0.0297  *
02:14:19     iter  47  obj 0.41515  best 0.41515  step 0.0297  *
02:14:21     iter  48  obj 0.42215  best 0.42215  step 0.0297  *
02:14:24     iter  49  obj 0.39210  best 0.42215  step 0.0297
02:14:26     iter  50  obj 0.51315  best 0.51315  step 0.0297  *
02:14:26      poisoned ce=0.12156 auc=0.9918 acc=0.9610 f1=0.9611  dce=+0.02828 dacc=-0.0040  k=1500  [112.6s]
02:14:26   mean over 1 trials: dce=+0.02828 dacc=-0.0040 dauc=-0.0017  -> results/ablation_niter/url_unique_nat5000_full_it50
