14:46:52 [x-capgd] datasets/lcld_v2/splits/selected/natural/context_5000.csv (5000x28) -> datasets/lcld_v2/splits/test_attack_1000.csv (1000 of 1000)  k=1500 (30.0%)  attack_class=None  grid 1x1  cuda:1
14:46:55   clean  ce=0.45462 auc=0.7155 acc=0.8060 f1=0.1339  max|dp| over 3 repeats=0.00e+00  chunking_exact=True  [1.8s]
14:46:55   constraints=full (9 relations, dataset 'lcld_v2')  scaler=metadata  mutable 14/28  int 10  cat 5
14:46:55   -- trial run0_sub0
14:46:56     iter   0  obj 0.45457  best 0.45457  step 0.9500
14:46:58     iter   1  obj 0.37820  best 0.45457  step 0.9500
14:46:59     iter   2  obj 0.39812  best 0.45457  step 0.9500
14:47:00     iter   3  obj 0.30266  best 0.45457  step 0.9500
14:47:01     iter   4  obj 0.12537  best 0.45457  step 0.9500
14:47:02     iter   5  obj 0.16847  best 0.45457  step 0.4750  halved
14:47:03     iter   6  obj 0.24050  best 0.45457  step 0.4750
14:47:04     iter   7  obj 0.43497  best 0.45457  step 0.4750
14:47:05     iter   8  obj 0.35877  best 0.45457  step 0.4750
14:47:06     iter   9  obj 0.02616  best 0.45457  step 0.2375  halved
14:47:07     iter  10  obj 0.31934  best 0.45457  step 0.2375
14:47:08     iter  11  obj 0.44205  best 0.45457  step 0.2375
14:47:09     iter  12  obj 0.42987  best 0.45457  step 0.1187  halved
14:47:11     iter  13  obj 0.40150  best 0.45457  step 0.1187
14:47:12     iter  14  obj 0.45249  best 0.45457  step 0.0594  halved
14:47:13     iter  15  obj 0.46088  best 0.46088  step 0.0594  *
14:47:14     iter  16  obj 0.46884  best 0.46884  step 0.0594  *
14:47:15     iter  17  obj 0.47061  best 0.47061  step 0.0594  *
14:47:16     iter  18  obj 0.46565  best 0.47061  step 0.0297  halved
14:47:17     iter  19  obj 0.47539  best 0.47539  step 0.0297  *
14:47:18     iter  20  obj 0.47025  best 0.47539  step 0.0148  halved
14:47:19     iter  21  obj 0.47416  best 0.47539  step 0.0148
14:47:20     iter  22  obj 0.48713  best 0.48713  step 0.0148  *
14:47:21     iter  23  obj 0.48623  best 0.48713  step 0.0074  halved
14:47:22     iter  24  obj 0.49530  best 0.49530  step 0.0074  *
14:47:24     iter  25  obj 0.51879  best 0.51879  step 0.0074  *
14:47:24      poisoned ce=0.49120 auc=0.6854 acc=0.7950 f1=0.0284  dce=+0.03658 dacc=-0.0110  k=1500  [29.1s]
14:47:24   mean over 1 trials: dce=+0.03658 dacc=-0.0110 dauc=-0.0301  -> results/niter_sweep_final/lcld_v2_rs3_it25
