04:17:12 [x-capgd] datasets/lcld_v2/splits/selected/natural/context_5000.csv (5000x28) -> datasets/lcld_v2/splits/test_attack_1000.csv (1000 of 1000)  k=1500 (30.0%)  attack_class=None  grid 1x1  cuda:1
04:17:14   clean  ce=0.45462 auc=0.7155 acc=0.8060 f1=0.1339  max|dp| over 3 repeats=0.00e+00  chunking_exact=True  [1.8s]
04:17:15   constraints=full (9 relations, dataset 'lcld_v2')  scaler=metadata  mutable 14/28  int 10  cat 5
04:17:15   -- trial run0_sub0
04:17:16     iter   0  obj 0.45189  best 0.45189  step 0.9500
04:17:17     iter   1  obj 0.33697  best 0.45189  step 0.9500
04:17:18     iter   2  obj 0.36715  best 0.45189  step 0.9500
04:17:19     iter   3  obj 0.27286  best 0.45189  step 0.9500
04:17:20     iter   4  obj -0.31851  best 0.45189  step 0.9500
04:17:21     iter   5  obj -0.37596  best 0.45189  step 0.9500
04:17:22     iter   6  obj -0.33160  best 0.45189  step 0.9500
04:17:23     iter   7  obj -0.06322  best 0.45189  step 0.9500
04:17:24     iter   8  obj 0.00359  best 0.45189  step 0.9500
04:17:25     iter   9  obj -0.13045  best 0.45189  step 0.9500
04:17:26     iter  10  obj -0.50368  best 0.45189  step 0.9500
04:17:27     iter  11  obj -0.24854  best 0.45189  step 0.9500
04:17:28     iter  12  obj 0.10950  best 0.45189  step 0.9500
04:17:29     iter  13  obj 0.13178  best 0.45189  step 0.9500
04:17:31     iter  14  obj -0.02881  best 0.45189  step 0.9500
04:17:32     iter  15  obj -0.32400  best 0.45189  step 0.9500
04:17:33     iter  16  obj -0.41733  best 0.45189  step 0.9500
04:17:34     iter  17  obj -0.35788  best 0.45189  step 0.9500
04:17:35     iter  18  obj -0.03112  best 0.45189  step 0.9500
04:17:36     iter  19  obj -0.02233  best 0.45189  step 0.9500
04:17:37     iter  20  obj -0.11624  best 0.45189  step 0.9500
04:17:38     iter  21  obj -0.37019  best 0.45189  step 0.9500
04:17:39     iter  22  obj -0.31479  best 0.45189  step 0.4750  halved
04:17:40     iter  23  obj 0.20412  best 0.45189  step 0.4750
04:17:41     iter  24  obj 0.32739  best 0.45189  step 0.4750
04:17:42     iter  25  obj 0.17468  best 0.45189  step 0.4750
04:17:43     iter  26  obj 0.00528  best 0.45189  step 0.4750
04:17:44     iter  27  obj 0.07196  best 0.45189  step 0.4750
04:17:45     iter  28  obj -0.13790  best 0.45189  step 0.4750
04:17:46     iter  29  obj -0.40031  best 0.45189  step 0.4750
04:17:47     iter  30  obj 0.03161  best 0.45189  step 0.4750
04:17:48     iter  31  obj -1.18225  best 0.45189  step 0.4750
04:17:49     iter  32  obj 0.07391  best 0.45189  step 0.4750
04:17:50     iter  33  obj 0.01155  best 0.45189  step 0.4750
04:17:51     iter  34  obj 0.15727  best 0.45189  step 0.4750
04:17:53     iter  35  obj 0.10664  best 0.45189  step 0.4750
04:17:54     iter  36  obj 0.02870  best 0.45189  step 0.4750
04:17:55     iter  37  obj 0.02830  best 0.45189  step 0.4750
04:17:56     iter  38  obj 0.05136  best 0.45189  step 0.4750
04:17:57     iter  39  obj -0.11057  best 0.45189  step 0.4750
04:17:58     iter  40  obj 0.01107  best 0.45189  step 0.4750
04:17:59     iter  41  obj -0.40127  best 0.45189  step 0.2375  halved
04:18:00     iter  42  obj 0.25916  best 0.45189  step 0.2375
04:18:01     iter  43  obj 0.42797  best 0.45189  step 0.2375
04:18:02     iter  44  obj 0.45569  best 0.45569  step 0.2375  *
04:18:03     iter  45  obj 0.40018  best 0.45569  step 0.2375
04:18:04     iter  46  obj 0.15957  best 0.45569  step 0.2375
04:18:05     iter  47  obj 0.04965  best 0.45569  step 0.2375
04:18:06     iter  48  obj 0.28770  best 0.45569  step 0.2375
04:18:07     iter  49  obj 0.20037  best 0.45569  step 0.2375
04:18:08     iter  50  obj 0.15860  best 0.45569  step 0.2375
04:18:09     iter  51  obj 0.35197  best 0.45569  step 0.2375
04:18:10     iter  52  obj 0.23151  best 0.45569  step 0.2375
04:18:11     iter  53  obj 0.01456  best 0.45569  step 0.2375
04:18:12     iter  54  obj 0.23895  best 0.45569  step 0.2375
04:18:13     iter  55  obj 0.32129  best 0.45569  step 0.2375
04:18:15     iter  56  obj 0.23591  best 0.45569  step 0.2375
04:18:16     iter  57  obj 0.13010  best 0.45569  step 0.1187  halved
04:18:17     iter  58  obj 0.36445  best 0.45569  step 0.1187
04:18:18     iter  59  obj 0.42006  best 0.45569  step 0.1187
04:18:19     iter  60  obj 0.41341  best 0.45569  step 0.1187
04:18:20     iter  61  obj 0.44571  best 0.45569  step 0.1187
04:18:21     iter  62  obj 0.44507  best 0.45569  step 0.1187
04:18:22     iter  63  obj 0.40883  best 0.45569  step 0.1187
04:18:23     iter  64  obj 0.44578  best 0.45569  step 0.1187
04:18:24     iter  65  obj 0.42053  best 0.45569  step 0.1187
04:18:25     iter  66  obj 0.45606  best 0.45606  step 0.1187  *
04:18:26     iter  67  obj 0.40369  best 0.45606  step 0.1187
04:18:27     iter  68  obj 0.43664  best 0.45606  step 0.1187
04:18:28     iter  69  obj 0.43678  best 0.45606  step 0.1187
04:18:29     iter  70  obj 0.42920  best 0.45606  step 0.0594  halved
04:18:30     iter  71  obj 0.41862  best 0.45606  step 0.0594
04:18:31     iter  72  obj 0.46708  best 0.46708  step 0.0594  *
04:18:32     iter  73  obj 0.46373  best 0.46708  step 0.0594
04:18:33     iter  74  obj 0.45028  best 0.46708  step 0.0594
04:18:34     iter  75  obj 0.46527  best 0.46708  step 0.0594
04:18:35     iter  76  obj 0.48986  best 0.48986  step 0.0594  *
04:18:37     iter  77  obj 0.49393  best 0.49393  step 0.0594  *
04:18:38     iter  78  obj 0.46854  best 0.49393  step 0.0594
04:18:39     iter  79  obj 0.49859  best 0.49859  step 0.0594  *
04:18:40     iter  80  obj 0.45885  best 0.49859  step 0.0297  halved
04:18:41     iter  81  obj 0.48133  best 0.49859  step 0.0297
04:18:42     iter  82  obj 0.49268  best 0.49859  step 0.0297
04:18:43     iter  83  obj 0.49708  best 0.49859  step 0.0297
04:18:44     iter  84  obj 0.52398  best 0.52398  step 0.0297  *
04:18:45     iter  85  obj 0.51089  best 0.52398  step 0.0297
04:18:46     iter  86  obj 0.50798  best 0.52398  step 0.0297
04:18:47     iter  87  obj 0.54590  best 0.54590  step 0.0148  *  halved
04:18:48     iter  88  obj 0.54249  best 0.54590  step 0.0148
04:18:49     iter  89  obj 0.58119  best 0.58119  step 0.0148  *
04:18:50     iter  90  obj 0.53105  best 0.58119  step 0.0148
04:18:51     iter  91  obj 0.57092  best 0.58119  step 0.0148
04:18:52     iter  92  obj 0.65077  best 0.65077  step 0.0148  *
04:18:53     iter  93  obj 0.59480  best 0.65077  step 0.0074  halved
04:18:54     iter  94  obj 0.59282  best 0.65077  step 0.0074
04:18:55     iter  95  obj 0.66025  best 0.66025  step 0.0074  *
04:18:56     iter  96  obj 0.63194  best 0.66025  step 0.0074
04:18:57     iter  97  obj 0.53016  best 0.66025  step 0.0074
04:18:59     iter  98  obj 0.70909  best 0.70909  step 0.0074  *
04:19:00     iter  99  obj 0.70202  best 0.70909  step 0.0037  halved
04:19:01     iter 100  obj 0.72929  best 0.72929  step 0.0037  *
04:19:01      poisoned ce=0.59684 auc=0.5989 acc=0.7790 f1=0.0905  dce=+0.14222 dacc=-0.0270  k=1500  [106.3s]
04:19:01   mean over 1 trials: dce=+0.14222 dacc=-0.0270 dauc=-0.1166  -> results/niter_be/lcld_v2_lcld_rs2_it100
