14:59:04 xgboost: train=/home/ssn899/Desktop/TabFM/datasets/lcld_v2/splits/selected/natural/context_5000.csv (5000 rows)  test=/home/ssn899/Desktop/TabFM/datasets/lcld_v2/splits/test_attack_1000.csv (1000 rows)  target=charged_off  drop=('issue_d',)
14:59:04 rebuilt 5 per-run-best contexts from /home/ssn899/Desktop/TabFM/results/main_experiments/lcld_v2/x-capgd_random_r064: run0_sub0, run1_sub0, run2_sub1, run3_sub0, run4_sub1  (attack=x-capgd, R=64.0%, k=3200)
14:59:04 clean val=/home/ssn899/Desktop/TabFM/datasets/lcld_v2/splits/val_2000.csv (2000 rows)
14:59:04 
== protocol A: validation is an internal split of the given context (poisoned when the context is)
14:59:04     clean baseline: 5 fits reused from /home/ssn899/Desktop/TabFM/results/xgb_transfer/_clean_cache/clean_30e6ec053d00aa31b9937449.json
14:59:04     poisoned (5 contexts)
14:59:04     -- run0_sub0
14:59:30       seed 0: ce=0.50284 acc=0.7960 bacc=0.5263 mcc=0.1080 (iters=69, 26s)
14:59:30     -- run1_sub0
14:59:51       seed 1: ce=0.50689 acc=0.7890 bacc=0.5200 mcc=0.0776 (iters=327, 21s)
14:59:51     -- run2_sub1
15:00:12       seed 2: ce=0.50736 acc=0.7920 bacc=0.5142 mcc=0.0633 (iters=354, 21s)
15:00:12     -- run3_sub0
15:00:35       seed 3: ce=0.51130 acc=0.8000 bacc=0.5230 mcc=0.1092 (iters=533, 23s)
15:00:35     -- run4_sub1
15:00:59       seed 4: ce=0.53838 acc=0.7740 bacc=0.5107 mcc=0.0360 (iters=463, 25s)
15:00:59 
  protocol A -- validation is an internal split of the given context (poisoned when the context is)
15:00:59     metric                          clean          poisoned             delta      rel% |          TabPFN d  TabPFN rel%  transfer%
15:01:00     -------------------------------------------------------------------------------------------------------------------------------
15:01:00     ce                    0.4521 ± 0.0011   0.5134 ± 0.0128  +0.0612 ± 0.0131     +13.5 |  +0.3335 ± 0.1612        +73.4        +18
15:01:00     accuracy              0.8038 ± 0.0007   0.7902 ± 0.0089  -0.0136 ± 0.0091      -1.7 |  -0.0378 ± 0.0177         -4.7        +36
15:01:00     balanced_accuracy     0.5066 ± 0.0045   0.5188 ± 0.0057  +0.0122 ± 0.0076      +2.4 |  -0.0343 ± 0.0113         -6.5        -36
15:01:00     mcc                   0.0638 ± 0.0336   0.0788 ± 0.0277  +0.0150 ± 0.0527    ~+23.5 |  -0.1587 ± 0.0380       -105.7         -9
15:01:00     roc_auc               0.7107 ± 0.0015   0.6319 ± 0.0157  -0.0788 ± 0.0165     -11.1 |  -0.2236 ± 0.0392        -31.3        +35
15:01:00     f1                    0.0311 ± 0.0219   0.1176 ± 0.0131  +0.0865 ± 0.0246   ~+278.2 |  -0.0593 ± 0.0202       ~-44.3       -146
15:01:00     transfer% = XGBoost delta / TabPFNv2 delta; 100 means the poison hurts both equally.
15:01:00     '~' marks a ratio whose denominator is near zero or inside its own spread -- read the absolute columns there.
15:01:00 
== protocol B: validation is the separate clean --val file
15:01:00     clean baseline: 5 fits reused from /home/ssn899/Desktop/TabFM/results/xgb_transfer/_clean_cache/clean_513785100e13fff7394bccd6.json
15:01:00     poisoned (5 contexts)
15:01:00     -- run0_sub0
15:01:08       seed 0: ce=0.46443 acc=0.8020 bacc=0.5013 mcc=0.0188 (iters=37, 8s)
15:01:08     -- run1_sub0
15:01:19       seed 1: ce=0.46382 acc=0.8040 bacc=0.5025 mcc=0.0639 (iters=177, 11s)
15:01:19     -- run2_sub1
15:01:30       seed 2: ce=0.46490 acc=0.8030 bacc=0.5000 mcc=0.0000 (iters=140, 11s)
15:01:30     -- run3_sub0
15:01:38       seed 3: ce=0.45739 acc=0.8020 bacc=0.5013 mcc=0.0188 (iters=20, 8s)
15:01:38     -- run4_sub1
15:01:50       seed 4: ce=0.46319 acc=0.8030 bacc=0.5000 mcc=0.0000 (iters=291, 11s)
15:01:50 
  protocol B -- validation is the separate clean --val file
15:01:50     metric                          clean          poisoned             delta      rel% |          TabPFN d  TabPFN rel%  transfer%
15:01:50     -------------------------------------------------------------------------------------------------------------------------------
15:01:50     ce                    0.4516 ± 0.0024   0.4627 ± 0.0027  +0.0111 ± 0.0035      +2.5 |  +0.3335 ± 0.1612        +73.4         +3
15:01:50     accuracy              0.8034 ± 0.0010   0.8028 ± 0.0007  -0.0006 ± 0.0015      -0.1 |  -0.0378 ± 0.0177         -4.7         +2
15:01:50     balanced_accuracy     0.5106 ± 0.0051   0.5010 ± 0.0010  -0.0096 ± 0.0057      -1.9 |  -0.0343 ± 0.0113         -6.5        +28
15:01:50     mcc                   0.0817 ± 0.0208   0.0203 ± 0.0234  -0.0614 ± 0.0375    ~-75.1 |  -0.1587 ± 0.0380       -105.7        +39
15:01:50     roc_auc               0.7127 ± 0.0057   0.6890 ± 0.0071  -0.0237 ± 0.0076      -3.3 |  -0.2236 ± 0.0392        -31.3        +11
15:01:50     f1                    0.0515 ± 0.0237   0.0060 ± 0.0049  -0.0455 ± 0.0279    ~-88.3 |  -0.0593 ± 0.0202       ~-44.3        +77
15:01:50     transfer% = XGBoost delta / TabPFNv2 delta; 100 means the poison hurts both equally.
15:01:50     '~' marks a ratio whose denominator is near zero or inside its own spread -- read the absolute columns there.
15:01:50 
wrote /home/ssn899/Desktop/TabFM/results/xgb_transfer/lcld_v2/x-capgd_random_r064/summary.json
