22:18:12 [x-capgd] /home/ssn899/Desktop/TabFM/datasets/lcld_v2/splits/selected/natural/context_5000.csv (5000x28) -> /home/ssn899/Desktop/TabFM/datasets/lcld_v2/splits/test_attack_1000.csv (1000 of 1000)  k=200 (4.0%)  attack_class=None  grid 5x3  cuda:0
22:18:15   clean  ce=0.45462 auc=0.7155 acc=0.8060 f1=0.1339  max|dp| over 3 repeats=0.00e+00  chunking_exact=True  [1.8s]
22:18:15   constraints=full (9 relations, dataset 'lcld_v2')  scaler=metadata  mutable 14/28  int 10  cat 5
22:18:15   -- trial run0_sub0
22:18:16     iter   0  obj 0.45458  best 0.45458  step 0.9500
22:18:17     iter   1  obj -0.39441  best 0.45458  step 0.9500
22:18:18     iter   2  obj 0.25421  best 0.45458  step 0.9500
22:18:19     iter   3  obj -0.03553  best 0.45458  step 0.9500
22:18:20     iter   4  obj 0.01322  best 0.45458  step 0.9500
22:18:21     iter   5  obj -0.03857  best 0.45458  step 0.9500
22:18:22     iter   6  obj -0.05665  best 0.45458  step 0.9500
22:18:23     iter   7  obj 0.14566  best 0.45458  step 0.9500
22:18:24     iter   8  obj -0.80499  best 0.45458  step 0.4750  halved
22:18:26     iter   9  obj -0.11888  best 0.45458  step 0.4750
22:18:27     iter  10  obj 0.09822  best 0.45458  step 0.4750
22:18:28     iter  11  obj 0.32532  best 0.45458  step 0.4750
22:18:29     iter  12  obj 0.16475  best 0.45458  step 0.4750
22:18:30     iter  13  obj -0.08023  best 0.45458  step 0.4750
22:18:31     iter  14  obj -0.28013  best 0.45458  step 0.4750
22:18:32     iter  15  obj 0.02766  best 0.45458  step 0.2375  halved
22:18:33     iter  16  obj 0.23762  best 0.45458  step 0.2375
22:18:34     iter  17  obj 0.44345  best 0.45458  step 0.2375
22:18:35     iter  18  obj 0.38056  best 0.45458  step 0.2375
22:18:36     iter  19  obj 0.34309  best 0.45458  step 0.2375
22:18:37     iter  20  obj 0.42428  best 0.45458  step 0.2375
22:18:38     iter  21  obj 0.21236  best 0.45458  step 0.1187  halved
22:18:39     iter  22  obj 0.42998  best 0.45458  step 0.1187
22:18:40     iter  23  obj 0.44707  best 0.45458  step 0.1187
22:18:41     iter  24  obj 0.45512  best 0.45512  step 0.1187  *
22:18:42     iter  25  obj 0.45561  best 0.45561  step 0.1187  *
22:18:43     iter  26  obj 0.44309  best 0.45561  step 0.1187
22:18:44     iter  27  obj 0.44975  best 0.45561  step 0.1187
22:18:45     iter  28  obj 0.44686  best 0.45561  step 0.1187
22:18:46     iter  29  obj 0.43999  best 0.45561  step 0.1187
22:18:48     iter  30  obj 0.42578  best 0.45561  step 0.0594  halved
22:18:49     iter  31  obj 0.43315  best 0.45561  step 0.0594
22:18:50     iter  32  obj 0.44771  best 0.45561  step 0.0594
22:18:51     iter  33  obj 0.45941  best 0.45941  step 0.0594  *
22:18:52     iter  34  obj 0.46100  best 0.46100  step 0.0594  *
22:18:53     iter  35  obj 0.46083  best 0.46100  step 0.0297  halved
22:18:54     iter  36  obj 0.46025  best 0.46100  step 0.0297
22:18:55     iter  37  obj 0.46180  best 0.46180  step 0.0148  *  halved
22:18:56     iter  38  obj 0.46191  best 0.46191  step 0.0148  *
22:18:57     iter  39  obj 0.46254  best 0.46254  step 0.0148  *
22:18:58     iter  40  obj 0.46369  best 0.46369  step 0.0148  *
22:18:59      poisoned ce=0.46251 auc=0.7094 acc=0.8040 f1=0.1250  dce=+0.00789 dacc=-0.0020  k=200  [43.8s]
22:18:59   -- trial run0_sub1
22:19:00     iter   0  obj 0.45462  best 0.45462  step 0.9500
22:19:01     iter   1  obj 0.44695  best 0.45462  step 0.9500
22:19:02     iter   2  obj 0.38258  best 0.45462  step 0.9500
22:19:03     iter   3  obj -0.09281  best 0.45462  step 0.9500
22:19:04     iter   4  obj -0.38129  best 0.45462  step 0.9500
22:19:05     iter   5  obj -0.25630  best 0.45462  step 0.9500
22:19:06     iter   6  obj 0.02731  best 0.45462  step 0.9500
22:19:07     iter   7  obj -0.56097  best 0.45462  step 0.9500
22:19:08     iter   8  obj 0.21705  best 0.45462  step 0.4750  halved
22:19:09     iter   9  obj 0.35324  best 0.45462  step 0.4750
22:19:10     iter  10  obj 0.31372  best 0.45462  step 0.4750
22:19:11     iter  11  obj 0.03364  best 0.45462  step 0.4750
22:19:12     iter  12  obj 0.01941  best 0.45462  step 0.4750
22:19:13     iter  13  obj 0.25539  best 0.45462  step 0.4750
22:19:14     iter  14  obj 0.11119  best 0.45462  step 0.4750
22:19:16     iter  15  obj -0.30315  best 0.45462  step 0.2375  halved
22:19:17     iter  16  obj 0.30604  best 0.45462  step 0.2375
22:19:18     iter  17  obj 0.39393  best 0.45462  step 0.2375
22:19:19     iter  18  obj 0.44303  best 0.45462  step 0.2375
22:19:20     iter  19  obj 0.38786  best 0.45462  step 0.2375
22:19:21     iter  20  obj 0.37143  best 0.45462  step 0.2375
22:19:22     iter  21  obj -0.02937  best 0.45462  step 0.1187  halved
22:19:23     iter  22  obj 0.39561  best 0.45462  step 0.1187
22:19:24     iter  23  obj 0.44999  best 0.45462  step 0.1187
22:19:25     iter  24  obj 0.44967  best 0.45462  step 0.1187
22:19:26     iter  25  obj 0.41437  best 0.45462  step 0.1187
22:19:27     iter  26  obj 0.43719  best 0.45462  step 0.0594  halved
22:19:28     iter  27  obj 0.40932  best 0.45462  step 0.0594
22:19:29     iter  28  obj 0.45601  best 0.45601  step 0.0594  *
22:19:30     iter  29  obj 0.45830  best 0.45830  step 0.0594  *
22:19:31     iter  30  obj 0.46027  best 0.46027  step 0.0297  *  halved
22:19:32     iter  31  obj 0.46089  best 0.46089  step 0.0297  *
22:19:33     iter  32  obj 0.46281  best 0.46281  step 0.0297  *
22:19:35     iter  33  obj 0.46339  best 0.46339  step 0.0297  *
22:19:36     iter  34  obj 0.46706  best 0.46706  step 0.0297  *
22:19:37     iter  35  obj 0.46778  best 0.46778  step 0.0297  *
22:19:38     iter  36  obj 0.46665  best 0.46778  step 0.0297
22:19:39     iter  37  obj 0.47060  best 0.47060  step 0.0148  *  halved
22:19:40     iter  38  obj 0.47342  best 0.47342  step 0.0148  *
22:19:41     iter  39  obj 0.47475  best 0.47475  step 0.0148  *
22:19:42     iter  40  obj 0.47633  best 0.47633  step 0.0148  *
22:19:43      poisoned ce=0.47411 auc=0.7007 acc=0.8020 f1=0.0917  dce=+0.01949 dacc=-0.0040  k=200  [43.8s]
22:19:43   -- trial run0_sub2
22:19:44     iter   0  obj 0.45459  best 0.45459  step 0.9500
22:19:45     iter   1  obj -0.12358  best 0.45459  step 0.9500
22:19:46     iter   2  obj 0.29515  best 0.45459  step 0.9500
22:19:47     iter   3  obj 0.02768  best 0.45459  step 0.9500
22:19:48     iter   4  obj 0.20393  best 0.45459  step 0.9500
22:19:49     iter   5  obj 0.13038  best 0.45459  step 0.9500
22:19:50     iter   6  obj 0.24810  best 0.45459  step 0.9500
22:19:51     iter   7  obj -0.01124  best 0.45459  step 0.9500
22:19:52     iter   8  obj 0.10897  best 0.45459  step 0.4750  halved
22:19:53     iter   9  obj -0.02110  best 0.45459  step 0.4750
22:19:54     iter  10  obj 0.26101  best 0.45459  step 0.4750
22:19:55     iter  11  obj 0.21581  best 0.45459  step 0.4750
22:19:56     iter  12  obj 0.15708  best 0.45459  step 0.4750
22:19:57     iter  13  obj 0.08679  best 0.45459  step 0.4750
22:19:58     iter  14  obj -0.04382  best 0.45459  step 0.4750
22:19:59     iter  15  obj -0.06011  best 0.45459  step 0.2375  halved
22:20:00     iter  16  obj 0.30224  best 0.45459  step 0.2375
22:20:02     iter  17  obj 0.44877  best 0.45459  step 0.2375
22:20:03     iter  18  obj 0.41112  best 0.45459  step 0.2375
22:20:04     iter  19  obj 0.43052  best 0.45459  step 0.2375
22:20:05     iter  20  obj 0.35193  best 0.45459  step 0.2375
22:20:06     iter  21  obj 0.36666  best 0.45459  step 0.1187  halved
22:20:07     iter  22  obj 0.37678  best 0.45459  step 0.1187
22:20:08     iter  23  obj 0.43983  best 0.45459  step 0.1187
22:20:09     iter  24  obj 0.45426  best 0.45459  step 0.1187
22:20:10     iter  25  obj 0.44770  best 0.45459  step 0.1187
22:20:11     iter  26  obj 0.44961  best 0.45459  step 0.1187
22:20:12     iter  27  obj 0.38314  best 0.45459  step 0.1187
22:20:13     iter  28  obj 0.41284  best 0.45459  step 0.1187
22:20:14     iter  29  obj 0.42522  best 0.45459  step 0.1187
22:20:15     iter  30  obj 0.31857  best 0.45459  step 0.0594  halved
22:20:16     iter  31  obj 0.39347  best 0.45459  step 0.0594
22:20:17     iter  32  obj 0.44840  best 0.45459  step 0.0594
22:20:18     iter  33  obj 0.45744  best 0.45744  step 0.0594  *
22:20:19     iter  34  obj 0.45540  best 0.45744  step 0.0594
22:20:20     iter  35  obj 0.45798  best 0.45798  step 0.0297  *  halved
22:20:22     iter  36  obj 0.45667  best 0.45798  step 0.0297
22:20:23     iter  37  obj 0.45768  best 0.45798  step 0.0148  halved
22:20:24     iter  38  obj 0.45767  best 0.45798  step 0.0148
22:20:25     iter  39  obj 0.45805  best 0.45805  step 0.0074  *  halved
22:20:26     iter  40  obj 0.45911  best 0.45911  step 0.0074  *
22:20:26      poisoned ce=0.45821 auc=0.7138 acc=0.8040 f1=0.1091  dce=+0.00359 dacc=-0.0020  k=200  [43.9s]
22:20:26   -- trial run1_sub0
22:20:27     iter   0  obj -365.15363  best -365.15363  step 0.9500
22:20:29     iter   1  obj 0.38495  best 0.38495  step 0.9500  *
22:20:30     iter   2  obj -0.21257  best 0.38495  step 0.9500
22:20:31     iter   3  obj -0.15811  best 0.38495  step 0.9500
22:20:32     iter   4  obj 0.09132  best 0.38495  step 0.9500
22:20:33     iter   5  obj -0.31155  best 0.38495  step 0.9500
22:20:34     iter   6  obj -0.14905  best 0.38495  step 0.9500
22:20:35     iter   7  obj -0.00911  best 0.38495  step 0.9500
22:20:36     iter   8  obj -0.12631  best 0.38495  step 0.4750  halved
22:20:37     iter   9  obj 0.16693  best 0.38495  step 0.4750
22:20:38     iter  10  obj 0.22793  best 0.38495  step 0.4750
22:20:39     iter  11  obj 0.07281  best 0.38495  step 0.4750
22:20:40     iter  12  obj 0.10438  best 0.38495  step 0.4750
22:20:41     iter  13  obj 0.06532  best 0.38495  step 0.4750
22:20:42     iter  14  obj -0.12710  best 0.38495  step 0.4750
22:20:43     iter  15  obj -0.07585  best 0.38495  step 0.2375  halved
22:20:44     iter  16  obj 0.38154  best 0.38495  step 0.2375
22:20:45     iter  17  obj 0.43898  best 0.43898  step 0.2375  *
22:20:46     iter  18  obj 0.37623  best 0.43898  step 0.2375
22:20:48     iter  19  obj 0.42353  best 0.43898  step 0.2375
22:20:49     iter  20  obj 0.39257  best 0.43898  step 0.2375
22:20:50     iter  21  obj 0.38251  best 0.43898  step 0.1187  halved
22:20:51     iter  22  obj 0.45772  best 0.45772  step 0.1187  *
22:20:52     iter  23  obj 0.45982  best 0.45982  step 0.1187  *
22:20:53     iter  24  obj 0.45332  best 0.45982  step 0.1187
22:20:54     iter  25  obj 0.45407  best 0.45982  step 0.1187
22:20:55     iter  26  obj 0.43454  best 0.45982  step 0.0594  halved
22:20:56     iter  27  obj 0.46032  best 0.46032  step 0.0594  *
22:20:57     iter  28  obj 0.45825  best 0.46032  step 0.0594
22:20:58     iter  29  obj 0.46149  best 0.46149  step 0.0594  *
22:20:59     iter  30  obj 0.46185  best 0.46185  step 0.0297  *  halved
22:21:00     iter  31  obj 0.46203  best 0.46203  step 0.0297  *
22:21:01     iter  32  obj 0.45835  best 0.46203  step 0.0297
22:21:02     iter  33  obj 0.46292  best 0.46292  step 0.0148  *  halved
22:21:03     iter  34  obj 0.45643  best 0.46292  step 0.0148
22:21:04     iter  35  obj 0.46387  best 0.46387  step 0.0074  *  halved
22:21:05     iter  36  obj 0.45818  best 0.46387  step 0.0074
22:21:06     iter  37  obj 0.45846  best 0.46387  step 0.0037  halved
22:21:08     iter  38  obj 0.45816  best 0.46387  step 0.0037
22:21:09     iter  39  obj 0.45812  best 0.46387  step 0.0019  halved
22:21:10     iter  40  obj 0.45826  best 0.46387  step 0.0019
22:21:10      poisoned ce=0.46118 auc=0.7093 acc=0.8040 f1=0.1091  dce=+0.00655 dacc=-0.0020  k=200  [43.9s]
22:21:10   -- trial run1_sub1
22:21:11     iter   0  obj -360.45938  best -360.45938  step 0.9500
22:21:12     iter   1  obj 0.31971  best 0.31971  step 0.9500  *
22:21:13     iter   2  obj -0.27732  best 0.31971  step 0.9500
22:21:15     iter   3  obj -0.12913  best 0.31971  step 0.9500
22:21:16     iter   4  obj -0.09762  best 0.31971  step 0.9500
22:21:17     iter   5  obj -0.08179  best 0.31971  step 0.9500
22:21:18     iter   6  obj -0.07782  best 0.31971  step 0.9500
22:21:19     iter   7  obj -0.06445  best 0.31971  step 0.9500
22:21:20     iter   8  obj 0.22163  best 0.31971  step 0.9500
22:21:21     iter   9  obj -0.06525  best 0.31971  step 0.9500
22:21:22     iter  10  obj -0.06613  best 0.31971  step 0.9500
22:21:23     iter  11  obj -0.25709  best 0.31971  step 0.9500
22:21:24     iter  12  obj -1.04570  best 0.31971  step 0.9500
22:21:25     iter  13  obj -0.80209  best 0.31971  step 0.9500
22:21:26     iter  14  obj -0.03512  best 0.31971  step 0.9500
22:21:27     iter  15  obj -1.06183  best 0.31971  step 0.4750  halved
22:21:28     iter  16  obj -0.03938  best 0.31971  step 0.4750
22:21:29     iter  17  obj 0.14327  best 0.31971  step 0.4750
22:21:30     iter  18  obj 0.06319  best 0.31971  step 0.4750
22:21:31     iter  19  obj -0.10626  best 0.31971  step 0.4750
22:21:32     iter  20  obj 0.02129  best 0.31971  step 0.4750
22:21:33     iter  21  obj 0.16032  best 0.31971  step 0.2375  halved
22:21:35     iter  22  obj 0.34192  best 0.34192  step 0.2375  *
22:21:36     iter  23  obj 0.35315  best 0.35315  step 0.2375  *
22:21:37     iter  24  obj 0.44573  best 0.44573  step 0.2375  *
22:21:38     iter  25  obj 0.44447  best 0.44573  step 0.2375
22:21:39     iter  26  obj 0.30358  best 0.44573  step 0.1187  halved
22:21:40     iter  27  obj 0.45708  best 0.45708  step 0.1187  *
22:21:41     iter  28  obj 0.43862  best 0.45708  step 0.1187
22:21:42     iter  29  obj 0.43490  best 0.45708  step 0.1187
22:21:43     iter  30  obj 0.42454  best 0.45708  step 0.0594  halved
22:21:44     iter  31  obj 0.43001  best 0.45708  step 0.0594
22:21:45     iter  32  obj 0.45678  best 0.45708  step 0.0594
22:21:46     iter  33  obj 0.45759  best 0.45759  step 0.0594  *
22:21:47     iter  34  obj 0.45891  best 0.45891  step 0.0594  *
22:21:48     iter  35  obj 0.46070  best 0.46070  step 0.0594  *
22:21:49     iter  36  obj 0.46142  best 0.46142  step 0.0594  *
22:21:50     iter  37  obj 0.46192  best 0.46192  step 0.0594  *
22:21:51     iter  38  obj 0.46438  best 0.46438  step 0.0594  *
22:21:52     iter  39  obj 0.45725  best 0.46438  step 0.0297  halved
22:21:53     iter  40  obj 0.46115  best 0.46438  step 0.0297
22:21:54      poisoned ce=0.46326 auc=0.7074 acc=0.8080 f1=0.0943  dce=+0.00863 dacc=+0.0020  k=200  [43.9s]
22:21:54   -- trial run1_sub2
22:21:55     iter   0  obj -333.29260  best -333.29260  step 0.9500
22:21:56     iter   1  obj 0.39424  best 0.39424  step 0.9500  *
22:21:57     iter   2  obj -0.56256  best 0.39424  step 0.9500
22:21:58     iter   3  obj -0.00253  best 0.39424  step 0.9500
22:21:59     iter   4  obj -0.37860  best 0.39424  step 0.9500
22:22:00     iter   5  obj 0.02987  best 0.39424  step 0.9500
22:22:02     iter   6  obj 0.06817  best 0.39424  step 0.9500
22:22:03     iter   7  obj -0.08755  best 0.39424  step 0.9500
22:22:04     iter   8  obj 0.26910  best 0.39424  step 0.4750  halved
22:22:05     iter   9  obj -0.18670  best 0.39424  step 0.4750
22:22:06     iter  10  obj -0.01084  best 0.39424  step 0.4750
22:22:07     iter  11  obj 0.15520  best 0.39424  step 0.4750
22:22:08     iter  12  obj -0.08693  best 0.39424  step 0.4750
22:22:09     iter  13  obj -0.12011  best 0.39424  step 0.4750
22:22:10     iter  14  obj 0.10208  best 0.39424  step 0.4750
22:22:11     iter  15  obj -0.05946  best 0.39424  step 0.2375  halved
22:22:12     iter  16  obj 0.23613  best 0.39424  step 0.2375
22:22:13     iter  17  obj 0.36516  best 0.39424  step 0.2375
22:22:14     iter  18  obj 0.32847  best 0.39424  step 0.2375
22:22:15     iter  19  obj 0.30451  best 0.39424  step 0.2375
22:22:16     iter  20  obj 0.32286  best 0.39424  step 0.2375
22:22:17     iter  21  obj 0.44210  best 0.44210  step 0.1187  *  halved
22:22:18     iter  22  obj 0.44886  best 0.44886  step 0.1187  *
22:22:19     iter  23  obj 0.45703  best 0.45703  step 0.1187  *
22:22:21     iter  24  obj 0.45756  best 0.45756  step 0.1187  *
22:22:22     iter  25  obj 0.43878  best 0.45756  step 0.1187
22:22:23     iter  26  obj 0.38295  best 0.45756  step 0.0594  halved
22:22:24     iter  27  obj 0.46017  best 0.46017  step 0.0594  *
22:22:25     iter  28  obj 0.46392  best 0.46392  step 0.0594  *
22:22:26     iter  29  obj 0.46351  best 0.46392  step 0.0594
22:22:27     iter  30  obj 0.46631  best 0.46631  step 0.0297  *  halved
22:22:28     iter  31  obj 0.46878  best 0.46878  step 0.0297  *
22:22:29     iter  32  obj 0.47118  best 0.47118  step 0.0297  *
22:22:30     iter  33  obj 0.47230  best 0.47230  step 0.0297  *
22:22:31     iter  34  obj 0.47377  best 0.47377  step 0.0297  *
22:22:32     iter  35  obj 0.47113  best 0.47377  step 0.0148  halved
22:22:33     iter  36  obj 0.46948  best 0.47377  step 0.0148
22:22:34     iter  37  obj 0.47488  best 0.47488  step 0.0074  *  halved
22:22:35     iter  38  obj 0.47125  best 0.47488  step 0.0074
22:22:36     iter  39  obj 0.47152  best 0.47488  step 0.0037  halved
22:22:37     iter  40  obj 0.47053  best 0.47488  step 0.0037
22:22:38      poisoned ce=0.47322 auc=0.7052 acc=0.8090 f1=0.1279  dce=+0.01860 dacc=+0.0030  k=200  [43.9s]
22:22:38   -- trial run2_sub0
22:22:39     iter   0  obj -390.01767  best -390.01767  step 0.9500
22:22:40     iter   1  obj 0.29609  best 0.29609  step 0.9500  *
22:22:41     iter   2  obj 0.28444  best 0.29609  step 0.9500
22:22:42     iter   3  obj 0.45632  best 0.45632  step 0.9500  *
22:22:43     iter   4  obj 0.03994  best 0.45632  step 0.9500
22:22:44     iter   5  obj -0.16982  best 0.45632  step 0.9500
22:22:45     iter   6  obj 0.02587  best 0.45632  step 0.9500
22:22:46     iter   7  obj 0.01607  best 0.45632  step 0.9500
22:22:48     iter   8  obj 0.00690  best 0.45632  step 0.4750  halved
22:22:49     iter   9  obj 0.09476  best 0.45632  step 0.4750
22:22:50     iter  10  obj 0.24120  best 0.45632  step 0.4750
22:22:51     iter  11  obj -0.08907  best 0.45632  step 0.4750
22:22:52     iter  12  obj 0.29447  best 0.45632  step 0.4750
22:22:53     iter  13  obj 0.17561  best 0.45632  step 0.4750
22:22:54     iter  14  obj 0.37205  best 0.45632  step 0.4750
22:22:55     iter  15  obj 0.16568  best 0.45632  step 0.2375  halved
22:22:56     iter  16  obj 0.37745  best 0.45632  step 0.2375
22:22:57     iter  17  obj 0.36672  best 0.45632  step 0.2375
22:22:58     iter  18  obj 0.39718  best 0.45632  step 0.2375
22:22:59     iter  19  obj 0.37527  best 0.45632  step 0.2375
22:23:00     iter  20  obj 0.25917  best 0.45632  step 0.2375
22:23:01     iter  21  obj 0.33251  best 0.45632  step 0.1187  halved
22:23:02     iter  22  obj 0.42310  best 0.45632  step 0.1187
22:23:03     iter  23  obj 0.45746  best 0.45746  step 0.1187  *
22:23:04     iter  24  obj 0.45069  best 0.45746  step 0.1187
22:23:05     iter  25  obj 0.46587  best 0.46587  step 0.1187  *
22:23:06     iter  26  obj 0.45555  best 0.46587  step 0.0594  halved
22:23:08     iter  27  obj 0.46720  best 0.46720  step 0.0594  *
22:23:09     iter  28  obj 0.46908  best 0.46908  step 0.0594  *
22:23:10     iter  29  obj 0.47138  best 0.47138  step 0.0594  *
22:23:11     iter  30  obj 0.46916  best 0.47138  step 0.0297  halved
22:23:12     iter  31  obj 0.46901  best 0.47138  step 0.0297
22:23:13     iter  32  obj 0.47406  best 0.47406  step 0.0297  *
22:23:14     iter  33  obj 0.47488  best 0.47488  step 0.0148  *  halved
22:23:15     iter  34  obj 0.47480  best 0.47488  step 0.0148
22:23:16     iter  35  obj 0.47727  best 0.47727  step 0.0074  *  halved
22:23:17     iter  36  obj 0.47073  best 0.47727  step 0.0074
22:23:18     iter  37  obj 0.47849  best 0.47849  step 0.0037  *  halved
22:23:19     iter  38  obj 0.47872  best 0.47872  step 0.0037  *
22:23:20     iter  39  obj 0.47643  best 0.47872  step 0.0019  halved
22:23:21     iter  40  obj 0.47315  best 0.47872  step 0.0019
22:23:22      poisoned ce=0.47592 auc=0.7014 acc=0.8070 f1=0.1023  dce=+0.02130 dacc=+0.0010  k=200  [43.8s]
22:23:22   -- trial run2_sub1
22:23:23     iter   0  obj -389.32935  best -389.32935  step 0.9500
22:23:24     iter   1  obj 0.35299  best 0.35299  step 0.9500  *
22:23:25     iter   2  obj 0.19532  best 0.35299  step 0.9500
22:23:26     iter   3  obj -0.00761  best 0.35299  step 0.9500
22:23:27     iter   4  obj 0.01054  best 0.35299  step 0.9500
22:23:28     iter   5  obj 0.22616  best 0.35299  step 0.9500
22:23:29     iter   6  obj 0.27085  best 0.35299  step 0.9500
22:23:30     iter   7  obj -0.22344  best 0.35299  step 0.9500
22:23:31     iter   8  obj 0.07253  best 0.35299  step 0.4750  halved
22:23:32     iter   9  obj 0.32332  best 0.35299  step 0.4750
22:23:33     iter  10  obj 0.27431  best 0.35299  step 0.4750
22:23:35     iter  11  obj 0.33076  best 0.35299  step 0.4750
22:23:36     iter  12  obj 0.06750  best 0.35299  step 0.4750
22:23:37     iter  13  obj 0.22175  best 0.35299  step 0.4750
22:23:38     iter  14  obj -0.14971  best 0.35299  step 0.4750
22:23:39     iter  15  obj -0.09924  best 0.35299  step 0.2375  halved
22:23:40     iter  16  obj 0.39704  best 0.39704  step 0.2375  *
22:23:41     iter  17  obj 0.43408  best 0.43408  step 0.2375  *
22:23:42     iter  18  obj 0.25231  best 0.43408  step 0.2375
22:23:43     iter  19  obj 0.36593  best 0.43408  step 0.2375
22:23:44     iter  20  obj 0.34189  best 0.43408  step 0.2375
22:23:45     iter  21  obj 0.21805  best 0.43408  step 0.1187  halved
22:23:46     iter  22  obj 0.40942  best 0.43408  step 0.1187
22:23:47     iter  23  obj 0.42901  best 0.43408  step 0.1187
22:23:48     iter  24  obj 0.45742  best 0.45742  step 0.1187  *
22:23:49     iter  25  obj 0.41854  best 0.45742  step 0.1187
22:23:50     iter  26  obj 0.45748  best 0.45748  step 0.1187  *
22:23:51     iter  27  obj 0.45218  best 0.45748  step 0.1187
22:23:52     iter  28  obj 0.44901  best 0.45748  step 0.1187
22:23:53     iter  29  obj 0.45396  best 0.45748  step 0.1187
22:23:55     iter  30  obj 0.45908  best 0.45908  step 0.0594  *  halved
22:23:56     iter  31  obj 0.46139  best 0.46139  step 0.0594  *
22:23:57     iter  32  obj 0.46210  best 0.46210  step 0.0594  *
22:23:58     iter  33  obj 0.46258  best 0.46258  step 0.0594  *
22:23:59     iter  34  obj 0.46271  best 0.46271  step 0.0594  *
22:24:00     iter  35  obj 0.46625  best 0.46625  step 0.0594  *
22:24:01     iter  36  obj 0.46564  best 0.46625  step 0.0594
22:24:02     iter  37  obj 0.46537  best 0.46625  step 0.0297  halved
22:24:03     iter  38  obj 0.46670  best 0.46670  step 0.0297  *
22:24:04     iter  39  obj 0.46743  best 0.46743  step 0.0297  *
22:24:05     iter  40  obj 0.46479  best 0.46743  step 0.0297
22:24:06      poisoned ce=0.46510 auc=0.7056 acc=0.8040 f1=0.1171  dce=+0.01048 dacc=-0.0020  k=200  [43.8s]
22:24:06   -- trial run2_sub2
22:24:07     iter   0  obj -377.41882  best -377.41882  step 0.9500
22:24:08     iter   1  obj 0.20722  best 0.20722  step 0.9500  *
22:24:09     iter   2  obj -0.02996  best 0.20722  step 0.9500
22:24:10     iter   3  obj 0.00776  best 0.20722  step 0.9500
22:24:11     iter   4  obj -0.28618  best 0.20722  step 0.9500
22:24:12     iter   5  obj 0.15581  best 0.20722  step 0.9500
22:24:13     iter   6  obj -0.09943  best 0.20722  step 0.9500
22:24:14     iter   7  obj -0.27461  best 0.20722  step 0.9500
22:24:15     iter   8  obj -0.09176  best 0.20722  step 0.4750  halved
22:24:16     iter   9  obj 0.21180  best 0.21180  step 0.4750  *
22:24:17     iter  10  obj -0.10383  best 0.21180  step 0.4750
22:24:18     iter  11  obj -0.01788  best 0.21180  step 0.4750
22:24:19     iter  12  obj 0.24146  best 0.24146  step 0.4750  *
22:24:20     iter  13  obj -0.20899  best 0.24146  step 0.4750
22:24:22     iter  14  obj 0.11159  best 0.24146  step 0.4750
22:24:23     iter  15  obj -0.16765  best 0.24146  step 0.2375  halved
22:24:24     iter  16  obj 0.01844  best 0.24146  step 0.2375
22:24:25     iter  17  obj 0.40029  best 0.40029  step 0.2375  *
22:24:26     iter  18  obj 0.22256  best 0.40029  step 0.2375
22:24:27     iter  19  obj 0.31581  best 0.40029  step 0.2375
22:24:28     iter  20  obj 0.07746  best 0.40029  step 0.2375
22:24:29     iter  21  obj -0.07706  best 0.40029  step 0.1187  halved
22:24:30     iter  22  obj 0.41659  best 0.41659  step 0.1187  *
22:24:31     iter  23  obj 0.41366  best 0.41659  step 0.1187
22:24:32     iter  24  obj 0.44792  best 0.44792  step 0.1187  *
22:24:33     iter  25  obj 0.45146  best 0.45146  step 0.1187  *
22:24:34     iter  26  obj 0.44697  best 0.45146  step 0.0594  halved
22:24:35     iter  27  obj 0.46686  best 0.46686  step 0.0594  *
22:24:36     iter  28  obj 0.46979  best 0.46979  step 0.0594  *
22:24:37     iter  29  obj 0.47154  best 0.47154  step 0.0594  *
22:24:38     iter  30  obj 0.47182  best 0.47182  step 0.0594  *
22:24:39     iter  31  obj 0.46840  best 0.47182  step 0.0594
22:24:40     iter  32  obj 0.47317  best 0.47317  step 0.0594  *
22:24:42     iter  33  obj 0.47430  best 0.47430  step 0.0297  *  halved
22:24:43     iter  34  obj 0.47552  best 0.47552  step 0.0297  *
22:24:44     iter  35  obj 0.47618  best 0.47618  step 0.0297  *
22:24:45     iter  36  obj 0.47299  best 0.47618  step 0.0297
22:24:46     iter  37  obj 0.47906  best 0.47906  step 0.0148  *  halved
22:24:47     iter  38  obj 0.47917  best 0.47917  step 0.0148  *
22:24:48     iter  39  obj 0.48000  best 0.48000  step 0.0148  *
22:24:49     iter  40  obj 0.48127  best 0.48127  step 0.0148  *
22:24:50      poisoned ce=0.47857 auc=0.7052 acc=0.8090 f1=0.1357  dce=+0.02394 dacc=+0.0030  k=200  [43.9s]
22:24:50   -- trial run3_sub0
22:24:51     iter   0  obj -375.47812  best -375.47812  step 0.9500
22:24:52     iter   1  obj 0.24071  best 0.24071  step 0.9500  *
22:24:53     iter   2  obj -0.06656  best 0.24071  step 0.9500
22:24:54     iter   3  obj 0.43266  best 0.43266  step 0.9500  *
22:24:55     iter   4  obj 0.16348  best 0.43266  step 0.9500
22:24:56     iter   5  obj -0.01909  best 0.43266  step 0.9500
22:24:57     iter   6  obj -0.19482  best 0.43266  step 0.9500
22:24:58     iter   7  obj 0.33039  best 0.43266  step 0.9500
22:24:59     iter   8  obj 0.26026  best 0.43266  step 0.4750  halved
22:25:00     iter   9  obj 0.26415  best 0.43266  step 0.4750
22:25:01     iter  10  obj 0.25004  best 0.43266  step 0.4750
22:25:02     iter  11  obj 0.28321  best 0.43266  step 0.4750
22:25:03     iter  12  obj -0.04294  best 0.43266  step 0.4750
22:25:04     iter  13  obj 0.09840  best 0.43266  step 0.4750
22:25:05     iter  14  obj 0.07286  best 0.43266  step 0.4750
22:25:06     iter  15  obj 0.05962  best 0.43266  step 0.2375  halved
22:25:08     iter  16  obj 0.38070  best 0.43266  step 0.2375
22:25:09     iter  17  obj 0.31682  best 0.43266  step 0.2375
22:25:10     iter  18  obj 0.28142  best 0.43266  step 0.2375
22:25:11     iter  19  obj 0.31029  best 0.43266  step 0.2375
22:25:12     iter  20  obj 0.37198  best 0.43266  step 0.2375
22:25:13     iter  21  obj 0.34546  best 0.43266  step 0.1187  halved
22:25:14     iter  22  obj 0.42562  best 0.43266  step 0.1187
22:25:15     iter  23  obj 0.45251  best 0.45251  step 0.1187  *
22:25:16     iter  24  obj 0.44935  best 0.45251  step 0.1187
22:25:17     iter  25  obj 0.45470  best 0.45470  step 0.1187  *
22:25:18     iter  26  obj 0.43551  best 0.45470  step 0.0594  halved
22:25:19     iter  27  obj 0.45015  best 0.45470  step 0.0594
22:25:20     iter  28  obj 0.46092  best 0.46092  step 0.0594  *
22:25:21     iter  29  obj 0.46190  best 0.46190  step 0.0594  *
22:25:22     iter  30  obj 0.46263  best 0.46263  step 0.0594  *
22:25:23     iter  31  obj 0.46413  best 0.46413  step 0.0594  *
22:25:24     iter  32  obj 0.46538  best 0.46538  step 0.0594  *
22:25:25     iter  33  obj 0.46444  best 0.46538  step 0.0297  halved
22:25:26     iter  34  obj 0.46408  best 0.46538  step 0.0297
22:25:28     iter  35  obj 0.46772  best 0.46772  step 0.0148  *  halved
22:25:29     iter  36  obj 0.46664  best 0.46772  step 0.0148
22:25:30     iter  37  obj 0.47074  best 0.47074  step 0.0074  *  halved
22:25:31     iter  38  obj 0.46803  best 0.47074  step 0.0074
22:25:32     iter  39  obj 0.46827  best 0.47074  step 0.0037  halved
22:25:33     iter  40  obj 0.46797  best 0.47074  step 0.0037
22:25:33      poisoned ce=0.46911 auc=0.7052 acc=0.8070 f1=0.1187  dce=+0.01449 dacc=+0.0010  k=200  [43.9s]
22:25:33   -- trial run3_sub1
22:25:35     iter   0  obj -365.86298  best -365.86298  step 0.9500
22:25:36     iter   1  obj 0.20513  best 0.20513  step 0.9500  *
22:25:37     iter   2  obj 0.31150  best 0.31150  step 0.9500  *
22:25:38     iter   3  obj -0.06408  best 0.31150  step 0.9500
22:25:39     iter   4  obj 0.25327  best 0.31150  step 0.9500
22:25:40     iter   5  obj 0.10653  best 0.31150  step 0.9500
22:25:41     iter   6  obj 0.01130  best 0.31150  step 0.9500
22:25:42     iter   7  obj 0.27125  best 0.31150  step 0.9500
22:25:43     iter   8  obj -0.66186  best 0.31150  step 0.4750  halved
22:25:44     iter   9  obj 0.19137  best 0.31150  step 0.4750
22:25:45     iter  10  obj 0.12522  best 0.31150  step 0.4750
22:25:46     iter  11  obj 0.30253  best 0.31150  step 0.4750
22:25:47     iter  12  obj 0.16407  best 0.31150  step 0.4750
22:25:48     iter  13  obj 0.19152  best 0.31150  step 0.4750
22:25:49     iter  14  obj 0.15578  best 0.31150  step 0.4750
22:25:50     iter  15  obj -0.17976  best 0.31150  step 0.2375  halved
22:25:51     iter  16  obj 0.38827  best 0.38827  step 0.2375  *
22:25:52     iter  17  obj 0.43018  best 0.43018  step 0.2375  *
22:25:53     iter  18  obj 0.41711  best 0.43018  step 0.2375
22:25:55     iter  19  obj 0.16998  best 0.43018  step 0.2375
22:25:56     iter  20  obj 0.24732  best 0.43018  step 0.2375
22:25:57     iter  21  obj 0.25374  best 0.43018  step 0.1187  halved
22:25:58     iter  22  obj 0.38518  best 0.43018  step 0.1187
22:25:59     iter  23  obj 0.44518  best 0.44518  step 0.1187  *
22:26:00     iter  24  obj 0.39558  best 0.44518  step 0.1187
22:26:01     iter  25  obj 0.45804  best 0.45804  step 0.1187  *
22:26:02     iter  26  obj 0.46016  best 0.46016  step 0.1187  *
22:26:03     iter  27  obj 0.43030  best 0.46016  step 0.1187
22:26:04     iter  28  obj 0.41294  best 0.46016  step 0.1187
22:26:05     iter  29  obj 0.45111  best 0.46016  step 0.1187
22:26:06     iter  30  obj 0.44370  best 0.46016  step 0.0594  halved
22:26:07     iter  31  obj 0.44541  best 0.46016  step 0.0594
22:26:08     iter  32  obj 0.45382  best 0.46016  step 0.0594
22:26:09     iter  33  obj 0.43411  best 0.46016  step 0.0297  halved
22:26:10     iter  34  obj 0.45948  best 0.46016  step 0.0297
22:26:11     iter  35  obj 0.46348  best 0.46348  step 0.0297  *
22:26:12     iter  36  obj 0.45696  best 0.46348  step 0.0297
22:26:13     iter  37  obj 0.45278  best 0.46348  step 0.0148  halved
22:26:15     iter  38  obj 0.45855  best 0.46348  step 0.0148
22:26:16     iter  39  obj 0.46274  best 0.46348  step 0.0148
22:26:17     iter  40  obj 0.46334  best 0.46348  step 0.0148
22:26:17      poisoned ce=0.46234 auc=0.7068 acc=0.8040 f1=0.1250  dce=+0.00772 dacc=-0.0020  k=200  [43.9s]
22:26:17   -- trial run3_sub2
22:26:18     iter   0  obj -371.86392  best -371.86392  step 0.9500
22:26:19     iter   1  obj 0.28987  best 0.28987  step 0.9500  *
22:26:21     iter   2  obj -0.29971  best 0.28987  step 0.9500
22:26:22     iter   3  obj 0.34224  best 0.34224  step 0.9500  *
22:26:23     iter   4  obj -0.32938  best 0.34224  step 0.9500
22:26:24     iter   5  obj 0.11678  best 0.34224  step 0.9500
22:26:25     iter   6  obj -0.18792  best 0.34224  step 0.9500
22:26:26     iter   7  obj -0.30643  best 0.34224  step 0.9500
22:26:27     iter   8  obj 0.33855  best 0.34224  step 0.4750  halved
22:26:28     iter   9  obj 0.07306  best 0.34224  step 0.4750
22:26:29     iter  10  obj -0.09833  best 0.34224  step 0.4750
22:26:30     iter  11  obj 0.29501  best 0.34224  step 0.4750
22:26:31     iter  12  obj 0.20564  best 0.34224  step 0.4750
22:26:32     iter  13  obj -0.19439  best 0.34224  step 0.4750
22:26:33     iter  14  obj -0.04432  best 0.34224  step 0.4750
22:26:34     iter  15  obj 0.05771  best 0.34224  step 0.2375  halved
22:26:35     iter  16  obj 0.35228  best 0.35228  step 0.2375  *
22:26:36     iter  17  obj 0.30297  best 0.35228  step 0.2375
22:26:37     iter  18  obj 0.45727  best 0.45727  step 0.2375  *
22:26:38     iter  19  obj 0.33393  best 0.45727  step 0.2375
22:26:39     iter  20  obj 0.37040  best 0.45727  step 0.2375
22:26:40     iter  21  obj 0.18686  best 0.45727  step 0.1187  halved
22:26:42     iter  22  obj 0.38387  best 0.45727  step 0.1187
22:26:43     iter  23  obj 0.43641  best 0.45727  step 0.1187
22:26:44     iter  24  obj 0.39420  best 0.45727  step 0.1187
22:26:45     iter  25  obj 0.45531  best 0.45727  step 0.1187
22:26:46     iter  26  obj 0.43925  best 0.45727  step 0.0594  halved
22:26:47     iter  27  obj 0.42136  best 0.45727  step 0.0594
22:26:48     iter  28  obj 0.43049  best 0.45727  step 0.0594
22:26:49     iter  29  obj 0.45430  best 0.45727  step 0.0594
22:26:50     iter  30  obj 0.46130  best 0.46130  step 0.0297  *  halved
22:26:51     iter  31  obj 0.46157  best 0.46157  step 0.0297  *
22:26:52     iter  32  obj 0.46042  best 0.46157  step 0.0297
22:26:53     iter  33  obj 0.46315  best 0.46315  step 0.0148  *  halved
22:26:54     iter  34  obj 0.45757  best 0.46315  step 0.0148
22:26:55     iter  35  obj 0.45806  best 0.46315  step 0.0074  halved
22:26:56     iter  36  obj 0.45765  best 0.46315  step 0.0074
22:26:57     iter  37  obj 0.45732  best 0.46315  step 0.0037  halved
22:26:58     iter  38  obj 0.45753  best 0.46315  step 0.0037
22:26:59     iter  39  obj 0.45767  best 0.46315  step 0.0037
22:27:00     iter  40  obj 0.45758  best 0.46315  step 0.0037
22:27:01      poisoned ce=0.46120 auc=0.7086 acc=0.8030 f1=0.1244  dce=+0.00657 dacc=-0.0030  k=200  [43.8s]
22:27:01   -- trial run4_sub0
22:27:02     iter   0  obj -370.42566  best -370.42566  step 0.9500
22:27:03     iter   1  obj 0.37585  best 0.37585  step 0.9500  *
22:27:04     iter   2  obj -0.96679  best 0.37585  step 0.9500
22:27:05     iter   3  obj 0.45844  best 0.45844  step 0.9500  *
22:27:06     iter   4  obj -0.33307  best 0.45844  step 0.9500
22:27:07     iter   5  obj 0.34645  best 0.45844  step 0.9500
22:27:09     iter   6  obj 0.15548  best 0.45844  step 0.9500
22:27:10     iter   7  obj 0.21616  best 0.45844  step 0.9500
22:27:11     iter   8  obj -0.08557  best 0.45844  step 0.4750  halved
22:27:12     iter   9  obj -0.16790  best 0.45844  step 0.4750
22:27:13     iter  10  obj 0.27960  best 0.45844  step 0.4750
22:27:14     iter  11  obj 0.17603  best 0.45844  step 0.4750
22:27:15     iter  12  obj -0.02066  best 0.45844  step 0.4750
22:27:16     iter  13  obj 0.36657  best 0.45844  step 0.4750
22:27:17     iter  14  obj 0.21758  best 0.45844  step 0.4750
22:27:18     iter  15  obj 0.42073  best 0.45844  step 0.2375  halved
22:27:19     iter  16  obj 0.12418  best 0.45844  step 0.2375
22:27:20     iter  17  obj 0.39218  best 0.45844  step 0.2375
22:27:21     iter  18  obj 0.31837  best 0.45844  step 0.2375
22:27:22     iter  19  obj 0.40305  best 0.45844  step 0.2375
22:27:23     iter  20  obj 0.32098  best 0.45844  step 0.2375
22:27:24     iter  21  obj 0.36815  best 0.45844  step 0.1187  halved
22:27:25     iter  22  obj 0.37561  best 0.45844  step 0.1187
22:27:26     iter  23  obj 0.46286  best 0.46286  step 0.1187  *
22:27:27     iter  24  obj 0.45844  best 0.46286  step 0.1187
22:27:29     iter  25  obj 0.46095  best 0.46286  step 0.1187
22:27:30     iter  26  obj 0.45613  best 0.46286  step 0.0594  halved
22:27:31     iter  27  obj 0.45711  best 0.46286  step 0.0594
22:27:32     iter  28  obj 0.46589  best 0.46589  step 0.0594  *
22:27:33     iter  29  obj 0.46641  best 0.46641  step 0.0594  *
22:27:34     iter  30  obj 0.46770  best 0.46770  step 0.0594  *
22:27:35     iter  31  obj 0.47136  best 0.47136  step 0.0594  *
22:27:36     iter  32  obj 0.46718  best 0.47136  step 0.0594
22:27:37     iter  33  obj 0.47124  best 0.47136  step 0.0297  halved
22:27:38     iter  34  obj 0.47156  best 0.47156  step 0.0297  *
22:27:39     iter  35  obj 0.47375  best 0.47375  step 0.0297  *
22:27:40     iter  36  obj 0.47560  best 0.47560  step 0.0297  *
22:27:41     iter  37  obj 0.47613  best 0.47613  step 0.0297  *
22:27:42     iter  38  obj 0.47358  best 0.47613  step 0.0297
22:27:43     iter  39  obj 0.47848  best 0.47848  step 0.0148  *  halved
22:27:44     iter  40  obj 0.47754  best 0.47848  step 0.0148
22:27:45      poisoned ce=0.47580 auc=0.7044 acc=0.8100 f1=0.1204  dce=+0.02117 dacc=+0.0040  k=200  [43.8s]
22:27:45   -- trial run4_sub1
22:27:46     iter   0  obj -378.24023  best -378.24023  step 0.9500
22:27:47     iter   1  obj 0.27082  best 0.27082  step 0.9500  *
22:27:48     iter   2  obj -0.67945  best 0.27082  step 0.9500
22:27:49     iter   3  obj 0.34832  best 0.34832  step 0.9500  *
22:27:50     iter   4  obj -0.29307  best 0.34832  step 0.9500
22:27:51     iter   5  obj 0.15175  best 0.34832  step 0.9500
22:27:52     iter   6  obj 0.18201  best 0.34832  step 0.9500
22:27:53     iter   7  obj 0.10288  best 0.34832  step 0.9500
22:27:55     iter   8  obj -0.04117  best 0.34832  step 0.4750  halved
22:27:56     iter   9  obj -0.15378  best 0.34832  step 0.4750
22:27:57     iter  10  obj 0.36354  best 0.36354  step 0.4750  *
22:27:58     iter  11  obj -0.03754  best 0.36354  step 0.4750
22:27:59     iter  12  obj 0.26713  best 0.36354  step 0.4750
22:28:00     iter  13  obj 0.35422  best 0.36354  step 0.4750
22:28:01     iter  14  obj 0.07825  best 0.36354  step 0.4750
22:28:02     iter  15  obj 0.22903  best 0.36354  step 0.2375  halved
22:28:03     iter  16  obj 0.21941  best 0.36354  step 0.2375
22:28:04     iter  17  obj 0.17691  best 0.36354  step 0.2375
22:28:05     iter  18  obj 0.40264  best 0.40264  step 0.2375  *
22:28:06     iter  19  obj 0.40230  best 0.40264  step 0.2375
22:28:07     iter  20  obj 0.22516  best 0.40264  step 0.2375
22:28:08     iter  21  obj 0.34158  best 0.40264  step 0.1187  halved
22:28:09     iter  22  obj 0.42067  best 0.42067  step 0.1187  *
22:28:10     iter  23  obj 0.44668  best 0.44668  step 0.1187  *
22:28:11     iter  24  obj 0.45468  best 0.45468  step 0.1187  *
22:28:12     iter  25  obj 0.46103  best 0.46103  step 0.1187  *
22:28:13     iter  26  obj 0.46209  best 0.46209  step 0.1187  *
22:28:15     iter  27  obj 0.43679  best 0.46209  step 0.1187
22:28:16     iter  28  obj 0.44695  best 0.46209  step 0.1187
22:28:17     iter  29  obj 0.46227  best 0.46227  step 0.1187  *
22:28:18     iter  30  obj 0.42338  best 0.46227  step 0.0594  halved
22:28:19     iter  31  obj 0.44722  best 0.46227  step 0.0594
22:28:20     iter  32  obj 0.46536  best 0.46536  step 0.0594  *
22:28:21     iter  33  obj 0.46645  best 0.46645  step 0.0594  *
22:28:22     iter  34  obj 0.47146  best 0.47146  step 0.0594  *
22:28:23     iter  35  obj 0.47088  best 0.47146  step 0.0297  halved
22:28:24     iter  36  obj 0.46773  best 0.47146  step 0.0297
22:28:25     iter  37  obj 0.47311  best 0.47311  step 0.0148  *  halved
22:28:26     iter  38  obj 0.46841  best 0.47311  step 0.0148
22:28:27     iter  39  obj 0.46903  best 0.47311  step 0.0074  halved
22:28:28     iter  40  obj 0.46777  best 0.47311  step 0.0074
22:28:29      poisoned ce=0.46994 auc=0.7026 acc=0.8080 f1=0.1028  dce=+0.01531 dacc=+0.0020  k=200  [43.9s]
22:28:29   -- trial run4_sub2
22:28:30     iter   0  obj -358.94299  best -358.94299  step 0.9500
22:28:31     iter   1  obj 0.37071  best 0.37071  step 0.9500  *
22:28:32     iter   2  obj 0.00534  best 0.37071  step 0.9500
22:28:33     iter   3  obj 0.36187  best 0.37071  step 0.9500
22:28:34     iter   4  obj -0.14362  best 0.37071  step 0.9500
22:28:35     iter   5  obj -0.47893  best 0.37071  step 0.9500
22:28:36     iter   6  obj 0.25100  best 0.37071  step 0.9500
22:28:37     iter   7  obj -0.07420  best 0.37071  step 0.9500
22:28:38     iter   8  obj -0.06563  best 0.37071  step 0.4750  halved
22:28:39     iter   9  obj 0.32310  best 0.37071  step 0.4750
22:28:40     iter  10  obj 0.03152  best 0.37071  step 0.4750
22:28:42     iter  11  obj 0.06470  best 0.37071  step 0.4750
22:28:43     iter  12  obj 0.34059  best 0.37071  step 0.4750
22:28:44     iter  13  obj 0.18500  best 0.37071  step 0.4750
22:28:45     iter  14  obj 0.16299  best 0.37071  step 0.4750
22:28:46     iter  15  obj 0.36070  best 0.37071  step 0.2375  halved
22:28:47     iter  16  obj 0.38313  best 0.38313  step 0.2375  *
22:28:48     iter  17  obj 0.34271  best 0.38313  step 0.2375
22:28:49     iter  18  obj 0.31049  best 0.38313  step 0.2375
22:28:50     iter  19  obj 0.38541  best 0.38541  step 0.2375  *
22:28:51     iter  20  obj 0.26409  best 0.38541  step 0.2375
22:28:52     iter  21  obj 0.18571  best 0.38541  step 0.1187  halved
22:28:53     iter  22  obj 0.45569  best 0.45569  step 0.1187  *
22:28:54     iter  23  obj 0.43738  best 0.45569  step 0.1187
22:28:55     iter  24  obj 0.41668  best 0.45569  step 0.1187
22:28:56     iter  25  obj 0.37915  best 0.45569  step 0.1187
22:28:57     iter  26  obj 0.42855  best 0.45569  step 0.0594  halved
22:28:58     iter  27  obj 0.45137  best 0.45569  step 0.0594
22:28:59     iter  28  obj 0.45290  best 0.45569  step 0.0594
22:29:00     iter  29  obj 0.45292  best 0.45569  step 0.0594
22:29:02     iter  30  obj 0.45392  best 0.45569  step 0.0594
22:29:03     iter  31  obj 0.45150  best 0.45569  step 0.0594
22:29:04     iter  32  obj 0.45296  best 0.45569  step 0.0594
22:29:05     iter  33  obj 0.44184  best 0.45569  step 0.0297  halved
22:29:06     iter  34  obj 0.44880  best 0.45569  step 0.0297
22:29:07     iter  35  obj 0.45738  best 0.45738  step 0.0297  *
22:29:08     iter  36  obj 0.45960  best 0.45960  step 0.0297  *
22:29:09     iter  37  obj 0.46325  best 0.46325  step 0.0297  *
22:29:10     iter  38  obj 0.46235  best 0.46325  step 0.0297
22:29:11     iter  39  obj 0.46549  best 0.46549  step 0.0148  *  halved
22:29:12     iter  40  obj 0.46325  best 0.46549  step 0.0148
22:29:13      poisoned ce=0.46446 auc=0.7080 acc=0.8040 f1=0.1091  dce=+0.00984 dacc=-0.0020  k=200  [43.9s]
22:29:13   best trial run2_sub2: dce=+0.02394 dacc=+0.0030  -> context_poisoned.csv
22:29:13   per-run winners: run0<-sub1 (dce=+0.01949), run1<-sub2 (dce=+0.01860), run2<-sub2 (dce=+0.02394), run3<-sub0 (dce=+0.01449), run4<-sub0 (dce=+0.02117)
22:29:13   best-subsample-per-run, mean over 5 runs: dce=+0.01954 dacc=+0.0014 dauc=-0.0113  -> /home/ssn899/Desktop/TabFM/results/main_experiments/lcld_v2/x-capgd_random_r004
