04:09:50 [label-flip-ga] datasets/lcld_v2/splits/selected/natural/context_1000.csv (1000x28) -> datasets/lcld_v2/splits/test_attack_1000.csv (1000 of 1000)  k=300 (30.0%)  attack_class=None  grid 2x2  cuda:3
04:09:52   clean  ce=0.45120 auc=0.7175 acc=0.8020 f1=0.0917  max|dp| over 3 repeats=0.00e+00  chunking_exact=True  [1.0s]
04:09:52   GA: GAConfig(population=32, generations=20, elite=2, tournament=3, crossover_prob=0.9, mutation_rate=None, seed_full=True, patience=8, batch_size=16, fitness_test_rows=None)
04:09:52   -- trial run0_sub0
04:09:55     gen   0  best 0.65671  mean 0.51342  best_so_far 0.65671  flips 300  evals 32
04:09:58     gen   1  best 0.65671  mean 0.53782  best_so_far 0.65671  flips 300  evals 62
04:10:01     gen   2  best 0.65671  mean 0.55832  best_so_far 0.65671  flips 300  evals 90
04:10:03     gen   3  best 0.65671  mean 0.56564  best_so_far 0.65671  flips 300  evals 114
04:10:06     gen   4  best 0.65671  mean 0.57554  best_so_far 0.65671  flips 300  evals 142
04:10:08     gen   5  best 0.65671  mean 0.58064  best_so_far 0.65671  flips 300  evals 171
04:10:11     gen   6  best 0.65671  mean 0.58867  best_so_far 0.65671  flips 300  evals 199
04:10:14     gen   7  best 0.65671  mean 0.60540  best_so_far 0.65671  flips 300  evals 228
04:10:17     gen   8  best 0.66057  mean 0.63192  best_so_far 0.66057  flips 299  evals 256
04:10:19     gen   9  best 0.66057  mean 0.64377  best_so_far 0.66057  flips 299  evals 284
04:10:22     gen  10  best 0.66914  mean 0.65149  best_so_far 0.66914  flips 297  evals 313
04:10:25     gen  11  best 0.67085  mean 0.65429  best_so_far 0.67085  flips 297  evals 340
04:10:27     gen  12  best 0.67694  mean 0.66074  best_so_far 0.67694  flips 300  evals 369
04:10:30     gen  13  best 0.68043  mean 0.66853  best_so_far 0.68043  flips 299  evals 397
04:10:33     gen  14  best 0.68571  mean 0.67283  best_so_far 0.68571  flips 300  evals 424
04:10:35     gen  15  best 0.68571  mean 0.67486  best_so_far 0.68571  flips 300  evals 454
04:10:38     gen  16  best 0.69694  mean 0.67822  best_so_far 0.69694  flips 297  evals 481
04:10:41     gen  17  best 0.70784  mean 0.68469  best_so_far 0.70784  flips 300  evals 510
04:10:44     gen  18  best 0.70784  mean 0.69128  best_so_far 0.70784  flips 300  evals 539
04:10:46     gen  19  best 0.71286  mean 0.69590  best_so_far 0.71286  flips 294  evals 566
04:10:49     gen  20  best 0.71305  mean 0.69862  best_so_far 0.71305  flips 294  evals 594
04:10:49      GA: 294/300 flips from pool 1000, 594 evals, 20 gens; influence-topk baseline dce=+0.20551 dacc=-0.1570
04:10:49      poisoned ce=0.71305 auc=0.5246 acc=0.6310 f1=0.2722  dce=+0.26186 dacc=-0.1710  k=294  [57.5s]
04:10:49   -- trial run0_sub1
04:10:53     gen   0  best 0.65671  mean 0.50676  best_so_far 0.65671  flips 300  evals 32
04:10:55     gen   1  best 0.65671  mean 0.53371  best_so_far 0.65671  flips 300  evals 61
04:10:58     gen   2  best 0.65671  mean 0.54819  best_so_far 0.65671  flips 300  evals 89
04:11:01     gen   3  best 0.65671  mean 0.56306  best_so_far 0.65671  flips 300  evals 119
04:11:04     gen   4  best 0.66241  mean 0.57063  best_so_far 0.66241  flips 299  evals 147
04:11:06     gen   5  best 0.66241  mean 0.56697  best_so_far 0.66241  flips 299  evals 175
04:11:09     gen   6  best 0.66241  mean 0.58816  best_so_far 0.66241  flips 299  evals 202
04:11:12     gen   7  best 0.66241  mean 0.61480  best_so_far 0.66241  flips 299  evals 230
04:11:14     gen   8  best 0.66248  mean 0.63767  best_so_far 0.66248  flips 298  evals 260
04:11:17     gen   9  best 0.67225  mean 0.65561  best_so_far 0.67225  flips 296  evals 289
04:11:20     gen  10  best 0.68046  mean 0.66269  best_so_far 0.68046  flips 300  evals 318
04:11:23     gen  11  best 0.68331  mean 0.66849  best_so_far 0.68331  flips 299  evals 345
04:11:25     gen  12  best 0.70682  mean 0.67413  best_so_far 0.70682  flips 300  evals 372
04:11:28     gen  13  best 0.71277  mean 0.68333  best_so_far 0.71277  flips 300  evals 399
04:11:30     gen  14  best 0.72842  mean 0.69456  best_so_far 0.72842  flips 294  evals 427
04:11:33     gen  15  best 0.73377  mean 0.70798  best_so_far 0.73377  flips 296  evals 456
04:11:36     gen  16  best 0.73404  mean 0.71561  best_so_far 0.73404  flips 297  evals 483
04:11:38     gen  17  best 0.74577  mean 0.72431  best_so_far 0.74577  flips 300  evals 510
04:11:41     gen  18  best 0.75063  mean 0.73310  best_so_far 0.75063  flips 297  evals 538
04:11:44     gen  19  best 0.75695  mean 0.73820  best_so_far 0.75695  flips 297  evals 567
04:11:47     gen  20  best 0.76117  mean 0.74521  best_so_far 0.76117  flips 298  evals 596
04:11:47      GA: 298/300 flips from pool 1000, 596 evals, 20 gens; influence-topk baseline dce=+0.20551 dacc=-0.1570
04:11:47      poisoned ce=0.76117 auc=0.5078 acc=0.6140 f1=0.2341  dce=+0.30997 dacc=-0.1880  k=298  [57.7s]
04:11:47   -- trial run1_sub0
04:11:50     gen   0  best 0.65671  mean 0.51224  best_so_far 0.65671  flips 300  evals 32
04:11:53     gen   1  best 0.65671  mean 0.53735  best_so_far 0.65671  flips 300  evals 62
04:11:56     gen   2  best 0.65753  mean 0.55839  best_so_far 0.65753  flips 300  evals 92
04:11:59     gen   3  best 0.65753  mean 0.57719  best_so_far 0.65753  flips 300  evals 122
04:12:01     gen   4  best 0.66209  mean 0.61651  best_so_far 0.66209  flips 294  evals 148
04:12:04     gen   5  best 0.66334  mean 0.64670  best_so_far 0.66334  flips 298  evals 176
04:12:07     gen   6  best 0.66334  mean 0.65425  best_so_far 0.66334  flips 298  evals 203
04:12:09     gen   7  best 0.67313  mean 0.65666  best_so_far 0.67313  flips 289  evals 231
04:12:12     gen   8  best 0.67313  mean 0.66062  best_so_far 0.67313  flips 289  evals 257
04:12:15     gen   9  best 0.68422  mean 0.66483  best_so_far 0.68422  flips 290  evals 287
04:12:17     gen  10  best 0.69700  mean 0.66942  best_so_far 0.69700  flips 289  evals 316
04:12:20     gen  11  best 0.69902  mean 0.67634  best_so_far 0.69902  flips 289  evals 344
04:12:23     gen  12  best 0.69902  mean 0.68445  best_so_far 0.69902  flips 289  evals 370
04:12:25     gen  13  best 0.71335  mean 0.69103  best_so_far 0.71335  flips 294  evals 397
04:12:28     gen  14  best 0.71539  mean 0.69962  best_so_far 0.71539  flips 292  evals 423
04:12:30     gen  15  best 0.71601  mean 0.70467  best_so_far 0.71601  flips 297  evals 449
04:12:33     gen  16  best 0.73044  mean 0.70785  best_so_far 0.73044  flips 295  evals 478
04:12:36     gen  17  best 0.74186  mean 0.71766  best_so_far 0.74186  flips 300  evals 507
04:12:38     gen  18  best 0.74186  mean 0.72254  best_so_far 0.74186  flips 300  evals 533
04:12:41     gen  19  best 0.75121  mean 0.73006  best_so_far 0.75121  flips 300  evals 563
04:12:44     gen  20  best 0.75730  mean 0.73443  best_so_far 0.75730  flips 293  evals 593
04:12:44      GA: 293/300 flips from pool 1000, 593 evals, 20 gens; influence-topk baseline dce=+0.20551 dacc=-0.1570
04:12:44      poisoned ce=0.75730 auc=0.5053 acc=0.6070 f1=0.2369  dce=+0.30610 dacc=-0.1950  k=293  [57.5s]
04:12:44   -- trial run1_sub1
04:12:48     gen   0  best 0.65671  mean 0.52120  best_so_far 0.65671  flips 300  evals 32
04:12:51     gen   1  best 0.65671  mean 0.54604  best_so_far 0.65671  flips 300  evals 62
04:12:53     gen   2  best 0.65671  mean 0.56366  best_so_far 0.65671  flips 300  evals 90
04:12:56     gen   3  best 0.66408  mean 0.58429  best_so_far 0.66408  flips 300  evals 117
04:12:59     gen   4  best 0.66408  mean 0.59722  best_so_far 0.66408  flips 300  evals 144
04:13:01     gen   5  best 0.66530  mean 0.62336  best_so_far 0.66530  flips 297  evals 172
04:13:04     gen   6  best 0.67442  mean 0.65746  best_so_far 0.67442  flips 300  evals 200
04:13:06     gen   7  best 0.67573  mean 0.66261  best_so_far 0.67573  flips 300  evals 227
04:13:09     gen   8  best 0.67997  mean 0.66566  best_so_far 0.67997  flips 300  evals 254
04:13:12     gen   9  best 0.68439  mean 0.67069  best_so_far 0.68439  flips 300  evals 282
04:13:14     gen  10  best 0.69168  mean 0.67722  best_so_far 0.69168  flips 299  evals 308
04:13:17     gen  11  best 0.69387  mean 0.68187  best_so_far 0.69387  flips 300  evals 335
04:13:20     gen  12  best 0.69559  mean 0.68606  best_so_far 0.69559  flips 299  evals 364
04:13:22     gen  13  best 0.70534  mean 0.68744  best_so_far 0.70534  flips 300  evals 391
04:13:25     gen  14  best 0.70534  mean 0.68985  best_so_far 0.70534  flips 300  evals 419
04:13:28     gen  15  best 0.70534  mean 0.69314  best_so_far 0.70534  flips 300  evals 447
04:13:30     gen  16  best 0.71236  mean 0.69656  best_so_far 0.71236  flips 300  evals 476
04:13:33     gen  17  best 0.71700  mean 0.70192  best_so_far 0.71700  flips 298  evals 505
04:13:36     gen  18  best 0.72226  mean 0.70813  best_so_far 0.72226  flips 298  evals 532
04:13:38     gen  19  best 0.73864  mean 0.71387  best_so_far 0.73864  flips 299  evals 561
04:13:41     gen  20  best 0.74903  mean 0.72205  best_so_far 0.74903  flips 299  evals 589
04:13:41      GA: 299/300 flips from pool 1000, 589 evals, 20 gens; influence-topk baseline dce=+0.20551 dacc=-0.1570
04:13:41      poisoned ce=0.74903 auc=0.5072 acc=0.5980 f1=0.2299  dce=+0.29784 dacc=-0.2040  k=299  [57.2s]
04:13:41   mean over 4 trials: dce=+0.29394 dacc=-0.1895 dauc=-0.2062  -> results/ga_smoke2/lcld_v2_ga
