03:20:00 [x-capgd] datasets/lcld_v2/splits/selected/natural/context_5000.csv (5000x28) -> datasets/lcld_v2/splits/test_attack_1000.csv (1000 of 1000)  k=1500 (30.0%)  attack_class=None  grid 1x1  cuda:1
03:20:04   clean  ce=0.45462 auc=0.7155 acc=0.8060 f1=0.1339  max|dp| over 3 repeats=0.00e+00  chunking_exact=True  [3.4s]
03:20:05   constraints=full (9 relations, dataset 'lcld_v2')  scaler=metadata  mutable 14/28  int 10  cat 5
03:20:05   -- trial run0_sub0
03:20:07     iter   0  obj 0.45457  best 0.45457  step 0.9500
03:20:09     iter   1  obj 0.37820  best 0.45457  step 0.9500
03:20:12     iter   2  obj 0.39693  best 0.45457  step 0.9500
03:20:14     iter   3  obj 0.23134  best 0.45457  step 0.9500
03:20:17     iter   4  obj 0.14618  best 0.45457  step 0.9500
03:20:19     iter   5  obj 0.12409  best 0.45457  step 0.9500
03:20:22     iter   6  obj 0.10117  best 0.45457  step 0.9500
03:20:24     iter   7  obj 0.00707  best 0.45457  step 0.9500
03:20:26     iter   8  obj -0.44763  best 0.45457  step 0.9500
03:20:29     iter   9  obj -0.10303  best 0.45457  step 0.9500
03:20:31     iter  10  obj 0.13941  best 0.45457  step 0.9500
03:20:34     iter  11  obj -0.71013  best 0.45457  step 0.9500
03:20:36     iter  12  obj 0.07736  best 0.45457  step 0.9500
03:20:38     iter  13  obj -0.02406  best 0.45457  step 0.9500
03:20:41     iter  14  obj -0.03674  best 0.45457  step 0.9500
03:20:43     iter  15  obj -0.42264  best 0.45457  step 0.9500
03:20:46     iter  16  obj -0.03918  best 0.45457  step 0.9500
03:20:48     iter  17  obj -0.38387  best 0.45457  step 0.9500
03:20:51     iter  18  obj -0.06980  best 0.45457  step 0.9500
03:20:53     iter  19  obj 0.18597  best 0.45457  step 0.9500
03:20:55     iter  20  obj 0.03182  best 0.45457  step 0.9500
03:20:58     iter  21  obj -0.02329  best 0.45457  step 0.9500
03:21:00     iter  22  obj 0.04727  best 0.45457  step 0.4750  halved
03:21:03     iter  23  obj 0.14906  best 0.45457  step 0.4750
03:21:05     iter  24  obj 0.37008  best 0.45457  step 0.4750
03:21:07     iter  25  obj 0.19161  best 0.45457  step 0.4750
03:21:10     iter  26  obj -0.30158  best 0.45457  step 0.4750
03:21:12     iter  27  obj 0.27269  best 0.45457  step 0.4750
03:21:15     iter  28  obj 0.07992  best 0.45457  step 0.4750
03:21:17     iter  29  obj -0.33821  best 0.45457  step 0.4750
03:21:19     iter  30  obj -0.31344  best 0.45457  step 0.4750
03:21:22     iter  31  obj -0.08782  best 0.45457  step 0.4750
03:21:24     iter  32  obj 0.15225  best 0.45457  step 0.4750
03:21:27     iter  33  obj 0.12054  best 0.45457  step 0.4750
03:21:29     iter  34  obj 0.12666  best 0.45457  step 0.4750
03:21:32     iter  35  obj -0.05263  best 0.45457  step 0.4750
03:21:34     iter  36  obj -0.23899  best 0.45457  step 0.4750
03:21:36     iter  37  obj -0.15430  best 0.45457  step 0.4750
03:21:39     iter  38  obj -0.20879  best 0.45457  step 0.4750
03:21:41     iter  39  obj -0.19148  best 0.45457  step 0.4750
03:21:44     iter  40  obj 0.11611  best 0.45457  step 0.4750
03:21:46     iter  41  obj 0.25427  best 0.45457  step 0.2375  halved
03:21:49     iter  42  obj 0.27793  best 0.45457  step 0.2375
03:21:51     iter  43  obj 0.41796  best 0.45457  step 0.2375
03:21:53     iter  44  obj 0.39463  best 0.45457  step 0.2375
03:21:56     iter  45  obj 0.41460  best 0.45457  step 0.2375
03:21:58     iter  46  obj 0.32528  best 0.45457  step 0.2375
03:22:01     iter  47  obj 0.26223  best 0.45457  step 0.2375
03:22:03     iter  48  obj 0.31952  best 0.45457  step 0.2375
03:22:05     iter  49  obj 0.20537  best 0.45457  step 0.2375
03:22:08     iter  50  obj 0.12733  best 0.45457  step 0.2375
03:22:10     iter  51  obj 0.33192  best 0.45457  step 0.2375
03:22:13     iter  52  obj 0.32342  best 0.45457  step 0.2375
03:22:15     iter  53  obj -0.09213  best 0.45457  step 0.2375
03:22:18     iter  54  obj 0.15557  best 0.45457  step 0.2375
03:22:20     iter  55  obj 0.25025  best 0.45457  step 0.2375
03:22:22     iter  56  obj 0.37427  best 0.45457  step 0.2375
03:22:25     iter  57  obj 0.14468  best 0.45457  step 0.1187  halved
03:22:27     iter  58  obj 0.33265  best 0.45457  step 0.1187
03:22:30     iter  59  obj 0.44585  best 0.45457  step 0.1187
03:22:32     iter  60  obj 0.44650  best 0.45457  step 0.1187
03:22:34     iter  61  obj 0.46102  best 0.46102  step 0.1187  *
03:22:37     iter  62  obj 0.43426  best 0.46102  step 0.1187
03:22:39     iter  63  obj 0.45341  best 0.46102  step 0.1187
03:22:42     iter  64  obj 0.42617  best 0.46102  step 0.1187
03:22:44     iter  65  obj 0.32492  best 0.46102  step 0.1187
03:22:47     iter  66  obj 0.25994  best 0.46102  step 0.1187
03:22:49     iter  67  obj 0.44357  best 0.46102  step 0.1187
03:22:51     iter  68  obj 0.34161  best 0.46102  step 0.1187
03:22:54     iter  69  obj 0.33181  best 0.46102  step 0.1187
03:22:56     iter  70  obj 0.40677  best 0.46102  step 0.0594  halved
03:22:59     iter  71  obj 0.39322  best 0.46102  step 0.0594
03:23:01     iter  72  obj 0.45485  best 0.46102  step 0.0594
03:23:03     iter  73  obj 0.44520  best 0.46102  step 0.0594
03:23:06     iter  74  obj 0.43706  best 0.46102  step 0.0594
03:23:08     iter  75  obj 0.45398  best 0.46102  step 0.0594
03:23:11     iter  76  obj 0.44172  best 0.46102  step 0.0594
03:23:13     iter  77  obj 0.46142  best 0.46142  step 0.0594  *
03:23:15     iter  78  obj 0.46310  best 0.46310  step 0.0594  *
03:23:18     iter  79  obj 0.46070  best 0.46310  step 0.0594
03:23:20     iter  80  obj 0.46699  best 0.46699  step 0.0297  *  halved
03:23:23     iter  81  obj 0.47296  best 0.47296  step 0.0297  *
03:23:25     iter  82  obj 0.47822  best 0.47822  step 0.0297  *
03:23:28     iter  83  obj 0.48314  best 0.48314  step 0.0297  *
03:23:30     iter  84  obj 0.46669  best 0.48314  step 0.0297
03:23:32     iter  85  obj 0.47875  best 0.48314  step 0.0297
03:23:35     iter  86  obj 0.47383  best 0.48314  step 0.0297
03:23:37     iter  87  obj 0.48979  best 0.48979  step 0.0148  *  halved
03:23:40     iter  88  obj 0.47269  best 0.48979  step 0.0148
03:23:42     iter  89  obj 0.47664  best 0.48979  step 0.0148
03:23:44     iter  90  obj 0.48505  best 0.48979  step 0.0148
03:23:47     iter  91  obj 0.49186  best 0.49186  step 0.0148  *
03:23:49     iter  92  obj 0.49824  best 0.49824  step 0.0148  *
03:23:52     iter  93  obj 0.50599  best 0.50599  step 0.0148  *
03:23:54     iter  94  obj 0.51336  best 0.51336  step 0.0148  *
03:23:57     iter  95  obj 0.52229  best 0.52229  step 0.0148  *
03:23:59     iter  96  obj 0.52810  best 0.52810  step 0.0148  *
03:24:01     iter  97  obj 0.51515  best 0.52810  step 0.0148
03:24:04     iter  98  obj 0.52319  best 0.52810  step 0.0148
03:24:06     iter  99  obj 0.52163  best 0.52810  step 0.0074  halved
03:24:09     iter 100  obj 0.53922  best 0.53922  step 0.0074  *
03:24:09      poisoned ce=0.53515 auc=0.6550 acc=0.7940 f1=0.0463  dce=+0.08052 dacc=-0.0120  k=1500  [244.9s]
03:24:09   mean over 1 trials: dce=+0.08052 dacc=-0.0120 dauc=-0.0605  -> results/niter_long/lcld_v2_rs3_it100

