14:37:38 xgboost: train=/home/ssn899/Desktop/TabFM/datasets/coil2000_insurance_policies/splits/selected/natural/context_5000.csv (5000 rows)  test=/home/ssn899/Desktop/TabFM/datasets/coil2000_insurance_policies/splits/test_attack_1000.csv (1000 rows)  target=MobileHomePolicy  drop=()
14:37:38 rebuilt 5 per-run-best contexts from /home/ssn899/Desktop/TabFM/results/main_experiments/coil2000_insurance_policies/x-capgd_random_r004: run0_sub0, run1_sub0, run2_sub2, run3_sub0, run4_sub0  (attack=x-capgd, R=4.0%, k=200)
14:37:38 clean val=/home/ssn899/Desktop/TabFM/datasets/coil2000_insurance_policies/splits/val_2000.csv (2000 rows)
14:37:38 
== protocol A: validation is an internal split of the given context (poisoned when the context is)
14:37:38     clean baseline: 5 fits reused from /home/ssn899/Desktop/TabFM/results/xgb_transfer/_clean_cache/clean_156b18730ea5f8a16ad85d95.json
14:37:38     poisoned (5 contexts)
14:37:38     -- run0_sub0
14:37:47       seed 0: ce=0.20191 acc=0.9410 bacc=0.5000 mcc=0.0000 (iters=38, 8s)
14:37:47     -- run1_sub0
14:38:00       seed 1: ce=0.20746 acc=0.9400 bacc=0.4995 mcc=-0.0079 (iters=487, 13s)
14:38:00     -- run2_sub2
14:38:08       seed 2: ce=0.20380 acc=0.9410 bacc=0.5000 mcc=0.0000 (iters=97, 9s)
14:38:08     -- run3_sub0
14:38:18       seed 3: ce=0.20362 acc=0.9380 bacc=0.4984 mcc=-0.0137 (iters=156, 9s)
14:38:18     -- run4_sub0
14:38:34       seed 4: ce=0.20150 acc=0.9410 bacc=0.5000 mcc=0.0000 (iters=705, 16s)
14:38:34 
  protocol A -- validation is an internal split of the given context (poisoned when the context is)
14:38:34     metric                          clean          poisoned             delta      rel% |          TabPFN d  TabPFN rel%  transfer%
14:38:34     -------------------------------------------------------------------------------------------------------------------------------
14:38:34     ce                    0.2028 ± 0.0042   0.2037 ± 0.0021  +0.0008 ± 0.0056      +0.4 |  +0.0023 ± 0.0009         +1.1        +36
14:38:34     accuracy              0.9410 ± 0.0000   0.9402 ± 0.0012  -0.0008 ± 0.0012      -0.1 |  +0.0000 ± 0.0000         +0.0          -
14:38:34     balanced_accuracy     0.5000 ± 0.0000   0.4996 ± 0.0006  -0.0004 ± 0.0006      -0.1 |  +0.0000 ± 0.0000         +0.0          -
14:38:34     mcc                   0.0000 ± 0.0000  -0.0043 ± 0.0056  -0.0043 ± 0.0056         - |  +0.0000 ± 0.0000            -          -
14:38:34     roc_auc               0.7359 ± 0.0219   0.7406 ± 0.0038  +0.0047 ± 0.0231      +0.6 |  -0.0092 ± 0.0042         -1.3        -51
14:38:34     f1                    0.0000 ± 0.0000   0.0000 ± 0.0000  +0.0000 ± 0.0000         - |  +0.0000 ± 0.0000            -          -
14:38:34     transfer% = XGBoost delta / TabPFNv2 delta; 100 means the poison hurts both equally.
14:38:34     '~' marks a ratio whose denominator is near zero or inside its own spread -- read the absolute columns there.
14:38:34 
== protocol B: validation is the separate clean --val file
14:38:34     clean baseline: 5 fits reused from /home/ssn899/Desktop/TabFM/results/xgb_transfer/_clean_cache/clean_c4f0e36e0ee1f7d8a8f9bce8.json
14:38:34     poisoned (5 contexts)
14:38:34     -- run0_sub0
14:38:46       seed 0: ce=0.19980 acc=0.9410 bacc=0.5000 mcc=0.0000 (iters=292, 12s)
14:38:46     -- run1_sub0
14:38:56       seed 1: ce=0.20024 acc=0.9410 bacc=0.5000 mcc=0.0000 (iters=236, 10s)
14:38:56     -- run2_sub2
14:39:08       seed 2: ce=0.19894 acc=0.9410 bacc=0.5000 mcc=0.0000 (iters=136, 12s)
14:39:08     -- run3_sub0
14:39:17       seed 3: ce=0.19995 acc=0.9410 bacc=0.5000 mcc=0.0000 (iters=137, 9s)
14:39:17     -- run4_sub0
14:39:32       seed 4: ce=0.19849 acc=0.9410 bacc=0.5000 mcc=0.0000 (iters=615, 15s)
14:39:32 
  protocol B -- validation is the separate clean --val file
14:39:32     metric                          clean          poisoned             delta      rel% |          TabPFN d  TabPFN rel%  transfer%
14:39:32     -------------------------------------------------------------------------------------------------------------------------------
14:39:32     ce                    0.1992 ± 0.0015   0.1995 ± 0.0007  +0.0002 ± 0.0015      +0.1 |  +0.0023 ± 0.0009         +1.1        +11
14:39:32     accuracy              0.9410 ± 0.0000   0.9410 ± 0.0000  +0.0000 ± 0.0000      +0.0 |  +0.0000 ± 0.0000         +0.0          -
14:39:32     balanced_accuracy     0.5000 ± 0.0000   0.5000 ± 0.0000  +0.0000 ± 0.0000      +0.0 |  +0.0000 ± 0.0000         +0.0          -
14:39:32     mcc                   0.0000 ± 0.0000   0.0000 ± 0.0000  +0.0000 ± 0.0000         - |  +0.0000 ± 0.0000            -          -
14:39:32     roc_auc               0.7533 ± 0.0058   0.7518 ± 0.0038  -0.0015 ± 0.0066      -0.2 |  -0.0092 ± 0.0042         -1.3        +16
14:39:32     f1                    0.0000 ± 0.0000   0.0000 ± 0.0000  +0.0000 ± 0.0000         - |  +0.0000 ± 0.0000            -          -
14:39:32     transfer% = XGBoost delta / TabPFNv2 delta; 100 means the poison hurts both equally.
14:39:32     '~' marks a ratio whose denominator is near zero or inside its own spread -- read the absolute columns there.
14:39:32 
wrote /home/ssn899/Desktop/TabFM/results/xgb_transfer/coil2000_insurance_policies/x-capgd_random_r004/summary.json
