14:49:16 xgboost: train=/home/ssn899/Desktop/TabFM/datasets/coil2000_insurance_policies/splits/selected/natural/context_5000.csv (5000 rows)  test=/home/ssn899/Desktop/TabFM/datasets/coil2000_insurance_policies/splits/test_attack_1000.csv (1000 rows)  target=MobileHomePolicy  drop=()
14:49:16 rebuilt 5 per-run-best contexts from /home/ssn899/Desktop/TabFM/results/main_experiments/coil2000_insurance_policies/label-flip_random_r064: run0_sub0, run1_sub0, run2_sub0, run3_sub0, run4_sub0  (attack=label-flip, R=64.0%, k=3200)
14:49:16 clean val=/home/ssn899/Desktop/TabFM/datasets/coil2000_insurance_policies/splits/val_2000.csv (2000 rows)
14:49:16 
== protocol A: validation is an internal split of the given context (poisoned when the context is)
14:49:16     clean baseline: 5 fits reused from /home/ssn899/Desktop/TabFM/results/xgb_transfer/_clean_cache/clean_156b18730ea5f8a16ad85d95.json
14:49:16     poisoned (5 contexts)
14:49:16     -- run0_sub0
14:49:47       seed 0: ce=1.70648 acc=0.2900 bacc=0.3686 mcc=-0.1358 (iters=1997, 31s)
14:49:47     -- run1_sub0
14:50:30       seed 1: ce=1.83836 acc=0.2950 bacc=0.3633 mcc=-0.1403 (iters=1931, 43s)
14:50:30     -- run2_sub0
14:51:08       seed 2: ce=1.81375 acc=0.2940 bacc=0.3707 mcc=-0.1331 (iters=1452, 38s)
14:51:08     -- run3_sub0
14:51:24       seed 3: ce=1.86479 acc=0.2940 bacc=0.3866 mcc=-0.1172 (iters=133, 16s)
14:51:24     -- run4_sub0
14:51:46       seed 4: ce=1.94335 acc=0.2860 bacc=0.3426 mcc=-0.1623 (iters=486, 22s)
14:51:46 
  protocol A -- validation is an internal split of the given context (poisoned when the context is)
14:51:46     metric                          clean          poisoned             delta      rel% |          TabPFN d  TabPFN rel%  transfer%
14:51:46     -------------------------------------------------------------------------------------------------------------------------------
14:51:46     ce                    0.2028 ± 0.0042   1.8333 ± 0.0769  +1.6305 ± 0.0802    +803.9 |  +1.6796 ± 0.0123       +829.6        +97
14:51:46     accuracy              0.9410 ± 0.0000   0.2918 ± 0.0034  -0.6492 ± 0.0034     -69.0 |  -0.6046 ± 0.0037        -64.3       +107
14:51:46     balanced_accuracy     0.5000 ± 0.0000   0.3663 ± 0.0142  -0.1337 ± 0.0142     -26.7 |  -0.1147 ± 0.0020        -22.9       +117
14:51:46     mcc                   0.0000 ± 0.0000  -0.1378 ± 0.0145  -0.1378 ± 0.0145         - |  -0.1139 ± 0.0023            -       +121
14:51:46     roc_auc               0.7359 ± 0.0219   0.3162 ± 0.0127  -0.4197 ± 0.0161     -57.0 |  -0.4157 ± 0.0031        -56.4       +101
14:51:46     f1                    0.0000 ± 0.0000   0.0699 ± 0.0042  +0.0699 ± 0.0042         - |  +0.0727 ± 0.0004            -        +96
14:51:46     transfer% = XGBoost delta / TabPFNv2 delta; 100 means the poison hurts both equally.
14:51:46     '~' marks a ratio whose denominator is near zero or inside its own spread -- read the absolute columns there.
14:51:46 
== protocol B: validation is the separate clean --val file
14:51:46     clean baseline: 5 fits reused from /home/ssn899/Desktop/TabFM/results/xgb_transfer/_clean_cache/clean_c4f0e36e0ee1f7d8a8f9bce8.json
14:51:46     poisoned (5 contexts)
14:51:46     -- run0_sub0
14:51:52       seed 0: ce=0.97354 acc=0.0590 bacc=0.5000 mcc=0.0000 (iters=0, 6s)
14:51:52     -- run1_sub0
14:51:58       seed 1: ce=0.97153 acc=0.0590 bacc=0.5000 mcc=0.0000 (iters=0, 6s)
14:51:58     -- run2_sub0
14:52:05       seed 2: ce=0.97151 acc=0.0590 bacc=0.5000 mcc=0.0000 (iters=0, 6s)
14:52:05     -- run3_sub0
14:52:11       seed 3: ce=0.97477 acc=0.0590 bacc=0.5000 mcc=0.0000 (iters=0, 6s)
14:52:11     -- run4_sub0
14:52:17       seed 4: ce=0.97303 acc=0.0590 bacc=0.5000 mcc=0.0000 (iters=0, 6s)
14:52:17 
  protocol B -- validation is the separate clean --val file
14:52:17     metric                          clean          poisoned             delta      rel% |          TabPFN d  TabPFN rel%  transfer%
14:52:17     -------------------------------------------------------------------------------------------------------------------------------
14:52:17     ce                    0.1992 ± 0.0015   0.9729 ± 0.0012  +0.7736 ± 0.0008    +388.3 |  +1.6796 ± 0.0123       +829.6        +46
14:52:17     accuracy              0.9410 ± 0.0000   0.0590 ± 0.0000  -0.8820 ± 0.0000     -93.7 |  -0.6046 ± 0.0037        -64.3       +146
14:52:17     balanced_accuracy     0.5000 ± 0.0000   0.5000 ± 0.0000  +0.0000 ± 0.0000      +0.0 |  -0.1147 ± 0.0020        -22.9         -0
14:52:17     mcc                   0.0000 ± 0.0000   0.0000 ± 0.0000  +0.0000 ± 0.0000         - |  -0.1139 ± 0.0023            -         -0
14:52:17     roc_auc               0.7533 ± 0.0058   0.3954 ± 0.0315  -0.3578 ± 0.0335     -47.5 |  -0.4157 ± 0.0031        -56.4        +86
14:52:17     f1                    0.0000 ± 0.0000   0.1114 ± 0.0000  +0.1114 ± 0.0000         - |  +0.0727 ± 0.0004            -       +153
14:52:17     transfer% = XGBoost delta / TabPFNv2 delta; 100 means the poison hurts both equally.
14:52:17     '~' marks a ratio whose denominator is near zero or inside its own spread -- read the absolute columns there.
14:52:17 
wrote /home/ssn899/Desktop/TabFM/results/xgb_transfer/coil2000_insurance_policies/label-flip_random_r064/summary.json
