13:35:18 [x-capgd] datasets/url_unique/splits/selected/natural/context_5000.csv (5000x63) -> datasets/url_unique/splits/test_attack_1000.csv (1000 of 1000)  k=1500 (30.0%)  attack_class=None  grid 1x1  cuda:1
13:35:22   clean  ce=0.09328 auc=0.9935 acc=0.9650 f1=0.9644  max|dp| over 3 repeats=0.00e+00  chunking_exact=True  [3.2s]
13:35:22   constraints=full (14 relations, dataset 'url_unique')  scaler=metadata  mutable 63/63  int 58  cat 0
13:35:22   -- trial run0_sub0
13:35:24     iter   0  obj 0.09328  best 0.09328  step 0.9500
13:35:27     iter   1  obj -4.27469  best 0.09328  step 0.9500
13:35:29     iter   2  obj -0.21677  best 0.09328  step 0.9500
13:35:31     iter   3  obj -0.11837  best 0.09328  step 0.9500
13:35:33     iter   4  obj -0.24454  best 0.09328  step 0.9500
13:35:35     iter   5  obj -0.70434  best 0.09328  step 0.4750  halved
13:35:37     iter   6  obj -5.02044  best 0.09328  step 0.4750
13:35:40     iter   7  obj -0.13228  best 0.09328  step 0.4750
13:35:42     iter   8  obj -0.07906  best 0.09328  step 0.4750
13:35:44     iter   9  obj -0.05539  best 0.09328  step 0.2375  halved
13:35:46     iter  10  obj -3.64946  best 0.09328  step 0.2375
13:35:48     iter  11  obj 0.07253  best 0.09328  step 0.2375
13:35:51     iter  12  obj -0.02164  best 0.09328  step 0.1188  halved
13:35:53     iter  13  obj -3.10077  best 0.09328  step 0.1188
13:35:55     iter  14  obj 0.05541  best 0.09328  step 0.0594  halved
13:35:57     iter  15  obj 0.09406  best 0.09406  step 0.0594  *
13:35:59     iter  16  obj 0.05011  best 0.09406  step 0.0297  halved
13:36:02     iter  17  obj 0.09999  best 0.09999  step 0.0297  *
13:36:04     iter  18  obj 0.12807  best 0.12807  step 0.0297  *
13:36:06     iter  19  obj 0.11069  best 0.12807  step 0.0148  halved
13:36:08     iter  20  obj 0.13183  best 0.13183  step 0.0148  *
13:36:10     iter  21  obj 0.17453  best 0.17453  step 0.0148  *
13:36:12     iter  22  obj 0.12920  best 0.17453  step 0.0074  halved
13:36:15     iter  23  obj 0.16346  best 0.17453  step 0.0074
13:36:17     iter  24  obj 0.21477  best 0.21477  step 0.0074  *
13:36:19     iter  25  obj 0.30895  best 0.30895  step 0.0074  *
13:36:20      poisoned ce=0.12567 auc=0.9901 acc=0.9630 f1=0.9627  dce=+0.03239 dacc=-0.0020  k=1500  [58.4s]
13:36:20   mean over 1 trials: dce=+0.03239 dacc=-0.0020 dauc=-0.0034  -> results/niter_sweep_final/url_unique_rs2_it25
