23:25:53 [x-capgd] /home/ssn899/Desktop/TabFM/datasets/wids/splits/selected/natural/context_5000.csv (5000x108) -> /home/ssn899/Desktop/TabFM/datasets/wids/splits/test_attack_1000.csv (1000 of 1000)  k=800 (16.0%)  attack_class=None  grid 5x3  cuda:3
23:25:59   clean  ce=0.20899 auc=0.8795 acc=0.9250 f1=0.4361  max|dp| over 3 repeats=0.00e+00  chunking_exact=True  [5.1s]
23:25:59   constraints=full (31 relations, dataset 'wids')  scaler=metadata  mutable 108/108  int 60  cat 9
23:25:59   -- trial run0_sub0
23:26:03     iter   0  obj -0.14539  best -0.14539  step 0.9500
23:26:06     iter   1  obj -6.32463  best -0.14539  step 0.9500
23:26:10     iter   2  obj 0.03037  best 0.03037  step 0.9500  *
23:26:14     iter   3  obj -0.42470  best 0.03037  step 0.9500
23:26:17     iter   4  obj -1.83516  best 0.03037  step 0.9500
23:26:21     iter   5  obj -1.04202  best 0.03037  step 0.9500
23:26:25     iter   6  obj -2.66401  best 0.03037  step 0.9500
23:26:29     iter   7  obj -2.02535  best 0.03037  step 0.9500
23:26:32     iter   8  obj -0.20939  best 0.03037  step 0.4750  halved
23:26:36     iter   9  obj -10.00094  best 0.03037  step 0.4750
23:26:40     iter  10  obj -0.23913  best 0.03037  step 0.4750
23:26:43     iter  11  obj -0.40409  best 0.03037  step 0.4750
23:26:47     iter  12  obj 0.00434  best 0.03037  step 0.4750
23:26:51     iter  13  obj -0.31085  best 0.03037  step 0.4750
23:26:54     iter  14  obj -0.55727  best 0.03037  step 0.4750
23:26:58     iter  15  obj -0.23768  best 0.03037  step 0.2375  halved
23:27:02     iter  16  obj -8.75395  best 0.03037  step 0.2375
23:27:06     iter  17  obj -0.52462  best 0.03037  step 0.2375
23:27:09     iter  18  obj -0.10138  best 0.03037  step 0.2375
23:27:13     iter  19  obj -0.25171  best 0.03037  step 0.2375
23:27:17     iter  20  obj -0.08280  best 0.03037  step 0.2375
23:27:20     iter  21  obj 0.05240  best 0.05240  step 0.1188  *  halved
23:27:24     iter  22  obj 0.14968  best 0.14968  step 0.1188  *
23:27:28     iter  23  obj 0.11221  best 0.14968  step 0.1188
23:27:31     iter  24  obj 0.09233  best 0.14968  step 0.1188
23:27:35     iter  25  obj 0.17711  best 0.17711  step 0.1188  *
23:27:39     iter  26  obj 0.15687  best 0.17711  step 0.0594  halved
23:27:43     iter  27  obj 0.20777  best 0.20777  step 0.0594  *
23:27:46     iter  28  obj 0.21144  best 0.21144  step 0.0594  *
23:27:50     iter  29  obj 0.21356  best 0.21356  step 0.0594  *
23:27:54     iter  30  obj 0.18662  best 0.21356  step 0.0297  halved
23:27:57     iter  31  obj 0.22556  best 0.22556  step 0.0297  *
23:28:01     iter  32  obj 0.23917  best 0.23917  step 0.0297  *
23:28:05     iter  33  obj 0.23631  best 0.23917  step 0.0148  halved
23:28:08     iter  34  obj 0.24733  best 0.24733  step 0.0148  *
23:28:12     iter  35  obj 0.25399  best 0.25399  step 0.0148  *
23:28:16     iter  36  obj 0.28108  best 0.28108  step 0.0148  *
23:28:20     iter  37  obj 0.27159  best 0.28108  step 0.0074  halved
23:28:23     iter  38  obj 0.27817  best 0.28108  step 0.0074
23:28:27     iter  39  obj 0.29700  best 0.29700  step 0.0074  *
23:28:31     iter  40  obj 0.29656  best 0.29700  step 0.0074
23:28:33      poisoned ce=0.23930 auc=0.8469 acc=0.9170 f1=0.3759  dce=+0.03031 dacc=-0.0080  k=800  [154.1s]
23:28:33   -- trial run0_sub1
23:28:37     iter   0  obj 0.07874  best 0.07874  step 0.9500
23:28:40     iter   1  obj -6.14339  best 0.07874  step 0.9500
23:28:44     iter   2  obj 0.01933  best 0.07874  step 0.9500
23:28:48     iter   3  obj -0.37606  best 0.07874  step 0.9500
23:28:52     iter   4  obj -0.29676  best 0.07874  step 0.9500
23:28:55     iter   5  obj -0.15769  best 0.07874  step 0.9500
23:28:59     iter   6  obj -0.68970  best 0.07874  step 0.9500
23:29:03     iter   7  obj -1.93910  best 0.07874  step 0.9500
23:29:06     iter   8  obj -0.05240  best 0.07874  step 0.4750  halved
23:29:10     iter   9  obj -15.66111  best 0.07874  step 0.4750
23:29:14     iter  10  obj -1.30994  best 0.07874  step 0.4750
23:29:17     iter  11  obj 0.01027  best 0.07874  step 0.4750
23:29:21     iter  12  obj 0.06189  best 0.07874  step 0.4750
23:29:25     iter  13  obj -0.12977  best 0.07874  step 0.4750
23:29:29     iter  14  obj -0.12033  best 0.07874  step 0.4750
23:29:32     iter  15  obj -0.41725  best 0.07874  step 0.2375  halved
23:29:36     iter  16  obj -27.48515  best 0.07874  step 0.2375
23:29:40     iter  17  obj -2.18132  best 0.07874  step 0.2375
23:29:43     iter  18  obj 0.04289  best 0.07874  step 0.2375
23:29:47     iter  19  obj 0.14034  best 0.14034  step 0.2375  *
23:29:51     iter  20  obj -0.02873  best 0.14034  step 0.2375
23:29:54     iter  21  obj 0.03158  best 0.14034  step 0.1188  halved
23:29:58     iter  22  obj 0.18247  best 0.18247  step 0.1188  *
23:30:02     iter  23  obj 0.17015  best 0.18247  step 0.1188
23:30:06     iter  24  obj 0.12392  best 0.18247  step 0.1188
23:30:09     iter  25  obj 0.07700  best 0.18247  step 0.1188
23:30:13     iter  26  obj 0.13321  best 0.18247  step 0.0594  halved
23:30:17     iter  27  obj -0.11350  best 0.18247  step 0.0594
23:30:20     iter  28  obj 0.18459  best 0.18459  step 0.0594  *
23:30:24     iter  29  obj 0.18936  best 0.18936  step 0.0594  *
23:30:28     iter  30  obj 0.19349  best 0.19349  step 0.0297  *  halved
23:30:31     iter  31  obj 0.21440  best 0.21440  step 0.0297  *
23:30:35     iter  32  obj 0.20884  best 0.21440  step 0.0297
23:30:39     iter  33  obj 0.20300  best 0.21440  step 0.0148  halved
23:30:43     iter  34  obj 0.21823  best 0.21823  step 0.0148  *
23:30:46     iter  35  obj 0.21425  best 0.21823  step 0.0074  halved
23:30:50     iter  36  obj 0.21504  best 0.21823  step 0.0074
23:30:54     iter  37  obj 0.22228  best 0.22228  step 0.0074  *
23:30:57     iter  38  obj 0.21722  best 0.22228  step 0.0074
23:31:01     iter  39  obj 0.22680  best 0.22680  step 0.0037  *  halved
23:31:05     iter  40  obj 0.23285  best 0.23285  step 0.0037  *
23:31:07      poisoned ce=0.23339 auc=0.8473 acc=0.9210 f1=0.4060  dce=+0.02441 dacc=-0.0040  k=800  [154.1s]
23:31:07   -- trial run0_sub2
23:31:11     iter   0  obj -0.09314  best -0.09314  step 0.9500
23:31:15     iter   1  obj -5.92487  best -0.09314  step 0.9500
23:31:18     iter   2  obj 0.05328  best 0.05328  step 0.9500  *
23:31:22     iter   3  obj -0.13060  best 0.05328  step 0.9500
23:31:26     iter   4  obj -0.50678  best 0.05328  step 0.9500
23:31:29     iter   5  obj -0.23339  best 0.05328  step 0.9500
23:31:33     iter   6  obj -0.70021  best 0.05328  step 0.9500
23:31:37     iter   7  obj -2.07696  best 0.05328  step 0.9500
23:31:40     iter   8  obj -0.18886  best 0.05328  step 0.4750  halved
23:31:44     iter   9  obj -9.85167  best 0.05328  step 0.4750
23:31:48     iter  10  obj -0.20828  best 0.05328  step 0.4750
23:31:52     iter  11  obj 0.04775  best 0.05328  step 0.4750
23:31:55     iter  12  obj -0.08396  best 0.05328  step 0.4750
23:31:59     iter  13  obj -0.58672  best 0.05328  step 0.4750
23:32:03     iter  14  obj -0.13682  best 0.05328  step 0.4750
23:32:06     iter  15  obj 0.01277  best 0.05328  step 0.2375  halved
23:32:10     iter  16  obj -7.98786  best 0.05328  step 0.2375
23:32:14     iter  17  obj -0.42274  best 0.05328  step 0.2375
23:32:17     iter  18  obj 0.11952  best 0.11952  step 0.2375  *
23:32:21     iter  19  obj 0.12404  best 0.12404  step 0.2375  *
23:32:25     iter  20  obj 0.03506  best 0.12404  step 0.2375
23:32:29     iter  21  obj -0.19870  best 0.12404  step 0.1188  halved
23:32:32     iter  22  obj 0.19561  best 0.19561  step 0.1188  *
23:32:36     iter  23  obj 0.09781  best 0.19561  step 0.1188
23:32:40     iter  24  obj 0.17573  best 0.19561  step 0.1188
23:32:43     iter  25  obj 0.18288  best 0.19561  step 0.1188
23:32:47     iter  26  obj 0.12169  best 0.19561  step 0.0594  halved
23:32:51     iter  27  obj -0.06284  best 0.19561  step 0.0594
23:32:54     iter  28  obj 0.20707  best 0.20707  step 0.0594  *
23:32:58     iter  29  obj 0.21902  best 0.21902  step 0.0594  *
23:33:02     iter  30  obj 0.21954  best 0.21954  step 0.0297  *  halved
23:33:06     iter  31  obj 0.23875  best 0.23875  step 0.0297  *
23:33:09     iter  32  obj 0.22877  best 0.23875  step 0.0297
23:33:13     iter  33  obj 0.22666  best 0.23875  step 0.0148  halved
23:33:17     iter  34  obj 0.25215  best 0.25215  step 0.0148  *
23:33:20     iter  35  obj 0.22716  best 0.25215  step 0.0074  halved
23:33:24     iter  36  obj 0.24645  best 0.25215  step 0.0074
23:33:28     iter  37  obj 0.26886  best 0.26886  step 0.0074  *
23:33:31     iter  38  obj 0.25768  best 0.26886  step 0.0074
23:33:35     iter  39  obj 0.27523  best 0.27523  step 0.0037  *  halved
23:33:39     iter  40  obj 0.28679  best 0.28679  step 0.0037  *
23:33:41      poisoned ce=0.23908 auc=0.8475 acc=0.9190 f1=0.3910  dce=+0.03009 dacc=-0.0060  k=800  [154.1s]
23:33:41   -- trial run1_sub0
[W915 23:33:41.984951994 CUDACachingAllocator.cpp:3934] memory allocation failed with OOM on device 3 while trying to allocate 253755392 bytes (free: 252706816, total: 99951706112).
23:33:45     iter   0  obj -30.56850  best -30.56850  step 0.9500
23:33:49     iter   1  obj -0.19148  best -0.19148  step 0.9500  *
23:33:53     iter   2  obj -0.16978  best -0.16978  step 0.9500  *
23:33:56     iter   3  obj -1.26480  best -0.16978  step 0.9500
23:34:00     iter   4  obj -0.65034  best -0.16978  step 0.9500
23:34:04     iter   5  obj -0.54066  best -0.16978  step 0.9500
23:34:08     iter   6  obj -2.14077  best -0.16978  step 0.9500
23:34:11     iter   7  obj -0.21327  best -0.16978  step 0.9500
23:34:15     iter   8  obj -0.32607  best -0.16978  step 0.4750  halved
23:34:19     iter   9  obj -8.26431  best -0.16978  step 0.4750
23:34:23     iter  10  obj -0.23210  best -0.16978  step 0.4750
23:34:27     iter  11  obj -0.15897  best -0.15897  step 0.4750  *
23:34:30     iter  12  obj -0.27645  best -0.15897  step 0.4750
23:34:34     iter  13  obj -0.31737  best -0.15897  step 0.4750
23:34:38     iter  14  obj -0.67733  best -0.15897  step 0.4750
23:34:42     iter  15  obj -0.38627  best -0.15897  step 0.2375  halved
23:34:45     iter  16  obj -2.20949  best -0.15897  step 0.2375
23:34:49     iter  17  obj 0.07622  best 0.07622  step 0.2375  *
23:34:53     iter  18  obj 0.00261  best 0.07622  step 0.2375
23:34:57     iter  19  obj -0.05271  best 0.07622  step 0.2375
23:35:00     iter  20  obj 0.09640  best 0.09640  step 0.2375  *
23:35:04     iter  21  obj -0.01496  best 0.09640  step 0.1188  halved
23:35:08     iter  22  obj 0.15135  best 0.15135  step 0.1188  *
23:35:12     iter  23  obj 0.14952  best 0.15135  step 0.1188
23:35:16     iter  24  obj 0.12012  best 0.15135  step 0.1188
23:35:19     iter  25  obj 0.10903  best 0.15135  step 0.1188
23:35:23     iter  26  obj 0.12695  best 0.15135  step 0.0594  halved
23:35:27     iter  27  obj -0.02874  best 0.15135  step 0.0594
23:35:31     iter  28  obj 0.18568  best 0.18568  step 0.0594  *
23:35:34     iter  29  obj 0.18267  best 0.18568  step 0.0594
23:35:38     iter  30  obj 0.19988  best 0.19988  step 0.0297  *  halved
23:35:42     iter  31  obj 0.20513  best 0.20513  step 0.0297  *
23:35:46     iter  32  obj 0.22934  best 0.22934  step 0.0297  *
23:35:49     iter  33  obj 0.24619  best 0.24619  step 0.0297  *
23:35:53     iter  34  obj 0.22865  best 0.24619  step 0.0297
23:35:57     iter  35  obj 0.24168  best 0.24619  step 0.0148  halved
23:36:01     iter  36  obj 0.23941  best 0.24619  step 0.0148
23:36:05     iter  37  obj 0.26109  best 0.26109  step 0.0074  *  halved
23:36:08     iter  38  obj 0.26161  best 0.26161  step 0.0074  *
23:36:12     iter  39  obj 0.27532  best 0.27532  step 0.0074  *
23:36:16     iter  40  obj 0.27892  best 0.27892  step 0.0074  *
23:36:18      poisoned ce=0.27002 auc=0.8307 acc=0.9020 f1=0.2899  dce=+0.06103 dacc=-0.0230  k=800  [157.0s]
23:36:18   -- trial run1_sub1
23:36:22     iter   0  obj -30.27306  best -30.27306  step 0.9500
23:36:26     iter   1  obj -0.07161  best -0.07161  step 0.9500  *
23:36:30     iter   2  obj -0.42874  best -0.07161  step 0.9500
23:36:33     iter   3  obj -1.23839  best -0.07161  step 0.9500
23:36:37     iter   4  obj -0.29101  best -0.07161  step 0.9500
23:36:41     iter   5  obj -0.31453  best -0.07161  step 0.9500
23:36:45     iter   6  obj -1.87724  best -0.07161  step 0.9500
23:36:48     iter   7  obj -0.15354  best -0.07161  step 0.9500
23:36:52     iter   8  obj -0.22451  best -0.07161  step 0.4750  halved
23:36:56     iter   9  obj -5.59407  best -0.07161  step 0.4750
23:37:00     iter  10  obj -0.21878  best -0.07161  step 0.4750
23:37:03     iter  11  obj -0.20808  best -0.07161  step 0.4750
23:37:07     iter  12  obj -0.54368  best -0.07161  step 0.4750
23:37:11     iter  13  obj -0.04445  best -0.04445  step 0.4750  *
23:37:15     iter  14  obj -0.42897  best -0.04445  step 0.4750
23:37:19     iter  15  obj -0.02367  best -0.02367  step 0.2375  *  halved
23:37:22     iter  16  obj -0.12442  best -0.02367  step 0.2375
23:37:26     iter  17  obj -0.03168  best -0.02367  step 0.2375
23:37:30     iter  18  obj -0.00446  best -0.00446  step 0.2375  *
23:37:34     iter  19  obj 0.04211  best 0.04211  step 0.2375  *
23:37:37     iter  20  obj 0.03639  best 0.04211  step 0.2375
23:37:41     iter  21  obj 0.09553  best 0.09553  step 0.1188  *  halved
23:37:45     iter  22  obj 0.14991  best 0.14991  step 0.1188  *
23:37:49     iter  23  obj 0.19135  best 0.19135  step 0.1188  *
23:37:53     iter  24  obj 0.20239  best 0.20239  step 0.1188  *
23:37:56     iter  25  obj 0.16218  best 0.20239  step 0.1188
23:38:00     iter  26  obj 0.22125  best 0.22125  step 0.1188  *
23:38:04     iter  27  obj 0.21973  best 0.22125  step 0.1188
23:38:08     iter  28  obj 0.22391  best 0.22391  step 0.1188  *
23:38:11     iter  29  obj 0.18477  best 0.22391  step 0.1188
23:38:15     iter  30  obj 0.22762  best 0.22762  step 0.0594  *  halved
23:38:19     iter  31  obj 0.25694  best 0.25694  step 0.0594  *
23:38:23     iter  32  obj 0.26038  best 0.26038  step 0.0594  *
23:38:26     iter  33  obj 0.27304  best 0.27304  step 0.0594  *
23:38:30     iter  34  obj 0.30584  best 0.30584  step 0.0594  *
23:38:34     iter  35  obj 0.31131  best 0.31131  step 0.0594  *
23:38:38     iter  36  obj 0.30095  best 0.31131  step 0.0594
23:38:42     iter  37  obj 0.30453  best 0.31131  step 0.0297  halved
23:38:45     iter  38  obj 0.36609  best 0.36609  step 0.0297  *
23:38:49     iter  39  obj 0.33918  best 0.36609  step 0.0148  halved
23:38:53     iter  40  obj 0.35480  best 0.36609  step 0.0148
23:38:55      poisoned ce=0.31164 auc=0.8047 acc=0.9020 f1=0.2576  dce=+0.10266 dacc=-0.0230  k=800  [157.0s]
23:38:55   -- trial run1_sub2
23:38:59     iter   0  obj -30.64879  best -30.64879  step 0.9500
23:39:03     iter   1  obj -0.25455  best -0.25455  step 0.9500  *
23:39:07     iter   2  obj -0.07431  best -0.07431  step 0.9500  *
23:39:10     iter   3  obj -0.82375  best -0.07431  step 0.9500
23:39:14     iter   4  obj -0.43257  best -0.07431  step 0.9500
23:39:18     iter   5  obj -0.03924  best -0.03924  step 0.9500  *
23:39:22     iter   6  obj -2.20786  best -0.03924  step 0.9500
23:39:25     iter   7  obj -0.09282  best -0.03924  step 0.9500
23:39:29     iter   8  obj -0.29422  best -0.03924  step 0.4750  halved
23:39:33     iter   9  obj -24.86075  best -0.03924  step 0.4750
23:39:37     iter  10  obj 0.15085  best 0.15085  step 0.4750  *
23:39:40     iter  11  obj -0.35717  best 0.15085  step 0.4750
23:39:44     iter  12  obj -0.21548  best 0.15085  step 0.4750
23:39:48     iter  13  obj -0.41287  best 0.15085  step 0.4750
23:39:52     iter  14  obj -0.00866  best 0.15085  step 0.4750
23:39:56     iter  15  obj -0.20419  best 0.15085  step 0.2375  halved
23:39:59     iter  16  obj -2.97179  best 0.15085  step 0.2375
23:40:03     iter  17  obj -0.05925  best 0.15085  step 0.2375
23:40:07     iter  18  obj 0.15183  best 0.15183  step 0.2375  *
23:40:11     iter  19  obj 0.11353  best 0.15183  step 0.2375
23:40:14     iter  20  obj 0.09521  best 0.15183  step 0.2375
23:40:18     iter  21  obj 0.13414  best 0.15183  step 0.1188  halved
23:40:22     iter  22  obj -0.08482  best 0.15183  step 0.1188
23:40:26     iter  23  obj 0.18957  best 0.18957  step 0.1188  *
23:40:29     iter  24  obj 0.15824  best 0.18957  step 0.1188
23:40:33     iter  25  obj 0.18096  best 0.18957  step 0.1188
23:40:37     iter  26  obj 0.17845  best 0.18957  step 0.0594  halved
23:40:41     iter  27  obj 0.09285  best 0.18957  step 0.0594
23:40:45     iter  28  obj 0.21507  best 0.21507  step 0.0594  *
23:40:48     iter  29  obj 0.22359  best 0.22359  step 0.0594  *
23:40:52     iter  30  obj 0.21255  best 0.22359  step 0.0297  halved
23:40:56     iter  31  obj 0.22253  best 0.22359  step 0.0297
23:41:00     iter  32  obj 0.23036  best 0.23036  step 0.0297  *
23:41:03     iter  33  obj 0.22838  best 0.23036  step 0.0148  halved
23:41:07     iter  34  obj 0.23648  best 0.23648  step 0.0148  *
23:41:11     iter  35  obj 0.24588  best 0.24588  step 0.0148  *
23:41:15     iter  36  obj 0.25017  best 0.25017  step 0.0148  *
23:41:19     iter  37  obj 0.25386  best 0.25386  step 0.0148  *
23:41:22     iter  38  obj 0.24901  best 0.25386  step 0.0148
23:41:26     iter  39  obj 0.27223  best 0.27223  step 0.0074  *  halved
23:41:30     iter  40  obj 0.28921  best 0.28921  step 0.0074  *
23:41:32      poisoned ce=0.23460 auc=0.8453 acc=0.9220 f1=0.4091  dce=+0.02561 dacc=-0.0030  k=800  [157.0s]
23:41:32   -- trial run2_sub0
23:41:36     iter   0  obj -30.31428  best -30.31428  step 0.9500
23:41:40     iter   1  obj -0.24707  best -0.24707  step 0.9500  *
23:41:44     iter   2  obj -0.20289  best -0.20289  step 0.9500  *
23:41:47     iter   3  obj -1.22952  best -0.20289  step 0.9500
23:41:51     iter   4  obj -0.57811  best -0.20289  step 0.9500
23:41:55     iter   5  obj -0.28679  best -0.20289  step 0.9500
23:41:59     iter   6  obj -2.89091  best -0.20289  step 0.9500
23:42:02     iter   7  obj -0.20291  best -0.20289  step 0.9500
23:42:06     iter   8  obj -0.65538  best -0.20289  step 0.4750  halved
23:42:10     iter   9  obj -8.66352  best -0.20289  step 0.4750
23:42:14     iter  10  obj -0.20429  best -0.20289  step 0.4750
23:42:17     iter  11  obj -0.36973  best -0.20289  step 0.4750
23:42:21     iter  12  obj -0.28427  best -0.20289  step 0.4750
23:42:25     iter  13  obj -0.65522  best -0.20289  step 0.4750
23:42:29     iter  14  obj -0.30957  best -0.20289  step 0.4750
23:42:33     iter  15  obj -0.63350  best -0.20289  step 0.2375  halved
23:42:36     iter  16  obj -8.42053  best -0.20289  step 0.2375
23:42:40     iter  17  obj -0.69702  best -0.20289  step 0.2375
23:42:44     iter  18  obj -0.06189  best -0.06189  step 0.2375  *
23:42:48     iter  19  obj -0.01637  best -0.01637  step 0.2375  *
23:42:51     iter  20  obj 0.03341  best 0.03341  step 0.2375  *
23:42:55     iter  21  obj -0.08349  best 0.03341  step 0.1188  halved
23:42:59     iter  22  obj 0.11029  best 0.11029  step 0.1188  *
23:43:03     iter  23  obj 0.14186  best 0.14186  step 0.1188  *
23:43:06     iter  24  obj 0.14377  best 0.14377  step 0.1188  *
23:43:10     iter  25  obj 0.09663  best 0.14377  step 0.1188
23:43:14     iter  26  obj 0.15657  best 0.15657  step 0.1188  *
23:43:18     iter  27  obj 0.06317  best 0.15657  step 0.1188
23:43:22     iter  28  obj 0.04321  best 0.15657  step 0.1188
23:43:25     iter  29  obj 0.07350  best 0.15657  step 0.1188
23:43:29     iter  30  obj 0.15300  best 0.15657  step 0.0594  halved
23:43:33     iter  31  obj -0.13634  best 0.15657  step 0.0594
23:43:37     iter  32  obj 0.15453  best 0.15657  step 0.0594
23:43:40     iter  33  obj 0.18179  best 0.18179  step 0.0297  *  halved
23:43:44     iter  34  obj 0.19989  best 0.19989  step 0.0297  *
23:43:48     iter  35  obj 0.21851  best 0.21851  step 0.0297  *
23:43:52     iter  36  obj 0.22209  best 0.22209  step 0.0297  *
23:43:56     iter  37  obj 0.22834  best 0.22834  step 0.0297  *
23:43:59     iter  38  obj 0.21907  best 0.22834  step 0.0297
23:44:03     iter  39  obj 0.21994  best 0.22834  step 0.0148  halved
23:44:07     iter  40  obj 0.23442  best 0.23442  step 0.0148  *
23:44:09      poisoned ce=0.24663 auc=0.8362 acc=0.9190 f1=0.3910  dce=+0.03764 dacc=-0.0060  k=800  [157.0s]
23:44:09   -- trial run2_sub1
23:44:13     iter   0  obj -29.81182  best -29.81182  step 0.9500
23:44:17     iter   1  obj -0.04685  best -0.04685  step 0.9500  *
23:44:21     iter   2  obj -0.19057  best -0.04685  step 0.9500
23:44:24     iter   3  obj -1.24495  best -0.04685  step 0.9500
23:44:28     iter   4  obj -0.37977  best -0.04685  step 0.9500
23:44:32     iter   5  obj -0.08892  best -0.04685  step 0.9500
23:44:36     iter   6  obj -3.25183  best -0.04685  step 0.9500
23:44:39     iter   7  obj -0.31614  best -0.04685  step 0.9500
23:44:43     iter   8  obj 0.01363  best 0.01363  step 0.4750  *  halved
23:44:47     iter   9  obj -0.57127  best 0.01363  step 0.4750
23:44:51     iter  10  obj 0.07694  best 0.07694  step 0.4750  *
23:44:54     iter  11  obj -0.66263  best 0.07694  step 0.4750
23:44:58     iter  12  obj -0.11071  best 0.07694  step 0.4750
23:45:02     iter  13  obj 0.06940  best 0.07694  step 0.4750
23:45:06     iter  14  obj 0.02432  best 0.07694  step 0.4750
23:45:10     iter  15  obj -0.29096  best 0.07694  step 0.2375  halved
23:45:13     iter  16  obj -4.69486  best 0.07694  step 0.2375
23:45:17     iter  17  obj -0.01506  best 0.07694  step 0.2375
23:45:21     iter  18  obj 0.02201  best 0.07694  step 0.2375
23:45:25     iter  19  obj 0.04643  best 0.07694  step 0.2375
23:45:28     iter  20  obj 0.01048  best 0.07694  step 0.2375
23:45:32     iter  21  obj -0.08653  best 0.07694  step 0.1188  halved
23:45:36     iter  22  obj -2.75126  best 0.07694  step 0.1188
23:45:40     iter  23  obj -0.02499  best 0.07694  step 0.1188
23:45:44     iter  24  obj 0.16832  best 0.16832  step 0.1188  *
23:45:47     iter  25  obj 0.16172  best 0.16832  step 0.1188
23:45:51     iter  26  obj 0.16778  best 0.16832  step 0.0594  halved
23:45:55     iter  27  obj 0.20570  best 0.20570  step 0.0594  *
23:45:59     iter  28  obj 0.20421  best 0.20570  step 0.0594
23:46:02     iter  29  obj 0.20492  best 0.20570  step 0.0594
23:46:06     iter  30  obj 0.21682  best 0.21682  step 0.0297  *  halved
23:46:10     iter  31  obj 0.22915  best 0.22915  step 0.0297  *
23:46:14     iter  32  obj 0.23818  best 0.23818  step 0.0297  *
23:46:17     iter  33  obj 0.24835  best 0.24835  step 0.0297  *
23:46:21     iter  34  obj 0.25300  best 0.25300  step 0.0297  *
23:46:25     iter  35  obj 0.25897  best 0.25897  step 0.0297  *
23:46:29     iter  36  obj 0.24904  best 0.25897  step 0.0297
23:46:33     iter  37  obj 0.26117  best 0.26117  step 0.0148  *  halved
23:46:36     iter  38  obj 0.27563  best 0.27563  step 0.0148  *
23:46:40     iter  39  obj 0.27962  best 0.27962  step 0.0148  *
23:46:44     iter  40  obj 0.29124  best 0.29124  step 0.0148  *
23:46:46      poisoned ce=0.26104 auc=0.8214 acc=0.9170 f1=0.3759  dce=+0.05205 dacc=-0.0080  k=800  [157.0s]
23:46:46   -- trial run2_sub2
23:46:50     iter   0  obj -30.82931  best -30.82931  step 0.9500
23:46:54     iter   1  obj -0.20405  best -0.20405  step 0.9500  *
23:46:58     iter   2  obj -0.13322  best -0.13322  step 0.9500  *
23:47:01     iter   3  obj -1.01813  best -0.13322  step 0.9500
23:47:05     iter   4  obj -0.32112  best -0.13322  step 0.9500
23:47:09     iter   5  obj -0.02332  best -0.02332  step 0.9500  *
23:47:13     iter   6  obj -2.86565  best -0.02332  step 0.9500
23:47:16     iter   7  obj -0.15460  best -0.02332  step 0.9500
23:47:20     iter   8  obj -0.89676  best -0.02332  step 0.4750  halved
23:47:24     iter   9  obj -25.61640  best -0.02332  step 0.4750
23:47:28     iter  10  obj -0.01801  best -0.01801  step 0.4750  *
23:47:31     iter  11  obj -1.57096  best -0.01801  step 0.4750
23:47:35     iter  12  obj -0.10483  best -0.01801  step 0.4750
23:47:39     iter  13  obj -0.29013  best -0.01801  step 0.4750
23:47:43     iter  14  obj -0.10383  best -0.01801  step 0.4750
23:47:47     iter  15  obj -0.77073  best -0.01801  step 0.2375  halved
23:47:50     iter  16  obj -4.92331  best -0.01801  step 0.2375
23:47:54     iter  17  obj -0.05127  best -0.01801  step 0.2375
23:47:58     iter  18  obj 0.09091  best 0.09091  step 0.2375  *
23:48:02     iter  19  obj -0.29506  best 0.09091  step 0.2375
23:48:05     iter  20  obj -0.10479  best 0.09091  step 0.2375
23:48:09     iter  21  obj -0.24797  best 0.09091  step 0.1188  halved
23:48:13     iter  22  obj -0.40673  best 0.09091  step 0.1188
23:48:17     iter  23  obj 0.11411  best 0.11411  step 0.1188  *
23:48:20     iter  24  obj 0.14923  best 0.14923  step 0.1188  *
23:48:24     iter  25  obj 0.14018  best 0.14923  step 0.1188
23:48:28     iter  26  obj 0.14490  best 0.14923  step 0.0594  halved
23:48:32     iter  27  obj 0.20761  best 0.20761  step 0.0594  *
23:48:36     iter  28  obj 0.20801  best 0.20801  step 0.0594  *
23:48:39     iter  29  obj 0.19546  best 0.20801  step 0.0594
23:48:43     iter  30  obj 0.22054  best 0.22054  step 0.0297  *  halved
23:48:47     iter  31  obj 0.23106  best 0.23106  step 0.0297  *
23:48:51     iter  32  obj 0.23618  best 0.23618  step 0.0297  *
23:48:54     iter  33  obj 0.23947  best 0.23947  step 0.0297  *
23:48:58     iter  34  obj 0.24290  best 0.24290  step 0.0297  *
23:49:02     iter  35  obj 0.23636  best 0.24290  step 0.0148  halved
23:49:06     iter  36  obj 0.25547  best 0.25547  step 0.0148  *
23:49:10     iter  37  obj 0.26300  best 0.26300  step 0.0148  *
23:49:13     iter  38  obj 0.26242  best 0.26300  step 0.0148
23:49:17     iter  39  obj 0.27493  best 0.27493  step 0.0074  *  halved
23:49:21     iter  40  obj 0.28453  best 0.28453  step 0.0074  *
23:49:23      poisoned ce=0.27088 auc=0.8174 acc=0.9150 f1=0.3511  dce=+0.06189 dacc=-0.0100  k=800  [157.0s]
23:49:23   -- trial run3_sub0
23:49:27     iter   0  obj -29.95631  best -29.95631  step 0.9500
23:49:31     iter   1  obj -0.27014  best -0.27014  step 0.9500  *
23:49:34     iter   2  obj -0.51314  best -0.27014  step 0.9500
23:49:38     iter   3  obj -0.16427  best -0.16427  step 0.9500  *
23:49:42     iter   4  obj -0.58116  best -0.16427  step 0.9500
23:49:46     iter   5  obj -0.49935  best -0.16427  step 0.9500
23:49:50     iter   6  obj -2.89702  best -0.16427  step 0.9500
23:49:53     iter   7  obj -0.19217  best -0.16427  step 0.9500
23:49:57     iter   8  obj -0.45516  best -0.16427  step 0.4750  halved
23:50:01     iter   9  obj -9.92077  best -0.16427  step 0.4750
23:50:05     iter  10  obj -0.21472  best -0.16427  step 0.4750
23:50:08     iter  11  obj -0.54208  best -0.16427  step 0.4750
23:50:12     iter  12  obj -0.05293  best -0.05293  step 0.4750  *
23:50:16     iter  13  obj -0.17982  best -0.05293  step 0.4750
23:50:20     iter  14  obj -0.30756  best -0.05293  step 0.4750
23:50:24     iter  15  obj -0.18027  best -0.05293  step 0.2375  halved
23:50:27     iter  16  obj -1.16969  best -0.05293  step 0.2375
23:50:31     iter  17  obj 0.08276  best 0.08276  step 0.2375  *
23:50:35     iter  18  obj 0.04467  best 0.08276  step 0.2375
23:50:39     iter  19  obj -0.01772  best 0.08276  step 0.2375
23:50:42     iter  20  obj -0.29757  best 0.08276  step 0.2375
23:50:46     iter  21  obj -0.06115  best 0.08276  step 0.1188  halved
23:50:50     iter  22  obj -0.53207  best 0.08276  step 0.1188
23:50:54     iter  23  obj 0.11873  best 0.11873  step 0.1188  *
23:50:57     iter  24  obj 0.17630  best 0.17630  step 0.1188  *
23:51:01     iter  25  obj 0.18273  best 0.18273  step 0.1188  *
23:51:05     iter  26  obj 0.14408  best 0.18273  step 0.0594  halved
23:51:09     iter  27  obj 0.20669  best 0.20669  step 0.0594  *
23:51:13     iter  28  obj 0.20026  best 0.20669  step 0.0594
23:51:16     iter  29  obj 0.21204  best 0.21204  step 0.0594  *
23:51:20     iter  30  obj 0.20955  best 0.21204  step 0.0297  halved
23:51:24     iter  31  obj 0.23923  best 0.23923  step 0.0297  *
23:51:28     iter  32  obj 0.24610  best 0.24610  step 0.0297  *
23:51:31     iter  33  obj 0.26187  best 0.26187  step 0.0297  *
23:51:35     iter  34  obj 0.25884  best 0.26187  step 0.0297
23:51:39     iter  35  obj 0.27070  best 0.27070  step 0.0148  *  halved
23:51:43     iter  36  obj 0.29122  best 0.29122  step 0.0148  *
23:51:47     iter  37  obj 0.30257  best 0.30257  step 0.0148  *
23:51:50     iter  38  obj 0.30156  best 0.30257  step 0.0148
23:51:54     iter  39  obj 0.33231  best 0.33231  step 0.0074  *  halved
23:51:58     iter  40  obj 0.31484  best 0.33231  step 0.0074
23:52:00      poisoned ce=0.23973 auc=0.8436 acc=0.9190 f1=0.3721  dce=+0.03074 dacc=-0.0060  k=800  [157.0s]
23:52:00   -- trial run3_sub1
23:52:04     iter   0  obj -29.72328  best -29.72328  step 0.9500
23:52:08     iter   1  obj -0.13627  best -0.13627  step 0.9500  *
23:52:12     iter   2  obj -0.15434  best -0.13627  step 0.9500
23:52:15     iter   3  obj -0.86707  best -0.13627  step 0.9500
23:52:19     iter   4  obj -0.74841  best -0.13627  step 0.9500
23:52:23     iter   5  obj -0.23090  best -0.13627  step 0.9500
23:52:27     iter   6  obj -2.39928  best -0.13627  step 0.9500
23:52:30     iter   7  obj -0.19961  best -0.13627  step 0.9500
23:52:34     iter   8  obj -0.48773  best -0.13627  step 0.4750  halved
23:52:38     iter   9  obj -5.46934  best -0.13627  step 0.4750
23:52:42     iter  10  obj -0.11230  best -0.11230  step 0.4750  *
23:52:45     iter  11  obj -0.52332  best -0.11230  step 0.4750
23:52:49     iter  12  obj -0.15388  best -0.11230  step 0.4750
23:52:53     iter  13  obj -0.28546  best -0.11230  step 0.4750
23:52:57     iter  14  obj -0.30468  best -0.11230  step 0.4750
23:53:01     iter  15  obj -0.86930  best -0.11230  step 0.2375  halved
23:53:04     iter  16  obj -3.20900  best -0.11230  step 0.2375
23:53:08     iter  17  obj 0.04300  best 0.04300  step 0.2375  *
23:53:12     iter  18  obj -0.09843  best 0.04300  step 0.2375
23:53:16     iter  19  obj 0.07267  best 0.07267  step 0.2375  *
23:53:19     iter  20  obj -0.29556  best 0.07267  step 0.2375
23:53:23     iter  21  obj -0.04003  best 0.07267  step 0.1188  halved
23:53:27     iter  22  obj 0.18178  best 0.18178  step 0.1188  *
23:53:31     iter  23  obj 0.17087  best 0.18178  step 0.1188
23:53:34     iter  24  obj 0.16368  best 0.18178  step 0.1188
23:53:38     iter  25  obj 0.16833  best 0.18178  step 0.1188
23:53:42     iter  26  obj 0.14994  best 0.18178  step 0.0594  halved
23:53:46     iter  27  obj 0.04895  best 0.18178  step 0.0594
23:53:50     iter  28  obj 0.19872  best 0.19872  step 0.0594  *
23:53:53     iter  29  obj 0.20712  best 0.20712  step 0.0594  *
23:53:57     iter  30  obj 0.21340  best 0.21340  step 0.0297  *  halved
23:54:01     iter  31  obj 0.22731  best 0.22731  step 0.0297  *
23:54:05     iter  32  obj 0.22422  best 0.22731  step 0.0297
23:54:08     iter  33  obj 0.23663  best 0.23663  step 0.0148  *  halved
23:54:12     iter  34  obj 0.23939  best 0.23939  step 0.0148  *
23:54:16     iter  35  obj 0.24494  best 0.24494  step 0.0148  *
23:54:20     iter  36  obj 0.25350  best 0.25350  step 0.0148  *
23:54:24     iter  37  obj 0.25734  best 0.25734  step 0.0148  *
23:54:27     iter  38  obj 0.26501  best 0.26501  step 0.0148  *
23:54:31     iter  39  obj 0.26611  best 0.26611  step 0.0148  *
23:54:35     iter  40  obj 0.26987  best 0.26987  step 0.0148  *
23:54:37      poisoned ce=0.24545 auc=0.8589 acc=0.9200 f1=0.3651  dce=+0.03647 dacc=-0.0050  k=800  [157.0s]
23:54:37   -- trial run3_sub2
23:54:41     iter   0  obj -29.66510  best -29.66510  step 0.9500
23:54:45     iter   1  obj -0.20548  best -0.20548  step 0.9500  *
23:54:49     iter   2  obj -0.05907  best -0.05907  step 0.9500  *
23:54:52     iter   3  obj -0.65167  best -0.05907  step 0.9500
23:54:56     iter   4  obj -0.40779  best -0.05907  step 0.9500
23:55:00     iter   5  obj -0.00843  best -0.00843  step 0.9500  *
23:55:04     iter   6  obj -3.58675  best -0.00843  step 0.9500
23:55:07     iter   7  obj -0.41055  best -0.00843  step 0.9500
23:55:11     iter   8  obj -0.50479  best -0.00843  step 0.4750  halved
23:55:15     iter   9  obj -24.60495  best -0.00843  step 0.4750
23:55:19     iter  10  obj 0.02839  best 0.02839  step 0.4750  *
23:55:22     iter  11  obj -0.87808  best 0.02839  step 0.4750
23:55:26     iter  12  obj -0.04710  best 0.02839  step 0.4750
23:55:30     iter  13  obj 0.03029  best 0.03029  step 0.4750  *
23:55:34     iter  14  obj -0.04929  best 0.03029  step 0.4750
23:55:38     iter  15  obj -0.31243  best 0.03029  step 0.2375  halved
23:55:41     iter  16  obj 0.18017  best 0.18017  step 0.2375  *
23:55:45     iter  17  obj 0.10745  best 0.18017  step 0.2375
23:55:49     iter  18  obj 0.08146  best 0.18017  step 0.2375
23:55:53     iter  19  obj 0.03170  best 0.18017  step 0.2375
23:55:56     iter  20  obj 0.07054  best 0.18017  step 0.2375
23:56:00     iter  21  obj 0.03697  best 0.18017  step 0.1188  halved
23:56:04     iter  22  obj -0.84533  best 0.18017  step 0.1188
23:56:08     iter  23  obj 0.14974  best 0.18017  step 0.1188
23:56:11     iter  24  obj 0.06378  best 0.18017  step 0.1188
23:56:15     iter  25  obj 0.17343  best 0.18017  step 0.1188
23:56:19     iter  26  obj 0.15320  best 0.18017  step 0.0594  halved
23:56:23     iter  27  obj -0.34340  best 0.18017  step 0.0594
23:56:27     iter  28  obj 0.17475  best 0.18017  step 0.0594
23:56:30     iter  29  obj 0.20214  best 0.20214  step 0.0594  *
23:56:34     iter  30  obj 0.21668  best 0.21668  step 0.0297  *  halved
23:56:38     iter  31  obj 0.22945  best 0.22945  step 0.0297  *
23:56:42     iter  32  obj 0.23654  best 0.23654  step 0.0297  *
23:56:45     iter  33  obj 0.23783  best 0.23783  step 0.0297  *
23:56:49     iter  34  obj 0.24715  best 0.24715  step 0.0297  *
23:56:53     iter  35  obj 0.25109  best 0.25109  step 0.0297  *
23:56:57     iter  36  obj 0.25960  best 0.25960  step 0.0297  *
23:57:00     iter  37  obj 0.25436  best 0.25960  step 0.0148  halved
23:57:04     iter  38  obj 0.26742  best 0.26742  step 0.0148  *
23:57:08     iter  39  obj 0.27869  best 0.27869  step 0.0148  *
23:57:12     iter  40  obj 0.27973  best 0.27973  step 0.0148  *
23:57:14      poisoned ce=0.26004 auc=0.8274 acc=0.9150 f1=0.3511  dce=+0.05105 dacc=-0.0100  k=800  [156.9s]
23:57:14   -- trial run4_sub0
23:57:18     iter   0  obj -29.18193  best -29.18193  step 0.9500
23:57:22     iter   1  obj -0.28104  best -0.28104  step 0.9500  *
23:57:25     iter   2  obj -0.17538  best -0.17538  step 0.9500  *
23:57:29     iter   3  obj -0.72121  best -0.17538  step 0.9500
23:57:33     iter   4  obj -0.44189  best -0.17538  step 0.9500
23:57:37     iter   5  obj -0.43020  best -0.17538  step 0.9500
23:57:40     iter   6  obj -3.35801  best -0.17538  step 0.9500
23:57:44     iter   7  obj -0.13171  best -0.13171  step 0.9500  *
23:57:48     iter   8  obj -0.63009  best -0.13171  step 0.4750  halved
23:57:52     iter   9  obj -0.22137  best -0.13171  step 0.4750
23:57:56     iter  10  obj -0.07413  best -0.07413  step 0.4750  *
23:57:59     iter  11  obj -0.22486  best -0.07413  step 0.4750
23:58:03     iter  12  obj -0.33854  best -0.07413  step 0.4750
23:58:07     iter  13  obj -0.02751  best -0.02751  step 0.4750  *
23:58:11     iter  14  obj -0.37919  best -0.02751  step 0.4750
23:58:14     iter  15  obj -0.48072  best -0.02751  step 0.2375  halved
23:58:18     iter  16  obj 0.10188  best 0.10188  step 0.2375  *
23:58:22     iter  17  obj -0.28346  best 0.10188  step 0.2375
23:58:26     iter  18  obj -0.03219  best 0.10188  step 0.2375
23:58:29     iter  19  obj 0.01787  best 0.10188  step 0.2375
23:58:33     iter  20  obj -0.20865  best 0.10188  step 0.2375
23:58:37     iter  21  obj -0.21374  best 0.10188  step 0.1188  halved
23:58:41     iter  22  obj -2.31984  best 0.10188  step 0.1188
23:58:45     iter  23  obj 0.09431  best 0.10188  step 0.1188
23:58:48     iter  24  obj 0.15298  best 0.15298  step 0.1188  *
23:58:52     iter  25  obj 0.17070  best 0.17070  step 0.1188  *
23:58:56     iter  26  obj 0.14817  best 0.17070  step 0.0594  halved
23:59:00     iter  27  obj 0.19622  best 0.19622  step 0.0594  *
23:59:03     iter  28  obj 0.17591  best 0.19622  step 0.0594
23:59:07     iter  29  obj 0.18493  best 0.19622  step 0.0594
23:59:11     iter  30  obj 0.19763  best 0.19763  step 0.0297  *  halved
23:59:15     iter  31  obj 0.22625  best 0.22625  step 0.0297  *
23:59:18     iter  32  obj 0.23487  best 0.23487  step 0.0297  *
23:59:22     iter  33  obj 0.22742  best 0.23487  step 0.0148  halved
23:59:26     iter  34  obj 0.24269  best 0.24269  step 0.0148  *
23:59:30     iter  35  obj 0.25720  best 0.25720  step 0.0148  *
23:59:33     iter  36  obj 0.24697  best 0.25720  step 0.0148
23:59:37     iter  37  obj 0.25053  best 0.25720  step 0.0074  halved
23:59:41     iter  38  obj 0.27398  best 0.27398  step 0.0074  *
23:59:45     iter  39  obj 0.27797  best 0.27797  step 0.0074  *
23:59:49     iter  40  obj 0.27097  best 0.27797  step 0.0074
23:59:51      poisoned ce=0.24099 auc=0.8389 acc=0.9190 f1=0.3817  dce=+0.03200 dacc=-0.0060  k=800  [156.8s]
23:59:51   -- trial run4_sub1
23:59:55     iter   0  obj -28.68806  best -28.68806  step 0.9500
23:59:58     iter   1  obj -0.16533  best -0.16533  step 0.9500  *
00:00:02     iter   2  obj -0.21336  best -0.16533  step 0.9500
00:00:06     iter   3  obj -0.32461  best -0.16533  step 0.9500
00:00:10     iter   4  obj -0.34343  best -0.16533  step 0.9500
00:00:13     iter   5  obj -0.36181  best -0.16533  step 0.9500
00:00:17     iter   6  obj -2.90560  best -0.16533  step 0.9500
00:00:21     iter   7  obj -0.16716  best -0.16533  step 0.9500
00:00:25     iter   8  obj -0.31949  best -0.16533  step 0.4750  halved
00:00:29     iter   9  obj -5.51160  best -0.16533  step 0.4750
00:00:32     iter  10  obj -0.13988  best -0.13988  step 0.4750  *
00:00:36     iter  11  obj -0.01200  best -0.01200  step 0.4750  *
00:00:40     iter  12  obj 0.01692  best 0.01692  step 0.4750  *
00:00:44     iter  13  obj -0.19913  best 0.01692  step 0.4750
00:00:47     iter  14  obj -0.39125  best 0.01692  step 0.4750
00:00:51     iter  15  obj -0.15872  best 0.01692  step 0.2375  halved
00:00:55     iter  16  obj -1.14637  best 0.01692  step 0.2375
00:00:59     iter  17  obj 0.10117  best 0.10117  step 0.2375  *
00:01:02     iter  18  obj -0.02901  best 0.10117  step 0.2375
00:01:06     iter  19  obj 0.03147  best 0.10117  step 0.2375
00:01:10     iter  20  obj -0.10896  best 0.10117  step 0.2375
00:01:14     iter  21  obj -0.00869  best 0.10117  step 0.1188  halved
00:01:18     iter  22  obj -0.63231  best 0.10117  step 0.1188
00:01:21     iter  23  obj 0.18584  best 0.18584  step 0.1188  *
00:01:25     iter  24  obj 0.17512  best 0.18584  step 0.1188
00:01:29     iter  25  obj 0.12508  best 0.18584  step 0.1188
00:01:33     iter  26  obj 0.12948  best 0.18584  step 0.0594  halved
00:01:36     iter  27  obj 0.13386  best 0.18584  step 0.0594
00:01:40     iter  28  obj 0.21811  best 0.21811  step 0.0594  *
00:01:44     iter  29  obj 0.21185  best 0.21811  step 0.0594
00:01:48     iter  30  obj 0.20902  best 0.21811  step 0.0297  halved
00:01:51     iter  31  obj 0.22617  best 0.22617  step 0.0297  *
00:01:55     iter  32  obj 0.24238  best 0.24238  step 0.0297  *
00:01:59     iter  33  obj 0.23593  best 0.24238  step 0.0148  halved
00:02:03     iter  34  obj 0.23969  best 0.24238  step 0.0148
00:02:07     iter  35  obj 0.25269  best 0.25269  step 0.0148  *
00:02:10     iter  36  obj 0.25031  best 0.25269  step 0.0148
00:02:14     iter  37  obj 0.23617  best 0.25269  step 0.0074  halved
00:02:18     iter  38  obj 0.26078  best 0.26078  step 0.0074  *
00:02:22     iter  39  obj 0.26055  best 0.26078  step 0.0037  halved
00:02:25     iter  40  obj 0.26330  best 0.26330  step 0.0037  *
00:02:28      poisoned ce=0.25498 auc=0.8434 acc=0.9120 f1=0.3623  dce=+0.04600 dacc=-0.0130  k=800  [156.8s]
00:02:28   -- trial run4_sub2
00:02:31     iter   0  obj -28.58221  best -28.58221  step 0.9500
00:02:35     iter   1  obj -0.17420  best -0.17420  step 0.9500  *
00:02:39     iter   2  obj -0.48552  best -0.17420  step 0.9500
00:02:43     iter   3  obj -1.08551  best -0.17420  step 0.9500
00:02:47     iter   4  obj -0.65001  best -0.17420  step 0.9500
00:02:50     iter   5  obj -0.12040  best -0.12040  step 0.9500  *
00:02:54     iter   6  obj -2.44883  best -0.12040  step 0.9500
00:02:58     iter   7  obj -0.25684  best -0.12040  step 0.9500
00:03:02     iter   8  obj -0.42963  best -0.12040  step 0.4750  halved
00:03:05     iter   9  obj -22.80816  best -0.12040  step 0.4750
00:03:09     iter  10  obj 0.08774  best 0.08774  step 0.4750  *
00:03:13     iter  11  obj -1.30805  best 0.08774  step 0.4750
00:03:17     iter  12  obj -0.33515  best 0.08774  step 0.4750
00:03:20     iter  13  obj -0.15081  best 0.08774  step 0.4750
00:03:24     iter  14  obj -0.34820  best 0.08774  step 0.4750
00:03:28     iter  15  obj -0.38129  best 0.08774  step 0.2375  halved
00:03:32     iter  16  obj -3.32679  best 0.08774  step 0.2375
00:03:36     iter  17  obj 0.02854  best 0.08774  step 0.2375
00:03:39     iter  18  obj 0.11271  best 0.11271  step 0.2375  *
00:03:43     iter  19  obj 0.07534  best 0.11271  step 0.2375
00:03:47     iter  20  obj 0.14032  best 0.14032  step 0.2375  *
00:03:51     iter  21  obj 0.11359  best 0.14032  step 0.1188  halved
00:03:54     iter  22  obj 0.18351  best 0.18351  step 0.1188  *
00:03:58     iter  23  obj 0.18361  best 0.18361  step 0.1188  *
00:04:02     iter  24  obj 0.19138  best 0.19138  step 0.1188  *
00:04:06     iter  25  obj 0.04079  best 0.19138  step 0.1188
00:04:09     iter  26  obj 0.18563  best 0.19138  step 0.1188
00:04:13     iter  27  obj 0.19894  best 0.19894  step 0.1188  *
00:04:17     iter  28  obj 0.20610  best 0.20610  step 0.1188  *
00:04:21     iter  29  obj 0.21163  best 0.21163  step 0.1188  *
00:04:24     iter  30  obj 0.18254  best 0.21163  step 0.0594  halved
00:04:28     iter  31  obj 0.24519  best 0.24519  step 0.0594  *
00:04:32     iter  32  obj 0.26345  best 0.26345  step 0.0594  *
00:04:36     iter  33  obj 0.27351  best 0.27351  step 0.0594  *
00:04:40     iter  34  obj 0.27164  best 0.27351  step 0.0594
00:04:43     iter  35  obj 0.27890  best 0.27890  step 0.0297  *  halved
00:04:47     iter  36  obj 0.30331  best 0.30331  step 0.0297  *
00:04:51     iter  37  obj 0.32017  best 0.32017  step 0.0297  *
00:04:55     iter  38  obj 0.33293  best 0.33293  step 0.0297  *
00:04:58     iter  39  obj 0.36198  best 0.36198  step 0.0297  *
00:05:02     iter  40  obj 0.34829  best 0.36198  step 0.0297
00:05:04      poisoned ce=0.28132 auc=0.8316 acc=0.9110 f1=0.3206  dce=+0.07233 dacc=-0.0140  k=800  [156.7s]
00:05:05   best trial run1_sub1: dce=+0.10266 dacc=-0.0230  -> context_poisoned.csv
00:05:05   per-run winners: run0<-sub0 (dce=+0.03031), run1<-sub1 (dce=+0.10266), run2<-sub2 (dce=+0.06189), run3<-sub2 (dce=+0.05105), run4<-sub2 (dce=+0.07233)
00:05:05   best-subsample-per-run, mean over 5 runs: dce=+0.06365 dacc=-0.0130 dauc=-0.0539  -> /home/ssn899/Desktop/TabFM/results/main_experiments/wids/x-capgd_random_r016
