05:30:39 [x-capgd] datasets/url_unique/splits/selected/natural/context_5000.csv (5000x63) -> datasets/url_unique/splits/test_attack_1000.csv (1000 of 1000)  k=1500 (30.0%)  attack_class=None  grid 1x1  cuda:1
05:30:43   clean  ce=0.09328 auc=0.9935 acc=0.9650 f1=0.9644  max|dp| over 3 repeats=0.00e+00  chunking_exact=True  [3.2s]
05:30:43   constraints=full (14 relations, dataset 'url_unique')  scaler=metadata  mutable 63/63  int 58  cat 0
05:30:43   -- trial run0_sub0
05:30:46     iter   0  obj 0.09328  best 0.09328  step 0.9500
05:30:48     iter   1  obj -2.96126  best 0.09328  step 0.9500
05:30:50     iter   2  obj -0.12138  best 0.09328  step 0.9500
05:30:52     iter   3  obj -0.05231  best 0.09328  step 0.9500
05:30:54     iter   4  obj -0.13970  best 0.09328  step 0.9500
05:30:57     iter   5  obj -0.42667  best 0.09328  step 0.9500
05:30:59     iter   6  obj -0.26244  best 0.09328  step 0.9500
05:31:01     iter   7  obj -0.47585  best 0.09328  step 0.9500
05:31:03     iter   8  obj -0.28112  best 0.09328  step 0.9500
05:31:05     iter   9  obj -0.28383  best 0.09328  step 0.9500
05:31:08     iter  10  obj -0.29708  best 0.09328  step 0.9500
05:31:10     iter  11  obj -0.27713  best 0.09328  step 0.9500
05:31:12     iter  12  obj -0.46540  best 0.09328  step 0.9500
05:31:14     iter  13  obj -0.23800  best 0.09328  step 0.9500
05:31:16     iter  14  obj -0.28777  best 0.09328  step 0.9500
05:31:18     iter  15  obj -0.18121  best 0.09328  step 0.9500
05:31:21     iter  16  obj -0.38135  best 0.09328  step 0.9500
05:31:23     iter  17  obj -0.26518  best 0.09328  step 0.9500
05:31:25     iter  18  obj -0.45041  best 0.09328  step 0.9500
05:31:27     iter  19  obj -0.35897  best 0.09328  step 0.9500
05:31:29     iter  20  obj -0.19020  best 0.09328  step 0.9500
05:31:32     iter  21  obj -0.35694  best 0.09328  step 0.9500
05:31:34     iter  22  obj -0.23984  best 0.09328  step 0.4750  halved
05:31:36     iter  23  obj -2.50658  best 0.09328  step 0.4750
05:31:38     iter  24  obj -0.47810  best 0.09328  step 0.4750
05:31:40     iter  25  obj -0.05846  best 0.09328  step 0.4750
05:31:43     iter  26  obj 0.03288  best 0.09328  step 0.4750
05:31:45     iter  27  obj -0.03956  best 0.09328  step 0.4750
05:31:47     iter  28  obj 0.00022  best 0.09328  step 0.4750
05:31:49     iter  29  obj 0.00903  best 0.09328  step 0.4750
05:31:51     iter  30  obj 0.02402  best 0.09328  step 0.4750
05:31:54     iter  31  obj 0.04511  best 0.09328  step 0.4750
05:31:56     iter  32  obj -0.04067  best 0.09328  step 0.4750
05:31:58     iter  33  obj -0.10365  best 0.09328  step 0.4750
05:32:00     iter  34  obj -0.24121  best 0.09328  step 0.4750
05:32:02     iter  35  obj -0.13933  best 0.09328  step 0.4750
05:32:05     iter  36  obj -0.18373  best 0.09328  step 0.4750
05:32:07     iter  37  obj -0.17629  best 0.09328  step 0.4750
05:32:09     iter  38  obj -0.12586  best 0.09328  step 0.4750
05:32:11     iter  39  obj -0.17666  best 0.09328  step 0.4750
05:32:13     iter  40  obj -0.07440  best 0.09328  step 0.4750
05:32:15     iter  41  obj -0.11888  best 0.09328  step 0.2375  halved
05:32:18     iter  42  obj -2.01137  best 0.09328  step 0.2375
05:32:20     iter  43  obj -0.07027  best 0.09328  step 0.2375
05:32:22     iter  44  obj -0.08266  best 0.09328  step 0.2375
05:32:24     iter  45  obj -0.08585  best 0.09328  step 0.2375
05:32:26     iter  46  obj 0.02407  best 0.09328  step 0.2375
05:32:29     iter  47  obj -0.06836  best 0.09328  step 0.2375
05:32:31     iter  48  obj -0.15233  best 0.09328  step 0.2375
05:32:33     iter  49  obj -0.08605  best 0.09328  step 0.2375
05:32:35     iter  50  obj -0.04431  best 0.09328  step 0.2375
05:32:37     iter  51  obj 0.09966  best 0.09966  step 0.2375  *
05:32:40     iter  52  obj 0.00179  best 0.09966  step 0.2375
05:32:42     iter  53  obj 0.06531  best 0.09966  step 0.2375
05:32:44     iter  54  obj 0.02885  best 0.09966  step 0.2375
05:32:46     iter  55  obj 0.07430  best 0.09966  step 0.2375
05:32:48     iter  56  obj 0.05804  best 0.09966  step 0.2375
05:32:51     iter  57  obj 0.11734  best 0.11734  step 0.1188  *  halved
05:32:53     iter  58  obj 0.14358  best 0.14358  step 0.1188  *
05:32:55     iter  59  obj 0.13986  best 0.14358  step 0.1188
05:32:57     iter  60  obj 0.13553  best 0.14358  step 0.1188
05:32:59     iter  61  obj 0.15433  best 0.15433  step 0.1188  *
05:33:01     iter  62  obj 0.18755  best 0.18755  step 0.1188  *
05:33:04     iter  63  obj 0.13600  best 0.18755  step 0.1188
05:33:06     iter  64  obj 0.17697  best 0.18755  step 0.1188
05:33:08     iter  65  obj 0.20977  best 0.20977  step 0.1188  *
05:33:10     iter  66  obj 0.20693  best 0.20977  step 0.1188
05:33:12     iter  67  obj 0.21844  best 0.21844  step 0.1188  *
05:33:15     iter  68  obj 0.20975  best 0.21844  step 0.1188
05:33:17     iter  69  obj 0.21741  best 0.21844  step 0.1188
05:33:19     iter  70  obj 0.16250  best 0.21844  step 0.0594  halved
05:33:21     iter  71  obj 0.13188  best 0.21844  step 0.0594
05:33:23     iter  72  obj 0.25280  best 0.25280  step 0.0594  *
05:33:26     iter  73  obj 0.22798  best 0.25280  step 0.0594
05:33:28     iter  74  obj 0.27635  best 0.27635  step 0.0594  *
05:33:30     iter  75  obj 0.32060  best 0.32060  step 0.0594  *
05:33:32     iter  76  obj 0.32849  best 0.32849  step 0.0594  *
05:33:34     iter  77  obj 0.23772  best 0.32849  step 0.0594
05:33:37     iter  78  obj 0.25858  best 0.32849  step 0.0594
05:33:39     iter  79  obj 0.33738  best 0.33738  step 0.0594  *
05:33:41     iter  80  obj 0.37719  best 0.37719  step 0.0297  *  halved
05:33:43     iter  81  obj 0.43781  best 0.43781  step 0.0297  *
05:33:45     iter  82  obj 0.40719  best 0.43781  step 0.0297
05:33:47     iter  83  obj 0.42509  best 0.43781  step 0.0297
05:33:50     iter  84  obj 0.50105  best 0.50105  step 0.0297  *
05:33:52     iter  85  obj 0.65676  best 0.65676  step 0.0297  *
05:33:54     iter  86  obj 0.41737  best 0.65676  step 0.0297
05:33:56     iter  87  obj 0.73627  best 0.73627  step 0.0148  *  halved
05:33:58     iter  88  obj 0.74419  best 0.74419  step 0.0148  *
05:34:01     iter  89  obj 0.96758  best 0.96758  step 0.0148  *
05:34:03     iter  90  obj 1.15195  best 1.15195  step 0.0148  *
05:34:05     iter  91  obj 1.40438  best 1.40438  step 0.0148  *
05:34:07     iter  92  obj 0.96651  best 1.40438  step 0.0148
05:34:09     iter  93  obj 1.09506  best 1.40438  step 0.0148
05:34:12     iter  94  obj 1.29119  best 1.40438  step 0.0148
05:34:14     iter  95  obj 1.65265  best 1.65265  step 0.0148  *
05:34:16     iter  96  obj 1.70900  best 1.70900  step 0.0148  *
05:34:18     iter  97  obj 1.68434  best 1.70900  step 0.0148
05:34:20     iter  98  obj 1.95301  best 1.95301  step 0.0148  *
05:34:23     iter  99  obj 1.87354  best 1.95301  step 0.0074  halved
05:34:25     iter 100  obj 2.25884  best 2.25884  step 0.0074  *
05:34:25      poisoned ce=0.16176 auc=0.9849 acc=0.9420 f1=0.9406  dce=+0.06849 dacc=-0.0230  k=1500  [222.1s]
05:34:25   mean over 1 trials: dce=+0.06849 dacc=-0.0230 dauc=-0.0086  -> results/lambda_url_be/url_unique_lam0.7_rs2
