02:13:42 [x-capgd] datasets/lcld_v2/splits/selected/natural/context_5000.csv (5000x28) -> datasets/lcld_v2/splits/test_attack_1000.csv (1000 of 1000)  k=1500 (30.0%)  attack_class=None  grid 1x1  cuda:3
02:13:45   clean  ce=0.45462 auc=0.7155 acc=0.8060 f1=0.1339  max|dp| over 3 repeats=0.00e+00  chunking_exact=True  [1.8s]
02:13:45   constraints=full (9 relations, dataset 'lcld_v2')  scaler=metadata  mutable 14/28  int 10  cat 5
02:13:45   -- trial run0_sub0
02:13:46     iter   0  obj 0.45188  best 0.45188  step 0.9500
02:13:47     iter   1  obj 0.39516  best 0.45188  step 0.9500
02:13:48     iter   2  obj 0.38156  best 0.45188  step 0.9500
02:13:49     iter   3  obj 0.02793  best 0.45188  step 0.9500
02:13:50     iter   4  obj -0.21006  best 0.45188  step 0.9500
02:13:51     iter   5  obj -0.32930  best 0.45188  step 0.9500
02:13:53     iter   6  obj 0.05319  best 0.45188  step 0.9500
02:13:54     iter   7  obj -0.34510  best 0.45188  step 0.9500
02:13:55     iter   8  obj -0.19889  best 0.45188  step 0.9500
02:13:56     iter   9  obj 0.06711  best 0.45188  step 0.9500
02:13:57     iter  10  obj -0.01216  best 0.45188  step 0.9500
02:13:58     iter  11  obj -0.13819  best 0.45188  step 0.9500
02:13:59     iter  12  obj -0.19349  best 0.45188  step 0.9500
02:14:00     iter  13  obj -0.26612  best 0.45188  step 0.9500
02:14:01     iter  14  obj -0.18297  best 0.45188  step 0.9500
02:14:02     iter  15  obj -0.36578  best 0.45188  step 0.9500
02:14:03     iter  16  obj -0.20832  best 0.45188  step 0.9500
02:14:04     iter  17  obj 0.17570  best 0.45188  step 0.9500
02:14:05     iter  18  obj 0.05432  best 0.45188  step 0.9500
02:14:06     iter  19  obj -0.04232  best 0.45188  step 0.9500
02:14:07     iter  20  obj -0.21696  best 0.45188  step 0.9500
02:14:08     iter  21  obj -0.39091  best 0.45188  step 0.9500
02:14:09     iter  22  obj 0.12535  best 0.45188  step 0.4750  halved
02:14:10     iter  23  obj 0.23474  best 0.45188  step 0.4750
02:14:12     iter  24  obj 0.17369  best 0.45188  step 0.4750
02:14:13     iter  25  obj 0.18981  best 0.45188  step 0.4750
02:14:14     iter  26  obj -0.12384  best 0.45188  step 0.4750
02:14:15     iter  27  obj -0.12519  best 0.45188  step 0.4750
02:14:16     iter  28  obj -0.05835  best 0.45188  step 0.4750
02:14:17     iter  29  obj -0.16488  best 0.45188  step 0.4750
02:14:18     iter  30  obj -0.14387  best 0.45188  step 0.4750
02:14:19     iter  31  obj 0.03181  best 0.45188  step 0.4750
02:14:20     iter  32  obj -0.09643  best 0.45188  step 0.4750
02:14:21     iter  33  obj -0.20888  best 0.45188  step 0.4750
02:14:22     iter  34  obj -0.38817  best 0.45188  step 0.4750
02:14:23     iter  35  obj 0.08848  best 0.45188  step 0.4750
02:14:24     iter  36  obj -0.10254  best 0.45188  step 0.4750
02:14:25     iter  37  obj 0.12282  best 0.45188  step 0.4750
02:14:26     iter  38  obj -0.05119  best 0.45188  step 0.4750
02:14:27     iter  39  obj -0.07799  best 0.45188  step 0.4750
02:14:28     iter  40  obj -0.46442  best 0.45188  step 0.4750
02:14:29     iter  41  obj -0.22189  best 0.45188  step 0.2375  halved
02:14:30     iter  42  obj 0.34366  best 0.45188  step 0.2375
02:14:32     iter  43  obj 0.42962  best 0.45188  step 0.2375
02:14:33     iter  44  obj 0.44108  best 0.45188  step 0.2375
02:14:34     iter  45  obj 0.35185  best 0.45188  step 0.2375
02:14:35     iter  46  obj 0.36078  best 0.45188  step 0.2375
02:14:36     iter  47  obj 0.29711  best 0.45188  step 0.2375
02:14:37     iter  48  obj 0.20137  best 0.45188  step 0.2375
02:14:38     iter  49  obj -0.02170  best 0.45188  step 0.2375
02:14:39     iter  50  obj 0.17108  best 0.45188  step 0.2375
02:14:40     iter  51  obj 0.17527  best 0.45188  step 0.2375
02:14:41     iter  52  obj 0.28017  best 0.45188  step 0.2375
02:14:42     iter  53  obj 0.24849  best 0.45188  step 0.2375
02:14:43     iter  54  obj 0.28278  best 0.45188  step 0.2375
02:14:44     iter  55  obj 0.37032  best 0.45188  step 0.2375
02:14:45     iter  56  obj 0.27177  best 0.45188  step 0.2375
02:14:46     iter  57  obj 0.25780  best 0.45188  step 0.1187  halved
02:14:47     iter  58  obj 0.36977  best 0.45188  step 0.1187
02:14:48     iter  59  obj 0.45251  best 0.45251  step 0.1187  *
02:14:49     iter  60  obj 0.44405  best 0.45251  step 0.1187
02:14:50     iter  61  obj 0.45458  best 0.45458  step 0.1187  *
02:14:52     iter  62  obj 0.44927  best 0.45458  step 0.1187
02:14:53     iter  63  obj 0.45419  best 0.45458  step 0.1187
02:14:54     iter  64  obj 0.40583  best 0.45458  step 0.1187
02:14:55     iter  65  obj 0.24507  best 0.45458  step 0.1187
02:14:56     iter  66  obj 0.33262  best 0.45458  step 0.1187
02:14:57     iter  67  obj 0.34418  best 0.45458  step 0.1187
02:14:58     iter  68  obj 0.37885  best 0.45458  step 0.1187
02:14:59     iter  69  obj 0.23823  best 0.45458  step 0.1187
02:15:00     iter  70  obj 0.35831  best 0.45458  step 0.0594  halved
02:15:01     iter  71  obj 0.41095  best 0.45458  step 0.0594
02:15:02     iter  72  obj 0.45584  best 0.45584  step 0.0594  *
02:15:03     iter  73  obj 0.46245  best 0.46245  step 0.0594  *
02:15:04     iter  74  obj 0.46352  best 0.46352  step 0.0594  *
02:15:05     iter  75  obj 0.46876  best 0.46876  step 0.0594  *
02:15:06     iter  76  obj 0.46195  best 0.46876  step 0.0594
02:15:07     iter  77  obj 0.44244  best 0.46876  step 0.0594
02:15:08     iter  78  obj 0.47021  best 0.47021  step 0.0594  *
02:15:09     iter  79  obj 0.46997  best 0.47021  step 0.0594
02:15:11     iter  80  obj 0.46440  best 0.47021  step 0.0297  halved
02:15:12     iter  81  obj 0.47414  best 0.47414  step 0.0297  *
02:15:13     iter  82  obj 0.48047  best 0.48047  step 0.0297  *
02:15:14     iter  83  obj 0.48847  best 0.48847  step 0.0297  *
02:15:15     iter  84  obj 0.47651  best 0.48847  step 0.0297
02:15:16     iter  85  obj 0.48891  best 0.48891  step 0.0297  *
02:15:17     iter  86  obj 0.47041  best 0.48891  step 0.0297
02:15:18     iter  87  obj 0.47907  best 0.48891  step 0.0148  halved
02:15:19     iter  88  obj 0.49731  best 0.49731  step 0.0148  *
02:15:20     iter  89  obj 0.49443  best 0.49731  step 0.0148
02:15:21     iter  90  obj 0.50738  best 0.50738  step 0.0148  *
02:15:22     iter  91  obj 0.51980  best 0.51980  step 0.0148  *
02:15:23     iter  92  obj 0.48685  best 0.51980  step 0.0148
02:15:24     iter  93  obj 0.49736  best 0.51980  step 0.0074  halved
02:15:25     iter  94  obj 0.50679  best 0.51980  step 0.0074
02:15:26     iter  95  obj 0.52861  best 0.52861  step 0.0074  *
02:15:27     iter  96  obj 0.54189  best 0.54189  step 0.0074  *
02:15:28     iter  97  obj 0.48771  best 0.54189  step 0.0074
02:15:29     iter  98  obj 0.53955  best 0.54189  step 0.0074
02:15:31     iter  99  obj 0.51520  best 0.54189  step 0.0037  halved
02:15:32     iter 100  obj 0.51976  best 0.54189  step 0.0037
02:15:32      poisoned ce=0.52584 auc=0.6302 acc=0.7930 f1=0.0633  dce=+0.07121 dacc=-0.0130  k=1500  [106.9s]
02:15:32   mean over 1 trials: dce=+0.07121 dacc=-0.0130 dauc=-0.0853  -> results/ablation_niter/lcld_v2_nat5000_full_it100
