[capgd] context_5000.csv (5000x28) -> test_attack_1000.csv (1000)
  poison rows [0]  eps=0.5->0.4750  steps=10  constraints=none  scaler=metadata  ne=1  simple=True  obj=maximize  cuda:1
  stats frozen on 4999 clean rows: column_selection_mask(14, 2)  feature_means(14, 2)  scaler_mean(14, 2)  scaler_std(14, 2)  ng_non_constant_mask(14, 2)  ng_num_used_features(14, 1)
  clean loss 0.44994   accuracy=0.8040  balanced_accuracy=0.5255  mcc=0.1300  roc_auc=0.7224
  iter    0  loss 0.44994  best 0.44994  step 0.9500
  iter    1  loss 0.45009  best 0.45009  step 0.9500  *
  iter    2  loss 0.45080  best 0.45080  step 0.9500  *
  iter    3  loss 0.45009  best 0.45080  step 0.4750  halved
  iter    4  loss 0.45032  best 0.45080  step 0.4750
  iter    5  loss 0.45048  best 0.45080  step 0.2375  halved
  iter    6  loss 0.45072  best 0.45080  step 0.2375
  iter    7  loss 0.45032  best 0.45080  step 0.1187  halved
  iter    8  loss 0.45097  best 0.45097  step 0.1187  *
  iter    9  loss 0.45066  best 0.45097  step 0.0594  halved
  iter   10  loss 0.45090  best 0.45097  step 0.0594

  clean    loss 0.44994  accuracy=0.8040  balanced_accuracy=0.5255  mcc=0.1300  roc_auc=0.7224
  poisoned loss 0.45097  accuracy=0.8030  balanced_accuracy=0.5230  mcc=0.1195  roc_auc=0.7225
  delta    loss +0.00103  accuracy=-0.0010  balanced_accuracy=-0.0025  mcc=-0.0106  roc_auc=+0.0001
  28/28 features moved, max |delta| 0.475 (scaled)  [12s]
  poisoned row (largest scaled moves, label y=0):
    emp_length                                         5.0000 ->         9.7500   (+0.475 scaled)
    annual_inc                                     60000.0000 ->  -5164604.5000   (-0.475 scaled)
    dti                                               20.6800 ->       495.6800   (+0.475 scaled)
    verification_status                                0.0000 ->         0.9500   (+0.475 scaled)
    ratio_pub_rec_month_since_earliest_cr_line         0.0000 ->        -0.2356   (-0.475 scaled)
    ratio_pub_rec_bankruptcies_pub_rec                -1.0000 ->        -0.0500   (+0.475 scaled)
    month_of_year                                      2.0000 ->        -3.2250   (-0.475 scaled)
    total_acc                                         17.0000 ->        99.6500   (+0.475 scaled)

  -- deployed path (ordinary fit/predict_proba, stats refit) --
  clean    loss 0.44870  accuracy=0.8020  balanced_accuracy=0.5185  mcc=0.1028  roc_auc=0.7243
  poisoned loss 0.45024  accuracy=0.8070  balanced_accuracy=0.5236  mcc=0.1410  roc_auc=0.7204
  delta    loss +0.00153  accuracy=+0.0050  balanced_accuracy=+0.0050  mcc=+0.0382  roc_auc=-0.0039
  saved -> results/lcld_v2/attack/p1_none
