[capgd] context_5000.csv (5000x28) -> test_attack_1000.csv (1000)
  poison rows [0, 1, 2, 3]  eps=0.5->0.4750  steps=100  constraints=full  scaler=metadata  ne=1  simple=True  obj=maximize  cuda:1
  mutable 14/28  int 10  cat 5  real 13
  stats frozen on 4996 clean rows: column_selection_mask(14, 2)  feature_means(14, 2)  scaler_mean(14, 2)  scaler_std(14, 2)  ng_non_constant_mask(14, 2)  ng_num_used_features(14, 1)
  clean loss 0.44994   accuracy=0.8040  balanced_accuracy=0.5255  mcc=0.1300  roc_auc=0.7224
  iter    0  loss 0.44994  best 0.44994  step 0.9500
  iter    1  loss 0.44963  best 0.44994  step 0.9500
  iter    2  loss 0.45075  best 0.45075  step 0.9500  *
  iter    3  loss 0.45063  best 0.45075  step 0.9500
  iter    4  loss 0.45024  best 0.45075  step 0.9500
  iter    5  loss 0.45022  best 0.45075  step 0.9500
  iter    6  loss 0.45035  best 0.45075  step 0.9500
  iter    7  loss 0.45025  best 0.45075  step 0.9500
  iter    8  loss 0.45057  best 0.45075  step 0.9500
  iter    9  loss 0.45062  best 0.45075  step 0.9500
  iter   10  loss 0.45055  best 0.45075  step 0.9500
  iter   11  loss 0.45030  best 0.45075  step 0.9500
  iter   12  loss 0.45039  best 0.45075  step 0.9500
  iter   13  loss 0.45039  best 0.45075  step 0.9500
  iter   14  loss 0.45056  best 0.45075  step 0.9500
  iter   15  loss 0.45035  best 0.45075  step 0.9500
  iter   16  loss 0.45042  best 0.45075  step 0.9500
  iter   17  loss 0.45096  best 0.45096  step 0.9500  *
  iter   18  loss 0.45071  best 0.45096  step 0.9500
  iter   19  loss 0.45063  best 0.45096  step 0.9500
  iter   20  loss 0.45039  best 0.45096  step 0.9500
  iter   21  loss 0.45046  best 0.45096  step 0.9500
  iter   22  loss 0.45060  best 0.45096  step 0.4750  halved
  iter   23  loss 0.45100  best 0.45100  step 0.4750  *
  iter   24  loss 0.45047  best 0.45100  step 0.4750
  iter   25  loss 0.45066  best 0.45100  step 0.4750
  iter   26  loss 0.45130  best 0.45130  step 0.4750  *
  iter   27  loss 0.45040  best 0.45130  step 0.4750
  iter   28  loss 0.45023  best 0.45130  step 0.4750
  iter   29  loss 0.45135  best 0.45135  step 0.4750  *
  iter   30  loss 0.45048  best 0.45135  step 0.4750
  iter   31  loss 0.45027  best 0.45135  step 0.4750
  iter   32  loss 0.45018  best 0.45135  step 0.4750
  iter   33  loss 0.45036  best 0.45135  step 0.4750
  iter   34  loss 0.45124  best 0.45135  step 0.4750
  iter   35  loss 0.45036  best 0.45135  step 0.4750
  iter   36  loss 0.45035  best 0.45135  step 0.4750
  iter   37  loss 0.45103  best 0.45135  step 0.4750
  iter   38  loss 0.45100  best 0.45135  step 0.4750
  iter   39  loss 0.45084  best 0.45135  step 0.4750
  iter   40  loss 0.45038  best 0.45135  step 0.4750
  iter   41  loss 0.45066  best 0.45135  step 0.2375  halved
  iter   42  loss 0.45061  best 0.45135  step 0.2375
  iter   43  loss 0.45120  best 0.45135  step 0.2375
  iter   44  loss 0.45051  best 0.45135  step 0.2375
  iter   45  loss 0.45151  best 0.45151  step 0.2375  *
  iter   46  loss 0.45061  best 0.45151  step 0.2375
  iter   47  loss 0.45107  best 0.45151  step 0.2375
  iter   48  loss 0.45123  best 0.45151  step 0.2375
  iter   49  loss 0.45130  best 0.45151  step 0.2375
  iter   50  loss 0.45103  best 0.45151  step 0.2375
  iter   51  loss 0.45119  best 0.45151  step 0.2375
  iter   52  loss 0.45146  best 0.45151  step 0.2375
  iter   53  loss 0.45093  best 0.45151  step 0.2375
  iter   54  loss 0.45029  best 0.45151  step 0.2375
  iter   55  loss 0.45040  best 0.45151  step 0.2375
  iter   56  loss 0.45093  best 0.45151  step 0.2375
  iter   57  loss 0.45103  best 0.45151  step 0.1187  halved
  iter   58  loss 0.45114  best 0.45151  step 0.1187
  iter   59  loss 0.45145  best 0.45151  step 0.1187
  iter   60  loss 0.45140  best 0.45151  step 0.1187
  iter   61  loss 0.45142  best 0.45151  step 0.1187
  iter   62  loss 0.45111  best 0.45151  step 0.1187
  iter   63  loss 0.45149  best 0.45151  step 0.1187
  iter   64  loss 0.45151  best 0.45151  step 0.1187
  iter   65  loss 0.44977  best 0.45151  step 0.1187
  iter   66  loss 0.45143  best 0.45151  step 0.1187
  iter   67  loss 0.45138  best 0.45151  step 0.1187
  iter   68  loss 0.45131  best 0.45151  step 0.1187
  iter   69  loss 0.45173  best 0.45173  step 0.1187  *
  iter   70  loss 0.45121  best 0.45173  step 0.0594  halved
  iter   71  loss 0.45168  best 0.45173  step 0.0594
  iter   72  loss 0.45156  best 0.45173  step 0.0594
  iter   73  loss 0.45147  best 0.45173  step 0.0594
  iter   74  loss 0.45177  best 0.45177  step 0.0594  *
  iter   75  loss 0.45190  best 0.45190  step 0.0594  *
  iter   76  loss 0.45186  best 0.45190  step 0.0594
  iter   77  loss 0.45199  best 0.45199  step 0.0594  *
  iter   78  loss 0.45194  best 0.45199  step 0.0594
  iter   79  loss 0.45200  best 0.45200  step 0.0594  *
  iter   80  loss 0.45197  best 0.45200  step 0.0297  halved
  iter   81  loss 0.45206  best 0.45206  step 0.0297  *
  iter   82  loss 0.45210  best 0.45210  step 0.0297  *
  iter   83  loss 0.45179  best 0.45210  step 0.0297
  iter   84  loss 0.45209  best 0.45210  step 0.0297
  iter   85  loss 0.45207  best 0.45210  step 0.0297
  iter   86  loss 0.45206  best 0.45210  step 0.0297
  iter   87  loss 0.45206  best 0.45210  step 0.0148  halved
  iter   88  loss 0.45190  best 0.45210  step 0.0148
  iter   89  loss 0.45212  best 0.45212  step 0.0148  *
  iter   90  loss 0.45216  best 0.45216  step 0.0148  *
  iter   91  loss 0.45198  best 0.45216  step 0.0148
  iter   92  loss 0.45209  best 0.45216  step 0.0148
  iter   93  loss 0.45210  best 0.45216  step 0.0074  halved
  iter   94  loss 0.45197  best 0.45216  step 0.0074
  iter   95  loss 0.45217  best 0.45217  step 0.0074  *
  iter   96  loss 0.45217  best 0.45217  step 0.0074
  iter   97  loss 0.45215  best 0.45217  step 0.0074
  iter   98  loss 0.45219  best 0.45219  step 0.0074  *
  iter   99  loss 0.45216  best 0.45219  step 0.0037  halved
  iter  100  loss 0.45218  best 0.45219  step 0.0037
  repair (fix_types/fix_immutable): loss 0.45219 -> 0.45220

  clean    loss 0.44994  accuracy=0.8040  balanced_accuracy=0.5255  mcc=0.1300  roc_auc=0.7224
  poisoned loss 0.45220  accuracy=0.8030  balanced_accuracy=0.5230  mcc=0.1195  roc_auc=0.7213
  delta    loss +0.00226  accuracy=-0.0010  balanced_accuracy=-0.0025  mcc=-0.0106  roc_auc=-0.0011
  49/28 features moved, max |delta| 0.475 (scaled)  [106s]
  poisoned row (largest scaled moves, label y=0):
    loan_amnt                                       4000.0000 ->     22525.0000   (+0.475 scaled)
    ratio_open_acc_total_acc                           0.3529 ->         0.8161   (+0.475 scaled)
    mort_acc                                           3.0000 ->        27.0000   (+0.471 scaled)
    purpose                                            0.0000 ->         6.0000   (+0.462 scaled)
    dti                                               20.6800 ->       475.7275   (+0.455 scaled)
    open_acc                                           6.0000 ->        46.0000   (+0.449 scaled)
    installment                                      136.0800 ->       475.5775   (+0.198 scaled)
    ratio_loan_amnt_annual_inc                         0.0667 ->        56.7413   (+0.182 scaled)

  -- deployed path (ordinary fit/predict_proba, stats refit) --
  clean    loss 0.44870  accuracy=0.8020  balanced_accuracy=0.5185  mcc=0.1028  roc_auc=0.7243
  poisoned loss 0.44904  accuracy=0.8020  balanced_accuracy=0.5185  mcc=0.1028  roc_auc=0.7240
  delta    loss +0.00033  accuracy=+0.0000  balanced_accuracy=+0.0000  mcc=+0.0000  roc_auc=-0.0003
  saved -> results/lcld_v2/attack/abl_rows004_full_it100
