[capgd] context_5000.csv (5000x28) -> test_attack_1000.csv (1000)
  poison rows [0]  eps=0.5->0.4750  steps=100  constraints=none  scaler=metadata  ne=1  simple=True  obj=maximize  cuda:1
  stats frozen on 4999 clean rows: column_selection_mask(14, 2)  feature_means(14, 2)  scaler_mean(14, 2)  scaler_std(14, 2)  ng_non_constant_mask(14, 2)  ng_num_used_features(14, 1)
  clean loss 0.44994   accuracy=0.8040  balanced_accuracy=0.5255  mcc=0.1300  roc_auc=0.7224
  iter    0  loss 0.44994  best 0.44994  step 0.9500
  iter    1  loss 0.45009  best 0.45009  step 0.9500  *
  iter    2  loss 0.45080  best 0.45080  step 0.9500  *
  iter    3  loss 0.45009  best 0.45080  step 0.9500
  iter    4  loss 0.45076  best 0.45080  step 0.9500
  iter    5  loss 0.45029  best 0.45080  step 0.9500
  iter    6  loss 0.45089  best 0.45089  step 0.9500  *
  iter    7  loss 0.45007  best 0.45089  step 0.9500
  iter    8  loss 0.45085  best 0.45089  step 0.9500
  iter    9  loss 0.45034  best 0.45089  step 0.9500
  iter   10  loss 0.45095  best 0.45095  step 0.9500  *
  iter   11  loss 0.45067  best 0.45095  step 0.9500
  iter   12  loss 0.45038  best 0.45095  step 0.9500
  iter   13  loss 0.45083  best 0.45095  step 0.9500
  iter   14  loss 0.45019  best 0.45095  step 0.9500
  iter   15  loss 0.45096  best 0.45096  step 0.9500  *
  iter   16  loss 0.45036  best 0.45096  step 0.9500
  iter   17  loss 0.45091  best 0.45096  step 0.9500
  iter   18  loss 0.45014  best 0.45096  step 0.9500
  iter   19  loss 0.45086  best 0.45096  step 0.9500
  iter   20  loss 0.45030  best 0.45096  step 0.9500
  iter   21  loss 0.45085  best 0.45096  step 0.9500
  iter   22  loss 0.45076  best 0.45096  step 0.4750  halved
  iter   23  loss 0.45046  best 0.45096  step 0.4750
  iter   24  loss 0.45092  best 0.45096  step 0.4750
  iter   25  loss 0.45079  best 0.45096  step 0.4750
  iter   26  loss 0.45007  best 0.45096  step 0.4750
  iter   27  loss 0.45058  best 0.45096  step 0.4750
  iter   28  loss 0.45046  best 0.45096  step 0.4750
  iter   29  loss 0.45059  best 0.45096  step 0.4750
  iter   30  loss 0.45038  best 0.45096  step 0.4750
  iter   31  loss 0.45046  best 0.45096  step 0.4750
  iter   32  loss 0.45019  best 0.45096  step 0.4750
  iter   33  loss 0.45041  best 0.45096  step 0.4750
  iter   34  loss 0.45038  best 0.45096  step 0.4750
  iter   35  loss 0.45056  best 0.45096  step 0.4750
  iter   36  loss 0.45047  best 0.45096  step 0.4750
  iter   37  loss 0.45067  best 0.45096  step 0.4750
  iter   38  loss 0.45047  best 0.45096  step 0.4750
  iter   39  loss 0.45071  best 0.45096  step 0.4750
  iter   40  loss 0.45032  best 0.45096  step 0.4750
  iter   41  loss 0.45064  best 0.45096  step 0.2375  halved
  iter   42  loss 0.45067  best 0.45096  step 0.2375
  iter   43  loss 0.45093  best 0.45096  step 0.2375
  iter   44  loss 0.44971  best 0.45096  step 0.2375
  iter   45  loss 0.45092  best 0.45096  step 0.2375
  iter   46  loss 0.45049  best 0.45096  step 0.2375
  iter   47  loss 0.45095  best 0.45096  step 0.2375
  iter   48  loss 0.45055  best 0.45096  step 0.2375
  iter   49  loss 0.45092  best 0.45096  step 0.2375
  iter   50  loss 0.45053  best 0.45096  step 0.2375
  iter   51  loss 0.45091  best 0.45096  step 0.2375
  iter   52  loss 0.45058  best 0.45096  step 0.2375
  iter   53  loss 0.45090  best 0.45096  step 0.2375
  iter   54  loss 0.45058  best 0.45096  step 0.2375
  iter   55  loss 0.45094  best 0.45096  step 0.2375
  iter   56  loss 0.45060  best 0.45096  step 0.2375
  iter   57  loss 0.45091  best 0.45096  step 0.1187  halved
  iter   58  loss 0.45082  best 0.45096  step 0.1187
  iter   59  loss 0.45102  best 0.45102  step 0.1187  *
  iter   60  loss 0.45098  best 0.45102  step 0.1187
  iter   61  loss 0.45107  best 0.45107  step 0.1187  *
  iter   62  loss 0.45105  best 0.45107  step 0.1187
  iter   63  loss 0.45111  best 0.45111  step 0.1187  *
  iter   64  loss 0.45104  best 0.45111  step 0.1187
  iter   65  loss 0.45113  best 0.45113  step 0.1187  *
  iter   66  loss 0.45110  best 0.45113  step 0.1187
  iter   67  loss 0.45107  best 0.45113  step 0.1187
  iter   68  loss 0.45103  best 0.45113  step 0.1187
  iter   69  loss 0.45111  best 0.45113  step 0.1187
  iter   70  loss 0.45109  best 0.45113  step 0.0594  halved
  iter   71  loss 0.45118  best 0.45118  step 0.0594  *
  iter   72  loss 0.45118  best 0.45118  step 0.0594
  iter   73  loss 0.45118  best 0.45118  step 0.0594
  iter   74  loss 0.45120  best 0.45120  step 0.0594  *
  iter   75  loss 0.45122  best 0.45122  step 0.0594  *
  iter   76  loss 0.45121  best 0.45122  step 0.0594
  iter   77  loss 0.45118  best 0.45122  step 0.0594
  iter   78  loss 0.45121  best 0.45122  step 0.0594
  iter   79  loss 0.45122  best 0.45122  step 0.0594
  iter   80  loss 0.45121  best 0.45122  step 0.0297  halved
  iter   81  loss 0.45124  best 0.45124  step 0.0297  *
  iter   82  loss 0.45124  best 0.45124  step 0.0297
  iter   83  loss 0.45124  best 0.45124  step 0.0297
  iter   84  loss 0.45124  best 0.45124  step 0.0297
  iter   85  loss 0.45124  best 0.45124  step 0.0297  *
  iter   86  loss 0.45124  best 0.45124  step 0.0297
  iter   87  loss 0.45124  best 0.45124  step 0.0148  halved
  iter   88  loss 0.45125  best 0.45125  step 0.0148  *
  iter   89  loss 0.45125  best 0.45125  step 0.0148  *
  iter   90  loss 0.45126  best 0.45126  step 0.0148  *
  iter   91  loss 0.45125  best 0.45126  step 0.0148
  iter   92  loss 0.45126  best 0.45126  step 0.0148  *
  iter   93  loss 0.45125  best 0.45126  step 0.0074  halved
  iter   94  loss 0.45126  best 0.45126  step 0.0074  *
  iter   95  loss 0.45126  best 0.45126  step 0.0074  *
  iter   96  loss 0.45126  best 0.45126  step 0.0074
  iter   97  loss 0.45126  best 0.45126  step 0.0074  *
  iter   98  loss 0.45126  best 0.45126  step 0.0074
  iter   99  loss 0.45126  best 0.45126  step 0.0037  *  halved
  iter  100  loss 0.45126  best 0.45126  step 0.0037  *

  clean    loss 0.44994  accuracy=0.8040  balanced_accuracy=0.5255  mcc=0.1300  roc_auc=0.7224
  poisoned loss 0.45126  accuracy=0.8030  balanced_accuracy=0.5230  mcc=0.1195  roc_auc=0.7222
  delta    loss +0.00132  accuracy=-0.0010  balanced_accuracy=-0.0025  mcc=-0.0106  roc_auc=-0.0003
  28/28 features moved, max |delta| 0.475 (scaled)  [106s]
  poisoned row (largest scaled moves, label y=0):
    term                                              36.0000 ->        47.4000   (+0.475 scaled)
    ratio_open_acc_total_acc                           0.3529 ->         0.8164   (+0.475 scaled)
    mort_acc                                           3.0000 ->        27.2250   (+0.475 scaled)
    initial_list_status                                1.0000 ->         0.5250   (-0.475 scaled)
    month_since_earliest_cr_line                     212.0000 ->      -245.4250   (-0.475 scaled)
    annual_inc                                     60000.0000 ->  -5164604.5000   (-0.475 scaled)
    home_ownership                                     0.0000 ->        -2.3750   (-0.475 scaled)
    dti                                               20.6800 ->       495.6800   (+0.475 scaled)

  -- deployed path (ordinary fit/predict_proba, stats refit) --
  clean    loss 0.44870  accuracy=0.8020  balanced_accuracy=0.5185  mcc=0.1028  roc_auc=0.7243
  poisoned loss 0.45059  accuracy=0.8070  balanced_accuracy=0.5236  mcc=0.1410  roc_auc=0.7196
  delta    loss +0.00189  accuracy=+0.0050  balanced_accuracy=+0.0050  mcc=+0.0382  roc_auc=-0.0047
  saved -> results/lcld_v2/attack/abl_rows001_none_it100
