[capgd] context_5000.csv (5000x28) -> test_attack_1000.csv (1000)
  poison 16 rows 0..15  eps=0.5->0.4750  steps=100  constraints=full  scaler=metadata  ne=1  simple=True  obj=maximize  cuda:1
  mutable 14/28  int 10  cat 5  real 13
  stats frozen on 4984 clean rows: column_selection_mask(14, 2)  feature_means(14, 2)  scaler_mean(14, 2)  scaler_std(14, 2)  ng_non_constant_mask(14, 2)  ng_num_used_features(14, 1)
  clean loss 0.44994   accuracy=0.8040  balanced_accuracy=0.5255  mcc=0.1300  roc_auc=0.7224
  iter    0  loss 0.44994  best 0.44994  step 0.9500
  iter    1  loss 0.44824  best 0.44994  step 0.9500
  iter    2  loss 0.44908  best 0.44994  step 0.9500
  iter    3  loss 0.44996  best 0.44996  step 0.9500  *
  iter    4  loss 0.45112  best 0.45112  step 0.9500  *
  iter    5  loss 0.44976  best 0.45112  step 0.9500
  iter    6  loss 0.44938  best 0.45112  step 0.9500
  iter    7  loss 0.45053  best 0.45112  step 0.9500
  iter    8  loss 0.44981  best 0.45112  step 0.9500
  iter    9  loss 0.45059  best 0.45112  step 0.9500
  iter   10  loss 0.45140  best 0.45140  step 0.9500  *
  iter   11  loss 0.45019  best 0.45140  step 0.9500
  iter   12  loss 0.44985  best 0.45140  step 0.9500
  iter   13  loss 0.44937  best 0.45140  step 0.9500
  iter   14  loss 0.45030  best 0.45140  step 0.9500
  iter   15  loss 0.45044  best 0.45140  step 0.9500
  iter   16  loss 0.44979  best 0.45140  step 0.9500
  iter   17  loss 0.44985  best 0.45140  step 0.9500
  iter   18  loss 0.44984  best 0.45140  step 0.9500
  iter   19  loss 0.45015  best 0.45140  step 0.9500
  iter   20  loss 0.45078  best 0.45140  step 0.9500
  iter   21  loss 0.44976  best 0.45140  step 0.9500
  iter   22  loss 0.45064  best 0.45140  step 0.4750  halved
  iter   23  loss 0.45072  best 0.45140  step 0.4750
  iter   24  loss 0.45030  best 0.45140  step 0.4750
  iter   25  loss 0.44993  best 0.45140  step 0.4750
  iter   26  loss 0.45097  best 0.45140  step 0.4750
  iter   27  loss 0.44943  best 0.45140  step 0.4750
  iter   28  loss 0.45071  best 0.45140  step 0.4750
  iter   29  loss 0.45111  best 0.45140  step 0.4750
  iter   30  loss 0.45008  best 0.45140  step 0.4750
  iter   31  loss 0.44981  best 0.45140  step 0.4750
  iter   32  loss 0.44999  best 0.45140  step 0.4750
  iter   33  loss 0.45050  best 0.45140  step 0.4750
  iter   34  loss 0.45000  best 0.45140  step 0.4750
  iter   35  loss 0.45127  best 0.45140  step 0.4750
  iter   36  loss 0.45058  best 0.45140  step 0.4750
  iter   37  loss 0.45050  best 0.45140  step 0.4750
  iter   38  loss 0.45025  best 0.45140  step 0.4750
  iter   39  loss 0.45138  best 0.45140  step 0.4750
  iter   40  loss 0.45054  best 0.45140  step 0.4750
  iter   41  loss 0.44953  best 0.45140  step 0.2375  halved
  iter   42  loss 0.45144  best 0.45144  step 0.2375  *
  iter   43  loss 0.45135  best 0.45144  step 0.2375
  iter   44  loss 0.45221  best 0.45221  step 0.2375  *
  iter   45  loss 0.45213  best 0.45221  step 0.2375
  iter   46  loss 0.45236  best 0.45236  step 0.2375  *
  iter   47  loss 0.45042  best 0.45236  step 0.2375
  iter   48  loss 0.45096  best 0.45236  step 0.2375
  iter   49  loss 0.45190  best 0.45236  step 0.2375
  iter   50  loss 0.45077  best 0.45236  step 0.2375
  iter   51  loss 0.45082  best 0.45236  step 0.2375
  iter   52  loss 0.45290  best 0.45290  step 0.2375  *
  iter   53  loss 0.45256  best 0.45290  step 0.2375
  iter   54  loss 0.45079  best 0.45290  step 0.2375
  iter   55  loss 0.45147  best 0.45290  step 0.2375
  iter   56  loss 0.45151  best 0.45290  step 0.2375
  iter   57  loss 0.45257  best 0.45290  step 0.1187  halved
  iter   58  loss 0.45323  best 0.45323  step 0.1187  *
  iter   59  loss 0.45284  best 0.45323  step 0.1187
  iter   60  loss 0.45363  best 0.45363  step 0.1187  *
  iter   61  loss 0.45379  best 0.45379  step 0.1187  *
  iter   62  loss 0.45268  best 0.45379  step 0.1187
  iter   63  loss 0.45353  best 0.45379  step 0.1187
  iter   64  loss 0.45225  best 0.45379  step 0.1187
  iter   65  loss 0.45286  best 0.45379  step 0.1187
  iter   66  loss 0.45361  best 0.45379  step 0.1187
  iter   67  loss 0.45371  best 0.45379  step 0.1187
  iter   68  loss 0.45333  best 0.45379  step 0.1187
  iter   69  loss 0.45371  best 0.45379  step 0.1187
  iter   70  loss 0.45389  best 0.45389  step 0.0594  *  halved
  iter   71  loss 0.45362  best 0.45389  step 0.0594
  iter   72  loss 0.45416  best 0.45416  step 0.0594  *
  iter   73  loss 0.45455  best 0.45455  step 0.0594  *
  iter   74  loss 0.45443  best 0.45455  step 0.0594
  iter   75  loss 0.45486  best 0.45486  step 0.0594  *
  iter   76  loss 0.45519  best 0.45519  step 0.0594  *
  iter   77  loss 0.45472  best 0.45519  step 0.0594
  iter   78  loss 0.45496  best 0.45519  step 0.0594
  iter   79  loss 0.45519  best 0.45519  step 0.0594  *
  iter   80  loss 0.45513  best 0.45519  step 0.0297  halved
  iter   81  loss 0.45580  best 0.45580  step 0.0297  *
  iter   82  loss 0.45555  best 0.45580  step 0.0297
  iter   83  loss 0.45598  best 0.45598  step 0.0297  *
  iter   84  loss 0.45604  best 0.45604  step 0.0297  *
  iter   85  loss 0.45591  best 0.45604  step 0.0297
  iter   86  loss 0.45633  best 0.45633  step 0.0297  *
  iter   87  loss 0.45583  best 0.45633  step 0.0148  halved
  iter   88  loss 0.45688  best 0.45688  step 0.0148  *
  iter   89  loss 0.45671  best 0.45688  step 0.0148
  iter   90  loss 0.45684  best 0.45688  step 0.0148
  iter   91  loss 0.45608  best 0.45688  step 0.0148
  iter   92  loss 0.45709  best 0.45709  step 0.0148  *
  iter   93  loss 0.45712  best 0.45712  step 0.0074  *  halved
  iter   94  loss 0.45714  best 0.45714  step 0.0074  *
  iter   95  loss 0.45749  best 0.45749  step 0.0074  *
  iter   96  loss 0.45755  best 0.45755  step 0.0074  *
  iter   97  loss 0.45759  best 0.45759  step 0.0074  *
  iter   98  loss 0.45724  best 0.45759  step 0.0074
  iter   99  loss 0.45754  best 0.45759  step 0.0074
  iter  100  loss 0.45761  best 0.45761  step 0.0074  *
  repair (fix_types/fix_immutable): loss 0.45761 -> 0.45770

  clean    loss 0.44994  accuracy=0.8040  balanced_accuracy=0.5255  mcc=0.1300  roc_auc=0.7224
  poisoned loss 0.45770  accuracy=0.8040  balanced_accuracy=0.5236  mcc=0.1253  roc_auc=0.7145
  delta    loss +0.00776  accuracy=+0.0000  balanced_accuracy=-0.0019  mcc=-0.0048  roc_auc=-0.0080
  203/28 features moved, max |delta| 0.475 (scaled)  [106s]
  poisoned row (largest scaled moves, label y=0):
    mort_acc                                           3.0000 ->        26.0000   (+0.451 scaled)
    loan_amnt                                       4000.0000 ->     21133.9219   (+0.439 scaled)
    installment                                      136.0800 ->       554.8511   (+0.244 scaled)
    ratio_open_acc_total_acc                           0.3529 ->         0.5853   (+0.238 scaled)
    annual_inc                                     60000.0000 ->   2481324.2500   (+0.220 scaled)
    ratio_loan_amnt_annual_inc                         0.0667 ->        45.5266   (+0.146 scaled)
    revol_util                                        93.4000 ->         0.0000   (-0.105 scaled)
    emp_length                                         5.0000 ->         6.0000   (+0.100 scaled)

  -- deployed path (ordinary fit/predict_proba, stats refit) --
  clean    loss 0.44870  accuracy=0.8020  balanced_accuracy=0.5185  mcc=0.1028  roc_auc=0.7243
  poisoned loss 0.45004  accuracy=0.8010  balanced_accuracy=0.5141  mcc=0.0842  roc_auc=0.7221
  delta    loss +0.00134  accuracy=-0.0010  balanced_accuracy=-0.0045  mcc=-0.0186  roc_auc=-0.0022
  saved -> results/lcld_v2/attack/abl_rows016_full_it100
