[capgd] context_5000.csv (5000x28) -> test_attack_1000.csv (1000)
  poison 8 rows 0..7  eps=0.5->0.4750  steps=100  constraints=none  scaler=metadata  ne=1  simple=True  obj=maximize  cuda:1
  stats frozen on 4992 clean rows: column_selection_mask(14, 2)  feature_means(14, 2)  scaler_mean(14, 2)  scaler_std(14, 2)  ng_non_constant_mask(14, 2)  ng_num_used_features(14, 1)
  clean loss 0.44994   accuracy=0.8040  balanced_accuracy=0.5255  mcc=0.1300  roc_auc=0.7224
  iter    0  loss 0.44994  best 0.44994  step 0.9500
  iter    1  loss 0.44869  best 0.44994  step 0.9500
  iter    2  loss 0.45103  best 0.45103  step 0.9500  *
  iter    3  loss 0.45034  best 0.45103  step 0.9500
  iter    4  loss 0.45016  best 0.45103  step 0.9500
  iter    5  loss 0.45019  best 0.45103  step 0.9500
  iter    6  loss 0.45033  best 0.45103  step 0.9500
  iter    7  loss 0.45077  best 0.45103  step 0.9500
  iter    8  loss 0.44977  best 0.45103  step 0.9500
  iter    9  loss 0.45131  best 0.45131  step 0.9500  *
  iter   10  loss 0.44988  best 0.45131  step 0.9500
  iter   11  loss 0.45046  best 0.45131  step 0.9500
  iter   12  loss 0.45059  best 0.45131  step 0.9500
  iter   13  loss 0.45011  best 0.45131  step 0.9500
  iter   14  loss 0.45060  best 0.45131  step 0.9500
  iter   15  loss 0.45061  best 0.45131  step 0.9500
  iter   16  loss 0.45079  best 0.45131  step 0.9500
  iter   17  loss 0.45084  best 0.45131  step 0.9500
  iter   18  loss 0.45010  best 0.45131  step 0.9500
  iter   19  loss 0.45064  best 0.45131  step 0.9500
  iter   20  loss 0.45066  best 0.45131  step 0.9500
  iter   21  loss 0.45103  best 0.45131  step 0.9500
  iter   22  loss 0.45077  best 0.45131  step 0.4750  halved
  iter   23  loss 0.45073  best 0.45131  step 0.4750
  iter   24  loss 0.45094  best 0.45131  step 0.4750
  iter   25  loss 0.45107  best 0.45131  step 0.4750
  iter   26  loss 0.45114  best 0.45131  step 0.4750
  iter   27  loss 0.45108  best 0.45131  step 0.4750
  iter   28  loss 0.45075  best 0.45131  step 0.4750
  iter   29  loss 0.45020  best 0.45131  step 0.4750
  iter   30  loss 0.45052  best 0.45131  step 0.4750
  iter   31  loss 0.44955  best 0.45131  step 0.4750
  iter   32  loss 0.45051  best 0.45131  step 0.4750
  iter   33  loss 0.45131  best 0.45131  step 0.4750
  iter   34  loss 0.45076  best 0.45131  step 0.4750
  iter   35  loss 0.45004  best 0.45131  step 0.4750
  iter   36  loss 0.45062  best 0.45131  step 0.4750
  iter   37  loss 0.45048  best 0.45131  step 0.4750
  iter   38  loss 0.45055  best 0.45131  step 0.4750
  iter   39  loss 0.45027  best 0.45131  step 0.4750
  iter   40  loss 0.45080  best 0.45131  step 0.4750
  iter   41  loss 0.45038  best 0.45131  step 0.2375  halved
  iter   42  loss 0.45113  best 0.45131  step 0.2375
  iter   43  loss 0.45204  best 0.45204  step 0.2375  *
  iter   44  loss 0.45193  best 0.45204  step 0.2375
  iter   45  loss 0.45218  best 0.45218  step 0.2375  *
  iter   46  loss 0.45160  best 0.45218  step 0.2375
  iter   47  loss 0.45271  best 0.45271  step 0.2375  *
  iter   48  loss 0.45198  best 0.45271  step 0.2375
  iter   49  loss 0.45235  best 0.45271  step 0.2375
  iter   50  loss 0.45095  best 0.45271  step 0.2375
  iter   51  loss 0.45136  best 0.45271  step 0.2375
  iter   52  loss 0.45171  best 0.45271  step 0.2375
  iter   53  loss 0.45135  best 0.45271  step 0.2375
  iter   54  loss 0.45248  best 0.45271  step 0.2375
  iter   55  loss 0.45141  best 0.45271  step 0.2375
  iter   56  loss 0.45242  best 0.45271  step 0.2375
  iter   57  loss 0.45221  best 0.45271  step 0.1187  halved
  iter   58  loss 0.45280  best 0.45280  step 0.1187  *
  iter   59  loss 0.45329  best 0.45329  step 0.1187  *
  iter   60  loss 0.45294  best 0.45329  step 0.1187
  iter   61  loss 0.45350  best 0.45350  step 0.1187  *
  iter   62  loss 0.45326  best 0.45350  step 0.1187
  iter   63  loss 0.45392  best 0.45392  step 0.1187  *
  iter   64  loss 0.45314  best 0.45392  step 0.1187
  iter   65  loss 0.45390  best 0.45392  step 0.1187
  iter   66  loss 0.45386  best 0.45392  step 0.1187
  iter   67  loss 0.45435  best 0.45435  step 0.1187  *
  iter   68  loss 0.45255  best 0.45435  step 0.1187
  iter   69  loss 0.45343  best 0.45435  step 0.1187
  iter   70  loss 0.45312  best 0.45435  step 0.0594  halved
  iter   71  loss 0.45428  best 0.45435  step 0.0594
  iter   72  loss 0.45445  best 0.45445  step 0.0594  *
  iter   73  loss 0.45469  best 0.45469  step 0.0594  *
  iter   74  loss 0.45449  best 0.45469  step 0.0594
  iter   75  loss 0.45498  best 0.45498  step 0.0594  *
  iter   76  loss 0.45422  best 0.45498  step 0.0594
  iter   77  loss 0.45472  best 0.45498  step 0.0594
  iter   78  loss 0.45487  best 0.45498  step 0.0594
  iter   79  loss 0.45430  best 0.45498  step 0.0594
  iter   80  loss 0.45477  best 0.45498  step 0.0297  halved
  iter   81  loss 0.45504  best 0.45504  step 0.0297  *
  iter   82  loss 0.45523  best 0.45523  step 0.0297  *
  iter   83  loss 0.45539  best 0.45539  step 0.0297  *
  iter   84  loss 0.45569  best 0.45569  step 0.0297  *
  iter   85  loss 0.45546  best 0.45569  step 0.0297
  iter   86  loss 0.45539  best 0.45569  step 0.0297
  iter   87  loss 0.45519  best 0.45569  step 0.0148  halved
  iter   88  loss 0.45575  best 0.45575  step 0.0148  *
  iter   89  loss 0.45555  best 0.45575  step 0.0148
  iter   90  loss 0.45604  best 0.45604  step 0.0148  *
  iter   91  loss 0.45590  best 0.45604  step 0.0148
  iter   92  loss 0.45572  best 0.45604  step 0.0148
  iter   93  loss 0.45603  best 0.45604  step 0.0074  halved
  iter   94  loss 0.45592  best 0.45604  step 0.0074
  iter   95  loss 0.45615  best 0.45615  step 0.0074  *
  iter   96  loss 0.45612  best 0.45615  step 0.0074
  iter   97  loss 0.45608  best 0.45615  step 0.0074
  iter   98  loss 0.45614  best 0.45615  step 0.0074
  iter   99  loss 0.45615  best 0.45615  step 0.0037  *  halved
  iter  100  loss 0.45628  best 0.45628  step 0.0037  *

  clean    loss 0.44994  accuracy=0.8040  balanced_accuracy=0.5255  mcc=0.1300  roc_auc=0.7224
  poisoned loss 0.45628  accuracy=0.8050  balanced_accuracy=0.5242  mcc=0.1314  roc_auc=0.7166
  delta    loss +0.00634  accuracy=+0.0010  balanced_accuracy=-0.0013  mcc=+0.0014  roc_auc=-0.0059
  224/28 features moved, max |delta| 0.475 (scaled)  [106s]
  poisoned row (largest scaled moves, label y=0):
    revol_util                                        93.4000 ->      -330.4425   (-0.475 scaled)
    ratio_pub_rec_bankruptcies_month_since_earliest_cr_line         0.0000 ->        -0.0432   (-0.475 scaled)
    ratio_pub_rec_month_since_earliest_cr_line         0.0000 ->         0.2356   (+0.475 scaled)
    open_acc                                           6.0000 ->       -36.2750   (-0.475 scaled)
    term                                              36.0000 ->        47.2612   (+0.469 scaled)
    total_acc                                         17.0000 ->       -64.5850   (-0.469 scaled)
    application_type                                   0.0000 ->         0.4511   (+0.451 scaled)
    month_of_year                                      2.0000 ->         6.8746   (+0.443 scaled)

  -- deployed path (ordinary fit/predict_proba, stats refit) --
  clean    loss 0.44870  accuracy=0.8020  balanced_accuracy=0.5185  mcc=0.1028  roc_auc=0.7243
  poisoned loss 0.45628  accuracy=0.8050  balanced_accuracy=0.5242  mcc=0.1314  roc_auc=0.7166
  delta    loss +0.00758  accuracy=+0.0030  balanced_accuracy=+0.0057  mcc=+0.0286  roc_auc=-0.0078
  saved -> results/lcld_v2/attack/abl_rows008_none_it100
