[capgd] context_5000.csv (5000x28) -> test_attack_1000.csv (1000)
  poison rows [0, 1, 2, 3]  eps=0.5->0.4750  steps=100  constraints=none  scaler=metadata  ne=1  simple=True  obj=maximize  cuda:1
  stats frozen on 4996 clean rows: column_selection_mask(14, 2)  feature_means(14, 2)  scaler_mean(14, 2)  scaler_std(14, 2)  ng_non_constant_mask(14, 2)  ng_num_used_features(14, 1)
  clean loss 0.44994   accuracy=0.8040  balanced_accuracy=0.5255  mcc=0.1300  roc_auc=0.7224
  iter    0  loss 0.44994  best 0.44994  step 0.9500
  iter    1  loss 0.44972  best 0.44994  step 0.9500
  iter    2  loss 0.45078  best 0.45078  step 0.9500  *
  iter    3  loss 0.45082  best 0.45082  step 0.9500  *
  iter    4  loss 0.45050  best 0.45082  step 0.9500
  iter    5  loss 0.45050  best 0.45082  step 0.9500
  iter    6  loss 0.45065  best 0.45082  step 0.9500
  iter    7  loss 0.45027  best 0.45082  step 0.9500
  iter    8  loss 0.45091  best 0.45091  step 0.9500  *
  iter    9  loss 0.45064  best 0.45091  step 0.9500
  iter   10  loss 0.45055  best 0.45091  step 0.9500
  iter   11  loss 0.45054  best 0.45091  step 0.9500
  iter   12  loss 0.45058  best 0.45091  step 0.9500
  iter   13  loss 0.45050  best 0.45091  step 0.9500
  iter   14  loss 0.45075  best 0.45091  step 0.9500
  iter   15  loss 0.45040  best 0.45091  step 0.9500
  iter   16  loss 0.45078  best 0.45091  step 0.9500
  iter   17  loss 0.45025  best 0.45091  step 0.9500
  iter   18  loss 0.45075  best 0.45091  step 0.9500
  iter   19  loss 0.45039  best 0.45091  step 0.9500
  iter   20  loss 0.45053  best 0.45091  step 0.9500
  iter   21  loss 0.45047  best 0.45091  step 0.9500
  iter   22  loss 0.45061  best 0.45091  step 0.4750  halved
  iter   23  loss 0.45103  best 0.45103  step 0.4750  *
  iter   24  loss 0.45055  best 0.45103  step 0.4750
  iter   25  loss 0.45013  best 0.45103  step 0.4750
  iter   26  loss 0.45058  best 0.45103  step 0.4750
  iter   27  loss 0.45047  best 0.45103  step 0.4750
  iter   28  loss 0.44925  best 0.45103  step 0.4750
  iter   29  loss 0.45086  best 0.45103  step 0.4750
  iter   30  loss 0.44984  best 0.45103  step 0.4750
  iter   31  loss 0.45044  best 0.45103  step 0.4750
  iter   32  loss 0.45065  best 0.45103  step 0.4750
  iter   33  loss 0.45050  best 0.45103  step 0.4750
  iter   34  loss 0.45066  best 0.45103  step 0.4750
  iter   35  loss 0.45015  best 0.45103  step 0.4750
  iter   36  loss 0.45111  best 0.45111  step 0.4750  *
  iter   37  loss 0.45011  best 0.45111  step 0.4750
  iter   38  loss 0.45053  best 0.45111  step 0.4750
  iter   39  loss 0.45052  best 0.45111  step 0.4750
  iter   40  loss 0.45069  best 0.45111  step 0.4750
  iter   41  loss 0.45070  best 0.45111  step 0.2375  halved
  iter   42  loss 0.45094  best 0.45111  step 0.2375
  iter   43  loss 0.45116  best 0.45116  step 0.2375  *
  iter   44  loss 0.45122  best 0.45122  step 0.2375  *
  iter   45  loss 0.45139  best 0.45139  step 0.2375  *
  iter   46  loss 0.45059  best 0.45139  step 0.2375
  iter   47  loss 0.45119  best 0.45139  step 0.2375
  iter   48  loss 0.45112  best 0.45139  step 0.2375
  iter   49  loss 0.45131  best 0.45139  step 0.2375
  iter   50  loss 0.45129  best 0.45139  step 0.2375
  iter   51  loss 0.45109  best 0.45139  step 0.2375
  iter   52  loss 0.45110  best 0.45139  step 0.2375
  iter   53  loss 0.45092  best 0.45139  step 0.2375
  iter   54  loss 0.45115  best 0.45139  step 0.2375
  iter   55  loss 0.45130  best 0.45139  step 0.2375
  iter   56  loss 0.45090  best 0.45139  step 0.2375
  iter   57  loss 0.45092  best 0.45139  step 0.1187  halved
  iter   58  loss 0.45115  best 0.45139  step 0.1187
  iter   59  loss 0.45161  best 0.45161  step 0.1187  *
  iter   60  loss 0.45148  best 0.45161  step 0.1187
  iter   61  loss 0.45134  best 0.45161  step 0.1187
  iter   62  loss 0.45141  best 0.45161  step 0.1187
  iter   63  loss 0.45157  best 0.45161  step 0.1187
  iter   64  loss 0.45142  best 0.45161  step 0.1187
  iter   65  loss 0.45167  best 0.45167  step 0.1187  *
  iter   66  loss 0.45159  best 0.45167  step 0.1187
  iter   67  loss 0.45163  best 0.45167  step 0.1187
  iter   68  loss 0.45137  best 0.45167  step 0.1187
  iter   69  loss 0.45173  best 0.45173  step 0.1187  *
  iter   70  loss 0.45158  best 0.45173  step 0.0594  halved
  iter   71  loss 0.45185  best 0.45185  step 0.0594  *
  iter   72  loss 0.45178  best 0.45185  step 0.0594
  iter   73  loss 0.45189  best 0.45189  step 0.0594  *
  iter   74  loss 0.45180  best 0.45189  step 0.0594
  iter   75  loss 0.45196  best 0.45196  step 0.0594  *
  iter   76  loss 0.45193  best 0.45196  step 0.0594
  iter   77  loss 0.45157  best 0.45196  step 0.0594
  iter   78  loss 0.45194  best 0.45196  step 0.0594
  iter   79  loss 0.45172  best 0.45196  step 0.0594
  iter   80  loss 0.45208  best 0.45208  step 0.0297  *  halved
  iter   81  loss 0.45209  best 0.45209  step 0.0297  *
  iter   82  loss 0.45215  best 0.45215  step 0.0297  *
  iter   83  loss 0.45217  best 0.45217  step 0.0297  *
  iter   84  loss 0.45223  best 0.45223  step 0.0297  *
  iter   85  loss 0.45230  best 0.45230  step 0.0297  *
  iter   86  loss 0.45224  best 0.45230  step 0.0297
  iter   87  loss 0.45229  best 0.45230  step 0.0297
  iter   88  loss 0.45222  best 0.45230  step 0.0297
  iter   89  loss 0.45240  best 0.45240  step 0.0297  *
  iter   90  loss 0.45226  best 0.45240  step 0.0297
  iter   91  loss 0.45230  best 0.45240  step 0.0297
  iter   92  loss 0.45226  best 0.45240  step 0.0297
  iter   93  loss 0.45235  best 0.45240  step 0.0148  halved
  iter   94  loss 0.45248  best 0.45248  step 0.0148  *
  iter   95  loss 0.45241  best 0.45248  step 0.0148
  iter   96  loss 0.45253  best 0.45253  step 0.0148  *
  iter   97  loss 0.45248  best 0.45253  step 0.0148
  iter   98  loss 0.45249  best 0.45253  step 0.0148
  iter   99  loss 0.45254  best 0.45254  step 0.0074  *  halved
  iter  100  loss 0.45271  best 0.45271  step 0.0074  *

  clean    loss 0.44994  accuracy=0.8040  balanced_accuracy=0.5255  mcc=0.1300  roc_auc=0.7224
  poisoned loss 0.45271  accuracy=0.8020  balanced_accuracy=0.5204  mcc=0.1085  roc_auc=0.7206
  delta    loss +0.00277  accuracy=-0.0020  balanced_accuracy=-0.0051  mcc=-0.0215  roc_auc=-0.0019
  112/28 features moved, max |delta| 0.475 (scaled)  [106s]
  poisoned row (largest scaled moves, label y=0):
    mort_acc                                           3.0000 ->        27.2250   (+0.475 scaled)
    initial_list_status                                1.0000 ->         0.5250   (-0.475 scaled)
    dti                                               20.6800 ->      -454.3200   (-0.475 scaled)
    month_of_year                                      2.0000 ->        -3.2250   (-0.475 scaled)
    verification_status                                0.0000 ->        -0.9333   (-0.467 scaled)
    ratio_pub_rec_month_since_earliest_cr_line         0.0000 ->         0.2291   (+0.462 scaled)
    revol_bal                                      15596.0000 ->  -1279393.0000   (-0.446 scaled)
    ratio_pub_rec_bankruptcies_pub_rec                -1.0000 ->        -0.1163   (+0.442 scaled)

  -- deployed path (ordinary fit/predict_proba, stats refit) --
  clean    loss 0.44870  accuracy=0.8020  balanced_accuracy=0.5185  mcc=0.1028  roc_auc=0.7243
  poisoned loss 0.45271  accuracy=0.8020  balanced_accuracy=0.5204  mcc=0.1085  roc_auc=0.7206
  delta    loss +0.00401  accuracy=+0.0000  balanced_accuracy=+0.0019  mcc=+0.0057  roc_auc=-0.0037
  saved -> results/lcld_v2/attack/abl_rows004_none_it100
