[capgd] context_5000.csv (5000x28) -> test_attack_1000.csv (1000)
  poison 8 rows 0..7  eps=0.5->0.4750  steps=100  constraints=full  scaler=metadata  ne=1  simple=True  obj=maximize  cuda:1
  mutable 14/28  int 10  cat 5  real 13
  stats frozen on 4992 clean rows: column_selection_mask(14, 2)  feature_means(14, 2)  scaler_mean(14, 2)  scaler_std(14, 2)  ng_non_constant_mask(14, 2)  ng_num_used_features(14, 1)
  clean loss 0.44994   accuracy=0.8040  balanced_accuracy=0.5255  mcc=0.1300  roc_auc=0.7224
  iter    0  loss 0.44994  best 0.44994  step 0.9500
  iter    1  loss 0.44867  best 0.44994  step 0.9500
  iter    2  loss 0.45003  best 0.45003  step 0.9500  *
  iter    3  loss 0.45021  best 0.45021  step 0.9500  *
  iter    4  loss 0.45045  best 0.45045  step 0.9500  *
  iter    5  loss 0.45054  best 0.45054  step 0.9500  *
  iter    6  loss 0.45016  best 0.45054  step 0.9500
  iter    7  loss 0.45059  best 0.45059  step 0.9500  *
  iter    8  loss 0.45081  best 0.45081  step 0.9500  *
  iter    9  loss 0.45087  best 0.45087  step 0.9500  *
  iter   10  loss 0.45052  best 0.45087  step 0.9500
  iter   11  loss 0.45106  best 0.45106  step 0.9500  *
  iter   12  loss 0.45051  best 0.45106  step 0.9500
  iter   13  loss 0.45037  best 0.45106  step 0.9500
  iter   14  loss 0.44981  best 0.45106  step 0.9500
  iter   15  loss 0.45035  best 0.45106  step 0.9500
  iter   16  loss 0.45087  best 0.45106  step 0.9500
  iter   17  loss 0.45051  best 0.45106  step 0.9500
  iter   18  loss 0.45009  best 0.45106  step 0.9500
  iter   19  loss 0.45031  best 0.45106  step 0.9500
  iter   20  loss 0.45052  best 0.45106  step 0.9500
  iter   21  loss 0.45137  best 0.45137  step 0.9500  *
  iter   22  loss 0.45101  best 0.45137  step 0.4750  halved
  iter   23  loss 0.45082  best 0.45137  step 0.4750
  iter   24  loss 0.45019  best 0.45137  step 0.4750
  iter   25  loss 0.45051  best 0.45137  step 0.4750
  iter   26  loss 0.45113  best 0.45137  step 0.4750
  iter   27  loss 0.44974  best 0.45137  step 0.4750
  iter   28  loss 0.45099  best 0.45137  step 0.4750
  iter   29  loss 0.45024  best 0.45137  step 0.4750
  iter   30  loss 0.45044  best 0.45137  step 0.4750
  iter   31  loss 0.45039  best 0.45137  step 0.4750
  iter   32  loss 0.45028  best 0.45137  step 0.4750
  iter   33  loss 0.45051  best 0.45137  step 0.4750
  iter   34  loss 0.45110  best 0.45137  step 0.4750
  iter   35  loss 0.45079  best 0.45137  step 0.4750
  iter   36  loss 0.44999  best 0.45137  step 0.4750
  iter   37  loss 0.44978  best 0.45137  step 0.4750
  iter   38  loss 0.45086  best 0.45137  step 0.4750
  iter   39  loss 0.45077  best 0.45137  step 0.4750
  iter   40  loss 0.45048  best 0.45137  step 0.4750
  iter   41  loss 0.45070  best 0.45137  step 0.2375  halved
  iter   42  loss 0.45148  best 0.45148  step 0.2375  *
  iter   43  loss 0.45062  best 0.45148  step 0.2375
  iter   44  loss 0.45096  best 0.45148  step 0.2375
  iter   45  loss 0.45139  best 0.45148  step 0.2375
  iter   46  loss 0.45201  best 0.45201  step 0.2375  *
  iter   47  loss 0.45131  best 0.45201  step 0.2375
  iter   48  loss 0.45171  best 0.45201  step 0.2375
  iter   49  loss 0.45092  best 0.45201  step 0.2375
  iter   50  loss 0.45137  best 0.45201  step 0.2375
  iter   51  loss 0.45103  best 0.45201  step 0.2375
  iter   52  loss 0.45024  best 0.45201  step 0.2375
  iter   53  loss 0.45085  best 0.45201  step 0.2375
  iter   54  loss 0.45102  best 0.45201  step 0.2375
  iter   55  loss 0.45136  best 0.45201  step 0.2375
  iter   56  loss 0.45160  best 0.45201  step 0.2375
  iter   57  loss 0.45176  best 0.45201  step 0.1187  halved
  iter   58  loss 0.45214  best 0.45214  step 0.1187  *
  iter   59  loss 0.45191  best 0.45214  step 0.1187
  iter   60  loss 0.45160  best 0.45214  step 0.1187
  iter   61  loss 0.45197  best 0.45214  step 0.1187
  iter   62  loss 0.45206  best 0.45214  step 0.1187
  iter   63  loss 0.45193  best 0.45214  step 0.1187
  iter   64  loss 0.45185  best 0.45214  step 0.1187
  iter   65  loss 0.45228  best 0.45228  step 0.1187  *
  iter   66  loss 0.45213  best 0.45228  step 0.1187
  iter   67  loss 0.45210  best 0.45228  step 0.1187
  iter   68  loss 0.45173  best 0.45228  step 0.1187
  iter   69  loss 0.45245  best 0.45245  step 0.1187  *
  iter   70  loss 0.45204  best 0.45245  step 0.0594  halved
  iter   71  loss 0.45334  best 0.45334  step 0.0594  *
  iter   72  loss 0.45295  best 0.45334  step 0.0594
  iter   73  loss 0.45288  best 0.45334  step 0.0594
  iter   74  loss 0.45342  best 0.45342  step 0.0594  *
  iter   75  loss 0.45330  best 0.45342  step 0.0594
  iter   76  loss 0.45331  best 0.45342  step 0.0594
  iter   77  loss 0.45339  best 0.45342  step 0.0594
  iter   78  loss 0.45348  best 0.45348  step 0.0594  *
  iter   79  loss 0.45346  best 0.45348  step 0.0594
  iter   80  loss 0.45343  best 0.45348  step 0.0297  halved
  iter   81  loss 0.45361  best 0.45361  step 0.0297  *
  iter   82  loss 0.45388  best 0.45388  step 0.0297  *
  iter   83  loss 0.45411  best 0.45411  step 0.0297  *
  iter   84  loss 0.45396  best 0.45411  step 0.0297
  iter   85  loss 0.45373  best 0.45411  step 0.0297
  iter   86  loss 0.45414  best 0.45414  step 0.0297  *
  iter   87  loss 0.45432  best 0.45432  step 0.0148  *  halved
  iter   88  loss 0.45414  best 0.45432  step 0.0148
  iter   89  loss 0.45457  best 0.45457  step 0.0148  *
  iter   90  loss 0.45457  best 0.45457  step 0.0148  *
  iter   91  loss 0.45442  best 0.45457  step 0.0148
  iter   92  loss 0.45477  best 0.45477  step 0.0148  *
  iter   93  loss 0.45454  best 0.45477  step 0.0074  halved
  iter   94  loss 0.45499  best 0.45499  step 0.0074  *
  iter   95  loss 0.45471  best 0.45499  step 0.0074
  iter   96  loss 0.45478  best 0.45499  step 0.0074
  iter   97  loss 0.45497  best 0.45499  step 0.0074
  iter   98  loss 0.45497  best 0.45499  step 0.0074
  iter   99  loss 0.45459  best 0.45499  step 0.0037  halved
  iter  100  loss 0.45485  best 0.45499  step 0.0037
  repair (fix_types/fix_immutable): loss 0.45499 -> 0.45460

  clean    loss 0.44994  accuracy=0.8040  balanced_accuracy=0.5255  mcc=0.1300  roc_auc=0.7224
  poisoned loss 0.45460  accuracy=0.8050  balanced_accuracy=0.5242  mcc=0.1314  roc_auc=0.7179
  delta    loss +0.00466  accuracy=+0.0010  balanced_accuracy=-0.0013  mcc=+0.0014  roc_auc=-0.0046
  98/28 features moved, max |delta| 0.475 (scaled)  [106s]
  poisoned row (largest scaled moves, label y=0):
    mort_acc                                           3.0000 ->        27.0000   (+0.471 scaled)
    purpose                                            0.0000 ->         5.0000   (+0.385 scaled)
    revol_util                                        93.4000 ->       383.9188   (+0.326 scaled)
    annual_inc                                     60000.0000 ->   2858418.5000   (+0.254 scaled)
    installment                                      136.0800 ->       537.3865   (+0.234 scaled)
    loan_amnt                                       4000.0000 ->     10838.3535   (+0.175 scaled)
    ratio_loan_amnt_annual_inc                         0.0667 ->        52.2498   (+0.168 scaled)
    emp_length                                         5.0000 ->         6.0000   (+0.100 scaled)

  -- deployed path (ordinary fit/predict_proba, stats refit) --
  clean    loss 0.44870  accuracy=0.8020  balanced_accuracy=0.5185  mcc=0.1028  roc_auc=0.7243
  poisoned loss 0.44961  accuracy=0.8020  balanced_accuracy=0.5166  mcc=0.0968  roc_auc=0.7220
  delta    loss +0.00091  accuracy=+0.0000  balanced_accuracy=-0.0019  mcc=-0.0060  roc_auc=-0.0024
  saved -> results/lcld_v2/attack/abl_rows008_full_it100
