[capgd] context_5000.csv (5000x28) -> test_attack_1000.csv (1000)
  poison rows [0, 1]  eps=0.5->0.4750  steps=100  constraints=none  scaler=metadata  ne=1  simple=True  obj=maximize  cuda:1
  stats frozen on 4998 clean rows: column_selection_mask(14, 2)  feature_means(14, 2)  scaler_mean(14, 2)  scaler_std(14, 2)  ng_non_constant_mask(14, 2)  ng_num_used_features(14, 1)
  clean loss 0.44994   accuracy=0.8040  balanced_accuracy=0.5255  mcc=0.1300  roc_auc=0.7224
  iter    0  loss 0.44994  best 0.44994  step 0.9500
  iter    1  loss 0.45011  best 0.45011  step 0.9500  *
  iter    2  loss 0.45089  best 0.45089  step 0.9500  *
  iter    3  loss 0.45040  best 0.45089  step 0.9500
  iter    4  loss 0.45100  best 0.45100  step 0.9500  *
  iter    5  loss 0.45097  best 0.45100  step 0.9500
  iter    6  loss 0.45085  best 0.45100  step 0.9500
  iter    7  loss 0.45078  best 0.45100  step 0.9500
  iter    8  loss 0.45085  best 0.45100  step 0.9500
  iter    9  loss 0.45066  best 0.45100  step 0.9500
  iter   10  loss 0.45051  best 0.45100  step 0.9500
  iter   11  loss 0.45095  best 0.45100  step 0.9500
  iter   12  loss 0.45084  best 0.45100  step 0.9500
  iter   13  loss 0.45088  best 0.45100  step 0.9500
  iter   14  loss 0.45087  best 0.45100  step 0.9500
  iter   15  loss 0.45071  best 0.45100  step 0.9500
  iter   16  loss 0.45111  best 0.45111  step 0.9500  *
  iter   17  loss 0.45089  best 0.45111  step 0.9500
  iter   18  loss 0.45094  best 0.45111  step 0.9500
  iter   19  loss 0.45068  best 0.45111  step 0.9500
  iter   20  loss 0.45072  best 0.45111  step 0.9500
  iter   21  loss 0.45078  best 0.45111  step 0.9500
  iter   22  loss 0.45105  best 0.45111  step 0.4750  halved
  iter   23  loss 0.45034  best 0.45111  step 0.4750
  iter   24  loss 0.45037  best 0.45111  step 0.4750
  iter   25  loss 0.45110  best 0.45111  step 0.4750
  iter   26  loss 0.45092  best 0.45111  step 0.4750
  iter   27  loss 0.45069  best 0.45111  step 0.4750
  iter   28  loss 0.45068  best 0.45111  step 0.4750
  iter   29  loss 0.45049  best 0.45111  step 0.4750
  iter   30  loss 0.45044  best 0.45111  step 0.4750
  iter   31  loss 0.45112  best 0.45112  step 0.4750  *
  iter   32  loss 0.45084  best 0.45112  step 0.4750
  iter   33  loss 0.45050  best 0.45112  step 0.4750
  iter   34  loss 0.45061  best 0.45112  step 0.4750
  iter   35  loss 0.45012  best 0.45112  step 0.4750
  iter   36  loss 0.45062  best 0.45112  step 0.4750
  iter   37  loss 0.45113  best 0.45113  step 0.4750  *
  iter   38  loss 0.45038  best 0.45113  step 0.4750
  iter   39  loss 0.44987  best 0.45113  step 0.4750
  iter   40  loss 0.45058  best 0.45113  step 0.4750
  iter   41  loss 0.45094  best 0.45113  step 0.2375  halved
  iter   42  loss 0.45068  best 0.45113  step 0.2375
  iter   43  loss 0.45093  best 0.45113  step 0.2375
  iter   44  loss 0.45121  best 0.45121  step 0.2375  *
  iter   45  loss 0.45103  best 0.45121  step 0.2375
  iter   46  loss 0.45119  best 0.45121  step 0.2375
  iter   47  loss 0.45071  best 0.45121  step 0.2375
  iter   48  loss 0.45112  best 0.45121  step 0.2375
  iter   49  loss 0.44966  best 0.45121  step 0.2375
  iter   50  loss 0.45074  best 0.45121  step 0.2375
  iter   51  loss 0.45116  best 0.45121  step 0.2375
  iter   52  loss 0.45022  best 0.45121  step 0.2375
  iter   53  loss 0.45071  best 0.45121  step 0.2375
  iter   54  loss 0.45105  best 0.45121  step 0.2375
  iter   55  loss 0.45026  best 0.45121  step 0.2375
  iter   56  loss 0.45051  best 0.45121  step 0.2375
  iter   57  loss 0.45103  best 0.45121  step 0.1187  halved
  iter   58  loss 0.45096  best 0.45121  step 0.1187
  iter   59  loss 0.45113  best 0.45121  step 0.1187
  iter   60  loss 0.45126  best 0.45126  step 0.1187  *
  iter   61  loss 0.45122  best 0.45126  step 0.1187
  iter   62  loss 0.45125  best 0.45126  step 0.1187
  iter   63  loss 0.45117  best 0.45126  step 0.1187
  iter   64  loss 0.45131  best 0.45131  step 0.1187  *
  iter   65  loss 0.45112  best 0.45131  step 0.1187
  iter   66  loss 0.45130  best 0.45131  step 0.1187
  iter   67  loss 0.45136  best 0.45136  step 0.1187  *
  iter   68  loss 0.45114  best 0.45136  step 0.1187
  iter   69  loss 0.45135  best 0.45136  step 0.1187
  iter   70  loss 0.45109  best 0.45136  step 0.0594  halved
  iter   71  loss 0.45135  best 0.45136  step 0.0594
  iter   72  loss 0.45134  best 0.45136  step 0.0594
  iter   73  loss 0.45140  best 0.45140  step 0.0594  *
  iter   74  loss 0.45138  best 0.45140  step 0.0594
  iter   75  loss 0.45142  best 0.45142  step 0.0594  *
  iter   76  loss 0.45137  best 0.45142  step 0.0594
  iter   77  loss 0.45138  best 0.45142  step 0.0594
  iter   78  loss 0.45137  best 0.45142  step 0.0594
  iter   79  loss 0.45142  best 0.45142  step 0.0594
  iter   80  loss 0.45140  best 0.45142  step 0.0297  halved
  iter   81  loss 0.45141  best 0.45142  step 0.0297
  iter   82  loss 0.45144  best 0.45144  step 0.0297  *
  iter   83  loss 0.45145  best 0.45145  step 0.0297  *
  iter   84  loss 0.45150  best 0.45150  step 0.0297  *
  iter   85  loss 0.45145  best 0.45150  step 0.0297
  iter   86  loss 0.45152  best 0.45152  step 0.0297  *
  iter   87  loss 0.45148  best 0.45152  step 0.0148  halved
  iter   88  loss 0.45149  best 0.45152  step 0.0148
  iter   89  loss 0.45154  best 0.45154  step 0.0148  *
  iter   90  loss 0.45150  best 0.45154  step 0.0148
  iter   91  loss 0.45153  best 0.45154  step 0.0148
  iter   92  loss 0.45151  best 0.45154  step 0.0148
  iter   93  loss 0.45156  best 0.45156  step 0.0074  *  halved
  iter   94  loss 0.45152  best 0.45156  step 0.0074
  iter   95  loss 0.45155  best 0.45156  step 0.0074
  iter   96  loss 0.45155  best 0.45156  step 0.0074
  iter   97  loss 0.45156  best 0.45156  step 0.0074  *
  iter   98  loss 0.45154  best 0.45156  step 0.0074
  iter   99  loss 0.45156  best 0.45156  step 0.0037  *  halved
  iter  100  loss 0.45156  best 0.45156  step 0.0037

  clean    loss 0.44994  accuracy=0.8040  balanced_accuracy=0.5255  mcc=0.1300  roc_auc=0.7224
  poisoned loss 0.45156  accuracy=0.8030  balanced_accuracy=0.5230  mcc=0.1195  roc_auc=0.7217
  delta    loss +0.00162  accuracy=-0.0010  balanced_accuracy=-0.0025  mcc=-0.0106  roc_auc=-0.0007
  56/28 features moved, max |delta| 0.475 (scaled)  [106s]
  poisoned row (largest scaled moves, label y=0):
    emp_length                                         5.0000 ->         9.7500   (+0.475 scaled)
    mort_acc                                           3.0000 ->        27.2250   (+0.475 scaled)
    home_ownership                                     0.0000 ->        -2.3750   (-0.475 scaled)
    term                                              36.0000 ->        24.6000   (-0.475 scaled)
    annual_inc                                     60000.0000 ->  -5164604.5000   (-0.475 scaled)
    revol_bal                                      15596.0000 ->   1395393.1250   (+0.475 scaled)
    application_type                                   0.0000 ->         0.4750   (+0.475 scaled)
    int_rate                                          13.6700 ->         1.4720   (-0.475 scaled)

  -- deployed path (ordinary fit/predict_proba, stats refit) --
  clean    loss 0.44870  accuracy=0.8020  balanced_accuracy=0.5185  mcc=0.1028  roc_auc=0.7243
  poisoned loss 0.45156  accuracy=0.8030  balanced_accuracy=0.5230  mcc=0.1195  roc_auc=0.7217
  delta    loss +0.00286  accuracy=+0.0010  balanced_accuracy=+0.0045  mcc=+0.0167  roc_auc=-0.0026
  saved -> results/lcld_v2/attack/abl_rows002_none_it100
