[capgd] context_5000.csv (5000x28) -> test_attack_1000.csv (1000)
  poison rows [0]  eps=0.5->0.4750  steps=10  constraints=full  scaler=metadata  ne=1  simple=True  obj=maximize  cuda:1
  mutable 14/28  int 10  cat 5  real 13
  stats frozen on 4999 clean rows: column_selection_mask(14, 2)  feature_means(14, 2)  scaler_mean(14, 2)  scaler_std(14, 2)  ng_non_constant_mask(14, 2)  ng_num_used_features(14, 1)
  clean loss 0.44994   accuracy=0.8040  balanced_accuracy=0.5255  mcc=0.1300  roc_auc=0.7224
  iter    0  loss 0.44994  best 0.44994  step 0.9500
  iter    1  loss 0.44994  best 0.44994  step 0.9500  *
  iter    2  loss 0.45061  best 0.45061  step 0.9500  *
  iter    3  loss 0.45043  best 0.45061  step 0.4750  halved
  iter    4  loss 0.45044  best 0.45061  step 0.4750
  iter    5  loss 0.45058  best 0.45061  step 0.2375  halved
  iter    6  loss 0.45041  best 0.45061  step 0.1187  halved
  iter    7  loss 0.45045  best 0.45061  step 0.1187
  iter    8  loss 0.45037  best 0.45061  step 0.0594  halved
  iter    9  loss 0.45064  best 0.45064  step 0.0594  *
  iter   10  loss 0.45068  best 0.45068  step 0.0594  *
  repair (fix_types/fix_immutable): loss 0.45068 -> 0.45075

  clean    loss 0.44994  accuracy=0.8040  balanced_accuracy=0.5255  mcc=0.1300  roc_auc=0.7224
  poisoned loss 0.45075  accuracy=0.8040  balanced_accuracy=0.5236  mcc=0.1253  roc_auc=0.7215
  delta    loss +0.00082  accuracy=+0.0000  balanced_accuracy=-0.0019  mcc=-0.0048  roc_auc=-0.0009
  13/28 features moved, max |delta| 0.475 (scaled)  [12s]
  poisoned row (largest scaled moves, label y=0):
    dti                                               20.6800 ->       495.6800   (+0.475 scaled)
    open_acc                                           6.0000 ->        48.0000   (+0.472 scaled)
    annual_inc                                     60000.0000 ->   4744405.5000   (+0.426 scaled)
    total_acc                                         17.0000 ->        87.0000   (+0.402 scaled)
    revol_util                                        93.4000 ->       429.1516   (+0.376 scaled)
    revol_bal                                      15596.0000 ->    832442.3750   (+0.281 scaled)
    installment                                      136.0800 ->       569.1021   (+0.253 scaled)
    purpose                                            0.0000 ->         3.0000   (+0.231 scaled)

  -- deployed path (ordinary fit/predict_proba, stats refit) --
  clean    loss 0.44870  accuracy=0.8020  balanced_accuracy=0.5185  mcc=0.1028  roc_auc=0.7243
  poisoned loss 0.44854  accuracy=0.8040  balanced_accuracy=0.5198  mcc=0.1152  roc_auc=0.7252
  delta    loss -0.00017  accuracy=+0.0020  balanced_accuracy=+0.0012  mcc=+0.0124  roc_auc=+0.0009
  saved -> results/lcld_v2/attack/p1_full
