[capgd] context_5000.csv (5000x63) -> test_attack_1000.csv (1000)
  poison 32 rows 0..31  eps=0.5->0.4750  steps=100  constraints=none  scaler=metadata  ne=1  simple=True  obj=maximize  cuda:1
  stats frozen on 4968 clean rows: column_selection_mask(31, 2)  feature_means(31, 2)  scaler_mean(31, 2)  scaler_std(31, 2)  ng_non_constant_mask(31, 2)  ng_num_used_features(31, 1)
  clean loss 0.08343   accuracy=0.9720  balanced_accuracy=0.9721  mcc=0.9440  roc_auc=0.9947
  iter    0  loss 0.08343  best 0.08343  step 0.9500
  iter    1  loss 0.08106  best 0.08343  step 0.9500
  iter    2  loss 0.08727  best 0.08727  step 0.9500  *
  iter    3  loss 0.08695  best 0.08727  step 0.9500
  iter    4  loss 0.08529  best 0.08727  step 0.9500
  iter    5  loss 0.08835  best 0.08835  step 0.9500  *
  iter    6  loss 0.08983  best 0.08983  step 0.9500  *
  iter    7  loss 0.08399  best 0.08983  step 0.9500
  iter    8  loss 0.08573  best 0.08983  step 0.9500
  iter    9  loss 0.08518  best 0.08983  step 0.9500
  iter   10  loss 0.08786  best 0.08983  step 0.9500
  iter   11  loss 0.08413  best 0.08983  step 0.9500
  iter   12  loss 0.08892  best 0.08983  step 0.9500
  iter   13  loss 0.08802  best 0.08983  step 0.9500
  iter   14  loss 0.08433  best 0.08983  step 0.9500
  iter   15  loss 0.08666  best 0.08983  step 0.9500
  iter   16  loss 0.08471  best 0.08983  step 0.9500
  iter   17  loss 0.08474  best 0.08983  step 0.9500
  iter   18  loss 0.08648  best 0.08983  step 0.9500
  iter   19  loss 0.08667  best 0.08983  step 0.9500
  iter   20  loss 0.08567  best 0.08983  step 0.9500
  iter   21  loss 0.08387  best 0.08983  step 0.9500
  iter   22  loss 0.08991  best 0.08991  step 0.4750  *  halved
  iter   23  loss 0.09096  best 0.09096  step 0.4750  *
  iter   24  loss 0.08715  best 0.09096  step 0.4750
  iter   25  loss 0.08941  best 0.09096  step 0.4750
  iter   26  loss 0.09113  best 0.09113  step 0.4750  *
  iter   27  loss 0.09309  best 0.09309  step 0.4750  *
  iter   28  loss 0.09392  best 0.09392  step 0.4750  *
  iter   29  loss 0.08747  best 0.09392  step 0.4750
  iter   30  loss 0.09005  best 0.09392  step 0.4750
  iter   31  loss 0.08629  best 0.09392  step 0.4750
  iter   32  loss 0.09165  best 0.09392  step 0.4750
  iter   33  loss 0.09089  best 0.09392  step 0.4750
  iter   34  loss 0.08781  best 0.09392  step 0.4750
  iter   35  loss 0.09025  best 0.09392  step 0.4750
  iter   36  loss 0.09095  best 0.09392  step 0.4750
  iter   37  loss 0.08981  best 0.09392  step 0.4750
  iter   38  loss 0.09063  best 0.09392  step 0.4750
  iter   39  loss 0.08846  best 0.09392  step 0.4750
  iter   40  loss 0.09271  best 0.09392  step 0.4750
  iter   41  loss 0.09200  best 0.09392  step 0.2375  halved
  iter   42  loss 0.09188  best 0.09392  step 0.2375
  iter   43  loss 0.09417  best 0.09417  step 0.2375  *
  iter   44  loss 0.09406  best 0.09417  step 0.2375
  iter   45  loss 0.09514  best 0.09514  step 0.2375  *
  iter   46  loss 0.09198  best 0.09514  step 0.2375
  iter   47  loss 0.09446  best 0.09514  step 0.2375
  iter   48  loss 0.09545  best 0.09545  step 0.2375  *
  iter   49  loss 0.09735  best 0.09735  step 0.2375  *
  iter   50  loss 0.09134  best 0.09735  step 0.2375
  iter   51  loss 0.09511  best 0.09735  step 0.2375
  iter   52  loss 0.09993  best 0.09993  step 0.2375  *
  iter   53  loss 0.10007  best 0.10007  step 0.2375  *
  iter   54  loss 0.09219  best 0.10007  step 0.2375
  iter   55  loss 0.09586  best 0.10007  step 0.2375
  iter   56  loss 0.09750  best 0.10007  step 0.2375
  iter   57  loss 0.09914  best 0.10007  step 0.1188  halved
  iter   58  loss 0.09563  best 0.10007  step 0.1188
  iter   59  loss 0.10361  best 0.10361  step 0.1188  *
  iter   60  loss 0.10487  best 0.10487  step 0.1188  *
  iter   61  loss 0.09674  best 0.10487  step 0.1188
  iter   62  loss 0.10299  best 0.10487  step 0.1188
  iter   63  loss 0.10370  best 0.10487  step 0.1188
  iter   64  loss 0.10866  best 0.10866  step 0.1188  *
  iter   65  loss 0.09959  best 0.10866  step 0.1188
  iter   66  loss 0.10257  best 0.10866  step 0.1188
  iter   67  loss 0.10764  best 0.10866  step 0.1188
  iter   68  loss 0.10124  best 0.10866  step 0.1188
  iter   69  loss 0.10591  best 0.10866  step 0.1188
  iter   70  loss 0.10151  best 0.10866  step 0.0594  halved
  iter   71  loss 0.10210  best 0.10866  step 0.0594
  iter   72  loss 0.11346  best 0.11346  step 0.0594  *
  iter   73  loss 0.11353  best 0.11353  step 0.0594  *
  iter   74  loss 0.11858  best 0.11858  step 0.0594  *
  iter   75  loss 0.11387  best 0.11858  step 0.0594
  iter   76  loss 0.12900  best 0.12900  step 0.0594  *
  iter   77  loss 0.12627  best 0.12900  step 0.0594
  iter   78  loss 0.11576  best 0.12900  step 0.0594
  iter   79  loss 0.13742  best 0.13742  step 0.0594  *
  iter   80  loss 0.14018  best 0.14018  step 0.0297  *  halved
  iter   81  loss 0.18170  best 0.18170  step 0.0297  *
  iter   82  loss 0.24976  best 0.24976  step 0.0297  *
  iter   83  loss 0.30466  best 0.30466  step 0.0297  *
  iter   84  loss 0.17469  best 0.30466  step 0.0297
  iter   85  loss 0.26765  best 0.30466  step 0.0297
  iter   86  loss 0.24144  best 0.30466  step 0.0297
  iter   87  loss 0.09952  best 0.30466  step 0.0148  halved
  iter   88  loss 0.29090  best 0.30466  step 0.0148
  iter   89  loss 0.26909  best 0.30466  step 0.0148
  iter   90  loss 0.33767  best 0.33767  step 0.0148  *
  iter   91  loss 0.36257  best 0.36257  step 0.0148  *
  iter   92  loss 0.33685  best 0.36257  step 0.0148
  iter   93  loss 0.37671  best 0.37671  step 0.0074  *  halved
  iter   94  loss 0.40975  best 0.40975  step 0.0074  *
  iter   95  loss 0.42795  best 0.42795  step 0.0074  *
  iter   96  loss 0.45042  best 0.45042  step 0.0074  *
  iter   97  loss 0.46798  best 0.46798  step 0.0074  *
  iter   98  loss 0.47877  best 0.47877  step 0.0074  *
  iter   99  loss 0.49631  best 0.49631  step 0.0074  *
  iter  100  loss 0.51269  best 0.51269  step 0.0074  *

  clean    loss 0.08343  accuracy=0.9720  balanced_accuracy=0.9721  mcc=0.9440  roc_auc=0.9947
  poisoned loss 0.51269  accuracy=0.7570  balanced_accuracy=0.7607  mcc=0.5837  roc_auc=0.9797
  delta    loss +0.42926  accuracy=-0.2150  balanced_accuracy=-0.2114  mcc=-0.3603  roc_auc=-0.0150
  1984/63 features moved, max |delta| 0.475 (scaled)  [221s]
  poisoned row (largest scaled moves, label y=0):
    https_token                                        1.0000 ->         1.4750   (+0.475 scaled)
    shortest_words_raw                                 3.0000 ->        17.2500   (+0.475 scaled)
    web_traffic                                        0.0000 ->  -5114793.5000   (-0.475 scaled)
    nb_qm                                              0.0000 ->        -1.4250   (-0.475 scaled)
    tld_in_path                                        0.0000 ->         0.4750   (+0.475 scaled)
    brand_in_path                                      0.0000 ->         0.4750   (+0.475 scaled)
    punycode                                           0.0000 ->         0.4750   (+0.475 scaled)
    nb_percent                                         0.0000 ->       -45.6000   (-0.475 scaled)

  -- deployed path (ordinary fit/predict_proba, stats refit) --
  clean    loss 0.08312  accuracy=0.9740  balanced_accuracy=0.9741  mcc=0.9481  roc_auc=0.9950
  poisoned loss 0.51269  accuracy=0.7570  balanced_accuracy=0.7607  mcc=0.5837  roc_auc=0.9797
  delta    loss +0.42957  accuracy=-0.2170  balanced_accuracy=-0.2135  mcc=-0.3644  roc_auc=-0.0153
  saved -> results/url_unique/attack/abl_rows032_none_it100
