[capgd] context_5000.csv (5000x63) -> test_attack_1000.csv (1000)
  poison rows [0, 1, 2, 3]  eps=0.5->0.4750  steps=100  constraints=full  scaler=metadata  ne=1  simple=True  obj=maximize  cuda:1
  mutable 63/63  int 58  cat 0  real 5
  stats frozen on 4996 clean rows: column_selection_mask(31, 2)  feature_means(31, 2)  scaler_mean(31, 2)  scaler_std(31, 2)  ng_non_constant_mask(31, 2)  ng_num_used_features(31, 1)
  clean loss 0.08343   accuracy=0.9720  balanced_accuracy=0.9721  mcc=0.9440  roc_auc=0.9947
  iter    0  loss 0.08343  best 0.08343  step 0.9500
  iter    1  loss 0.08465  best 0.08465  step 0.9500  *
  iter    2  loss 0.08564  best 0.08564  step 0.9500  *
  iter    3  loss 0.08691  best 0.08691  step 0.9500  *
  iter    4  loss 0.08771  best 0.08771  step 0.9500  *
  iter    5  loss 0.08581  best 0.08771  step 0.9500
  iter    6  loss 0.08691  best 0.08771  step 0.9500
  iter    7  loss 0.08605  best 0.08771  step 0.9500
  iter    8  loss 0.08709  best 0.08771  step 0.9500
  iter    9  loss 0.08666  best 0.08771  step 0.9500
  iter   10  loss 0.08817  best 0.08817  step 0.9500  *
  iter   11  loss 0.08698  best 0.08817  step 0.9500
  iter   12  loss 0.08656  best 0.08817  step 0.9500
  iter   13  loss 0.08658  best 0.08817  step 0.9500
  iter   14  loss 0.08684  best 0.08817  step 0.9500
  iter   15  loss 0.08705  best 0.08817  step 0.9500
  iter   16  loss 0.08662  best 0.08817  step 0.9500
  iter   17  loss 0.08702  best 0.08817  step 0.9500
  iter   18  loss 0.08687  best 0.08817  step 0.9500
  iter   19  loss 0.08800  best 0.08817  step 0.9500
  iter   20  loss 0.08564  best 0.08817  step 0.9500
  iter   21  loss 0.08673  best 0.08817  step 0.9500
  iter   22  loss 0.08718  best 0.08817  step 0.4750  halved
  iter   23  loss 0.08731  best 0.08817  step 0.4750
  iter   24  loss 0.08752  best 0.08817  step 0.4750
  iter   25  loss 0.08691  best 0.08817  step 0.4750
  iter   26  loss 0.08721  best 0.08817  step 0.4750
  iter   27  loss 0.08671  best 0.08817  step 0.4750
  iter   28  loss 0.08817  best 0.08817  step 0.4750  *
  iter   29  loss 0.08695  best 0.08817  step 0.4750
  iter   30  loss 0.08822  best 0.08822  step 0.4750  *
  iter   31  loss 0.08602  best 0.08822  step 0.4750
  iter   32  loss 0.08569  best 0.08822  step 0.4750
  iter   33  loss 0.08730  best 0.08822  step 0.4750
  iter   34  loss 0.08675  best 0.08822  step 0.4750
  iter   35  loss 0.08699  best 0.08822  step 0.4750
  iter   36  loss 0.08699  best 0.08822  step 0.4750
  iter   37  loss 0.08813  best 0.08822  step 0.4750
  iter   38  loss 0.08770  best 0.08822  step 0.4750
  iter   39  loss 0.08645  best 0.08822  step 0.4750
  iter   40  loss 0.08713  best 0.08822  step 0.4750
  iter   41  loss 0.08666  best 0.08822  step 0.2375  halved
  iter   42  loss 0.08793  best 0.08822  step 0.2375
  iter   43  loss 0.08778  best 0.08822  step 0.2375
  iter   44  loss 0.08823  best 0.08823  step 0.2375  *
  iter   45  loss 0.08800  best 0.08823  step 0.2375
  iter   46  loss 0.08830  best 0.08830  step 0.2375  *
  iter   47  loss 0.08773  best 0.08830  step 0.2375
  iter   48  loss 0.08893  best 0.08893  step 0.2375  *
  iter   49  loss 0.08783  best 0.08893  step 0.2375
  iter   50  loss 0.08838  best 0.08893  step 0.2375
  iter   51  loss 0.08848  best 0.08893  step 0.2375
  iter   52  loss 0.08928  best 0.08928  step 0.2375  *
  iter   53  loss 0.08618  best 0.08928  step 0.2375
  iter   54  loss 0.08670  best 0.08928  step 0.2375
  iter   55  loss 0.08730  best 0.08928  step 0.2375
  iter   56  loss 0.08724  best 0.08928  step 0.2375
  iter   57  loss 0.08715  best 0.08928  step 0.1188  halved
  iter   58  loss 0.08927  best 0.08928  step 0.1188
  iter   59  loss 0.08982  best 0.08982  step 0.1188  *
  iter   60  loss 0.09044  best 0.09044  step 0.1188  *
  iter   61  loss 0.08953  best 0.09044  step 0.1188
  iter   62  loss 0.08976  best 0.09044  step 0.1188
  iter   63  loss 0.08962  best 0.09044  step 0.1188
  iter   64  loss 0.09058  best 0.09058  step 0.1188  *
  iter   65  loss 0.08995  best 0.09058  step 0.1188
  iter   66  loss 0.08990  best 0.09058  step 0.1188
  iter   67  loss 0.08967  best 0.09058  step 0.1188
  iter   68  loss 0.09067  best 0.09067  step 0.1188  *
  iter   69  loss 0.08985  best 0.09067  step 0.1188
  iter   70  loss 0.09018  best 0.09067  step 0.0594  halved
  iter   71  loss 0.09087  best 0.09087  step 0.0594  *
  iter   72  loss 0.08996  best 0.09087  step 0.0594
  iter   73  loss 0.09016  best 0.09087  step 0.0594
  iter   74  loss 0.08872  best 0.09087  step 0.0594
  iter   75  loss 0.09096  best 0.09096  step 0.0594  *
  iter   76  loss 0.09076  best 0.09096  step 0.0594
  iter   77  loss 0.09099  best 0.09099  step 0.0594  *
  iter   78  loss 0.09000  best 0.09099  step 0.0594
  iter   79  loss 0.09077  best 0.09099  step 0.0594
  iter   80  loss 0.09113  best 0.09113  step 0.0297  *  halved
  iter   81  loss 0.09160  best 0.09160  step 0.0297  *
  iter   82  loss 0.09195  best 0.09195  step 0.0297  *
  iter   83  loss 0.09235  best 0.09235  step 0.0297  *
  iter   84  loss 0.09184  best 0.09235  step 0.0297
  iter   85  loss 0.09190  best 0.09235  step 0.0297
  iter   86  loss 0.09190  best 0.09235  step 0.0297
  iter   87  loss 0.09199  best 0.09235  step 0.0297
  iter   88  loss 0.09159  best 0.09235  step 0.0297
  iter   89  loss 0.09182  best 0.09235  step 0.0297
  iter   90  loss 0.09146  best 0.09235  step 0.0297
  iter   91  loss 0.09168  best 0.09235  step 0.0297
  iter   92  loss 0.09168  best 0.09235  step 0.0297
  iter   93  loss 0.09177  best 0.09235  step 0.0148  halved
  iter   94  loss 0.09267  best 0.09267  step 0.0148  *
  iter   95  loss 0.09253  best 0.09267  step 0.0148
  iter   96  loss 0.09291  best 0.09291  step 0.0148  *
  iter   97  loss 0.09294  best 0.09294  step 0.0148  *
  iter   98  loss 0.09204  best 0.09294  step 0.0148
  iter   99  loss 0.09259  best 0.09294  step 0.0074  halved
  iter  100  loss 0.09294  best 0.09294  step 0.0074  *
  repair (fix_types/fix_immutable): loss 0.09294 -> 0.08774

  clean    loss 0.08343  accuracy=0.9720  balanced_accuracy=0.9721  mcc=0.9440  roc_auc=0.9947
  poisoned loss 0.08774  accuracy=0.9680  balanced_accuracy=0.9681  mcc=0.9361  roc_auc=0.9942
  delta    loss +0.00431  accuracy=-0.0040  balanced_accuracy=-0.0039  mcc=-0.0079  roc_auc=-0.0006
  117/63 features moved, max |delta| 0.475 (scaled)  [222s]
  poisoned row (largest scaled moves, label y=0):
    length_url                                        37.0000 ->       810.0000   (+0.475 scaled)
    nb_slash                                           3.0000 ->        17.0000   (+0.452 scaled)
    nb_dots                                            3.0000 ->        13.0000   (+0.435 scaled)
    avg_word_path                                      4.5000 ->       104.9416   (+0.402 scaled)
    nb_space                                           0.0000 ->         7.0000   (+0.389 scaled)
    avg_word_host                                      7.0000 ->        19.8087   (+0.337 scaled)
    domain_age                                        -1.0000 ->      4289.0000   (+0.333 scaled)
    page_rank                                          4.0000 ->         7.0000   (+0.300 scaled)

  -- deployed path (ordinary fit/predict_proba, stats refit) --
  clean    loss 0.08312  accuracy=0.9740  balanced_accuracy=0.9741  mcc=0.9481  roc_auc=0.9950
  poisoned loss 0.08316  accuracy=0.9740  balanced_accuracy=0.9741  mcc=0.9481  roc_auc=0.9949
  delta    loss +0.00004  accuracy=+0.0000  balanced_accuracy=+0.0000  mcc=+0.0000  roc_auc=-0.0000
  saved -> results/url_unique/attack/abl_rows004_full_it100
