[capgd] context_5000.csv (5000x63) -> test_attack_1000.csv (1000)
  poison rows [0]  eps=50.0->47.5000  steps=100  constraints=none  scaler=metadata  ne=1  simple=True  obj=maximize  cuda:1
  stats frozen on 4999 clean rows: column_selection_mask(31, 2)  feature_means(31, 2)  scaler_mean(31, 2)  scaler_std(31, 2)  ng_non_constant_mask(31, 2)  ng_num_used_features(31, 1)
  clean loss 0.08343   accuracy=0.9720  balanced_accuracy=0.9721  mcc=0.9440  roc_auc=0.9947
  iter    0  loss 0.08343  best 0.08343  step 95.0000
  iter    1  loss 0.08490  best 0.08490  step 95.0000  *
  iter    2  loss 0.08189  best 0.08490  step 95.0000
  iter    3  loss 0.08308  best 0.08490  step 95.0000
  iter    4  loss 0.08795  best 0.08795  step 95.0000  *
  iter    5  loss 0.08583  best 0.08795  step 95.0000
  iter    6  loss 0.09340  best 0.09340  step 95.0000  *
  iter    7  loss 0.08995  best 0.09340  step 95.0000
  iter    8  loss 0.08201  best 0.09340  step 95.0000
  iter    9  loss 0.08507  best 0.09340  step 95.0000
  iter   10  loss 0.08396  best 0.09340  step 95.0000
  iter   11  loss 0.08948  best 0.09340  step 95.0000
  iter   12  loss 0.08774  best 0.09340  step 95.0000
  iter   13  loss 0.08238  best 0.09340  step 95.0000
  iter   14  loss 0.09083  best 0.09340  step 95.0000
  iter   15  loss 0.08505  best 0.09340  step 95.0000
  iter   16  loss 0.09247  best 0.09340  step 95.0000
  iter   17  loss 0.08918  best 0.09340  step 95.0000
  iter   18  loss 0.08899  best 0.09340  step 95.0000
  iter   19  loss 0.08900  best 0.09340  step 95.0000
  iter   20  loss 0.08624  best 0.09340  step 95.0000
  iter   21  loss 0.08417  best 0.09340  step 95.0000
  iter   22  loss 0.08881  best 0.09340  step 47.5000  halved
  iter   23  loss 0.09368  best 0.09368  step 47.5000  *
  iter   24  loss 0.08174  best 0.09368  step 47.5000
  iter   25  loss 0.08232  best 0.09368  step 47.5000
  iter   26  loss 0.09231  best 0.09368  step 47.5000
  iter   27  loss 0.08543  best 0.09368  step 47.5000
  iter   28  loss 0.08451  best 0.09368  step 47.5000
  iter   29  loss 0.09411  best 0.09411  step 47.5000  *
  iter   30  loss 0.09904  best 0.09904  step 47.5000  *
  iter   31  loss 0.08547  best 0.09904  step 47.5000
  iter   32  loss 0.09083  best 0.09904  step 47.5000
  iter   33  loss 0.09179  best 0.09904  step 47.5000
  iter   34  loss 0.09248  best 0.09904  step 47.5000
  iter   35  loss 0.09041  best 0.09904  step 47.5000
  iter   36  loss 0.08025  best 0.09904  step 47.5000
  iter   37  loss 0.08765  best 0.09904  step 47.5000
  iter   38  loss 0.08689  best 0.09904  step 47.5000
  iter   39  loss 0.08669  best 0.09904  step 47.5000
  iter   40  loss 0.09358  best 0.09904  step 47.5000
  iter   41  loss 0.08460  best 0.09904  step 23.7500  halved
  iter   42  loss 0.09628  best 0.09904  step 23.7500
  iter   43  loss 0.09861  best 0.09904  step 23.7500
  iter   44  loss 0.08985  best 0.09904  step 23.7500
  iter   45  loss 0.09448  best 0.09904  step 23.7500
  iter   46  loss 0.09134  best 0.09904  step 23.7500
  iter   47  loss 0.09144  best 0.09904  step 23.7500
  iter   48  loss 0.09461  best 0.09904  step 23.7500
  iter   49  loss 0.09883  best 0.09904  step 23.7500
  iter   50  loss 0.09586  best 0.09904  step 23.7500
  iter   51  loss 0.09538  best 0.09904  step 23.7500
  iter   52  loss 0.08991  best 0.09904  step 23.7500
  iter   53  loss 0.10079  best 0.10079  step 23.7500  *
  iter   54  loss 0.09434  best 0.10079  step 23.7500
  iter   55  loss 0.09356  best 0.10079  step 23.7500
  iter   56  loss 0.10064  best 0.10079  step 23.7500
  iter   57  loss 0.09050  best 0.10079  step 11.8750  halved
  iter   58  loss 0.10932  best 0.10932  step 11.8750  *
  iter   59  loss 0.09826  best 0.10932  step 11.8750
  iter   60  loss 0.09978  best 0.10932  step 11.8750
  iter   61  loss 0.09781  best 0.10932  step 11.8750
  iter   62  loss 0.09821  best 0.10932  step 11.8750
  iter   63  loss 0.09393  best 0.10932  step 11.8750
  iter   64  loss 0.10002  best 0.10932  step 11.8750
  iter   65  loss 0.10424  best 0.10932  step 11.8750
  iter   66  loss 0.09828  best 0.10932  step 11.8750
  iter   67  loss 0.10028  best 0.10932  step 11.8750
  iter   68  loss 0.11117  best 0.11117  step 11.8750  *
  iter   69  loss 0.10086  best 0.11117  step 11.8750
  iter   70  loss 0.10815  best 0.11117  step 5.9375  halved
  iter   71  loss 0.11762  best 0.11762  step 5.9375  *
  iter   72  loss 0.11785  best 0.11785  step 5.9375  *
  iter   73  loss 0.12456  best 0.12456  step 5.9375  *
  iter   74  loss 0.12505  best 0.12505  step 5.9375  *
  iter   75  loss 0.13401  best 0.13401  step 5.9375  *
  iter   76  loss 0.13230  best 0.13401  step 5.9375
  iter   77  loss 0.13952  best 0.13952  step 5.9375  *
  iter   78  loss 0.11885  best 0.13952  step 5.9375
  iter   79  loss 0.13686  best 0.13952  step 5.9375
  iter   80  loss 0.12524  best 0.13952  step 2.9688  halved
  iter   81  loss 0.14432  best 0.14432  step 2.9688  *
  iter   82  loss 0.14512  best 0.14512  step 2.9688  *
  iter   83  loss 0.15393  best 0.15393  step 2.9688  *
  iter   84  loss 0.14782  best 0.15393  step 2.9688
  iter   85  loss 0.15585  best 0.15585  step 2.9688  *
  iter   86  loss 0.14870  best 0.15585  step 2.9688
  iter   87  loss 0.15143  best 0.15585  step 1.4844  halved
  iter   88  loss 0.15958  best 0.15958  step 1.4844  *
  iter   89  loss 0.16084  best 0.16084  step 1.4844  *
  iter   90  loss 0.16092  best 0.16092  step 1.4844  *
  iter   91  loss 0.16329  best 0.16329  step 1.4844  *
  iter   92  loss 0.16211  best 0.16329  step 1.4844
  iter   93  loss 0.16333  best 0.16333  step 1.4844  *
  iter   94  loss 0.16328  best 0.16333  step 1.4844
  iter   95  loss 0.16326  best 0.16333  step 1.4844
  iter   96  loss 0.16346  best 0.16346  step 1.4844  *
  iter   97  loss 0.16178  best 0.16346  step 1.4844
  iter   98  loss 0.16262  best 0.16346  step 1.4844
  iter   99  loss 0.16185  best 0.16346  step 0.7422  halved
  iter  100  loss 0.16547  best 0.16547  step 0.7422  *

  clean    loss 0.08343  accuracy=0.9720  balanced_accuracy=0.9721  mcc=0.9440  roc_auc=0.9947
  poisoned loss 0.16547  accuracy=0.9380  balanced_accuracy=0.9387  mcc=0.8795  roc_auc=0.9890
  delta    loss +0.08204  accuracy=-0.0340  balanced_accuracy=-0.0334  mcc=-0.0645  roc_auc=-0.0058
  62/63 features moved, max |delta| 47.500 (scaled)  [221s]
  poisoned row (largest scaled moves, label y=0):
    nb_percent                                         0.0000 ->      4560.0000   (+47.500 scaled)
    nb_star                                            0.0000 ->       -47.5000   (-47.500 scaled)
    dns_record                                         1.0000 ->       -46.5000   (-47.500 scaled)
    whois_registered_domain                            0.0000 ->       -47.5000   (-47.500 scaled)
    domain_in_brand                                    0.0000 ->        47.5000   (+47.500 scaled)
    longest_word_host                                 11.0000 ->      2908.5000   (+47.500 scaled)
    shortest_word_host                                 3.0000 ->     -1802.0000   (-47.500 scaled)
    length_words_raw                                   4.0000 ->     -4983.5000   (-47.500 scaled)

  -- deployed path (ordinary fit/predict_proba, stats refit) --
  clean    loss 0.08312  accuracy=0.9740  balanced_accuracy=0.9741  mcc=0.9481  roc_auc=0.9950
  poisoned loss 0.09587  accuracy=0.9710  balanced_accuracy=0.9712  mcc=0.9423  roc_auc=0.9947
  delta    loss +0.01275  accuracy=-0.0030  balanced_accuracy=-0.0029  mcc=-0.0058  roc_auc=-0.0003
  saved -> results/url_unique/attack/p2_none_eps50_it100
