[capgd] context_5000.csv (5000x63) -> test_attack_1000.csv (1000)
  poison 128 rows 0..127  eps=0.5->0.4750  steps=100  constraints=none  scaler=metadata  ne=1  simple=True  obj=maximize  cuda:1
  stats frozen on 4872 clean rows: column_selection_mask(31, 2)  feature_means(31, 2)  scaler_mean(31, 2)  scaler_std(31, 2)  ng_non_constant_mask(31, 2)  ng_num_used_features(31, 1)
  clean loss 0.08343   accuracy=0.9720  balanced_accuracy=0.9721  mcc=0.9440  roc_auc=0.9947
  iter    0  loss 0.08343  best 0.08343  step 0.9500
  iter    1  loss 0.08288  best 0.08343  step 0.9500
  iter    2  loss 0.08238  best 0.08343  step 0.9500
  iter    3  loss 0.08608  best 0.08608  step 0.9500  *
  iter    4  loss 0.08444  best 0.08608  step 0.9500
  iter    5  loss 0.08801  best 0.08801  step 0.9500  *
  iter    6  loss 0.08688  best 0.08801  step 0.9500
  iter    7  loss 0.08714  best 0.08801  step 0.9500
  iter    8  loss 0.08376  best 0.08801  step 0.9500
  iter    9  loss 0.08794  best 0.08801  step 0.9500
  iter   10  loss 0.08293  best 0.08801  step 0.9500
  iter   11  loss 0.08379  best 0.08801  step 0.9500
  iter   12  loss 0.08610  best 0.08801  step 0.9500
  iter   13  loss 0.08756  best 0.08801  step 0.9500
  iter   14  loss 0.08487  best 0.08801  step 0.9500
  iter   15  loss 0.08610  best 0.08801  step 0.9500
  iter   16  loss 0.08727  best 0.08801  step 0.9500
  iter   17  loss 0.08423  best 0.08801  step 0.9500
  iter   18  loss 0.08591  best 0.08801  step 0.9500
  iter   19  loss 0.08142  best 0.08801  step 0.9500
  iter   20  loss 0.08843  best 0.08843  step 0.9500  *
  iter   21  loss 0.08575  best 0.08843  step 0.9500
  iter   22  loss 0.08458  best 0.08843  step 0.4750  halved
  iter   23  loss 0.09233  best 0.09233  step 0.4750  *
  iter   24  loss 0.08346  best 0.09233  step 0.4750
  iter   25  loss 0.09022  best 0.09233  step 0.4750
  iter   26  loss 0.08837  best 0.09233  step 0.4750
  iter   27  loss 0.09104  best 0.09233  step 0.4750
  iter   28  loss 0.09286  best 0.09286  step 0.4750  *
  iter   29  loss 0.09042  best 0.09286  step 0.4750
  iter   30  loss 0.08887  best 0.09286  step 0.4750
  iter   31  loss 0.08647  best 0.09286  step 0.4750
  iter   32  loss 0.08702  best 0.09286  step 0.4750
  iter   33  loss 0.08994  best 0.09286  step 0.4750
  iter   34  loss 0.08801  best 0.09286  step 0.4750
  iter   35  loss 0.08882  best 0.09286  step 0.4750
  iter   36  loss 0.09060  best 0.09286  step 0.4750
  iter   37  loss 0.08585  best 0.09286  step 0.4750
  iter   38  loss 0.09283  best 0.09286  step 0.4750
  iter   39  loss 0.08862  best 0.09286  step 0.4750
  iter   40  loss 0.09171  best 0.09286  step 0.4750
  iter   41  loss 0.09428  best 0.09428  step 0.2375  *  halved
  iter   42  loss 0.09286  best 0.09428  step 0.2375
  iter   43  loss 0.09562  best 0.09562  step 0.2375  *
  iter   44  loss 0.09454  best 0.09562  step 0.2375
  iter   45  loss 0.09603  best 0.09603  step 0.2375  *
  iter   46  loss 0.09437  best 0.09603  step 0.2375
  iter   47  loss 0.09393  best 0.09603  step 0.2375
  iter   48  loss 0.09538  best 0.09603  step 0.2375
  iter   49  loss 0.09366  best 0.09603  step 0.2375
  iter   50  loss 0.09648  best 0.09648  step 0.2375  *
  iter   51  loss 0.09584  best 0.09648  step 0.2375
  iter   52  loss 0.09320  best 0.09648  step 0.2375
  iter   53  loss 0.09812  best 0.09812  step 0.2375  *
  iter   54  loss 0.09712  best 0.09812  step 0.2375
  iter   55  loss 0.09577  best 0.09812  step 0.2375
  iter   56  loss 0.09670  best 0.09812  step 0.2375
  iter   57  loss 0.09764  best 0.09812  step 0.1188  halved
  iter   58  loss 0.10251  best 0.10251  step 0.1188  *
  iter   59  loss 0.10545  best 0.10545  step 0.1188  *
  iter   60  loss 0.10241  best 0.10545  step 0.1188
  iter   61  loss 0.10088  best 0.10545  step 0.1188
  iter   62  loss 0.09900  best 0.10545  step 0.1188
  iter   63  loss 0.11047  best 0.11047  step 0.1188  *
  iter   64  loss 0.10597  best 0.11047  step 0.1188
  iter   65  loss 0.10400  best 0.11047  step 0.1188
  iter   66  loss 0.10225  best 0.11047  step 0.1188
  iter   67  loss 0.10677  best 0.11047  step 0.1188
  iter   68  loss 0.11156  best 0.11156  step 0.1188  *
  iter   69  loss 0.11241  best 0.11241  step 0.1188  *
  iter   70  loss 0.10932  best 0.11241  step 0.0594  halved
  iter   71  loss 0.14224  best 0.14224  step 0.0594  *
  iter   72  loss 0.15717  best 0.15717  step 0.0594  *
  iter   73  loss 0.11921  best 0.15717  step 0.0594
  iter   74  loss 0.13284  best 0.15717  step 0.0594
  iter   75  loss 0.13819  best 0.15717  step 0.0594
  iter   76  loss 0.15924  best 0.15924  step 0.0594  *
  iter   77  loss 0.16212  best 0.16212  step 0.0594  *
  iter   78  loss 0.18709  best 0.18709  step 0.0594  *
  iter   79  loss 0.16325  best 0.18709  step 0.0594
  iter   80  loss 0.18276  best 0.18709  step 0.0594
  iter   81  loss 0.20756  best 0.20756  step 0.0594  *
  iter   82  loss 0.20649  best 0.20756  step 0.0594
  iter   83  loss 0.15482  best 0.20756  step 0.0594
  iter   84  loss 0.24443  best 0.24443  step 0.0594  *
  iter   85  loss 0.33757  best 0.33757  step 0.0594  *
  iter   86  loss 0.31671  best 0.33757  step 0.0594
  iter   87  loss 0.24336  best 0.33757  step 0.0297  halved
  iter   88  loss 0.49166  best 0.49166  step 0.0297  *
  iter   89  loss 0.51168  best 0.51168  step 0.0297  *
  iter   90  loss 0.68421  best 0.68421  step 0.0297  *
  iter   91  loss 0.47612  best 0.68421  step 0.0297
  iter   92  loss 0.65649  best 0.68421  step 0.0297
  iter   93  loss 0.79030  best 0.79030  step 0.0297  *
  iter   94  loss 0.81091  best 0.81091  step 0.0297  *
  iter   95  loss 0.97380  best 0.97380  step 0.0297  *
  iter   96  loss 1.06976  best 1.06976  step 0.0297  *
  iter   97  loss 1.16335  best 1.16335  step 0.0297  *
  iter   98  loss 1.38679  best 1.38679  step 0.0297  *
  iter   99  loss 0.27405  best 1.38679  step 0.0297
  iter  100  loss 0.83963  best 1.38679  step 0.0297

  clean    loss 0.08343  accuracy=0.9720  balanced_accuracy=0.9721  mcc=0.9440  roc_auc=0.9947
  poisoned loss 1.38679  accuracy=0.4980  balanced_accuracy=0.5059  mcc=0.0765  roc_auc=0.9813
  delta    loss +1.30336  accuracy=-0.4740  balanced_accuracy=-0.4662  mcc=-0.8676  roc_auc=-0.0134
  7936/63 features moved, max |delta| 0.475 (scaled)  [221s]
  poisoned row (largest scaled moves, label y=0):
    nb_slash                                           3.0000 ->        17.7250   (+0.475 scaled)
    shortest_words_raw                                 3.0000 ->       -10.9752   (-0.466 scaled)
    web_traffic                                        0.0000 ->  -4994915.5000   (-0.464 scaled)
    length_url                                        37.0000 ->       788.7293   (+0.461 scaled)
    tld_in_path                                        0.0000 ->         0.4555   (+0.456 scaled)
    ratio_digits_host                                  0.0000 ->         0.3610   (+0.451 scaled)
    prefix_suffix                                      0.0000 ->        -0.4463   (-0.446 scaled)
    longest_words_raw                                 11.0000 ->       374.5238   (+0.440 scaled)

  -- deployed path (ordinary fit/predict_proba, stats refit) --
  clean    loss 0.08312  accuracy=0.9740  balanced_accuracy=0.9741  mcc=0.9481  roc_auc=0.9950
  poisoned loss 1.38678  accuracy=0.4980  balanced_accuracy=0.5059  mcc=0.0765  roc_auc=0.9813
  delta    loss +1.30366  accuracy=-0.4760  balanced_accuracy=-0.4682  mcc=-0.8717  roc_auc=-0.0137
  saved -> results/url_unique/attack/abl_rows128_none_it100
