[capgd] context_5000.csv (5000x63) -> test_attack_1000.csv (1000)
  poison 128 rows 0..127  eps=0.5->0.4750  steps=100  constraints=full  scaler=metadata  ne=1  simple=True  obj=maximize  cuda:1
  mutable 63/63  int 58  cat 0  real 5
  stats frozen on 4872 clean rows: column_selection_mask(31, 2)  feature_means(31, 2)  scaler_mean(31, 2)  scaler_std(31, 2)  ng_non_constant_mask(31, 2)  ng_num_used_features(31, 1)
  clean loss 0.08343   accuracy=0.9720  balanced_accuracy=0.9721  mcc=0.9440  roc_auc=0.9947
  iter    0  loss 0.08343  best 0.08343  step 0.9500
  iter    1  loss 0.08274  best 0.08343  step 0.9500
  iter    2  loss 0.08385  best 0.08385  step 0.9500  *
  iter    3  loss 0.08287  best 0.08385  step 0.9500
  iter    4  loss 0.08523  best 0.08523  step 0.9500  *
  iter    5  loss 0.08786  best 0.08786  step 0.9500  *
  iter    6  loss 0.08992  best 0.08992  step 0.9500  *
  iter    7  loss 0.08334  best 0.08992  step 0.9500
  iter    8  loss 0.08758  best 0.08992  step 0.9500
  iter    9  loss 0.08920  best 0.08992  step 0.9500
  iter   10  loss 0.08468  best 0.08992  step 0.9500
  iter   11  loss 0.08777  best 0.08992  step 0.9500
  iter   12  loss 0.08577  best 0.08992  step 0.9500
  iter   13  loss 0.08064  best 0.08992  step 0.9500
  iter   14  loss 0.08855  best 0.08992  step 0.9500
  iter   15  loss 0.08473  best 0.08992  step 0.9500
  iter   16  loss 0.08525  best 0.08992  step 0.9500
  iter   17  loss 0.08584  best 0.08992  step 0.9500
  iter   18  loss 0.08708  best 0.08992  step 0.9500
  iter   19  loss 0.08313  best 0.08992  step 0.9500
  iter   20  loss 0.08142  best 0.08992  step 0.9500
  iter   21  loss 0.08647  best 0.08992  step 0.9500
  iter   22  loss 0.08573  best 0.08992  step 0.4750  halved
  iter   23  loss 0.08518  best 0.08992  step 0.4750
  iter   24  loss 0.08502  best 0.08992  step 0.4750
  iter   25  loss 0.08771  best 0.08992  step 0.4750
  iter   26  loss 0.08444  best 0.08992  step 0.4750
  iter   27  loss 0.08703  best 0.08992  step 0.4750
  iter   28  loss 0.08732  best 0.08992  step 0.4750
  iter   29  loss 0.08667  best 0.08992  step 0.4750
  iter   30  loss 0.08210  best 0.08992  step 0.4750
  iter   31  loss 0.08602  best 0.08992  step 0.4750
  iter   32  loss 0.08716  best 0.08992  step 0.4750
  iter   33  loss 0.08311  best 0.08992  step 0.4750
  iter   34  loss 0.08836  best 0.08992  step 0.4750
  iter   35  loss 0.08389  best 0.08992  step 0.4750
  iter   36  loss 0.08673  best 0.08992  step 0.4750
  iter   37  loss 0.08293  best 0.08992  step 0.4750
  iter   38  loss 0.08671  best 0.08992  step 0.4750
  iter   39  loss 0.08499  best 0.08992  step 0.4750
  iter   40  loss 0.08682  best 0.08992  step 0.4750
  iter   41  loss 0.08355  best 0.08992  step 0.2375  halved
  iter   42  loss 0.09174  best 0.09174  step 0.2375  *
  iter   43  loss 0.09000  best 0.09174  step 0.2375
  iter   44  loss 0.09056  best 0.09174  step 0.2375
  iter   45  loss 0.09088  best 0.09174  step 0.2375
  iter   46  loss 0.08750  best 0.09174  step 0.2375
  iter   47  loss 0.08969  best 0.09174  step 0.2375
  iter   48  loss 0.09175  best 0.09175  step 0.2375  *
  iter   49  loss 0.08825  best 0.09175  step 0.2375
  iter   50  loss 0.09115  best 0.09175  step 0.2375
  iter   51  loss 0.08939  best 0.09175  step 0.2375
  iter   52  loss 0.08828  best 0.09175  step 0.2375
  iter   53  loss 0.09074  best 0.09175  step 0.2375
  iter   54  loss 0.08988  best 0.09175  step 0.2375
  iter   55  loss 0.08987  best 0.09175  step 0.2375
  iter   56  loss 0.09230  best 0.09230  step 0.2375  *
  iter   57  loss 0.08796  best 0.09230  step 0.1188  halved
  iter   58  loss 0.09358  best 0.09358  step 0.1188  *
  iter   59  loss 0.09498  best 0.09498  step 0.1188  *
  iter   60  loss 0.09234  best 0.09498  step 0.1188
  iter   61  loss 0.09584  best 0.09584  step 0.1188  *
  iter   62  loss 0.09236  best 0.09584  step 0.1188
  iter   63  loss 0.09757  best 0.09757  step 0.1188  *
  iter   64  loss 0.09700  best 0.09757  step 0.1188
  iter   65  loss 0.09493  best 0.09757  step 0.1188
  iter   66  loss 0.09551  best 0.09757  step 0.1188
  iter   67  loss 0.09602  best 0.09757  step 0.1188
  iter   68  loss 0.09906  best 0.09906  step 0.1188  *
  iter   69  loss 0.09775  best 0.09906  step 0.1188
  iter   70  loss 0.09409  best 0.09906  step 0.0594  halved
  iter   71  loss 0.10755  best 0.10755  step 0.0594  *
  iter   72  loss 0.10247  best 0.10755  step 0.0594
  iter   73  loss 0.10434  best 0.10755  step 0.0594
  iter   74  loss 0.11004  best 0.11004  step 0.0594  *
  iter   75  loss 0.10871  best 0.11004  step 0.0594
  iter   76  loss 0.10622  best 0.11004  step 0.0594
  iter   77  loss 0.10942  best 0.11004  step 0.0594
  iter   78  loss 0.10562  best 0.11004  step 0.0594
  iter   79  loss 0.11138  best 0.11138  step 0.0594  *
  iter   80  loss 0.10761  best 0.11138  step 0.0297  halved
  iter   81  loss 0.11526  best 0.11526  step 0.0297  *
  iter   82  loss 0.12197  best 0.12197  step 0.0297  *
  iter   83  loss 0.12374  best 0.12374  step 0.0297  *
  iter   84  loss 0.12393  best 0.12393  step 0.0297  *
  iter   85  loss 0.12467  best 0.12467  step 0.0297  *
  iter   86  loss 0.12190  best 0.12467  step 0.0297
  iter   87  loss 0.12979  best 0.12979  step 0.0297  *
  iter   88  loss 0.14543  best 0.14543  step 0.0297  *
  iter   89  loss 0.12487  best 0.14543  step 0.0297
  iter   90  loss 0.12579  best 0.14543  step 0.0297
  iter   91  loss 0.13534  best 0.14543  step 0.0297
  iter   92  loss 0.15191  best 0.15191  step 0.0297  *
  iter   93  loss 0.14721  best 0.15191  step 0.0148  halved
  iter   94  loss 0.17827  best 0.17827  step 0.0148  *
  iter   95  loss 0.21915  best 0.21915  step 0.0148  *
  iter   96  loss 0.27057  best 0.27057  step 0.0148  *
  iter   97  loss 0.29404  best 0.29404  step 0.0148  *
  iter   98  loss 0.30321  best 0.30321  step 0.0148  *
  iter   99  loss 0.36098  best 0.36098  step 0.0148  *
  iter  100  loss 0.32710  best 0.36098  step 0.0148
  repair (fix_types/fix_immutable): loss 0.36098 -> 0.08997

  clean    loss 0.08343  accuracy=0.9720  balanced_accuracy=0.9721  mcc=0.9440  roc_auc=0.9947
  poisoned loss 0.08997  accuracy=0.9690  balanced_accuracy=0.9692  mcc=0.9384  roc_auc=0.9942
  delta    loss +0.00654  accuracy=-0.0030  balanced_accuracy=-0.0028  mcc=-0.0056  roc_auc=-0.0006
  3942/63 features moved, max |delta| 0.475 (scaled)  [222s]
  poisoned row (largest scaled moves, label y=0):
    nb_percent                                         0.0000 ->        45.0000   (+0.469 scaled)
    length_url                                        37.0000 ->       770.0000   (+0.450 scaled)
    char_repeat                                        4.0000 ->        66.0000   (+0.425 scaled)
    shortest_words_raw                                 3.0000 ->        15.0000   (+0.400 scaled)
    page_rank                                          4.0000 ->         0.0000   (-0.400 scaled)
    nb_space                                           0.0000 ->         7.0000   (+0.389 scaled)
    nb_semicolumn                                      0.0000 ->         7.0000   (+0.350 scaled)
    nb_qm                                              0.0000 ->         1.0000   (+0.333 scaled)

  -- deployed path (ordinary fit/predict_proba, stats refit) --
  clean    loss 0.08312  accuracy=0.9740  balanced_accuracy=0.9741  mcc=0.9481  roc_auc=0.9950
  poisoned loss 0.08900  accuracy=0.9700  balanced_accuracy=0.9702  mcc=0.9402  roc_auc=0.9945
  delta    loss +0.00588  accuracy=-0.0040  balanced_accuracy=-0.0040  mcc=-0.0079  roc_auc=-0.0005
  saved -> results/url_unique/attack/abl_rows128_full_it100
