[capgd] context_5000.csv (5000x63) -> test_attack_1000.csv (1000)
  poison 8 rows 0..7  eps=0.5->0.4750  steps=100  constraints=none  scaler=metadata  ne=1  simple=True  obj=maximize  cuda:1
  stats frozen on 4992 clean rows: column_selection_mask(31, 2)  feature_means(31, 2)  scaler_mean(31, 2)  scaler_std(31, 2)  ng_non_constant_mask(31, 2)  ng_num_used_features(31, 1)
  clean loss 0.08343   accuracy=0.9720  balanced_accuracy=0.9721  mcc=0.9440  roc_auc=0.9947
  iter    0  loss 0.08343  best 0.08343  step 0.9500
  iter    1  loss 0.08527  best 0.08527  step 0.9500  *
  iter    2  loss 0.08405  best 0.08527  step 0.9500
  iter    3  loss 0.08754  best 0.08754  step 0.9500  *
  iter    4  loss 0.08695  best 0.08754  step 0.9500
  iter    5  loss 0.08759  best 0.08759  step 0.9500  *
  iter    6  loss 0.08463  best 0.08759  step 0.9500
  iter    7  loss 0.08671  best 0.08759  step 0.9500
  iter    8  loss 0.08767  best 0.08767  step 0.9500  *
  iter    9  loss 0.08427  best 0.08767  step 0.9500
  iter   10  loss 0.08680  best 0.08767  step 0.9500
  iter   11  loss 0.08541  best 0.08767  step 0.9500
  iter   12  loss 0.08826  best 0.08826  step 0.9500  *
  iter   13  loss 0.08772  best 0.08826  step 0.9500
  iter   14  loss 0.08832  best 0.08832  step 0.9500  *
  iter   15  loss 0.08933  best 0.08933  step 0.9500  *
  iter   16  loss 0.08797  best 0.08933  step 0.9500
  iter   17  loss 0.08851  best 0.08933  step 0.9500
  iter   18  loss 0.08728  best 0.08933  step 0.9500
  iter   19  loss 0.08688  best 0.08933  step 0.9500
  iter   20  loss 0.08333  best 0.08933  step 0.9500
  iter   21  loss 0.08796  best 0.08933  step 0.9500
  iter   22  loss 0.08679  best 0.08933  step 0.4750  halved
  iter   23  loss 0.08924  best 0.08933  step 0.4750
  iter   24  loss 0.08798  best 0.08933  step 0.4750
  iter   25  loss 0.08700  best 0.08933  step 0.4750
  iter   26  loss 0.08812  best 0.08933  step 0.4750
  iter   27  loss 0.08451  best 0.08933  step 0.4750
  iter   28  loss 0.08646  best 0.08933  step 0.4750
  iter   29  loss 0.08793  best 0.08933  step 0.4750
  iter   30  loss 0.08760  best 0.08933  step 0.4750
  iter   31  loss 0.08896  best 0.08933  step 0.4750
  iter   32  loss 0.08372  best 0.08933  step 0.4750
  iter   33  loss 0.08599  best 0.08933  step 0.4750
  iter   34  loss 0.08811  best 0.08933  step 0.4750
  iter   35  loss 0.08907  best 0.08933  step 0.4750
  iter   36  loss 0.08572  best 0.08933  step 0.4750
  iter   37  loss 0.08916  best 0.08933  step 0.4750
  iter   38  loss 0.08915  best 0.08933  step 0.4750
  iter   39  loss 0.08714  best 0.08933  step 0.4750
  iter   40  loss 0.08857  best 0.08933  step 0.4750
  iter   41  loss 0.08344  best 0.08933  step 0.2375  halved
  iter   42  loss 0.09005  best 0.09005  step 0.2375  *
  iter   43  loss 0.09155  best 0.09155  step 0.2375  *
  iter   44  loss 0.09024  best 0.09155  step 0.2375
  iter   45  loss 0.09039  best 0.09155  step 0.2375
  iter   46  loss 0.08626  best 0.09155  step 0.2375
  iter   47  loss 0.08836  best 0.09155  step 0.2375
  iter   48  loss 0.09040  best 0.09155  step 0.2375
  iter   49  loss 0.08917  best 0.09155  step 0.2375
  iter   50  loss 0.09100  best 0.09155  step 0.2375
  iter   51  loss 0.09037  best 0.09155  step 0.2375
  iter   52  loss 0.08944  best 0.09155  step 0.2375
  iter   53  loss 0.09128  best 0.09155  step 0.2375
  iter   54  loss 0.08902  best 0.09155  step 0.2375
  iter   55  loss 0.09036  best 0.09155  step 0.2375
  iter   56  loss 0.08836  best 0.09155  step 0.2375
  iter   57  loss 0.08944  best 0.09155  step 0.1188  halved
  iter   58  loss 0.09112  best 0.09155  step 0.1188
  iter   59  loss 0.09168  best 0.09168  step 0.1188  *
  iter   60  loss 0.09121  best 0.09168  step 0.1188
  iter   61  loss 0.08880  best 0.09168  step 0.1188
  iter   62  loss 0.09288  best 0.09288  step 0.1188  *
  iter   63  loss 0.08967  best 0.09288  step 0.1188
  iter   64  loss 0.09301  best 0.09301  step 0.1188  *
  iter   65  loss 0.09133  best 0.09301  step 0.1188
  iter   66  loss 0.09339  best 0.09339  step 0.1188  *
  iter   67  loss 0.08914  best 0.09339  step 0.1188
  iter   68  loss 0.09403  best 0.09403  step 0.1188  *
  iter   69  loss 0.09160  best 0.09403  step 0.1188
  iter   70  loss 0.09432  best 0.09432  step 0.0594  *  halved
  iter   71  loss 0.09636  best 0.09636  step 0.0594  *
  iter   72  loss 0.09616  best 0.09636  step 0.0594
  iter   73  loss 0.09753  best 0.09753  step 0.0594  *
  iter   74  loss 0.09721  best 0.09753  step 0.0594
  iter   75  loss 0.09852  best 0.09852  step 0.0594  *
  iter   76  loss 0.09759  best 0.09852  step 0.0594
  iter   77  loss 0.09859  best 0.09859  step 0.0594  *
  iter   78  loss 0.09806  best 0.09859  step 0.0594
  iter   79  loss 0.09957  best 0.09957  step 0.0594  *
  iter   80  loss 0.09667  best 0.09957  step 0.0297  halved
  iter   81  loss 0.10081  best 0.10081  step 0.0297  *
  iter   82  loss 0.10145  best 0.10145  step 0.0297  *
  iter   83  loss 0.09948  best 0.10145  step 0.0297
  iter   84  loss 0.10064  best 0.10145  step 0.0297
  iter   85  loss 0.10154  best 0.10154  step 0.0297  *
  iter   86  loss 0.10113  best 0.10154  step 0.0297
  iter   87  loss 0.10159  best 0.10159  step 0.0148  *  halved
  iter   88  loss 0.10214  best 0.10214  step 0.0148  *
  iter   89  loss 0.10267  best 0.10267  step 0.0148  *
  iter   90  loss 0.10271  best 0.10271  step 0.0148  *
  iter   91  loss 0.10284  best 0.10284  step 0.0148  *
  iter   92  loss 0.10314  best 0.10314  step 0.0148  *
  iter   93  loss 0.10325  best 0.10325  step 0.0148  *
  iter   94  loss 0.10286  best 0.10325  step 0.0148
  iter   95  loss 0.10336  best 0.10336  step 0.0148  *
  iter   96  loss 0.10349  best 0.10349  step 0.0148  *
  iter   97  loss 0.10376  best 0.10376  step 0.0148  *
  iter   98  loss 0.10309  best 0.10376  step 0.0148
  iter   99  loss 0.10405  best 0.10405  step 0.0074  *  halved
  iter  100  loss 0.10478  best 0.10478  step 0.0074  *

  clean    loss 0.08343  accuracy=0.9720  balanced_accuracy=0.9721  mcc=0.9440  roc_auc=0.9947
  poisoned loss 0.10478  accuracy=0.9640  balanced_accuracy=0.9642  mcc=0.9284  roc_auc=0.9924
  delta    loss +0.02135  accuracy=-0.0080  balanced_accuracy=-0.0078  mcc=-0.0156  roc_auc=-0.0023
  496/63 features moved, max |delta| 0.475 (scaled)  [221s]
  poisoned row (largest scaled moves, label y=0):
    length_url                                        37.0000 ->       810.7750   (+0.475 scaled)
    tld_in_subdomain                                   0.0000 ->         0.4750   (+0.475 scaled)
    punycode                                           0.0000 ->         0.4750   (+0.475 scaled)
    nb_comma                                           0.0000 ->        -1.9000   (-0.475 scaled)
    longest_word_path                                  6.0000 ->      -387.7750   (-0.475 scaled)
    brand_in_path                                      0.0000 ->        -0.4750   (-0.475 scaled)
    shortening_service                                 0.0000 ->         0.4750   (+0.475 scaled)
    nb_tilde                                           0.0000 ->        -0.4694   (-0.469 scaled)

  -- deployed path (ordinary fit/predict_proba, stats refit) --
  clean    loss 0.08312  accuracy=0.9740  balanced_accuracy=0.9741  mcc=0.9481  roc_auc=0.9950
  poisoned loss 0.10478  accuracy=0.9640  balanced_accuracy=0.9642  mcc=0.9284  roc_auc=0.9924
  delta    loss +0.02166  accuracy=-0.0100  balanced_accuracy=-0.0099  mcc=-0.0197  roc_auc=-0.0025
  saved -> results/url_unique/attack/abl_rows008_none_it100
