[capgd] context_5000.csv (5000x63) -> test_attack_1000.csv (1000)
  poison 64 rows 0..63  eps=0.5->0.4750  steps=100  constraints=full  scaler=metadata  ne=1  simple=True  obj=maximize  cuda:1
  mutable 63/63  int 58  cat 0  real 5
  stats frozen on 4936 clean rows: column_selection_mask(31, 2)  feature_means(31, 2)  scaler_mean(31, 2)  scaler_std(31, 2)  ng_non_constant_mask(31, 2)  ng_num_used_features(31, 1)
  clean loss 0.08343   accuracy=0.9720  balanced_accuracy=0.9721  mcc=0.9440  roc_auc=0.9947
  iter    0  loss 0.08343  best 0.08343  step 0.9500
  iter    1  loss 0.08284  best 0.08343  step 0.9500
  iter    2  loss 0.08556  best 0.08556  step 0.9500  *
  iter    3  loss 0.08587  best 0.08587  step 0.9500  *
  iter    4  loss 0.08501  best 0.08587  step 0.9500
  iter    5  loss 0.08581  best 0.08587  step 0.9500
  iter    6  loss 0.08792  best 0.08792  step 0.9500  *
  iter    7  loss 0.08392  best 0.08792  step 0.9500
  iter    8  loss 0.08513  best 0.08792  step 0.9500
  iter    9  loss 0.08795  best 0.08795  step 0.9500  *
  iter   10  loss 0.08508  best 0.08795  step 0.9500
  iter   11  loss 0.08393  best 0.08795  step 0.9500
  iter   12  loss 0.08738  best 0.08795  step 0.9500
  iter   13  loss 0.08634  best 0.08795  step 0.9500
  iter   14  loss 0.08537  best 0.08795  step 0.9500
  iter   15  loss 0.08528  best 0.08795  step 0.9500
  iter   16  loss 0.08762  best 0.08795  step 0.9500
  iter   17  loss 0.08659  best 0.08795  step 0.9500
  iter   18  loss 0.08472  best 0.08795  step 0.9500
  iter   19  loss 0.08611  best 0.08795  step 0.9500
  iter   20  loss 0.08599  best 0.08795  step 0.9500
  iter   21  loss 0.08456  best 0.08795  step 0.9500
  iter   22  loss 0.08655  best 0.08795  step 0.4750  halved
  iter   23  loss 0.08624  best 0.08795  step 0.4750
  iter   24  loss 0.08882  best 0.08882  step 0.4750  *
  iter   25  loss 0.09020  best 0.09020  step 0.4750  *
  iter   26  loss 0.08562  best 0.09020  step 0.4750
  iter   27  loss 0.08758  best 0.09020  step 0.4750
  iter   28  loss 0.09029  best 0.09029  step 0.4750  *
  iter   29  loss 0.08723  best 0.09029  step 0.4750
  iter   30  loss 0.08768  best 0.09029  step 0.4750
  iter   31  loss 0.08854  best 0.09029  step 0.4750
  iter   32  loss 0.08890  best 0.09029  step 0.4750
  iter   33  loss 0.08273  best 0.09029  step 0.4750
  iter   34  loss 0.08500  best 0.09029  step 0.4750
  iter   35  loss 0.08568  best 0.09029  step 0.4750
  iter   36  loss 0.08717  best 0.09029  step 0.4750
  iter   37  loss 0.08622  best 0.09029  step 0.4750
  iter   38  loss 0.08698  best 0.09029  step 0.4750
  iter   39  loss 0.08679  best 0.09029  step 0.4750
  iter   40  loss 0.08727  best 0.09029  step 0.4750
  iter   41  loss 0.08746  best 0.09029  step 0.2375  halved
  iter   42  loss 0.08780  best 0.09029  step 0.2375
  iter   43  loss 0.08852  best 0.09029  step 0.2375
  iter   44  loss 0.08959  best 0.09029  step 0.2375
  iter   45  loss 0.08951  best 0.09029  step 0.2375
  iter   46  loss 0.09147  best 0.09147  step 0.2375  *
  iter   47  loss 0.08561  best 0.09147  step 0.2375
  iter   48  loss 0.09001  best 0.09147  step 0.2375
  iter   49  loss 0.09220  best 0.09220  step 0.2375  *
  iter   50  loss 0.08691  best 0.09220  step 0.2375
  iter   51  loss 0.08890  best 0.09220  step 0.2375
  iter   52  loss 0.08647  best 0.09220  step 0.2375
  iter   53  loss 0.08796  best 0.09220  step 0.2375
  iter   54  loss 0.08912  best 0.09220  step 0.2375
  iter   55  loss 0.09067  best 0.09220  step 0.2375
  iter   56  loss 0.08736  best 0.09220  step 0.2375
  iter   57  loss 0.09068  best 0.09220  step 0.1188  halved
  iter   58  loss 0.09285  best 0.09285  step 0.1188  *
  iter   59  loss 0.09260  best 0.09285  step 0.1188
  iter   60  loss 0.09399  best 0.09399  step 0.1188  *
  iter   61  loss 0.09139  best 0.09399  step 0.1188
  iter   62  loss 0.09614  best 0.09614  step 0.1188  *
  iter   63  loss 0.09691  best 0.09691  step 0.1188  *
  iter   64  loss 0.09568  best 0.09691  step 0.1188
  iter   65  loss 0.09182  best 0.09691  step 0.1188
  iter   66  loss 0.09276  best 0.09691  step 0.1188
  iter   67  loss 0.10129  best 0.10129  step 0.1188  *
  iter   68  loss 0.10026  best 0.10129  step 0.1188
  iter   69  loss 0.09375  best 0.10129  step 0.1188
  iter   70  loss 0.09819  best 0.10129  step 0.0594  halved
  iter   71  loss 0.10561  best 0.10561  step 0.0594  *
  iter   72  loss 0.11866  best 0.11866  step 0.0594  *
  iter   73  loss 0.10504  best 0.11866  step 0.0594
  iter   74  loss 0.10750  best 0.11866  step 0.0594
  iter   75  loss 0.10732  best 0.11866  step 0.0594
  iter   76  loss 0.10089  best 0.11866  step 0.0594
  iter   77  loss 0.10262  best 0.11866  step 0.0594
  iter   78  loss 0.12148  best 0.12148  step 0.0594  *
  iter   79  loss 0.10448  best 0.12148  step 0.0594
  iter   80  loss 0.12018  best 0.12148  step 0.0297  halved
  iter   81  loss 0.13597  best 0.13597  step 0.0297  *
  iter   82  loss 0.13291  best 0.13597  step 0.0297
  iter   83  loss 0.10319  best 0.13597  step 0.0297
  iter   84  loss 0.12671  best 0.13597  step 0.0297
  iter   85  loss 0.15225  best 0.15225  step 0.0297  *
  iter   86  loss 0.14997  best 0.15225  step 0.0297
  iter   87  loss 0.16799  best 0.16799  step 0.0148  *  halved
  iter   88  loss 0.20000  best 0.20000  step 0.0148  *
  iter   89  loss 0.23916  best 0.23916  step 0.0148  *
  iter   90  loss 0.34895  best 0.34895  step 0.0148  *
  iter   91  loss 0.37608  best 0.37608  step 0.0148  *
  iter   92  loss 0.36163  best 0.37608  step 0.0148
  iter   93  loss 0.48278  best 0.48278  step 0.0148  *
  iter   94  loss 0.48959  best 0.48959  step 0.0148  *
  iter   95  loss 0.67007  best 0.67007  step 0.0148  *
  iter   96  loss 0.44124  best 0.67007  step 0.0148
  iter   97  loss 0.72844  best 0.72844  step 0.0148  *
  iter   98  loss 0.61528  best 0.72844  step 0.0148
  iter   99  loss 0.83477  best 0.83477  step 0.0074  *  halved
  iter  100  loss 1.01321  best 1.01321  step 0.0074  *
  repair (fix_types/fix_immutable): loss 1.01321 -> 0.08876

  clean    loss 0.08343  accuracy=0.9720  balanced_accuracy=0.9721  mcc=0.9440  roc_auc=0.9947
  poisoned loss 0.08876  accuracy=0.9730  balanced_accuracy=0.9732  mcc=0.9463  roc_auc=0.9942
  delta    loss +0.00533  accuracy=+0.0010  balanced_accuracy=+0.0011  mcc=+0.0023  roc_auc=-0.0006
  1938/63 features moved, max |delta| 0.475 (scaled)  [222s]
  poisoned row (largest scaled moves, label y=0):
    nb_and                                             0.0000 ->         9.0000   (+0.474 scaled)
    nb_percent                                         0.0000 ->        45.0000   (+0.469 scaled)
    web_traffic                                        0.0000 ->   4983677.0000   (+0.463 scaled)
    length_hostname                                   19.0000 ->       116.0000   (+0.462 scaled)
    domain_age                                        -1.0000 ->      5904.0000   (+0.458 scaled)
    nb_underscore                                      0.0000 ->         8.0000   (+0.444 scaled)
    nb_space                                           0.0000 ->         8.0000   (+0.444 scaled)
    nb_hyphens                                         0.0000 ->        18.0000   (+0.419 scaled)

  -- deployed path (ordinary fit/predict_proba, stats refit) --
  clean    loss 0.08312  accuracy=0.9740  balanced_accuracy=0.9741  mcc=0.9481  roc_auc=0.9950
  poisoned loss 0.08554  accuracy=0.9740  balanced_accuracy=0.9741  mcc=0.9481  roc_auc=0.9945
  delta    loss +0.00242  accuracy=+0.0000  balanced_accuracy=+0.0000  mcc=+0.0000  roc_auc=-0.0004
  saved -> results/url_unique/attack/abl_rows064_full_it100
