[capgd] context_5000.csv (5000x63) -> test_attack_1000.csv (1000)
  poison 16 rows 0..15  eps=0.5->0.4750  steps=100  constraints=none  scaler=metadata  ne=1  simple=True  obj=maximize  cuda:1
  stats frozen on 4984 clean rows: column_selection_mask(31, 2)  feature_means(31, 2)  scaler_mean(31, 2)  scaler_std(31, 2)  ng_non_constant_mask(31, 2)  ng_num_used_features(31, 1)
  clean loss 0.08343   accuracy=0.9720  balanced_accuracy=0.9721  mcc=0.9440  roc_auc=0.9947
  iter    0  loss 0.08343  best 0.08343  step 0.9500
  iter    1  loss 0.08240  best 0.08343  step 0.9500
  iter    2  loss 0.08496  best 0.08496  step 0.9500  *
  iter    3  loss 0.08629  best 0.08629  step 0.9500  *
  iter    4  loss 0.08799  best 0.08799  step 0.9500  *
  iter    5  loss 0.08877  best 0.08877  step 0.9500  *
  iter    6  loss 0.09001  best 0.09001  step 0.9500  *
  iter    7  loss 0.08818  best 0.09001  step 0.9500
  iter    8  loss 0.08678  best 0.09001  step 0.9500
  iter    9  loss 0.08902  best 0.09001  step 0.9500
  iter   10  loss 0.09003  best 0.09003  step 0.9500  *
  iter   11  loss 0.08507  best 0.09003  step 0.9500
  iter   12  loss 0.08958  best 0.09003  step 0.9500
  iter   13  loss 0.08987  best 0.09003  step 0.9500
  iter   14  loss 0.08949  best 0.09003  step 0.9500
  iter   15  loss 0.08438  best 0.09003  step 0.9500
  iter   16  loss 0.08520  best 0.09003  step 0.9500
  iter   17  loss 0.08890  best 0.09003  step 0.9500
  iter   18  loss 0.08661  best 0.09003  step 0.9500
  iter   19  loss 0.08722  best 0.09003  step 0.9500
  iter   20  loss 0.08965  best 0.09003  step 0.9500
  iter   21  loss 0.08666  best 0.09003  step 0.9500
  iter   22  loss 0.08781  best 0.09003  step 0.4750  halved
  iter   23  loss 0.08936  best 0.09003  step 0.4750
  iter   24  loss 0.09056  best 0.09056  step 0.4750  *
  iter   25  loss 0.08848  best 0.09056  step 0.4750
  iter   26  loss 0.08781  best 0.09056  step 0.4750
  iter   27  loss 0.08824  best 0.09056  step 0.4750
  iter   28  loss 0.08955  best 0.09056  step 0.4750
  iter   29  loss 0.09046  best 0.09056  step 0.4750
  iter   30  loss 0.09078  best 0.09078  step 0.4750  *
  iter   31  loss 0.08769  best 0.09078  step 0.4750
  iter   32  loss 0.08860  best 0.09078  step 0.4750
  iter   33  loss 0.09217  best 0.09217  step 0.4750  *
  iter   34  loss 0.08889  best 0.09217  step 0.4750
  iter   35  loss 0.08760  best 0.09217  step 0.4750
  iter   36  loss 0.09108  best 0.09217  step 0.4750
  iter   37  loss 0.08853  best 0.09217  step 0.4750
  iter   38  loss 0.09045  best 0.09217  step 0.4750
  iter   39  loss 0.09247  best 0.09247  step 0.4750  *
  iter   40  loss 0.08981  best 0.09247  step 0.4750
  iter   41  loss 0.09102  best 0.09247  step 0.2375  halved
  iter   42  loss 0.09474  best 0.09474  step 0.2375  *
  iter   43  loss 0.09216  best 0.09474  step 0.2375
  iter   44  loss 0.09205  best 0.09474  step 0.2375
  iter   45  loss 0.09465  best 0.09474  step 0.2375
  iter   46  loss 0.09505  best 0.09505  step 0.2375  *
  iter   47  loss 0.09147  best 0.09505  step 0.2375
  iter   48  loss 0.09488  best 0.09505  step 0.2375
  iter   49  loss 0.08806  best 0.09505  step 0.2375
  iter   50  loss 0.09318  best 0.09505  step 0.2375
  iter   51  loss 0.09453  best 0.09505  step 0.2375
  iter   52  loss 0.09600  best 0.09600  step 0.2375  *
  iter   53  loss 0.09107  best 0.09600  step 0.2375
  iter   54  loss 0.09137  best 0.09600  step 0.2375
  iter   55  loss 0.09268  best 0.09600  step 0.2375
  iter   56  loss 0.09213  best 0.09600  step 0.2375
  iter   57  loss 0.09445  best 0.09600  step 0.1188  halved
  iter   58  loss 0.09266  best 0.09600  step 0.1188
  iter   59  loss 0.09941  best 0.09941  step 0.1188  *
  iter   60  loss 0.09531  best 0.09941  step 0.1188
  iter   61  loss 0.09327  best 0.09941  step 0.1188
  iter   62  loss 0.09832  best 0.09941  step 0.1188
  iter   63  loss 0.09485  best 0.09941  step 0.1188
  iter   64  loss 0.09862  best 0.09941  step 0.1188
  iter   65  loss 0.09245  best 0.09941  step 0.1188
  iter   66  loss 0.09870  best 0.09941  step 0.1188
  iter   67  loss 0.10054  best 0.10054  step 0.1188  *
  iter   68  loss 0.10004  best 0.10054  step 0.1188
  iter   69  loss 0.09870  best 0.10054  step 0.1188
  iter   70  loss 0.09276  best 0.10054  step 0.0594  halved
  iter   71  loss 0.10124  best 0.10124  step 0.0594  *
  iter   72  loss 0.10117  best 0.10124  step 0.0594
  iter   73  loss 0.09768  best 0.10124  step 0.0594
  iter   74  loss 0.10312  best 0.10312  step 0.0594  *
  iter   75  loss 0.09935  best 0.10312  step 0.0594
  iter   76  loss 0.10067  best 0.10312  step 0.0594
  iter   77  loss 0.10019  best 0.10312  step 0.0594
  iter   78  loss 0.10260  best 0.10312  step 0.0594
  iter   79  loss 0.09912  best 0.10312  step 0.0594
  iter   80  loss 0.10314  best 0.10314  step 0.0297  *  halved
  iter   81  loss 0.10470  best 0.10470  step 0.0297  *
  iter   82  loss 0.10486  best 0.10486  step 0.0297  *
  iter   83  loss 0.10514  best 0.10514  step 0.0297  *
  iter   84  loss 0.10527  best 0.10527  step 0.0297  *
  iter   85  loss 0.10502  best 0.10527  step 0.0297
  iter   86  loss 0.10558  best 0.10558  step 0.0297  *
  iter   87  loss 0.10553  best 0.10558  step 0.0148  halved
  iter   88  loss 0.10709  best 0.10709  step 0.0148  *
  iter   89  loss 0.10727  best 0.10727  step 0.0148  *
  iter   90  loss 0.10745  best 0.10745  step 0.0148  *
  iter   91  loss 0.10786  best 0.10786  step 0.0148  *
  iter   92  loss 0.10780  best 0.10786  step 0.0148
  iter   93  loss 0.10833  best 0.10833  step 0.0148  *
  iter   94  loss 0.10816  best 0.10833  step 0.0148
  iter   95  loss 0.10847  best 0.10847  step 0.0148  *
  iter   96  loss 0.10831  best 0.10847  step 0.0148
  iter   97  loss 0.10885  best 0.10885  step 0.0148  *
  iter   98  loss 0.10864  best 0.10885  step 0.0148
  iter   99  loss 0.10905  best 0.10905  step 0.0074  *  halved
  iter  100  loss 0.10969  best 0.10969  step 0.0074  *

  clean    loss 0.08343  accuracy=0.9720  balanced_accuracy=0.9721  mcc=0.9440  roc_auc=0.9947
  poisoned loss 0.10969  accuracy=0.9630  balanced_accuracy=0.9633  mcc=0.9266  roc_auc=0.9924
  delta    loss +0.02626  accuracy=-0.0090  balanced_accuracy=-0.0088  mcc=-0.0175  roc_auc=-0.0024
  992/63 features moved, max |delta| 0.475 (scaled)  [221s]
  poisoned row (largest scaled moves, label y=0):
    google_index                                       1.0000 ->         1.4750   (+0.475 scaled)
    ip                                                 0.0000 ->         0.4750   (+0.475 scaled)
    suspecious_tld                                     0.0000 ->        -0.4750   (-0.475 scaled)
    nb_comma                                           0.0000 ->         1.9000   (+0.475 scaled)
    abnormal_subdomain                                 0.0000 ->         0.4714   (+0.471 scaled)
    whois_registered_domain                            0.0000 ->        -0.4635   (-0.463 scaled)
    length_words_raw                                   4.0000 ->       -44.6318   (-0.463 scaled)
    length_url                                        37.0000 ->       790.9395   (+0.463 scaled)

  -- deployed path (ordinary fit/predict_proba, stats refit) --
  clean    loss 0.08312  accuracy=0.9740  balanced_accuracy=0.9741  mcc=0.9481  roc_auc=0.9950
  poisoned loss 0.10969  accuracy=0.9630  balanced_accuracy=0.9633  mcc=0.9266  roc_auc=0.9924
  delta    loss +0.02656  accuracy=-0.0110  balanced_accuracy=-0.0109  mcc=-0.0216  roc_auc=-0.0026
  saved -> results/url_unique/attack/abl_rows016_none_it100
