[capgd] context_5000.csv (5000x63) -> test_attack_1000.csv (1000)
  poison 16 rows 0..15  eps=0.5->0.4750  steps=100  constraints=full  scaler=metadata  ne=1  simple=True  obj=maximize  cuda:1
  mutable 63/63  int 58  cat 0  real 5
  stats frozen on 4984 clean rows: column_selection_mask(31, 2)  feature_means(31, 2)  scaler_mean(31, 2)  scaler_std(31, 2)  ng_non_constant_mask(31, 2)  ng_num_used_features(31, 1)
  clean loss 0.08343   accuracy=0.9720  balanced_accuracy=0.9721  mcc=0.9440  roc_auc=0.9947
  iter    0  loss 0.08343  best 0.08343  step 0.9500
  iter    1  loss 0.08657  best 0.08657  step 0.9500  *
  iter    2  loss 0.08511  best 0.08657  step 0.9500
  iter    3  loss 0.08791  best 0.08791  step 0.9500  *
  iter    4  loss 0.08558  best 0.08791  step 0.9500
  iter    5  loss 0.08701  best 0.08791  step 0.9500
  iter    6  loss 0.08677  best 0.08791  step 0.9500
  iter    7  loss 0.08715  best 0.08791  step 0.9500
  iter    8  loss 0.08901  best 0.08901  step 0.9500  *
  iter    9  loss 0.08988  best 0.08988  step 0.9500  *
  iter   10  loss 0.08623  best 0.08988  step 0.9500
  iter   11  loss 0.08779  best 0.08988  step 0.9500
  iter   12  loss 0.08474  best 0.08988  step 0.9500
  iter   13  loss 0.08841  best 0.08988  step 0.9500
  iter   14  loss 0.08773  best 0.08988  step 0.9500
  iter   15  loss 0.08803  best 0.08988  step 0.9500
  iter   16  loss 0.08665  best 0.08988  step 0.9500
  iter   17  loss 0.08804  best 0.08988  step 0.9500
  iter   18  loss 0.08766  best 0.08988  step 0.9500
  iter   19  loss 0.08918  best 0.08988  step 0.9500
  iter   20  loss 0.08494  best 0.08988  step 0.9500
  iter   21  loss 0.08747  best 0.08988  step 0.9500
  iter   22  loss 0.08776  best 0.08988  step 0.4750  halved
  iter   23  loss 0.08596  best 0.08988  step 0.4750
  iter   24  loss 0.08889  best 0.08988  step 0.4750
  iter   25  loss 0.08485  best 0.08988  step 0.4750
  iter   26  loss 0.08909  best 0.08988  step 0.4750
  iter   27  loss 0.08784  best 0.08988  step 0.4750
  iter   28  loss 0.08868  best 0.08988  step 0.4750
  iter   29  loss 0.08678  best 0.08988  step 0.4750
  iter   30  loss 0.08668  best 0.08988  step 0.4750
  iter   31  loss 0.08637  best 0.08988  step 0.4750
  iter   32  loss 0.08745  best 0.08988  step 0.4750
  iter   33  loss 0.08844  best 0.08988  step 0.4750
  iter   34  loss 0.08815  best 0.08988  step 0.4750
  iter   35  loss 0.08642  best 0.08988  step 0.4750
  iter   36  loss 0.08704  best 0.08988  step 0.4750
  iter   37  loss 0.08734  best 0.08988  step 0.4750
  iter   38  loss 0.08860  best 0.08988  step 0.4750
  iter   39  loss 0.08747  best 0.08988  step 0.4750
  iter   40  loss 0.08622  best 0.08988  step 0.4750
  iter   41  loss 0.08834  best 0.08988  step 0.2375  halved
  iter   42  loss 0.08867  best 0.08988  step 0.2375
  iter   43  loss 0.08846  best 0.08988  step 0.2375
  iter   44  loss 0.08880  best 0.08988  step 0.2375
  iter   45  loss 0.08864  best 0.08988  step 0.2375
  iter   46  loss 0.08769  best 0.08988  step 0.2375
  iter   47  loss 0.09000  best 0.09000  step 0.2375  *
  iter   48  loss 0.08990  best 0.09000  step 0.2375
  iter   49  loss 0.08886  best 0.09000  step 0.2375
  iter   50  loss 0.08912  best 0.09000  step 0.2375
  iter   51  loss 0.08734  best 0.09000  step 0.2375
  iter   52  loss 0.08888  best 0.09000  step 0.2375
  iter   53  loss 0.09040  best 0.09040  step 0.2375  *
  iter   54  loss 0.09060  best 0.09060  step 0.2375  *
  iter   55  loss 0.09064  best 0.09064  step 0.2375  *
  iter   56  loss 0.09013  best 0.09064  step 0.2375
  iter   57  loss 0.08983  best 0.09064  step 0.1188  halved
  iter   58  loss 0.09259  best 0.09259  step 0.1188  *
  iter   59  loss 0.09102  best 0.09259  step 0.1188
  iter   60  loss 0.09124  best 0.09259  step 0.1188
  iter   61  loss 0.09344  best 0.09344  step 0.1188  *
  iter   62  loss 0.09284  best 0.09344  step 0.1188
  iter   63  loss 0.09279  best 0.09344  step 0.1188
  iter   64  loss 0.09018  best 0.09344  step 0.1188
  iter   65  loss 0.09189  best 0.09344  step 0.1188
  iter   66  loss 0.08992  best 0.09344  step 0.1188
  iter   67  loss 0.09119  best 0.09344  step 0.1188
  iter   68  loss 0.09059  best 0.09344  step 0.1188
  iter   69  loss 0.08992  best 0.09344  step 0.1188
  iter   70  loss 0.09272  best 0.09344  step 0.0594  halved
  iter   71  loss 0.09410  best 0.09410  step 0.0594  *
  iter   72  loss 0.09122  best 0.09410  step 0.0594
  iter   73  loss 0.09369  best 0.09410  step 0.0594
  iter   74  loss 0.09208  best 0.09410  step 0.0594
  iter   75  loss 0.09423  best 0.09423  step 0.0594  *
  iter   76  loss 0.09368  best 0.09423  step 0.0594
  iter   77  loss 0.09452  best 0.09452  step 0.0594  *
  iter   78  loss 0.09472  best 0.09472  step 0.0594  *
  iter   79  loss 0.09548  best 0.09548  step 0.0594  *
  iter   80  loss 0.09284  best 0.09548  step 0.0297  halved
  iter   81  loss 0.09584  best 0.09584  step 0.0297  *
  iter   82  loss 0.09732  best 0.09732  step 0.0297  *
  iter   83  loss 0.09734  best 0.09734  step 0.0297  *
  iter   84  loss 0.09644  best 0.09734  step 0.0297
  iter   85  loss 0.09755  best 0.09755  step 0.0297  *
  iter   86  loss 0.09508  best 0.09755  step 0.0297
  iter   87  loss 0.09835  best 0.09835  step 0.0148  *  halved
  iter   88  loss 0.09958  best 0.09958  step 0.0148  *
  iter   89  loss 0.09915  best 0.09958  step 0.0148
  iter   90  loss 0.09966  best 0.09966  step 0.0148  *
  iter   91  loss 0.10004  best 0.10004  step 0.0148  *
  iter   92  loss 0.10045  best 0.10045  step 0.0148  *
  iter   93  loss 0.10032  best 0.10045  step 0.0074  halved
  iter   94  loss 0.10114  best 0.10114  step 0.0074  *
  iter   95  loss 0.10142  best 0.10142  step 0.0074  *
  iter   96  loss 0.10192  best 0.10192  step 0.0074  *
  iter   97  loss 0.10228  best 0.10228  step 0.0074  *
  iter   98  loss 0.10255  best 0.10255  step 0.0074  *
  iter   99  loss 0.10262  best 0.10262  step 0.0074  *
  iter  100  loss 0.10324  best 0.10324  step 0.0074  *
  repair (fix_types/fix_immutable): loss 0.10324 -> 0.08788

  clean    loss 0.08343  accuracy=0.9720  balanced_accuracy=0.9721  mcc=0.9440  roc_auc=0.9947
  poisoned loss 0.08788  accuracy=0.9720  balanced_accuracy=0.9721  mcc=0.9441  roc_auc=0.9942
  delta    loss +0.00445  accuracy=+0.0000  balanced_accuracy=+0.0000  mcc=+0.0000  roc_auc=-0.0005
  459/63 features moved, max |delta| 0.475 (scaled)  [222s]
  poisoned row (largest scaled moves, label y=0):
    ratio_digits_url                                   0.0000 ->         0.3417   (+0.472 scaled)
    avg_word_path                                      4.5000 ->       122.4896   (+0.472 scaled)
    shortest_word_host                                 3.0000 ->        20.0000   (+0.447 scaled)
    nb_space                                           0.0000 ->         8.0000   (+0.444 scaled)
    length_words_raw                                   4.0000 ->        50.0000   (+0.438 scaled)
    nb_percent                                         0.0000 ->        40.0000   (+0.417 scaled)
    avg_word_host                                      7.0000 ->        22.2861   (+0.402 scaled)
    domain_age                                        -1.0000 ->      5041.0000   (+0.391 scaled)

  -- deployed path (ordinary fit/predict_proba, stats refit) --
  clean    loss 0.08312  accuracy=0.9740  balanced_accuracy=0.9741  mcc=0.9481  roc_auc=0.9950
  poisoned loss 0.08525  accuracy=0.9710  balanced_accuracy=0.9711  mcc=0.9421  roc_auc=0.9948
  delta    loss +0.00213  accuracy=-0.0030  balanced_accuracy=-0.0030  mcc=-0.0060  roc_auc=-0.0002
  saved -> results/url_unique/attack/abl_rows016_full_it100
