[capgd] context_5000.csv (5000x108) -> test_attack_1000.csv (1000)
  poison rows [0]  eps=50.0->47.5000  steps=100  constraints=none  scaler=metadata  ne=1  simple=True  obj=maximize  cuda:1
  stats frozen on 4999 clean rows: column_selection_mask(53, 2)  feature_means(53, 2)  scaler_mean(53, 2)  scaler_std(53, 2)  ng_non_constant_mask(53, 2)  ng_num_used_features(53, 1)
  clean loss 0.21079   accuracy=0.9260  balanced_accuracy=0.6490  mcc=0.4351  roc_auc=0.8759
  iter    0  loss 0.21079  best 0.21079  step 95.0000
  iter    1  loss 0.20971  best 0.21079  step 95.0000
  iter    2  loss 0.21742  best 0.21742  step 95.0000  *
  iter    3  loss 0.21579  best 0.21742  step 95.0000
  iter    4  loss 0.21768  best 0.21768  step 95.0000  *
  iter    5  loss 0.21364  best 0.21768  step 95.0000
  iter    6  loss 0.21990  best 0.21990  step 95.0000  *
  iter    7  loss 0.21979  best 0.21990  step 95.0000
  iter    8  loss 0.21692  best 0.21990  step 95.0000
  iter    9  loss 0.21702  best 0.21990  step 95.0000
  iter   10  loss 0.21507  best 0.21990  step 95.0000
  iter   11  loss 0.21919  best 0.21990  step 95.0000
  iter   12  loss 0.21390  best 0.21990  step 95.0000
  iter   13  loss 0.21467  best 0.21990  step 95.0000
  iter   14  loss 0.21469  best 0.21990  step 95.0000
  iter   15  loss 0.21954  best 0.21990  step 95.0000
  iter   16  loss 0.21573  best 0.21990  step 95.0000
  iter   17  loss 0.21558  best 0.21990  step 95.0000
  iter   18  loss 0.21705  best 0.21990  step 95.0000
  iter   19  loss 0.21799  best 0.21990  step 95.0000
  iter   20  loss 0.21530  best 0.21990  step 95.0000
  iter   21  loss 0.21481  best 0.21990  step 95.0000
  iter   22  loss 0.21581  best 0.21990  step 47.5000  halved
  iter   23  loss 0.22213  best 0.22213  step 47.5000  *
  iter   24  loss 0.21424  best 0.22213  step 47.5000
  iter   25  loss 0.21600  best 0.22213  step 47.5000
  iter   26  loss 0.21259  best 0.22213  step 47.5000
  iter   27  loss 0.21580  best 0.22213  step 47.5000
  iter   28  loss 0.21776  best 0.22213  step 47.5000
  iter   29  loss 0.21562  best 0.22213  step 47.5000
  iter   30  loss 0.21707  best 0.22213  step 47.5000
  iter   31  loss 0.21463  best 0.22213  step 47.5000
  iter   32  loss 0.21443  best 0.22213  step 47.5000
  iter   33  loss 0.21509  best 0.22213  step 47.5000
  iter   34  loss 0.21314  best 0.22213  step 47.5000
  iter   35  loss 0.21834  best 0.22213  step 47.5000
  iter   36  loss 0.21247  best 0.22213  step 47.5000
  iter   37  loss 0.21352  best 0.22213  step 47.5000
  iter   38  loss 0.21572  best 0.22213  step 47.5000
  iter   39  loss 0.21614  best 0.22213  step 47.5000
  iter   40  loss 0.21394  best 0.22213  step 47.5000
  iter   41  loss 0.21577  best 0.22213  step 23.7500  halved
  iter   42  loss 0.21996  best 0.22213  step 23.7500
  iter   43  loss 0.22093  best 0.22213  step 23.7500
  iter   44  loss 0.21794  best 0.22213  step 23.7500
  iter   45  loss 0.22091  best 0.22213  step 23.7500
  iter   46  loss 0.22276  best 0.22276  step 23.7500  *
  iter   47  loss 0.21883  best 0.22276  step 23.7500
  iter   48  loss 0.21753  best 0.22276  step 23.7500
  iter   49  loss 0.21851  best 0.22276  step 23.7500
  iter   50  loss 0.21664  best 0.22276  step 23.7500
  iter   51  loss 0.21433  best 0.22276  step 23.7500
  iter   52  loss 0.21768  best 0.22276  step 23.7500
  iter   53  loss 0.21464  best 0.22276  step 23.7500
  iter   54  loss 0.21886  best 0.22276  step 23.7500
  iter   55  loss 0.21837  best 0.22276  step 23.7500
  iter   56  loss 0.22043  best 0.22276  step 23.7500
  iter   57  loss 0.22080  best 0.22276  step 11.8750  halved
  iter   58  loss 0.22292  best 0.22292  step 11.8750  *
  iter   59  loss 0.22466  best 0.22466  step 11.8750  *
  iter   60  loss 0.22683  best 0.22683  step 11.8750  *
  iter   61  loss 0.22513  best 0.22683  step 11.8750
  iter   62  loss 0.22669  best 0.22683  step 11.8750
  iter   63  loss 0.22502  best 0.22683  step 11.8750
  iter   64  loss 0.22573  best 0.22683  step 11.8750
  iter   65  loss 0.22622  best 0.22683  step 11.8750
  iter   66  loss 0.22635  best 0.22683  step 11.8750
  iter   67  loss 0.22495  best 0.22683  step 11.8750
  iter   68  loss 0.22706  best 0.22706  step 11.8750  *
  iter   69  loss 0.22558  best 0.22706  step 11.8750
  iter   70  loss 0.22713  best 0.22713  step 5.9375  *  halved
  iter   71  loss 0.22855  best 0.22855  step 5.9375  *
  iter   72  loss 0.22944  best 0.22944  step 5.9375  *
  iter   73  loss 0.22935  best 0.22944  step 5.9375
  iter   74  loss 0.22936  best 0.22944  step 5.9375
  iter   75  loss 0.22885  best 0.22944  step 5.9375
  iter   76  loss 0.23002  best 0.23002  step 5.9375  *
  iter   77  loss 0.22973  best 0.23002  step 5.9375
  iter   78  loss 0.22964  best 0.23002  step 5.9375
  iter   79  loss 0.22955  best 0.23002  step 5.9375
  iter   80  loss 0.22934  best 0.23002  step 2.9688  halved
  iter   81  loss 0.23040  best 0.23040  step 2.9688  *
  iter   82  loss 0.23081  best 0.23081  step 2.9688  *
  iter   83  loss 0.23091  best 0.23091  step 2.9688  *
  iter   84  loss 0.23138  best 0.23138  step 2.9688  *
  iter   85  loss 0.23142  best 0.23142  step 2.9688  *
  iter   86  loss 0.23129  best 0.23142  step 2.9688
  iter   87  loss 0.23144  best 0.23144  step 2.9688  *
  iter   88  loss 0.23178  best 0.23178  step 2.9688  *
  iter   89  loss 0.23180  best 0.23180  step 2.9688  *
  iter   90  loss 0.23145  best 0.23180  step 2.9688
  iter   91  loss 0.23205  best 0.23205  step 2.9688  *
  iter   92  loss 0.23173  best 0.23205  step 2.9688
  iter   93  loss 0.23189  best 0.23205  step 1.4844  halved
  iter   94  loss 0.23249  best 0.23249  step 1.4844  *
  iter   95  loss 0.23275  best 0.23275  step 1.4844  *
  iter   96  loss 0.23294  best 0.23294  step 1.4844  *
  iter   97  loss 0.23276  best 0.23294  step 1.4844
  iter   98  loss 0.23305  best 0.23305  step 1.4844  *
  iter   99  loss 0.23286  best 0.23305  step 0.7422  halved
  iter  100  loss 0.23311  best 0.23311  step 0.7422  *

  clean    loss 0.21079  accuracy=0.9260  balanced_accuracy=0.6490  mcc=0.4351  roc_auc=0.8759
  poisoned loss 0.23311  accuracy=0.9170  balanced_accuracy=0.6140  mcc=0.3456  roc_auc=0.8617
  delta    loss +0.02232  accuracy=-0.0090  balanced_accuracy=-0.0350  mcc=-0.0895  roc_auc=-0.0142
  106/108 features moved, max |delta| 47.500 (scaled)  [372s]
  poisoned row (largest scaled moves, label y=0):
    h1_temp_min                                       36.7000 ->       340.7000   (+47.500 scaled)
    ethnicity                                          1.0000 ->      -284.0000   (-47.500 scaled)
    intubated_apache                                   0.0000 ->       -47.5000   (-47.500 scaled)
    hospital_admit_source                              3.0000 ->      -709.5000   (-47.500 scaled)
    heart_rate_apache                                 90.0000 ->      7120.0000   (+47.500 scaled)
    gcs_verbal_apache                                  5.0000 ->       195.0000   (+47.500 scaled)
    glucose_apache                                   149.0000 ->    -26436.7500   (-47.500 scaled)
    hematocrit_apache                                 32.6000 ->      1704.6000   (+47.500 scaled)

  -- deployed path (ordinary fit/predict_proba, stats refit) --
  clean    loss 0.21171  accuracy=0.9290  balanced_accuracy=0.6606  mcc=0.4636  roc_auc=0.8761
  poisoned loss 0.22321  accuracy=0.9250  balanced_accuracy=0.6484  mcc=0.4284  roc_auc=0.8681
  delta    loss +0.01150  accuracy=-0.0040  balanced_accuracy=-0.0122  mcc=-0.0352  roc_auc=-0.0081
  saved -> results/wids/attack/p2_none_eps50_it100
