[capgd] context_5000.csv (5000x108) -> test_attack_1000.csv (1000)
  poison 8 rows 0..7  eps=0.5->0.4750  steps=100  constraints=none  scaler=metadata  ne=1  simple=True  obj=maximize  cuda:1
  stats frozen on 4992 clean rows: column_selection_mask(53, 2)  feature_means(53, 2)  scaler_mean(53, 2)  scaler_std(53, 2)  ng_non_constant_mask(53, 2)  ng_num_used_features(53, 1)
  clean loss 0.21079   accuracy=0.9260  balanced_accuracy=0.6490  mcc=0.4351  roc_auc=0.8759
  iter    0  loss 0.21079  best 0.21079  step 0.9500
  iter    1  loss 0.21118  best 0.21118  step 0.9500  *
  iter    2  loss 0.21217  best 0.21217  step 0.9500  *
  iter    3  loss 0.21175  best 0.21217  step 0.9500
  iter    4  loss 0.21208  best 0.21217  step 0.9500
  iter    5  loss 0.21246  best 0.21246  step 0.9500  *
  iter    6  loss 0.21192  best 0.21246  step 0.9500
  iter    7  loss 0.21237  best 0.21246  step 0.9500
  iter    8  loss 0.21158  best 0.21246  step 0.9500
  iter    9  loss 0.21193  best 0.21246  step 0.9500
  iter   10  loss 0.21202  best 0.21246  step 0.9500
  iter   11  loss 0.21184  best 0.21246  step 0.9500
  iter   12  loss 0.21248  best 0.21248  step 0.9500  *
  iter   13  loss 0.21229  best 0.21248  step 0.9500
  iter   14  loss 0.21132  best 0.21248  step 0.9500
  iter   15  loss 0.21171  best 0.21248  step 0.9500
  iter   16  loss 0.21204  best 0.21248  step 0.9500
  iter   17  loss 0.21239  best 0.21248  step 0.9500
  iter   18  loss 0.21291  best 0.21291  step 0.9500  *
  iter   19  loss 0.21261  best 0.21291  step 0.9500
  iter   20  loss 0.21214  best 0.21291  step 0.9500
  iter   21  loss 0.21182  best 0.21291  step 0.9500
  iter   22  loss 0.21279  best 0.21291  step 0.4750  halved
  iter   23  loss 0.21370  best 0.21370  step 0.4750  *
  iter   24  loss 0.21423  best 0.21423  step 0.4750  *
  iter   25  loss 0.21303  best 0.21423  step 0.4750
  iter   26  loss 0.21305  best 0.21423  step 0.4750
  iter   27  loss 0.21394  best 0.21423  step 0.4750
  iter   28  loss 0.21424  best 0.21424  step 0.4750  *
  iter   29  loss 0.21345  best 0.21424  step 0.4750
  iter   30  loss 0.21353  best 0.21424  step 0.4750
  iter   31  loss 0.21413  best 0.21424  step 0.4750
  iter   32  loss 0.21410  best 0.21424  step 0.4750
  iter   33  loss 0.21329  best 0.21424  step 0.4750
  iter   34  loss 0.21412  best 0.21424  step 0.4750
  iter   35  loss 0.21316  best 0.21424  step 0.4750
  iter   36  loss 0.21301  best 0.21424  step 0.4750
  iter   37  loss 0.21326  best 0.21424  step 0.4750
  iter   38  loss 0.21384  best 0.21424  step 0.4750
  iter   39  loss 0.21489  best 0.21489  step 0.4750  *
  iter   40  loss 0.21371  best 0.21489  step 0.4750
  iter   41  loss 0.21394  best 0.21489  step 0.2375  halved
  iter   42  loss 0.21627  best 0.21627  step 0.2375  *
  iter   43  loss 0.21506  best 0.21627  step 0.2375
  iter   44  loss 0.21582  best 0.21627  step 0.2375
  iter   45  loss 0.21598  best 0.21627  step 0.2375
  iter   46  loss 0.21652  best 0.21652  step 0.2375  *
  iter   47  loss 0.21534  best 0.21652  step 0.2375
  iter   48  loss 0.21708  best 0.21708  step 0.2375  *
  iter   49  loss 0.21584  best 0.21708  step 0.2375
  iter   50  loss 0.21553  best 0.21708  step 0.2375
  iter   51  loss 0.21585  best 0.21708  step 0.2375
  iter   52  loss 0.21664  best 0.21708  step 0.2375
  iter   53  loss 0.21662  best 0.21708  step 0.2375
  iter   54  loss 0.21638  best 0.21708  step 0.2375
  iter   55  loss 0.21623  best 0.21708  step 0.2375
  iter   56  loss 0.21664  best 0.21708  step 0.2375
  iter   57  loss 0.21504  best 0.21708  step 0.1187  halved
  iter   58  loss 0.21689  best 0.21708  step 0.1187
  iter   59  loss 0.21776  best 0.21776  step 0.1187  *
  iter   60  loss 0.21780  best 0.21780  step 0.1187  *
  iter   61  loss 0.21850  best 0.21850  step 0.1187  *
  iter   62  loss 0.21805  best 0.21850  step 0.1187
  iter   63  loss 0.21848  best 0.21850  step 0.1187
  iter   64  loss 0.21917  best 0.21917  step 0.1187  *
  iter   65  loss 0.21862  best 0.21917  step 0.1187
  iter   66  loss 0.21888  best 0.21917  step 0.1187
  iter   67  loss 0.21931  best 0.21931  step 0.1187  *
  iter   68  loss 0.21887  best 0.21931  step 0.1187
  iter   69  loss 0.21967  best 0.21967  step 0.1187  *
  iter   70  loss 0.21896  best 0.21967  step 0.0594  halved
  iter   71  loss 0.22100  best 0.22100  step 0.0594  *
  iter   72  loss 0.22024  best 0.22100  step 0.0594
  iter   73  loss 0.22076  best 0.22100  step 0.0594
  iter   74  loss 0.22067  best 0.22100  step 0.0594
  iter   75  loss 0.22018  best 0.22100  step 0.0594
  iter   76  loss 0.22150  best 0.22150  step 0.0594  *
  iter   77  loss 0.22175  best 0.22175  step 0.0594  *
  iter   78  loss 0.22197  best 0.22197  step 0.0594  *
  iter   79  loss 0.22193  best 0.22197  step 0.0594
  iter   80  loss 0.22098  best 0.22197  step 0.0297  halved
  iter   81  loss 0.22318  best 0.22318  step 0.0297  *
  iter   82  loss 0.22306  best 0.22318  step 0.0297
  iter   83  loss 0.22332  best 0.22332  step 0.0297  *
  iter   84  loss 0.22364  best 0.22364  step 0.0297  *
  iter   85  loss 0.22328  best 0.22364  step 0.0297
  iter   86  loss 0.22399  best 0.22399  step 0.0297  *
  iter   87  loss 0.22445  best 0.22445  step 0.0148  *  halved
  iter   88  loss 0.22393  best 0.22445  step 0.0148
  iter   89  loss 0.22473  best 0.22473  step 0.0148  *
  iter   90  loss 0.22514  best 0.22514  step 0.0148  *
  iter   91  loss 0.22493  best 0.22514  step 0.0148
  iter   92  loss 0.22499  best 0.22514  step 0.0148
  iter   93  loss 0.22525  best 0.22525  step 0.0074  *  halved
  iter   94  loss 0.22562  best 0.22562  step 0.0074  *
  iter   95  loss 0.22554  best 0.22562  step 0.0074
  iter   96  loss 0.22583  best 0.22583  step 0.0074  *
  iter   97  loss 0.22555  best 0.22583  step 0.0074
  iter   98  loss 0.22609  best 0.22609  step 0.0074  *
  iter   99  loss 0.22623  best 0.22623  step 0.0037  *  halved
  iter  100  loss 0.22636  best 0.22636  step 0.0037  *

  clean    loss 0.21079  accuracy=0.9260  balanced_accuracy=0.6490  mcc=0.4351  roc_auc=0.8759
  poisoned loss 0.22636  accuracy=0.9280  balanced_accuracy=0.6551  mcc=0.4529  roc_auc=0.8621
  delta    loss +0.01556  accuracy=+0.0020  balanced_accuracy=+0.0061  mcc=+0.0178  roc_auc=-0.0138
  848/108 features moved, max |delta| 0.475 (scaled)  [373s]
  poisoned row (largest scaled moves, label y=0):
    h1_temp_min                                       36.7000 ->        33.6600   (-0.475 scaled)
    hematocrit_apache                                 32.6000 ->        49.3200   (+0.475 scaled)
    map_apache                                       139.0000 ->       215.0000   (+0.475 scaled)
    ethnicity                                          1.0000 ->         3.8500   (+0.475 scaled)
    d1_heartrate_min                                  53.0000 ->       -14.9250   (-0.475 scaled)
    d1_mbp_min                                        73.0000 ->        30.2500   (-0.475 scaled)
    wbc_apache                                         7.5000 ->        28.8275   (+0.475 scaled)
    icu_admit_source                                   1.0000 ->         3.3750   (+0.475 scaled)

  -- deployed path (ordinary fit/predict_proba, stats refit) --
  clean    loss 0.21171  accuracy=0.9290  balanced_accuracy=0.6606  mcc=0.4636  roc_auc=0.8761
  poisoned loss 0.22636  accuracy=0.9280  balanced_accuracy=0.6551  mcc=0.4529  roc_auc=0.8621
  delta    loss +0.01465  accuracy=-0.0010  balanced_accuracy=-0.0056  mcc=-0.0107  roc_auc=-0.0140
  saved -> results/wids/attack/abl_rows008_none_it100
