[capgd] context_5000.csv (5000x108) -> test_attack_1000.csv (1000)
  poison rows [0, 1]  eps=0.5->0.4750  steps=100  constraints=none  scaler=metadata  ne=1  simple=True  obj=maximize  cuda:1
  stats frozen on 4998 clean rows: column_selection_mask(53, 2)  feature_means(53, 2)  scaler_mean(53, 2)  scaler_std(53, 2)  ng_non_constant_mask(53, 2)  ng_num_used_features(53, 1)
  clean loss 0.21079   accuracy=0.9260  balanced_accuracy=0.6490  mcc=0.4351  roc_auc=0.8759
  iter    0  loss 0.21079  best 0.21079  step 0.9500
  iter    1  loss 0.21113  best 0.21113  step 0.9500  *
  iter    2  loss 0.21148  best 0.21148  step 0.9500  *
  iter    3  loss 0.21148  best 0.21148  step 0.9500  *
  iter    4  loss 0.21180  best 0.21180  step 0.9500  *
  iter    5  loss 0.21123  best 0.21180  step 0.9500
  iter    6  loss 0.21115  best 0.21180  step 0.9500
  iter    7  loss 0.21209  best 0.21209  step 0.9500  *
  iter    8  loss 0.21103  best 0.21209  step 0.9500
  iter    9  loss 0.21154  best 0.21209  step 0.9500
  iter   10  loss 0.21151  best 0.21209  step 0.9500
  iter   11  loss 0.21131  best 0.21209  step 0.9500
  iter   12  loss 0.21148  best 0.21209  step 0.9500
  iter   13  loss 0.21165  best 0.21209  step 0.9500
  iter   14  loss 0.21098  best 0.21209  step 0.9500
  iter   15  loss 0.21172  best 0.21209  step 0.9500
  iter   16  loss 0.21165  best 0.21209  step 0.9500
  iter   17  loss 0.21114  best 0.21209  step 0.9500
  iter   18  loss 0.21080  best 0.21209  step 0.9500
  iter   19  loss 0.21115  best 0.21209  step 0.9500
  iter   20  loss 0.21079  best 0.21209  step 0.9500
  iter   21  loss 0.21151  best 0.21209  step 0.9500
  iter   22  loss 0.21165  best 0.21209  step 0.4750  halved
  iter   23  loss 0.21212  best 0.21212  step 0.4750  *
  iter   24  loss 0.21246  best 0.21246  step 0.4750  *
  iter   25  loss 0.21211  best 0.21246  step 0.4750
  iter   26  loss 0.21251  best 0.21251  step 0.4750  *
  iter   27  loss 0.21195  best 0.21251  step 0.4750
  iter   28  loss 0.21217  best 0.21251  step 0.4750
  iter   29  loss 0.21246  best 0.21251  step 0.4750
  iter   30  loss 0.21213  best 0.21251  step 0.4750
  iter   31  loss 0.21199  best 0.21251  step 0.4750
  iter   32  loss 0.21153  best 0.21251  step 0.4750
  iter   33  loss 0.21190  best 0.21251  step 0.4750
  iter   34  loss 0.21136  best 0.21251  step 0.4750
  iter   35  loss 0.21144  best 0.21251  step 0.4750
  iter   36  loss 0.21213  best 0.21251  step 0.4750
  iter   37  loss 0.21171  best 0.21251  step 0.4750
  iter   38  loss 0.21194  best 0.21251  step 0.4750
  iter   39  loss 0.21232  best 0.21251  step 0.4750
  iter   40  loss 0.21206  best 0.21251  step 0.4750
  iter   41  loss 0.21177  best 0.21251  step 0.2375  halved
  iter   42  loss 0.21211  best 0.21251  step 0.2375
  iter   43  loss 0.21276  best 0.21276  step 0.2375  *
  iter   44  loss 0.21284  best 0.21284  step 0.2375  *
  iter   45  loss 0.21269  best 0.21284  step 0.2375
  iter   46  loss 0.21291  best 0.21291  step 0.2375  *
  iter   47  loss 0.21310  best 0.21310  step 0.2375  *
  iter   48  loss 0.21277  best 0.21310  step 0.2375
  iter   49  loss 0.21284  best 0.21310  step 0.2375
  iter   50  loss 0.21304  best 0.21310  step 0.2375
  iter   51  loss 0.21307  best 0.21310  step 0.2375
  iter   52  loss 0.21306  best 0.21310  step 0.2375
  iter   53  loss 0.21324  best 0.21324  step 0.2375  *
  iter   54  loss 0.21306  best 0.21324  step 0.2375
  iter   55  loss 0.21343  best 0.21343  step 0.2375  *
  iter   56  loss 0.21304  best 0.21343  step 0.2375
  iter   57  loss 0.21275  best 0.21343  step 0.1187  halved
  iter   58  loss 0.21384  best 0.21384  step 0.1187  *
  iter   59  loss 0.21360  best 0.21384  step 0.1187
  iter   60  loss 0.21364  best 0.21384  step 0.1187
  iter   61  loss 0.21417  best 0.21417  step 0.1187  *
  iter   62  loss 0.21395  best 0.21417  step 0.1187
  iter   63  loss 0.21420  best 0.21420  step 0.1187  *
  iter   64  loss 0.21427  best 0.21427  step 0.1187  *
  iter   65  loss 0.21421  best 0.21427  step 0.1187
  iter   66  loss 0.21393  best 0.21427  step 0.1187
  iter   67  loss 0.21454  best 0.21454  step 0.1187  *
  iter   68  loss 0.21340  best 0.21454  step 0.1187
  iter   69  loss 0.21429  best 0.21454  step 0.1187
  iter   70  loss 0.21446  best 0.21454  step 0.0594  halved
  iter   71  loss 0.21460  best 0.21460  step 0.0594  *
  iter   72  loss 0.21449  best 0.21460  step 0.0594
  iter   73  loss 0.21387  best 0.21460  step 0.0594
  iter   74  loss 0.21458  best 0.21460  step 0.0594
  iter   75  loss 0.21470  best 0.21470  step 0.0594  *
  iter   76  loss 0.21520  best 0.21520  step 0.0594  *
  iter   77  loss 0.21377  best 0.21520  step 0.0594
  iter   78  loss 0.21500  best 0.21520  step 0.0594
  iter   79  loss 0.21494  best 0.21520  step 0.0594
  iter   80  loss 0.21501  best 0.21520  step 0.0297  halved
  iter   81  loss 0.21423  best 0.21520  step 0.0297
  iter   82  loss 0.21495  best 0.21520  step 0.0297
  iter   83  loss 0.21505  best 0.21520  step 0.0297
  iter   84  loss 0.21509  best 0.21520  step 0.0297
  iter   85  loss 0.21536  best 0.21536  step 0.0297  *
  iter   86  loss 0.21506  best 0.21536  step 0.0297
  iter   87  loss 0.21514  best 0.21536  step 0.0148  halved
  iter   88  loss 0.21548  best 0.21548  step 0.0148  *
  iter   89  loss 0.21552  best 0.21552  step 0.0148  *
  iter   90  loss 0.21503  best 0.21552  step 0.0148
  iter   91  loss 0.21543  best 0.21552  step 0.0148
  iter   92  loss 0.21519  best 0.21552  step 0.0148
  iter   93  loss 0.21544  best 0.21552  step 0.0074  halved
  iter   94  loss 0.21523  best 0.21552  step 0.0074
  iter   95  loss 0.21544  best 0.21552  step 0.0074
  iter   96  loss 0.21553  best 0.21553  step 0.0074  *
  iter   97  loss 0.21558  best 0.21558  step 0.0074  *
  iter   98  loss 0.21562  best 0.21562  step 0.0074  *
  iter   99  loss 0.21559  best 0.21562  step 0.0037  halved
  iter  100  loss 0.21563  best 0.21563  step 0.0037  *

  clean    loss 0.21079  accuracy=0.9260  balanced_accuracy=0.6490  mcc=0.4351  roc_auc=0.8759
  poisoned loss 0.21563  accuracy=0.9270  balanced_accuracy=0.6545  mcc=0.4460  roc_auc=0.8711
  delta    loss +0.00484  accuracy=+0.0010  balanced_accuracy=+0.0056  mcc=+0.0109  roc_auc=-0.0048
  212/108 features moved, max |delta| 0.475 (scaled)  [373s]
  poisoned row (largest scaled moves, label y=0):
    d1_sodium_min                                    134.0000 ->       151.1000   (+0.475 scaled)
    d1_spo2_min                                       90.0000 ->       137.5000   (+0.475 scaled)
    d1_heartrate_min                                  53.0000 ->       -14.9250   (-0.475 scaled)
    ventilated_apache                                  0.0000 ->         0.4744   (+0.474 scaled)
    d1_hematocrit_max                                 32.6000 ->        47.3536   (+0.474 scaled)
    apache_4a_hospital_death_prob                      0.0100 ->        -0.9291   (-0.474 scaled)
    hematocrit_apache                                 32.6000 ->        49.2581   (+0.473 scaled)
    d1_bun_max                                        14.0000 ->        71.3207   (+0.470 scaled)

  -- deployed path (ordinary fit/predict_proba, stats refit) --
  clean    loss 0.21171  accuracy=0.9290  balanced_accuracy=0.6606  mcc=0.4636  roc_auc=0.8761
  poisoned loss 0.21563  accuracy=0.9270  balanced_accuracy=0.6545  mcc=0.4460  roc_auc=0.8711
  delta    loss +0.00392  accuracy=-0.0020  balanced_accuracy=-0.0061  mcc=-0.0176  roc_auc=-0.0050
  saved -> results/wids/attack/abl_rows002_none_it100
