[capgd] context_5000.csv (5000x108) -> test_attack_1000.csv (1000)
  poison rows [0]  eps=0.5->0.4750  steps=10  constraints=none  scaler=metadata  ne=1  simple=True  obj=maximize  cuda:1
  stats frozen on 4999 clean rows: column_selection_mask(53, 2)  feature_means(53, 2)  scaler_mean(53, 2)  scaler_std(53, 2)  ng_non_constant_mask(53, 2)  ng_num_used_features(53, 1)
  clean loss 0.21079   accuracy=0.9260  balanced_accuracy=0.6490  mcc=0.4351  roc_auc=0.8759
  iter    0  loss 0.21079  best 0.21079  step 0.9500
  iter    1  loss 0.21063  best 0.21079  step 0.9500
  iter    2  loss 0.21080  best 0.21080  step 0.9500  *
  iter    3  loss 0.21088  best 0.21088  step 0.9500  *
  iter    4  loss 0.21077  best 0.21088  step 0.4750  halved
  iter    5  loss 0.21099  best 0.21099  step 0.4750  *
  iter    6  loss 0.21107  best 0.21107  step 0.4750  *
  iter    7  loss 0.21131  best 0.21131  step 0.4750  *
  iter    8  loss 0.21104  best 0.21131  step 0.2375  halved
  iter    9  loss 0.21135  best 0.21135  step 0.2375  *
  iter   10  loss 0.21154  best 0.21154  step 0.2375  *

  clean    loss 0.21079  accuracy=0.9260  balanced_accuracy=0.6490  mcc=0.4351  roc_auc=0.8759
  poisoned loss 0.21154  accuracy=0.9270  balanced_accuracy=0.6545  mcc=0.4460  roc_auc=0.8748
  delta    loss +0.00075  accuracy=+0.0010  balanced_accuracy=+0.0056  mcc=+0.0109  roc_auc=-0.0011
  106/108 features moved, max |delta| 0.475 (scaled)  [42s]
  poisoned row (largest scaled moves, label y=0):
    d1_sodium_min                                    134.0000 ->       151.1000   (+0.475 scaled)
    sodium_apache                                    134.0000 ->       153.4750   (+0.475 scaled)
    h1_temp_min                                       36.7000 ->        33.6600   (-0.475 scaled)
    temp_apache                                       36.7000 ->        33.0900   (-0.475 scaled)
    d1_hematocrit_min                                 32.6000 ->        48.7025   (+0.475 scaled)
    hematocrit_apache                                 32.6000 ->        49.3200   (+0.475 scaled)
    icu_stay_type                                      1.0000 ->         1.9500   (+0.475 scaled)
    gcs_verbal_apache                                  5.0000 ->         3.1000   (-0.475 scaled)

  -- deployed path (ordinary fit/predict_proba, stats refit) --
  clean    loss 0.21171  accuracy=0.9290  balanced_accuracy=0.6606  mcc=0.4636  roc_auc=0.8761
  poisoned loss 0.21160  accuracy=0.9280  balanced_accuracy=0.6601  mcc=0.4568  roc_auc=0.8770
  delta    loss -0.00011  accuracy=-0.0010  balanced_accuracy=-0.0005  mcc=-0.0069  roc_auc=+0.0008
  saved -> results/wids/attack/p1_none
