[capgd] context_5000.csv (5000x108) -> test_attack_1000.csv (1000)
  poison 16 rows 0..15  eps=0.5->0.4750  steps=100  constraints=full  scaler=metadata  ne=1  simple=True  obj=maximize  cuda:1
  mutable 108/108  int 60  cat 9  real 39
  stats frozen on 4984 clean rows: column_selection_mask(53, 2)  feature_means(53, 2)  scaler_mean(53, 2)  scaler_std(53, 2)  ng_non_constant_mask(53, 2)  ng_num_used_features(53, 1)
  clean loss 0.21079   accuracy=0.9260  balanced_accuracy=0.6490  mcc=0.4351  roc_auc=0.8759
  iter    0  loss 0.21079  best 0.21079  step 0.9500
  iter    1  loss 0.21420  best 0.21420  step 0.9500  *
  iter    2  loss 0.21406  best 0.21420  step 0.9500
  iter    3  loss 0.21556  best 0.21556  step 0.9500  *
  iter    4  loss 0.21378  best 0.21556  step 0.9500
  iter    5  loss 0.21446  best 0.21556  step 0.9500
  iter    6  loss 0.21447  best 0.21556  step 0.9500
  iter    7  loss 0.21346  best 0.21556  step 0.9500
  iter    8  loss 0.21520  best 0.21556  step 0.9500
  iter    9  loss 0.21578  best 0.21578  step 0.9500  *
  iter   10  loss 0.21470  best 0.21578  step 0.9500
  iter   11  loss 0.21576  best 0.21578  step 0.9500
  iter   12  loss 0.21563  best 0.21578  step 0.9500
  iter   13  loss 0.21417  best 0.21578  step 0.9500
  iter   14  loss 0.21535  best 0.21578  step 0.9500
  iter   15  loss 0.21458  best 0.21578  step 0.9500
  iter   16  loss 0.21459  best 0.21578  step 0.9500
  iter   17  loss 0.21520  best 0.21578  step 0.9500
  iter   18  loss 0.21341  best 0.21578  step 0.9500
  iter   19  loss 0.21395  best 0.21578  step 0.9500
  iter   20  loss 0.21388  best 0.21578  step 0.9500
  iter   21  loss 0.21607  best 0.21607  step 0.9500  *
  iter   22  loss 0.21418  best 0.21607  step 0.4750  halved
  iter   23  loss 0.21498  best 0.21607  step 0.4750
  iter   24  loss 0.21730  best 0.21730  step 0.4750  *
  iter   25  loss 0.21449  best 0.21730  step 0.4750
  iter   26  loss 0.21568  best 0.21730  step 0.4750
  iter   27  loss 0.21610  best 0.21730  step 0.4750
  iter   28  loss 0.21652  best 0.21730  step 0.4750
  iter   29  loss 0.21568  best 0.21730  step 0.4750
  iter   30  loss 0.21716  best 0.21730  step 0.4750
  iter   31  loss 0.21746  best 0.21746  step 0.4750  *
  iter   32  loss 0.21639  best 0.21746  step 0.4750
  iter   33  loss 0.21566  best 0.21746  step 0.4750
  iter   34  loss 0.21623  best 0.21746  step 0.4750
  iter   35  loss 0.21706  best 0.21746  step 0.4750
  iter   36  loss 0.21825  best 0.21825  step 0.4750  *
  iter   37  loss 0.21896  best 0.21896  step 0.4750  *
  iter   38  loss 0.21674  best 0.21896  step 0.4750
  iter   39  loss 0.21599  best 0.21896  step 0.4750
  iter   40  loss 0.21671  best 0.21896  step 0.4750
  iter   41  loss 0.21691  best 0.21896  step 0.2375  halved
  iter   42  loss 0.21914  best 0.21914  step 0.2375  *
  iter   43  loss 0.22003  best 0.22003  step 0.2375  *
  iter   44  loss 0.22081  best 0.22081  step 0.2375  *
  iter   45  loss 0.22024  best 0.22081  step 0.2375
  iter   46  loss 0.22197  best 0.22197  step 0.2375  *
  iter   47  loss 0.22015  best 0.22197  step 0.2375
  iter   48  loss 0.22033  best 0.22197  step 0.2375
  iter   49  loss 0.22172  best 0.22197  step 0.2375
  iter   50  loss 0.22075  best 0.22197  step 0.2375
  iter   51  loss 0.22040  best 0.22197  step 0.2375
  iter   52  loss 0.22158  best 0.22197  step 0.2375
  iter   53  loss 0.22156  best 0.22197  step 0.2375
  iter   54  loss 0.21977  best 0.22197  step 0.2375
  iter   55  loss 0.22111  best 0.22197  step 0.2375
  iter   56  loss 0.22067  best 0.22197  step 0.2375
  iter   57  loss 0.22047  best 0.22197  step 0.1187  halved
  iter   58  loss 0.22266  best 0.22266  step 0.1187  *
  iter   59  loss 0.22400  best 0.22400  step 0.1187  *
  iter   60  loss 0.22353  best 0.22400  step 0.1187
  iter   61  loss 0.22420  best 0.22420  step 0.1187  *
  iter   62  loss 0.22457  best 0.22457  step 0.1187  *
  iter   63  loss 0.22407  best 0.22457  step 0.1187
  iter   64  loss 0.22444  best 0.22457  step 0.1187
  iter   65  loss 0.22476  best 0.22476  step 0.1187  *
  iter   66  loss 0.22471  best 0.22476  step 0.1187
  iter   67  loss 0.22304  best 0.22476  step 0.1187
  iter   68  loss 0.22531  best 0.22531  step 0.1187  *
  iter   69  loss 0.22488  best 0.22531  step 0.1187
  iter   70  loss 0.22463  best 0.22531  step 0.0594  halved
  iter   71  loss 0.22697  best 0.22697  step 0.0594  *
  iter   72  loss 0.22664  best 0.22697  step 0.0594
  iter   73  loss 0.22622  best 0.22697  step 0.0594
  iter   74  loss 0.22806  best 0.22806  step 0.0594  *
  iter   75  loss 0.22835  best 0.22835  step 0.0594  *
  iter   76  loss 0.22647  best 0.22835  step 0.0594
  iter   77  loss 0.22782  best 0.22835  step 0.0594
  iter   78  loss 0.22863  best 0.22863  step 0.0594  *
  iter   79  loss 0.22860  best 0.22863  step 0.0594
  iter   80  loss 0.22960  best 0.22960  step 0.0297  *  halved
  iter   81  loss 0.23029  best 0.23029  step 0.0297  *
  iter   82  loss 0.23134  best 0.23134  step 0.0297  *
  iter   83  loss 0.23171  best 0.23171  step 0.0297  *
  iter   84  loss 0.23172  best 0.23172  step 0.0297  *
  iter   85  loss 0.23125  best 0.23172  step 0.0297
  iter   86  loss 0.23242  best 0.23242  step 0.0297  *
  iter   87  loss 0.23312  best 0.23312  step 0.0297  *
  iter   88  loss 0.23336  best 0.23336  step 0.0297  *
  iter   89  loss 0.23378  best 0.23378  step 0.0297  *
  iter   90  loss 0.23074  best 0.23378  step 0.0297
  iter   91  loss 0.23206  best 0.23378  step 0.0297
  iter   92  loss 0.23398  best 0.23398  step 0.0297  *
  iter   93  loss 0.23265  best 0.23398  step 0.0148  halved
  iter   94  loss 0.23473  best 0.23473  step 0.0148  *
  iter   95  loss 0.23374  best 0.23473  step 0.0148
  iter   96  loss 0.23525  best 0.23525  step 0.0148  *
  iter   97  loss 0.23516  best 0.23525  step 0.0148
  iter   98  loss 0.23588  best 0.23588  step 0.0148  *
  iter   99  loss 0.23674  best 0.23674  step 0.0074  *  halved
  iter  100  loss 0.23654  best 0.23674  step 0.0074
  repair (fix_types/fix_immutable): loss 0.23674 -> 0.23185

  clean    loss 0.21079  accuracy=0.9260  balanced_accuracy=0.6490  mcc=0.4351  roc_auc=0.8759
  poisoned loss 0.23185  accuracy=0.9220  balanced_accuracy=0.6418  mcc=0.4045  roc_auc=0.8582
  delta    loss +0.02106  accuracy=-0.0040  balanced_accuracy=-0.0072  mcc=-0.0306  roc_auc=-0.0177
  1411/108 features moved, max |delta| 0.500 (scaled)  [373s]
  poisoned row (largest scaled moves, label y=0):
    gender                                             2.0000 ->         3.0000   (+0.500 scaled)
    d1_diasbp_noninvasive_max                        108.0000 ->        52.0000   (-0.471 scaled)
    d1_spo2_min                                       90.0000 ->        43.0000   (-0.470 scaled)
    h1_temp_min                                       36.7000 ->        33.6956   (-0.469 scaled)
    d1_potassium_max                                   4.2000 ->         6.1716   (+0.469 scaled)
    d1_heartrate_min                                  53.0000 ->       120.0000   (+0.469 scaled)
    hospital_admit_source                              3.0000 ->        10.0000   (+0.467 scaled)
    d1_wbc_max                                         7.5000 ->        28.1217   (+0.459 scaled)

  -- deployed path (ordinary fit/predict_proba, stats refit) --
  clean    loss 0.21171  accuracy=0.9290  balanced_accuracy=0.6606  mcc=0.4636  roc_auc=0.8761
  poisoned loss 0.22337  accuracy=0.9270  balanced_accuracy=0.6545  mcc=0.4460  roc_auc=0.8709
  delta    loss +0.01166  accuracy=-0.0020  balanced_accuracy=-0.0061  mcc=-0.0176  roc_auc=-0.0052
  saved -> results/wids/attack/abl_rows016_full_it100
