[capgd] context_5000.csv (5000x108) -> test_attack_1000.csv (1000)
  poison rows [0]  eps=5.0->4.7500  steps=10  constraints=none  scaler=metadata  ne=1  simple=True  obj=maximize  cuda:1
  stats frozen on 4999 clean rows: column_selection_mask(53, 2)  feature_means(53, 2)  scaler_mean(53, 2)  scaler_std(53, 2)  ng_non_constant_mask(53, 2)  ng_num_used_features(53, 1)
  clean loss 0.21079   accuracy=0.9260  balanced_accuracy=0.6490  mcc=0.4351  roc_auc=0.8759
  iter    0  loss 0.21079  best 0.21079  step 9.5000
  iter    1  loss 0.21126  best 0.21126  step 9.5000  *
  iter    2  loss 0.21244  best 0.21244  step 9.5000  *
  iter    3  loss 0.21264  best 0.21264  step 9.5000  *
  iter    4  loss 0.21141  best 0.21264  step 4.7500  halved
  iter    5  loss 0.21195  best 0.21264  step 4.7500
  iter    6  loss 0.21192  best 0.21264  step 2.3750  halved
  iter    7  loss 0.21348  best 0.21348  step 2.3750  *
  iter    8  loss 0.21364  best 0.21364  step 2.3750  *
  iter    9  loss 0.21428  best 0.21428  step 2.3750  *
  iter   10  loss 0.21376  best 0.21428  step 1.1875  halved

  clean    loss 0.21079  accuracy=0.9260  balanced_accuracy=0.6490  mcc=0.4351  roc_auc=0.8759
  poisoned loss 0.21428  accuracy=0.9280  balanced_accuracy=0.6501  mcc=0.4492  roc_auc=0.8703
  delta    loss +0.00349  accuracy=+0.0020  balanced_accuracy=+0.0011  mcc=+0.0141  roc_auc=-0.0056
  106/108 features moved, max |delta| 4.750 (scaled)  [42s]
  poisoned row (largest scaled moves, label y=0):
    elective_surgery                                   0.0000 ->        -4.7500   (-4.750 scaled)
    height                                           180.3000 ->       -97.0525   (-4.750 scaled)
    icu_admit_source                                   1.0000 ->       -22.7500   (-4.750 scaled)
    icu_stay_type                                      1.0000 ->        10.5000   (+4.750 scaled)
    apache_2_diagnosis                               112.0000 ->      -871.2500   (-4.750 scaled)
    apache_3j_diagnosis                              107.0100 ->     -9868.1797   (-4.750 scaled)
    bun_apache                                        14.0000 ->      -570.2500   (-4.750 scaled)
    ventilated_apache                                  0.0000 ->         4.7500   (+4.750 scaled)

  -- deployed path (ordinary fit/predict_proba, stats refit) --
  clean    loss 0.21171  accuracy=0.9290  balanced_accuracy=0.6606  mcc=0.4636  roc_auc=0.8761
  poisoned loss 0.21247  accuracy=0.9290  balanced_accuracy=0.6606  mcc=0.4636  roc_auc=0.8758
  delta    loss +0.00076  accuracy=+0.0000  balanced_accuracy=+0.0000  mcc=+0.0000  roc_auc=-0.0003
  saved -> results/wids/attack/p1_none_eps5
