[capgd] context_5000.csv (5000x108) -> test_attack_1000.csv (1000)
  poison rows [0]  eps=0.5->0.4750  steps=10  constraints=full  scaler=metadata  ne=1  simple=True  obj=maximize  cuda:1
  mutable 108/108  int 60  cat 9  real 39
  stats frozen on 4999 clean rows: column_selection_mask(53, 2)  feature_means(53, 2)  scaler_mean(53, 2)  scaler_std(53, 2)  ng_non_constant_mask(53, 2)  ng_num_used_features(53, 1)
  clean loss 0.21079   accuracy=0.9260  balanced_accuracy=0.6490  mcc=0.4351  roc_auc=0.8759
  iter    0  loss 0.21079  best 0.21079  step 0.9500
  iter    1  loss 0.21062  best 0.21079  step 0.9500
  iter    2  loss 0.21097  best 0.21097  step 0.9500  *
  iter    3  loss 0.21098  best 0.21098  step 0.9500  *
  iter    4  loss 0.21084  best 0.21098  step 0.4750  halved
  iter    5  loss 0.21089  best 0.21098  step 0.4750
  iter    6  loss 0.21094  best 0.21098  step 0.2375  halved
  iter    7  loss 0.21114  best 0.21114  step 0.2375  *
  iter    8  loss 0.21127  best 0.21127  step 0.2375  *
  iter    9  loss 0.21133  best 0.21133  step 0.2375  *
  iter   10  loss 0.21146  best 0.21146  step 0.2375  *
  repair (fix_types/fix_immutable): loss 0.21146 -> 0.21139

  clean    loss 0.21079  accuracy=0.9260  balanced_accuracy=0.6490  mcc=0.4351  roc_auc=0.8759
  poisoned loss 0.21139  accuracy=0.9270  balanced_accuracy=0.6545  mcc=0.4460  roc_auc=0.8749
  delta    loss +0.00060  accuracy=+0.0010  balanced_accuracy=+0.0056  mcc=+0.0109  roc_auc=-0.0010
  88/108 features moved, max |delta| 0.500 (scaled)  [42s]
  poisoned row (largest scaled moves, label y=0):
    gender                                             2.0000 ->         1.0000   (-0.500 scaled)
    icu_stay_type                                      1.0000 ->         2.0000   (+0.500 scaled)
    d1_sodium_min                                    134.0000 ->       151.1000   (+0.475 scaled)
    temp_apache                                       36.7000 ->        33.0900   (-0.475 scaled)
    d1_hematocrit_min                                 32.6000 ->        48.7025   (+0.475 scaled)
    d1_hemaglobin_min                                 10.8000 ->        16.2150   (+0.475 scaled)
    d1_potassium_max                                   4.2000 ->         6.1950   (+0.475 scaled)
    hematocrit_apache                                 32.6000 ->        49.3200   (+0.475 scaled)

  -- deployed path (ordinary fit/predict_proba, stats refit) --
  clean    loss 0.21171  accuracy=0.9290  balanced_accuracy=0.6606  mcc=0.4636  roc_auc=0.8761
  poisoned loss 0.21205  accuracy=0.9290  balanced_accuracy=0.6606  mcc=0.4636  roc_auc=0.8760
  delta    loss +0.00034  accuracy=+0.0000  balanced_accuracy=+0.0000  mcc=+0.0000  roc_auc=-0.0001
  saved -> results/wids/attack/p1_full
