[capgd] context_5000.csv (5000x108) -> test_attack_1000.csv (1000)
  poison rows [0, 1, 2, 3]  eps=0.5->0.4750  steps=100  constraints=none  scaler=metadata  ne=1  simple=True  obj=maximize  cuda:1
  stats frozen on 4996 clean rows: column_selection_mask(53, 2)  feature_means(53, 2)  scaler_mean(53, 2)  scaler_std(53, 2)  ng_non_constant_mask(53, 2)  ng_num_used_features(53, 1)
  clean loss 0.21079   accuracy=0.9260  balanced_accuracy=0.6490  mcc=0.4351  roc_auc=0.8759
  iter    0  loss 0.21079  best 0.21079  step 0.9500
  iter    1  loss 0.21106  best 0.21106  step 0.9500  *
  iter    2  loss 0.21145  best 0.21145  step 0.9500  *
  iter    3  loss 0.21164  best 0.21164  step 0.9500  *
  iter    4  loss 0.21180  best 0.21180  step 0.9500  *
  iter    5  loss 0.21138  best 0.21180  step 0.9500
  iter    6  loss 0.21195  best 0.21195  step 0.9500  *
  iter    7  loss 0.21186  best 0.21195  step 0.9500
  iter    8  loss 0.21164  best 0.21195  step 0.9500
  iter    9  loss 0.21139  best 0.21195  step 0.9500
  iter   10  loss 0.21190  best 0.21195  step 0.9500
  iter   11  loss 0.21178  best 0.21195  step 0.9500
  iter   12  loss 0.21187  best 0.21195  step 0.9500
  iter   13  loss 0.21236  best 0.21236  step 0.9500  *
  iter   14  loss 0.21169  best 0.21236  step 0.9500
  iter   15  loss 0.21202  best 0.21236  step 0.9500
  iter   16  loss 0.21212  best 0.21236  step 0.9500
  iter   17  loss 0.21193  best 0.21236  step 0.9500
  iter   18  loss 0.21254  best 0.21254  step 0.9500  *
  iter   19  loss 0.21225  best 0.21254  step 0.9500
  iter   20  loss 0.21125  best 0.21254  step 0.9500
  iter   21  loss 0.21178  best 0.21254  step 0.9500
  iter   22  loss 0.21259  best 0.21259  step 0.4750  *  halved
  iter   23  loss 0.21303  best 0.21303  step 0.4750  *
  iter   24  loss 0.21206  best 0.21303  step 0.4750
  iter   25  loss 0.21291  best 0.21303  step 0.4750
  iter   26  loss 0.21234  best 0.21303  step 0.4750
  iter   27  loss 0.21303  best 0.21303  step 0.4750  *
  iter   28  loss 0.21286  best 0.21303  step 0.4750
  iter   29  loss 0.21333  best 0.21333  step 0.4750  *
  iter   30  loss 0.21336  best 0.21336  step 0.4750  *
  iter   31  loss 0.21304  best 0.21336  step 0.4750
  iter   32  loss 0.21312  best 0.21336  step 0.4750
  iter   33  loss 0.21283  best 0.21336  step 0.4750
  iter   34  loss 0.21280  best 0.21336  step 0.4750
  iter   35  loss 0.21274  best 0.21336  step 0.4750
  iter   36  loss 0.21347  best 0.21347  step 0.4750  *
  iter   37  loss 0.21313  best 0.21347  step 0.4750
  iter   38  loss 0.21295  best 0.21347  step 0.4750
  iter   39  loss 0.21283  best 0.21347  step 0.4750
  iter   40  loss 0.21317  best 0.21347  step 0.4750
  iter   41  loss 0.21328  best 0.21347  step 0.2375  halved
  iter   42  loss 0.21386  best 0.21386  step 0.2375  *
  iter   43  loss 0.21371  best 0.21386  step 0.2375
  iter   44  loss 0.21431  best 0.21431  step 0.2375  *
  iter   45  loss 0.21475  best 0.21475  step 0.2375  *
  iter   46  loss 0.21486  best 0.21486  step 0.2375  *
  iter   47  loss 0.21465  best 0.21486  step 0.2375
  iter   48  loss 0.21427  best 0.21486  step 0.2375
  iter   49  loss 0.21469  best 0.21486  step 0.2375
  iter   50  loss 0.21486  best 0.21486  step 0.2375
  iter   51  loss 0.21462  best 0.21486  step 0.2375
  iter   52  loss 0.21508  best 0.21508  step 0.2375  *
  iter   53  loss 0.21515  best 0.21515  step 0.2375  *
  iter   54  loss 0.21426  best 0.21515  step 0.2375
  iter   55  loss 0.21496  best 0.21515  step 0.2375
  iter   56  loss 0.21476  best 0.21515  step 0.2375
  iter   57  loss 0.21466  best 0.21515  step 0.1187  halved
  iter   58  loss 0.21536  best 0.21536  step 0.1187  *
  iter   59  loss 0.21576  best 0.21576  step 0.1187  *
  iter   60  loss 0.21598  best 0.21598  step 0.1187  *
  iter   61  loss 0.21627  best 0.21627  step 0.1187  *
  iter   62  loss 0.21581  best 0.21627  step 0.1187
  iter   63  loss 0.21650  best 0.21650  step 0.1187  *
  iter   64  loss 0.21669  best 0.21669  step 0.1187  *
  iter   65  loss 0.21620  best 0.21669  step 0.1187
  iter   66  loss 0.21692  best 0.21692  step 0.1187  *
  iter   67  loss 0.21723  best 0.21723  step 0.1187  *
  iter   68  loss 0.21746  best 0.21746  step 0.1187  *
  iter   69  loss 0.21523  best 0.21746  step 0.1187
  iter   70  loss 0.21563  best 0.21746  step 0.1187
  iter   71  loss 0.21713  best 0.21746  step 0.1187
  iter   72  loss 0.21672  best 0.21746  step 0.1187
  iter   73  loss 0.21683  best 0.21746  step 0.1187
  iter   74  loss 0.21624  best 0.21746  step 0.1187
  iter   75  loss 0.21699  best 0.21746  step 0.1187
  iter   76  loss 0.21644  best 0.21746  step 0.1187
  iter   77  loss 0.21703  best 0.21746  step 0.1187
  iter   78  loss 0.21675  best 0.21746  step 0.1187
  iter   79  loss 0.21545  best 0.21746  step 0.1187
  iter   80  loss 0.21644  best 0.21746  step 0.0594  halved
  iter   81  loss 0.21616  best 0.21746  step 0.0594
  iter   82  loss 0.21657  best 0.21746  step 0.0594
  iter   83  loss 0.21819  best 0.21819  step 0.0594  *
  iter   84  loss 0.21737  best 0.21819  step 0.0594
  iter   85  loss 0.21848  best 0.21848  step 0.0594  *
  iter   86  loss 0.21811  best 0.21848  step 0.0594
  iter   87  loss 0.21934  best 0.21934  step 0.0297  *  halved
  iter   88  loss 0.22004  best 0.22004  step 0.0297  *
  iter   89  loss 0.22023  best 0.22023  step 0.0297  *
  iter   90  loss 0.21928  best 0.22023  step 0.0297
  iter   91  loss 0.22001  best 0.22023  step 0.0297
  iter   92  loss 0.22051  best 0.22051  step 0.0297  *
  iter   93  loss 0.22092  best 0.22092  step 0.0297  *
  iter   94  loss 0.22022  best 0.22092  step 0.0297
  iter   95  loss 0.22104  best 0.22104  step 0.0297  *
  iter   96  loss 0.22054  best 0.22104  step 0.0297
  iter   97  loss 0.22079  best 0.22104  step 0.0297
  iter   98  loss 0.21923  best 0.22104  step 0.0297
  iter   99  loss 0.22044  best 0.22104  step 0.0148  halved
  iter  100  loss 0.22099  best 0.22104  step 0.0148

  clean    loss 0.21079  accuracy=0.9260  balanced_accuracy=0.6490  mcc=0.4351  roc_auc=0.8759
  poisoned loss 0.22104  accuracy=0.9250  balanced_accuracy=0.6484  mcc=0.4284  roc_auc=0.8671
  delta    loss +0.01024  accuracy=-0.0010  balanced_accuracy=-0.0005  mcc=-0.0067  roc_auc=-0.0088
  424/108 features moved, max |delta| 0.475 (scaled)  [373s]
  poisoned row (largest scaled moves, label y=0):
    gcs_verbal_apache                                  5.0000 ->         3.1000   (-0.475 scaled)
    h1_mbp_min                                        86.0000 ->        35.6500   (-0.475 scaled)
    d1_calcium_min                                     8.4000 ->         6.1200   (-0.475 scaled)
    intubated_apache                                   0.0000 ->        -0.4750   (-0.475 scaled)
    d1_mbp_max                                       139.0000 ->        80.1000   (-0.475 scaled)
    d1_mbp_noninvasive_min                            73.0000 ->        30.2500   (-0.475 scaled)
    apache_4a_hospital_death_prob                      0.0100 ->        -0.9305   (-0.475 scaled)
    icu_admit_source                                   1.0000 ->         3.3750   (+0.475 scaled)

  -- deployed path (ordinary fit/predict_proba, stats refit) --
  clean    loss 0.21171  accuracy=0.9290  balanced_accuracy=0.6606  mcc=0.4636  roc_auc=0.8761
  poisoned loss 0.22104  accuracy=0.9250  balanced_accuracy=0.6484  mcc=0.4284  roc_auc=0.8671
  delta    loss +0.00933  accuracy=-0.0040  balanced_accuracy=-0.0122  mcc=-0.0352  roc_auc=-0.0091
  saved -> results/wids/attack/abl_rows004_none_it100
