15:21:30 [x-capgd] datasets/lcld_v2/splits/selected/natural/context_5000.csv (5000x28) -> datasets/lcld_v2/splits/test_attack_1000.csv (1000 of 1000)  k=1500 (30.0%)  attack_class=None  grid 1x1  cuda:1
15:21:33   clean  ce=0.45462 auc=0.7155 acc=0.8060 f1=0.1339  max|dp| over 3 repeats=0.00e+00  chunking_exact=True  [1.8s]
15:21:33   constraints=full (9 relations, dataset 'lcld_v2')  scaler=metadata  mutable 14/28  int 10  cat 5
15:21:33   -- trial run0_sub0
15:21:34     iter   0  obj 0.45457  best 0.45457  step 0.9500
15:21:36     iter   1  obj 0.37820  best 0.45457  step 0.9500
15:21:37     iter   2  obj 0.39550  best 0.45457  step 0.9500
15:21:38     iter   3  obj 0.29981  best 0.45457  step 0.9500
15:21:39     iter   4  obj 0.22208  best 0.45457  step 0.9500
15:21:40     iter   5  obj 0.03035  best 0.45457  step 0.9500
15:21:41     iter   6  obj -0.27788  best 0.45457  step 0.9500
15:21:42     iter   7  obj -0.55681  best 0.45457  step 0.9500
15:21:43     iter   8  obj 0.20846  best 0.45457  step 0.9500
15:21:44     iter   9  obj 0.21673  best 0.45457  step 0.9500
15:21:46     iter  10  obj -1.00412  best 0.45457  step 0.9500
15:21:47     iter  11  obj 0.04684  best 0.45457  step 0.9500
15:21:48     iter  12  obj 0.21358  best 0.45457  step 0.9500
15:21:49     iter  13  obj -0.45931  best 0.45457  step 0.9500
15:21:50     iter  14  obj -0.32365  best 0.45457  step 0.9500
15:21:51     iter  15  obj 0.02248  best 0.45457  step 0.9500
15:21:52     iter  16  obj 0.14530  best 0.45457  step 0.9500
15:21:53     iter  17  obj -0.24788  best 0.45457  step 0.9500
15:21:54     iter  18  obj -0.42788  best 0.45457  step 0.9500
15:21:55     iter  19  obj -1.36445  best 0.45457  step 0.9500
15:21:57     iter  20  obj -0.35583  best 0.45457  step 0.9500
15:21:58     iter  21  obj 0.16676  best 0.45457  step 0.9500
15:21:59     iter  22  obj 0.14999  best 0.45457  step 0.9500
15:22:00     iter  23  obj -0.30539  best 0.45457  step 0.9500
15:22:01     iter  24  obj -0.00861  best 0.45457  step 0.9500
15:22:02     iter  25  obj -0.36023  best 0.45457  step 0.9500
15:22:03     iter  26  obj -0.00793  best 0.45457  step 0.9500
15:22:04     iter  27  obj 0.14126  best 0.45457  step 0.9500
15:22:05     iter  28  obj -0.13588  best 0.45457  step 0.9500
15:22:06     iter  29  obj -0.04806  best 0.45457  step 0.9500
15:22:08     iter  30  obj 0.02526  best 0.45457  step 0.9500
15:22:09     iter  31  obj -0.22649  best 0.45457  step 0.9500
15:22:10     iter  32  obj -0.37664  best 0.45457  step 0.9500
15:22:11     iter  33  obj -0.00941  best 0.45457  step 0.9500
15:22:12     iter  34  obj 0.32031  best 0.45457  step 0.9500
15:22:13     iter  35  obj -0.01209  best 0.45457  step 0.9500
15:22:14     iter  36  obj -0.31605  best 0.45457  step 0.9500
15:22:15     iter  37  obj -0.04720  best 0.45457  step 0.9500
15:22:16     iter  38  obj -0.02200  best 0.45457  step 0.9500
15:22:18     iter  39  obj 0.06271  best 0.45457  step 0.9500
15:22:19     iter  40  obj -0.43509  best 0.45457  step 0.9500
15:22:21     iter  41  obj -0.20398  best 0.45457  step 0.9500
15:22:22     iter  42  obj 0.03127  best 0.45457  step 0.9500
15:22:24     iter  43  obj -0.04336  best 0.45457  step 0.9500
15:22:25     iter  44  obj -0.20406  best 0.45457  step 0.4750  halved
15:22:27     iter  45  obj 0.18981  best 0.45457  step 0.4750
15:22:28     iter  46  obj 0.14693  best 0.45457  step 0.4750
15:22:30     iter  47  obj 0.23607  best 0.45457  step 0.4750
15:22:31     iter  48  obj 0.27383  best 0.45457  step 0.4750
15:22:33     iter  49  obj 0.15879  best 0.45457  step 0.4750
15:22:34     iter  50  obj 0.14412  best 0.45457  step 0.4750
15:22:36     iter  51  obj -0.07985  best 0.45457  step 0.4750
15:22:37     iter  52  obj -0.06422  best 0.45457  step 0.4750
15:22:39     iter  53  obj -0.32823  best 0.45457  step 0.4750
15:22:41     iter  54  obj -0.30058  best 0.45457  step 0.4750
15:22:42     iter  55  obj -0.35252  best 0.45457  step 0.4750
15:22:44     iter  56  obj 0.10459  best 0.45457  step 0.4750
15:22:45     iter  57  obj 0.06993  best 0.45457  step 0.4750
15:22:47     iter  58  obj 0.04238  best 0.45457  step 0.4750
15:22:48     iter  59  obj -0.68873  best 0.45457  step 0.4750
15:22:50     iter  60  obj 0.07215  best 0.45457  step 0.4750
15:22:51     iter  61  obj 0.00694  best 0.45457  step 0.4750
15:22:53     iter  62  obj -0.51732  best 0.45457  step 0.4750
15:22:54     iter  63  obj 0.03026  best 0.45457  step 0.4750
15:22:56     iter  64  obj 0.13966  best 0.45457  step 0.4750
15:22:57     iter  65  obj -0.24361  best 0.45457  step 0.4750
15:22:59     iter  66  obj 0.00837  best 0.45457  step 0.4750
15:23:00     iter  67  obj 0.01613  best 0.45457  step 0.4750
15:23:02     iter  68  obj 0.18165  best 0.45457  step 0.4750
15:23:03     iter  69  obj -0.04803  best 0.45457  step 0.4750
15:23:05     iter  70  obj -0.32794  best 0.45457  step 0.4750
15:23:07     iter  71  obj -0.19734  best 0.45457  step 0.4750
15:23:08     iter  72  obj -0.06492  best 0.45457  step 0.4750
15:23:10     iter  73  obj -0.03504  best 0.45457  step 0.4750
15:23:11     iter  74  obj 0.06535  best 0.45457  step 0.4750
15:23:13     iter  75  obj 0.10893  best 0.45457  step 0.4750
15:23:14     iter  76  obj -0.25866  best 0.45457  step 0.4750
15:23:16     iter  77  obj 0.07380  best 0.45457  step 0.4750
15:23:17     iter  78  obj 0.00774  best 0.45457  step 0.4750
15:23:19     iter  79  obj 0.10581  best 0.45457  step 0.4750
15:23:20     iter  80  obj -0.09912  best 0.45457  step 0.4750
15:23:22     iter  81  obj -0.13442  best 0.45457  step 0.4750
15:23:23     iter  82  obj 0.03889  best 0.45457  step 0.2375  halved
15:23:25     iter  83  obj 0.28959  best 0.45457  step 0.2375
15:23:26     iter  84  obj 0.38891  best 0.45457  step 0.2375
15:23:28     iter  85  obj 0.44858  best 0.45457  step 0.2375
15:23:29     iter  86  obj 0.35483  best 0.45457  step 0.2375
15:23:31     iter  87  obj 0.27403  best 0.45457  step 0.2375
15:23:32     iter  88  obj 0.24288  best 0.45457  step 0.2375
15:23:34     iter  89  obj 0.27780  best 0.45457  step 0.2375
15:23:35     iter  90  obj 0.02690  best 0.45457  step 0.2375
15:23:37     iter  91  obj 0.09689  best 0.45457  step 0.2375
15:23:38     iter  92  obj 0.04156  best 0.45457  step 0.2375
15:23:40     iter  93  obj 0.26131  best 0.45457  step 0.2375
15:23:41     iter  94  obj 0.33927  best 0.45457  step 0.2375
15:23:43     iter  95  obj 0.20996  best 0.45457  step 0.2375
15:23:45     iter  96  obj 0.25842  best 0.45457  step 0.2375
15:23:46     iter  97  obj 0.33316  best 0.45457  step 0.2375
15:23:48     iter  98  obj 0.36101  best 0.45457  step 0.2375
15:23:49     iter  99  obj 0.25634  best 0.45457  step 0.2375
15:23:51     iter 100  obj 0.21687  best 0.45457  step 0.2375
15:23:52     iter 101  obj 0.16584  best 0.45457  step 0.2375
15:23:54     iter 102  obj 0.30243  best 0.45457  step 0.2375
15:23:55     iter 103  obj 0.07969  best 0.45457  step 0.2375
15:23:57     iter 104  obj 0.28885  best 0.45457  step 0.2375
15:23:58     iter 105  obj 0.21374  best 0.45457  step 0.2375
15:23:59     iter 106  obj 0.12927  best 0.45457  step 0.2375
15:24:01     iter 107  obj 0.02861  best 0.45457  step 0.2375
15:24:02     iter 108  obj 0.30174  best 0.45457  step 0.2375
15:24:04     iter 109  obj 0.26362  best 0.45457  step 0.2375
15:24:05     iter 110  obj 0.39956  best 0.45457  step 0.2375
15:24:07     iter 111  obj 0.17511  best 0.45457  step 0.2375
15:24:08     iter 112  obj 0.07377  best 0.45457  step 0.2375
15:24:10     iter 113  obj 0.19337  best 0.45457  step 0.2375
15:24:11     iter 114  obj 0.32514  best 0.45457  step 0.1187  halved
15:24:13     iter 115  obj 0.31930  best 0.45457  step 0.1187
15:24:15     iter 116  obj 0.45645  best 0.45645  step 0.1187  *
15:24:16     iter 117  obj 0.45303  best 0.45645  step 0.1187
15:24:18     iter 118  obj 0.45781  best 0.45781  step 0.1187  *
15:24:19     iter 119  obj 0.45598  best 0.45781  step 0.1187
15:24:21     iter 120  obj 0.45039  best 0.45781  step 0.1187
15:24:22     iter 121  obj 0.42882  best 0.45781  step 0.1187
15:24:24     iter 122  obj 0.44240  best 0.45781  step 0.1187
15:24:26     iter 123  obj 0.44395  best 0.45781  step 0.1187
15:24:27     iter 124  obj 0.42666  best 0.45781  step 0.1187
15:24:29     iter 125  obj 0.42764  best 0.45781  step 0.1187
15:24:30     iter 126  obj 0.37269  best 0.45781  step 0.1187
15:24:32     iter 127  obj 0.37160  best 0.45781  step 0.1187
15:24:33     iter 128  obj 0.38743  best 0.45781  step 0.1187
15:24:35     iter 129  obj 0.40333  best 0.45781  step 0.1187
15:24:36     iter 130  obj 0.34365  best 0.45781  step 0.1187
15:24:38     iter 131  obj 0.37801  best 0.45781  step 0.1187
15:24:39     iter 132  obj 0.38742  best 0.45781  step 0.1187
15:24:41     iter 133  obj 0.46097  best 0.46097  step 0.1187  *
15:24:42     iter 134  obj 0.36688  best 0.46097  step 0.1187
15:24:44     iter 135  obj 0.41634  best 0.46097  step 0.1187
15:24:45     iter 136  obj 0.31590  best 0.46097  step 0.1187
15:24:47     iter 137  obj 0.31597  best 0.46097  step 0.1187
15:24:48     iter 138  obj 0.40126  best 0.46097  step 0.1187
15:24:50     iter 139  obj 0.43616  best 0.46097  step 0.1187
15:24:52     iter 140  obj 0.41964  best 0.46097  step 0.0594  halved
15:24:53     iter 141  obj 0.43001  best 0.46097  step 0.0594
15:24:55     iter 142  obj 0.46019  best 0.46097  step 0.0594
15:24:56     iter 143  obj 0.47067  best 0.47067  step 0.0594  *
15:24:58     iter 144  obj 0.39466  best 0.47067  step 0.0594
15:24:59     iter 145  obj 0.42525  best 0.47067  step 0.0594
15:25:01     iter 146  obj 0.42118  best 0.47067  step 0.0594
15:25:02     iter 147  obj 0.45785  best 0.47067  step 0.0594
15:25:04     iter 148  obj 0.48664  best 0.48664  step 0.0594  *
15:25:06     iter 149  obj 0.48840  best 0.48840  step 0.0594  *
15:25:07     iter 150  obj 0.44791  best 0.48840  step 0.0594
15:25:09     iter 151  obj 0.47414  best 0.48840  step 0.0594
15:25:10     iter 152  obj 0.48455  best 0.48840  step 0.0594
15:25:12     iter 153  obj 0.47459  best 0.48840  step 0.0594
15:25:13     iter 154  obj 0.47822  best 0.48840  step 0.0594
15:25:15     iter 155  obj 0.47299  best 0.48840  step 0.0594
15:25:16     iter 156  obj 0.45751  best 0.48840  step 0.0594
15:25:18     iter 157  obj 0.52438  best 0.52438  step 0.0594  *
15:25:19     iter 158  obj 0.46603  best 0.52438  step 0.0594
15:25:21     iter 159  obj 0.43882  best 0.52438  step 0.0594
15:25:22     iter 160  obj 0.49820  best 0.52438  step 0.0297  halved
15:25:24     iter 161  obj 0.47801  best 0.52438  step 0.0297
15:25:25     iter 162  obj 0.51794  best 0.52438  step 0.0297
15:25:27     iter 163  obj 0.55194  best 0.55194  step 0.0297  *
15:25:28     iter 164  obj 0.49666  best 0.55194  step 0.0297
15:25:30     iter 165  obj 0.52789  best 0.55194  step 0.0297
15:25:31     iter 166  obj 0.55240  best 0.55240  step 0.0297  *
15:25:33     iter 167  obj 0.57923  best 0.57923  step 0.0297  *
15:25:34     iter 168  obj 0.54899  best 0.57923  step 0.0297
15:25:36     iter 169  obj 0.61358  best 0.61358  step 0.0297  *
15:25:37     iter 170  obj 0.61557  best 0.61557  step 0.0297  *
15:25:39     iter 171  obj 0.61225  best 0.61557  step 0.0297
15:25:40     iter 172  obj 0.58564  best 0.61557  step 0.0297
15:25:42     iter 173  obj 0.61759  best 0.61759  step 0.0297  *
15:25:43     iter 174  obj 0.62879  best 0.62879  step 0.0148  *  halved
15:25:45     iter 175  obj 0.68685  best 0.68685  step 0.0148  *
15:25:46     iter 176  obj 0.62123  best 0.68685  step 0.0148
15:25:48     iter 177  obj 0.49175  best 0.68685  step 0.0148
15:25:49     iter 178  obj 0.59696  best 0.68685  step 0.0148
15:25:51     iter 179  obj 0.77804  best 0.77804  step 0.0148  *
15:25:53     iter 180  obj 0.72810  best 0.77804  step 0.0148
15:25:54     iter 181  obj 0.77366  best 0.77804  step 0.0148
15:25:56     iter 182  obj 0.82963  best 0.82963  step 0.0148  *
15:25:57     iter 183  obj 0.67589  best 0.82963  step 0.0148
15:25:59     iter 184  obj 0.55098  best 0.82963  step 0.0148
15:26:00     iter 185  obj 0.80906  best 0.82963  step 0.0148
15:26:02     iter 186  obj 0.79212  best 0.82963  step 0.0074  halved
15:26:03     iter 187  obj 0.74635  best 0.82963  step 0.0074
15:26:05     iter 188  obj 0.82832  best 0.82963  step 0.0074
15:26:06     iter 189  obj 0.90005  best 0.90005  step 0.0074  *
15:26:08     iter 190  obj 0.95577  best 0.95577  step 0.0074  *
15:26:09     iter 191  obj 0.92796  best 0.95577  step 0.0074
15:26:11     iter 192  obj 1.14929  best 1.14929  step 0.0074  *
15:26:12     iter 193  obj 1.05868  best 1.14929  step 0.0074
15:26:14     iter 194  obj 1.24437  best 1.24437  step 0.0074  *
15:26:15     iter 195  obj 1.06819  best 1.24437  step 0.0074
15:26:17     iter 196  obj 1.06557  best 1.24437  step 0.0074
15:26:18     iter 197  obj 1.17326  best 1.24437  step 0.0074
15:26:20     iter 198  obj 0.95066  best 1.24437  step 0.0037  halved
15:26:22     iter 199  obj 1.16692  best 1.24437  step 0.0037
15:26:23     iter 200  obj 1.15505  best 1.24437  step 0.0037
15:26:24      poisoned ce=1.03282 auc=0.5017 acc=0.7890 f1=0.0276  dce=+0.57820 dacc=-0.0170  k=1500  [290.7s]
15:26:24   mean over 1 trials: dce=+0.57820 dacc=-0.0170 dauc=-0.2138  -> results/niter_sweep_final/lcld_v2_rs3_it200

