14:47:28 [x-capgd] datasets/lcld_v2/splits/selected/natural/context_5000.csv (5000x28) -> datasets/lcld_v2/splits/test_attack_1000.csv (1000 of 1000)  k=1500 (30.0%)  attack_class=None  grid 1x1  cuda:1
14:47:31   clean  ce=0.45462 auc=0.7155 acc=0.8060 f1=0.1339  max|dp| over 3 repeats=0.00e+00  chunking_exact=True  [1.8s]
14:47:31   constraints=full (9 relations, dataset 'lcld_v2')  scaler=metadata  mutable 14/28  int 10  cat 5
14:47:31   -- trial run0_sub0
14:47:32     iter   0  obj 0.45188  best 0.45188  step 0.9500
14:47:33     iter   1  obj 0.39516  best 0.45188  step 0.9500
14:47:34     iter   2  obj 0.37004  best 0.45188  step 0.9500
14:47:35     iter   3  obj 0.01824  best 0.45188  step 0.9500
14:47:37     iter   4  obj -0.10479  best 0.45188  step 0.9500
14:47:38     iter   5  obj -0.51536  best 0.45188  step 0.9500
14:47:39     iter   6  obj -0.10601  best 0.45188  step 0.9500
14:47:40     iter   7  obj 0.15364  best 0.45188  step 0.9500
14:47:41     iter   8  obj 0.13162  best 0.45188  step 0.9500
14:47:42     iter   9  obj -0.42419  best 0.45188  step 0.9500
14:47:43     iter  10  obj -0.19196  best 0.45188  step 0.9500
14:47:44     iter  11  obj 0.12556  best 0.45188  step 0.4750  halved
14:47:45     iter  12  obj 0.19480  best 0.45188  step 0.4750
14:47:46     iter  13  obj 0.31898  best 0.45188  step 0.4750
14:47:47     iter  14  obj 0.31535  best 0.45188  step 0.4750
14:47:48     iter  15  obj -0.45632  best 0.45188  step 0.4750
14:47:50     iter  16  obj -0.15889  best 0.45188  step 0.4750
14:47:51     iter  17  obj -0.16292  best 0.45188  step 0.4750
14:47:52     iter  18  obj -0.29137  best 0.45188  step 0.4750
14:47:53     iter  19  obj 0.06633  best 0.45188  step 0.4750
14:47:54     iter  20  obj -0.06354  best 0.45188  step 0.4750
14:47:55     iter  21  obj -0.05306  best 0.45188  step 0.2375  halved
14:47:56     iter  22  obj 0.23977  best 0.45188  step 0.2375
14:47:57     iter  23  obj 0.41119  best 0.45188  step 0.2375
14:47:58     iter  24  obj 0.41608  best 0.45188  step 0.2375
14:47:59     iter  25  obj 0.37059  best 0.45188  step 0.2375
14:48:00     iter  26  obj 0.29450  best 0.45188  step 0.2375
14:48:01     iter  27  obj 0.21472  best 0.45188  step 0.2375
14:48:03     iter  28  obj 0.28180  best 0.45188  step 0.2375
14:48:04     iter  29  obj 0.27573  best 0.45188  step 0.2375
14:48:05     iter  30  obj 0.19893  best 0.45188  step 0.1187  halved
14:48:06     iter  31  obj 0.39302  best 0.45188  step 0.1187
14:48:07     iter  32  obj 0.45043  best 0.45188  step 0.1187
14:48:08     iter  33  obj 0.46575  best 0.46575  step 0.1187  *
14:48:09     iter  34  obj 0.46211  best 0.46575  step 0.1187
14:48:10     iter  35  obj 0.45133  best 0.46575  step 0.1187
14:48:11     iter  36  obj 0.45570  best 0.46575  step 0.1187
14:48:12     iter  37  obj 0.42786  best 0.46575  step 0.1187
14:48:13     iter  38  obj 0.40264  best 0.46575  step 0.0594  halved
14:48:14     iter  39  obj 0.42621  best 0.46575  step 0.0594
14:48:16     iter  40  obj 0.46073  best 0.46575  step 0.0594
14:48:17     iter  41  obj 0.46003  best 0.46575  step 0.0594
14:48:18     iter  42  obj 0.46391  best 0.46575  step 0.0594
14:48:19     iter  43  obj 0.46721  best 0.46721  step 0.0594  *
14:48:20     iter  44  obj 0.47030  best 0.47030  step 0.0594  *
14:48:21     iter  45  obj 0.47276  best 0.47276  step 0.0594  *
14:48:22     iter  46  obj 0.46735  best 0.47276  step 0.0594
14:48:24     iter  47  obj 0.48132  best 0.48132  step 0.0594  *
14:48:26     iter  48  obj 0.46741  best 0.48132  step 0.0594
14:48:27     iter  49  obj 0.47036  best 0.48132  step 0.0594
14:48:29     iter  50  obj 0.47810  best 0.48132  step 0.0594
14:48:30      poisoned ce=0.48335 auc=0.6758 acc=0.8000 f1=0.0909  dce=+0.02873 dacc=-0.0060  k=1500  [58.5s]
14:48:30   mean over 1 trials: dce=+0.02873 dacc=-0.0060 dauc=-0.0397  -> results/niter_sweep_final/lcld_v2_rs1_it50

