14:52:55 [x-capgd] datasets/lcld_v2/splits/selected/natural/context_5000.csv (5000x28) -> datasets/lcld_v2/splits/test_attack_1000.csv (1000 of 1000)  k=1500 (30.0%)  attack_class=None  grid 1x1  cuda:1
14:52:58   clean  ce=0.45462 auc=0.7155 acc=0.8060 f1=0.1339  max|dp| over 3 repeats=0.00e+00  chunking_exact=True  [2.0s]
14:52:58   constraints=full (9 relations, dataset 'lcld_v2')  scaler=metadata  mutable 14/28  int 10  cat 5
14:52:58   -- trial run0_sub0
14:53:00     iter   0  obj 0.45189  best 0.45189  step 0.9500
14:53:01     iter   1  obj 0.33698  best 0.45189  step 0.9500
14:53:02     iter   2  obj 0.37886  best 0.45189  step 0.9500
14:53:03     iter   3  obj 0.00432  best 0.45189  step 0.9500
14:53:04     iter   4  obj -0.03740  best 0.45189  step 0.9500
14:53:05     iter   5  obj -0.11796  best 0.45189  step 0.9500
14:53:06     iter   6  obj -0.06190  best 0.45189  step 0.9500
14:53:07     iter   7  obj -0.14390  best 0.45189  step 0.9500
14:53:08     iter   8  obj -0.37493  best 0.45189  step 0.9500
14:53:10     iter   9  obj 0.15436  best 0.45189  step 0.9500
14:53:11     iter  10  obj -0.06029  best 0.45189  step 0.9500
14:53:12     iter  11  obj -0.16735  best 0.45189  step 0.9500
14:53:13     iter  12  obj -0.18116  best 0.45189  step 0.9500
14:53:14     iter  13  obj 0.03305  best 0.45189  step 0.9500
14:53:15     iter  14  obj -0.56800  best 0.45189  step 0.9500
14:53:16     iter  15  obj -0.10989  best 0.45189  step 0.9500
14:53:17     iter  16  obj 0.06172  best 0.45189  step 0.4750  halved
14:53:18     iter  17  obj 0.17958  best 0.45189  step 0.4750
14:53:20     iter  18  obj 0.40205  best 0.45189  step 0.4750
14:53:21     iter  19  obj 0.19371  best 0.45189  step 0.4750
14:53:22     iter  20  obj -0.21013  best 0.45189  step 0.4750
14:53:23     iter  21  obj -0.46777  best 0.45189  step 0.4750
14:53:24     iter  22  obj 0.02425  best 0.45189  step 0.4750
14:53:25     iter  23  obj -0.66899  best 0.45189  step 0.4750
14:53:26     iter  24  obj 0.10741  best 0.45189  step 0.4750
14:53:27     iter  25  obj -0.07675  best 0.45189  step 0.4750
14:53:28     iter  26  obj 0.06003  best 0.45189  step 0.4750
14:53:30     iter  27  obj 0.21683  best 0.45189  step 0.4750
14:53:31     iter  28  obj 0.22589  best 0.45189  step 0.4750
14:53:33     iter  29  obj 0.06749  best 0.45189  step 0.4750
14:53:34     iter  30  obj -0.11680  best 0.45189  step 0.2375  halved
14:53:36     iter  31  obj 0.27024  best 0.45189  step 0.2375
14:53:37     iter  32  obj 0.38839  best 0.45189  step 0.2375
14:53:39     iter  33  obj 0.42774  best 0.45189  step 0.2375
14:53:40     iter  34  obj 0.35235  best 0.45189  step 0.2375
14:53:42     iter  35  obj 0.28846  best 0.45189  step 0.2375
14:53:44     iter  36  obj 0.22451  best 0.45189  step 0.2375
14:53:45     iter  37  obj 0.31612  best 0.45189  step 0.2375
14:53:46     iter  38  obj 0.14951  best 0.45189  step 0.2375
14:53:48     iter  39  obj 0.26462  best 0.45189  step 0.2375
14:53:49     iter  40  obj 0.21474  best 0.45189  step 0.2375
14:53:51     iter  41  obj 0.26100  best 0.45189  step 0.2375
14:53:52     iter  42  obj 0.26652  best 0.45189  step 0.1187  halved
14:53:54     iter  43  obj 0.36098  best 0.45189  step 0.1187
14:53:56     iter  44  obj 0.44203  best 0.45189  step 0.1187
14:53:57     iter  45  obj 0.45489  best 0.45489  step 0.1187  *
14:53:59     iter  46  obj 0.43354  best 0.45489  step 0.1187
14:54:00     iter  47  obj 0.43151  best 0.45489  step 0.1187
14:54:02     iter  48  obj 0.43966  best 0.45489  step 0.1187
14:54:03     iter  49  obj 0.41642  best 0.45489  step 0.1187
14:54:05     iter  50  obj 0.42612  best 0.45489  step 0.1187
14:54:06     iter  51  obj 0.32599  best 0.45489  step 0.1187
14:54:08     iter  52  obj 0.43223  best 0.45489  step 0.0594  halved
14:54:09     iter  53  obj 0.39691  best 0.45489  step 0.0594
14:54:11     iter  54  obj 0.45905  best 0.45905  step 0.0594  *
14:54:12     iter  55  obj 0.46381  best 0.46381  step 0.0594  *
14:54:14     iter  56  obj 0.47324  best 0.47324  step 0.0594  *
14:54:15     iter  57  obj 0.47547  best 0.47547  step 0.0594  *
14:54:17     iter  58  obj 0.42887  best 0.47547  step 0.0594
14:54:18     iter  59  obj 0.42588  best 0.47547  step 0.0594
14:54:20     iter  60  obj 0.44654  best 0.47547  step 0.0297  halved
14:54:21     iter  61  obj 0.45717  best 0.47547  step 0.0297
14:54:23     iter  62  obj 0.45769  best 0.47547  step 0.0297
14:54:24     iter  63  obj 0.47950  best 0.47950  step 0.0297  *
14:54:26     iter  64  obj 0.48775  best 0.48775  step 0.0297  *
14:54:27     iter  65  obj 0.48828  best 0.48828  step 0.0297  *
14:54:28     iter  66  obj 0.48332  best 0.48828  step 0.0297
14:54:30     iter  67  obj 0.49686  best 0.49686  step 0.0297  *
14:54:31     iter  68  obj 0.47592  best 0.49686  step 0.0297
14:54:33     iter  69  obj 0.49777  best 0.49777  step 0.0297  *
14:54:35     iter  70  obj 0.48380  best 0.49777  step 0.0148  halved
14:54:36     iter  71  obj 0.50266  best 0.50266  step 0.0148  *
14:54:38     iter  72  obj 0.53723  best 0.53723  step 0.0148  *
14:54:39     iter  73  obj 0.52645  best 0.53723  step 0.0148
14:54:41     iter  74  obj 0.55622  best 0.55622  step 0.0074  *  halved
14:54:42     iter  75  obj 0.56073  best 0.56073  step 0.0074  *
14:54:43      poisoned ce=0.53434 auc=0.6193 acc=0.7850 f1=0.0611  dce=+0.07971 dacc=-0.0210  k=1500  [104.5s]
14:54:43   mean over 1 trials: dce=+0.07971 dacc=-0.0210 dauc=-0.0962  -> results/niter_sweep_final/lcld_v2_rs2_it75

