14:48:33 [x-capgd] datasets/lcld_v2/splits/selected/natural/context_5000.csv (5000x28) -> datasets/lcld_v2/splits/test_attack_1000.csv (1000 of 1000)  k=1500 (30.0%)  attack_class=None  grid 1x1  cuda:1
14:48:37   clean  ce=0.45462 auc=0.7155 acc=0.8060 f1=0.1339  max|dp| over 3 repeats=0.00e+00  chunking_exact=True  [2.3s]
14:48:37   constraints=full (9 relations, dataset 'lcld_v2')  scaler=metadata  mutable 14/28  int 10  cat 5
14:48:37   -- trial run0_sub0
14:48:38     iter   0  obj 0.45189  best 0.45189  step 0.9500
14:48:40     iter   1  obj 0.33698  best 0.45189  step 0.9500
14:48:41     iter   2  obj 0.33377  best 0.45189  step 0.9500
14:48:43     iter   3  obj 0.06223  best 0.45189  step 0.9500
14:48:44     iter   4  obj -0.07995  best 0.45189  step 0.9500
14:48:46     iter   5  obj -0.52892  best 0.45189  step 0.9500
14:48:48     iter   6  obj -0.22377  best 0.45189  step 0.9500
14:48:49     iter   7  obj -0.24254  best 0.45189  step 0.9500
14:48:51     iter   8  obj 0.18076  best 0.45189  step 0.9500
14:48:52     iter   9  obj 0.15572  best 0.45189  step 0.9500
14:48:53     iter  10  obj -0.05784  best 0.45189  step 0.9500
14:48:55     iter  11  obj -0.16700  best 0.45189  step 0.4750  halved
14:48:56     iter  12  obj 0.20614  best 0.45189  step 0.4750
14:48:58     iter  13  obj 0.39012  best 0.45189  step 0.4750
14:48:59     iter  14  obj 0.21458  best 0.45189  step 0.4750
14:49:01     iter  15  obj 0.01205  best 0.45189  step 0.4750
14:49:03     iter  16  obj -0.43384  best 0.45189  step 0.4750
14:49:04     iter  17  obj -0.31099  best 0.45189  step 0.4750
14:49:05     iter  18  obj -0.06532  best 0.45189  step 0.4750
14:49:07     iter  19  obj 0.00896  best 0.45189  step 0.4750
14:49:08     iter  20  obj 0.01826  best 0.45189  step 0.4750
14:49:10     iter  21  obj 0.05041  best 0.45189  step 0.2375  halved
14:49:11     iter  22  obj 0.29046  best 0.45189  step 0.2375
14:49:13     iter  23  obj 0.43650  best 0.45189  step 0.2375
14:49:14     iter  24  obj 0.40781  best 0.45189  step 0.2375
14:49:16     iter  25  obj 0.36366  best 0.45189  step 0.2375
14:49:17     iter  26  obj 0.30318  best 0.45189  step 0.2375
14:49:19     iter  27  obj 0.18144  best 0.45189  step 0.2375
14:49:20     iter  28  obj 0.11456  best 0.45189  step 0.2375
14:49:22     iter  29  obj 0.22884  best 0.45189  step 0.2375
14:49:23     iter  30  obj 0.31387  best 0.45189  step 0.1187  halved
14:49:25     iter  31  obj 0.37307  best 0.45189  step 0.1187
14:49:26     iter  32  obj 0.45082  best 0.45189  step 0.1187
14:49:28     iter  33  obj 0.44611  best 0.45189  step 0.1187
14:49:29     iter  34  obj 0.43644  best 0.45189  step 0.1187
14:49:30     iter  35  obj 0.40547  best 0.45189  step 0.1187
14:49:31     iter  36  obj 0.37666  best 0.45189  step 0.1187
14:49:32     iter  37  obj 0.42553  best 0.45189  step 0.1187
14:49:34     iter  38  obj 0.44691  best 0.45189  step 0.0594  halved
14:49:35     iter  39  obj 0.41023  best 0.45189  step 0.0594
14:49:36     iter  40  obj 0.45724  best 0.45724  step 0.0594  *
14:49:38     iter  41  obj 0.47345  best 0.47345  step 0.0594  *
14:49:39     iter  42  obj 0.45183  best 0.47345  step 0.0594
14:49:41     iter  43  obj 0.45918  best 0.47345  step 0.0594
14:49:42     iter  44  obj 0.46014  best 0.47345  step 0.0594
14:49:43     iter  45  obj 0.44067  best 0.47345  step 0.0297  halved
14:49:45     iter  46  obj 0.45458  best 0.47345  step 0.0297
14:49:46     iter  47  obj 0.46733  best 0.47345  step 0.0297
14:49:48     iter  48  obj 0.47732  best 0.47732  step 0.0297  *
14:49:49     iter  49  obj 0.46115  best 0.47732  step 0.0297
14:49:51     iter  50  obj 0.46721  best 0.47732  step 0.0297
14:49:52      poisoned ce=0.47612 auc=0.6950 acc=0.8040 f1=0.1250  dce=+0.02150 dacc=-0.0020  k=1500  [74.8s]
14:49:52   mean over 1 trials: dce=+0.02150 dacc=-0.0020 dauc=-0.0204  -> results/niter_sweep_final/lcld_v2_rs2_it50

