14:46:15 [x-capgd] datasets/lcld_v2/splits/selected/natural/context_5000.csv (5000x28) -> datasets/lcld_v2/splits/test_attack_1000.csv (1000 of 1000)  k=1500 (30.0%)  attack_class=None  grid 1x1  cuda:1
14:46:18   clean  ce=0.45462 auc=0.7155 acc=0.8060 f1=0.1339  max|dp| over 3 repeats=0.00e+00  chunking_exact=True  [1.8s]
14:46:18   constraints=full (9 relations, dataset 'lcld_v2')  scaler=metadata  mutable 14/28  int 10  cat 5
14:46:18   -- trial run0_sub0
14:46:19     iter   0  obj 0.45189  best 0.45189  step 0.9500
14:46:20     iter   1  obj 0.33698  best 0.45189  step 0.9500
14:46:21     iter   2  obj 0.37753  best 0.45189  step 0.9500
14:46:22     iter   3  obj 0.12193  best 0.45189  step 0.9500
14:46:24     iter   4  obj -0.16671  best 0.45189  step 0.9500
14:46:25     iter   5  obj -0.06669  best 0.45189  step 0.4750  halved
14:46:26     iter   6  obj 0.16197  best 0.45189  step 0.4750
14:46:27     iter   7  obj 0.38625  best 0.45189  step 0.4750
14:46:28     iter   8  obj 0.09646  best 0.45189  step 0.4750
14:46:29     iter   9  obj 0.00707  best 0.45189  step 0.2375  halved
14:46:30     iter  10  obj 0.30769  best 0.45189  step 0.2375
14:46:31     iter  11  obj 0.45677  best 0.45677  step 0.2375  *
14:46:32     iter  12  obj 0.42281  best 0.45677  step 0.1187  halved
14:46:33     iter  13  obj 0.45092  best 0.45677  step 0.1187
14:46:35     iter  14  obj 0.45490  best 0.45677  step 0.1187
14:46:36     iter  15  obj 0.45480  best 0.45677  step 0.0594  halved
14:46:38     iter  16  obj 0.44160  best 0.45677  step 0.0297  halved
14:46:39     iter  17  obj 0.46269  best 0.46269  step 0.0297  *
14:46:40     iter  18  obj 0.46084  best 0.46269  step 0.0148  halved
14:46:41     iter  19  obj 0.46461  best 0.46461  step 0.0148  *
14:46:42     iter  20  obj 0.46412  best 0.46461  step 0.0074  halved
14:46:43     iter  21  obj 0.47615  best 0.47615  step 0.0074  *
14:46:44     iter  22  obj 0.47652  best 0.47652  step 0.0074  *
14:46:45     iter  23  obj 0.46689  best 0.47652  step 0.0037  halved
14:46:46     iter  24  obj 0.46594  best 0.47652  step 0.0019  halved
14:46:48     iter  25  obj 0.47688  best 0.47688  step 0.0019  *
14:46:48      poisoned ce=0.46116 auc=0.7000 acc=0.8150 f1=0.1475  dce=+0.00654 dacc=+0.0090  k=1500  [30.4s]
14:46:48   mean over 1 trials: dce=+0.00654 dacc=+0.0090 dauc=-0.0155  -> results/niter_sweep_final/lcld_v2_rs2_it25

