14:54:47 [x-capgd] datasets/lcld_v2/splits/selected/natural/context_5000.csv (5000x28) -> datasets/lcld_v2/splits/test_attack_1000.csv (1000 of 1000)  k=1500 (30.0%)  attack_class=None  grid 1x1  cuda:1
14:54:49   clean  ce=0.45462 auc=0.7155 acc=0.8060 f1=0.1339  max|dp| over 3 repeats=0.00e+00  chunking_exact=True  [1.9s]
14:54:50   constraints=full (9 relations, dataset 'lcld_v2')  scaler=metadata  mutable 14/28  int 10  cat 5
14:54:50   -- trial run0_sub0
14:54:51     iter   0  obj 0.45457  best 0.45457  step 0.9500
14:54:52     iter   1  obj 0.37819  best 0.45457  step 0.9500
14:54:53     iter   2  obj 0.39151  best 0.45457  step 0.9500
14:54:54     iter   3  obj 0.26631  best 0.45457  step 0.9500
14:54:55     iter   4  obj 0.01075  best 0.45457  step 0.9500
14:54:56     iter   5  obj 0.03125  best 0.45457  step 0.9500
14:54:57     iter   6  obj -0.41132  best 0.45457  step 0.9500
14:54:58     iter   7  obj -0.04537  best 0.45457  step 0.9500
14:55:00     iter   8  obj -0.09046  best 0.45457  step 0.9500
14:55:01     iter   9  obj -0.13722  best 0.45457  step 0.9500
14:55:02     iter  10  obj -0.14769  best 0.45457  step 0.9500
14:55:03     iter  11  obj 0.04144  best 0.45457  step 0.9500
14:55:04     iter  12  obj -0.70075  best 0.45457  step 0.9500
14:55:05     iter  13  obj -0.59809  best 0.45457  step 0.9500
14:55:06     iter  14  obj -0.09788  best 0.45457  step 0.9500
14:55:07     iter  15  obj 0.07800  best 0.45457  step 0.9500
14:55:08     iter  16  obj -0.02053  best 0.45457  step 0.4750  halved
14:55:09     iter  17  obj 0.25706  best 0.45457  step 0.4750
14:55:10     iter  18  obj 0.06987  best 0.45457  step 0.4750
14:55:11     iter  19  obj 0.38657  best 0.45457  step 0.4750
14:55:12     iter  20  obj 0.24350  best 0.45457  step 0.4750
14:55:14     iter  21  obj 0.16028  best 0.45457  step 0.4750
14:55:15     iter  22  obj -0.12040  best 0.45457  step 0.4750
14:55:16     iter  23  obj -0.05505  best 0.45457  step 0.4750
14:55:17     iter  24  obj -0.03695  best 0.45457  step 0.4750
14:55:18     iter  25  obj -0.17101  best 0.45457  step 0.4750
14:55:19     iter  26  obj 0.01897  best 0.45457  step 0.4750
14:55:20     iter  27  obj -0.11910  best 0.45457  step 0.4750
14:55:21     iter  28  obj 0.12439  best 0.45457  step 0.4750
14:55:22     iter  29  obj -0.12445  best 0.45457  step 0.4750
14:55:23     iter  30  obj -0.10558  best 0.45457  step 0.2375  halved
14:55:24     iter  31  obj 0.19649  best 0.45457  step 0.2375
14:55:25     iter  32  obj 0.39978  best 0.45457  step 0.2375
14:55:27     iter  33  obj 0.43751  best 0.45457  step 0.2375
14:55:28     iter  34  obj 0.23770  best 0.45457  step 0.2375
14:55:29     iter  35  obj 0.16500  best 0.45457  step 0.2375
14:55:30     iter  36  obj 0.09714  best 0.45457  step 0.2375
14:55:31     iter  37  obj 0.18089  best 0.45457  step 0.2375
14:55:32     iter  38  obj 0.15047  best 0.45457  step 0.2375
14:55:33     iter  39  obj -0.03356  best 0.45457  step 0.2375
14:55:34     iter  40  obj 0.18752  best 0.45457  step 0.2375
14:55:35     iter  41  obj 0.13800  best 0.45457  step 0.2375
14:55:36     iter  42  obj 0.16098  best 0.45457  step 0.1187  halved
14:55:37     iter  43  obj 0.33014  best 0.45457  step 0.1187
14:55:38     iter  44  obj 0.44345  best 0.45457  step 0.1187
14:55:40     iter  45  obj 0.45355  best 0.45457  step 0.1187
14:55:41     iter  46  obj 0.45258  best 0.45457  step 0.1187
14:55:42     iter  47  obj 0.44444  best 0.45457  step 0.1187
14:55:43     iter  48  obj 0.41063  best 0.45457  step 0.1187
14:55:44     iter  49  obj 0.40149  best 0.45457  step 0.1187
14:55:45     iter  50  obj 0.42017  best 0.45457  step 0.1187
14:55:46     iter  51  obj 0.41813  best 0.45457  step 0.1187
14:55:47     iter  52  obj 0.41377  best 0.45457  step 0.0594  halved
14:55:48     iter  53  obj 0.40891  best 0.45457  step 0.0594
14:55:49     iter  54  obj 0.44742  best 0.45457  step 0.0594
14:55:50     iter  55  obj 0.46796  best 0.46796  step 0.0594  *
14:55:51     iter  56  obj 0.46920  best 0.46920  step 0.0594  *
14:55:52     iter  57  obj 0.46050  best 0.46920  step 0.0594
14:55:54     iter  58  obj 0.47347  best 0.47347  step 0.0594  *
14:55:55     iter  59  obj 0.47307  best 0.47347  step 0.0594
14:55:56     iter  60  obj 0.44921  best 0.47347  step 0.0297  halved
14:55:57     iter  61  obj 0.48866  best 0.48866  step 0.0297  *
14:55:58     iter  62  obj 0.48917  best 0.48917  step 0.0297  *
14:55:59     iter  63  obj 0.48718  best 0.48917  step 0.0297
14:56:00     iter  64  obj 0.48114  best 0.48917  step 0.0297
14:56:01     iter  65  obj 0.48838  best 0.48917  step 0.0297
14:56:02     iter  66  obj 0.49527  best 0.49527  step 0.0148  *  halved
14:56:03     iter  67  obj 0.50085  best 0.50085  step 0.0148  *
14:56:04     iter  68  obj 0.48686  best 0.50085  step 0.0148
14:56:05     iter  69  obj 0.48532  best 0.50085  step 0.0148
14:56:07     iter  70  obj 0.50084  best 0.50085  step 0.0074  halved
14:56:08     iter  71  obj 0.48921  best 0.50085  step 0.0074
14:56:09     iter  72  obj 0.50879  best 0.50879  step 0.0074  *
14:56:10     iter  73  obj 0.51787  best 0.51787  step 0.0074  *
14:56:11     iter  74  obj 0.52807  best 0.52807  step 0.0037  *  halved
14:56:12     iter  75  obj 0.55879  best 0.55879  step 0.0037  *
14:56:13      poisoned ce=0.53308 auc=0.6362 acc=0.7950 f1=0.0553  dce=+0.07846 dacc=-0.0110  k=1500  [83.0s]
14:56:13   mean over 1 trials: dce=+0.07846 dacc=-0.0110 dauc=-0.0793  -> results/niter_sweep_final/lcld_v2_rs3_it75

