14:45:39 [x-capgd] datasets/lcld_v2/splits/selected/natural/context_5000.csv (5000x28) -> datasets/lcld_v2/splits/test_attack_1000.csv (1000 of 1000)  k=1500 (30.0%)  attack_class=None  grid 1x1  cuda:1
14:45:42   clean  ce=0.45462 auc=0.7155 acc=0.8060 f1=0.1339  max|dp| over 3 repeats=0.00e+00  chunking_exact=True  [1.8s]
14:45:42   constraints=full (9 relations, dataset 'lcld_v2')  scaler=metadata  mutable 14/28  int 10  cat 5
14:45:42   -- trial run0_sub0
14:45:43     iter   0  obj 0.45188  best 0.45188  step 0.9500
14:45:44     iter   1  obj 0.39516  best 0.45188  step 0.9500
14:45:46     iter   2  obj 0.35548  best 0.45188  step 0.9500
14:45:47     iter   3  obj -0.14267  best 0.45188  step 0.9500
14:45:48     iter   4  obj -0.18333  best 0.45188  step 0.9500
14:45:49     iter   5  obj -0.21499  best 0.45188  step 0.4750  halved
14:45:50     iter   6  obj 0.22260  best 0.45188  step 0.4750
14:45:51     iter   7  obj 0.38633  best 0.45188  step 0.4750
14:45:52     iter   8  obj 0.29423  best 0.45188  step 0.4750
14:45:53     iter   9  obj 0.07847  best 0.45188  step 0.2375  halved
14:45:54     iter  10  obj 0.28809  best 0.45188  step 0.2375
14:45:55     iter  11  obj 0.45512  best 0.45512  step 0.2375  *
14:45:56     iter  12  obj 0.43718  best 0.45512  step 0.1187  halved
14:45:57     iter  13  obj 0.45743  best 0.45743  step 0.1187  *
14:45:58     iter  14  obj 0.45200  best 0.45743  step 0.0594  halved
14:46:00     iter  15  obj 0.46407  best 0.46407  step 0.0594  *
14:46:01     iter  16  obj 0.47800  best 0.47800  step 0.0594  *
14:46:02     iter  17  obj 0.45726  best 0.47800  step 0.0297  halved
14:46:03     iter  18  obj 0.46414  best 0.47800  step 0.0297
14:46:04     iter  19  obj 0.46597  best 0.47800  step 0.0148  halved
14:46:05     iter  20  obj 0.47561  best 0.47800  step 0.0148
14:46:06     iter  21  obj 0.48734  best 0.48734  step 0.0148  *
14:46:07     iter  22  obj 0.47126  best 0.48734  step 0.0074  halved
14:46:08     iter  23  obj 0.49555  best 0.49555  step 0.0074  *
14:46:09     iter  24  obj 0.51224  best 0.51224  step 0.0074  *
14:46:10     iter  25  obj 0.53855  best 0.53855  step 0.0074  *
14:46:11      poisoned ce=0.47514 auc=0.6860 acc=0.8030 f1=0.0390  dce=+0.02052 dacc=-0.0030  k=1500  [29.0s]
14:46:11   mean over 1 trials: dce=+0.02052 dacc=-0.0030 dauc=-0.0295  -> results/niter_sweep_final/lcld_v2_rs1_it25

