15:17:28 [x-capgd] datasets/lcld_v2/splits/selected/natural/context_5000.csv (5000x28) -> datasets/lcld_v2/splits/test_attack_1000.csv (1000 of 1000)  k=1500 (30.0%)  attack_class=None  grid 1x1  cuda:1
15:17:30   clean  ce=0.45462 auc=0.7155 acc=0.8060 f1=0.1339  max|dp| over 3 repeats=0.00e+00  chunking_exact=True  [1.9s]
15:17:31   constraints=full (9 relations, dataset 'lcld_v2')  scaler=metadata  mutable 14/28  int 10  cat 5
15:17:31   -- trial run0_sub0
15:17:32     iter   0  obj 0.45189  best 0.45189  step 0.9500
15:17:33     iter   1  obj 0.33697  best 0.45189  step 0.9500
15:17:34     iter   2  obj 0.36305  best 0.45189  step 0.9500
15:17:35     iter   3  obj 0.06839  best 0.45189  step 0.9500
15:17:37     iter   4  obj -0.80144  best 0.45189  step 0.9500
15:17:38     iter   5  obj -0.33691  best 0.45189  step 0.9500
15:17:39     iter   6  obj 0.05363  best 0.45189  step 0.9500
15:17:40     iter   7  obj -0.24273  best 0.45189  step 0.9500
15:17:41     iter   8  obj 0.16104  best 0.45189  step 0.9500
15:17:42     iter   9  obj -0.08816  best 0.45189  step 0.9500
15:17:43     iter  10  obj -0.35599  best 0.45189  step 0.9500
15:17:44     iter  11  obj 0.01965  best 0.45189  step 0.9500
15:17:45     iter  12  obj -0.85939  best 0.45189  step 0.9500
15:17:47     iter  13  obj -0.27875  best 0.45189  step 0.9500
15:17:48     iter  14  obj -0.19758  best 0.45189  step 0.9500
15:17:49     iter  15  obj -0.34269  best 0.45189  step 0.9500
15:17:50     iter  16  obj -0.35097  best 0.45189  step 0.9500
15:17:51     iter  17  obj -0.21546  best 0.45189  step 0.9500
15:17:52     iter  18  obj 0.15095  best 0.45189  step 0.9500
15:17:53     iter  19  obj -0.11733  best 0.45189  step 0.9500
15:17:54     iter  20  obj -0.26156  best 0.45189  step 0.9500
15:17:55     iter  21  obj -0.59273  best 0.45189  step 0.9500
15:17:56     iter  22  obj -0.01680  best 0.45189  step 0.9500
15:17:58     iter  23  obj -0.17580  best 0.45189  step 0.9500
15:17:59     iter  24  obj -0.12255  best 0.45189  step 0.9500
15:18:00     iter  25  obj 0.10727  best 0.45189  step 0.9500
15:18:01     iter  26  obj 0.00537  best 0.45189  step 0.9500
15:18:02     iter  27  obj -0.38634  best 0.45189  step 0.9500
15:18:03     iter  28  obj -0.94137  best 0.45189  step 0.9500
15:18:04     iter  29  obj -0.10839  best 0.45189  step 0.9500
15:18:05     iter  30  obj 0.07582  best 0.45189  step 0.9500
15:18:07     iter  31  obj 0.01211  best 0.45189  step 0.9500
15:18:08     iter  32  obj -0.05176  best 0.45189  step 0.9500
15:18:09     iter  33  obj -0.38453  best 0.45189  step 0.9500
15:18:10     iter  34  obj 0.00270  best 0.45189  step 0.9500
15:18:11     iter  35  obj -0.13382  best 0.45189  step 0.9500
15:18:12     iter  36  obj -1.02065  best 0.45189  step 0.9500
15:18:13     iter  37  obj -0.04382  best 0.45189  step 0.9500
15:18:14     iter  38  obj -0.05049  best 0.45189  step 0.9500
15:18:15     iter  39  obj -0.20502  best 0.45189  step 0.9500
15:18:17     iter  40  obj -0.18400  best 0.45189  step 0.9500
15:18:18     iter  41  obj 0.14237  best 0.45189  step 0.9500
15:18:19     iter  42  obj -0.22870  best 0.45189  step 0.9500
15:18:20     iter  43  obj -0.35164  best 0.45189  step 0.9500
15:18:21     iter  44  obj -0.22292  best 0.45189  step 0.4750  halved
15:18:22     iter  45  obj 0.13289  best 0.45189  step 0.4750
15:18:23     iter  46  obj 0.32009  best 0.45189  step 0.4750
15:18:24     iter  47  obj 0.26239  best 0.45189  step 0.4750
15:18:25     iter  48  obj -0.11920  best 0.45189  step 0.4750
15:18:27     iter  49  obj -0.17625  best 0.45189  step 0.4750
15:18:28     iter  50  obj 0.02275  best 0.45189  step 0.4750
15:18:29     iter  51  obj -0.32920  best 0.45189  step 0.4750
15:18:30     iter  52  obj 0.03237  best 0.45189  step 0.4750
15:18:31     iter  53  obj 0.12376  best 0.45189  step 0.4750
15:18:32     iter  54  obj 0.15872  best 0.45189  step 0.4750
15:18:33     iter  55  obj -0.27065  best 0.45189  step 0.4750
15:18:35     iter  56  obj -0.03127  best 0.45189  step 0.4750
15:18:36     iter  57  obj 0.19645  best 0.45189  step 0.4750
15:18:37     iter  58  obj -0.69507  best 0.45189  step 0.4750
15:18:38     iter  59  obj 0.00949  best 0.45189  step 0.4750
15:18:39     iter  60  obj 0.04195  best 0.45189  step 0.4750
15:18:40     iter  61  obj 0.15682  best 0.45189  step 0.4750
15:18:41     iter  62  obj -0.15924  best 0.45189  step 0.4750
15:18:42     iter  63  obj 0.05193  best 0.45189  step 0.4750
15:18:43     iter  64  obj -0.11866  best 0.45189  step 0.4750
15:18:44     iter  65  obj -0.01759  best 0.45189  step 0.4750
15:18:46     iter  66  obj -0.30582  best 0.45189  step 0.4750
15:18:47     iter  67  obj -0.35531  best 0.45189  step 0.4750
15:18:48     iter  68  obj 0.17115  best 0.45189  step 0.4750
15:18:49     iter  69  obj 0.12366  best 0.45189  step 0.4750
15:18:50     iter  70  obj -0.01603  best 0.45189  step 0.4750
15:18:51     iter  71  obj 0.22644  best 0.45189  step 0.4750
15:18:52     iter  72  obj -0.02501  best 0.45189  step 0.4750
15:18:53     iter  73  obj -0.19253  best 0.45189  step 0.4750
15:18:54     iter  74  obj -0.34448  best 0.45189  step 0.4750
15:18:56     iter  75  obj -0.00837  best 0.45189  step 0.4750
15:18:57     iter  76  obj 0.01259  best 0.45189  step 0.4750
15:18:58     iter  77  obj 0.15552  best 0.45189  step 0.4750
15:18:59     iter  78  obj -0.02477  best 0.45189  step 0.4750
15:19:00     iter  79  obj -0.13178  best 0.45189  step 0.4750
15:19:01     iter  80  obj 0.12492  best 0.45189  step 0.4750
15:19:03     iter  81  obj -0.13727  best 0.45189  step 0.4750
15:19:04     iter  82  obj -0.06347  best 0.45189  step 0.2375  halved
15:19:05     iter  83  obj 0.26050  best 0.45189  step 0.2375
15:19:06     iter  84  obj 0.43442  best 0.45189  step 0.2375
15:19:07     iter  85  obj 0.29581  best 0.45189  step 0.2375
15:19:08     iter  86  obj 0.42253  best 0.45189  step 0.2375
15:19:09     iter  87  obj 0.14768  best 0.45189  step 0.2375
15:19:10     iter  88  obj 0.30492  best 0.45189  step 0.2375
15:19:11     iter  89  obj 0.32565  best 0.45189  step 0.2375
15:19:13     iter  90  obj -0.00999  best 0.45189  step 0.2375
15:19:14     iter  91  obj -0.01889  best 0.45189  step 0.2375
15:19:15     iter  92  obj 0.19037  best 0.45189  step 0.2375
15:19:16     iter  93  obj 0.30995  best 0.45189  step 0.2375
15:19:17     iter  94  obj 0.24643  best 0.45189  step 0.2375
15:19:18     iter  95  obj 0.11405  best 0.45189  step 0.2375
15:19:19     iter  96  obj 0.07091  best 0.45189  step 0.2375
15:19:20     iter  97  obj 0.32038  best 0.45189  step 0.2375
15:19:21     iter  98  obj -0.03802  best 0.45189  step 0.2375
15:19:22     iter  99  obj 0.14109  best 0.45189  step 0.2375
15:19:24     iter 100  obj 0.23200  best 0.45189  step 0.2375
15:19:25     iter 101  obj 0.23363  best 0.45189  step 0.2375
15:19:26     iter 102  obj -0.11154  best 0.45189  step 0.2375
15:19:27     iter 103  obj 0.00806  best 0.45189  step 0.2375
15:19:28     iter 104  obj 0.30369  best 0.45189  step 0.2375
15:19:29     iter 105  obj 0.32906  best 0.45189  step 0.2375
15:19:30     iter 106  obj 0.33815  best 0.45189  step 0.2375
15:19:31     iter 107  obj 0.21093  best 0.45189  step 0.2375
15:19:32     iter 108  obj -0.10565  best 0.45189  step 0.2375
15:19:34     iter 109  obj 0.24010  best 0.45189  step 0.2375
15:19:35     iter 110  obj 0.18380  best 0.45189  step 0.2375
15:19:36     iter 111  obj 0.31310  best 0.45189  step 0.2375
15:19:37     iter 112  obj 0.32632  best 0.45189  step 0.2375
15:19:38     iter 113  obj 0.19416  best 0.45189  step 0.2375
15:19:39     iter 114  obj 0.31896  best 0.45189  step 0.1187  halved
15:19:40     iter 115  obj 0.32646  best 0.45189  step 0.1187
15:19:41     iter 116  obj 0.45459  best 0.45459  step 0.1187  *
15:19:42     iter 117  obj 0.46173  best 0.46173  step 0.1187  *
15:19:44     iter 118  obj 0.44825  best 0.46173  step 0.1187
15:19:45     iter 119  obj 0.42797  best 0.46173  step 0.1187
15:19:47     iter 120  obj 0.45504  best 0.46173  step 0.1187
15:19:48     iter 121  obj 0.28743  best 0.46173  step 0.1187
15:19:50     iter 122  obj 0.25024  best 0.46173  step 0.1187
15:19:52     iter 123  obj 0.42432  best 0.46173  step 0.1187
15:19:53     iter 124  obj 0.44872  best 0.46173  step 0.1187
15:19:55     iter 125  obj 0.37850  best 0.46173  step 0.1187
15:19:56     iter 126  obj 0.39866  best 0.46173  step 0.1187
15:19:58     iter 127  obj 0.25769  best 0.46173  step 0.1187
15:19:59     iter 128  obj 0.41411  best 0.46173  step 0.1187
15:20:01     iter 129  obj 0.44378  best 0.46173  step 0.1187
15:20:02     iter 130  obj 0.42365  best 0.46173  step 0.1187
15:20:04     iter 131  obj 0.44243  best 0.46173  step 0.1187
15:20:05     iter 132  obj 0.40918  best 0.46173  step 0.1187
15:20:07     iter 133  obj 0.47501  best 0.47501  step 0.1187  *
15:20:09     iter 134  obj 0.31859  best 0.47501  step 0.1187
15:20:10     iter 135  obj 0.24415  best 0.47501  step 0.1187
15:20:12     iter 136  obj 0.34395  best 0.47501  step 0.1187
15:20:13     iter 137  obj 0.40730  best 0.47501  step 0.1187
15:20:15     iter 138  obj 0.34619  best 0.47501  step 0.1187
15:20:16     iter 139  obj 0.42801  best 0.47501  step 0.1187
15:20:18     iter 140  obj 0.29175  best 0.47501  step 0.0594  halved
15:20:19     iter 141  obj 0.39812  best 0.47501  step 0.0594
15:20:21     iter 142  obj 0.45212  best 0.47501  step 0.0594
15:20:23     iter 143  obj 0.47427  best 0.47501  step 0.0594
15:20:24     iter 144  obj 0.46444  best 0.47501  step 0.0594
15:20:26     iter 145  obj 0.47673  best 0.47673  step 0.0594  *
15:20:27     iter 146  obj 0.47689  best 0.47689  step 0.0594  *
15:20:28     iter 147  obj 0.46034  best 0.47689  step 0.0594
15:20:29     iter 148  obj 0.48805  best 0.48805  step 0.0594  *
15:20:30     iter 149  obj 0.49604  best 0.49604  step 0.0594  *
15:20:31     iter 150  obj 0.45594  best 0.49604  step 0.0594
15:20:32     iter 151  obj 0.48809  best 0.49604  step 0.0594
15:20:33     iter 152  obj 0.46679  best 0.49604  step 0.0594
15:20:34     iter 153  obj 0.46157  best 0.49604  step 0.0594
15:20:35     iter 154  obj 0.48450  best 0.49604  step 0.0594
15:20:36     iter 155  obj 0.45140  best 0.49604  step 0.0594
15:20:38     iter 156  obj 0.45626  best 0.49604  step 0.0594
15:20:39     iter 157  obj 0.47829  best 0.49604  step 0.0594
15:20:40     iter 158  obj 0.47089  best 0.49604  step 0.0594
15:20:41     iter 159  obj 0.49224  best 0.49604  step 0.0594
15:20:42     iter 160  obj 0.47933  best 0.49604  step 0.0297  halved
15:20:43     iter 161  obj 0.46582  best 0.49604  step 0.0297
15:20:44     iter 162  obj 0.49382  best 0.49604  step 0.0297
15:20:45     iter 163  obj 0.48647  best 0.49604  step 0.0297
15:20:46     iter 164  obj 0.51004  best 0.51004  step 0.0297  *
15:20:47     iter 165  obj 0.49288  best 0.51004  step 0.0297
15:20:48     iter 166  obj 0.49940  best 0.51004  step 0.0297
15:20:49     iter 167  obj 0.50523  best 0.51004  step 0.0297
15:20:51     iter 168  obj 0.51183  best 0.51183  step 0.0297  *
15:20:52     iter 169  obj 0.54117  best 0.54117  step 0.0297  *
15:20:53     iter 170  obj 0.50026  best 0.54117  step 0.0297
15:20:54     iter 171  obj 0.51859  best 0.54117  step 0.0297
15:20:55     iter 172  obj 0.55987  best 0.55987  step 0.0297  *
15:20:56     iter 173  obj 0.54124  best 0.55987  step 0.0297
15:20:57     iter 174  obj 0.56749  best 0.56749  step 0.0148  *  halved
15:20:58     iter 175  obj 0.51104  best 0.56749  step 0.0148
15:20:59     iter 176  obj 0.56114  best 0.56749  step 0.0148
15:21:01     iter 177  obj 0.70416  best 0.70416  step 0.0148  *
15:21:02     iter 178  obj 0.66649  best 0.70416  step 0.0148
15:21:03     iter 179  obj 0.55205  best 0.70416  step 0.0148
15:21:04     iter 180  obj 0.62304  best 0.70416  step 0.0148
15:21:05     iter 181  obj 0.63078  best 0.70416  step 0.0148
15:21:06     iter 182  obj 0.78380  best 0.78380  step 0.0148  *
15:21:07     iter 183  obj 0.61734  best 0.78380  step 0.0148
15:21:08     iter 184  obj 0.83711  best 0.83711  step 0.0148  *
15:21:09     iter 185  obj 0.66812  best 0.83711  step 0.0148
15:21:10     iter 186  obj 0.68309  best 0.83711  step 0.0074  halved
15:21:12     iter 187  obj 0.78686  best 0.83711  step 0.0074
15:21:13     iter 188  obj 0.82375  best 0.83711  step 0.0074
15:21:14     iter 189  obj 0.85345  best 0.85345  step 0.0074  *
15:21:15     iter 190  obj 0.83825  best 0.85345  step 0.0074
15:21:16     iter 191  obj 0.95769  best 0.95769  step 0.0074  *
15:21:17     iter 192  obj 0.99016  best 0.99016  step 0.0074  *
15:21:18     iter 193  obj 0.79988  best 0.99016  step 0.0074
15:21:19     iter 194  obj 0.73792  best 0.99016  step 0.0074
15:21:20     iter 195  obj 0.92143  best 0.99016  step 0.0074
15:21:21     iter 196  obj 0.95976  best 0.99016  step 0.0074
15:21:22     iter 197  obj 0.99789  best 0.99789  step 0.0074  *
15:21:24     iter 198  obj 0.89943  best 0.99789  step 0.0037  halved
15:21:25     iter 199  obj 1.02413  best 1.02413  step 0.0037  *
15:21:26     iter 200  obj 1.16236  best 1.16236  step 0.0037  *
15:21:26      poisoned ce=0.77835 auc=0.5472 acc=0.7890 f1=0.1172  dce=+0.32372 dacc=-0.0170  k=1500  [235.7s]
15:21:26   mean over 1 trials: dce=+0.32372 dacc=-0.0170 dauc=-0.1682  -> results/niter_sweep_final/lcld_v2_rs2_it200

