14:21:01 [x-capgd] datasets/url_unique/splits/selected/natural/context_5000.csv (5000x63) -> datasets/url_unique/splits/test_attack_1000.csv (1000 of 1000)  k=1500 (30.0%)  attack_class=None  grid 1x1  cuda:1
14:21:05   clean  ce=0.09328 auc=0.9935 acc=0.9650 f1=0.9644  max|dp| over 3 repeats=0.00e+00  chunking_exact=True  [3.2s]
14:21:05   constraints=full (14 relations, dataset 'url_unique')  scaler=metadata  mutable 63/63  int 58  cat 0
14:21:05   -- trial run0_sub0
14:21:08     iter   0  obj 0.09328  best 0.09328  step 0.9500
14:21:10     iter   1  obj -4.27486  best 0.09328  step 0.9500
14:21:12     iter   2  obj -0.13655  best 0.09328  step 0.9500
14:21:14     iter   3  obj -0.23250  best 0.09328  step 0.9500
14:21:16     iter   4  obj -0.32331  best 0.09328  step 0.9500
14:21:18     iter   5  obj -0.64316  best 0.09328  step 0.9500
14:21:21     iter   6  obj -0.52623  best 0.09328  step 0.9500
14:21:23     iter   7  obj -0.84879  best 0.09328  step 0.9500
14:21:25     iter   8  obj -0.60121  best 0.09328  step 0.9500
14:21:27     iter   9  obj -0.69033  best 0.09328  step 0.9500
14:21:29     iter  10  obj -0.51885  best 0.09328  step 0.9500
14:21:32     iter  11  obj -0.54763  best 0.09328  step 0.9500
14:21:34     iter  12  obj -0.31313  best 0.09328  step 0.9500
14:21:36     iter  13  obj -0.44925  best 0.09328  step 0.9500
14:21:38     iter  14  obj -0.84814  best 0.09328  step 0.9500
14:21:40     iter  15  obj -0.51568  best 0.09328  step 0.9500
14:21:43     iter  16  obj -0.47738  best 0.09328  step 0.9500
14:21:45     iter  17  obj -0.51706  best 0.09328  step 0.9500
14:21:47     iter  18  obj -0.33734  best 0.09328  step 0.9500
14:21:49     iter  19  obj -0.68684  best 0.09328  step 0.9500
14:21:51     iter  20  obj -0.71257  best 0.09328  step 0.9500
14:21:53     iter  21  obj -0.81027  best 0.09328  step 0.9500
14:21:56     iter  22  obj -1.03942  best 0.09328  step 0.9500
14:21:58     iter  23  obj -0.58885  best 0.09328  step 0.9500
14:22:00     iter  24  obj -0.47574  best 0.09328  step 0.9500
14:22:02     iter  25  obj -0.44987  best 0.09328  step 0.9500
14:22:04     iter  26  obj -0.55573  best 0.09328  step 0.9500
14:22:07     iter  27  obj -0.61810  best 0.09328  step 0.9500
14:22:09     iter  28  obj -0.71652  best 0.09328  step 0.9500
14:22:11     iter  29  obj -0.64407  best 0.09328  step 0.9500
14:22:13     iter  30  obj -0.61087  best 0.09328  step 0.9500
14:22:15     iter  31  obj -0.40977  best 0.09328  step 0.9500
14:22:18     iter  32  obj -0.44661  best 0.09328  step 0.9500
14:22:20     iter  33  obj -0.66591  best 0.09328  step 0.9500
14:22:22     iter  34  obj -1.73684  best 0.09328  step 0.9500
14:22:24     iter  35  obj -0.56516  best 0.09328  step 0.9500
14:22:26     iter  36  obj -0.34503  best 0.09328  step 0.9500
14:22:29     iter  37  obj -0.44476  best 0.09328  step 0.9500
14:22:31     iter  38  obj -0.47074  best 0.09328  step 0.9500
14:22:33     iter  39  obj -0.42053  best 0.09328  step 0.9500
14:22:35     iter  40  obj -0.74837  best 0.09328  step 0.9500
14:22:37     iter  41  obj -0.55844  best 0.09328  step 0.9500
14:22:40     iter  42  obj -0.26264  best 0.09328  step 0.9500
14:22:42     iter  43  obj -0.51090  best 0.09328  step 0.9500
14:22:44     iter  44  obj -0.60313  best 0.09328  step 0.4750  halved
14:22:46     iter  45  obj -4.04593  best 0.09328  step 0.4750
14:22:48     iter  46  obj -0.38383  best 0.09328  step 0.4750
14:22:51     iter  47  obj -0.21553  best 0.09328  step 0.4750
14:22:53     iter  48  obj -0.03379  best 0.09328  step 0.4750
14:22:55     iter  49  obj -0.14560  best 0.09328  step 0.4750
14:22:57     iter  50  obj -0.44578  best 0.09328  step 0.4750
14:22:59     iter  51  obj -0.16775  best 0.09328  step 0.4750
14:23:01     iter  52  obj -0.11252  best 0.09328  step 0.4750
14:23:04     iter  53  obj -0.12627  best 0.09328  step 0.4750
14:23:06     iter  54  obj -0.10719  best 0.09328  step 0.4750
14:23:08     iter  55  obj -0.02601  best 0.09328  step 0.4750
14:23:10     iter  56  obj -0.22210  best 0.09328  step 0.4750
14:23:12     iter  57  obj -0.37968  best 0.09328  step 0.4750
14:23:15     iter  58  obj -0.16137  best 0.09328  step 0.4750
14:23:17     iter  59  obj -0.31163  best 0.09328  step 0.4750
14:23:19     iter  60  obj -0.31953  best 0.09328  step 0.4750
14:23:21     iter  61  obj -0.29844  best 0.09328  step 0.4750
14:23:23     iter  62  obj -0.27970  best 0.09328  step 0.4750
14:23:26     iter  63  obj -0.48278  best 0.09328  step 0.4750
14:23:28     iter  64  obj -0.33525  best 0.09328  step 0.4750
14:23:30     iter  65  obj -0.62498  best 0.09328  step 0.4750
14:23:32     iter  66  obj -0.56686  best 0.09328  step 0.4750
14:23:34     iter  67  obj -0.19790  best 0.09328  step 0.4750
14:23:37     iter  68  obj -0.21797  best 0.09328  step 0.4750
14:23:39     iter  69  obj -0.28952  best 0.09328  step 0.4750
14:23:41     iter  70  obj -0.28410  best 0.09328  step 0.4750
14:23:43     iter  71  obj -0.25415  best 0.09328  step 0.4750
14:23:45     iter  72  obj -0.11850  best 0.09328  step 0.4750
14:23:48     iter  73  obj -0.18784  best 0.09328  step 0.4750
14:23:50     iter  74  obj -0.26293  best 0.09328  step 0.4750
14:23:52     iter  75  obj -0.25294  best 0.09328  step 0.4750
14:23:54     iter  76  obj -0.06583  best 0.09328  step 0.4750
14:23:56     iter  77  obj -0.10590  best 0.09328  step 0.4750
14:23:58     iter  78  obj -0.28862  best 0.09328  step 0.4750
14:24:01     iter  79  obj -0.32648  best 0.09328  step 0.4750
14:24:03     iter  80  obj -0.42869  best 0.09328  step 0.4750
14:24:05     iter  81  obj -0.27404  best 0.09328  step 0.4750
14:24:07     iter  82  obj -0.36413  best 0.09328  step 0.2375  halved
14:24:09     iter  83  obj -3.14689  best 0.09328  step 0.2375
14:24:12     iter  84  obj -0.21837  best 0.09328  step 0.2375
14:24:14     iter  85  obj -0.19290  best 0.09328  step 0.2375
14:24:16     iter  86  obj -0.15036  best 0.09328  step 0.2375
14:24:18     iter  87  obj -0.03962  best 0.09328  step 0.2375
14:24:20     iter  88  obj -0.24110  best 0.09328  step 0.2375
14:24:23     iter  89  obj -0.05499  best 0.09328  step 0.2375
14:24:25     iter  90  obj 0.03474  best 0.09328  step 0.2375
14:24:27     iter  91  obj -0.06280  best 0.09328  step 0.2375
14:24:29     iter  92  obj -0.09986  best 0.09328  step 0.2375
14:24:31     iter  93  obj 0.03158  best 0.09328  step 0.2375
14:24:34     iter  94  obj 0.03986  best 0.09328  step 0.2375
14:24:36     iter  95  obj 0.00307  best 0.09328  step 0.2375
14:24:38     iter  96  obj -0.05693  best 0.09328  step 0.2375
14:24:40     iter  97  obj -0.04383  best 0.09328  step 0.2375
14:24:42     iter  98  obj -0.00319  best 0.09328  step 0.2375
14:24:44     iter  99  obj -0.04405  best 0.09328  step 0.2375
14:24:47     iter 100  obj -0.07239  best 0.09328  step 0.2375
14:24:49     iter 101  obj 0.02544  best 0.09328  step 0.2375
14:24:51     iter 102  obj 0.04546  best 0.09328  step 0.2375
14:24:53     iter 103  obj 0.09967  best 0.09967  step 0.2375  *
14:24:55     iter 104  obj 0.05726  best 0.09967  step 0.2375
14:24:58     iter 105  obj 0.03232  best 0.09967  step 0.2375
14:25:00     iter 106  obj 0.10055  best 0.10055  step 0.2375  *
14:25:02     iter 107  obj -0.05478  best 0.10055  step 0.2375
14:25:04     iter 108  obj 0.06052  best 0.10055  step 0.2375
14:25:06     iter 109  obj -0.17847  best 0.10055  step 0.2375
14:25:09     iter 110  obj 0.01170  best 0.10055  step 0.2375
14:25:11     iter 111  obj 0.05294  best 0.10055  step 0.2375
14:25:13     iter 112  obj -0.11297  best 0.10055  step 0.2375
14:25:15     iter 113  obj 0.07952  best 0.10055  step 0.2375
14:25:17     iter 114  obj 0.00529  best 0.10055  step 0.1188  halved
14:25:20     iter 115  obj -0.72420  best 0.10055  step 0.1188
14:25:22     iter 116  obj 0.06489  best 0.10055  step 0.1188
14:25:24     iter 117  obj 0.14124  best 0.14124  step 0.1188  *
14:25:26     iter 118  obj 0.13096  best 0.14124  step 0.1188
14:25:28     iter 119  obj 0.10125  best 0.14124  step 0.1188
14:25:30     iter 120  obj 0.13831  best 0.14124  step 0.1188
14:25:33     iter 121  obj 0.20328  best 0.20328  step 0.1188  *
14:25:35     iter 122  obj 0.23925  best 0.23925  step 0.1188  *
14:25:37     iter 123  obj 0.31362  best 0.31362  step 0.1188  *
14:25:39     iter 124  obj 0.34504  best 0.34504  step 0.1188  *
14:25:41     iter 125  obj 0.40194  best 0.40194  step 0.1188  *
14:25:44     iter 126  obj 0.34327  best 0.40194  step 0.1188
14:25:46     iter 127  obj 0.26642  best 0.40194  step 0.1188
14:25:48     iter 128  obj 0.52482  best 0.52482  step 0.1188  *
14:25:50     iter 129  obj 0.55368  best 0.55368  step 0.1188  *
14:25:52     iter 130  obj 0.66917  best 0.66917  step 0.1188  *
14:25:55     iter 131  obj 0.65882  best 0.66917  step 0.1188
14:25:57     iter 132  obj 0.48866  best 0.66917  step 0.1188
14:25:59     iter 133  obj 0.63846  best 0.66917  step 0.1188
14:26:01     iter 134  obj 0.44764  best 0.66917  step 0.1188
14:26:03     iter 135  obj 0.25942  best 0.66917  step 0.1188
14:26:06     iter 136  obj 0.32251  best 0.66917  step 0.1188
14:26:08     iter 137  obj 0.50452  best 0.66917  step 0.1188
14:26:10     iter 138  obj 0.54920  best 0.66917  step 0.1188
14:26:12     iter 139  obj 0.66014  best 0.66917  step 0.1188
14:26:14     iter 140  obj 0.63962  best 0.66917  step 0.0594  halved
14:26:16     iter 141  obj 0.22316  best 0.66917  step 0.0594
14:26:19     iter 142  obj 0.82857  best 0.82857  step 0.0594  *
14:26:21     iter 143  obj 0.78930  best 0.82857  step 0.0594
14:26:23     iter 144  obj 1.26234  best 1.26234  step 0.0594  *
14:26:25     iter 145  obj 1.22526  best 1.26234  step 0.0594
14:26:27     iter 146  obj 1.63253  best 1.63253  step 0.0594  *
14:26:30     iter 147  obj 1.08235  best 1.63253  step 0.0594
14:26:32     iter 148  obj 0.78495  best 1.63253  step 0.0594
14:26:34     iter 149  obj 0.99643  best 1.63253  step 0.0594
14:26:36     iter 150  obj 1.15788  best 1.63253  step 0.0594
14:26:38     iter 151  obj 1.05543  best 1.63253  step 0.0594
14:26:41     iter 152  obj 1.46040  best 1.63253  step 0.0594
14:26:43     iter 153  obj 1.66998  best 1.66998  step 0.0594  *
14:26:45     iter 154  obj 1.22308  best 1.66998  step 0.0594
14:26:47     iter 155  obj 2.06183  best 2.06183  step 0.0594  *
14:26:49     iter 156  obj 1.52884  best 2.06183  step 0.0594
14:26:52     iter 157  obj 2.66043  best 2.66043  step 0.0594  *
14:26:54     iter 158  obj 2.36735  best 2.66043  step 0.0594
14:26:56     iter 159  obj 1.97255  best 2.66043  step 0.0594
14:26:58     iter 160  obj 1.89989  best 2.66043  step 0.0297  halved
14:27:00     iter 161  obj 2.94237  best 2.94237  step 0.0297  *
14:27:02     iter 162  obj 2.50295  best 2.94237  step 0.0297
14:27:05     iter 163  obj 3.01832  best 3.01832  step 0.0297  *
14:27:07     iter 164  obj 3.68358  best 3.68358  step 0.0297  *
14:27:09     iter 165  obj 3.70153  best 3.70153  step 0.0297  *
14:27:11     iter 166  obj 2.75456  best 3.70153  step 0.0297
14:27:13     iter 167  obj 3.53124  best 3.70153  step 0.0297
14:27:16     iter 168  obj 4.02569  best 4.02569  step 0.0297  *
14:27:18     iter 169  obj 4.83500  best 4.83500  step 0.0297  *
14:27:20     iter 170  obj 4.00831  best 4.83500  step 0.0297
14:27:22     iter 171  obj 4.96325  best 4.96325  step 0.0297  *
14:27:24     iter 172  obj 4.57529  best 4.96325  step 0.0297
14:27:27     iter 173  obj 4.46789  best 4.96325  step 0.0297
14:27:29     iter 174  obj 4.90082  best 4.96325  step 0.0148  halved
14:27:31     iter 175  obj 5.67123  best 5.67123  step 0.0148  *
14:27:33     iter 176  obj 5.65593  best 5.67123  step 0.0148
14:27:35     iter 177  obj 6.01755  best 6.01755  step 0.0148  *
14:27:38     iter 178  obj 6.57074  best 6.57074  step 0.0148  *
14:27:40     iter 179  obj 7.07828  best 7.07828  step 0.0148  *
14:27:42     iter 180  obj 5.68081  best 7.07828  step 0.0148
14:27:44     iter 181  obj 7.90025  best 7.90025  step 0.0148  *
14:27:46     iter 182  obj 6.18515  best 7.90025  step 0.0148
14:27:49     iter 183  obj 8.10031  best 8.10031  step 0.0148  *
14:27:51     iter 184  obj 7.69584  best 8.10031  step 0.0148
14:27:53     iter 185  obj 8.38928  best 8.38928  step 0.0148  *
14:27:55     iter 186  obj 8.06091  best 8.38928  step 0.0074  halved
14:27:57     iter 187  obj 9.78630  best 9.78630  step 0.0074  *
14:27:59     iter 188  obj 10.19334  best 10.19334  step 0.0074  *
14:28:02     iter 189  obj 11.33041  best 11.33041  step 0.0074  *
14:28:04     iter 190  obj 10.84984  best 11.33041  step 0.0074
14:28:06     iter 191  obj 11.85610  best 11.85610  step 0.0074  *
14:28:08     iter 192  obj 12.65116  best 12.65116  step 0.0074  *
14:28:10     iter 193  obj 12.58249  best 12.65116  step 0.0074
14:28:13     iter 194  obj 12.60908  best 12.65116  step 0.0074
14:28:15     iter 195  obj 11.32428  best 12.65116  step 0.0074
14:28:17     iter 196  obj 12.71984  best 12.71984  step 0.0074  *
14:28:19     iter 197  obj 13.33231  best 13.33231  step 0.0074  *
14:28:21     iter 198  obj 13.06397  best 13.33231  step 0.0037  halved
14:28:24     iter 199  obj 13.54371  best 13.54371  step 0.0037  *
14:28:26     iter 200  obj 13.69104  best 13.69104  step 0.0037  *
14:28:27      poisoned ce=0.13129 auc=0.9910 acc=0.9600 f1=0.9603  dce=+0.03801 dacc=-0.0050  k=1500  [441.9s]
14:28:27   mean over 1 trials: dce=+0.03801 dacc=-0.0050 dauc=-0.0026  -> results/niter_sweep_final/url_unique_rs1_it200

