13:49:28 [x-capgd] datasets/url_unique/splits/selected/natural/context_5000.csv (5000x63) -> datasets/url_unique/splits/test_attack_1000.csv (1000 of 1000)  k=1500 (30.0%)  attack_class=None  grid 1x1  cuda:1
13:49:32   clean  ce=0.09328 auc=0.9935 acc=0.9650 f1=0.9644  max|dp| over 3 repeats=0.00e+00  chunking_exact=True  [3.2s]
13:49:32   constraints=full (14 relations, dataset 'url_unique')  scaler=metadata  mutable 63/63  int 58  cat 0
13:49:32   -- trial run0_sub0
13:49:35     iter   0  obj 0.09328  best 0.09328  step 0.9500
13:49:37     iter   1  obj -4.05722  best 0.09328  step 0.9500
13:49:39     iter   2  obj -0.34027  best 0.09328  step 0.9500
13:49:41     iter   3  obj -0.30671  best 0.09328  step 0.9500
13:49:43     iter   4  obj -0.20238  best 0.09328  step 0.9500
13:49:46     iter   5  obj -0.35385  best 0.09328  step 0.9500
13:49:48     iter   6  obj -1.10741  best 0.09328  step 0.9500
13:49:50     iter   7  obj -0.67169  best 0.09328  step 0.9500
13:49:52     iter   8  obj -0.34115  best 0.09328  step 0.9500
13:49:54     iter   9  obj -0.27383  best 0.09328  step 0.9500
13:49:56     iter  10  obj -0.43509  best 0.09328  step 0.9500
13:49:59     iter  11  obj -0.32353  best 0.09328  step 0.9500
13:50:01     iter  12  obj -0.42714  best 0.09328  step 0.9500
13:50:03     iter  13  obj -0.74463  best 0.09328  step 0.9500
13:50:05     iter  14  obj -0.79044  best 0.09328  step 0.9500
13:50:07     iter  15  obj -0.44741  best 0.09328  step 0.9500
13:50:10     iter  16  obj -0.34339  best 0.09328  step 0.4750  halved
13:50:12     iter  17  obj -4.01737  best 0.09328  step 0.4750
13:50:14     iter  18  obj -0.75241  best 0.09328  step 0.4750
13:50:16     iter  19  obj -0.05276  best 0.09328  step 0.4750
13:50:18     iter  20  obj -0.00637  best 0.09328  step 0.4750
13:50:21     iter  21  obj -0.15632  best 0.09328  step 0.4750
13:50:23     iter  22  obj -0.12774  best 0.09328  step 0.4750
13:50:25     iter  23  obj -0.10613  best 0.09328  step 0.4750
13:50:27     iter  24  obj -0.16351  best 0.09328  step 0.4750
13:50:29     iter  25  obj -0.07177  best 0.09328  step 0.4750
13:50:31     iter  26  obj -0.06096  best 0.09328  step 0.4750
13:50:34     iter  27  obj -0.03633  best 0.09328  step 0.4750
13:50:36     iter  28  obj -0.01615  best 0.09328  step 0.4750
13:50:38     iter  29  obj -0.07920  best 0.09328  step 0.4750
13:50:40     iter  30  obj -0.31379  best 0.09328  step 0.2375  halved
13:50:42     iter  31  obj -2.23229  best 0.09328  step 0.2375
13:50:45     iter  32  obj -0.27626  best 0.09328  step 0.2375
13:50:47     iter  33  obj -0.14490  best 0.09328  step 0.2375
13:50:49     iter  34  obj -0.10087  best 0.09328  step 0.2375
13:50:51     iter  35  obj -0.01310  best 0.09328  step 0.2375
13:50:53     iter  36  obj -0.18250  best 0.09328  step 0.2375
13:50:56     iter  37  obj 0.02099  best 0.09328  step 0.2375
13:50:58     iter  38  obj -0.00735  best 0.09328  step 0.2375
13:51:00     iter  39  obj -0.02535  best 0.09328  step 0.2375
13:51:02     iter  40  obj -0.05134  best 0.09328  step 0.2375
13:51:04     iter  41  obj -0.00582  best 0.09328  step 0.2375
13:51:06     iter  42  obj -0.00788  best 0.09328  step 0.1188  halved
13:51:09     iter  43  obj -4.53004  best 0.09328  step 0.1188
13:51:11     iter  44  obj -0.01934  best 0.09328  step 0.1188
13:51:13     iter  45  obj 0.04004  best 0.09328  step 0.1188
13:51:15     iter  46  obj 0.08263  best 0.09328  step 0.1188
13:51:17     iter  47  obj 0.12645  best 0.12645  step 0.1188  *
13:51:20     iter  48  obj 0.08682  best 0.12645  step 0.1188
13:51:22     iter  49  obj 0.09794  best 0.12645  step 0.1188
13:51:24     iter  50  obj 0.08718  best 0.12645  step 0.1188
13:51:26     iter  51  obj 0.10103  best 0.12645  step 0.1188
13:51:28     iter  52  obj 0.13949  best 0.13949  step 0.0594  *  halved
13:51:31     iter  53  obj 0.10643  best 0.13949  step 0.0594
13:51:33     iter  54  obj 0.19230  best 0.19230  step 0.0594  *
13:51:35     iter  55  obj 0.23120  best 0.23120  step 0.0594  *
13:51:37     iter  56  obj 0.25629  best 0.25629  step 0.0594  *
13:51:39     iter  57  obj 0.25765  best 0.25765  step 0.0594  *
13:51:42     iter  58  obj 0.31456  best 0.31456  step 0.0594  *
13:51:44     iter  59  obj 0.28736  best 0.31456  step 0.0594
13:51:46     iter  60  obj 0.26629  best 0.31456  step 0.0297  halved
13:51:48     iter  61  obj 0.44491  best 0.44491  step 0.0297  *
13:51:50     iter  62  obj 0.42091  best 0.44491  step 0.0297
13:51:53     iter  63  obj 0.56424  best 0.56424  step 0.0297  *
13:51:55     iter  64  obj 0.65253  best 0.65253  step 0.0297  *
13:51:57     iter  65  obj 0.84431  best 0.84431  step 0.0297  *
13:51:59     iter  66  obj 0.99910  best 0.99910  step 0.0297  *
13:52:01     iter  67  obj 0.83383  best 0.99910  step 0.0297
13:52:03     iter  68  obj 1.02495  best 1.02495  step 0.0297  *
13:52:06     iter  69  obj 0.88127  best 1.02495  step 0.0297
13:52:08     iter  70  obj 1.17001  best 1.17001  step 0.0148  *  halved
13:52:10     iter  71  obj 1.16137  best 1.17001  step 0.0148
13:52:12     iter  72  obj 1.98754  best 1.98754  step 0.0148  *
13:52:14     iter  73  obj 2.47701  best 2.47701  step 0.0148  *
13:52:17     iter  74  obj 2.66888  best 2.66888  step 0.0074  *  halved
13:52:19     iter  75  obj 2.85885  best 2.85885  step 0.0074  *
13:52:20      poisoned ce=0.11296 auc=0.9907 acc=0.9640 f1=0.9636  dce=+0.01968 dacc=-0.0010  k=1500  [167.9s]
13:52:20   mean over 1 trials: dce=+0.01968 dacc=-0.0010 dauc=-0.0028  -> results/niter_sweep_final/url_unique_rs3_it75

