13:46:31 [x-capgd] datasets/url_unique/splits/selected/natural/context_5000.csv (5000x63) -> datasets/url_unique/splits/test_attack_1000.csv (1000 of 1000)  k=1500 (30.0%)  attack_class=None  grid 1x1  cuda:1
13:46:36   clean  ce=0.09328 auc=0.9935 acc=0.9650 f1=0.9644  max|dp| over 3 repeats=0.00e+00  chunking_exact=True  [3.2s]
13:46:36   constraints=full (14 relations, dataset 'url_unique')  scaler=metadata  mutable 63/63  int 58  cat 0
13:46:36   -- trial run0_sub0
13:46:38     iter   0  obj 0.09328  best 0.09328  step 0.9500
13:46:40     iter   1  obj -4.27469  best 0.09328  step 0.9500
13:46:43     iter   2  obj -0.22452  best 0.09328  step 0.9500
13:46:45     iter   3  obj -0.11293  best 0.09328  step 0.9500
13:46:47     iter   4  obj -0.23577  best 0.09328  step 0.9500
13:46:49     iter   5  obj -0.57432  best 0.09328  step 0.9500
13:46:51     iter   6  obj -0.48000  best 0.09328  step 0.9500
13:46:54     iter   7  obj -0.62568  best 0.09328  step 0.9500
13:46:56     iter   8  obj -0.50597  best 0.09328  step 0.9500
13:46:58     iter   9  obj -0.36481  best 0.09328  step 0.9500
13:47:00     iter  10  obj -0.20963  best 0.09328  step 0.9500
13:47:02     iter  11  obj -0.50709  best 0.09328  step 0.9500
13:47:05     iter  12  obj -0.77968  best 0.09328  step 0.9500
13:47:07     iter  13  obj -0.66554  best 0.09328  step 0.9500
13:47:09     iter  14  obj -0.55009  best 0.09328  step 0.9500
13:47:11     iter  15  obj -0.33497  best 0.09328  step 0.9500
13:47:13     iter  16  obj -0.28605  best 0.09328  step 0.4750  halved
13:47:15     iter  17  obj -4.28015  best 0.09328  step 0.4750
13:47:18     iter  18  obj -0.68123  best 0.09328  step 0.4750
13:47:20     iter  19  obj -0.17587  best 0.09328  step 0.4750
13:47:22     iter  20  obj -0.01681  best 0.09328  step 0.4750
13:47:24     iter  21  obj -0.14808  best 0.09328  step 0.4750
13:47:26     iter  22  obj -0.17546  best 0.09328  step 0.4750
13:47:29     iter  23  obj -0.09989  best 0.09328  step 0.4750
13:47:31     iter  24  obj -0.13896  best 0.09328  step 0.4750
13:47:33     iter  25  obj -0.12675  best 0.09328  step 0.4750
13:47:35     iter  26  obj -0.15510  best 0.09328  step 0.4750
13:47:37     iter  27  obj -0.12848  best 0.09328  step 0.4750
13:47:40     iter  28  obj -0.18129  best 0.09328  step 0.4750
13:47:42     iter  29  obj -0.37903  best 0.09328  step 0.4750
13:47:44     iter  30  obj -0.44616  best 0.09328  step 0.2375  halved
13:47:46     iter  31  obj -2.32231  best 0.09328  step 0.2375
13:47:48     iter  32  obj -0.41573  best 0.09328  step 0.2375
13:47:51     iter  33  obj -0.14250  best 0.09328  step 0.2375
13:47:53     iter  34  obj -0.05571  best 0.09328  step 0.2375
13:47:55     iter  35  obj -0.04027  best 0.09328  step 0.2375
13:47:57     iter  36  obj -0.06205  best 0.09328  step 0.2375
13:47:59     iter  37  obj 0.04522  best 0.09328  step 0.2375
13:48:02     iter  38  obj -0.03706  best 0.09328  step 0.2375
13:48:04     iter  39  obj -0.10039  best 0.09328  step 0.2375
13:48:06     iter  40  obj -0.08905  best 0.09328  step 0.2375
13:48:08     iter  41  obj -0.04444  best 0.09328  step 0.2375
13:48:10     iter  42  obj 0.04870  best 0.09328  step 0.1188  halved
13:48:12     iter  43  obj -4.71903  best 0.09328  step 0.1188
13:48:15     iter  44  obj -0.03832  best 0.09328  step 0.1188
13:48:17     iter  45  obj 0.06055  best 0.09328  step 0.1188
13:48:19     iter  46  obj 0.08425  best 0.09328  step 0.1188
13:48:21     iter  47  obj 0.06501  best 0.09328  step 0.1188
13:48:23     iter  48  obj 0.06584  best 0.09328  step 0.1188
13:48:26     iter  49  obj 0.04371  best 0.09328  step 0.1188
13:48:28     iter  50  obj 0.09633  best 0.09633  step 0.1188  *
13:48:30     iter  51  obj 0.10565  best 0.10565  step 0.1188  *
13:48:32     iter  52  obj 0.12090  best 0.12090  step 0.0594  *  halved
13:48:34     iter  53  obj 0.12720  best 0.12720  step 0.0594  *
13:48:37     iter  54  obj 0.16988  best 0.16988  step 0.0594  *
13:48:39     iter  55  obj 0.14971  best 0.16988  step 0.0594
13:48:41     iter  56  obj 0.18841  best 0.18841  step 0.0594  *
13:48:43     iter  57  obj 0.14781  best 0.18841  step 0.0594
13:48:45     iter  58  obj 0.20361  best 0.20361  step 0.0594  *
13:48:48     iter  59  obj 0.17821  best 0.20361  step 0.0594
13:48:50     iter  60  obj 0.18977  best 0.20361  step 0.0297  halved
13:48:52     iter  61  obj 0.24345  best 0.24345  step 0.0297  *
13:48:54     iter  62  obj 0.26212  best 0.26212  step 0.0297  *
13:48:56     iter  63  obj 0.27842  best 0.27842  step 0.0297  *
13:48:59     iter  64  obj 0.28270  best 0.28270  step 0.0297  *
13:49:01     iter  65  obj 0.24844  best 0.28270  step 0.0297
13:49:03     iter  66  obj 0.31689  best 0.31689  step 0.0297  *
13:49:05     iter  67  obj 0.28221  best 0.31689  step 0.0297
13:49:07     iter  68  obj 0.32748  best 0.32748  step 0.0297  *
13:49:09     iter  69  obj 0.32663  best 0.32748  step 0.0297
13:49:12     iter  70  obj 0.39053  best 0.39053  step 0.0148  *  halved
13:49:14     iter  71  obj 0.42914  best 0.42914  step 0.0148  *
13:49:16     iter  72  obj 0.44956  best 0.44956  step 0.0148  *
13:49:18     iter  73  obj 0.52025  best 0.52025  step 0.0148  *
13:49:20     iter  74  obj 0.48995  best 0.52025  step 0.0074  halved
13:49:23     iter  75  obj 0.57023  best 0.57023  step 0.0074  *
13:49:24      poisoned ce=0.17393 auc=0.9837 acc=0.9430 f1=0.9428  dce=+0.08065 dacc=-0.0220  k=1500  [168.1s]
13:49:24   mean over 1 trials: dce=+0.08065 dacc=-0.0220 dauc=-0.0098  -> results/niter_sweep_final/url_unique_rs2_it75

