13:39:32 [x-capgd] datasets/url_unique/splits/selected/natural/context_5000.csv (5000x63) -> datasets/url_unique/splits/test_attack_1000.csv (1000 of 1000)  k=1500 (30.0%)  attack_class=None  grid 1x1  cuda:1
13:39:37   clean  ce=0.09328 auc=0.9935 acc=0.9650 f1=0.9644  max|dp| over 3 repeats=0.00e+00  chunking_exact=True  [3.2s]
13:39:37   constraints=full (14 relations, dataset 'url_unique')  scaler=metadata  mutable 63/63  int 58  cat 0
13:39:37   -- trial run0_sub0
13:39:39     iter   0  obj 0.09328  best 0.09328  step 0.9500
13:39:41     iter   1  obj -4.27466  best 0.09328  step 0.9500
13:39:43     iter   2  obj -0.22074  best 0.09328  step 0.9500
13:39:46     iter   3  obj -0.10282  best 0.09328  step 0.9500
13:39:48     iter   4  obj -0.22944  best 0.09328  step 0.9500
13:39:50     iter   5  obj -0.52156  best 0.09328  step 0.9500
13:39:52     iter   6  obj -0.48844  best 0.09328  step 0.9500
13:39:54     iter   7  obj -0.66587  best 0.09328  step 0.9500
13:39:57     iter   8  obj -0.66965  best 0.09328  step 0.9500
13:39:59     iter   9  obj -0.33994  best 0.09328  step 0.9500
13:40:01     iter  10  obj -0.36151  best 0.09328  step 0.9500
13:40:03     iter  11  obj -0.63511  best 0.09328  step 0.4750  halved
13:40:05     iter  12  obj -4.10654  best 0.09328  step 0.4750
13:40:08     iter  13  obj -0.43429  best 0.09328  step 0.4750
13:40:10     iter  14  obj -0.23234  best 0.09328  step 0.4750
13:40:12     iter  15  obj -0.23079  best 0.09328  step 0.4750
13:40:14     iter  16  obj -0.18568  best 0.09328  step 0.4750
13:40:16     iter  17  obj -0.09754  best 0.09328  step 0.4750
13:40:18     iter  18  obj -0.13278  best 0.09328  step 0.4750
13:40:21     iter  19  obj -0.21063  best 0.09328  step 0.4750
13:40:23     iter  20  obj -0.10513  best 0.09328  step 0.4750
13:40:25     iter  21  obj -0.13345  best 0.09328  step 0.2375  halved
13:40:27     iter  22  obj -3.91665  best 0.09328  step 0.2375
13:40:29     iter  23  obj -0.28587  best 0.09328  step 0.2375
13:40:32     iter  24  obj -0.02047  best 0.09328  step 0.2375
13:40:34     iter  25  obj -0.00856  best 0.09328  step 0.2375
13:40:36     iter  26  obj 0.03262  best 0.09328  step 0.2375
13:40:38     iter  27  obj 0.02026  best 0.09328  step 0.2375
13:40:40     iter  28  obj 0.03259  best 0.09328  step 0.2375
13:40:43     iter  29  obj 0.01214  best 0.09328  step 0.2375
13:40:45     iter  30  obj -0.02660  best 0.09328  step 0.1188  halved
13:40:47     iter  31  obj -4.81242  best 0.09328  step 0.1188
13:40:49     iter  32  obj 0.04048  best 0.09328  step 0.1188
13:40:51     iter  33  obj 0.05389  best 0.09328  step 0.1188
13:40:54     iter  34  obj 0.10802  best 0.10802  step 0.1188  *
13:40:56     iter  35  obj 0.06240  best 0.10802  step 0.1188
13:40:58     iter  36  obj 0.09099  best 0.10802  step 0.1188
13:41:00     iter  37  obj 0.09989  best 0.10802  step 0.1188
13:41:02     iter  38  obj 0.12173  best 0.12173  step 0.0594  *  halved
13:41:05     iter  39  obj 0.07380  best 0.12173  step 0.0594
13:41:07     iter  40  obj 0.12245  best 0.12245  step 0.0594  *
13:41:09     iter  41  obj 0.17801  best 0.17801  step 0.0594  *
13:41:11     iter  42  obj 0.14142  best 0.17801  step 0.0594
13:41:13     iter  43  obj 0.15864  best 0.17801  step 0.0594
13:41:15     iter  44  obj 0.13729  best 0.17801  step 0.0594
13:41:18     iter  45  obj 0.19423  best 0.19423  step 0.0297  *  halved
13:41:20     iter  46  obj 0.21575  best 0.21575  step 0.0297  *
13:41:22     iter  47  obj 0.25137  best 0.25137  step 0.0297  *
13:41:24     iter  48  obj 0.29542  best 0.29542  step 0.0297  *
13:41:26     iter  49  obj 0.34918  best 0.34918  step 0.0297  *
13:41:29     iter  50  obj 0.32574  best 0.34918  step 0.0297
13:41:30      poisoned ce=0.14738 auc=0.9866 acc=0.9520 f1=0.9519  dce=+0.05410 dacc=-0.0130  k=1500  [113.3s]
13:41:30   mean over 1 trials: dce=+0.05410 dacc=-0.0130 dauc=-0.0069  -> results/niter_sweep_final/url_unique_rs2_it50

