14:15:20 [x-capgd] datasets/url_unique/splits/selected/natural/context_5000.csv (5000x63) -> datasets/url_unique/splits/test_attack_1000.csv (1000 of 1000)  k=1500 (30.0%)  attack_class=None  grid 1x1  cuda:1
14:15:24   clean  ce=0.09328 auc=0.9935 acc=0.9650 f1=0.9644  max|dp| over 3 repeats=0.00e+00  chunking_exact=True  [3.2s]
14:15:25   constraints=full (14 relations, dataset 'url_unique')  scaler=metadata  mutable 63/63  int 58  cat 0
14:15:25   -- trial run0_sub0
14:15:27     iter   0  obj 0.09328  best 0.09328  step 0.9500
14:15:29     iter   1  obj -4.05724  best 0.09328  step 0.9500
14:15:31     iter   2  obj -0.33923  best 0.09328  step 0.9500
14:15:33     iter   3  obj -0.26550  best 0.09328  step 0.9500
14:15:36     iter   4  obj -0.21353  best 0.09328  step 0.9500
14:15:38     iter   5  obj -0.37867  best 0.09328  step 0.9500
14:15:40     iter   6  obj -0.35380  best 0.09328  step 0.9500
14:15:42     iter   7  obj -0.67315  best 0.09328  step 0.9500
14:15:44     iter   8  obj -0.57178  best 0.09328  step 0.9500
14:15:47     iter   9  obj -0.17689  best 0.09328  step 0.9500
14:15:49     iter  10  obj -0.24911  best 0.09328  step 0.9500
14:15:51     iter  11  obj -0.51981  best 0.09328  step 0.9500
14:15:53     iter  12  obj -0.66230  best 0.09328  step 0.9500
14:15:55     iter  13  obj -0.46982  best 0.09328  step 0.9500
14:15:58     iter  14  obj -0.58636  best 0.09328  step 0.9500
14:16:00     iter  15  obj -0.31837  best 0.09328  step 0.9500
14:16:02     iter  16  obj -0.49137  best 0.09328  step 0.9500
14:16:04     iter  17  obj -0.29384  best 0.09328  step 0.9500
14:16:06     iter  18  obj -0.32274  best 0.09328  step 0.9500
14:16:09     iter  19  obj -0.33299  best 0.09328  step 0.9500
14:16:11     iter  20  obj -0.33905  best 0.09328  step 0.9500
14:16:13     iter  21  obj -0.27298  best 0.09328  step 0.9500
14:16:15     iter  22  obj -0.32059  best 0.09328  step 0.9500
14:16:17     iter  23  obj -0.41631  best 0.09328  step 0.9500
14:16:20     iter  24  obj -0.37866  best 0.09328  step 0.9500
14:16:22     iter  25  obj -0.30945  best 0.09328  step 0.9500
14:16:24     iter  26  obj -0.34147  best 0.09328  step 0.9500
14:16:26     iter  27  obj -0.54407  best 0.09328  step 0.9500
14:16:28     iter  28  obj -0.56482  best 0.09328  step 0.9500
14:16:30     iter  29  obj -0.50543  best 0.09328  step 0.9500
14:16:33     iter  30  obj -0.40188  best 0.09328  step 0.9500
14:16:35     iter  31  obj -0.50392  best 0.09328  step 0.9500
14:16:37     iter  32  obj -0.37331  best 0.09328  step 0.9500
14:16:39     iter  33  obj -0.50099  best 0.09328  step 0.4750  halved
14:16:41     iter  34  obj -3.68575  best 0.09328  step 0.4750
14:16:44     iter  35  obj -0.70306  best 0.09328  step 0.4750
14:16:46     iter  36  obj -0.07899  best 0.09328  step 0.4750
14:16:48     iter  37  obj -0.07986  best 0.09328  step 0.4750
14:16:50     iter  38  obj -0.07181  best 0.09328  step 0.4750
14:16:52     iter  39  obj -0.19439  best 0.09328  step 0.4750
14:16:55     iter  40  obj -0.28126  best 0.09328  step 0.4750
14:16:57     iter  41  obj -0.08251  best 0.09328  step 0.4750
14:16:59     iter  42  obj -0.02401  best 0.09328  step 0.4750
14:17:01     iter  43  obj -0.08924  best 0.09328  step 0.4750
14:17:03     iter  44  obj 0.01080  best 0.09328  step 0.4750
14:17:06     iter  45  obj -0.19966  best 0.09328  step 0.4750
14:17:08     iter  46  obj -0.38184  best 0.09328  step 0.4750
14:17:10     iter  47  obj -0.25902  best 0.09328  step 0.4750
14:17:12     iter  48  obj -0.48448  best 0.09328  step 0.4750
14:17:14     iter  49  obj -0.33671  best 0.09328  step 0.4750
14:17:16     iter  50  obj -0.21897  best 0.09328  step 0.4750
14:17:19     iter  51  obj -0.50980  best 0.09328  step 0.4750
14:17:21     iter  52  obj -0.26630  best 0.09328  step 0.4750
14:17:23     iter  53  obj -0.04197  best 0.09328  step 0.4750
14:17:25     iter  54  obj -0.03126  best 0.09328  step 0.4750
14:17:27     iter  55  obj -0.11010  best 0.09328  step 0.4750
14:17:30     iter  56  obj -0.09652  best 0.09328  step 0.4750
14:17:32     iter  57  obj -0.07881  best 0.09328  step 0.4750
14:17:34     iter  58  obj -0.10748  best 0.09328  step 0.4750
14:17:36     iter  59  obj -0.20156  best 0.09328  step 0.4750
14:17:38     iter  60  obj -0.52943  best 0.09328  step 0.4750
14:17:41     iter  61  obj -0.44802  best 0.09328  step 0.4750
14:17:43     iter  62  obj -0.00285  best 0.09328  step 0.2375  halved
14:17:45     iter  63  obj -2.87576  best 0.09328  step 0.2375
14:17:47     iter  64  obj -0.20150  best 0.09328  step 0.2375
14:17:49     iter  65  obj -0.23662  best 0.09328  step 0.2375
14:17:52     iter  66  obj 0.03279  best 0.09328  step 0.2375
14:17:54     iter  67  obj -0.00690  best 0.09328  step 0.2375
14:17:56     iter  68  obj -0.05376  best 0.09328  step 0.2375
14:17:58     iter  69  obj -0.00518  best 0.09328  step 0.2375
14:18:00     iter  70  obj -0.05701  best 0.09328  step 0.2375
14:18:02     iter  71  obj -0.05433  best 0.09328  step 0.2375
14:18:05     iter  72  obj -0.05101  best 0.09328  step 0.2375
14:18:07     iter  73  obj 0.03334  best 0.09328  step 0.2375
14:18:09     iter  74  obj 0.06350  best 0.09328  step 0.2375
14:18:11     iter  75  obj 0.06147  best 0.09328  step 0.2375
14:18:13     iter  76  obj -0.06990  best 0.09328  step 0.2375
14:18:16     iter  77  obj 0.08606  best 0.09328  step 0.2375
14:18:18     iter  78  obj 0.05548  best 0.09328  step 0.2375
14:18:20     iter  79  obj 0.10869  best 0.10869  step 0.2375  *
14:18:22     iter  80  obj 0.02218  best 0.10869  step 0.2375
14:18:24     iter  81  obj 0.10535  best 0.10869  step 0.2375
14:18:27     iter  82  obj 0.11299  best 0.11299  step 0.2375  *
14:18:29     iter  83  obj 0.07356  best 0.11299  step 0.2375
14:18:31     iter  84  obj -0.06704  best 0.11299  step 0.2375
14:18:33     iter  85  obj 0.06840  best 0.11299  step 0.2375
14:18:35     iter  86  obj 0.03169  best 0.11299  step 0.2375
14:18:38     iter  87  obj 0.05785  best 0.11299  step 0.1188  halved
14:18:40     iter  88  obj -0.59569  best 0.11299  step 0.1188
14:18:42     iter  89  obj 0.05799  best 0.11299  step 0.1188
14:18:44     iter  90  obj 0.17350  best 0.17350  step 0.1188  *
14:18:46     iter  91  obj 0.20114  best 0.20114  step 0.1188  *
14:18:49     iter  92  obj 0.21190  best 0.21190  step 0.1188  *
14:18:51     iter  93  obj 0.27580  best 0.27580  step 0.1188  *
14:18:53     iter  94  obj 0.21687  best 0.27580  step 0.1188
14:18:55     iter  95  obj 0.20852  best 0.27580  step 0.1188
14:18:57     iter  96  obj 0.22550  best 0.27580  step 0.1188
14:18:59     iter  97  obj 0.30139  best 0.30139  step 0.1188  *
14:19:02     iter  98  obj 0.28718  best 0.30139  step 0.1188
14:19:04     iter  99  obj 0.35324  best 0.35324  step 0.1188  *
14:19:06     iter 100  obj 0.27051  best 0.35324  step 0.1188
14:19:08     iter 101  obj 0.43580  best 0.43580  step 0.1188  *
14:19:10     iter 102  obj 0.58456  best 0.58456  step 0.1188  *
14:19:13     iter 103  obj 0.31674  best 0.58456  step 0.1188
14:19:15     iter 104  obj 0.54246  best 0.58456  step 0.1188
14:19:17     iter 105  obj 0.45710  best 0.58456  step 0.1188
14:19:19     iter 106  obj 0.54800  best 0.58456  step 0.1188
14:19:21     iter 107  obj 0.57202  best 0.58456  step 0.1188
14:19:24     iter 108  obj 0.41046  best 0.58456  step 0.0594  halved
14:19:26     iter 109  obj 0.24675  best 0.58456  step 0.0594
14:19:28     iter 110  obj 0.67402  best 0.67402  step 0.0594  *
14:19:30     iter 111  obj 0.96845  best 0.96845  step 0.0594  *
14:19:32     iter 112  obj 1.04376  best 1.04376  step 0.0594  *
14:19:34     iter 113  obj 1.13632  best 1.13632  step 0.0594  *
14:19:37     iter 114  obj 1.17212  best 1.17212  step 0.0594  *
14:19:39     iter 115  obj 1.01122  best 1.17212  step 0.0594
14:19:41     iter 116  obj 1.26883  best 1.26883  step 0.0594  *
14:19:43     iter 117  obj 1.50201  best 1.50201  step 0.0594  *
14:19:45     iter 118  obj 1.73039  best 1.73039  step 0.0594  *
14:19:48     iter 119  obj 1.43125  best 1.73039  step 0.0594
14:19:50     iter 120  obj 1.72496  best 1.73039  step 0.0594
14:19:52     iter 121  obj 1.89736  best 1.89736  step 0.0594  *
14:19:54     iter 122  obj 1.72056  best 1.89736  step 0.0594
14:19:56     iter 123  obj 1.75306  best 1.89736  step 0.0594
14:19:59     iter 124  obj 1.74471  best 1.89736  step 0.0594
14:20:01     iter 125  obj 1.46455  best 1.89736  step 0.0297  halved
14:20:03     iter 126  obj 1.65354  best 1.89736  step 0.0297
14:20:05     iter 127  obj 1.85170  best 1.89736  step 0.0297
14:20:07     iter 128  obj 2.05751  best 2.05751  step 0.0297  *
14:20:10     iter 129  obj 2.21018  best 2.21018  step 0.0297  *
14:20:12     iter 130  obj 2.58844  best 2.58844  step 0.0297  *
14:20:14     iter 131  obj 3.19337  best 3.19337  step 0.0297  *
14:20:16     iter 132  obj 3.11612  best 3.19337  step 0.0297
14:20:18     iter 133  obj 2.36083  best 3.19337  step 0.0297
14:20:20     iter 134  obj 3.29683  best 3.29683  step 0.0297  *
14:20:23     iter 135  obj 3.65661  best 3.65661  step 0.0297  *
14:20:25     iter 136  obj 4.05428  best 4.05428  step 0.0297  *
14:20:27     iter 137  obj 4.01105  best 4.05428  step 0.0297
14:20:29     iter 138  obj 4.17768  best 4.17768  step 0.0297  *
14:20:31     iter 139  obj 3.80053  best 4.17768  step 0.0297
14:20:34     iter 140  obj 2.91055  best 4.17768  step 0.0297
14:20:36     iter 141  obj 4.15359  best 4.17768  step 0.0297
14:20:38     iter 142  obj 4.83506  best 4.83506  step 0.0297  *
14:20:40     iter 143  obj 4.35064  best 4.83506  step 0.0297
14:20:42     iter 144  obj 4.44893  best 4.83506  step 0.0297
14:20:45     iter 145  obj 4.66642  best 4.83506  step 0.0297
14:20:47     iter 146  obj 5.59261  best 5.59261  step 0.0297  *
14:20:49     iter 147  obj 4.11048  best 5.59261  step 0.0148  halved
14:20:51     iter 148  obj 5.99443  best 5.99443  step 0.0148  *
14:20:53     iter 149  obj 5.50460  best 5.99443  step 0.0148
14:20:56     iter 150  obj 6.20102  best 6.20102  step 0.0148  *
14:20:57      poisoned ce=0.11886 auc=0.9902 acc=0.9680 f1=0.9676  dce=+0.02558 dacc=+0.0030  k=1500  [332.3s]
14:20:57   mean over 1 trials: dce=+0.02558 dacc=+0.0030 dauc=-0.0033  -> results/niter_sweep_final/url_unique_rs3_it150

