13:52:24 [x-capgd] datasets/url_unique/splits/selected/natural/context_5000.csv (5000x63) -> datasets/url_unique/splits/test_attack_1000.csv (1000 of 1000)  k=1500 (30.0%)  attack_class=None  grid 1x1  cuda:1
13:52:28   clean  ce=0.09328 auc=0.9935 acc=0.9650 f1=0.9644  max|dp| over 3 repeats=0.00e+00  chunking_exact=True  [3.2s]
13:52:29   constraints=full (14 relations, dataset 'url_unique')  scaler=metadata  mutable 63/63  int 58  cat 0
13:52:29   -- trial run0_sub0
13:52:31     iter   0  obj 0.09328  best 0.09328  step 0.9500
13:52:33     iter   1  obj -4.27482  best 0.09328  step 0.9500
13:52:35     iter   2  obj -0.13501  best 0.09328  step 0.9500
13:52:38     iter   3  obj -0.19994  best 0.09328  step 0.9500
13:52:40     iter   4  obj -0.29759  best 0.09328  step 0.9500
13:52:42     iter   5  obj -0.41588  best 0.09328  step 0.9500
13:52:44     iter   6  obj -0.44290  best 0.09328  step 0.9500
13:52:46     iter   7  obj -0.84990  best 0.09328  step 0.9500
13:52:48     iter   8  obj -0.61121  best 0.09328  step 0.9500
13:52:51     iter   9  obj -0.46053  best 0.09328  step 0.9500
13:52:53     iter  10  obj -0.46258  best 0.09328  step 0.9500
13:52:55     iter  11  obj -0.69814  best 0.09328  step 0.9500
13:52:57     iter  12  obj -0.48053  best 0.09328  step 0.9500
13:52:59     iter  13  obj -0.94307  best 0.09328  step 0.9500
13:53:02     iter  14  obj -0.53956  best 0.09328  step 0.9500
13:53:04     iter  15  obj -0.55895  best 0.09328  step 0.9500
13:53:06     iter  16  obj -0.41718  best 0.09328  step 0.9500
13:53:08     iter  17  obj -0.46652  best 0.09328  step 0.9500
13:53:10     iter  18  obj -0.46898  best 0.09328  step 0.9500
13:53:13     iter  19  obj -1.29459  best 0.09328  step 0.9500
13:53:15     iter  20  obj -0.64614  best 0.09328  step 0.9500
13:53:17     iter  21  obj -0.57023  best 0.09328  step 0.9500
13:53:19     iter  22  obj -0.47838  best 0.09328  step 0.4750  halved
13:53:21     iter  23  obj -4.86334  best 0.09328  step 0.4750
13:53:24     iter  24  obj -0.55824  best 0.09328  step 0.4750
13:53:26     iter  25  obj -0.09232  best 0.09328  step 0.4750
13:53:28     iter  26  obj -0.22242  best 0.09328  step 0.4750
13:53:30     iter  27  obj -0.12041  best 0.09328  step 0.4750
13:53:32     iter  28  obj -0.18335  best 0.09328  step 0.4750
13:53:35     iter  29  obj -0.10710  best 0.09328  step 0.4750
13:53:37     iter  30  obj 0.01470  best 0.09328  step 0.4750
13:53:39     iter  31  obj -0.01876  best 0.09328  step 0.4750
13:53:41     iter  32  obj 0.02457  best 0.09328  step 0.4750
13:53:43     iter  33  obj -0.05460  best 0.09328  step 0.4750
13:53:46     iter  34  obj -0.17994  best 0.09328  step 0.4750
13:53:48     iter  35  obj -0.25660  best 0.09328  step 0.4750
13:53:50     iter  36  obj -0.35094  best 0.09328  step 0.4750
13:53:52     iter  37  obj -0.63512  best 0.09328  step 0.4750
13:53:54     iter  38  obj -0.52350  best 0.09328  step 0.4750
13:53:56     iter  39  obj -0.37983  best 0.09328  step 0.4750
13:53:59     iter  40  obj -0.43466  best 0.09328  step 0.4750
13:54:01     iter  41  obj -0.20782  best 0.09328  step 0.2375  halved
13:54:03     iter  42  obj -3.23696  best 0.09328  step 0.2375
13:54:05     iter  43  obj -0.30497  best 0.09328  step 0.2375
13:54:07     iter  44  obj -0.18576  best 0.09328  step 0.2375
13:54:10     iter  45  obj -0.10858  best 0.09328  step 0.2375
13:54:12     iter  46  obj -0.11096  best 0.09328  step 0.2375
13:54:14     iter  47  obj -0.13450  best 0.09328  step 0.2375
13:54:16     iter  48  obj -0.12855  best 0.09328  step 0.2375
13:54:18     iter  49  obj -0.06247  best 0.09328  step 0.2375
13:54:21     iter  50  obj 0.06892  best 0.09328  step 0.2375
13:54:23     iter  51  obj 0.03742  best 0.09328  step 0.2375
13:54:25     iter  52  obj 0.01440  best 0.09328  step 0.2375
13:54:27     iter  53  obj 0.04408  best 0.09328  step 0.2375
13:54:29     iter  54  obj -0.00565  best 0.09328  step 0.2375
13:54:32     iter  55  obj 0.01674  best 0.09328  step 0.2375
13:54:34     iter  56  obj 0.03061  best 0.09328  step 0.2375
13:54:36     iter  57  obj 0.04809  best 0.09328  step 0.1188  halved
13:54:38     iter  58  obj -4.79173  best 0.09328  step 0.1188
13:54:40     iter  59  obj -0.10961  best 0.09328  step 0.1188
13:54:43     iter  60  obj -0.02003  best 0.09328  step 0.1188
13:54:45     iter  61  obj -0.00566  best 0.09328  step 0.1188
13:54:47     iter  62  obj 0.07618  best 0.09328  step 0.1188
13:54:49     iter  63  obj 0.08036  best 0.09328  step 0.1188
13:54:51     iter  64  obj 0.09091  best 0.09328  step 0.1188
13:54:54     iter  65  obj 0.09201  best 0.09328  step 0.1188
13:54:56     iter  66  obj 0.09534  best 0.09534  step 0.1188  *
13:54:58     iter  67  obj 0.06823  best 0.09534  step 0.1188
13:55:00     iter  68  obj 0.08293  best 0.09534  step 0.1188
13:55:02     iter  69  obj 0.13358  best 0.13358  step 0.1188  *
13:55:04     iter  70  obj 0.09971  best 0.13358  step 0.1188
13:55:07     iter  71  obj 0.13688  best 0.13688  step 0.1188  *
13:55:09     iter  72  obj 0.14254  best 0.14254  step 0.1188  *
13:55:11     iter  73  obj 0.14654  best 0.14654  step 0.1188  *
13:55:13     iter  74  obj 0.16914  best 0.16914  step 0.1188  *
13:55:15     iter  75  obj 0.16390  best 0.16914  step 0.1188
13:55:18     iter  76  obj 0.09433  best 0.16914  step 0.1188
13:55:20     iter  77  obj 0.13634  best 0.16914  step 0.1188
13:55:22     iter  78  obj 0.21269  best 0.21269  step 0.1188  *
13:55:24     iter  79  obj 0.18434  best 0.21269  step 0.1188
13:55:26     iter  80  obj 0.13247  best 0.21269  step 0.0594  halved
13:55:29     iter  81  obj 0.35751  best 0.35751  step 0.0594  *
13:55:31     iter  82  obj 0.36219  best 0.36219  step 0.0594  *
13:55:33     iter  83  obj 0.39270  best 0.39270  step 0.0594  *
13:55:35     iter  84  obj 0.23212  best 0.39270  step 0.0594
13:55:37     iter  85  obj 0.49948  best 0.49948  step 0.0594  *
13:55:40     iter  86  obj 0.31624  best 0.49948  step 0.0594
13:55:42     iter  87  obj 0.40343  best 0.49948  step 0.0297  halved
13:55:44     iter  88  obj 0.59350  best 0.59350  step 0.0297  *
13:55:46     iter  89  obj 0.84740  best 0.84740  step 0.0297  *
13:55:48     iter  90  obj 0.85770  best 0.85770  step 0.0297  *
13:55:51     iter  91  obj 0.99557  best 0.99557  step 0.0297  *
13:55:53     iter  92  obj 0.59876  best 0.99557  step 0.0297
13:55:55     iter  93  obj 0.69619  best 0.99557  step 0.0297
13:55:57     iter  94  obj 1.21285  best 1.21285  step 0.0297  *
13:55:59     iter  95  obj 1.25909  best 1.25909  step 0.0297  *
13:56:01     iter  96  obj 1.65094  best 1.65094  step 0.0297  *
13:56:04     iter  97  obj 0.98053  best 1.65094  step 0.0297
13:56:06     iter  98  obj 1.69868  best 1.69868  step 0.0297  *
13:56:08     iter  99  obj 1.81982  best 1.81982  step 0.0297  *
13:56:10     iter 100  obj 1.69428  best 1.81982  step 0.0297
13:56:12      poisoned ce=0.12115 auc=0.9898 acc=0.9660 f1=0.9658  dce=+0.02787 dacc=+0.0010  k=1500  [223.0s]
13:56:12   mean over 1 trials: dce=+0.02787 dacc=+0.0010 dauc=-0.0038  -> results/niter_sweep_final/url_unique_rs1_it100

