14:03:58 [x-capgd] datasets/url_unique/splits/selected/natural/context_5000.csv (5000x63) -> datasets/url_unique/splits/test_attack_1000.csv (1000 of 1000)  k=1500 (30.0%)  attack_class=None  grid 1x1  cuda:1
14:04:02   clean  ce=0.09328 auc=0.9935 acc=0.9650 f1=0.9644  max|dp| over 3 repeats=0.00e+00  chunking_exact=True  [3.2s]
14:04:02   constraints=full (14 relations, dataset 'url_unique')  scaler=metadata  mutable 63/63  int 58  cat 0
14:04:02   -- trial run0_sub0
14:04:05     iter   0  obj 0.09328  best 0.09328  step 0.9500
14:04:07     iter   1  obj -4.27487  best 0.09328  step 0.9500
14:04:09     iter   2  obj -0.13736  best 0.09328  step 0.9500
14:04:11     iter   3  obj -0.19791  best 0.09328  step 0.9500
14:04:13     iter   4  obj -0.34690  best 0.09328  step 0.9500
14:04:16     iter   5  obj -0.73261  best 0.09328  step 0.9500
14:04:18     iter   6  obj -0.53362  best 0.09328  step 0.9500
14:04:20     iter   7  obj -0.90026  best 0.09328  step 0.9500
14:04:22     iter   8  obj -0.47320  best 0.09328  step 0.9500
14:04:24     iter   9  obj -0.62241  best 0.09328  step 0.9500
14:04:27     iter  10  obj -0.43934  best 0.09328  step 0.9500
14:04:29     iter  11  obj -0.49201  best 0.09328  step 0.9500
14:04:31     iter  12  obj -0.41345  best 0.09328  step 0.9500
14:04:33     iter  13  obj -0.78773  best 0.09328  step 0.9500
14:04:35     iter  14  obj -0.55373  best 0.09328  step 0.9500
14:04:38     iter  15  obj -0.63222  best 0.09328  step 0.9500
14:04:40     iter  16  obj -0.58112  best 0.09328  step 0.9500
14:04:42     iter  17  obj -0.44068  best 0.09328  step 0.9500
14:04:44     iter  18  obj -0.38941  best 0.09328  step 0.9500
14:04:46     iter  19  obj -0.45173  best 0.09328  step 0.9500
14:04:49     iter  20  obj -0.83267  best 0.09328  step 0.9500
14:04:51     iter  21  obj -0.57162  best 0.09328  step 0.9500
14:04:53     iter  22  obj -0.58716  best 0.09328  step 0.9500
14:04:55     iter  23  obj -0.36004  best 0.09328  step 0.9500
14:04:57     iter  24  obj -0.27036  best 0.09328  step 0.9500
14:04:59     iter  25  obj -0.79502  best 0.09328  step 0.9500
14:05:02     iter  26  obj -0.70385  best 0.09328  step 0.9500
14:05:04     iter  27  obj -0.65401  best 0.09328  step 0.9500
14:05:06     iter  28  obj -0.38534  best 0.09328  step 0.9500
14:05:08     iter  29  obj -0.32464  best 0.09328  step 0.9500
14:05:10     iter  30  obj -0.32899  best 0.09328  step 0.9500
14:05:13     iter  31  obj -0.64555  best 0.09328  step 0.9500
14:05:15     iter  32  obj -0.81605  best 0.09328  step 0.9500
14:05:17     iter  33  obj -0.78128  best 0.09328  step 0.4750  halved
14:05:19     iter  34  obj -3.44389  best 0.09328  step 0.4750
14:05:21     iter  35  obj -0.71498  best 0.09328  step 0.4750
14:05:24     iter  36  obj -0.21282  best 0.09328  step 0.4750
14:05:26     iter  37  obj -0.03559  best 0.09328  step 0.4750
14:05:28     iter  38  obj -0.05855  best 0.09328  step 0.4750
14:05:30     iter  39  obj -0.15085  best 0.09328  step 0.4750
14:05:32     iter  40  obj -0.14178  best 0.09328  step 0.4750
14:05:34     iter  41  obj -0.31783  best 0.09328  step 0.4750
14:05:37     iter  42  obj -0.40964  best 0.09328  step 0.4750
14:05:39     iter  43  obj -0.22120  best 0.09328  step 0.4750
14:05:41     iter  44  obj -0.05505  best 0.09328  step 0.4750
14:05:43     iter  45  obj -0.08789  best 0.09328  step 0.4750
14:05:45     iter  46  obj -0.15563  best 0.09328  step 0.4750
14:05:48     iter  47  obj -0.62837  best 0.09328  step 0.4750
14:05:50     iter  48  obj -0.55153  best 0.09328  step 0.4750
14:05:52     iter  49  obj -0.41996  best 0.09328  step 0.4750
14:05:54     iter  50  obj -0.35980  best 0.09328  step 0.4750
14:05:56     iter  51  obj -0.29845  best 0.09328  step 0.4750
14:05:59     iter  52  obj -0.32929  best 0.09328  step 0.4750
14:06:01     iter  53  obj -0.39222  best 0.09328  step 0.4750
14:06:03     iter  54  obj -0.18369  best 0.09328  step 0.4750
14:06:05     iter  55  obj -0.14050  best 0.09328  step 0.4750
14:06:07     iter  56  obj -0.15679  best 0.09328  step 0.4750
14:06:10     iter  57  obj -0.20083  best 0.09328  step 0.4750
14:06:12     iter  58  obj -0.29306  best 0.09328  step 0.4750
14:06:14     iter  59  obj -0.40684  best 0.09328  step 0.4750
14:06:16     iter  60  obj -0.19831  best 0.09328  step 0.4750
14:06:18     iter  61  obj -0.28186  best 0.09328  step 0.4750
14:06:20     iter  62  obj -0.25268  best 0.09328  step 0.2375  halved
14:06:23     iter  63  obj -3.02253  best 0.09328  step 0.2375
14:06:25     iter  64  obj -0.32648  best 0.09328  step 0.2375
14:06:27     iter  65  obj -0.15192  best 0.09328  step 0.2375
14:06:29     iter  66  obj -0.05643  best 0.09328  step 0.2375
14:06:31     iter  67  obj -0.12823  best 0.09328  step 0.2375
14:06:34     iter  68  obj -0.14879  best 0.09328  step 0.2375
14:06:36     iter  69  obj -0.09244  best 0.09328  step 0.2375
14:06:38     iter  70  obj -0.16054  best 0.09328  step 0.2375
14:06:40     iter  71  obj -0.10427  best 0.09328  step 0.2375
14:06:42     iter  72  obj -0.06693  best 0.09328  step 0.2375
14:06:45     iter  73  obj -0.01394  best 0.09328  step 0.2375
14:06:47     iter  74  obj 0.02268  best 0.09328  step 0.2375
14:06:49     iter  75  obj 0.02235  best 0.09328  step 0.2375
14:06:51     iter  76  obj -0.06580  best 0.09328  step 0.2375
14:06:53     iter  77  obj 0.02184  best 0.09328  step 0.2375
14:06:56     iter  78  obj 0.01162  best 0.09328  step 0.2375
14:06:58     iter  79  obj 0.01685  best 0.09328  step 0.2375
14:07:00     iter  80  obj 0.03024  best 0.09328  step 0.2375
14:07:02     iter  81  obj -0.05012  best 0.09328  step 0.2375
14:07:04     iter  82  obj 0.06469  best 0.09328  step 0.2375
14:07:07     iter  83  obj 0.12087  best 0.12087  step 0.2375  *
14:07:09     iter  84  obj 0.05282  best 0.12087  step 0.2375
14:07:11     iter  85  obj 0.05601  best 0.12087  step 0.2375
14:07:13     iter  86  obj 0.12837  best 0.12837  step 0.2375  *
14:07:15     iter  87  obj 0.06119  best 0.12837  step 0.1188  halved
14:07:17     iter  88  obj 0.14743  best 0.14743  step 0.1188  *
14:07:20     iter  89  obj 0.16877  best 0.16877  step 0.1188  *
14:07:22     iter  90  obj 0.15604  best 0.16877  step 0.1188
14:07:24     iter  91  obj 0.14411  best 0.16877  step 0.1188
14:07:26     iter  92  obj 0.14710  best 0.16877  step 0.1188
14:07:28     iter  93  obj 0.16711  best 0.16877  step 0.1188
14:07:31     iter  94  obj 0.13298  best 0.16877  step 0.1188
14:07:33     iter  95  obj 0.19643  best 0.19643  step 0.1188  *
14:07:35     iter  96  obj 0.16183  best 0.19643  step 0.1188
14:07:37     iter  97  obj 0.09715  best 0.19643  step 0.1188
14:07:39     iter  98  obj 0.19524  best 0.19643  step 0.1188
14:07:42     iter  99  obj 0.17214  best 0.19643  step 0.1188
14:07:44     iter 100  obj 0.20703  best 0.20703  step 0.1188  *
14:07:46     iter 101  obj 0.24922  best 0.24922  step 0.1188  *
14:07:48     iter 102  obj 0.15134  best 0.24922  step 0.1188
14:07:50     iter 103  obj 0.20370  best 0.24922  step 0.1188
14:07:53     iter 104  obj 0.21279  best 0.24922  step 0.1188
14:07:55     iter 105  obj 0.22610  best 0.24922  step 0.1188
14:07:57     iter 106  obj 0.19298  best 0.24922  step 0.1188
14:07:59     iter 107  obj 0.17832  best 0.24922  step 0.1188
14:08:01     iter 108  obj 0.19913  best 0.24922  step 0.0594  halved
14:08:04     iter 109  obj -0.15068  best 0.24922  step 0.0594
14:08:06     iter 110  obj 0.29166  best 0.29166  step 0.0594  *
14:08:08     iter 111  obj 0.35692  best 0.35692  step 0.0594  *
14:08:10     iter 112  obj 0.35247  best 0.35692  step 0.0594
14:08:12     iter 113  obj 0.49138  best 0.49138  step 0.0594  *
14:08:15     iter 114  obj 0.32990  best 0.49138  step 0.0594
14:08:17     iter 115  obj 0.35381  best 0.49138  step 0.0594
14:08:19     iter 116  obj 0.52420  best 0.52420  step 0.0594  *
14:08:21     iter 117  obj 0.82211  best 0.82211  step 0.0594  *
14:08:23     iter 118  obj 0.41295  best 0.82211  step 0.0594
14:08:26     iter 119  obj 0.96091  best 0.96091  step 0.0594  *
14:08:28     iter 120  obj 1.19324  best 1.19324  step 0.0594  *
14:08:30     iter 121  obj 0.96909  best 1.19324  step 0.0594
14:08:32     iter 122  obj 1.22156  best 1.22156  step 0.0594  *
14:08:34     iter 123  obj 1.23383  best 1.23383  step 0.0594  *
14:08:36     iter 124  obj 1.18100  best 1.23383  step 0.0594
14:08:39     iter 125  obj 1.52373  best 1.52373  step 0.0297  *  halved
14:08:41     iter 126  obj 1.94725  best 1.94725  step 0.0297  *
14:08:43     iter 127  obj 2.14826  best 2.14826  step 0.0297  *
14:08:45     iter 128  obj 2.00510  best 2.14826  step 0.0297
14:08:47     iter 129  obj 2.85400  best 2.85400  step 0.0297  *
14:08:50     iter 130  obj 2.89222  best 2.89222  step 0.0297  *
14:08:52     iter 131  obj 2.99200  best 2.99200  step 0.0297  *
14:08:54     iter 132  obj 2.88738  best 2.99200  step 0.0297
14:08:56     iter 133  obj 2.86987  best 2.99200  step 0.0297
14:08:58     iter 134  obj 3.43975  best 3.43975  step 0.0297  *
14:09:01     iter 135  obj 2.85984  best 3.43975  step 0.0297
14:09:03     iter 136  obj 3.78795  best 3.78795  step 0.0297  *
14:09:05     iter 137  obj 3.33166  best 3.78795  step 0.0297
14:09:07     iter 138  obj 3.77825  best 3.78795  step 0.0148  halved
14:09:09     iter 139  obj 4.81434  best 4.81434  step 0.0148  *
14:09:12     iter 140  obj 4.22302  best 4.81434  step 0.0148
14:09:14     iter 141  obj 5.37051  best 5.37051  step 0.0148  *
14:09:16     iter 142  obj 5.87033  best 5.87033  step 0.0148  *
14:09:18     iter 143  obj 5.08528  best 5.87033  step 0.0148
14:09:20     iter 144  obj 6.41847  best 6.41847  step 0.0148  *
14:09:23     iter 145  obj 5.90461  best 6.41847  step 0.0148
14:09:25     iter 146  obj 6.44835  best 6.44835  step 0.0148  *
14:09:27     iter 147  obj 7.03297  best 7.03297  step 0.0074  *  halved
14:09:29     iter 148  obj 8.21403  best 8.21403  step 0.0074  *
14:09:31     iter 149  obj 8.58262  best 8.58262  step 0.0074  *
14:09:34     iter 150  obj 8.88743  best 8.88743  step 0.0074  *
14:09:35      poisoned ce=0.13455 auc=0.9890 acc=0.9510 f1=0.9512  dce=+0.04127 dacc=-0.0140  k=1500  [332.5s]
14:09:35   mean over 1 trials: dce=+0.04127 dacc=-0.0140 dauc=-0.0045  -> results/niter_sweep_final/url_unique_rs1_it150

