13:33:00 url_unique rs1_it10: dce=+0.0000 dacc=+0.0000 dauc=+0.0000 pre_repair_obj=0.0933 within_eps=True maxL2=0.000 viol=0 25s
13:33:34 url_unique rs2_it10: dce=+0.0083 dacc=+0.0070 dauc=-0.0013 pre_repair_obj=0.0963 within_eps=True maxL2=0.016 viol=0.0053 25s
13:34:08 url_unique rs3_it10: dce=+0.0000 dacc=+0.0000 dauc=+0.0000 pre_repair_obj=0.0933 within_eps=True maxL2=0.000 viol=0 26s
13:35:15 url_unique rs1_it25: dce=+0.0191 dacc=+0.0000 dauc=-0.0018 pre_repair_obj=0.1401 within_eps=True maxL2=0.024 viol=0.002 58s
13:36:21 url_unique rs2_it25: dce=+0.0324 dacc=-0.0020 dauc=-0.0034 pre_repair_obj=0.3090 within_eps=True maxL2=0.038 viol=0.006 58s
13:37:28 url_unique rs3_it25: dce=+0.0142 dacc=+0.0010 dauc=-0.0018 pre_repair_obj=0.2644 within_eps=True maxL2=0.039 viol=0.0007 58s
13:39:30 url_unique rs1_it50: dce=+0.0299 dacc=-0.0040 dauc=-0.0033 pre_repair_obj=0.5629 within_eps=True maxL2=0.244 viol=0 113s
13:41:31 url_unique rs2_it50: dce=+0.0541 dacc=-0.0130 dauc=-0.0069 pre_repair_obj=0.3492 within_eps=True maxL2=0.280 viol=0 113s
13:43:32 url_unique rs3_it50: dce=+0.0236 dacc=-0.0020 dauc=-0.0028 pre_repair_obj=0.5274 within_eps=True maxL2=0.304 viol=0 113s
13:46:29 url_unique rs1_it75: dce=+0.0243 dacc=-0.0010 dauc=-0.0025 pre_repair_obj=0.6432 within_eps=True maxL2=0.102 viol=0 168s
13:49:25 url_unique rs2_it75: dce=+0.0807 dacc=-0.0220 dauc=-0.0098 pre_repair_obj=0.5702 within_eps=True maxL2=0.304 viol=0 168s
13:52:21 url_unique rs3_it75: dce=+0.0197 dacc=-0.0010 dauc=-0.0028 pre_repair_obj=2.8588 within_eps=True maxL2=0.291 viol=0.0047 168s
13:56:13 url_unique rs1_it100: dce=+0.0279 dacc=+0.0010 dauc=-0.0038 pre_repair_obj=1.8198 within_eps=True maxL2=0.381 viol=0.0007 223s
14:00:04 url_unique rs2_it100: dce=+0.0607 dacc=-0.0140 dauc=-0.0071 pre_repair_obj=3.8091 within_eps=True maxL2=0.362 viol=0 223s
14:03:55 url_unique rs3_it100: dce=+0.0156 dacc=+0.0010 dauc=-0.0021 pre_repair_obj=3.7029 within_eps=True maxL2=0.362 viol=0 223s
14:09:36 url_unique rs1_it150: dce=+0.0413 dacc=-0.0140 dauc=-0.0045 pre_repair_obj=8.8874 within_eps=True maxL2=0.390 viol=0 333s
14:15:17 url_unique rs2_it150: dce=+0.0611 dacc=-0.0200 dauc=-0.0084 pre_repair_obj=6.8412 within_eps=True maxL2=0.374 viol=0 333s
14:20:58 url_unique rs3_it150: dce=+0.0256 dacc=+0.0030 dauc=-0.0033 pre_repair_obj=6.2010 within_eps=True maxL2=0.379 viol=0 332s
14:28:28 url_unique rs1_it200: dce=+0.0380 dacc=-0.0050 dauc=-0.0026 pre_repair_obj=13.6910 within_eps=True maxL2=0.381 viol=0 442s
14:36:19 url_unique rs2_it200: dce=+0.0883 dacc=-0.0190 dauc=-0.0112 pre_repair_obj=8.0879 within_eps=True maxL2=0.391 viol=0.0007 462s
