13:56:15 [x-capgd] datasets/url_unique/splits/selected/natural/context_5000.csv (5000x63) -> datasets/url_unique/splits/test_attack_1000.csv (1000 of 1000)  k=1500 (30.0%)  attack_class=None  grid 1x1  cuda:1
13:56:20   clean  ce=0.09328 auc=0.9935 acc=0.9650 f1=0.9644  max|dp| over 3 repeats=0.00e+00  chunking_exact=True  [3.2s]
13:56:20   constraints=full (14 relations, dataset 'url_unique')  scaler=metadata  mutable 63/63  int 58  cat 0
13:56:20   -- trial run0_sub0
13:56:22     iter   0  obj 0.09328  best 0.09328  step 0.9500
13:56:24     iter   1  obj -4.27467  best 0.09328  step 0.9500
13:56:27     iter   2  obj -0.21760  best 0.09328  step 0.9500
13:56:29     iter   3  obj -0.09831  best 0.09328  step 0.9500
13:56:31     iter   4  obj -0.38983  best 0.09328  step 0.9500
13:56:33     iter   5  obj -1.17681  best 0.09328  step 0.9500
13:56:35     iter   6  obj -0.53471  best 0.09328  step 0.9500
13:56:38     iter   7  obj -1.08876  best 0.09328  step 0.9500
13:56:40     iter   8  obj -0.65646  best 0.09328  step 0.9500
13:56:42     iter   9  obj -0.18835  best 0.09328  step 0.9500
13:56:44     iter  10  obj -0.50200  best 0.09328  step 0.9500
13:56:46     iter  11  obj -0.47786  best 0.09328  step 0.9500
13:56:49     iter  12  obj -0.41190  best 0.09328  step 0.9500
13:56:51     iter  13  obj -0.54424  best 0.09328  step 0.9500
13:56:53     iter  14  obj -0.52589  best 0.09328  step 0.9500
13:56:55     iter  15  obj -0.21859  best 0.09328  step 0.9500
13:56:57     iter  16  obj -0.51772  best 0.09328  step 0.9500
13:56:59     iter  17  obj -0.41831  best 0.09328  step 0.9500
13:57:02     iter  18  obj -0.53332  best 0.09328  step 0.9500
13:57:04     iter  19  obj -0.68316  best 0.09328  step 0.9500
13:57:06     iter  20  obj -0.32815  best 0.09328  step 0.9500
13:57:08     iter  21  obj -0.26466  best 0.09328  step 0.9500
13:57:10     iter  22  obj -0.72101  best 0.09328  step 0.4750  halved
13:57:13     iter  23  obj -4.02931  best 0.09328  step 0.4750
13:57:15     iter  24  obj -0.79042  best 0.09328  step 0.4750
13:57:17     iter  25  obj -0.20668  best 0.09328  step 0.4750
13:57:19     iter  26  obj 0.03501  best 0.09328  step 0.4750
13:57:21     iter  27  obj -0.04797  best 0.09328  step 0.4750
13:57:24     iter  28  obj -0.12578  best 0.09328  step 0.4750
13:57:26     iter  29  obj -0.23849  best 0.09328  step 0.4750
13:57:28     iter  30  obj -0.13461  best 0.09328  step 0.4750
13:57:30     iter  31  obj -0.28391  best 0.09328  step 0.4750
13:57:32     iter  32  obj -0.22736  best 0.09328  step 0.4750
13:57:34     iter  33  obj -0.08822  best 0.09328  step 0.4750
13:57:37     iter  34  obj -0.23576  best 0.09328  step 0.4750
13:57:39     iter  35  obj -0.33012  best 0.09328  step 0.4750
13:57:41     iter  36  obj -0.29680  best 0.09328  step 0.4750
13:57:43     iter  37  obj -0.30171  best 0.09328  step 0.4750
13:57:45     iter  38  obj -0.20685  best 0.09328  step 0.4750
13:57:48     iter  39  obj -0.74427  best 0.09328  step 0.4750
13:57:50     iter  40  obj -0.90144  best 0.09328  step 0.4750
13:57:52     iter  41  obj -0.41289  best 0.09328  step 0.2375  halved
13:57:54     iter  42  obj -3.14822  best 0.09328  step 0.2375
13:57:56     iter  43  obj -0.27888  best 0.09328  step 0.2375
13:57:59     iter  44  obj -0.07190  best 0.09328  step 0.2375
13:58:01     iter  45  obj -0.18675  best 0.09328  step 0.2375
13:58:03     iter  46  obj -0.18777  best 0.09328  step 0.2375
13:58:05     iter  47  obj -0.12304  best 0.09328  step 0.2375
13:58:07     iter  48  obj 0.05786  best 0.09328  step 0.2375
13:58:10     iter  49  obj -0.01121  best 0.09328  step 0.2375
13:58:12     iter  50  obj 0.07924  best 0.09328  step 0.2375
13:58:14     iter  51  obj 0.06566  best 0.09328  step 0.2375
13:58:16     iter  52  obj 0.02645  best 0.09328  step 0.2375
13:58:18     iter  53  obj 0.06817  best 0.09328  step 0.2375
13:58:20     iter  54  obj 0.05797  best 0.09328  step 0.2375
13:58:23     iter  55  obj 0.02028  best 0.09328  step 0.2375
13:58:25     iter  56  obj 0.07454  best 0.09328  step 0.2375
13:58:27     iter  57  obj -0.01697  best 0.09328  step 0.1188  halved
13:58:29     iter  58  obj -4.19255  best 0.09328  step 0.1188
13:58:31     iter  59  obj -0.16857  best 0.09328  step 0.1188
13:58:34     iter  60  obj 0.00596  best 0.09328  step 0.1188
13:58:36     iter  61  obj 0.01454  best 0.09328  step 0.1188
13:58:38     iter  62  obj 0.05738  best 0.09328  step 0.1188
13:58:40     iter  63  obj 0.09414  best 0.09414  step 0.1188  *
13:58:42     iter  64  obj 0.06614  best 0.09414  step 0.1188
13:58:45     iter  65  obj 0.06283  best 0.09414  step 0.1188
13:58:47     iter  66  obj 0.07922  best 0.09414  step 0.1188
13:58:49     iter  67  obj 0.10526  best 0.10526  step 0.1188  *
13:58:51     iter  68  obj 0.12111  best 0.12111  step 0.1188  *
13:58:53     iter  69  obj 0.14229  best 0.14229  step 0.1188  *
13:58:56     iter  70  obj 0.09340  best 0.14229  step 0.0594  halved
13:58:58     iter  71  obj 0.16846  best 0.16846  step 0.0594  *
13:59:00     iter  72  obj 0.11024  best 0.16846  step 0.0594
13:59:02     iter  73  obj 0.15688  best 0.16846  step 0.0594
13:59:04     iter  74  obj 0.20281  best 0.20281  step 0.0594  *
13:59:06     iter  75  obj 0.17025  best 0.20281  step 0.0594
13:59:09     iter  76  obj 0.30658  best 0.30658  step 0.0594  *
13:59:11     iter  77  obj 0.18148  best 0.30658  step 0.0594
13:59:13     iter  78  obj 0.19692  best 0.30658  step 0.0594
13:59:15     iter  79  obj 0.17976  best 0.30658  step 0.0594
13:59:17     iter  80  obj 0.23632  best 0.30658  step 0.0297  halved
13:59:20     iter  81  obj 0.13957  best 0.30658  step 0.0297
13:59:22     iter  82  obj 0.32727  best 0.32727  step 0.0297  *
13:59:24     iter  83  obj 0.26414  best 0.32727  step 0.0297
13:59:26     iter  84  obj 0.48452  best 0.48452  step 0.0297  *
13:59:28     iter  85  obj 0.40406  best 0.48452  step 0.0297
13:59:31     iter  86  obj 0.65944  best 0.65944  step 0.0297  *
13:59:33     iter  87  obj 0.42036  best 0.65944  step 0.0148  halved
13:59:35     iter  88  obj 0.73042  best 0.73042  step 0.0148  *
13:59:37     iter  89  obj 0.77939  best 0.77939  step 0.0148  *
13:59:39     iter  90  obj 1.09792  best 1.09792  step 0.0148  *
13:59:42     iter  91  obj 1.35311  best 1.35311  step 0.0148  *
13:59:44     iter  92  obj 1.62448  best 1.62448  step 0.0148  *
13:59:46     iter  93  obj 1.67559  best 1.67559  step 0.0148  *
13:59:48     iter  94  obj 1.60047  best 1.67559  step 0.0148
13:59:50     iter  95  obj 1.91655  best 1.91655  step 0.0148  *
13:59:53     iter  96  obj 1.57597  best 1.91655  step 0.0148
13:59:55     iter  97  obj 2.64686  best 2.64686  step 0.0148  *
13:59:57     iter  98  obj 2.31255  best 2.64686  step 0.0148
13:59:59     iter  99  obj 2.96671  best 2.96671  step 0.0074  *  halved
14:00:01     iter 100  obj 3.80907  best 3.80907  step 0.0074  *
14:00:03      poisoned ce=0.15395 auc=0.9864 acc=0.9510 f1=0.9510  dce=+0.06067 dacc=-0.0140  k=1500  [222.7s]
14:00:03   mean over 1 trials: dce=+0.06067 dacc=-0.0140 dauc=-0.0071  -> results/niter_sweep_final/url_unique_rs2_it100

