13:43:35 [x-capgd] datasets/url_unique/splits/selected/natural/context_5000.csv (5000x63) -> datasets/url_unique/splits/test_attack_1000.csv (1000 of 1000)  k=1500 (30.0%)  attack_class=None  grid 1x1  cuda:1
13:43:39   clean  ce=0.09328 auc=0.9935 acc=0.9650 f1=0.9644  max|dp| over 3 repeats=0.00e+00  chunking_exact=True  [3.2s]
13:43:40   constraints=full (14 relations, dataset 'url_unique')  scaler=metadata  mutable 63/63  int 58  cat 0
13:43:40   -- trial run0_sub0
13:43:42     iter   0  obj 0.09328  best 0.09328  step 0.9500
13:43:44     iter   1  obj -4.27484  best 0.09328  step 0.9500
13:43:46     iter   2  obj -0.13580  best 0.09328  step 0.9500
13:43:49     iter   3  obj -0.21445  best 0.09328  step 0.9500
13:43:51     iter   4  obj -0.30245  best 0.09328  step 0.9500
13:43:53     iter   5  obj -0.79938  best 0.09328  step 0.9500
13:43:55     iter   6  obj -0.69783  best 0.09328  step 0.9500
13:43:57     iter   7  obj -0.90047  best 0.09328  step 0.9500
13:43:59     iter   8  obj -0.38562  best 0.09328  step 0.9500
13:44:02     iter   9  obj -0.17630  best 0.09328  step 0.9500
13:44:04     iter  10  obj -0.50395  best 0.09328  step 0.9500
13:44:06     iter  11  obj -0.83356  best 0.09328  step 0.9500
13:44:08     iter  12  obj -0.25223  best 0.09328  step 0.9500
13:44:10     iter  13  obj -0.53734  best 0.09328  step 0.9500
13:44:13     iter  14  obj -0.71312  best 0.09328  step 0.9500
13:44:15     iter  15  obj -0.38772  best 0.09328  step 0.9500
13:44:17     iter  16  obj -0.38052  best 0.09328  step 0.4750  halved
13:44:19     iter  17  obj -3.96501  best 0.09328  step 0.4750
13:44:21     iter  18  obj -0.59226  best 0.09328  step 0.4750
13:44:24     iter  19  obj -0.10840  best 0.09328  step 0.4750
13:44:26     iter  20  obj -0.08750  best 0.09328  step 0.4750
13:44:28     iter  21  obj -0.11571  best 0.09328  step 0.4750
13:44:30     iter  22  obj -0.09937  best 0.09328  step 0.4750
13:44:32     iter  23  obj -0.22465  best 0.09328  step 0.4750
13:44:34     iter  24  obj -0.28440  best 0.09328  step 0.4750
13:44:37     iter  25  obj -0.17987  best 0.09328  step 0.4750
13:44:39     iter  26  obj -0.07534  best 0.09328  step 0.4750
13:44:41     iter  27  obj -0.04328  best 0.09328  step 0.4750
13:44:43     iter  28  obj 0.01374  best 0.09328  step 0.4750
13:44:45     iter  29  obj -0.27908  best 0.09328  step 0.4750
13:44:48     iter  30  obj -0.43616  best 0.09328  step 0.2375  halved
13:44:50     iter  31  obj -2.60424  best 0.09328  step 0.2375
13:44:52     iter  32  obj -0.35873  best 0.09328  step 0.2375
13:44:54     iter  33  obj -0.13468  best 0.09328  step 0.2375
13:44:56     iter  34  obj -0.05153  best 0.09328  step 0.2375
13:44:59     iter  35  obj -0.08360  best 0.09328  step 0.2375
13:45:01     iter  36  obj -0.14023  best 0.09328  step 0.2375
13:45:03     iter  37  obj -0.08516  best 0.09328  step 0.2375
13:45:05     iter  38  obj -0.08910  best 0.09328  step 0.2375
13:45:07     iter  39  obj -0.22389  best 0.09328  step 0.2375
13:45:10     iter  40  obj -0.04905  best 0.09328  step 0.2375
13:45:12     iter  41  obj -0.02911  best 0.09328  step 0.2375
13:45:14     iter  42  obj -0.14264  best 0.09328  step 0.1188  halved
13:45:16     iter  43  obj -4.71278  best 0.09328  step 0.1188
13:45:18     iter  44  obj -0.05046  best 0.09328  step 0.1188
13:45:20     iter  45  obj 0.04320  best 0.09328  step 0.1188
13:45:23     iter  46  obj 0.05974  best 0.09328  step 0.1188
13:45:25     iter  47  obj 0.08053  best 0.09328  step 0.1188
13:45:27     iter  48  obj 0.07112  best 0.09328  step 0.1188
13:45:29     iter  49  obj 0.04393  best 0.09328  step 0.1188
13:45:31     iter  50  obj 0.07997  best 0.09328  step 0.1188
13:45:34     iter  51  obj 0.07740  best 0.09328  step 0.1188
13:45:36     iter  52  obj 0.05758  best 0.09328  step 0.0594  halved
13:45:38     iter  53  obj -3.91660  best 0.09328  step 0.0594
13:45:40     iter  54  obj -0.09888  best 0.09328  step 0.0594
13:45:42     iter  55  obj 0.09295  best 0.09328  step 0.0594
13:45:45     iter  56  obj 0.10191  best 0.10191  step 0.0594  *
13:45:47     iter  57  obj 0.10209  best 0.10209  step 0.0594  *
13:45:49     iter  58  obj 0.13012  best 0.13012  step 0.0594  *
13:45:51     iter  59  obj 0.12231  best 0.13012  step 0.0594
13:45:53     iter  60  obj 0.11724  best 0.13012  step 0.0297  halved
13:45:56     iter  61  obj 0.15895  best 0.15895  step 0.0297  *
13:45:58     iter  62  obj 0.14570  best 0.15895  step 0.0297
13:46:00     iter  63  obj 0.17186  best 0.17186  step 0.0297  *
13:46:02     iter  64  obj 0.13424  best 0.17186  step 0.0297
13:46:04     iter  65  obj 0.13891  best 0.17186  step 0.0297
13:46:07     iter  66  obj 0.15134  best 0.17186  step 0.0148  halved
13:46:09     iter  67  obj 0.13098  best 0.17186  step 0.0148
13:46:11     iter  68  obj 0.25741  best 0.25741  step 0.0148  *
13:46:13     iter  69  obj 0.15754  best 0.25741  step 0.0148
13:46:15     iter  70  obj 0.24668  best 0.25741  step 0.0074  halved
13:46:17     iter  71  obj 0.24714  best 0.25741  step 0.0074
13:46:20     iter  72  obj 0.33372  best 0.33372  step 0.0074  *
13:46:22     iter  73  obj 0.16974  best 0.33372  step 0.0074
13:46:24     iter  74  obj 0.34669  best 0.34669  step 0.0037  *  halved
13:46:26     iter  75  obj 0.64321  best 0.64321  step 0.0037  *
13:46:28      poisoned ce=0.11755 auc=0.9910 acc=0.9640 f1=0.9639  dce=+0.02427 dacc=-0.0010  k=1500  [168.0s]
13:46:28   mean over 1 trials: dce=+0.02427 dacc=-0.0010 dauc=-0.0025  -> results/niter_sweep_final/url_unique_rs1_it75

