13:37:31 [x-capgd] datasets/url_unique/splits/selected/natural/context_5000.csv (5000x63) -> datasets/url_unique/splits/test_attack_1000.csv (1000 of 1000)  k=1500 (30.0%)  attack_class=None  grid 1x1  cuda:1
13:37:35   clean  ce=0.09328 auc=0.9935 acc=0.9650 f1=0.9644  max|dp| over 3 repeats=0.00e+00  chunking_exact=True  [3.2s]
13:37:35   constraints=full (14 relations, dataset 'url_unique')  scaler=metadata  mutable 63/63  int 58  cat 0
13:37:35   -- trial run0_sub0
13:37:38     iter   0  obj 0.09328  best 0.09328  step 0.9500
13:37:40     iter   1  obj -4.27482  best 0.09328  step 0.9500
13:37:42     iter   2  obj -0.13618  best 0.09328  step 0.9500
13:37:44     iter   3  obj -0.22023  best 0.09328  step 0.9500
13:37:46     iter   4  obj -0.30804  best 0.09328  step 0.9500
13:37:48     iter   5  obj -0.56920  best 0.09328  step 0.9500
13:37:51     iter   6  obj -0.32027  best 0.09328  step 0.9500
13:37:53     iter   7  obj -1.13849  best 0.09328  step 0.9500
13:37:55     iter   8  obj -0.57010  best 0.09328  step 0.9500
13:37:57     iter   9  obj -0.59714  best 0.09328  step 0.9500
13:37:59     iter  10  obj -0.36057  best 0.09328  step 0.9500
13:38:02     iter  11  obj -0.24305  best 0.09328  step 0.4750  halved
13:38:04     iter  12  obj -4.36302  best 0.09328  step 0.4750
13:38:06     iter  13  obj -0.77504  best 0.09328  step 0.4750
13:38:08     iter  14  obj -0.18229  best 0.09328  step 0.4750
13:38:10     iter  15  obj -0.06587  best 0.09328  step 0.4750
13:38:13     iter  16  obj -0.20022  best 0.09328  step 0.4750
13:38:15     iter  17  obj -0.13358  best 0.09328  step 0.4750
13:38:17     iter  18  obj -0.16182  best 0.09328  step 0.4750
13:38:19     iter  19  obj -0.09027  best 0.09328  step 0.4750
13:38:21     iter  20  obj -0.09429  best 0.09328  step 0.4750
13:38:23     iter  21  obj -0.18504  best 0.09328  step 0.2375  halved
13:38:26     iter  22  obj -4.07219  best 0.09328  step 0.2375
13:38:28     iter  23  obj -0.32713  best 0.09328  step 0.2375
13:38:30     iter  24  obj -0.09396  best 0.09328  step 0.2375
13:38:32     iter  25  obj -0.04231  best 0.09328  step 0.2375
13:38:34     iter  26  obj -0.05164  best 0.09328  step 0.2375
13:38:37     iter  27  obj -0.02231  best 0.09328  step 0.2375
13:38:39     iter  28  obj -0.03134  best 0.09328  step 0.2375
13:38:41     iter  29  obj -0.04965  best 0.09328  step 0.2375
13:38:43     iter  30  obj 0.00222  best 0.09328  step 0.1188  halved
13:38:45     iter  31  obj -5.03670  best 0.09328  step 0.1188
13:38:48     iter  32  obj -0.00157  best 0.09328  step 0.1188
13:38:50     iter  33  obj 0.08350  best 0.09328  step 0.1188
13:38:52     iter  34  obj 0.10032  best 0.10032  step 0.1188  *
13:38:54     iter  35  obj 0.08601  best 0.10032  step 0.1188
13:38:56     iter  36  obj 0.09233  best 0.10032  step 0.1188
13:38:59     iter  37  obj 0.10058  best 0.10058  step 0.1188  *
13:39:01     iter  38  obj 0.09395  best 0.10058  step 0.0594  halved
13:39:03     iter  39  obj 0.14309  best 0.14309  step 0.0594  *
13:39:05     iter  40  obj 0.11036  best 0.14309  step 0.0594
13:39:07     iter  41  obj 0.11358  best 0.14309  step 0.0594
13:39:10     iter  42  obj 0.17103  best 0.17103  step 0.0594  *
13:39:12     iter  43  obj 0.13208  best 0.17103  step 0.0594
13:39:14     iter  44  obj 0.23997  best 0.23997  step 0.0594  *
13:39:16     iter  45  obj 0.28346  best 0.28346  step 0.0297  *  halved
13:39:18     iter  46  obj 0.27100  best 0.28346  step 0.0297
13:39:21     iter  47  obj 0.33361  best 0.33361  step 0.0297  *
13:39:23     iter  48  obj 0.36384  best 0.36384  step 0.0297  *
13:39:25     iter  49  obj 0.56286  best 0.56286  step 0.0297  *
13:39:27     iter  50  obj 0.55001  best 0.56286  step 0.0297
13:39:29      poisoned ce=0.12319 auc=0.9903 acc=0.9610 f1=0.9610  dce=+0.02991 dacc=-0.0040  k=1500  [113.2s]
13:39:29   mean over 1 trials: dce=+0.02991 dacc=-0.0040 dauc=-0.0033  -> results/niter_sweep_final/url_unique_rs1_it50

