13:51:27 [x-capgd] datasets/wids/splits/selected/natural/context_5000.csv (5000x108) -> datasets/wids/splits/test_attack_1000.csv (1000 of 1000)  k=1500 (30.0%)  attack_class=None  grid 1x1  cuda:3
13:51:34   clean  ce=0.20899 auc=0.8795 acc=0.9250 f1=0.4361  max|dp| over 3 repeats=0.00e+00  chunking_exact=True  [5.2s]
13:51:34   constraints=full (31 relations, dataset 'wids')  scaler=metadata  mutable 108/108  int 60  cat 9
13:51:34   -- trial run0_sub0
13:51:39     iter   0  obj -0.13841  best -0.13841  step 0.9500
13:51:44     iter   1  obj -6.88590  best -0.13841  step 0.9500
13:51:49     iter   2  obj -0.05440  best -0.05440  step 0.9500  *
13:51:53     iter   3  obj -0.37004  best -0.05440  step 0.9500
13:51:58     iter   4  obj -0.15906  best -0.05440  step 0.9500
13:52:03     iter   5  obj -0.23744  best -0.05440  step 0.9500
13:52:08     iter   6  obj -1.30198  best -0.05440  step 0.9500
13:52:13     iter   7  obj -5.84181  best -0.05440  step 0.9500
13:52:18     iter   8  obj -0.55322  best -0.05440  step 0.9500
13:52:23     iter   9  obj -0.87847  best -0.05440  step 0.9500
13:52:28     iter  10  obj -0.58984  best -0.05440  step 0.9500
13:52:33     iter  11  obj -0.37740  best -0.05440  step 0.4750  halved
13:52:37     iter  12  obj -11.12596  best -0.05440  step 0.4750
13:52:42     iter  13  obj -0.14189  best -0.05440  step 0.4750
13:52:47     iter  14  obj -0.14704  best -0.05440  step 0.4750
13:52:52     iter  15  obj -0.24164  best -0.05440  step 0.4750
13:52:57     iter  16  obj 0.07366  best 0.07366  step 0.4750  *
13:53:02     iter  17  obj -0.52898  best 0.07366  step 0.4750
13:53:07     iter  18  obj -0.20530  best 0.07366  step 0.4750
13:53:12     iter  19  obj -0.15155  best 0.07366  step 0.4750
13:53:16     iter  20  obj -0.08918  best 0.07366  step 0.4750
13:53:21     iter  21  obj -0.49368  best 0.07366  step 0.2375  halved
13:53:26     iter  22  obj -4.87647  best 0.07366  step 0.2375
13:53:31     iter  23  obj -0.03229  best 0.07366  step 0.2375
13:53:36     iter  24  obj 0.11194  best 0.11194  step 0.2375  *
13:53:41     iter  25  obj -0.07634  best 0.11194  step 0.2375
13:53:46     iter  26  obj 0.10876  best 0.11194  step 0.2375
13:53:51     iter  27  obj 0.10496  best 0.11194  step 0.2375
13:53:56     iter  28  obj 0.08382  best 0.11194  step 0.2375
13:54:00     iter  29  obj 0.15271  best 0.15271  step 0.2375  *
13:54:05     iter  30  obj 0.10706  best 0.15271  step 0.1188  halved
13:54:10     iter  31  obj 0.25669  best 0.25669  step 0.1188  *
13:54:15     iter  32  obj 0.28143  best 0.28143  step 0.1188  *
13:54:20     iter  33  obj 0.27795  best 0.28143  step 0.1188
13:54:25     iter  34  obj 0.32315  best 0.32315  step 0.1188  *
13:54:30     iter  35  obj 0.27236  best 0.32315  step 0.1188
13:54:35     iter  36  obj 0.32708  best 0.32708  step 0.1188  *
13:54:39     iter  37  obj 0.28795  best 0.32708  step 0.1188
13:54:44     iter  38  obj 0.29045  best 0.32708  step 0.0594  halved
13:54:49     iter  39  obj 0.36099  best 0.36099  step 0.0594  *
13:54:54     iter  40  obj 0.39344  best 0.39344  step 0.0594  *
13:54:59     iter  41  obj 0.35901  best 0.39344  step 0.0594
13:55:04     iter  42  obj 0.40497  best 0.40497  step 0.0594  *
13:55:09     iter  43  obj 0.42409  best 0.42409  step 0.0594  *
13:55:14     iter  44  obj 0.52544  best 0.52544  step 0.0594  *
13:55:19     iter  45  obj 0.53130  best 0.53130  step 0.0594  *
13:55:23     iter  46  obj 0.49734  best 0.53130  step 0.0594
13:55:28     iter  47  obj 0.63628  best 0.63628  step 0.0594  *
13:55:33     iter  48  obj 0.49582  best 0.63628  step 0.0594
13:55:38     iter  49  obj 0.48125  best 0.63628  step 0.0594
13:55:43     iter  50  obj 0.65616  best 0.65616  step 0.0594  *
13:55:45      poisoned ce=0.47280 auc=0.7169 acc=0.8740 f1=0.2222  dce=+0.26381 dacc=-0.0510  k=1500  [251.4s]
13:55:45   mean over 1 trials: dce=+0.26381 dacc=-0.0510 dauc=-0.1626  -> results/niter_sweep_final/wids_rs3_it50

