14:40:15 [x-capgd] datasets/wids/splits/selected/natural/context_5000.csv (5000x108) -> datasets/wids/splits/test_attack_1000.csv (1000 of 1000)  k=1500 (30.0%)  attack_class=None  grid 1x1  cuda:3
14:40:21   clean  ce=0.20899 auc=0.8795 acc=0.9250 f1=0.4361  max|dp| over 3 repeats=0.00e+00  chunking_exact=True  [5.1s]
14:40:21   constraints=full (31 relations, dataset 'wids')  scaler=metadata  mutable 108/108  int 60  cat 9
14:40:21   -- trial run0_sub0
14:40:26     iter   0  obj 0.10032  best 0.10032  step 0.9500
14:40:31     iter   1  obj -6.99080  best 0.10032  step 0.9500
14:40:36     iter   2  obj -0.02834  best 0.10032  step 0.9500
14:40:41     iter   3  obj -0.26085  best 0.10032  step 0.9500
14:40:46     iter   4  obj -0.50464  best 0.10032  step 0.9500
14:40:51     iter   5  obj -0.67437  best 0.10032  step 0.9500
14:40:56     iter   6  obj -0.39549  best 0.10032  step 0.9500
14:41:00     iter   7  obj -1.91042  best 0.10032  step 0.9500
14:41:05     iter   8  obj -0.24965  best 0.10032  step 0.9500
14:41:10     iter   9  obj -1.20761  best 0.10032  step 0.9500
14:41:15     iter  10  obj -0.57199  best 0.10032  step 0.9500
14:41:20     iter  11  obj -0.51139  best 0.10032  step 0.9500
14:41:25     iter  12  obj -0.87893  best 0.10032  step 0.9500
14:41:30     iter  13  obj -2.31800  best 0.10032  step 0.9500
14:41:35     iter  14  obj -0.29771  best 0.10032  step 0.9500
14:41:39     iter  15  obj -1.00818  best 0.10032  step 0.9500
14:41:44     iter  16  obj -0.69946  best 0.10032  step 0.9500
14:41:49     iter  17  obj -0.63998  best 0.10032  step 0.9500
14:41:54     iter  18  obj -0.43503  best 0.10032  step 0.9500
14:41:59     iter  19  obj -1.95742  best 0.10032  step 0.9500
14:42:04     iter  20  obj -0.28642  best 0.10032  step 0.9500
14:42:09     iter  21  obj -0.90750  best 0.10032  step 0.9500
14:42:14     iter  22  obj -0.90298  best 0.10032  step 0.9500
14:42:18     iter  23  obj -0.54704  best 0.10032  step 0.9500
14:42:23     iter  24  obj -0.46051  best 0.10032  step 0.9500
14:42:28     iter  25  obj -2.20958  best 0.10032  step 0.9500
14:42:33     iter  26  obj -0.42788  best 0.10032  step 0.9500
14:42:38     iter  27  obj -1.00378  best 0.10032  step 0.9500
14:42:43     iter  28  obj -0.57413  best 0.10032  step 0.9500
14:42:48     iter  29  obj -0.72709  best 0.10032  step 0.9500
14:42:53     iter  30  obj -0.46582  best 0.10032  step 0.9500
14:42:57     iter  31  obj -1.62716  best 0.10032  step 0.9500
14:43:02     iter  32  obj -0.41705  best 0.10032  step 0.9500
14:43:07     iter  33  obj -1.09554  best 0.10032  step 0.4750  halved
14:43:12     iter  34  obj -44.80828  best 0.10032  step 0.4750
14:43:17     iter  35  obj -1.64952  best 0.10032  step 0.4750
14:43:22     iter  36  obj 0.09285  best 0.10032  step 0.4750
14:43:27     iter  37  obj -0.05552  best 0.10032  step 0.4750
14:43:32     iter  38  obj -0.36050  best 0.10032  step 0.4750
14:43:37     iter  39  obj -0.24999  best 0.10032  step 0.4750
14:43:41     iter  40  obj 0.01206  best 0.10032  step 0.4750
14:43:46     iter  41  obj -0.57199  best 0.10032  step 0.4750
14:43:51     iter  42  obj -0.38130  best 0.10032  step 0.4750
14:43:56     iter  43  obj -0.84082  best 0.10032  step 0.4750
14:44:01     iter  44  obj -0.12955  best 0.10032  step 0.4750
14:44:06     iter  45  obj -0.26896  best 0.10032  step 0.4750
14:44:11     iter  46  obj -0.03005  best 0.10032  step 0.4750
14:44:16     iter  47  obj -0.01111  best 0.10032  step 0.4750
14:44:21     iter  48  obj -0.08235  best 0.10032  step 0.4750
14:44:25     iter  49  obj -0.13093  best 0.10032  step 0.4750
14:44:30     iter  50  obj -0.15827  best 0.10032  step 0.4750
14:44:35     iter  51  obj -0.20340  best 0.10032  step 0.4750
14:44:40     iter  52  obj -0.40113  best 0.10032  step 0.4750
14:44:45     iter  53  obj -0.13469  best 0.10032  step 0.4750
14:44:50     iter  54  obj -0.83495  best 0.10032  step 0.4750
14:44:55     iter  55  obj -0.13204  best 0.10032  step 0.4750
14:45:00     iter  56  obj -0.69098  best 0.10032  step 0.4750
14:45:04     iter  57  obj -0.28358  best 0.10032  step 0.4750
14:45:09     iter  58  obj -0.28458  best 0.10032  step 0.4750
14:45:14     iter  59  obj -0.25658  best 0.10032  step 0.4750
14:45:19     iter  60  obj -0.14523  best 0.10032  step 0.4750
14:45:24     iter  61  obj -0.12891  best 0.10032  step 0.4750
14:45:29     iter  62  obj -0.61399  best 0.10032  step 0.2375  halved
14:45:34     iter  63  obj -17.89976  best 0.10032  step 0.2375
14:45:39     iter  64  obj -2.49710  best 0.10032  step 0.2375
14:45:43     iter  65  obj -0.02278  best 0.10032  step 0.2375
14:45:48     iter  66  obj 0.09072  best 0.10032  step 0.2375
14:45:53     iter  67  obj -0.35390  best 0.10032  step 0.2375
14:45:58     iter  68  obj -0.08652  best 0.10032  step 0.2375
14:46:03     iter  69  obj 0.03117  best 0.10032  step 0.2375
14:46:08     iter  70  obj -0.19040  best 0.10032  step 0.2375
14:46:13     iter  71  obj -0.19493  best 0.10032  step 0.2375
14:46:18     iter  72  obj -0.15061  best 0.10032  step 0.2375
14:46:22     iter  73  obj 0.03767  best 0.10032  step 0.2375
14:46:27     iter  74  obj 0.13394  best 0.13394  step 0.2375  *
14:46:32     iter  75  obj -0.25379  best 0.13394  step 0.2375
14:46:37     iter  76  obj 0.10743  best 0.13394  step 0.2375
14:46:42     iter  77  obj 0.14738  best 0.14738  step 0.2375  *
14:46:47     iter  78  obj 0.06928  best 0.14738  step 0.2375
14:46:52     iter  79  obj -0.01692  best 0.14738  step 0.2375
14:46:57     iter  80  obj 0.16571  best 0.16571  step 0.2375  *
14:47:01     iter  81  obj 0.12071  best 0.16571  step 0.2375
14:47:06     iter  82  obj 0.10983  best 0.16571  step 0.2375
14:47:11     iter  83  obj -0.06819  best 0.16571  step 0.2375
14:47:16     iter  84  obj -0.11644  best 0.16571  step 0.2375
14:47:21     iter  85  obj -0.05174  best 0.16571  step 0.2375
14:47:26     iter  86  obj 0.10786  best 0.16571  step 0.2375
14:47:31     iter  87  obj -0.07760  best 0.16571  step 0.1188  halved
14:47:36     iter  88  obj -2.05261  best 0.16571  step 0.1188
14:47:40     iter  89  obj 0.12402  best 0.16571  step 0.1188
14:47:45     iter  90  obj 0.25222  best 0.25222  step 0.1188  *
14:47:50     iter  91  obj 0.25959  best 0.25959  step 0.1188  *
14:47:55     iter  92  obj 0.29664  best 0.29664  step 0.1188  *
14:48:00     iter  93  obj 0.30732  best 0.30732  step 0.1188  *
14:48:05     iter  94  obj 0.32743  best 0.32743  step 0.1188  *
14:48:10     iter  95  obj 0.31070  best 0.32743  step 0.1188
14:48:15     iter  96  obj 0.29830  best 0.32743  step 0.1188
14:48:19     iter  97  obj 0.22615  best 0.32743  step 0.1188
14:48:24     iter  98  obj 0.37461  best 0.37461  step 0.1188  *
14:48:29     iter  99  obj 0.41385  best 0.41385  step 0.1188  *
14:48:34     iter 100  obj 0.39261  best 0.41385  step 0.1188
14:48:39     iter 101  obj 0.36876  best 0.41385  step 0.1188
14:48:44     iter 102  obj 0.35736  best 0.41385  step 0.1188
14:48:49     iter 103  obj 0.51812  best 0.51812  step 0.1188  *
14:48:54     iter 104  obj 0.41884  best 0.51812  step 0.1188
14:48:58     iter 105  obj 0.44709  best 0.51812  step 0.1188
14:49:03     iter 106  obj 0.34978  best 0.51812  step 0.1188
14:49:08     iter 107  obj 0.47532  best 0.51812  step 0.1188
14:49:13     iter 108  obj 0.48291  best 0.51812  step 0.0594  halved
14:49:18     iter 109  obj 0.08069  best 0.51812  step 0.0594
14:49:23     iter 110  obj 0.49302  best 0.51812  step 0.0594
14:49:28     iter 111  obj 0.54112  best 0.54112  step 0.0594  *
14:49:33     iter 112  obj 0.57793  best 0.57793  step 0.0594  *
14:49:37     iter 113  obj 0.65399  best 0.65399  step 0.0594  *
14:49:42     iter 114  obj 0.60892  best 0.65399  step 0.0594
14:49:47     iter 115  obj 0.58714  best 0.65399  step 0.0594
14:49:52     iter 116  obj 0.62611  best 0.65399  step 0.0594
14:49:57     iter 117  obj 0.68240  best 0.68240  step 0.0594  *
14:50:02     iter 118  obj 0.73840  best 0.73840  step 0.0594  *
14:50:07     iter 119  obj 0.71646  best 0.73840  step 0.0594
14:50:12     iter 120  obj 0.72792  best 0.73840  step 0.0594
14:50:16     iter 121  obj 0.81530  best 0.81530  step 0.0594  *
14:50:21     iter 122  obj 0.80668  best 0.81530  step 0.0594
14:50:26     iter 123  obj 0.91951  best 0.91951  step 0.0594  *
14:50:31     iter 124  obj 0.95095  best 0.95095  step 0.0594  *
14:50:36     iter 125  obj 0.69173  best 0.95095  step 0.0297  halved
14:50:41     iter 126  obj 1.13670  best 1.13670  step 0.0297  *
14:50:46     iter 127  obj 1.25918  best 1.25918  step 0.0297  *
14:50:51     iter 128  obj 1.31678  best 1.31678  step 0.0297  *
14:50:56     iter 129  obj 1.32473  best 1.32473  step 0.0297  *
14:51:00     iter 130  obj 1.26244  best 1.32473  step 0.0297
14:51:05     iter 131  obj 1.38932  best 1.38932  step 0.0297  *
14:51:10     iter 132  obj 1.39082  best 1.39082  step 0.0297  *
14:51:15     iter 133  obj 1.41786  best 1.41786  step 0.0297  *
14:51:20     iter 134  obj 1.38638  best 1.41786  step 0.0297
14:51:25     iter 135  obj 1.63180  best 1.63180  step 0.0297  *
14:51:30     iter 136  obj 1.57915  best 1.63180  step 0.0297
14:51:35     iter 137  obj 1.74030  best 1.74030  step 0.0297  *
14:51:40     iter 138  obj 1.69577  best 1.74030  step 0.0148  halved
14:51:44     iter 139  obj 2.02343  best 2.02343  step 0.0148  *
14:51:49     iter 140  obj 2.33828  best 2.33828  step 0.0148  *
14:51:54     iter 141  obj 2.74749  best 2.74749  step 0.0148  *
14:51:59     iter 142  obj 2.73507  best 2.74749  step 0.0148
14:52:04     iter 143  obj 3.51592  best 3.51592  step 0.0148  *
14:52:09     iter 144  obj 3.91638  best 3.91638  step 0.0148  *
14:52:14     iter 145  obj 4.66861  best 4.66861  step 0.0148  *
14:52:19     iter 146  obj 5.29581  best 5.29581  step 0.0148  *
14:52:23     iter 147  obj 5.93657  best 5.93657  step 0.0148  *
14:52:28     iter 148  obj 7.28553  best 7.28553  step 0.0148  *
14:52:33     iter 149  obj 7.33934  best 7.33934  step 0.0148  *
14:52:38     iter 150  obj 8.51973  best 8.51973  step 0.0148  *
14:52:40      poisoned ce=0.97944 auc=0.3236 acc=0.6950 f1=0.0950  dce=+0.77045 dacc=-0.2300  k=1500  [739.1s]
14:52:41   mean over 1 trials: dce=+0.77045 dacc=-0.2300 dauc=-0.5559  -> results/niter_sweep_final/wids_rs1_it150

