13:35:47 [x-capgd] datasets/wids/splits/selected/natural/context_5000.csv (5000x108) -> datasets/wids/splits/test_attack_1000.csv (1000 of 1000)  k=1500 (30.0%)  attack_class=None  grid 1x1  cuda:3
13:35:53   clean  ce=0.20899 auc=0.8795 acc=0.9250 f1=0.4361  max|dp| over 3 repeats=0.00e+00  chunking_exact=True  [5.2s]
13:35:53   constraints=full (31 relations, dataset 'wids')  scaler=metadata  mutable 108/108  int 60  cat 9
13:35:53   -- trial run0_sub0
13:35:58     iter   0  obj 0.10032  best 0.10032  step 0.9500
13:36:03     iter   1  obj -6.99083  best 0.10032  step 0.9500
13:36:08     iter   2  obj -0.02829  best 0.10032  step 0.9500
13:36:13     iter   3  obj -0.26021  best 0.10032  step 0.9500
13:36:18     iter   4  obj -0.51365  best 0.10032  step 0.9500
13:36:23     iter   5  obj -0.24054  best 0.10032  step 0.4750  halved
13:36:28     iter   6  obj -31.03483  best 0.10032  step 0.4750
13:36:32     iter   7  obj -1.09882  best 0.10032  step 0.4750
13:36:37     iter   8  obj 0.05519  best 0.10032  step 0.4750
13:36:42     iter   9  obj -0.09574  best 0.10032  step 0.2375  halved
13:36:47     iter  10  obj -44.81260  best 0.10032  step 0.2375
13:36:52     iter  11  obj -1.42905  best 0.10032  step 0.2375
13:36:57     iter  12  obj 0.10810  best 0.10810  step 0.1188  *  halved
13:37:02     iter  13  obj 0.18182  best 0.18182  step 0.1188  *
13:37:06     iter  14  obj 0.20762  best 0.20762  step 0.1188  *
13:37:11     iter  15  obj 0.19936  best 0.20762  step 0.0594  halved
13:37:16     iter  16  obj 0.21313  best 0.21313  step 0.0594  *
13:37:21     iter  17  obj 0.22543  best 0.22543  step 0.0594  *
13:37:26     iter  18  obj 0.22632  best 0.22632  step 0.0594  *
13:37:31     iter  19  obj 0.23367  best 0.23367  step 0.0594  *
13:37:36     iter  20  obj 0.23168  best 0.23367  step 0.0297  halved
13:37:41     iter  21  obj 0.25354  best 0.25354  step 0.0297  *
13:37:45     iter  22  obj 0.28397  best 0.28397  step 0.0297  *
13:37:50     iter  23  obj 0.28070  best 0.28397  step 0.0148  halved
13:37:55     iter  24  obj 0.28905  best 0.28905  step 0.0148  *
13:38:00     iter  25  obj 0.24745  best 0.28905  step 0.0074  halved
13:38:03      poisoned ce=0.27541 auc=0.8197 acc=0.9040 f1=0.3143  dce=+0.06642 dacc=-0.0210  k=1500  [129.0s]
13:38:03   mean over 1 trials: dce=+0.06642 dacc=-0.0210 dauc=-0.0598  -> results/niter_sweep_final/wids_rs1_it25

