14:23:24 [x-capgd] datasets/wids/splits/selected/natural/context_5000.csv (5000x108) -> datasets/wids/splits/test_attack_1000.csv (1000 of 1000)  k=1500 (30.0%)  attack_class=None  grid 1x1  cuda:3
14:23:30   clean  ce=0.20899 auc=0.8795 acc=0.9250 f1=0.4361  max|dp| over 3 repeats=0.00e+00  chunking_exact=True  [5.2s]
14:23:31   constraints=full (31 relations, dataset 'wids')  scaler=metadata  mutable 108/108  int 60  cat 9
14:23:31   -- trial run0_sub0
14:23:35     iter   0  obj -0.18121  best -0.18121  step 0.9500
14:23:40     iter   1  obj -7.46689  best -0.18121  step 0.9500
14:23:45     iter   2  obj -0.08568  best -0.08568  step 0.9500  *
14:23:50     iter   3  obj -0.37342  best -0.08568  step 0.9500
14:23:55     iter   4  obj -0.41676  best -0.08568  step 0.9500
14:24:00     iter   5  obj -0.39422  best -0.08568  step 0.9500
14:24:05     iter   6  obj -0.92411  best -0.08568  step 0.9500
14:24:10     iter   7  obj -1.92900  best -0.08568  step 0.9500
14:24:14     iter   8  obj -0.72091  best -0.08568  step 0.9500
14:24:19     iter   9  obj -1.55456  best -0.08568  step 0.9500
14:24:24     iter  10  obj -1.07657  best -0.08568  step 0.9500
14:24:29     iter  11  obj -0.77949  best -0.08568  step 0.9500
14:24:34     iter  12  obj -1.50944  best -0.08568  step 0.9500
14:24:39     iter  13  obj -1.64658  best -0.08568  step 0.9500
14:24:44     iter  14  obj -0.84759  best -0.08568  step 0.9500
14:24:49     iter  15  obj -0.98850  best -0.08568  step 0.9500
14:24:53     iter  16  obj -0.48300  best -0.08568  step 0.9500
14:24:58     iter  17  obj -0.36763  best -0.08568  step 0.9500
14:25:03     iter  18  obj -1.13339  best -0.08568  step 0.9500
14:25:08     iter  19  obj -1.65718  best -0.08568  step 0.9500
14:25:13     iter  20  obj -0.55167  best -0.08568  step 0.9500
14:25:18     iter  21  obj -0.60715  best -0.08568  step 0.9500
14:25:23     iter  22  obj -1.05678  best -0.08568  step 0.4750  halved
14:25:28     iter  23  obj -6.72445  best -0.08568  step 0.4750
14:25:32     iter  24  obj -0.27052  best -0.08568  step 0.4750
14:25:37     iter  25  obj -0.29346  best -0.08568  step 0.4750
14:25:42     iter  26  obj -0.14365  best -0.08568  step 0.4750
14:25:47     iter  27  obj -0.20528  best -0.08568  step 0.4750
14:25:52     iter  28  obj -0.42076  best -0.08568  step 0.4750
14:25:57     iter  29  obj -0.18445  best -0.08568  step 0.4750
14:26:02     iter  30  obj -0.31070  best -0.08568  step 0.4750
14:26:07     iter  31  obj -0.26061  best -0.08568  step 0.4750
14:26:11     iter  32  obj -0.24908  best -0.08568  step 0.4750
14:26:16     iter  33  obj -0.47541  best -0.08568  step 0.4750
14:26:21     iter  34  obj -0.39234  best -0.08568  step 0.4750
14:26:26     iter  35  obj -1.10967  best -0.08568  step 0.4750
14:26:31     iter  36  obj -0.36760  best -0.08568  step 0.4750
14:26:36     iter  37  obj -1.27741  best -0.08568  step 0.4750
14:26:41     iter  38  obj -0.07978  best -0.07978  step 0.4750  *
14:26:45     iter  39  obj -0.70516  best -0.07978  step 0.4750
14:26:50     iter  40  obj -0.16751  best -0.07978  step 0.4750
14:26:55     iter  41  obj -0.23027  best -0.07978  step 0.2375  halved
14:27:00     iter  42  obj -7.52221  best -0.07978  step 0.2375
14:27:05     iter  43  obj 0.17309  best 0.17309  step 0.2375  *
14:27:10     iter  44  obj 0.16371  best 0.17309  step 0.2375
14:27:15     iter  45  obj 0.11754  best 0.17309  step 0.2375
14:27:20     iter  46  obj -0.13527  best 0.17309  step 0.2375
14:27:24     iter  47  obj 0.13725  best 0.17309  step 0.2375
14:27:29     iter  48  obj 0.10094  best 0.17309  step 0.2375
14:27:34     iter  49  obj 0.08604  best 0.17309  step 0.2375
14:27:39     iter  50  obj -0.07708  best 0.17309  step 0.2375
14:27:44     iter  51  obj -0.44855  best 0.17309  step 0.2375
14:27:49     iter  52  obj 0.07259  best 0.17309  step 0.2375
14:27:54     iter  53  obj -0.05720  best 0.17309  step 0.2375
14:27:59     iter  54  obj -0.06595  best 0.17309  step 0.2375
14:28:03     iter  55  obj 0.13004  best 0.17309  step 0.2375
14:28:08     iter  56  obj 0.16387  best 0.17309  step 0.2375
14:28:13     iter  57  obj 0.13138  best 0.17309  step 0.1188  halved
14:28:18     iter  58  obj -5.60884  best 0.17309  step 0.1188
14:28:23     iter  59  obj -0.27332  best 0.17309  step 0.1188
14:28:28     iter  60  obj 0.17161  best 0.17309  step 0.1188
14:28:33     iter  61  obj 0.18170  best 0.18170  step 0.1188  *
14:28:38     iter  62  obj 0.17083  best 0.18170  step 0.1188
14:28:43     iter  63  obj 0.15320  best 0.18170  step 0.1188
14:28:47     iter  64  obj 0.21991  best 0.21991  step 0.1188  *
14:28:52     iter  65  obj 0.24460  best 0.24460  step 0.1188  *
14:28:57     iter  66  obj 0.21990  best 0.24460  step 0.1188
14:29:02     iter  67  obj 0.21037  best 0.24460  step 0.1188
14:29:07     iter  68  obj 0.24752  best 0.24752  step 0.1188  *
14:29:12     iter  69  obj 0.21009  best 0.24752  step 0.1188
14:29:17     iter  70  obj 0.23927  best 0.24752  step 0.0594  halved
14:29:22     iter  71  obj 0.32106  best 0.32106  step 0.0594  *
14:29:26     iter  72  obj 0.33966  best 0.33966  step 0.0594  *
14:29:31     iter  73  obj 0.29286  best 0.33966  step 0.0594
14:29:36     iter  74  obj 0.36102  best 0.36102  step 0.0594  *
14:29:41     iter  75  obj 0.35191  best 0.36102  step 0.0594
14:29:46     iter  76  obj 0.31544  best 0.36102  step 0.0594
14:29:51     iter  77  obj 0.31660  best 0.36102  step 0.0594
14:29:56     iter  78  obj 0.39000  best 0.39000  step 0.0594  *
14:30:01     iter  79  obj 0.41841  best 0.41841  step 0.0594  *
14:30:06     iter  80  obj 0.34085  best 0.41841  step 0.0297  halved
14:30:10     iter  81  obj 0.41036  best 0.41841  step 0.0297
14:30:15     iter  82  obj 0.55579  best 0.55579  step 0.0297  *
14:30:20     iter  83  obj 0.56241  best 0.56241  step 0.0297  *
14:30:25     iter  84  obj 0.56373  best 0.56373  step 0.0297  *
14:30:30     iter  85  obj 0.63885  best 0.63885  step 0.0297  *
14:30:35     iter  86  obj 0.75598  best 0.75598  step 0.0297  *
14:30:40     iter  87  obj 0.77660  best 0.77660  step 0.0297  *
14:30:45     iter  88  obj 0.79936  best 0.79936  step 0.0297  *
14:30:49     iter  89  obj 0.84188  best 0.84188  step 0.0297  *
14:30:54     iter  90  obj 0.82074  best 0.84188  step 0.0297
14:30:59     iter  91  obj 0.69873  best 0.84188  step 0.0297
14:31:04     iter  92  obj 0.71457  best 0.84188  step 0.0297
14:31:09     iter  93  obj 0.89108  best 0.89108  step 0.0148  *  halved
14:31:14     iter  94  obj 0.99403  best 0.99403  step 0.0148  *
14:31:19     iter  95  obj 1.11188  best 1.11188  step 0.0148  *
14:31:24     iter  96  obj 1.22839  best 1.22839  step 0.0148  *
14:31:28     iter  97  obj 1.15722  best 1.22839  step 0.0148
14:31:33     iter  98  obj 1.25218  best 1.25218  step 0.0148  *
14:31:38     iter  99  obj 1.33304  best 1.33304  step 0.0148  *
14:31:43     iter 100  obj 1.33486  best 1.33486  step 0.0148  *
14:31:46      poisoned ce=0.50342 auc=0.6614 acc=0.8660 f1=0.1184  dce=+0.29443 dacc=-0.0590  k=1500  [495.0s]
14:31:46   mean over 1 trials: dce=+0.29443 dacc=-0.0590 dauc=-0.2181  -> results/niter_sweep_final/wids_rs2_it100

