13:55:49 [x-capgd] datasets/wids/splits/selected/natural/context_5000.csv (5000x108) -> datasets/wids/splits/test_attack_1000.csv (1000 of 1000)  k=1500 (30.0%)  attack_class=None  grid 1x1  cuda:3
13:55:55   clean  ce=0.20899 auc=0.8795 acc=0.9250 f1=0.4361  max|dp| over 3 repeats=0.00e+00  chunking_exact=True  [5.2s]
13:55:56   constraints=full (31 relations, dataset 'wids')  scaler=metadata  mutable 108/108  int 60  cat 9
13:55:56   -- trial run0_sub0
13:56:00     iter   0  obj 0.10032  best 0.10032  step 0.9500
13:56:05     iter   1  obj -6.99077  best 0.10032  step 0.9500
13:56:10     iter   2  obj -0.02833  best 0.10032  step 0.9500
13:56:15     iter   3  obj -0.26127  best 0.10032  step 0.9500
13:56:20     iter   4  obj -0.51237  best 0.10032  step 0.9500
13:56:25     iter   5  obj -0.32030  best 0.10032  step 0.9500
13:56:30     iter   6  obj -0.66187  best 0.10032  step 0.9500
13:56:34     iter   7  obj -1.90690  best 0.10032  step 0.9500
13:56:39     iter   8  obj -0.12328  best 0.10032  step 0.9500
13:56:44     iter   9  obj -0.87333  best 0.10032  step 0.9500
13:56:49     iter  10  obj -0.58904  best 0.10032  step 0.9500
13:56:54     iter  11  obj -0.41999  best 0.10032  step 0.9500
13:56:59     iter  12  obj -0.82009  best 0.10032  step 0.9500
13:57:04     iter  13  obj -2.12379  best 0.10032  step 0.9500
13:57:09     iter  14  obj -0.26203  best 0.10032  step 0.9500
13:57:13     iter  15  obj -0.78160  best 0.10032  step 0.9500
13:57:18     iter  16  obj -0.74197  best 0.10032  step 0.4750  halved
13:57:23     iter  17  obj -42.68237  best 0.10032  step 0.4750
13:57:28     iter  18  obj -1.51724  best 0.10032  step 0.4750
13:57:33     iter  19  obj 0.05081  best 0.10032  step 0.4750
13:57:38     iter  20  obj -0.42524  best 0.10032  step 0.4750
13:57:43     iter  21  obj -0.05326  best 0.10032  step 0.4750
13:57:48     iter  22  obj -0.08498  best 0.10032  step 0.4750
13:57:52     iter  23  obj -0.25719  best 0.10032  step 0.4750
13:57:57     iter  24  obj -0.54705  best 0.10032  step 0.4750
13:58:02     iter  25  obj -0.93263  best 0.10032  step 0.4750
13:58:07     iter  26  obj -0.77610  best 0.10032  step 0.4750
13:58:12     iter  27  obj -0.06933  best 0.10032  step 0.4750
13:58:17     iter  28  obj -0.93488  best 0.10032  step 0.4750
13:58:22     iter  29  obj -0.22041  best 0.10032  step 0.4750
13:58:27     iter  30  obj -0.26048  best 0.10032  step 0.2375  halved
13:58:31     iter  31  obj -12.90931  best 0.10032  step 0.2375
13:58:36     iter  32  obj -2.86643  best 0.10032  step 0.2375
13:58:41     iter  33  obj -0.11641  best 0.10032  step 0.2375
13:58:46     iter  34  obj -0.00157  best 0.10032  step 0.2375
13:58:51     iter  35  obj 0.07053  best 0.10032  step 0.2375
13:58:56     iter  36  obj 0.12605  best 0.12605  step 0.2375  *
13:59:01     iter  37  obj 0.04581  best 0.12605  step 0.2375
13:59:06     iter  38  obj -0.05052  best 0.12605  step 0.2375
13:59:10     iter  39  obj 0.05385  best 0.12605  step 0.2375
13:59:15     iter  40  obj 0.13407  best 0.13407  step 0.2375  *
13:59:20     iter  41  obj 0.10523  best 0.13407  step 0.2375
13:59:25     iter  42  obj -0.01256  best 0.13407  step 0.1188  halved
13:59:30     iter  43  obj 0.25807  best 0.25807  step 0.1188  *
13:59:35     iter  44  obj 0.18528  best 0.25807  step 0.1188
13:59:40     iter  45  obj 0.22178  best 0.25807  step 0.1188
13:59:45     iter  46  obj 0.21122  best 0.25807  step 0.1188
13:59:49     iter  47  obj 0.27415  best 0.27415  step 0.1188  *
13:59:54     iter  48  obj 0.28401  best 0.28401  step 0.1188  *
13:59:59     iter  49  obj 0.19026  best 0.28401  step 0.1188
14:00:04     iter  50  obj 0.14346  best 0.28401  step 0.1188
14:00:09     iter  51  obj 0.25866  best 0.28401  step 0.1188
14:00:14     iter  52  obj 0.26487  best 0.28401  step 0.0594  halved
14:00:19     iter  53  obj 0.05660  best 0.28401  step 0.0594
14:00:24     iter  54  obj 0.31498  best 0.31498  step 0.0594  *
14:00:29     iter  55  obj 0.34583  best 0.34583  step 0.0594  *
14:00:33     iter  56  obj 0.44763  best 0.44763  step 0.0594  *
14:00:38     iter  57  obj 0.40370  best 0.44763  step 0.0594
14:00:43     iter  58  obj 0.45601  best 0.45601  step 0.0594  *
14:00:48     iter  59  obj 0.49065  best 0.49065  step 0.0594  *
14:00:53     iter  60  obj 0.47834  best 0.49065  step 0.0297  halved
14:00:58     iter  61  obj 0.56159  best 0.56159  step 0.0297  *
14:01:03     iter  62  obj 0.68538  best 0.68538  step 0.0297  *
14:01:08     iter  63  obj 0.68486  best 0.68538  step 0.0297
14:01:12     iter  64  obj 0.80525  best 0.80525  step 0.0297  *
14:01:17     iter  65  obj 0.88052  best 0.88052  step 0.0297  *
14:01:22     iter  66  obj 1.03491  best 1.03491  step 0.0297  *
14:01:27     iter  67  obj 1.04004  best 1.04004  step 0.0297  *
14:01:32     iter  68  obj 1.56524  best 1.56524  step 0.0297  *
14:01:37     iter  69  obj 2.06823  best 2.06823  step 0.0297  *
14:01:42     iter  70  obj 2.07013  best 2.07013  step 0.0297  *
14:01:47     iter  71  obj 2.00597  best 2.07013  step 0.0297
14:01:52     iter  72  obj 2.96715  best 2.96715  step 0.0297  *
14:01:56     iter  73  obj 3.76930  best 3.76930  step 0.0297  *
14:02:01     iter  74  obj 3.11148  best 3.76930  step 0.0148  halved
14:02:06     iter  75  obj 4.63294  best 4.63294  step 0.0148  *
14:02:09      poisoned ce=0.67877 auc=0.4389 acc=0.7520 f1=0.1448  dce=+0.46978 dacc=-0.1730  k=1500  [373.1s]
14:02:09   mean over 1 trials: dce=+0.46978 dacc=-0.1730 dauc=-0.4406  -> results/niter_sweep_final/wids_rs1_it75

