13:38:06 [x-capgd] datasets/wids/splits/selected/natural/context_5000.csv (5000x108) -> datasets/wids/splits/test_attack_1000.csv (1000 of 1000)  k=1500 (30.0%)  attack_class=None  grid 1x1  cuda:3
13:38:13   clean  ce=0.20899 auc=0.8795 acc=0.9250 f1=0.4361  max|dp| over 3 repeats=0.00e+00  chunking_exact=True  [5.2s]
13:38:13   constraints=full (31 relations, dataset 'wids')  scaler=metadata  mutable 108/108  int 60  cat 9
13:38:13   -- trial run0_sub0
13:38:18     iter   0  obj -0.18121  best -0.18121  step 0.9500
13:38:23     iter   1  obj -7.46685  best -0.18121  step 0.9500
13:38:27     iter   2  obj -0.08568  best -0.08568  step 0.9500  *
13:38:32     iter   3  obj -0.37490  best -0.08568  step 0.9500
13:38:37     iter   4  obj -0.41654  best -0.08568  step 0.9500
13:38:42     iter   5  obj -0.33332  best -0.08568  step 0.4750  halved
13:38:47     iter   6  obj -8.36648  best -0.08568  step 0.4750
13:38:52     iter   7  obj -0.05448  best -0.05448  step 0.4750  *
13:38:57     iter   8  obj -1.26330  best -0.05448  step 0.4750
13:39:02     iter   9  obj -0.07745  best -0.05448  step 0.2375  halved
13:39:06     iter  10  obj -0.05108  best -0.05108  step 0.2375  *
13:39:11     iter  11  obj -0.02264  best -0.02264  step 0.2375  *
13:39:16     iter  12  obj -0.07031  best -0.02264  step 0.1188  halved
13:39:21     iter  13  obj 0.15432  best 0.15432  step 0.1188  *
13:39:26     iter  14  obj 0.16722  best 0.16722  step 0.1188  *
13:39:31     iter  15  obj 0.16680  best 0.16722  step 0.0594  halved
13:39:36     iter  16  obj 0.21242  best 0.21242  step 0.0594  *
13:39:41     iter  17  obj 0.23304  best 0.23304  step 0.0594  *
13:39:46     iter  18  obj 0.24152  best 0.24152  step 0.0594  *
13:39:50     iter  19  obj 0.25617  best 0.25617  step 0.0594  *
13:39:55     iter  20  obj 0.30115  best 0.30115  step 0.0594  *
13:40:00     iter  21  obj 0.23008  best 0.30115  step 0.0297  halved
13:40:05     iter  22  obj 0.27755  best 0.30115  step 0.0297
13:40:10     iter  23  obj 0.30891  best 0.30891  step 0.0297  *
13:40:15     iter  24  obj 0.30061  best 0.30891  step 0.0148  halved
13:40:20     iter  25  obj 0.31400  best 0.31400  step 0.0148  *
13:40:22      poisoned ce=0.32741 auc=0.7707 acc=0.9020 f1=0.2687  dce=+0.11842 dacc=-0.0230  k=1500  [129.3s]
13:40:22   mean over 1 trials: dce=+0.11842 dacc=-0.0230 dauc=-0.1088  -> results/niter_sweep_final/wids_rs2_it25

