14:52:44 [x-capgd] datasets/wids/splits/selected/natural/context_5000.csv (5000x108) -> datasets/wids/splits/test_attack_1000.csv (1000 of 1000)  k=1500 (30.0%)  attack_class=None  grid 1x1  cuda:3
14:52:50   clean  ce=0.20899 auc=0.8795 acc=0.9250 f1=0.4361  max|dp| over 3 repeats=0.00e+00  chunking_exact=True  [5.1s]
14:52:51   constraints=full (31 relations, dataset 'wids')  scaler=metadata  mutable 108/108  int 60  cat 9
14:52:51   -- trial run0_sub0
14:52:56     iter   0  obj -0.18121  best -0.18121  step 0.9500
14:53:01     iter   1  obj -7.46697  best -0.18121  step 0.9500
14:53:05     iter   2  obj -0.08567  best -0.08567  step 0.9500  *
14:53:10     iter   3  obj -0.37495  best -0.08567  step 0.9500
14:53:15     iter   4  obj -0.43988  best -0.08567  step 0.9500
14:53:20     iter   5  obj -0.38393  best -0.08567  step 0.9500
14:53:25     iter   6  obj -1.07746  best -0.08567  step 0.9500
14:53:30     iter   7  obj -2.29495  best -0.08567  step 0.9500
14:53:35     iter   8  obj -0.40472  best -0.08567  step 0.9500
14:53:39     iter   9  obj -1.19203  best -0.08567  step 0.9500
14:53:44     iter  10  obj -0.71031  best -0.08567  step 0.9500
14:53:49     iter  11  obj -0.51876  best -0.08567  step 0.9500
14:53:54     iter  12  obj -0.75538  best -0.08567  step 0.9500
14:53:59     iter  13  obj -1.97961  best -0.08567  step 0.9500
14:54:04     iter  14  obj -0.35251  best -0.08567  step 0.9500
14:54:09     iter  15  obj -0.93607  best -0.08567  step 0.9500
14:54:14     iter  16  obj -0.67628  best -0.08567  step 0.9500
14:54:18     iter  17  obj -0.48600  best -0.08567  step 0.9500
14:54:23     iter  18  obj -1.36060  best -0.08567  step 0.9500
14:54:28     iter  19  obj -1.85939  best -0.08567  step 0.9500
14:54:33     iter  20  obj -0.55013  best -0.08567  step 0.9500
14:54:38     iter  21  obj -1.23770  best -0.08567  step 0.9500
14:54:43     iter  22  obj -0.49626  best -0.08567  step 0.9500
14:54:48     iter  23  obj -0.54599  best -0.08567  step 0.9500
14:54:53     iter  24  obj -0.66145  best -0.08567  step 0.9500
14:54:57     iter  25  obj -1.74820  best -0.08567  step 0.9500
14:55:02     iter  26  obj -0.81877  best -0.08567  step 0.9500
14:55:07     iter  27  obj -0.73576  best -0.08567  step 0.9500
14:55:12     iter  28  obj -1.05165  best -0.08567  step 0.9500
14:55:17     iter  29  obj -0.61570  best -0.08567  step 0.9500
14:55:22     iter  30  obj -1.09603  best -0.08567  step 0.9500
14:55:27     iter  31  obj -2.03106  best -0.08567  step 0.9500
14:55:32     iter  32  obj -1.19798  best -0.08567  step 0.9500
14:55:36     iter  33  obj -0.87154  best -0.08567  step 0.4750  halved
14:55:41     iter  34  obj -9.28245  best -0.08567  step 0.4750
14:55:46     iter  35  obj -0.27514  best -0.08567  step 0.4750
14:55:51     iter  36  obj -0.03031  best -0.03031  step 0.4750  *
14:55:56     iter  37  obj -0.53013  best -0.03031  step 0.4750
14:56:01     iter  38  obj -0.07840  best -0.03031  step 0.4750
14:56:06     iter  39  obj -0.22567  best -0.03031  step 0.4750
14:56:11     iter  40  obj -0.50251  best -0.03031  step 0.4750
14:56:15     iter  41  obj -0.25571  best -0.03031  step 0.4750
14:56:20     iter  42  obj -1.13393  best -0.03031  step 0.4750
14:56:25     iter  43  obj -0.14091  best -0.03031  step 0.4750
14:56:30     iter  44  obj -0.02026  best -0.02026  step 0.4750  *
14:56:35     iter  45  obj -0.38952  best -0.02026  step 0.4750
14:56:40     iter  46  obj -0.35327  best -0.02026  step 0.4750
14:56:45     iter  47  obj -0.05481  best -0.02026  step 0.4750
14:56:50     iter  48  obj -0.83964  best -0.02026  step 0.4750
14:56:54     iter  49  obj -0.31071  best -0.02026  step 0.4750
14:56:59     iter  50  obj -1.00501  best -0.02026  step 0.4750
14:57:04     iter  51  obj -0.33134  best -0.02026  step 0.4750
14:57:09     iter  52  obj -0.62082  best -0.02026  step 0.4750
14:57:14     iter  53  obj -0.42370  best -0.02026  step 0.4750
14:57:19     iter  54  obj -0.46667  best -0.02026  step 0.4750
14:57:24     iter  55  obj -0.26345  best -0.02026  step 0.4750
14:57:29     iter  56  obj -0.35909  best -0.02026  step 0.4750
14:57:33     iter  57  obj -0.65167  best -0.02026  step 0.4750
14:57:38     iter  58  obj -0.36488  best -0.02026  step 0.4750
14:57:43     iter  59  obj -0.26569  best -0.02026  step 0.4750
14:57:48     iter  60  obj -0.08081  best -0.02026  step 0.4750
14:57:53     iter  61  obj -1.20762  best -0.02026  step 0.4750
14:57:58     iter  62  obj -0.26798  best -0.02026  step 0.2375  halved
14:58:03     iter  63  obj -5.71708  best -0.02026  step 0.2375
14:58:08     iter  64  obj -0.18815  best -0.02026  step 0.2375
14:58:13     iter  65  obj -0.19840  best -0.02026  step 0.2375
14:58:17     iter  66  obj 0.06046  best 0.06046  step 0.2375  *
14:58:22     iter  67  obj 0.10244  best 0.10244  step 0.2375  *
14:58:27     iter  68  obj -0.20760  best 0.10244  step 0.2375
14:58:32     iter  69  obj -0.03127  best 0.10244  step 0.2375
14:58:37     iter  70  obj -0.06630  best 0.10244  step 0.2375
14:58:42     iter  71  obj 0.01207  best 0.10244  step 0.2375
14:58:47     iter  72  obj 0.11822  best 0.11822  step 0.2375  *
14:58:52     iter  73  obj 0.00860  best 0.11822  step 0.2375
14:58:56     iter  74  obj 0.08459  best 0.11822  step 0.2375
14:59:01     iter  75  obj -0.24270  best 0.11822  step 0.2375
14:59:06     iter  76  obj -0.18064  best 0.11822  step 0.2375
14:59:11     iter  77  obj -0.16824  best 0.11822  step 0.2375
14:59:16     iter  78  obj -0.03265  best 0.11822  step 0.2375
14:59:21     iter  79  obj -0.07245  best 0.11822  step 0.2375
14:59:26     iter  80  obj -0.03625  best 0.11822  step 0.2375
14:59:31     iter  81  obj -0.12829  best 0.11822  step 0.2375
14:59:36     iter  82  obj -0.04357  best 0.11822  step 0.2375
14:59:40     iter  83  obj 0.09306  best 0.11822  step 0.2375
14:59:45     iter  84  obj -0.03258  best 0.11822  step 0.2375
14:59:50     iter  85  obj -0.17137  best 0.11822  step 0.2375
14:59:55     iter  86  obj 0.02475  best 0.11822  step 0.2375
15:00:00     iter  87  obj 0.06425  best 0.11822  step 0.1188  halved
15:00:05     iter  88  obj -4.34651  best 0.11822  step 0.1188
15:00:10     iter  89  obj -0.10456  best 0.11822  step 0.1188
15:00:15     iter  90  obj 0.16348  best 0.16348  step 0.1188  *
15:00:19     iter  91  obj 0.14975  best 0.16348  step 0.1188
15:00:24     iter  92  obj 0.11677  best 0.16348  step 0.1188
15:00:29     iter  93  obj 0.14172  best 0.16348  step 0.1188
15:00:34     iter  94  obj 0.22596  best 0.22596  step 0.1188  *
15:00:39     iter  95  obj 0.20083  best 0.22596  step 0.1188
15:00:44     iter  96  obj 0.13404  best 0.22596  step 0.1188
15:00:49     iter  97  obj 0.08490  best 0.22596  step 0.1188
15:00:54     iter  98  obj 0.21344  best 0.22596  step 0.1188
15:00:58     iter  99  obj 0.16916  best 0.22596  step 0.1188
15:01:03     iter 100  obj 0.14451  best 0.22596  step 0.1188
15:01:08     iter 101  obj 0.29698  best 0.29698  step 0.1188  *
15:01:13     iter 102  obj 0.24044  best 0.29698  step 0.1188
15:01:18     iter 103  obj 0.31849  best 0.31849  step 0.1188  *
15:01:23     iter 104  obj 0.26498  best 0.31849  step 0.1188
15:01:28     iter 105  obj 0.28733  best 0.31849  step 0.1188
15:01:32     iter 106  obj 0.28459  best 0.31849  step 0.1188
15:01:37     iter 107  obj 0.27274  best 0.31849  step 0.1188
15:01:42     iter 108  obj 0.27883  best 0.31849  step 0.0594  halved
15:01:47     iter 109  obj -0.05351  best 0.31849  step 0.0594
15:01:52     iter 110  obj 0.27765  best 0.31849  step 0.0594
15:01:57     iter 111  obj 0.29477  best 0.31849  step 0.0594
15:02:02     iter 112  obj 0.33628  best 0.33628  step 0.0594  *
15:02:07     iter 113  obj 0.36369  best 0.36369  step 0.0594  *
15:02:11     iter 114  obj 0.35854  best 0.36369  step 0.0594
15:02:16     iter 115  obj 0.33648  best 0.36369  step 0.0594
15:02:21     iter 116  obj 0.42766  best 0.42766  step 0.0594  *
15:02:26     iter 117  obj 0.33146  best 0.42766  step 0.0594
15:02:31     iter 118  obj 0.41004  best 0.42766  step 0.0594
15:02:36     iter 119  obj 0.35605  best 0.42766  step 0.0594
15:02:41     iter 120  obj 0.47494  best 0.47494  step 0.0594  *
15:02:46     iter 121  obj 0.39822  best 0.47494  step 0.0594
15:02:50     iter 122  obj 0.44196  best 0.47494  step 0.0594
15:02:55     iter 123  obj 0.46418  best 0.47494  step 0.0594
15:03:00     iter 124  obj 0.46985  best 0.47494  step 0.0594
15:03:05     iter 125  obj 0.49662  best 0.49662  step 0.0297  *  halved
15:03:10     iter 126  obj 0.44331  best 0.49662  step 0.0297
15:03:15     iter 127  obj 0.52572  best 0.52572  step 0.0297  *
15:03:20     iter 128  obj 0.66292  best 0.66292  step 0.0297  *
15:03:24     iter 129  obj 0.61844  best 0.66292  step 0.0297
15:03:29     iter 130  obj 0.57839  best 0.66292  step 0.0297
15:03:34     iter 131  obj 0.62075  best 0.66292  step 0.0297
15:03:39     iter 132  obj 0.68166  best 0.68166  step 0.0297  *
15:03:44     iter 133  obj 0.59456  best 0.68166  step 0.0297
15:03:49     iter 134  obj 0.68996  best 0.68996  step 0.0297  *
15:03:54     iter 135  obj 0.73758  best 0.73758  step 0.0297  *
15:03:59     iter 136  obj 0.75779  best 0.75779  step 0.0297  *
15:04:03     iter 137  obj 0.76627  best 0.76627  step 0.0297  *
15:04:08     iter 138  obj 0.74248  best 0.76627  step 0.0148  halved
15:04:13     iter 139  obj 0.90046  best 0.90046  step 0.0148  *
15:04:18     iter 140  obj 0.92744  best 0.92744  step 0.0148  *
15:04:23     iter 141  obj 1.02403  best 1.02403  step 0.0148  *
15:04:28     iter 142  obj 1.09366  best 1.09366  step 0.0148  *
15:04:33     iter 143  obj 1.00045  best 1.09366  step 0.0148
15:04:38     iter 144  obj 1.13888  best 1.13888  step 0.0148  *
15:04:42     iter 145  obj 1.13254  best 1.13888  step 0.0148
15:04:47     iter 146  obj 1.16377  best 1.16377  step 0.0148  *
15:04:52     iter 147  obj 1.03724  best 1.16377  step 0.0074  halved
15:04:57     iter 148  obj 1.00796  best 1.16377  step 0.0074
15:05:02     iter 149  obj 1.01217  best 1.16377  step 0.0074
15:05:07     iter 150  obj 1.13168  best 1.16377  step 0.0074
15:05:09      poisoned ce=0.57184 auc=0.6202 acc=0.8670 f1=0.1307  dce=+0.36285 dacc=-0.0580  k=1500  [738.5s]
15:05:09   mean over 1 trials: dce=+0.36285 dacc=-0.0580 dauc=-0.2593  -> results/niter_sweep_final/wids_rs2_it150

