14:47:00 xgboost: train=/home/ssn899/Desktop/TabFM/datasets/coil2000_insurance_policies/splits/selected/natural/context_5000.csv (5000 rows)  test=/home/ssn899/Desktop/TabFM/datasets/coil2000_insurance_policies/splits/test_attack_1000.csv (1000 rows)  target=MobileHomePolicy  drop=()
14:47:01 rebuilt 5 per-run-best contexts from /home/ssn899/Desktop/TabFM/results/main_experiments/coil2000_insurance_policies/label-flip_random_r016: run0_sub0, run1_sub0, run2_sub0, run3_sub0, run4_sub0  (attack=label-flip, R=16.0%, k=800)
14:47:01 clean val=/home/ssn899/Desktop/TabFM/datasets/coil2000_insurance_policies/splits/val_2000.csv (2000 rows)
14:47:01 
== protocol A: validation is an internal split of the given context (poisoned when the context is)
14:47:01     clean baseline: 5 fits reused from /home/ssn899/Desktop/TabFM/results/xgb_transfer/_clean_cache/clean_156b18730ea5f8a16ad85d95.json
14:47:01     poisoned (5 contexts)
14:47:01     -- run0_sub0
14:47:17       seed 0: ce=0.36691 acc=0.8610 bacc=0.5131 mcc=0.0211 (iters=309, 16s)
14:47:17     -- run1_sub0
14:47:37       seed 1: ce=0.40509 acc=0.8530 bacc=0.5009 mcc=0.0014 (iters=1257, 20s)
14:47:37     -- run2_sub0
14:48:04       seed 2: ce=0.39631 acc=0.8610 bacc=0.4972 mcc=-0.0046 (iters=833, 27s)
14:48:04     -- run3_sub0
14:48:16       seed 3: ce=0.42677 acc=0.8400 bacc=0.4860 mcc=-0.0209 (iters=243, 12s)
14:48:16     -- run4_sub0
14:48:38       seed 4: ce=0.40818 acc=0.8610 bacc=0.4972 mcc=-0.0046 (iters=639, 21s)
14:48:38 
  protocol A -- validation is an internal split of the given context (poisoned when the context is)
14:48:38     metric                          clean          poisoned             delta      rel% |          TabPFN d  TabPFN rel%  transfer%
14:48:38     -------------------------------------------------------------------------------------------------------------------------------
14:48:38     ce                    0.2028 ± 0.0042   0.4007 ± 0.0196  +0.1978 ± 0.0236     +97.5 |  +0.2503 ± 0.0075       +123.6        +79
14:48:38     accuracy              0.9410 ± 0.0000   0.8552 ± 0.0082  -0.0858 ± 0.0082      -9.1 |  -0.0948 ± 0.0022        -10.1        +91
14:48:38     balanced_accuracy     0.5000 ± 0.0000   0.4989 ± 0.0087  -0.0011 ± 0.0087      -0.2 |  -0.0138 ± 0.0091         -2.8         +8
14:48:38     mcc                   0.0000 ± 0.0000  -0.0015 ± 0.0135  -0.0015 ± 0.0135         - |  -0.0214 ± 0.0140            -         +7
14:48:38     roc_auc               0.7359 ± 0.0219   0.4871 ± 0.0262  -0.2488 ± 0.0457     -33.8 |  -0.2402 ± 0.0103        -32.6       +104
14:48:38     f1                    0.0000 ± 0.0000   0.0720 ± 0.0111  +0.0720 ± 0.0111         - |  +0.0564 ± 0.0124            -       +128
14:48:38     transfer% = XGBoost delta / TabPFNv2 delta; 100 means the poison hurts both equally.
14:48:38     '~' marks a ratio whose denominator is near zero or inside its own spread -- read the absolute columns there.
14:48:38 
== protocol B: validation is the separate clean --val file
14:48:38     clean baseline: 5 fits reused from /home/ssn899/Desktop/TabFM/results/xgb_transfer/_clean_cache/clean_c4f0e36e0ee1f7d8a8f9bce8.json
14:48:38     poisoned (5 contexts)
14:48:38     -- run0_sub0
14:48:45       seed 0: ce=0.28104 acc=0.9410 bacc=0.5000 mcc=0.0000 (iters=20, 7s)
14:48:45     -- run1_sub0
14:48:53       seed 1: ce=0.27642 acc=0.9410 bacc=0.5000 mcc=0.0000 (iters=3, 8s)
14:48:53     -- run2_sub0
14:49:01       seed 2: ce=0.27922 acc=0.9410 bacc=0.5000 mcc=0.0000 (iters=55, 8s)
14:49:01     -- run3_sub0
14:49:08       seed 3: ce=0.27551 acc=0.9410 bacc=0.5000 mcc=0.0000 (iters=0, 7s)
14:49:08     -- run4_sub0
14:49:14       seed 4: ce=0.27755 acc=0.9410 bacc=0.5000 mcc=0.0000 (iters=13, 6s)
14:49:14 
  protocol B -- validation is the separate clean --val file
14:49:14     metric                          clean          poisoned             delta      rel% |          TabPFN d  TabPFN rel%  transfer%
14:49:14     -------------------------------------------------------------------------------------------------------------------------------
14:49:14     ce                    0.1992 ± 0.0015   0.2779 ± 0.0020  +0.0787 ± 0.0024     +39.5 |  +0.2503 ± 0.0075       +123.6        +31
14:49:14     accuracy              0.9410 ± 0.0000   0.9410 ± 0.0000  +0.0000 ± 0.0000      +0.0 |  -0.0948 ± 0.0022        -10.1         -0
14:49:14     balanced_accuracy     0.5000 ± 0.0000   0.5000 ± 0.0000  +0.0000 ± 0.0000      +0.0 |  -0.0138 ± 0.0091         -2.8         -0
14:49:14     mcc                   0.0000 ± 0.0000   0.0000 ± 0.0000  +0.0000 ± 0.0000         - |  -0.0214 ± 0.0140            -         -0
14:49:14     roc_auc               0.7533 ± 0.0058   0.5569 ± 0.0436  -0.1964 ± 0.0443     -26.1 |  -0.2402 ± 0.0103        -32.6        +82
14:49:14     f1                    0.0000 ± 0.0000   0.0000 ± 0.0000  +0.0000 ± 0.0000         - |  +0.0564 ± 0.0124            -         +0
14:49:14     transfer% = XGBoost delta / TabPFNv2 delta; 100 means the poison hurts both equally.
14:49:14     '~' marks a ratio whose denominator is near zero or inside its own spread -- read the absolute columns there.
14:49:14 
wrote /home/ssn899/Desktop/TabFM/results/xgb_transfer/coil2000_insurance_policies/label-flip_random_r016/summary.json
