14:41:25 xgboost: train=/home/ssn899/Desktop/TabFM/datasets/coil2000_insurance_policies/splits/selected/natural/context_5000.csv (5000 rows)  test=/home/ssn899/Desktop/TabFM/datasets/coil2000_insurance_policies/splits/test_attack_1000.csv (1000 rows)  target=MobileHomePolicy  drop=()
14:41:26 rebuilt 5 per-run-best contexts from /home/ssn899/Desktop/TabFM/results/main_experiments/coil2000_insurance_policies/x-capgd_random_r064: run0_sub1, run1_sub1, run2_sub1, run3_sub1, run4_sub1  (attack=x-capgd, R=64.0%, k=3200)
14:41:26 clean val=/home/ssn899/Desktop/TabFM/datasets/coil2000_insurance_policies/splits/val_2000.csv (2000 rows)
14:41:26 
== protocol A: validation is an internal split of the given context (poisoned when the context is)
14:41:26     clean baseline: 5 fits reused from /home/ssn899/Desktop/TabFM/results/xgb_transfer/_clean_cache/clean_156b18730ea5f8a16ad85d95.json
14:41:26     poisoned (5 contexts)
14:41:26     -- run0_sub1
14:41:35       seed 0: ce=0.20958 acc=0.9390 bacc=0.4989 mcc=-0.0112 (iters=33, 9s)
14:41:35     -- run1_sub1
14:41:52       seed 1: ce=0.21693 acc=0.9390 bacc=0.4989 mcc=-0.0112 (iters=322, 17s)
14:41:52     -- run2_sub1
14:42:00       seed 2: ce=0.20674 acc=0.9390 bacc=0.4989 mcc=-0.0112 (iters=82, 8s)
14:42:00     -- run3_sub1
14:42:19       seed 3: ce=0.20689 acc=0.9390 bacc=0.4989 mcc=-0.0112 (iters=365, 20s)
14:42:19     -- run4_sub1
14:42:35       seed 4: ce=0.21325 acc=0.9410 bacc=0.5159 mcc=0.1186 (iters=38, 16s)
14:42:35 
  protocol A -- validation is an internal split of the given context (poisoned when the context is)
14:42:35     metric                          clean          poisoned             delta      rel% |          TabPFN d  TabPFN rel%  transfer%
14:42:35     -------------------------------------------------------------------------------------------------------------------------------
14:42:35     ce                    0.2028 ± 0.0042   0.2107 ± 0.0039  +0.0079 ± 0.0065      +3.9 |  +0.0146 ± 0.0094         +7.2        +54
14:42:35     accuracy              0.9410 ± 0.0000   0.9394 ± 0.0008  -0.0016 ± 0.0008      -0.2 |  -0.0006 ± 0.0008         -0.1      ~+267
14:42:35     balanced_accuracy     0.5000 ± 0.0000   0.5023 ± 0.0068  +0.0023 ± 0.0068      +0.5 |  +0.0013 ± 0.0031         +0.3      ~+183
14:42:35     mcc                   0.0000 ± 0.0000   0.0148 ± 0.0519  +0.0148 ± 0.0519         - |  +0.0105 ± 0.0270            -      ~+140
14:42:35     roc_auc               0.7359 ± 0.0219   0.7117 ± 0.0150  -0.0242 ± 0.0239      -3.3 |  -0.0265 ± 0.0200         -3.6        +91
14:42:35     f1                    0.0000 ± 0.0000   0.0127 ± 0.0254  +0.0127 ± 0.0254         - |  +0.0065 ± 0.0129            -      ~+197
14:42:35     transfer% = XGBoost delta / TabPFNv2 delta; 100 means the poison hurts both equally.
14:42:35     '~' marks a ratio whose denominator is near zero or inside its own spread -- read the absolute columns there.
14:42:35 
== protocol B: validation is the separate clean --val file
14:42:35     clean baseline: 5 fits reused from /home/ssn899/Desktop/TabFM/results/xgb_transfer/_clean_cache/clean_c4f0e36e0ee1f7d8a8f9bce8.json
14:42:35     poisoned (5 contexts)
14:42:35     -- run0_sub1
14:42:49       seed 0: ce=0.19970 acc=0.9410 bacc=0.5000 mcc=0.0000 (iters=417, 13s)
14:42:49     -- run1_sub1
14:42:57       seed 1: ce=0.19931 acc=0.9420 bacc=0.5085 mcc=0.1264 (iters=124, 9s)
14:42:57     -- run2_sub1
14:43:08       seed 2: ce=0.19898 acc=0.9410 bacc=0.5000 mcc=0.0000 (iters=321, 11s)
14:43:08     -- run3_sub1
14:43:17       seed 3: ce=0.20054 acc=0.9410 bacc=0.5000 mcc=0.0000 (iters=139, 8s)
14:43:17     -- run4_sub1
14:43:28       seed 4: ce=0.20408 acc=0.9410 bacc=0.5000 mcc=0.0000 (iters=109, 11s)
14:43:28 
  protocol B -- validation is the separate clean --val file
14:43:28     metric                          clean          poisoned             delta      rel% |          TabPFN d  TabPFN rel%  transfer%
14:43:28     -------------------------------------------------------------------------------------------------------------------------------
14:43:28     ce                    0.1992 ± 0.0015   0.2005 ± 0.0019  +0.0013 ± 0.0026      +0.6 |  +0.0146 ± 0.0094         +7.2         +9
14:43:28     accuracy              0.9410 ± 0.0000   0.9412 ± 0.0004  +0.0002 ± 0.0004      +0.0 |  -0.0006 ± 0.0008         -0.1       ~-33
14:43:28     balanced_accuracy     0.5000 ± 0.0000   0.5017 ± 0.0034  +0.0017 ± 0.0034      +0.3 |  +0.0013 ± 0.0031         +0.3      ~+133
14:43:28     mcc                   0.0000 ± 0.0000   0.0253 ± 0.0505  +0.0253 ± 0.0505         - |  +0.0105 ± 0.0270            -      ~+240
14:43:28     roc_auc               0.7533 ± 0.0058   0.7441 ± 0.0079  -0.0091 ± 0.0113      -1.2 |  -0.0265 ± 0.0200         -3.6        +35
14:43:28     f1                    0.0000 ± 0.0000   0.0067 ± 0.0133  +0.0067 ± 0.0133         - |  +0.0065 ± 0.0129            -      ~+103
14:43:28     transfer% = XGBoost delta / TabPFNv2 delta; 100 means the poison hurts both equally.
14:43:28     '~' marks a ratio whose denominator is near zero or inside its own spread -- read the absolute columns there.
14:43:28 
wrote /home/ssn899/Desktop/TabFM/results/xgb_transfer/coil2000_insurance_policies/x-capgd_random_r064/summary.json
