02:12:15 [x-capgd] datasets/lcld_v2/splits/selected/natural/context_5000.csv (5000x28) -> datasets/lcld_v2/splits/test_attack_1000.csv (1000 of 1000)  k=1500 (30.0%)  attack_class=None  grid 1x1  cuda:3
02:12:17   clean  ce=0.45462 auc=0.7155 acc=0.8060 f1=0.1339  max|dp| over 3 repeats=0.00e+00  chunking_exact=True  [1.8s]
02:12:18   constraints=full (9 relations, dataset 'lcld_v2')  scaler=metadata  mutable 14/28  int 10  cat 5
02:12:18   -- trial run0_sub0
02:12:19     iter   0  obj 0.45188  best 0.45188  step 0.9500
02:12:20     iter   1  obj 0.39516  best 0.45188  step 0.9500
02:12:21     iter   2  obj 0.37399  best 0.45188  step 0.9500
02:12:22     iter   3  obj 0.09303  best 0.45188  step 0.9500
02:12:23     iter   4  obj -0.09770  best 0.45188  step 0.9500
02:12:24     iter   5  obj -0.32732  best 0.45188  step 0.9500
02:12:25     iter   6  obj -0.57514  best 0.45188  step 0.9500
02:12:26     iter   7  obj -0.41509  best 0.45188  step 0.9500
02:12:27     iter   8  obj -0.20094  best 0.45188  step 0.9500
02:12:28     iter   9  obj 0.04686  best 0.45188  step 0.9500
02:12:29     iter  10  obj 0.01786  best 0.45188  step 0.9500
02:12:30     iter  11  obj -0.24111  best 0.45188  step 0.9500
02:12:32     iter  12  obj -0.22746  best 0.45188  step 0.9500
02:12:33     iter  13  obj -0.16184  best 0.45188  step 0.9500
02:12:34     iter  14  obj 0.15703  best 0.45188  step 0.9500
02:12:35     iter  15  obj -0.18304  best 0.45188  step 0.9500
02:12:36     iter  16  obj -0.20475  best 0.45188  step 0.4750  halved
02:12:37     iter  17  obj 0.25958  best 0.45188  step 0.4750
02:12:38     iter  18  obj 0.35392  best 0.45188  step 0.4750
02:12:39     iter  19  obj 0.33077  best 0.45188  step 0.4750
02:12:40     iter  20  obj 0.27960  best 0.45188  step 0.4750
02:12:41     iter  21  obj 0.14814  best 0.45188  step 0.4750
02:12:42     iter  22  obj -0.11815  best 0.45188  step 0.4750
02:12:43     iter  23  obj -0.10618  best 0.45188  step 0.4750
02:12:44     iter  24  obj -0.24910  best 0.45188  step 0.4750
02:12:45     iter  25  obj -0.16655  best 0.45188  step 0.4750
02:12:46     iter  26  obj -0.27375  best 0.45188  step 0.4750
02:12:47     iter  27  obj -0.01192  best 0.45188  step 0.4750
02:12:48     iter  28  obj -0.46224  best 0.45188  step 0.4750
02:12:49     iter  29  obj 0.10461  best 0.45188  step 0.4750
02:12:50     iter  30  obj 0.21439  best 0.45188  step 0.2375  halved
02:12:52     iter  31  obj 0.17797  best 0.45188  step 0.2375
02:12:53     iter  32  obj 0.40037  best 0.45188  step 0.2375
02:12:54     iter  33  obj 0.38372  best 0.45188  step 0.2375
02:12:55     iter  34  obj 0.35262  best 0.45188  step 0.2375
02:12:56     iter  35  obj 0.18609  best 0.45188  step 0.2375
02:12:57     iter  36  obj 0.15104  best 0.45188  step 0.2375
02:12:58     iter  37  obj -0.05216  best 0.45188  step 0.2375
02:12:59     iter  38  obj 0.35759  best 0.45188  step 0.2375
02:13:00     iter  39  obj 0.26955  best 0.45188  step 0.2375
02:13:01     iter  40  obj 0.28278  best 0.45188  step 0.2375
02:13:02     iter  41  obj 0.03992  best 0.45188  step 0.2375
02:13:03     iter  42  obj 0.33187  best 0.45188  step 0.1187  halved
02:13:04     iter  43  obj 0.39189  best 0.45188  step 0.1187
02:13:05     iter  44  obj 0.45394  best 0.45394  step 0.1187  *
02:13:06     iter  45  obj 0.45388  best 0.45394  step 0.1187
02:13:07     iter  46  obj 0.45816  best 0.45816  step 0.1187  *
02:13:08     iter  47  obj 0.44899  best 0.45816  step 0.1187
02:13:09     iter  48  obj 0.44685  best 0.45816  step 0.1187
02:13:10     iter  49  obj 0.39402  best 0.45816  step 0.1187
02:13:12     iter  50  obj 0.39871  best 0.45816  step 0.1187
02:13:13     iter  51  obj 0.34077  best 0.45816  step 0.1187
02:13:14     iter  52  obj 0.35452  best 0.45816  step 0.0594  halved
02:13:15     iter  53  obj 0.42168  best 0.45816  step 0.0594
02:13:16     iter  54  obj 0.45275  best 0.45816  step 0.0594
02:13:17     iter  55  obj 0.46702  best 0.46702  step 0.0594  *
02:13:18     iter  56  obj 0.47195  best 0.47195  step 0.0594  *
02:13:19     iter  57  obj 0.46823  best 0.47195  step 0.0594
02:13:20     iter  58  obj 0.46689  best 0.47195  step 0.0594
02:13:21     iter  59  obj 0.46926  best 0.47195  step 0.0594
02:13:22     iter  60  obj 0.45731  best 0.47195  step 0.0297  halved
02:13:23     iter  61  obj 0.45907  best 0.47195  step 0.0297
02:13:24     iter  62  obj 0.47471  best 0.47471  step 0.0297  *
02:13:25     iter  63  obj 0.48111  best 0.48111  step 0.0297  *
02:13:26     iter  64  obj 0.48006  best 0.48111  step 0.0297
02:13:27     iter  65  obj 0.47431  best 0.48111  step 0.0297
02:13:28     iter  66  obj 0.48432  best 0.48432  step 0.0148  *  halved
02:13:29     iter  67  obj 0.49614  best 0.49614  step 0.0148  *
02:13:31     iter  68  obj 0.48345  best 0.49614  step 0.0148
02:13:32     iter  69  obj 0.50325  best 0.50325  step 0.0148  *
02:13:33     iter  70  obj 0.50483  best 0.50483  step 0.0074  *  halved
02:13:34     iter  71  obj 0.51091  best 0.51091  step 0.0074  *
02:13:35     iter  72  obj 0.52125  best 0.52125  step 0.0074  *
02:13:36     iter  73  obj 0.52718  best 0.52718  step 0.0074  *
02:13:37     iter  74  obj 0.52185  best 0.52718  step 0.0037  halved
02:13:38     iter  75  obj 0.54036  best 0.54036  step 0.0037  *
02:13:38      poisoned ce=0.50011 auc=0.6672 acc=0.7970 f1=0.0731  dce=+0.04549 dacc=-0.0090  k=1500  [80.6s]
02:13:38   mean over 1 trials: dce=+0.04549 dacc=-0.0090 dauc=-0.0483  -> results/ablation_niter/lcld_v2_nat5000_full_it75
