13:41:34 [x-capgd] datasets/url_unique/splits/selected/natural/context_5000.csv (5000x63) -> datasets/url_unique/splits/test_attack_1000.csv (1000 of 1000)  k=1500 (30.0%)  attack_class=None  grid 1x1  cuda:1
13:41:38   clean  ce=0.09328 auc=0.9935 acc=0.9650 f1=0.9644  max|dp| over 3 repeats=0.00e+00  chunking_exact=True  [3.2s]
13:41:38   constraints=full (14 relations, dataset 'url_unique')  scaler=metadata  mutable 63/63  int 58  cat 0
13:41:38   -- trial run0_sub0
13:41:41     iter   0  obj 0.09328  best 0.09328  step 0.9500
13:41:43     iter   1  obj -4.05719  best 0.09328  step 0.9500
13:41:45     iter   2  obj -0.33928  best 0.09328  step 0.9500
13:41:47     iter   3  obj -0.30940  best 0.09328  step 0.9500
13:41:49     iter   4  obj -0.21372  best 0.09328  step 0.9500
13:41:52     iter   5  obj -0.31538  best 0.09328  step 0.9500
13:41:54     iter   6  obj -0.55450  best 0.09328  step 0.9500
13:41:56     iter   7  obj -0.70065  best 0.09328  step 0.9500
13:41:58     iter   8  obj -0.63490  best 0.09328  step 0.9500
13:42:00     iter   9  obj -0.27149  best 0.09328  step 0.9500
13:42:02     iter  10  obj -0.34353  best 0.09328  step 0.9500
13:42:05     iter  11  obj -0.37898  best 0.09328  step 0.4750  halved
13:42:07     iter  12  obj -3.79629  best 0.09328  step 0.4750
13:42:09     iter  13  obj -0.60177  best 0.09328  step 0.4750
13:42:11     iter  14  obj -0.12946  best 0.09328  step 0.4750
13:42:13     iter  15  obj -0.15317  best 0.09328  step 0.4750
13:42:16     iter  16  obj -0.12872  best 0.09328  step 0.4750
13:42:18     iter  17  obj -0.08197  best 0.09328  step 0.4750
13:42:20     iter  18  obj -0.14336  best 0.09328  step 0.4750
13:42:22     iter  19  obj -0.02650  best 0.09328  step 0.4750
13:42:24     iter  20  obj -0.01679  best 0.09328  step 0.4750
13:42:27     iter  21  obj -0.08039  best 0.09328  step 0.2375  halved
13:42:29     iter  22  obj -3.80051  best 0.09328  step 0.2375
13:42:31     iter  23  obj -0.18405  best 0.09328  step 0.2375
13:42:33     iter  24  obj 0.01285  best 0.09328  step 0.2375
13:42:35     iter  25  obj 0.05408  best 0.09328  step 0.2375
13:42:37     iter  26  obj -0.02381  best 0.09328  step 0.2375
13:42:40     iter  27  obj -0.03082  best 0.09328  step 0.2375
13:42:42     iter  28  obj 0.05132  best 0.09328  step 0.2375
13:42:44     iter  29  obj 0.00280  best 0.09328  step 0.2375
13:42:46     iter  30  obj -0.00308  best 0.09328  step 0.1188  halved
13:42:48     iter  31  obj -4.90544  best 0.09328  step 0.1188
13:42:51     iter  32  obj 0.01896  best 0.09328  step 0.1188
13:42:53     iter  33  obj 0.07109  best 0.09328  step 0.1188
13:42:55     iter  34  obj 0.09244  best 0.09328  step 0.1188
13:42:57     iter  35  obj 0.11677  best 0.11677  step 0.1188  *
13:42:59     iter  36  obj 0.10060  best 0.11677  step 0.1188
13:43:02     iter  37  obj 0.11806  best 0.11806  step 0.1188  *
13:43:04     iter  38  obj 0.06794  best 0.11806  step 0.0594  halved
13:43:06     iter  39  obj 0.14040  best 0.14040  step 0.0594  *
13:43:08     iter  40  obj 0.16069  best 0.16069  step 0.0594  *
13:43:10     iter  41  obj 0.12468  best 0.16069  step 0.0594
13:43:12     iter  42  obj 0.16694  best 0.16694  step 0.0594  *
13:43:15     iter  43  obj 0.25684  best 0.25684  step 0.0594  *
13:43:17     iter  44  obj 0.19123  best 0.25684  step 0.0594
13:43:19     iter  45  obj 0.20728  best 0.25684  step 0.0297  halved
13:43:21     iter  46  obj 0.35946  best 0.35946  step 0.0297  *
13:43:23     iter  47  obj 0.26747  best 0.35946  step 0.0297
13:43:26     iter  48  obj 0.33816  best 0.35946  step 0.0297
13:43:28     iter  49  obj 0.52744  best 0.52744  step 0.0297  *
13:43:30     iter  50  obj 0.32384  best 0.52744  step 0.0297
13:43:31      poisoned ce=0.11686 auc=0.9907 acc=0.9630 f1=0.9624  dce=+0.02359 dacc=-0.0020  k=1500  [113.1s]
13:43:31   mean over 1 trials: dce=+0.02359 dacc=-0.0020 dauc=-0.0028  -> results/niter_sweep_final/url_unique_rs3_it50
