03:11:37 [x-capgd] datasets/url_unique/splits/selected/natural/context_5000.csv (5000x63) -> datasets/url_unique/splits/test_attack_1000.csv (1000 of 1000)  k=1500 (30.0%)  attack_class=None  grid 1x1  cuda:1
03:11:41   clean  ce=0.09328 auc=0.9935 acc=0.9650 f1=0.9644  max|dp| over 3 repeats=0.00e+00  chunking_exact=True  [3.2s]
03:11:41   constraints=full (14 relations, dataset 'url_unique')  scaler=metadata  mutable 63/63  int 58  cat 0
03:11:41   -- trial run0_sub0
03:11:45     iter   0  obj 0.09328  best 0.09328  step 0.9500
03:11:49     iter   1  obj -1.21332  best 0.09328  step 0.9500
03:11:53     iter   2  obj 0.03347  best 0.09328  step 0.9500
03:11:58     iter   3  obj 0.01163  best 0.09328  step 0.9500
03:12:03     iter   4  obj -0.03065  best 0.09328  step 0.9500
03:12:07     iter   5  obj -0.08782  best 0.09328  step 0.9500
03:12:12     iter   6  obj -0.10334  best 0.09328  step 0.9500
03:12:17     iter   7  obj -0.27857  best 0.09328  step 0.9500
03:12:21     iter   8  obj -0.07633  best 0.09328  step 0.9500
03:12:26     iter   9  obj -0.08621  best 0.09328  step 0.9500
03:12:30     iter  10  obj -0.07334  best 0.09328  step 0.9500
03:12:35     iter  11  obj -0.07996  best 0.09328  step 0.9500
03:12:40     iter  12  obj -0.11904  best 0.09328  step 0.9500
03:12:44     iter  13  obj -0.17307  best 0.09328  step 0.9500
03:12:49     iter  14  obj -0.27383  best 0.09328  step 0.9500
03:12:53     iter  15  obj -0.27159  best 0.09328  step 0.9500
03:12:58     iter  16  obj -0.16972  best 0.09328  step 0.9500
03:13:03     iter  17  obj 0.02254  best 0.09328  step 0.9500
03:13:07     iter  18  obj -0.01864  best 0.09328  step 0.9500
03:13:12     iter  19  obj -0.12724  best 0.09328  step 0.9500
03:13:17     iter  20  obj -0.22556  best 0.09328  step 0.9500
03:13:21     iter  21  obj -0.05140  best 0.09328  step 0.9500
03:13:26     iter  22  obj -0.07528  best 0.09328  step 0.4750  halved
03:13:31     iter  23  obj -1.27290  best 0.09328  step 0.4750
03:13:35     iter  24  obj -0.13100  best 0.09328  step 0.4750
03:13:40     iter  25  obj -0.00032  best 0.09328  step 0.4750
03:13:44     iter  26  obj 0.09304  best 0.09328  step 0.4750
03:13:49     iter  27  obj 0.02413  best 0.09328  step 0.4750
03:13:54     iter  28  obj 0.03873  best 0.09328  step 0.4750
03:13:58     iter  29  obj 0.02649  best 0.09328  step 0.4750
03:14:03     iter  30  obj 0.06627  best 0.09328  step 0.4750
03:14:08     iter  31  obj 0.05302  best 0.09328  step 0.4750
03:14:12     iter  32  obj 0.06318  best 0.09328  step 0.4750
03:14:17     iter  33  obj 0.03321  best 0.09328  step 0.4750
03:14:22     iter  34  obj 0.00583  best 0.09328  step 0.4750
03:14:26     iter  35  obj 0.01955  best 0.09328  step 0.4750
03:14:31     iter  36  obj -0.01258  best 0.09328  step 0.4750
03:14:35     iter  37  obj -0.05337  best 0.09328  step 0.4750
03:14:40     iter  38  obj 0.02413  best 0.09328  step 0.4750
03:14:45     iter  39  obj 0.00691  best 0.09328  step 0.4750
03:14:49     iter  40  obj -0.00566  best 0.09328  step 0.4750
03:14:54     iter  41  obj -0.01599  best 0.09328  step 0.2375  halved
03:14:58     iter  42  obj -0.72230  best 0.09328  step 0.2375
03:15:03     iter  43  obj -0.00762  best 0.09328  step 0.2375
03:15:08     iter  44  obj 0.00820  best 0.09328  step 0.2375
03:15:13     iter  45  obj 0.07156  best 0.09328  step 0.2375
03:15:17     iter  46  obj 0.03389  best 0.09328  step 0.2375
03:15:22     iter  47  obj 0.05590  best 0.09328  step 0.2375
03:15:26     iter  48  obj 0.02801  best 0.09328  step 0.2375
03:15:31     iter  49  obj 0.05261  best 0.09328  step 0.2375
03:15:36     iter  50  obj 0.06048  best 0.09328  step 0.2375
03:15:40     iter  51  obj 0.09988  best 0.09988  step 0.2375  *
03:15:45     iter  52  obj 0.03063  best 0.09988  step 0.2375
03:15:50     iter  53  obj 0.10518  best 0.10518  step 0.2375  *
03:15:52     iter  54  obj 0.06823  best 0.10518  step 0.2375
03:15:54     iter  55  obj 0.07882  best 0.10518  step 0.2375
03:15:57     iter  56  obj 0.09836  best 0.10518  step 0.2375
03:16:02     iter  57  obj 0.10482  best 0.10518  step 0.1188  halved
03:16:06     iter  58  obj -0.05447  best 0.10518  step 0.1188
03:16:11     iter  59  obj 0.14343  best 0.14343  step 0.1188  *
03:16:16     iter  60  obj 0.16543  best 0.16543  step 0.1188  *
03:16:20     iter  61  obj 0.12986  best 0.16543  step 0.1188
03:16:25     iter  62  obj 0.13012  best 0.16543  step 0.1188
03:16:30     iter  63  obj 0.17035  best 0.17035  step 0.1188  *
03:16:34     iter  64  obj 0.17546  best 0.17546  step 0.1188  *
03:16:39     iter  65  obj 0.13447  best 0.17546  step 0.1188
03:16:44     iter  66  obj 0.17783  best 0.17783  step 0.1188  *
03:16:48     iter  67  obj 0.18140  best 0.18140  step 0.1188  *
03:16:53     iter  68  obj 0.19372  best 0.19372  step 0.1188  *
03:16:57     iter  69  obj 0.21132  best 0.21132  step 0.1188  *
03:17:02     iter  70  obj 0.16848  best 0.21132  step 0.0594  halved
03:17:07     iter  71  obj 0.23120  best 0.23120  step 0.0594  *
03:17:11     iter  72  obj 0.26594  best 0.26594  step 0.0594  *
03:17:16     iter  73  obj 0.22422  best 0.26594  step 0.0594
03:17:21     iter  74  obj 0.24210  best 0.26594  step 0.0594
03:17:25     iter  75  obj 0.36071  best 0.36071  step 0.0594  *
03:17:30     iter  76  obj 0.37323  best 0.37323  step 0.0594  *
03:17:35     iter  77  obj 0.43819  best 0.43819  step 0.0594  *
03:17:39     iter  78  obj 0.45303  best 0.45303  step 0.0594  *
03:17:44     iter  79  obj 0.57008  best 0.57008  step 0.0594  *
03:17:48     iter  80  obj 0.48045  best 0.57008  step 0.0594
03:17:53     iter  81  obj 0.76934  best 0.76934  step 0.0594  *
03:17:58     iter  82  obj 0.68760  best 0.76934  step 0.0594
03:18:02     iter  83  obj 0.67850  best 0.76934  step 0.0594
03:18:07     iter  84  obj 1.17683  best 1.17683  step 0.0594  *
03:18:12     iter  85  obj 0.92887  best 1.17683  step 0.0594
03:18:16     iter  86  obj 0.98736  best 1.17683  step 0.0594
03:18:21     iter  87  obj 0.93943  best 1.17683  step 0.0297  halved
03:18:26     iter  88  obj 1.01727  best 1.17683  step 0.0297
03:18:30     iter  89  obj 1.35357  best 1.35357  step 0.0297  *
03:18:35     iter  90  obj 1.62988  best 1.62988  step 0.0297  *
03:18:39     iter  91  obj 1.91691  best 1.91691  step 0.0297  *
03:18:44     iter  92  obj 2.08217  best 2.08217  step 0.0297  *
03:18:49     iter  93  obj 2.17822  best 2.17822  step 0.0297  *
03:18:53     iter  94  obj 2.29683  best 2.29683  step 0.0297  *
03:18:58     iter  95  obj 3.08710  best 3.08710  step 0.0297  *
03:19:02     iter  96  obj 2.31087  best 3.08710  step 0.0297
03:19:07     iter  97  obj 3.16391  best 3.16391  step 0.0297  *
03:19:12     iter  98  obj 2.51517  best 3.16391  step 0.0297
03:19:17     iter  99  obj 3.23256  best 3.23256  step 0.0148  *  halved
03:19:21     iter 100  obj 3.94743  best 3.94743  step 0.0148  *
03:19:23      poisoned ce=0.15971 auc=0.9858 acc=0.9600 f1=0.9602  dce=+0.06643 dacc=-0.0050  k=1500  [461.8s]
03:19:23   mean over 1 trials: dce=+0.06643 dacc=-0.0050 dauc=-0.0078  -> results/lambda_url/url_unique_lam0.3

