14:55:38 xgboost: train=/home/ssn899/Desktop/TabFM/datasets/lcld_v2/splits/selected/natural/context_5000.csv (5000 rows)  test=/home/ssn899/Desktop/TabFM/datasets/lcld_v2/splits/test_attack_1000.csv (1000 rows)  target=charged_off  drop=('issue_d',)
14:55:38 rebuilt 5 per-run-best contexts from /home/ssn899/Desktop/TabFM/results/main_experiments/lcld_v2/x-capgd_random_r004: run0_sub1, run1_sub2, run2_sub2, run3_sub0, run4_sub0  (attack=x-capgd, R=4.0%, k=200)
14:55:38 clean val=/home/ssn899/Desktop/TabFM/datasets/lcld_v2/splits/val_2000.csv (2000 rows)
14:55:38 
== protocol A: validation is an internal split of the given context (poisoned when the context is)
14:55:38     clean baseline: 5 fits reused from /home/ssn899/Desktop/TabFM/results/xgb_transfer/_clean_cache/clean_30e6ec053d00aa31b9937449.json
14:55:38     poisoned (5 contexts)
14:55:38     -- run0_sub1
14:55:49       seed 0: ce=0.45016 acc=0.8020 bacc=0.5051 mcc=0.0489 (iters=337, 12s)
14:55:49     -- run1_sub2
14:56:00       seed 1: ce=0.45007 acc=0.8070 bacc=0.5197 mcc=0.1336 (iters=198, 11s)
14:56:00     -- run2_sub2
14:56:08       seed 2: ce=0.45590 acc=0.8030 bacc=0.5000 mcc=0.0000 (iters=6, 8s)
14:56:08     -- run3_sub0
14:56:16       seed 3: ce=0.45197 acc=0.8030 bacc=0.5000 mcc=0.0000 (iters=168, 8s)
14:56:16     -- run4_sub0
14:56:24       seed 4: ce=0.45460 acc=0.8050 bacc=0.5108 mcc=0.0966 (iters=49, 8s)
14:56:24 
  protocol A -- validation is an internal split of the given context (poisoned when the context is)
14:56:24     metric                          clean          poisoned             delta      rel% |          TabPFN d  TabPFN rel%  transfer%
14:56:24     -------------------------------------------------------------------------------------------------------------------------------
14:56:24     ce                    0.4521 ± 0.0011   0.4525 ± 0.0024  +0.0004 ± 0.0031      +0.1 |  +0.0195 ± 0.0031         +4.3         +2
14:56:24     accuracy              0.8038 ± 0.0007   0.8040 ± 0.0018  +0.0002 ± 0.0022      +0.0 |  +0.0014 ± 0.0029         +0.2       ~+14
14:56:24     balanced_accuracy     0.5066 ± 0.0045   0.5071 ± 0.0075  +0.0005 ± 0.0057      +0.1 |  -0.0030 ± 0.0048         -0.6       ~-17
14:56:24     mcc                   0.0638 ± 0.0336   0.0558 ± 0.0529  -0.0080 ± 0.0479    ~-12.5 |  +0.0011 ± 0.0254         +0.7      ~-742
14:56:24     roc_auc               0.7107 ± 0.0015   0.7101 ± 0.0050  -0.0006 ± 0.0052      -0.1 |  -0.0113 ± 0.0018         -1.6         +5
14:56:24     f1                    0.0311 ± 0.0219   0.0327 ± 0.0322  +0.0016 ± 0.0234     ~+5.2 |  -0.0150 ± 0.0149       ~-11.2        -11
14:56:24     transfer% = XGBoost delta / TabPFNv2 delta; 100 means the poison hurts both equally.
14:56:24     '~' marks a ratio whose denominator is near zero or inside its own spread -- read the absolute columns there.
14:56:24 
== protocol B: validation is the separate clean --val file
14:56:24     clean baseline: 5 fits reused from /home/ssn899/Desktop/TabFM/results/xgb_transfer/_clean_cache/clean_513785100e13fff7394bccd6.json
14:56:24     poisoned (5 contexts)
14:56:24     -- run0_sub1
14:56:32       seed 0: ce=0.45123 acc=0.8020 bacc=0.5051 mcc=0.0489 (iters=22, 8s)
14:56:32     -- run1_sub2
14:56:42       seed 1: ce=0.44792 acc=0.8050 bacc=0.5185 mcc=0.1172 (iters=123, 10s)
14:56:42     -- run2_sub2
14:56:55       seed 2: ce=0.44953 acc=0.8060 bacc=0.5191 mcc=0.1250 (iters=348, 13s)
14:56:55     -- run3_sub0
14:57:03       seed 3: ce=0.45062 acc=0.8090 bacc=0.5229 mcc=0.1550 (iters=37, 8s)
14:57:03     -- run4_sub0
14:57:15       seed 4: ce=0.44980 acc=0.8020 bacc=0.5109 mcc=0.0763 (iters=200, 12s)
14:57:15 
  protocol B -- validation is the separate clean --val file
14:57:15     metric                          clean          poisoned             delta      rel% |          TabPFN d  TabPFN rel%  transfer%
14:57:15     -------------------------------------------------------------------------------------------------------------------------------
14:57:15     ce                    0.4516 ± 0.0024   0.4498 ± 0.0011  -0.0018 ± 0.0022      -0.4 |  +0.0195 ± 0.0031         +4.3         -9
14:57:15     accuracy              0.8034 ± 0.0010   0.8048 ± 0.0026  +0.0014 ± 0.0023      +0.2 |  +0.0014 ± 0.0029         +0.2      ~+100
14:57:15     balanced_accuracy     0.5106 ± 0.0051   0.5153 ± 0.0064  +0.0047 ± 0.0077      +0.9 |  -0.0030 ± 0.0048         -0.6      ~-159
14:57:15     mcc                   0.0817 ± 0.0208   0.1045 ± 0.0375  +0.0228 ± 0.0389    ~+28.0 |  +0.0011 ± 0.0254         +0.7     ~+2117
14:57:15     roc_auc               0.7127 ± 0.0057   0.7163 ± 0.0030  +0.0036 ± 0.0047      +0.5 |  -0.0113 ± 0.0018         -1.6        -32
14:57:15     f1                    0.0515 ± 0.0237   0.0702 ± 0.0239  +0.0186 ± 0.0306    ~+36.2 |  -0.0150 ± 0.0149       ~-11.2       -124
14:57:15     transfer% = XGBoost delta / TabPFNv2 delta; 100 means the poison hurts both equally.
14:57:15     '~' marks a ratio whose denominator is near zero or inside its own spread -- read the absolute columns there.
14:57:15 
wrote /home/ssn899/Desktop/TabFM/results/xgb_transfer/lcld_v2/x-capgd_random_r004/summary.json
