15:10:10 [x-capgd] datasets/lcld_v2/splits/selected/natural/context_5000.csv (5000x28) -> datasets/lcld_v2/splits/test_attack_1000.csv (1000 of 1000)  k=1500 (30.0%)  attack_class=None  grid 1x1  cuda:1
15:10:13   clean  ce=0.45462 auc=0.7155 acc=0.8060 f1=0.1339  max|dp| over 3 repeats=0.00e+00  chunking_exact=True  [1.8s]
15:10:13   constraints=full (9 relations, dataset 'lcld_v2')  scaler=metadata  mutable 14/28  int 10  cat 5
15:10:13   -- trial run0_sub0
15:10:14     iter   0  obj 0.45457  best 0.45457  step 0.9500
15:10:15     iter   1  obj 0.37820  best 0.45457  step 0.9500
15:10:16     iter   2  obj 0.41532  best 0.45457  step 0.9500
15:10:17     iter   3  obj 0.28607  best 0.45457  step 0.9500
15:10:18     iter   4  obj 0.12484  best 0.45457  step 0.9500
15:10:19     iter   5  obj 0.15602  best 0.45457  step 0.9500
15:10:21     iter   6  obj 0.09386  best 0.45457  step 0.9500
15:10:22     iter   7  obj -0.14849  best 0.45457  step 0.9500
15:10:23     iter   8  obj -0.05798  best 0.45457  step 0.9500
15:10:24     iter   9  obj -0.70636  best 0.45457  step 0.9500
15:10:25     iter  10  obj -0.45821  best 0.45457  step 0.9500
15:10:26     iter  11  obj -0.05987  best 0.45457  step 0.9500
15:10:27     iter  12  obj 0.22687  best 0.45457  step 0.9500
15:10:28     iter  13  obj -0.22211  best 0.45457  step 0.9500
15:10:29     iter  14  obj 0.15142  best 0.45457  step 0.9500
15:10:30     iter  15  obj -0.03991  best 0.45457  step 0.9500
15:10:32     iter  16  obj 0.17833  best 0.45457  step 0.9500
15:10:33     iter  17  obj -0.21294  best 0.45457  step 0.9500
15:10:34     iter  18  obj -0.28247  best 0.45457  step 0.9500
15:10:35     iter  19  obj -0.69990  best 0.45457  step 0.9500
15:10:36     iter  20  obj -0.34484  best 0.45457  step 0.9500
15:10:37     iter  21  obj -0.00298  best 0.45457  step 0.9500
15:10:38     iter  22  obj -0.07490  best 0.45457  step 0.9500
15:10:39     iter  23  obj 0.06545  best 0.45457  step 0.9500
15:10:40     iter  24  obj -0.04565  best 0.45457  step 0.9500
15:10:41     iter  25  obj -0.00272  best 0.45457  step 0.9500
15:10:43     iter  26  obj 0.19747  best 0.45457  step 0.9500
15:10:44     iter  27  obj 0.14653  best 0.45457  step 0.9500
15:10:45     iter  28  obj -0.97485  best 0.45457  step 0.9500
15:10:46     iter  29  obj 0.14455  best 0.45457  step 0.9500
15:10:47     iter  30  obj 0.14375  best 0.45457  step 0.9500
15:10:48     iter  31  obj -0.01375  best 0.45457  step 0.9500
15:10:49     iter  32  obj -0.27824  best 0.45457  step 0.9500
15:10:50     iter  33  obj -0.01189  best 0.45457  step 0.4750  halved
15:10:51     iter  34  obj 0.24035  best 0.45457  step 0.4750
15:10:52     iter  35  obj 0.39897  best 0.45457  step 0.4750
15:10:54     iter  36  obj 0.29579  best 0.45457  step 0.4750
15:10:55     iter  37  obj 0.09066  best 0.45457  step 0.4750
15:10:56     iter  38  obj 0.04366  best 0.45457  step 0.4750
15:10:57     iter  39  obj 0.23870  best 0.45457  step 0.4750
15:10:58     iter  40  obj -0.65387  best 0.45457  step 0.4750
15:10:59     iter  41  obj 0.14615  best 0.45457  step 0.4750
15:11:00     iter  42  obj 0.17549  best 0.45457  step 0.4750
15:11:01     iter  43  obj -0.19771  best 0.45457  step 0.4750
15:11:02     iter  44  obj -0.12727  best 0.45457  step 0.4750
15:11:04     iter  45  obj 0.04911  best 0.45457  step 0.4750
15:11:05     iter  46  obj 0.11036  best 0.45457  step 0.4750
15:11:06     iter  47  obj 0.06482  best 0.45457  step 0.4750
15:11:07     iter  48  obj 0.19914  best 0.45457  step 0.4750
15:11:08     iter  49  obj 0.09456  best 0.45457  step 0.4750
15:11:09     iter  50  obj 0.00381  best 0.45457  step 0.4750
15:11:10     iter  51  obj -0.25910  best 0.45457  step 0.4750
15:11:11     iter  52  obj -0.01621  best 0.45457  step 0.4750
15:11:12     iter  53  obj 0.28406  best 0.45457  step 0.4750
15:11:13     iter  54  obj -0.18803  best 0.45457  step 0.4750
15:11:14     iter  55  obj -0.23812  best 0.45457  step 0.4750
15:11:15     iter  56  obj -0.63525  best 0.45457  step 0.4750
15:11:16     iter  57  obj -0.09434  best 0.45457  step 0.4750
15:11:18     iter  58  obj 0.27845  best 0.45457  step 0.4750
15:11:19     iter  59  obj -0.08894  best 0.45457  step 0.4750
15:11:20     iter  60  obj 0.10139  best 0.45457  step 0.4750
15:11:21     iter  61  obj 0.07152  best 0.45457  step 0.4750
15:11:22     iter  62  obj 0.16576  best 0.45457  step 0.2375  halved
15:11:23     iter  63  obj 0.28570  best 0.45457  step 0.2375
15:11:24     iter  64  obj 0.43363  best 0.45457  step 0.2375
15:11:25     iter  65  obj 0.43188  best 0.45457  step 0.2375
15:11:26     iter  66  obj 0.28844  best 0.45457  step 0.2375
15:11:27     iter  67  obj 0.27881  best 0.45457  step 0.2375
15:11:28     iter  68  obj 0.34211  best 0.45457  step 0.2375
15:11:30     iter  69  obj 0.27221  best 0.45457  step 0.2375
15:11:31     iter  70  obj 0.21510  best 0.45457  step 0.2375
15:11:32     iter  71  obj 0.39276  best 0.45457  step 0.2375
15:11:33     iter  72  obj 0.30131  best 0.45457  step 0.2375
15:11:34     iter  73  obj 0.14000  best 0.45457  step 0.2375
15:11:35     iter  74  obj 0.15931  best 0.45457  step 0.2375
15:11:36     iter  75  obj 0.04303  best 0.45457  step 0.2375
15:11:37     iter  76  obj 0.32351  best 0.45457  step 0.2375
15:11:38     iter  77  obj 0.27564  best 0.45457  step 0.2375
15:11:39     iter  78  obj 0.28543  best 0.45457  step 0.2375
15:11:40     iter  79  obj 0.13929  best 0.45457  step 0.2375
15:11:42     iter  80  obj 0.30730  best 0.45457  step 0.2375
15:11:43     iter  81  obj 0.14149  best 0.45457  step 0.2375
15:11:44     iter  82  obj 0.32553  best 0.45457  step 0.2375
15:11:45     iter  83  obj 0.29121  best 0.45457  step 0.2375
15:11:46     iter  84  obj 0.12632  best 0.45457  step 0.2375
15:11:47     iter  85  obj 0.41031  best 0.45457  step 0.2375
15:11:48     iter  86  obj 0.37180  best 0.45457  step 0.2375
15:11:49     iter  87  obj 0.29093  best 0.45457  step 0.1187  halved
15:11:50     iter  88  obj 0.35269  best 0.45457  step 0.1187
15:11:52     iter  89  obj 0.44905  best 0.45457  step 0.1187
15:11:53     iter  90  obj 0.46457  best 0.46457  step 0.1187  *
15:11:54     iter  91  obj 0.44489  best 0.46457  step 0.1187
15:11:55     iter  92  obj 0.46203  best 0.46457  step 0.1187
15:11:56     iter  93  obj 0.42082  best 0.46457  step 0.1187
15:11:57     iter  94  obj 0.41859  best 0.46457  step 0.1187
15:11:58     iter  95  obj 0.40807  best 0.46457  step 0.1187
15:11:59     iter  96  obj 0.44793  best 0.46457  step 0.1187
15:12:00     iter  97  obj 0.45269  best 0.46457  step 0.1187
15:12:01     iter  98  obj 0.38765  best 0.46457  step 0.1187
15:12:02     iter  99  obj 0.42201  best 0.46457  step 0.1187
15:12:03     iter 100  obj 0.30948  best 0.46457  step 0.1187
15:12:05     iter 101  obj 0.33466  best 0.46457  step 0.1187
15:12:06     iter 102  obj 0.41134  best 0.46457  step 0.1187
15:12:07     iter 103  obj 0.34848  best 0.46457  step 0.1187
15:12:08     iter 104  obj 0.36623  best 0.46457  step 0.1187
15:12:09     iter 105  obj 0.39168  best 0.46457  step 0.1187
15:12:10     iter 106  obj 0.40243  best 0.46457  step 0.1187
15:12:11     iter 107  obj 0.32466  best 0.46457  step 0.1187
15:12:12     iter 108  obj 0.37936  best 0.46457  step 0.0594  halved
15:12:13     iter 109  obj 0.37302  best 0.46457  step 0.0594
15:12:14     iter 110  obj 0.44616  best 0.46457  step 0.0594
15:12:16     iter 111  obj 0.45842  best 0.46457  step 0.0594
15:12:17     iter 112  obj 0.47090  best 0.47090  step 0.0594  *
15:12:18     iter 113  obj 0.46904  best 0.47090  step 0.0594
15:12:19     iter 114  obj 0.47753  best 0.47753  step 0.0594  *
15:12:20     iter 115  obj 0.46556  best 0.47753  step 0.0594
15:12:21     iter 116  obj 0.47791  best 0.47791  step 0.0594  *
15:12:22     iter 117  obj 0.46901  best 0.47791  step 0.0594
15:12:23     iter 118  obj 0.46886  best 0.47791  step 0.0594
15:12:25     iter 119  obj 0.47095  best 0.47791  step 0.0594
15:12:26     iter 120  obj 0.46896  best 0.47791  step 0.0594
15:12:27     iter 121  obj 0.46241  best 0.47791  step 0.0594
15:12:28     iter 122  obj 0.43626  best 0.47791  step 0.0594
15:12:29     iter 123  obj 0.45277  best 0.47791  step 0.0594
15:12:30     iter 124  obj 0.46050  best 0.47791  step 0.0594
15:12:31     iter 125  obj 0.48136  best 0.48136  step 0.0297  *  halved
15:12:32     iter 126  obj 0.49459  best 0.49459  step 0.0297  *
15:12:34     iter 127  obj 0.45646  best 0.49459  step 0.0297
15:12:35     iter 128  obj 0.47384  best 0.49459  step 0.0297
15:12:36     iter 129  obj 0.50190  best 0.50190  step 0.0297  *
15:12:37     iter 130  obj 0.47572  best 0.50190  step 0.0297
15:12:38     iter 131  obj 0.47065  best 0.50190  step 0.0297
15:12:39     iter 132  obj 0.47940  best 0.50190  step 0.0297
15:12:40     iter 133  obj 0.48901  best 0.50190  step 0.0297
15:12:41     iter 134  obj 0.50436  best 0.50436  step 0.0297  *
15:12:43     iter 135  obj 0.47593  best 0.50436  step 0.0297
15:12:44     iter 136  obj 0.50215  best 0.50436  step 0.0297
15:12:45     iter 137  obj 0.50147  best 0.50436  step 0.0297
15:12:47     iter 138  obj 0.50180  best 0.50436  step 0.0148  halved
15:12:48     iter 139  obj 0.47929  best 0.50436  step 0.0148
15:12:50     iter 140  obj 0.51718  best 0.51718  step 0.0148  *
15:12:52     iter 141  obj 0.50341  best 0.51718  step 0.0148
15:12:53     iter 142  obj 0.52497  best 0.52497  step 0.0148  *
15:12:54     iter 143  obj 0.54914  best 0.54914  step 0.0148  *
15:12:56     iter 144  obj 0.56465  best 0.56465  step 0.0148  *
15:12:58     iter 145  obj 0.57971  best 0.57971  step 0.0148  *
15:12:59     iter 146  obj 0.60298  best 0.60298  step 0.0148  *
15:13:01     iter 147  obj 0.48451  best 0.60298  step 0.0074  halved
15:13:02     iter 148  obj 0.49489  best 0.60298  step 0.0074
15:13:04     iter 149  obj 0.52828  best 0.60298  step 0.0074
15:13:05     iter 150  obj 0.59915  best 0.60298  step 0.0074
15:13:06      poisoned ce=0.58742 auc=0.6215 acc=0.7940 f1=0.0721  dce=+0.13279 dacc=-0.0120  k=1500  [173.4s]
15:13:06   mean over 1 trials: dce=+0.13279 dacc=-0.0120 dauc=-0.0940  -> results/niter_sweep_final/lcld_v2_rs3_it150
