22:40:21 [x-capgd] /home/ssn899/Desktop/TabFM/datasets/lcld_v2/splits/selected/natural/context_5000.csv (5000x28) -> /home/ssn899/Desktop/TabFM/datasets/lcld_v2/splits/test_attack_1000.csv (1000 of 1000)  k=3200 (64.0%)  attack_class=None  grid 5x3  cuda:0
22:40:24   clean  ce=0.45462 auc=0.7155 acc=0.8060 f1=0.1339  max|dp| over 3 repeats=0.00e+00  chunking_exact=True  [2.0s]
22:40:25   constraints=full (9 relations, dataset 'lcld_v2')  scaler=metadata  mutable 14/28  int 10  cat 5
22:40:25   -- trial run0_sub0
22:40:26     iter   0  obj 0.45332  best 0.45332  step 0.9500
22:40:27     iter   1  obj 0.42377  best 0.45332  step 0.9500
22:40:28     iter   2  obj 0.41174  best 0.45332  step 0.9500
22:40:29     iter   3  obj 0.02963  best 0.45332  step 0.9500
22:40:30     iter   4  obj -0.07415  best 0.45332  step 0.9500
22:40:31     iter   5  obj -0.00953  best 0.45332  step 0.9500
22:40:32     iter   6  obj -0.03475  best 0.45332  step 0.9500
22:40:33     iter   7  obj -0.34368  best 0.45332  step 0.9500
22:40:34     iter   8  obj -0.17086  best 0.45332  step 0.4750  halved
22:40:35     iter   9  obj 0.26178  best 0.45332  step 0.4750
22:40:36     iter  10  obj 0.21971  best 0.45332  step 0.4750
22:40:37     iter  11  obj 0.13327  best 0.45332  step 0.4750
22:40:38     iter  12  obj 0.13089  best 0.45332  step 0.4750
22:40:40     iter  13  obj 0.16654  best 0.45332  step 0.4750
22:40:41     iter  14  obj 0.25016  best 0.45332  step 0.4750
22:40:42     iter  15  obj 0.08845  best 0.45332  step 0.2375  halved
22:40:43     iter  16  obj 0.32439  best 0.45332  step 0.2375
22:40:44     iter  17  obj 0.42943  best 0.45332  step 0.2375
22:40:45     iter  18  obj 0.43022  best 0.45332  step 0.2375
22:40:46     iter  19  obj 0.25765  best 0.45332  step 0.2375
22:40:47     iter  20  obj 0.26856  best 0.45332  step 0.2375
22:40:48     iter  21  obj 0.14675  best 0.45332  step 0.1188  halved
22:40:49     iter  22  obj 0.37276  best 0.45332  step 0.1188
22:40:50     iter  23  obj 0.46539  best 0.46539  step 0.1188  *
22:40:51     iter  24  obj 0.46301  best 0.46539  step 0.1188
22:40:52     iter  25  obj 0.41094  best 0.46539  step 0.1188
22:40:53     iter  26  obj 0.46448  best 0.46539  step 0.0594  halved
22:40:54     iter  27  obj 0.44493  best 0.46539  step 0.0594
22:40:55     iter  28  obj 0.45198  best 0.46539  step 0.0594
22:40:56     iter  29  obj 0.46367  best 0.46539  step 0.0594
22:40:57     iter  30  obj 0.48087  best 0.48087  step 0.0297  *  halved
22:40:58     iter  31  obj 0.53192  best 0.53192  step 0.0297  *
22:40:59     iter  32  obj 0.51577  best 0.53192  step 0.0297
22:41:01     iter  33  obj 0.51746  best 0.53192  step 0.0148  halved
22:41:02     iter  34  obj 0.55593  best 0.55593  step 0.0148  *
22:41:03     iter  35  obj 0.55397  best 0.55593  step 0.0074  halved
22:41:04     iter  36  obj 0.58882  best 0.58882  step 0.0074  *
22:41:05     iter  37  obj 0.78360  best 0.78360  step 0.0074  *
22:41:06     iter  38  obj 0.87697  best 0.87697  step 0.0074  *
22:41:07     iter  39  obj 0.84309  best 0.87697  step 0.0037  halved
22:41:08     iter  40  obj 1.07347  best 1.07347  step 0.0037  *
22:41:09      poisoned ce=0.77766 auc=0.4992 acc=0.7620 f1=0.0985  dce=+0.32303 dacc=-0.0440  k=3200  [43.8s]
22:41:09   -- trial run0_sub1
22:41:10     iter   0  obj 0.45457  best 0.45457  step 0.9500
22:41:11     iter   1  obj 0.43376  best 0.45457  step 0.9500
22:41:12     iter   2  obj 0.42725  best 0.45457  step 0.9500
22:41:13     iter   3  obj 0.24728  best 0.45457  step 0.9500
22:41:14     iter   4  obj -0.27229  best 0.45457  step 0.9500
22:41:15     iter   5  obj -0.44006  best 0.45457  step 0.9500
22:41:16     iter   6  obj -0.46782  best 0.45457  step 0.9500
22:41:17     iter   7  obj 0.13561  best 0.45457  step 0.9500
22:41:18     iter   8  obj 0.13930  best 0.45457  step 0.4750  halved
22:41:19     iter   9  obj 0.24319  best 0.45457  step 0.4750
22:41:20     iter  10  obj 0.38141  best 0.45457  step 0.4750
22:41:21     iter  11  obj 0.33044  best 0.45457  step 0.4750
22:41:22     iter  12  obj -0.23654  best 0.45457  step 0.4750
22:41:23     iter  13  obj 0.24753  best 0.45457  step 0.4750
22:41:24     iter  14  obj 0.25520  best 0.45457  step 0.4750
22:41:25     iter  15  obj -0.26938  best 0.45457  step 0.2375  halved
22:41:26     iter  16  obj 0.34799  best 0.45457  step 0.2375
22:41:28     iter  17  obj 0.43262  best 0.45457  step 0.2375
22:41:29     iter  18  obj 0.44461  best 0.45457  step 0.2375
22:41:30     iter  19  obj 0.35155  best 0.45457  step 0.2375
22:41:31     iter  20  obj 0.37718  best 0.45457  step 0.2375
22:41:32     iter  21  obj 0.27633  best 0.45457  step 0.1188  halved
22:41:33     iter  22  obj 0.37290  best 0.45457  step 0.1188
22:41:34     iter  23  obj 0.47415  best 0.47415  step 0.1188  *
22:41:35     iter  24  obj 0.46363  best 0.47415  step 0.1188
22:41:36     iter  25  obj 0.47268  best 0.47415  step 0.1188
22:41:37     iter  26  obj 0.42490  best 0.47415  step 0.0594  halved
22:41:38     iter  27  obj 0.45376  best 0.47415  step 0.0594
22:41:39     iter  28  obj 0.48791  best 0.48791  step 0.0594  *
22:41:40     iter  29  obj 0.50216  best 0.50216  step 0.0594  *
22:41:41     iter  30  obj 0.51668  best 0.51668  step 0.0594  *
22:41:42     iter  31  obj 0.50464  best 0.51668  step 0.0594
22:41:43     iter  32  obj 0.45834  best 0.51668  step 0.0594
22:41:44     iter  33  obj 0.46665  best 0.51668  step 0.0297  halved
22:41:45     iter  34  obj 0.50444  best 0.51668  step 0.0297
22:41:46     iter  35  obj 0.53267  best 0.53267  step 0.0297  *
22:41:47     iter  36  obj 0.55119  best 0.55119  step 0.0297  *
22:41:49     iter  37  obj 0.56567  best 0.56567  step 0.0297  *
22:41:50     iter  38  obj 0.60293  best 0.60293  step 0.0297  *
22:41:51     iter  39  obj 0.64472  best 0.64472  step 0.0297  *
22:41:52     iter  40  obj 0.61147  best 0.64472  step 0.0297
22:41:52      poisoned ce=0.50976 auc=0.6303 acc=0.7930 f1=0.0633  dce=+0.05514 dacc=-0.0130  k=3200  [43.8s]
22:41:52   -- trial run0_sub2
22:41:53     iter   0  obj 0.45332  best 0.45332  step 0.9500
22:41:55     iter   1  obj 0.41984  best 0.45332  step 0.9500
22:41:56     iter   2  obj 0.41460  best 0.45332  step 0.9500
22:41:57     iter   3  obj 0.15978  best 0.45332  step 0.9500
22:41:58     iter   4  obj -0.12807  best 0.45332  step 0.9500
22:41:59     iter   5  obj -0.39470  best 0.45332  step 0.9500
22:42:00     iter   6  obj -0.29050  best 0.45332  step 0.9500
22:42:01     iter   7  obj 0.22451  best 0.45332  step 0.9500
22:42:02     iter   8  obj 0.18580  best 0.45332  step 0.4750  halved
22:42:03     iter   9  obj 0.22849  best 0.45332  step 0.4750
22:42:04     iter  10  obj 0.33240  best 0.45332  step 0.4750
22:42:05     iter  11  obj 0.34457  best 0.45332  step 0.4750
22:42:06     iter  12  obj -0.04887  best 0.45332  step 0.4750
22:42:07     iter  13  obj -0.63546  best 0.45332  step 0.4750
22:42:08     iter  14  obj 0.17392  best 0.45332  step 0.4750
22:42:09     iter  15  obj 0.22847  best 0.45332  step 0.2375  halved
22:42:10     iter  16  obj 0.30785  best 0.45332  step 0.2375
22:42:11     iter  17  obj 0.45546  best 0.45546  step 0.2375  *
22:42:12     iter  18  obj 0.42968  best 0.45546  step 0.2375
22:42:13     iter  19  obj 0.18118  best 0.45546  step 0.2375
22:42:15     iter  20  obj 0.33191  best 0.45546  step 0.2375
22:42:16     iter  21  obj -0.23019  best 0.45546  step 0.1188  halved
22:42:17     iter  22  obj 0.33080  best 0.45546  step 0.1188
22:42:18     iter  23  obj 0.41790  best 0.45546  step 0.1188
22:42:19     iter  24  obj 0.38220  best 0.45546  step 0.1188
22:42:20     iter  25  obj 0.41021  best 0.45546  step 0.1188
22:42:21     iter  26  obj 0.40814  best 0.45546  step 0.0594  halved
22:42:22     iter  27  obj 0.42203  best 0.45546  step 0.0594
22:42:23     iter  28  obj 0.44783  best 0.45546  step 0.0594
22:42:24     iter  29  obj 0.48381  best 0.48381  step 0.0594  *
22:42:25     iter  30  obj 0.49542  best 0.49542  step 0.0594  *
22:42:26     iter  31  obj 0.49990  best 0.49990  step 0.0594  *
22:42:27     iter  32  obj 0.44374  best 0.49990  step 0.0594
22:42:28     iter  33  obj 0.47723  best 0.49990  step 0.0297  halved
22:42:29     iter  34  obj 0.56851  best 0.56851  step 0.0297  *
22:42:30     iter  35  obj 0.54042  best 0.56851  step 0.0148  halved
22:42:31     iter  36  obj 0.55788  best 0.56851  step 0.0148
22:42:32     iter  37  obj 0.59910  best 0.59910  step 0.0148  *
22:42:33     iter  38  obj 0.60223  best 0.60223  step 0.0148  *
22:42:35     iter  39  obj 0.68394  best 0.68394  step 0.0148  *
22:42:36     iter  40  obj 0.69514  best 0.69514  step 0.0148  *
22:42:36      poisoned ce=0.63049 auc=0.5374 acc=0.7640 f1=0.1511  dce=+0.17587 dacc=-0.0420  k=3200  [43.8s]
22:42:36   -- trial run1_sub0
22:42:37     iter   0  obj -351.93311  best -351.93311  step 0.9500
22:42:38     iter   1  obj 0.33087  best 0.33087  step 0.9500  *
22:42:39     iter   2  obj 0.18443  best 0.33087  step 0.9500
22:42:40     iter   3  obj -0.15494  best 0.33087  step 0.9500
22:42:42     iter   4  obj 0.20387  best 0.33087  step 0.9500
22:42:43     iter   5  obj 0.07221  best 0.33087  step 0.9500
22:42:44     iter   6  obj -0.18572  best 0.33087  step 0.9500
22:42:45     iter   7  obj -0.05424  best 0.33087  step 0.9500
22:42:46     iter   8  obj 0.16000  best 0.33087  step 0.4750  halved
22:42:47     iter   9  obj 0.20775  best 0.33087  step 0.4750
22:42:48     iter  10  obj -0.14253  best 0.33087  step 0.4750
22:42:49     iter  11  obj 0.09796  best 0.33087  step 0.4750
22:42:50     iter  12  obj -0.11287  best 0.33087  step 0.4750
22:42:51     iter  13  obj 0.16123  best 0.33087  step 0.4750
22:42:52     iter  14  obj 0.30949  best 0.33087  step 0.4750
22:42:53     iter  15  obj 0.11575  best 0.33087  step 0.2375  halved
22:42:54     iter  16  obj 0.37354  best 0.37354  step 0.2375  *
22:42:55     iter  17  obj 0.39699  best 0.39699  step 0.2375  *
22:42:56     iter  18  obj 0.22110  best 0.39699  step 0.2375
22:42:57     iter  19  obj 0.20137  best 0.39699  step 0.2375
22:42:58     iter  20  obj 0.23457  best 0.39699  step 0.2375
22:42:59     iter  21  obj 0.07316  best 0.39699  step 0.1188  halved
22:43:00     iter  22  obj 0.32811  best 0.39699  step 0.1188
22:43:02     iter  23  obj 0.40158  best 0.40158  step 0.1188  *
22:43:03     iter  24  obj 0.41715  best 0.41715  step 0.1188  *
22:43:04     iter  25  obj 0.29395  best 0.41715  step 0.1188
22:43:05     iter  26  obj 0.42513  best 0.42513  step 0.1188  *
22:43:06     iter  27  obj 0.39735  best 0.42513  step 0.1188
22:43:07     iter  28  obj 0.46371  best 0.46371  step 0.1188  *
22:43:08     iter  29  obj 0.45302  best 0.46371  step 0.1188
22:43:09     iter  30  obj 0.38207  best 0.46371  step 0.0594  halved
22:43:10     iter  31  obj 0.51195  best 0.51195  step 0.0594  *
22:43:11     iter  32  obj 0.46493  best 0.51195  step 0.0594
22:43:12     iter  33  obj 0.51120  best 0.51195  step 0.0297  halved
22:43:13     iter  34  obj 0.49752  best 0.51195  step 0.0297
22:43:14     iter  35  obj 0.52624  best 0.52624  step 0.0148  *  halved
22:43:15     iter  36  obj 0.53862  best 0.53862  step 0.0148  *
22:43:16     iter  37  obj 0.57182  best 0.57182  step 0.0148  *
22:43:17     iter  38  obj 0.64372  best 0.64372  step 0.0148  *
22:43:18     iter  39  obj 0.65006  best 0.65006  step 0.0148  *
22:43:19     iter  40  obj 0.72126  best 0.72126  step 0.0148  *
22:43:20      poisoned ce=0.63576 auc=0.5457 acc=0.7840 f1=0.0442  dce=+0.18114 dacc=-0.0220  k=3200  [43.8s]
22:43:20   -- trial run1_sub1
22:43:21     iter   0  obj -358.81421  best -358.81421  step 0.9500
22:43:22     iter   1  obj 0.32328  best 0.32328  step 0.9500  *
22:43:23     iter   2  obj 0.25977  best 0.32328  step 0.9500
22:43:24     iter   3  obj 0.30255  best 0.32328  step 0.9500
22:43:25     iter   4  obj 0.25422  best 0.32328  step 0.9500
22:43:26     iter   5  obj -0.45246  best 0.32328  step 0.9500
22:43:27     iter   6  obj 0.22688  best 0.32328  step 0.9500
22:43:29     iter   7  obj 0.02129  best 0.32328  step 0.9500
22:43:30     iter   8  obj 0.14518  best 0.32328  step 0.4750  halved
22:43:31     iter   9  obj 0.26161  best 0.32328  step 0.4750
22:43:32     iter  10  obj 0.23617  best 0.32328  step 0.4750
22:43:33     iter  11  obj 0.02829  best 0.32328  step 0.4750
22:43:34     iter  12  obj 0.06827  best 0.32328  step 0.4750
22:43:35     iter  13  obj 0.25644  best 0.32328  step 0.4750
22:43:36     iter  14  obj 0.18911  best 0.32328  step 0.4750
22:43:37     iter  15  obj 0.10997  best 0.32328  step 0.2375  halved
22:43:38     iter  16  obj 0.38060  best 0.38060  step 0.2375  *
22:43:39     iter  17  obj 0.36834  best 0.38060  step 0.2375
22:43:40     iter  18  obj 0.37260  best 0.38060  step 0.2375
22:43:41     iter  19  obj 0.41661  best 0.41661  step 0.2375  *
22:43:42     iter  20  obj 0.29350  best 0.41661  step 0.2375
22:43:43     iter  21  obj 0.20874  best 0.41661  step 0.1188  halved
22:43:44     iter  22  obj 0.47490  best 0.47490  step 0.1188  *
22:43:45     iter  23  obj 0.37332  best 0.47490  step 0.1188
22:43:46     iter  24  obj 0.27728  best 0.47490  step 0.1188
22:43:47     iter  25  obj 0.40524  best 0.47490  step 0.1188
22:43:49     iter  26  obj 0.41109  best 0.47490  step 0.0594  halved
22:43:50     iter  27  obj 0.46370  best 0.47490  step 0.0594
22:43:51     iter  28  obj 0.45407  best 0.47490  step 0.0594
22:43:52     iter  29  obj 0.51106  best 0.51106  step 0.0594  *
22:43:53     iter  30  obj 0.50625  best 0.51106  step 0.0297  halved
22:43:54     iter  31  obj 0.55822  best 0.55822  step 0.0297  *
22:43:55     iter  32  obj 0.63816  best 0.63816  step 0.0297  *
22:43:56     iter  33  obj 0.59592  best 0.63816  step 0.0148  halved
22:43:57     iter  34  obj 0.66690  best 0.66690  step 0.0148  *
22:43:58     iter  35  obj 0.79997  best 0.79997  step 0.0148  *
22:43:59     iter  36  obj 0.68901  best 0.79997  step 0.0148
22:44:00     iter  37  obj 0.71394  best 0.79997  step 0.0074  halved
22:44:01     iter  38  obj 0.77046  best 0.79997  step 0.0074
22:44:02     iter  39  obj 0.77130  best 0.79997  step 0.0074
22:44:03     iter  40  obj 0.79264  best 0.79997  step 0.0074
22:44:04      poisoned ce=0.57657 auc=0.5610 acc=0.7980 f1=0.0901  dce=+0.12195 dacc=-0.0080  k=3200  [43.8s]
22:44:04   -- trial run1_sub2
22:44:05     iter   0  obj -352.67075  best -352.67075  step 0.9500
22:44:06     iter   1  obj 0.29046  best 0.29046  step 0.9500  *
22:44:07     iter   2  obj 0.18497  best 0.29046  step 0.9500
22:44:08     iter   3  obj 0.21037  best 0.29046  step 0.9500
22:44:09     iter   4  obj -0.12219  best 0.29046  step 0.9500
22:44:10     iter   5  obj -0.17114  best 0.29046  step 0.9500
22:44:11     iter   6  obj -0.11096  best 0.29046  step 0.9500
22:44:12     iter   7  obj -0.36974  best 0.29046  step 0.9500
22:44:13     iter   8  obj -0.33755  best 0.29046  step 0.4750  halved
22:44:15     iter   9  obj 0.22900  best 0.29046  step 0.4750
22:44:16     iter  10  obj 0.30435  best 0.30435  step 0.4750  *
22:44:17     iter  11  obj 0.04679  best 0.30435  step 0.4750
22:44:18     iter  12  obj -0.00149  best 0.30435  step 0.4750
22:44:19     iter  13  obj 0.20846  best 0.30435  step 0.4750
22:44:20     iter  14  obj -0.02871  best 0.30435  step 0.4750
22:44:21     iter  15  obj -0.17158  best 0.30435  step 0.2375  halved
22:44:22     iter  16  obj 0.21231  best 0.30435  step 0.2375
22:44:23     iter  17  obj 0.15289  best 0.30435  step 0.2375
22:44:24     iter  18  obj 0.13328  best 0.30435  step 0.2375
22:44:25     iter  19  obj 0.43259  best 0.43259  step 0.2375  *
22:44:26     iter  20  obj 0.42338  best 0.43259  step 0.2375
22:44:27     iter  21  obj 0.46862  best 0.46862  step 0.1188  *  halved
22:44:28     iter  22  obj 0.45335  best 0.46862  step 0.1188
22:44:29     iter  23  obj 0.44587  best 0.46862  step 0.1188
22:44:30     iter  24  obj 0.41071  best 0.46862  step 0.1188
22:44:31     iter  25  obj 0.42293  best 0.46862  step 0.1188
22:44:32     iter  26  obj 0.46760  best 0.46862  step 0.0594  halved
22:44:33     iter  27  obj 0.44458  best 0.46862  step 0.0594
22:44:34     iter  28  obj 0.49140  best 0.49140  step 0.0594  *
22:44:36     iter  29  obj 0.51075  best 0.51075  step 0.0594  *
22:44:37     iter  30  obj 0.50490  best 0.51075  step 0.0297  halved
22:44:38     iter  31  obj 0.54304  best 0.54304  step 0.0297  *
22:44:39     iter  32  obj 0.55579  best 0.55579  step 0.0297  *
22:44:40     iter  33  obj 0.56804  best 0.56804  step 0.0297  *
22:44:41     iter  34  obj 0.60784  best 0.60784  step 0.0297  *
22:44:42     iter  35  obj 0.63212  best 0.63212  step 0.0297  *
22:44:43     iter  36  obj 0.51443  best 0.63212  step 0.0297
22:44:44     iter  37  obj 0.62298  best 0.63212  step 0.0148  halved
22:44:45     iter  38  obj 0.72818  best 0.72818  step 0.0148  *
22:44:46     iter  39  obj 0.83178  best 0.83178  step 0.0148  *
22:44:47     iter  40  obj 0.57502  best 0.83178  step 0.0148
22:44:48      poisoned ce=0.51632 auc=0.6417 acc=0.7920 f1=0.0877  dce=+0.06170 dacc=-0.0140  k=3200  [43.8s]
22:44:48   -- trial run2_sub0
22:44:49     iter   0  obj -360.87091  best -360.87091  step 0.9500
22:44:50     iter   1  obj 0.30722  best 0.30722  step 0.9500  *
22:44:51     iter   2  obj 0.32775  best 0.32775  step 0.9500  *
22:44:52     iter   3  obj 0.18819  best 0.32775  step 0.9500
22:44:53     iter   4  obj -0.11130  best 0.32775  step 0.9500
22:44:54     iter   5  obj -0.40775  best 0.32775  step 0.9500
22:44:55     iter   6  obj -0.34048  best 0.32775  step 0.9500
22:44:56     iter   7  obj 0.09132  best 0.32775  step 0.9500
22:44:57     iter   8  obj 0.29113  best 0.32775  step 0.4750  halved
22:44:58     iter   9  obj 0.26247  best 0.32775  step 0.4750
22:44:59     iter  10  obj 0.12397  best 0.32775  step 0.4750
22:45:00     iter  11  obj 0.11661  best 0.32775  step 0.4750
22:45:02     iter  12  obj -0.31974  best 0.32775  step 0.4750
22:45:03     iter  13  obj 0.06471  best 0.32775  step 0.4750
22:45:04     iter  14  obj 0.27147  best 0.32775  step 0.4750
22:45:05     iter  15  obj 0.29646  best 0.32775  step 0.2375  halved
22:45:06     iter  16  obj 0.38249  best 0.38249  step 0.2375  *
22:45:07     iter  17  obj 0.29703  best 0.38249  step 0.2375
22:45:08     iter  18  obj 0.28404  best 0.38249  step 0.2375
22:45:09     iter  19  obj 0.25152  best 0.38249  step 0.2375
22:45:10     iter  20  obj -0.05310  best 0.38249  step 0.2375
22:45:11     iter  21  obj 0.37712  best 0.38249  step 0.1188  halved
22:45:12     iter  22  obj 0.33639  best 0.38249  step 0.1188
22:45:13     iter  23  obj 0.38386  best 0.38386  step 0.1188  *
22:45:14     iter  24  obj 0.45173  best 0.45173  step 0.1188  *
22:45:15     iter  25  obj 0.38282  best 0.45173  step 0.1188
22:45:16     iter  26  obj 0.37801  best 0.45173  step 0.0594  halved
22:45:17     iter  27  obj 0.50494  best 0.50494  step 0.0594  *
22:45:18     iter  28  obj 0.48568  best 0.50494  step 0.0594
22:45:19     iter  29  obj 0.46824  best 0.50494  step 0.0594
22:45:20     iter  30  obj 0.46025  best 0.50494  step 0.0297  halved
22:45:22     iter  31  obj 0.47305  best 0.50494  step 0.0297
22:45:23     iter  32  obj 0.47807  best 0.50494  step 0.0297
22:45:24     iter  33  obj 0.52317  best 0.52317  step 0.0297  *
22:45:25     iter  34  obj 0.53848  best 0.53848  step 0.0297  *
22:45:26     iter  35  obj 0.56443  best 0.56443  step 0.0297  *
22:45:27     iter  36  obj 0.60516  best 0.60516  step 0.0297  *
22:45:28     iter  37  obj 0.64362  best 0.64362  step 0.0297  *
22:45:29     iter  38  obj 0.64566  best 0.64566  step 0.0297  *
22:45:30     iter  39  obj 0.62737  best 0.64566  step 0.0148  halved
22:45:31     iter  40  obj 0.73670  best 0.73670  step 0.0148  *
22:45:32      poisoned ce=0.65526 auc=0.5031 acc=0.7640 f1=0.1194  dce=+0.20064 dacc=-0.0420  k=3200  [43.9s]
22:45:32   -- trial run2_sub1
22:45:33     iter   0  obj -359.86133  best -359.86133  step 0.9500
22:45:34     iter   1  obj 0.30767  best 0.30767  step 0.9500  *
22:45:35     iter   2  obj 0.31858  best 0.31858  step 0.9500  *
22:45:36     iter   3  obj 0.31853  best 0.31858  step 0.9500
22:45:37     iter   4  obj -0.24798  best 0.31858  step 0.9500
22:45:38     iter   5  obj -0.70786  best 0.31858  step 0.9500
22:45:39     iter   6  obj -0.11794  best 0.31858  step 0.9500
22:45:40     iter   7  obj -0.27467  best 0.31858  step 0.9500
22:45:41     iter   8  obj 0.25793  best 0.31858  step 0.4750  halved
22:45:42     iter   9  obj 0.26592  best 0.31858  step 0.4750
22:45:43     iter  10  obj 0.11785  best 0.31858  step 0.4750
22:45:44     iter  11  obj -0.05933  best 0.31858  step 0.4750
22:45:45     iter  12  obj -0.02620  best 0.31858  step 0.4750
22:45:46     iter  13  obj 0.06735  best 0.31858  step 0.4750
22:45:48     iter  14  obj 0.06806  best 0.31858  step 0.4750
22:45:49     iter  15  obj 0.34488  best 0.34488  step 0.2375  *  halved
22:45:50     iter  16  obj 0.36161  best 0.36161  step 0.2375  *
22:45:51     iter  17  obj 0.28037  best 0.36161  step 0.2375
22:45:52     iter  18  obj 0.33955  best 0.36161  step 0.2375
22:45:53     iter  19  obj 0.23240  best 0.36161  step 0.2375
22:45:54     iter  20  obj -0.00686  best 0.36161  step 0.2375
22:45:55     iter  21  obj 0.33496  best 0.36161  step 0.1188  halved
22:45:56     iter  22  obj 0.32944  best 0.36161  step 0.1188
22:45:57     iter  23  obj 0.43760  best 0.43760  step 0.1188  *
22:45:58     iter  24  obj 0.48209  best 0.48209  step 0.1188  *
22:45:59     iter  25  obj 0.44872  best 0.48209  step 0.1188
22:46:00     iter  26  obj 0.46295  best 0.48209  step 0.0594  halved
22:46:01     iter  27  obj 0.49670  best 0.49670  step 0.0594  *
22:46:02     iter  28  obj 0.49832  best 0.49832  step 0.0594  *
22:46:03     iter  29  obj 0.53022  best 0.53022  step 0.0594  *
22:46:04     iter  30  obj 0.50585  best 0.53022  step 0.0297  halved
22:46:05     iter  31  obj 0.51541  best 0.53022  step 0.0297
22:46:06     iter  32  obj 0.53655  best 0.53655  step 0.0297  *
22:46:08     iter  33  obj 0.55174  best 0.55174  step 0.0297  *
22:46:09     iter  34  obj 0.60652  best 0.60652  step 0.0297  *
22:46:10     iter  35  obj 0.56438  best 0.60652  step 0.0148  halved
22:46:11     iter  36  obj 0.63324  best 0.63324  step 0.0148  *
22:46:12     iter  37  obj 0.76089  best 0.76089  step 0.0148  *
22:46:13     iter  38  obj 0.76059  best 0.76089  step 0.0148
22:46:14     iter  39  obj 0.60973  best 0.76089  step 0.0074  halved
22:46:15     iter  40  obj 0.85519  best 0.85519  step 0.0074  *
22:46:16      poisoned ce=0.69198 auc=0.5109 acc=0.7900 f1=0.0870  dce=+0.23735 dacc=-0.0160  k=3200  [43.9s]
22:46:16   -- trial run2_sub2
22:46:17     iter   0  obj -359.75046  best -359.75046  step 0.9500
22:46:18     iter   1  obj 0.30003  best 0.30003  step 0.9500  *
22:46:19     iter   2  obj 0.25097  best 0.30003  step 0.9500
22:46:20     iter   3  obj 0.07308  best 0.30003  step 0.9500
22:46:21     iter   4  obj -0.09972  best 0.30003  step 0.9500
22:46:22     iter   5  obj -0.13026  best 0.30003  step 0.9500
22:46:23     iter   6  obj 0.00514  best 0.30003  step 0.9500
22:46:24     iter   7  obj 0.27417  best 0.30003  step 0.9500
22:46:25     iter   8  obj 0.16053  best 0.30003  step 0.4750  halved
22:46:26     iter   9  obj 0.29211  best 0.30003  step 0.4750
22:46:27     iter  10  obj 0.13793  best 0.30003  step 0.4750
22:46:28     iter  11  obj -0.22106  best 0.30003  step 0.4750
22:46:29     iter  12  obj 0.16218  best 0.30003  step 0.4750
22:46:30     iter  13  obj -0.36708  best 0.30003  step 0.4750
22:46:31     iter  14  obj 0.33284  best 0.33284  step 0.4750  *
22:46:32     iter  15  obj 0.20700  best 0.33284  step 0.2375  halved
22:46:34     iter  16  obj 0.39892  best 0.39892  step 0.2375  *
22:46:35     iter  17  obj 0.42947  best 0.42947  step 0.2375  *
22:46:36     iter  18  obj 0.36795  best 0.42947  step 0.2375
22:46:37     iter  19  obj -0.13341  best 0.42947  step 0.2375
22:46:38     iter  20  obj 0.27256  best 0.42947  step 0.2375
22:46:39     iter  21  obj 0.29766  best 0.42947  step 0.1188  halved
22:46:40     iter  22  obj 0.39915  best 0.42947  step 0.1188
22:46:41     iter  23  obj 0.44876  best 0.44876  step 0.1188  *
22:46:42     iter  24  obj 0.43410  best 0.44876  step 0.1188
22:46:43     iter  25  obj 0.40113  best 0.44876  step 0.1188
22:46:44     iter  26  obj 0.38772  best 0.44876  step 0.0594  halved
22:46:45     iter  27  obj 0.45928  best 0.45928  step 0.0594  *
22:46:46     iter  28  obj 0.52719  best 0.52719  step 0.0594  *
22:46:47     iter  29  obj 0.53642  best 0.53642  step 0.0594  *
22:46:48     iter  30  obj 0.56278  best 0.56278  step 0.0594  *
22:46:49     iter  31  obj 0.52057  best 0.56278  step 0.0594
22:46:50     iter  32  obj 0.50318  best 0.56278  step 0.0594
22:46:51     iter  33  obj 0.53509  best 0.56278  step 0.0297  halved
22:46:52     iter  34  obj 0.51278  best 0.56278  step 0.0297
22:46:53     iter  35  obj 0.55830  best 0.56278  step 0.0148  halved
22:46:55     iter  36  obj 0.57103  best 0.57103  step 0.0148  *
22:46:56     iter  37  obj 0.63389  best 0.63389  step 0.0148  *
22:46:57     iter  38  obj 0.64689  best 0.64689  step 0.0148  *
22:46:58     iter  39  obj 0.63108  best 0.64689  step 0.0074  halved
22:46:59     iter  40  obj 0.63001  best 0.64689  step 0.0074
22:46:59      poisoned ce=0.48999 auc=0.6695 acc=0.8000 f1=0.0566  dce=+0.03536 dacc=-0.0060  k=3200  [43.8s]
22:46:59   -- trial run3_sub0
22:47:01     iter   0  obj -366.27597  best -366.27597  step 0.9500
22:47:02     iter   1  obj 0.30239  best 0.30239  step 0.9500  *
22:47:03     iter   2  obj 0.10912  best 0.30239  step 0.9500
22:47:04     iter   3  obj 0.23004  best 0.30239  step 0.9500
22:47:05     iter   4  obj -0.16611  best 0.30239  step 0.9500
22:47:06     iter   5  obj -0.23829  best 0.30239  step 0.9500
22:47:07     iter   6  obj -0.33655  best 0.30239  step 0.9500
22:47:08     iter   7  obj -0.00621  best 0.30239  step 0.9500
22:47:09     iter   8  obj 0.05443  best 0.30239  step 0.4750  halved
22:47:10     iter   9  obj 0.15106  best 0.30239  step 0.4750
22:47:11     iter  10  obj 0.03278  best 0.30239  step 0.4750
22:47:12     iter  11  obj 0.09808  best 0.30239  step 0.4750
22:47:13     iter  12  obj 0.14268  best 0.30239  step 0.4750
22:47:14     iter  13  obj 0.16472  best 0.30239  step 0.4750
22:47:15     iter  14  obj 0.19471  best 0.30239  step 0.4750
22:47:16     iter  15  obj -0.28061  best 0.30239  step 0.2375  halved
22:47:17     iter  16  obj 0.33610  best 0.33610  step 0.2375  *
22:47:18     iter  17  obj 0.37495  best 0.37495  step 0.2375  *
22:47:19     iter  18  obj 0.39223  best 0.39223  step 0.2375  *
22:47:21     iter  19  obj 0.34077  best 0.39223  step 0.2375
22:47:22     iter  20  obj 0.33686  best 0.39223  step 0.2375
22:47:23     iter  21  obj 0.42864  best 0.42864  step 0.1188  *  halved
22:47:24     iter  22  obj 0.39014  best 0.42864  step 0.1188
22:47:25     iter  23  obj 0.37132  best 0.42864  step 0.1188
22:47:26     iter  24  obj 0.40214  best 0.42864  step 0.1188
22:47:27     iter  25  obj 0.44724  best 0.44724  step 0.1188  *
22:47:28     iter  26  obj 0.36030  best 0.44724  step 0.0594  halved
22:47:29     iter  27  obj 0.51661  best 0.51661  step 0.0594  *
22:47:30     iter  28  obj 0.52138  best 0.52138  step 0.0594  *
22:47:31     iter  29  obj 0.50997  best 0.52138  step 0.0594
22:47:32     iter  30  obj 0.52212  best 0.52212  step 0.0297  *  halved
22:47:33     iter  31  obj 0.55228  best 0.55228  step 0.0297  *
22:47:34     iter  32  obj 0.63665  best 0.63665  step 0.0297  *
22:47:35     iter  33  obj 0.58371  best 0.63665  step 0.0148  halved
22:47:36     iter  34  obj 0.58101  best 0.63665  step 0.0148
22:47:37     iter  35  obj 0.68364  best 0.68364  step 0.0074  *  halved
22:47:38     iter  36  obj 0.76804  best 0.76804  step 0.0074  *
22:47:39     iter  37  obj 1.04112  best 1.04112  step 0.0074  *
22:47:41     iter  38  obj 0.98228  best 1.04112  step 0.0074
22:47:42     iter  39  obj 1.12482  best 1.12482  step 0.0037  *  halved
22:47:43     iter  40  obj 1.31761  best 1.31761  step 0.0037  *
22:47:43      poisoned ce=1.09635 auc=0.4278 acc=0.7400 f1=0.0580  dce=+0.64173 dacc=-0.0660  k=3200  [43.8s]
22:47:43   -- trial run3_sub1
22:47:44     iter   0  obj -366.83908  best -366.83908  step 0.9500
22:47:45     iter   1  obj 0.31367  best 0.31367  step 0.9500  *
22:47:46     iter   2  obj 0.26956  best 0.31367  step 0.9500
22:47:48     iter   3  obj 0.27592  best 0.31367  step 0.9500
22:47:49     iter   4  obj 0.08475  best 0.31367  step 0.9500
22:47:50     iter   5  obj 0.05434  best 0.31367  step 0.9500
22:47:51     iter   6  obj 0.08217  best 0.31367  step 0.9500
22:47:52     iter   7  obj 0.20190  best 0.31367  step 0.9500
22:47:53     iter   8  obj -0.18956  best 0.31367  step 0.4750  halved
22:47:54     iter   9  obj 0.28568  best 0.31367  step 0.4750
22:47:55     iter  10  obj 0.38441  best 0.38441  step 0.4750  *
22:47:56     iter  11  obj 0.14630  best 0.38441  step 0.4750
22:47:57     iter  12  obj -0.01001  best 0.38441  step 0.4750
22:47:58     iter  13  obj -0.11710  best 0.38441  step 0.4750
22:47:59     iter  14  obj -0.17732  best 0.38441  step 0.4750
22:48:00     iter  15  obj -0.17535  best 0.38441  step 0.2375  halved
22:48:01     iter  16  obj 0.27160  best 0.38441  step 0.2375
22:48:02     iter  17  obj 0.32561  best 0.38441  step 0.2375
22:48:03     iter  18  obj 0.33078  best 0.38441  step 0.2375
22:48:04     iter  19  obj 0.09583  best 0.38441  step 0.2375
22:48:05     iter  20  obj 0.28162  best 0.38441  step 0.2375
22:48:07     iter  21  obj 0.28889  best 0.38441  step 0.2375
22:48:08     iter  22  obj 0.02847  best 0.38441  step 0.2375
22:48:09     iter  23  obj -0.02249  best 0.38441  step 0.2375
22:48:10     iter  24  obj 0.21879  best 0.38441  step 0.2375
22:48:11     iter  25  obj 0.18974  best 0.38441  step 0.2375
22:48:12     iter  26  obj 0.22144  best 0.38441  step 0.1188  halved
22:48:13     iter  27  obj 0.37800  best 0.38441  step 0.1188
22:48:14     iter  28  obj 0.46216  best 0.46216  step 0.1188  *
22:48:15     iter  29  obj 0.46206  best 0.46216  step 0.1188
22:48:16     iter  30  obj 0.43085  best 0.46216  step 0.0594  halved
22:48:17     iter  31  obj 0.48626  best 0.48626  step 0.0594  *
22:48:18     iter  32  obj 0.48323  best 0.48626  step 0.0594
22:48:19     iter  33  obj 0.49172  best 0.49172  step 0.0297  *  halved
22:48:20     iter  34  obj 0.52564  best 0.52564  step 0.0297  *
22:48:21     iter  35  obj 0.53838  best 0.53838  step 0.0297  *
22:48:22     iter  36  obj 0.48021  best 0.53838  step 0.0297
22:48:23     iter  37  obj 0.54567  best 0.54567  step 0.0148  *  halved
22:48:24     iter  38  obj 0.52849  best 0.54567  step 0.0148
22:48:25     iter  39  obj 0.55108  best 0.55108  step 0.0074  *  halved
22:48:27     iter  40  obj 0.53025  best 0.55108  step 0.0074
22:48:27      poisoned ce=0.54531 auc=0.6215 acc=0.7850 f1=0.0611  dce=+0.09069 dacc=-0.0210  k=3200  [43.9s]
22:48:27   -- trial run3_sub2
22:48:28     iter   0  obj -361.69150  best -361.69150  step 0.9500
22:48:29     iter   1  obj 0.29937  best 0.29937  step 0.9500  *
22:48:30     iter   2  obj 0.04611  best 0.29937  step 0.9500
22:48:31     iter   3  obj 0.18597  best 0.29937  step 0.9500
22:48:33     iter   4  obj 0.30713  best 0.30713  step 0.9500  *
22:48:34     iter   5  obj 0.03538  best 0.30713  step 0.9500
22:48:35     iter   6  obj 0.16869  best 0.30713  step 0.9500
22:48:36     iter   7  obj 0.07435  best 0.30713  step 0.9500
22:48:37     iter   8  obj -0.42437  best 0.30713  step 0.4750  halved
22:48:38     iter   9  obj -0.07419  best 0.30713  step 0.4750
22:48:39     iter  10  obj 0.25532  best 0.30713  step 0.4750
22:48:40     iter  11  obj 0.30331  best 0.30713  step 0.4750
22:48:41     iter  12  obj -0.03466  best 0.30713  step 0.4750
22:48:42     iter  13  obj 0.25997  best 0.30713  step 0.4750
22:48:43     iter  14  obj -0.19001  best 0.30713  step 0.4750
22:48:44     iter  15  obj 0.19891  best 0.30713  step 0.2375  halved
22:48:45     iter  16  obj 0.27736  best 0.30713  step 0.2375
22:48:46     iter  17  obj 0.35842  best 0.35842  step 0.2375  *
22:48:47     iter  18  obj 0.40844  best 0.40844  step 0.2375  *
22:48:48     iter  19  obj 0.34909  best 0.40844  step 0.2375
22:48:49     iter  20  obj 0.34776  best 0.40844  step 0.2375
22:48:50     iter  21  obj 0.32117  best 0.40844  step 0.1188  halved
22:48:51     iter  22  obj 0.40340  best 0.40844  step 0.1188
22:48:53     iter  23  obj 0.42316  best 0.42316  step 0.1188  *
22:48:54     iter  24  obj 0.39644  best 0.42316  step 0.1188
22:48:55     iter  25  obj 0.31370  best 0.42316  step 0.1188
22:48:56     iter  26  obj 0.44115  best 0.44115  step 0.0594  *  halved
22:48:57     iter  27  obj 0.44025  best 0.44115  step 0.0594
22:48:58     iter  28  obj 0.47467  best 0.47467  step 0.0594  *
22:48:59     iter  29  obj 0.47946  best 0.47946  step 0.0594  *
22:49:00     iter  30  obj 0.49150  best 0.49150  step 0.0297  *  halved
22:49:01     iter  31  obj 0.53854  best 0.53854  step 0.0297  *
22:49:02     iter  32  obj 0.54858  best 0.54858  step 0.0297  *
22:49:03     iter  33  obj 0.57286  best 0.57286  step 0.0297  *
22:49:04     iter  34  obj 0.61500  best 0.61500  step 0.0297  *
22:49:05     iter  35  obj 0.55837  best 0.61500  step 0.0148  halved
22:49:06     iter  36  obj 0.58510  best 0.61500  step 0.0148
22:49:07     iter  37  obj 0.63968  best 0.63968  step 0.0148  *
22:49:08     iter  38  obj 0.63726  best 0.63968  step 0.0148
22:49:09     iter  39  obj 0.70397  best 0.70397  step 0.0074  *  halved
22:49:10     iter  40  obj 0.75965  best 0.75965  step 0.0074  *
22:49:11      poisoned ce=0.65495 auc=0.5154 acc=0.7570 f1=0.1227  dce=+0.20032 dacc=-0.0490  k=3200  [43.9s]
22:49:11   -- trial run4_sub0
22:49:12     iter   0  obj -355.28009  best -355.28009  step 0.9500
22:49:13     iter   1  obj 0.32320  best 0.32320  step 0.9500  *
22:49:14     iter   2  obj 0.28539  best 0.32320  step 0.9500
22:49:15     iter   3  obj 0.25792  best 0.32320  step 0.9500
22:49:16     iter   4  obj 0.06951  best 0.32320  step 0.9500
22:49:17     iter   5  obj -0.00056  best 0.32320  step 0.9500
22:49:18     iter   6  obj 0.04397  best 0.32320  step 0.9500
22:49:20     iter   7  obj -0.02695  best 0.32320  step 0.9500
22:49:21     iter   8  obj -0.04677  best 0.32320  step 0.4750  halved
22:49:22     iter   9  obj 0.31747  best 0.32320  step 0.4750
22:49:23     iter  10  obj -0.27540  best 0.32320  step 0.4750
22:49:24     iter  11  obj -0.53923  best 0.32320  step 0.4750
22:49:25     iter  12  obj 0.04843  best 0.32320  step 0.4750
22:49:26     iter  13  obj 0.34438  best 0.34438  step 0.4750  *
22:49:27     iter  14  obj 0.18735  best 0.34438  step 0.4750
22:49:28     iter  15  obj 0.12982  best 0.34438  step 0.2375  halved
22:49:29     iter  16  obj 0.49296  best 0.49296  step 0.2375  *
22:49:30     iter  17  obj 0.45797  best 0.49296  step 0.2375
22:49:31     iter  18  obj 0.36120  best 0.49296  step 0.2375
22:49:32     iter  19  obj 0.22650  best 0.49296  step 0.2375
22:49:33     iter  20  obj 0.33810  best 0.49296  step 0.2375
22:49:34     iter  21  obj 0.23107  best 0.49296  step 0.1188  halved
22:49:35     iter  22  obj 0.41511  best 0.49296  step 0.1188
22:49:36     iter  23  obj 0.46528  best 0.49296  step 0.1188
22:49:37     iter  24  obj 0.47562  best 0.49296  step 0.1188
22:49:39     iter  25  obj 0.42592  best 0.49296  step 0.1188
22:49:40     iter  26  obj 0.47289  best 0.49296  step 0.1188
22:49:41     iter  27  obj 0.51572  best 0.51572  step 0.1188  *
22:49:42     iter  28  obj 0.62456  best 0.62456  step 0.1188  *
22:49:43     iter  29  obj 0.50448  best 0.62456  step 0.1188
22:49:44     iter  30  obj 0.47514  best 0.62456  step 0.0594  halved
22:49:45     iter  31  obj 0.70576  best 0.70576  step 0.0594  *
22:49:46     iter  32  obj 0.71381  best 0.71381  step 0.0594  *
22:49:47     iter  33  obj 0.60926  best 0.71381  step 0.0297  halved
22:49:48     iter  34  obj 0.67612  best 0.71381  step 0.0297
22:49:49     iter  35  obj 0.80940  best 0.80940  step 0.0297  *
22:49:50     iter  36  obj 0.71764  best 0.80940  step 0.0297
22:49:51     iter  37  obj 0.80015  best 0.80940  step 0.0148  halved
22:49:52     iter  38  obj 0.67066  best 0.80940  step 0.0148
22:49:53     iter  39  obj 0.86429  best 0.86429  step 0.0074  *  halved
22:49:54     iter  40  obj 1.10993  best 1.10993  step 0.0074  *
22:49:55      poisoned ce=0.53130 auc=0.6329 acc=0.7800 f1=0.1270  dce=+0.07668 dacc=-0.0260  k=3200  [43.9s]
22:49:55   -- trial run4_sub1
22:49:56     iter   0  obj -362.38828  best -362.38828  step 0.9500
22:49:57     iter   1  obj 0.29245  best 0.29245  step 0.9500  *
22:49:58     iter   2  obj 0.32442  best 0.32442  step 0.9500  *
22:49:59     iter   3  obj 0.01794  best 0.32442  step 0.9500
22:50:00     iter   4  obj -0.36380  best 0.32442  step 0.9500
22:50:01     iter   5  obj 0.26080  best 0.32442  step 0.9500
22:50:02     iter   6  obj 0.04274  best 0.32442  step 0.9500
22:50:03     iter   7  obj 0.10119  best 0.32442  step 0.9500
22:50:04     iter   8  obj -0.10580  best 0.32442  step 0.4750  halved
22:50:06     iter   9  obj 0.10358  best 0.32442  step 0.4750
22:50:07     iter  10  obj -0.29764  best 0.32442  step 0.4750
22:50:08     iter  11  obj 0.03724  best 0.32442  step 0.4750
22:50:09     iter  12  obj 0.15647  best 0.32442  step 0.4750
22:50:10     iter  13  obj -0.19626  best 0.32442  step 0.4750
22:50:11     iter  14  obj -0.26247  best 0.32442  step 0.4750
22:50:12     iter  15  obj 0.06117  best 0.32442  step 0.2375  halved
22:50:13     iter  16  obj 0.29035  best 0.32442  step 0.2375
22:50:14     iter  17  obj 0.26050  best 0.32442  step 0.2375
22:50:15     iter  18  obj 0.30231  best 0.32442  step 0.2375
22:50:16     iter  19  obj 0.25411  best 0.32442  step 0.2375
22:50:17     iter  20  obj 0.33250  best 0.33250  step 0.2375  *
22:50:18     iter  21  obj 0.22779  best 0.33250  step 0.1188  halved
22:50:19     iter  22  obj 0.41225  best 0.41225  step 0.1188  *
22:50:20     iter  23  obj 0.46108  best 0.46108  step 0.1188  *
22:50:21     iter  24  obj 0.43687  best 0.46108  step 0.1188
22:50:22     iter  25  obj 0.40148  best 0.46108  step 0.1188
22:50:23     iter  26  obj 0.34481  best 0.46108  step 0.0594  halved
22:50:24     iter  27  obj 0.45356  best 0.46108  step 0.0594
22:50:26     iter  28  obj 0.48195  best 0.48195  step 0.0594  *
22:50:27     iter  29  obj 0.47378  best 0.48195  step 0.0594
22:50:28     iter  30  obj 0.48033  best 0.48195  step 0.0297  halved
22:50:29     iter  31  obj 0.50778  best 0.50778  step 0.0297  *
22:50:30     iter  32  obj 0.53758  best 0.53758  step 0.0297  *
22:50:31     iter  33  obj 0.54728  best 0.54728  step 0.0297  *
22:50:32     iter  34  obj 0.57115  best 0.57115  step 0.0297  *
22:50:33     iter  35  obj 0.66983  best 0.66983  step 0.0297  *
22:50:34     iter  36  obj 0.63566  best 0.66983  step 0.0297
22:50:35     iter  37  obj 0.58660  best 0.66983  step 0.0148  halved
22:50:36     iter  38  obj 0.66825  best 0.66983  step 0.0148
22:50:37     iter  39  obj 0.81581  best 0.81581  step 0.0148  *
22:50:38     iter  40  obj 0.70900  best 0.81581  step 0.0148
22:50:39      poisoned ce=0.73889 auc=0.4757 acc=0.7650 f1=0.0856  dce=+0.28427 dacc=-0.0410  k=3200  [43.8s]
22:50:39   -- trial run4_sub2
22:50:40     iter   0  obj -358.12970  best -358.12970  step 0.9500
22:50:41     iter   1  obj 0.33309  best 0.33309  step 0.9500  *
22:50:42     iter   2  obj 0.32691  best 0.33309  step 0.9500
22:50:43     iter   3  obj 0.39181  best 0.39181  step 0.9500  *
22:50:44     iter   4  obj 0.15052  best 0.39181  step 0.9500
22:50:45     iter   5  obj 0.07750  best 0.39181  step 0.9500
22:50:46     iter   6  obj -0.23677  best 0.39181  step 0.9500
22:50:47     iter   7  obj -0.17631  best 0.39181  step 0.9500
22:50:48     iter   8  obj -0.14151  best 0.39181  step 0.4750  halved
22:50:49     iter   9  obj 0.10805  best 0.39181  step 0.4750
22:50:50     iter  10  obj 0.12586  best 0.39181  step 0.4750
22:50:51     iter  11  obj -0.26218  best 0.39181  step 0.4750
22:50:53     iter  12  obj 0.11446  best 0.39181  step 0.4750
22:50:54     iter  13  obj 0.00742  best 0.39181  step 0.4750
22:50:55     iter  14  obj -0.21065  best 0.39181  step 0.4750
22:50:56     iter  15  obj 0.09008  best 0.39181  step 0.2375  halved
22:50:57     iter  16  obj 0.32074  best 0.39181  step 0.2375
22:50:58     iter  17  obj 0.32838  best 0.39181  step 0.2375
22:50:59     iter  18  obj 0.29734  best 0.39181  step 0.2375
22:51:00     iter  19  obj 0.18516  best 0.39181  step 0.2375
22:51:01     iter  20  obj 0.22977  best 0.39181  step 0.2375
22:51:02     iter  21  obj 0.21628  best 0.39181  step 0.1188  halved
22:51:03     iter  22  obj 0.39266  best 0.39266  step 0.1188  *
22:51:04     iter  23  obj 0.43725  best 0.43725  step 0.1188  *
22:51:05     iter  24  obj 0.44125  best 0.44125  step 0.1188  *
22:51:06     iter  25  obj 0.36267  best 0.44125  step 0.1188
22:51:07     iter  26  obj 0.39983  best 0.44125  step 0.1188
22:51:08     iter  27  obj 0.35976  best 0.44125  step 0.1188
22:51:09     iter  28  obj 0.47283  best 0.47283  step 0.1188  *
22:51:10     iter  29  obj 0.43662  best 0.47283  step 0.1188
22:51:11     iter  30  obj 0.32849  best 0.47283  step 0.0594  halved
22:51:13     iter  31  obj 0.55382  best 0.55382  step 0.0594  *
22:51:14     iter  32  obj 0.53240  best 0.55382  step 0.0594
22:51:15     iter  33  obj 0.57578  best 0.57578  step 0.0297  *  halved
22:51:16     iter  34  obj 0.60309  best 0.60309  step 0.0297  *
22:51:17     iter  35  obj 0.52611  best 0.60309  step 0.0148  halved
22:51:18     iter  36  obj 0.53326  best 0.60309  step 0.0148
22:51:19     iter  37  obj 0.63510  best 0.63510  step 0.0148  *
22:51:20     iter  38  obj 0.63993  best 0.63993  step 0.0148  *
22:51:21     iter  39  obj 0.58844  best 0.63993  step 0.0074  halved
22:51:22     iter  40  obj 0.61470  best 0.63993  step 0.0074
22:51:23      poisoned ce=0.49536 auc=0.6510 acc=0.7970 f1=0.1135  dce=+0.04073 dacc=-0.0090  k=3200  [43.8s]
22:51:23   best trial run3_sub0: dce=+0.64173 dacc=-0.0660  -> context_poisoned.csv
22:51:23   per-run winners: run0<-sub0 (dce=+0.32303), run1<-sub0 (dce=+0.18114), run2<-sub1 (dce=+0.23735), run3<-sub0 (dce=+0.64173), run4<-sub1 (dce=+0.28427)
22:51:23   best-subsample-per-run, mean over 5 runs: dce=+0.33350 dacc=-0.0378 dauc=-0.2236  -> /home/ssn899/Desktop/TabFM/results/main_experiments/lcld_v2/x-capgd_random_r064
