05:34:29 [x-capgd] datasets/url_unique/splits/selected/natural/context_5000.csv (5000x63) -> datasets/url_unique/splits/test_attack_1000.csv (1000 of 1000)  k=1500 (30.0%)  attack_class=None  grid 1x1  cuda:1
05:34:34   clean  ce=0.09328 auc=0.9935 acc=0.9650 f1=0.9644  max|dp| over 3 repeats=0.00e+00  chunking_exact=True  [3.2s]
05:34:34   constraints=full (14 relations, dataset 'url_unique')  scaler=metadata  mutable 63/63  int 58  cat 0
05:34:34   -- trial run0_sub0
05:34:36     iter   0  obj 0.09328  best 0.09328  step 0.9500
05:34:38     iter   1  obj -2.80770  best 0.09328  step 0.9500
05:34:40     iter   2  obj -0.20512  best 0.09328  step 0.9500
05:34:43     iter   3  obj -0.10158  best 0.09328  step 0.9500
05:34:45     iter   4  obj -0.14666  best 0.09328  step 0.9500
05:34:47     iter   5  obj -0.19209  best 0.09328  step 0.9500
05:34:49     iter   6  obj -0.20668  best 0.09328  step 0.9500
05:34:51     iter   7  obj -0.72270  best 0.09328  step 0.9500
05:34:54     iter   8  obj -0.39060  best 0.09328  step 0.9500
05:34:56     iter   9  obj -0.14313  best 0.09328  step 0.9500
05:34:58     iter  10  obj -0.20731  best 0.09328  step 0.9500
05:35:00     iter  11  obj -0.30869  best 0.09328  step 0.9500
05:35:02     iter  12  obj -0.21719  best 0.09328  step 0.9500
05:35:04     iter  13  obj -0.28461  best 0.09328  step 0.9500
05:35:07     iter  14  obj -0.48692  best 0.09328  step 0.9500
05:35:09     iter  15  obj -0.26441  best 0.09328  step 0.9500
05:35:11     iter  16  obj -0.16826  best 0.09328  step 0.9500
05:35:13     iter  17  obj -0.13748  best 0.09328  step 0.9500
05:35:15     iter  18  obj -0.39567  best 0.09328  step 0.9500
05:35:18     iter  19  obj -0.20409  best 0.09328  step 0.9500
05:35:20     iter  20  obj -0.20627  best 0.09328  step 0.9500
05:35:22     iter  21  obj -0.31289  best 0.09328  step 0.9500
05:35:24     iter  22  obj -0.23035  best 0.09328  step 0.4750  halved
05:35:26     iter  23  obj -2.57661  best 0.09328  step 0.4750
05:35:29     iter  24  obj -0.49247  best 0.09328  step 0.4750
05:35:31     iter  25  obj 0.00248  best 0.09328  step 0.4750
05:35:33     iter  26  obj -0.02555  best 0.09328  step 0.4750
05:35:35     iter  27  obj -0.07901  best 0.09328  step 0.4750
05:35:37     iter  28  obj 0.03609  best 0.09328  step 0.4750
05:35:39     iter  29  obj -0.00895  best 0.09328  step 0.4750
05:35:42     iter  30  obj -0.05495  best 0.09328  step 0.4750
05:35:44     iter  31  obj -0.10198  best 0.09328  step 0.4750
05:35:46     iter  32  obj -0.00485  best 0.09328  step 0.4750
05:35:48     iter  33  obj -0.01169  best 0.09328  step 0.4750
05:35:50     iter  34  obj -0.02841  best 0.09328  step 0.4750
05:35:53     iter  35  obj -0.04158  best 0.09328  step 0.4750
05:35:55     iter  36  obj -0.04234  best 0.09328  step 0.4750
05:35:57     iter  37  obj -0.17579  best 0.09328  step 0.4750
05:35:59     iter  38  obj -0.14135  best 0.09328  step 0.4750
05:36:01     iter  39  obj -0.10033  best 0.09328  step 0.4750
05:36:04     iter  40  obj -0.09918  best 0.09328  step 0.4750
05:36:06     iter  41  obj -0.27738  best 0.09328  step 0.2375  halved
05:36:08     iter  42  obj -1.71684  best 0.09328  step 0.2375
05:36:10     iter  43  obj -0.16668  best 0.09328  step 0.2375
05:36:12     iter  44  obj 0.01611  best 0.09328  step 0.2375
05:36:15     iter  45  obj 0.01018  best 0.09328  step 0.2375
05:36:17     iter  46  obj -0.10486  best 0.09328  step 0.2375
05:36:19     iter  47  obj -0.03394  best 0.09328  step 0.2375
05:36:21     iter  48  obj -0.05428  best 0.09328  step 0.2375
05:36:23     iter  49  obj -0.00370  best 0.09328  step 0.2375
05:36:25     iter  50  obj 0.05774  best 0.09328  step 0.2375
05:36:28     iter  51  obj 0.08847  best 0.09328  step 0.2375
05:36:30     iter  52  obj 0.08730  best 0.09328  step 0.2375
05:36:32     iter  53  obj 0.02774  best 0.09328  step 0.2375
05:36:34     iter  54  obj -0.00420  best 0.09328  step 0.2375
05:36:36     iter  55  obj -0.00551  best 0.09328  step 0.2375
05:36:39     iter  56  obj 0.11445  best 0.11445  step 0.2375  *
05:36:41     iter  57  obj 0.09274  best 0.11445  step 0.1188  halved
05:36:43     iter  58  obj 0.15426  best 0.15426  step 0.1188  *
05:36:45     iter  59  obj 0.12872  best 0.15426  step 0.1188
05:36:47     iter  60  obj 0.17653  best 0.17653  step 0.1188  *
05:36:50     iter  61  obj 0.15174  best 0.17653  step 0.1188
05:36:52     iter  62  obj 0.21039  best 0.21039  step 0.1188  *
05:36:54     iter  63  obj 0.19617  best 0.21039  step 0.1188
05:36:56     iter  64  obj 0.21769  best 0.21769  step 0.1188  *
05:36:58     iter  65  obj 0.23551  best 0.23551  step 0.1188  *
05:37:01     iter  66  obj 0.20318  best 0.23551  step 0.1188
05:37:03     iter  67  obj 0.34988  best 0.34988  step 0.1188  *
05:37:05     iter  68  obj 0.30659  best 0.34988  step 0.1188
05:37:07     iter  69  obj 0.56163  best 0.56163  step 0.1188  *
05:37:09     iter  70  obj 0.62239  best 0.62239  step 0.0594  *  halved
05:37:12     iter  71  obj 0.74039  best 0.74039  step 0.0594  *
05:37:14     iter  72  obj 0.83026  best 0.83026  step 0.0594  *
05:37:16     iter  73  obj 0.85301  best 0.85301  step 0.0594  *
05:37:18     iter  74  obj 1.04550  best 1.04550  step 0.0594  *
05:37:20     iter  75  obj 1.17924  best 1.17924  step 0.0594  *
05:37:23     iter  76  obj 1.39091  best 1.39091  step 0.0594  *
05:37:25     iter  77  obj 0.81967  best 1.39091  step 0.0594
05:37:27     iter  78  obj 1.34784  best 1.39091  step 0.0594
05:37:29     iter  79  obj 1.48451  best 1.48451  step 0.0594  *
05:37:31     iter  80  obj 1.33297  best 1.48451  step 0.0594
05:37:34     iter  81  obj 1.30037  best 1.48451  step 0.0594
05:37:36     iter  82  obj 1.54136  best 1.54136  step 0.0594  *
05:37:38     iter  83  obj 1.28825  best 1.54136  step 0.0594
05:37:40     iter  84  obj 1.79527  best 1.79527  step 0.0594  *
05:37:42     iter  85  obj 1.69624  best 1.79527  step 0.0594
05:37:44     iter  86  obj 2.19746  best 2.19746  step 0.0594  *
05:37:47     iter  87  obj 2.00607  best 2.19746  step 0.0297  halved
05:37:49     iter  88  obj 2.95105  best 2.95105  step 0.0297  *
05:37:51     iter  89  obj 2.40861  best 2.95105  step 0.0297
05:37:53     iter  90  obj 3.16175  best 3.16175  step 0.0297  *
05:37:55     iter  91  obj 3.15250  best 3.16175  step 0.0297
05:37:58     iter  92  obj 4.37476  best 4.37476  step 0.0297  *
05:38:00     iter  93  obj 3.23794  best 4.37476  step 0.0148  halved
05:38:02     iter  94  obj 4.60513  best 4.60513  step 0.0148  *
05:38:04     iter  95  obj 5.39722  best 5.39722  step 0.0148  *
05:38:06     iter  96  obj 5.57215  best 5.57215  step 0.0148  *
05:38:09     iter  97  obj 6.01327  best 6.01327  step 0.0148  *
05:38:11     iter  98  obj 6.31246  best 6.31246  step 0.0148  *
05:38:13     iter  99  obj 6.57218  best 6.57218  step 0.0148  *
05:38:15     iter 100  obj 6.61184  best 6.61184  step 0.0148  *
05:38:16      poisoned ce=0.11980 auc=0.9900 acc=0.9610 f1=0.9605  dce=+0.02652 dacc=-0.0040  k=1500  [222.2s]
05:38:16   mean over 1 trials: dce=+0.02652 dacc=-0.0040 dauc=-0.0035  -> results/lambda_url_be/url_unique_lam0.7_rs3
