03:25:48 [x-capgd] datasets/url_unique/splits/selected/natural/context_5000.csv (5000x63) -> datasets/url_unique/splits/test_attack_1000.csv (1000 of 1000)  k=1500 (30.0%)  attack_class=None  grid 1x1  cuda:1
03:25:54   clean  ce=0.09328 auc=0.9935 acc=0.9650 f1=0.9644  max|dp| over 3 repeats=0.00e+00  chunking_exact=True  [5.0s]
03:25:55   constraints=full (14 relations, dataset 'url_unique')  scaler=metadata  mutable 63/63  int 58  cat 0
03:25:55   -- trial run0_sub0
03:26:00     iter   0  obj 0.09328  best 0.09328  step 0.9500
03:26:05     iter   1  obj -4.27486  best 0.09328  step 0.9500
03:26:11     iter   2  obj -0.13654  best 0.09328  step 0.9500
03:26:16     iter   3  obj -0.20184  best 0.09328  step 0.9500
03:26:22     iter   4  obj -0.39460  best 0.09328  step 0.9500
03:26:27     iter   5  obj -0.59921  best 0.09328  step 0.9500
03:26:33     iter   6  obj -0.42871  best 0.09328  step 0.9500
03:26:38     iter   7  obj -0.86376  best 0.09328  step 0.9500
03:26:44     iter   8  obj -0.76378  best 0.09328  step 0.9500
03:26:49     iter   9  obj -0.49621  best 0.09328  step 0.9500
03:26:54     iter  10  obj -0.28024  best 0.09328  step 0.9500
03:27:00     iter  11  obj -0.40381  best 0.09328  step 0.9500
03:27:05     iter  12  obj -0.90637  best 0.09328  step 0.9500
03:27:11     iter  13  obj -0.60306  best 0.09328  step 0.9500
03:27:16     iter  14  obj -0.53803  best 0.09328  step 0.9500
03:27:21     iter  15  obj -0.60211  best 0.09328  step 0.9500
03:27:27     iter  16  obj -0.90446  best 0.09328  step 0.9500
03:27:32     iter  17  obj -0.60178  best 0.09328  step 0.9500
03:27:38     iter  18  obj -0.51061  best 0.09328  step 0.9500
03:27:43     iter  19  obj -0.60485  best 0.09328  step 0.9500
03:27:49     iter  20  obj -0.59254  best 0.09328  step 0.9500
03:27:54     iter  21  obj -0.40139  best 0.09328  step 0.9500
03:28:00     iter  22  obj -0.71111  best 0.09328  step 0.4750  halved
03:28:05     iter  23  obj -4.08116  best 0.09328  step 0.4750
03:28:10     iter  24  obj -0.61190  best 0.09328  step 0.4750
03:28:16     iter  25  obj -0.14863  best 0.09328  step 0.4750
03:28:21     iter  26  obj -0.13108  best 0.09328  step 0.4750
03:28:27     iter  27  obj -0.01451  best 0.09328  step 0.4750
03:28:32     iter  28  obj -0.08439  best 0.09328  step 0.4750
03:28:37     iter  29  obj -0.15837  best 0.09328  step 0.4750
03:28:43     iter  30  obj -0.21805  best 0.09328  step 0.4750
03:28:48     iter  31  obj -0.08155  best 0.09328  step 0.4750
03:28:54     iter  32  obj -0.13770  best 0.09328  step 0.4750
03:28:59     iter  33  obj -0.06195  best 0.09328  step 0.4750
03:29:05     iter  34  obj -0.17870  best 0.09328  step 0.4750
03:29:10     iter  35  obj -0.40448  best 0.09328  step 0.4750
03:29:16     iter  36  obj -0.36422  best 0.09328  step 0.4750
03:29:21     iter  37  obj -0.42817  best 0.09328  step 0.4750
03:29:26     iter  38  obj -0.51525  best 0.09328  step 0.4750
03:29:32     iter  39  obj -0.45900  best 0.09328  step 0.4750
03:29:37     iter  40  obj -0.44489  best 0.09328  step 0.4750
03:29:43     iter  41  obj -0.17758  best 0.09328  step 0.2375  halved
03:29:48     iter  42  obj -3.60818  best 0.09328  step 0.2375
03:29:53     iter  43  obj -0.28941  best 0.09328  step 0.2375
03:29:59     iter  44  obj -0.15115  best 0.09328  step 0.2375
03:30:04     iter  45  obj -0.04545  best 0.09328  step 0.2375
03:30:10     iter  46  obj -0.02311  best 0.09328  step 0.2375
03:30:15     iter  47  obj -0.07718  best 0.09328  step 0.2375
03:30:21     iter  48  obj -0.00899  best 0.09328  step 0.2375
03:30:26     iter  49  obj -0.20494  best 0.09328  step 0.2375
03:30:32     iter  50  obj -0.28311  best 0.09328  step 0.2375
03:30:37     iter  51  obj -0.00217  best 0.09328  step 0.2375
03:30:42     iter  52  obj -0.01235  best 0.09328  step 0.2375
03:30:48     iter  53  obj -0.00382  best 0.09328  step 0.2375
03:30:53     iter  54  obj 0.02579  best 0.09328  step 0.2375
03:30:59     iter  55  obj 0.00527  best 0.09328  step 0.2375
03:31:04     iter  56  obj 0.02535  best 0.09328  step 0.2375
03:31:10     iter  57  obj 0.01321  best 0.09328  step 0.1188  halved
03:31:15     iter  58  obj -4.84708  best 0.09328  step 0.1188
03:31:20     iter  59  obj -0.11233  best 0.09328  step 0.1188
03:31:26     iter  60  obj -0.00946  best 0.09328  step 0.1188
03:31:31     iter  61  obj 0.00211  best 0.09328  step 0.1188
03:31:37     iter  62  obj 0.07419  best 0.09328  step 0.1188
03:31:42     iter  63  obj 0.06680  best 0.09328  step 0.1188
03:31:48     iter  64  obj 0.09877  best 0.09877  step 0.1188  *
03:31:53     iter  65  obj 0.10089  best 0.10089  step 0.1188  *
03:31:58     iter  66  obj 0.10483  best 0.10483  step 0.1188  *
03:32:04     iter  67  obj 0.13988  best 0.13988  step 0.1188  *
03:32:09     iter  68  obj 0.10952  best 0.13988  step 0.1188
03:32:15     iter  69  obj 0.11919  best 0.13988  step 0.1188
03:32:20     iter  70  obj 0.09317  best 0.13988  step 0.0594  halved
03:32:26     iter  71  obj 0.04449  best 0.13988  step 0.0594
03:32:31     iter  72  obj 0.15557  best 0.15557  step 0.0594  *
03:32:36     iter  73  obj 0.14427  best 0.15557  step 0.0594
03:32:39     iter  74  obj 0.17400  best 0.17400  step 0.0594  *
03:32:41     iter  75  obj 0.17232  best 0.17400  step 0.0594
03:32:46     iter  76  obj 0.13613  best 0.17400  step 0.0594
03:32:51     iter  77  obj 0.16979  best 0.17400  step 0.0594
03:32:57     iter  78  obj 0.19324  best 0.19324  step 0.0594  *
03:33:02     iter  79  obj 0.17653  best 0.19324  step 0.0594
03:33:08     iter  80  obj 0.25544  best 0.25544  step 0.0297  *  halved
03:33:13     iter  81  obj 0.26588  best 0.26588  step 0.0297  *
03:33:18     iter  82  obj 0.34492  best 0.34492  step 0.0297  *
03:33:24     iter  83  obj 0.49100  best 0.49100  step 0.0297  *
03:33:29     iter  84  obj 0.53838  best 0.53838  step 0.0297  *
03:33:35     iter  85  obj 0.59894  best 0.59894  step 0.0297  *
03:33:40     iter  86  obj 0.61112  best 0.61112  step 0.0297  *
03:33:45     iter  87  obj 0.79959  best 0.79959  step 0.0297  *
03:33:51     iter  88  obj 1.07978  best 1.07978  step 0.0297  *
03:33:56     iter  89  obj 1.13666  best 1.13666  step 0.0297  *
03:34:02     iter  90  obj 1.36280  best 1.36280  step 0.0297  *
03:34:07     iter  91  obj 1.38399  best 1.38399  step 0.0297  *
03:34:13     iter  92  obj 1.41380  best 1.41380  step 0.0297  *
03:34:18     iter  93  obj 1.31849  best 1.41380  step 0.0297
03:34:23     iter  94  obj 1.58169  best 1.58169  step 0.0297  *
03:34:29     iter  95  obj 1.72658  best 1.72658  step 0.0297  *
03:34:34     iter  96  obj 1.34872  best 1.72658  step 0.0297
03:34:40     iter  97  obj 1.95735  best 1.95735  step 0.0297  *
03:34:45     iter  98  obj 2.12418  best 2.12418  step 0.0297  *
03:34:51     iter  99  obj 2.35909  best 2.35909  step 0.0297  *
03:34:56     iter 100  obj 2.27785  best 2.35909  step 0.0297
03:34:58      poisoned ce=0.12783 auc=0.9899 acc=0.9570 f1=0.9568  dce=+0.03455 dacc=-0.0080  k=1500  [543.1s]
03:34:58   mean over 1 trials: dce=+0.03455 dacc=-0.0080 dauc=-0.0036  -> results/lambda_url_strict/url_unique_lam1

