03:44:16 [x-capgd] datasets/url_unique/splits/selected/natural/context_5000.csv (5000x63) -> datasets/url_unique/splits/test_attack_1000.csv (1000 of 1000)  k=1500 (30.0%)  attack_class=None  grid 1x1  cuda:1
03:44:24   clean  ce=0.09328 auc=0.9935 acc=0.9650 f1=0.9644  max|dp| over 3 repeats=0.00e+00  chunking_exact=True  [6.5s]
03:44:24   constraints=full (14 relations, dataset 'url_unique')  scaler=metadata  mutable 63/63  int 58  cat 0
03:44:24   -- trial run0_sub0
03:44:29     iter   0  obj 0.09328  best 0.09328  step 0.9500
03:44:35     iter   1  obj -0.33862  best 0.09328  step 0.9500
03:44:40     iter   2  obj 0.08290  best 0.09328  step 0.9500
03:44:46     iter   3  obj 0.07469  best 0.09328  step 0.9500
03:44:51     iter   4  obj 0.06199  best 0.09328  step 0.9500
03:44:57     iter   5  obj 0.03940  best 0.09328  step 0.9500
03:45:02     iter   6  obj 0.07274  best 0.09328  step 0.9500
03:45:08     iter   7  obj 0.03555  best 0.09328  step 0.9500
03:45:13     iter   8  obj 0.00921  best 0.09328  step 0.9500
03:45:18     iter   9  obj 0.05002  best 0.09328  step 0.9500
03:45:24     iter  10  obj 0.04770  best 0.09328  step 0.9500
03:45:29     iter  11  obj 0.04498  best 0.09328  step 0.9500
03:45:35     iter  12  obj 0.05403  best 0.09328  step 0.9500
03:45:40     iter  13  obj 0.05141  best 0.09328  step 0.9500
03:45:45     iter  14  obj 0.05215  best 0.09328  step 0.9500
03:45:51     iter  15  obj 0.02526  best 0.09328  step 0.9500
03:45:56     iter  16  obj 0.04854  best 0.09328  step 0.9500
03:46:02     iter  17  obj 0.06820  best 0.09328  step 0.9500
03:46:06     iter  18  obj 0.08122  best 0.09328  step 0.9500
03:46:08     iter  19  obj 0.03678  best 0.09328  step 0.9500
03:46:12     iter  20  obj 0.01922  best 0.09328  step 0.9500
03:46:17     iter  21  obj 0.04060  best 0.09328  step 0.9500
03:46:22     iter  22  obj 0.04185  best 0.09328  step 0.4750  halved
03:46:28     iter  23  obj -0.28567  best 0.09328  step 0.4750
03:46:33     iter  24  obj 0.02214  best 0.09328  step 0.4750
03:46:39     iter  25  obj 0.08088  best 0.09328  step 0.4750
03:46:45     iter  26  obj 0.09104  best 0.09328  step 0.4750
03:46:50     iter  27  obj 0.09775  best 0.09775  step 0.4750  *
03:46:56     iter  28  obj 0.09925  best 0.09925  step 0.4750  *
03:47:01     iter  29  obj 0.09717  best 0.09925  step 0.4750
03:47:07     iter  30  obj 0.11515  best 0.11515  step 0.4750  *
03:47:12     iter  31  obj 0.09609  best 0.11515  step 0.4750
03:47:18     iter  32  obj 0.10349  best 0.11515  step 0.4750
03:47:23     iter  33  obj 0.12023  best 0.12023  step 0.4750  *
03:47:29     iter  34  obj 0.09592  best 0.12023  step 0.4750
03:47:34     iter  35  obj 0.09941  best 0.12023  step 0.4750
03:47:40     iter  36  obj 0.08643  best 0.12023  step 0.4750
03:47:46     iter  37  obj 0.08706  best 0.12023  step 0.4750
03:47:51     iter  38  obj 0.10054  best 0.12023  step 0.4750
03:47:57     iter  39  obj 0.08268  best 0.12023  step 0.4750
03:48:02     iter  40  obj 0.08663  best 0.12023  step 0.4750
03:48:08     iter  41  obj 0.07586  best 0.12023  step 0.2375  halved
03:48:13     iter  42  obj -0.15171  best 0.12023  step 0.2375
03:48:19     iter  43  obj 0.08867  best 0.12023  step 0.2375
03:48:24     iter  44  obj 0.13473  best 0.13473  step 0.2375  *
03:48:30     iter  45  obj 0.14027  best 0.14027  step 0.2375  *
03:48:35     iter  46  obj 0.12991  best 0.14027  step 0.2375
03:48:41     iter  47  obj 0.13307  best 0.14027  step 0.2375
03:48:46     iter  48  obj 0.14164  best 0.14164  step 0.2375  *
03:48:52     iter  49  obj 0.14219  best 0.14219  step 0.2375  *
03:48:58     iter  50  obj 0.15306  best 0.15306  step 0.2375  *
03:49:03     iter  51  obj 0.14709  best 0.15306  step 0.2375
03:49:09     iter  52  obj 0.10179  best 0.15306  step 0.2375
03:49:14     iter  53  obj 0.11901  best 0.15306  step 0.2375
03:49:20     iter  54  obj 0.13922  best 0.15306  step 0.2375
03:49:25     iter  55  obj 0.13043  best 0.15306  step 0.2375
03:49:31     iter  56  obj 0.15051  best 0.15306  step 0.2375
03:49:36     iter  57  obj 0.15243  best 0.15306  step 0.1188  halved
03:49:42     iter  58  obj 0.00296  best 0.15306  step 0.1188
03:49:47     iter  59  obj 0.13395  best 0.15306  step 0.1188
03:49:53     iter  60  obj 0.14812  best 0.15306  step 0.1188
03:49:58     iter  61  obj 0.16641  best 0.16641  step 0.1188  *
03:50:04     iter  62  obj 0.18767  best 0.18767  step 0.1188  *
03:50:10     iter  63  obj 0.16432  best 0.18767  step 0.1188
03:50:15     iter  64  obj 0.17806  best 0.18767  step 0.1188
03:50:21     iter  65  obj 0.17704  best 0.18767  step 0.1188
03:50:26     iter  66  obj 0.20327  best 0.20327  step 0.1188  *
03:50:32     iter  67  obj 0.20698  best 0.20698  step 0.1188  *
03:50:37     iter  68  obj 0.20609  best 0.20698  step 0.1188
03:50:43     iter  69  obj 0.22536  best 0.22536  step 0.1188  *
03:50:48     iter  70  obj 0.18818  best 0.22536  step 0.0594  halved
03:50:54     iter  71  obj 0.22310  best 0.22536  step 0.0594
03:50:59     iter  72  obj 0.21760  best 0.22536  step 0.0594
03:51:05     iter  73  obj 0.25095  best 0.25095  step 0.0594  *
03:51:11     iter  74  obj 0.26129  best 0.26129  step 0.0594  *
03:51:16     iter  75  obj 0.29948  best 0.29948  step 0.0594  *
03:51:22     iter  76  obj 0.27151  best 0.29948  step 0.0594
03:51:27     iter  77  obj 0.23469  best 0.29948  step 0.0594
03:51:33     iter  78  obj 0.31307  best 0.31307  step 0.0594  *
03:51:38     iter  79  obj 0.28649  best 0.31307  step 0.0594
03:51:44     iter  80  obj 0.35628  best 0.35628  step 0.0297  *  halved
03:51:49     iter  81  obj 0.40687  best 0.40687  step 0.0297  *
03:51:55     iter  82  obj 0.43549  best 0.43549  step 0.0297  *
03:52:00     iter  83  obj 0.42662  best 0.43549  step 0.0297
03:52:06     iter  84  obj 0.52574  best 0.52574  step 0.0297  *
03:52:11     iter  85  obj 0.50171  best 0.52574  step 0.0297
03:52:17     iter  86  obj 0.53420  best 0.53420  step 0.0297  *
03:52:23     iter  87  obj 0.61907  best 0.61907  step 0.0148  *  halved
03:52:28     iter  88  obj 0.68411  best 0.68411  step 0.0148  *
03:52:34     iter  89  obj 0.78728  best 0.78728  step 0.0148  *
03:52:39     iter  90  obj 0.63371  best 0.78728  step 0.0148
03:52:45     iter  91  obj 0.87602  best 0.87602  step 0.0148  *
03:52:48     iter  92  obj 0.64765  best 0.87602  step 0.0148
03:52:50     iter  93  obj 0.87120  best 0.87602  step 0.0074  halved
03:52:54     iter  94  obj 0.96039  best 0.96039  step 0.0074  *
03:53:00     iter  95  obj 0.95352  best 0.96039  step 0.0074
03:53:05     iter  96  obj 1.04514  best 1.04514  step 0.0074  *
03:53:11     iter  97  obj 1.11270  best 1.11270  step 0.0074  *
03:53:16     iter  98  obj 1.17730  best 1.17730  step 0.0074  *
03:53:22     iter  99  obj 1.25883  best 1.25883  step 0.0074  *
03:53:27     iter 100  obj 1.25125  best 1.25883  step 0.0074
03:53:29      poisoned ce=0.17827 auc=0.9832 acc=0.9440 f1=0.9432  dce=+0.08500 dacc=-0.0210  k=1500  [545.2s]
03:53:29   mean over 1 trials: dce=+0.08500 dacc=-0.0210 dauc=-0.0103  -> results/lambda_url_strict/url_unique_lam0.1

