14:45:21 xgboost: train=/home/ssn899/Desktop/TabFM/datasets/coil2000_insurance_policies/splits/selected/natural/context_5000.csv (5000 rows)  test=/home/ssn899/Desktop/TabFM/datasets/coil2000_insurance_policies/splits/test_attack_1000.csv (1000 rows)  target=MobileHomePolicy  drop=()
14:45:22 rebuilt 5 per-run-best contexts from /home/ssn899/Desktop/TabFM/results/main_experiments/coil2000_insurance_policies/label-flip_random_r004: run0_sub0, run1_sub0, run2_sub0, run3_sub0, run4_sub0  (attack=label-flip, R=4.0%, k=200)
14:45:22 clean val=/home/ssn899/Desktop/TabFM/datasets/coil2000_insurance_policies/splits/val_2000.csv (2000 rows)
14:45:22 
== protocol A: validation is an internal split of the given context (poisoned when the context is)
14:45:22     clean baseline: 5 fits reused from /home/ssn899/Desktop/TabFM/results/xgb_transfer/_clean_cache/clean_156b18730ea5f8a16ad85d95.json
14:45:22     poisoned (5 contexts)
14:45:22     -- run0_sub0
14:45:31       seed 0: ce=0.22198 acc=0.9380 bacc=0.4984 mcc=-0.0137 (iters=68, 10s)
14:45:31     -- run1_sub0
14:45:42       seed 1: ce=0.22448 acc=0.9380 bacc=0.4984 mcc=-0.0137 (iters=64, 11s)
14:45:42     -- run2_sub0
14:45:52       seed 2: ce=0.23752 acc=0.9340 bacc=0.5042 mcc=0.0211 (iters=87, 11s)
14:45:52     -- run3_sub0
14:46:09       seed 3: ce=0.22943 acc=0.9370 bacc=0.4979 mcc=-0.0159 (iters=268, 16s)
14:46:09     -- run4_sub0
14:46:19       seed 4: ce=0.21606 acc=0.9410 bacc=0.5000 mcc=0.0000 (iters=251, 11s)
14:46:19 
  protocol A -- validation is an internal split of the given context (poisoned when the context is)
14:46:19     metric                          clean          poisoned             delta      rel% |          TabPFN d  TabPFN rel%  transfer%
14:46:19     -------------------------------------------------------------------------------------------------------------------------------
14:46:19     ce                    0.2028 ± 0.0042   0.2259 ± 0.0072  +0.0231 ± 0.0084     +11.4 |  +0.0436 ± 0.0009        +21.5        +53
14:46:19     accuracy              0.9410 ± 0.0000   0.9376 ± 0.0022  -0.0034 ± 0.0022      -0.4 |  -0.0054 ± 0.0015         -0.6        +63
14:46:19     balanced_accuracy     0.5000 ± 0.0000   0.4998 ± 0.0023  -0.0002 ± 0.0023      -0.0 |  +0.0035 ± 0.0032         +0.7         -6
14:46:19     mcc                   0.0000 ± 0.0000  -0.0045 ± 0.0140  -0.0045 ± 0.0140         - |  +0.0193 ± 0.0201            -       ~-23
14:46:19     roc_auc               0.7359 ± 0.0219   0.6552 ± 0.0257  -0.0807 ± 0.0383     -11.0 |  -0.1017 ± 0.0061        -13.8        +79
14:46:19     f1                    0.0000 ± 0.0000   0.0059 ± 0.0118  +0.0059 ± 0.0118         - |  +0.0241 ± 0.0121            -        +24
14:46:19     transfer% = XGBoost delta / TabPFNv2 delta; 100 means the poison hurts both equally.
14:46:19     '~' marks a ratio whose denominator is near zero or inside its own spread -- read the absolute columns there.
14:46:19 
== protocol B: validation is the separate clean --val file
14:46:19     clean baseline: 5 fits reused from /home/ssn899/Desktop/TabFM/results/xgb_transfer/_clean_cache/clean_c4f0e36e0ee1f7d8a8f9bce8.json
14:46:19     poisoned (5 contexts)
14:46:19     -- run0_sub0
14:46:27       seed 0: ce=0.21139 acc=0.9410 bacc=0.5000 mcc=0.0000 (iters=177, 8s)
14:46:27     -- run1_sub0
14:46:34       seed 1: ce=0.21181 acc=0.9410 bacc=0.5000 mcc=0.0000 (iters=42, 7s)
14:46:34     -- run2_sub0
14:46:41       seed 2: ce=0.21088 acc=0.9410 bacc=0.5000 mcc=0.0000 (iters=56, 7s)
14:46:41     -- run3_sub0
14:46:49       seed 3: ce=0.21178 acc=0.9410 bacc=0.5000 mcc=0.0000 (iters=150, 8s)
14:46:49     -- run4_sub0
14:46:59       seed 4: ce=0.21164 acc=0.9410 bacc=0.5000 mcc=0.0000 (iters=199, 9s)
14:46:59 
  protocol B -- validation is the separate clean --val file
14:46:59     metric                          clean          poisoned             delta      rel% |          TabPFN d  TabPFN rel%  transfer%
14:46:59     -------------------------------------------------------------------------------------------------------------------------------
14:46:59     ce                    0.1992 ± 0.0015   0.2115 ± 0.0003  +0.0123 ± 0.0016      +6.2 |  +0.0436 ± 0.0009        +21.5        +28
14:46:59     accuracy              0.9410 ± 0.0000   0.9410 ± 0.0000  +0.0000 ± 0.0000      +0.0 |  -0.0054 ± 0.0015         -0.6         -0
14:46:59     balanced_accuracy     0.5000 ± 0.0000   0.5000 ± 0.0000  +0.0000 ± 0.0000      +0.0 |  +0.0035 ± 0.0032         +0.7         +0
14:46:59     mcc                   0.0000 ± 0.0000   0.0000 ± 0.0000  +0.0000 ± 0.0000         - |  +0.0193 ± 0.0201            -        ~+0
14:46:59     roc_auc               0.7533 ± 0.0058   0.6858 ± 0.0043  -0.0675 ± 0.0072      -9.0 |  -0.1017 ± 0.0061        -13.8        +66
14:46:59     f1                    0.0000 ± 0.0000   0.0000 ± 0.0000  +0.0000 ± 0.0000         - |  +0.0241 ± 0.0121            -         +0
14:46:59     transfer% = XGBoost delta / TabPFNv2 delta; 100 means the poison hurts both equally.
14:46:59     '~' marks a ratio whose denominator is near zero or inside its own spread -- read the absolute columns there.
14:46:59 
wrote /home/ssn899/Desktop/TabFM/results/xgb_transfer/coil2000_insurance_policies/label-flip_random_r004/summary.json
