09:49:06 [label-flip] /home/ssn899/Desktop/TabFM/datasets/coil2000_insurance_policies/splits/selected/natural/context_5000.csv (5000x85) -> /home/ssn899/Desktop/TabFM/datasets/coil2000_insurance_policies/splits/test_attack_1000.csv (1000 of 1000)  k=3200 (64.0%)  attack_class=None  grid 5x1  cuda:3
09:49:11   clean  ce=0.20246 auc=0.7371 acc=0.9410 f1=0.0000  max|dp| over 3 repeats=0.00e+00  chunking_exact=True  [4.3s]
09:49:11   GA: GAConfig(population=16, generations=20, elite=2, tournament=3, crossover_prob=0.9, mutation_rate=None, seed_full=True, patience=8, batch_size=16, fitness_test_rows=None)
09:49:11   -- trial run0_sub0
09:49:32     gen   0  best 1.84062  mean 0.77879  best_so_far 1.84062  flips 3200  evals 16
09:49:46     gen   1  best 1.84104  mean 1.00635  best_so_far 1.84104  flips 3199  evals 30
09:49:59     gen   2  best 1.84104  mean 1.13645  best_so_far 1.84104  flips 3199  evals 44
09:50:11     gen   3  best 1.84104  mean 1.38534  best_so_far 1.84104  flips 3199  evals 56
09:50:23     gen   4  best 1.84140  mean 1.69314  best_so_far 1.84140  flips 3198  evals 68
09:50:33     gen   5  best 1.84140  mean 1.77985  best_so_far 1.84140  flips 3198  evals 78
09:50:42     gen   6  best 1.84449  mean 1.83170  best_so_far 1.84449  flips 3200  evals 88
09:50:55     gen   7  best 1.84495  mean 1.83794  best_so_far 1.84495  flips 3199  evals 101
09:51:05     gen   8  best 1.84495  mean 1.84156  best_so_far 1.84495  flips 3199  evals 111
09:51:17     gen   9  best 1.84668  mean 1.84153  best_so_far 1.84668  flips 3199  evals 123
09:51:26     gen  10  best 1.84969  mean 1.84332  best_so_far 1.84969  flips 3199  evals 133
09:51:40     gen  11  best 1.85363  mean 1.84237  best_so_far 1.85363  flips 3199  evals 147
09:51:53     gen  12  best 1.85886  mean 1.84596  best_so_far 1.85886  flips 3200  evals 160
09:52:06     gen  13  best 1.86949  mean 1.85057  best_so_far 1.86949  flips 3200  evals 173
09:52:18     gen  14  best 1.87762  mean 1.85857  best_so_far 1.87762  flips 3199  evals 186
09:52:31     gen  15  best 1.87762  mean 1.86578  best_so_far 1.87762  flips 3199  evals 199
09:52:43     gen  16  best 1.88066  mean 1.86751  best_so_far 1.88066  flips 3200  evals 211
09:52:55     gen  17  best 1.88066  mean 1.87010  best_so_far 1.88066  flips 3200  evals 223
09:53:08     gen  18  best 1.88066  mean 1.87167  best_so_far 1.88066  flips 3200  evals 237
09:53:20     gen  19  best 1.88127  mean 1.87092  best_so_far 1.88127  flips 3199  evals 249
09:53:32     gen  20  best 1.89140  mean 1.87436  best_so_far 1.89140  flips 3200  evals 261
09:53:34      GA: 3200/3200 flips from pool 5000, 261 evals, 20 gens; influence-topk baseline dce=+1.63816 dacc=-0.5980
09:53:34      poisoned ce=1.89140 auc=0.3200 acc=0.3380 f1=0.0728  dce=+1.68894 dacc=-0.6030  k=3200  [262.5s]
09:53:34   -- trial run1_sub0
09:53:55     gen   0  best 1.84062  mean 0.73931  best_so_far 1.84062  flips 3200  evals 16
09:54:08     gen   1  best 1.84062  mean 0.96308  best_so_far 1.84062  flips 3200  evals 30
09:54:22     gen   2  best 1.84062  mean 1.13737  best_so_far 1.84062  flips 3200  evals 44
09:54:36     gen   3  best 1.84062  mean 1.40071  best_so_far 1.84062  flips 3200  evals 58
09:54:46     gen   4  best 1.84062  mean 1.60002  best_so_far 1.84062  flips 3200  evals 69
09:54:58     gen   5  best 1.84062  mean 1.76074  best_so_far 1.84062  flips 3200  evals 81
09:55:08     gen   6  best 1.84776  mean 1.83444  best_so_far 1.84776  flips 3200  evals 91
09:55:20     gen   7  best 1.84776  mean 1.83143  best_so_far 1.84776  flips 3200  evals 103
09:55:33     gen   8  best 1.84776  mean 1.83570  best_so_far 1.84776  flips 3200  evals 117
09:55:46     gen   9  best 1.84776  mean 1.83824  best_so_far 1.84776  flips 3200  evals 130
09:55:57     gen  10  best 1.84776  mean 1.84067  best_so_far 1.84776  flips 3200  evals 141
09:56:09     gen  11  best 1.84969  mean 1.84079  best_so_far 1.84969  flips 3199  evals 154
09:56:20     gen  12  best 1.85663  mean 1.84341  best_so_far 1.85663  flips 3197  evals 165
09:56:34     gen  13  best 1.85663  mean 1.84197  best_so_far 1.85663  flips 3197  evals 179
09:56:46     gen  14  best 1.85663  mean 1.84860  best_so_far 1.85663  flips 3197  evals 191
09:56:59     gen  15  best 1.85786  mean 1.84932  best_so_far 1.85786  flips 3197  evals 205
09:57:12     gen  16  best 1.85942  mean 1.84988  best_so_far 1.85942  flips 3196  evals 218
09:57:24     gen  17  best 1.85942  mean 1.85192  best_so_far 1.85942  flips 3196  evals 230
09:57:35     gen  18  best 1.85942  mean 1.85134  best_so_far 1.85942  flips 3196  evals 241
09:57:45     gen  19  best 1.85942  mean 1.85467  best_so_far 1.85942  flips 3196  evals 252
09:57:54     gen  20  best 1.86253  mean 1.85474  best_so_far 1.86253  flips 3197  evals 261
09:57:56      GA: 3197/3200 flips from pool 5000, 261 evals, 20 gens; influence-topk baseline dce=+1.63816 dacc=-0.5980
09:57:56      poisoned ce=1.86253 auc=0.3201 acc=0.3310 f1=0.0721  dce=+1.66007 dacc=-0.6100  k=3197  [262.4s]
09:57:56   -- trial run2_sub0
09:58:17     gen   0  best 1.84062  mean 0.69478  best_so_far 1.84062  flips 3200  evals 16
09:58:28     gen   1  best 1.84062  mean 0.84672  best_so_far 1.84062  flips 3200  evals 27
09:58:40     gen   2  best 1.84062  mean 1.01001  best_so_far 1.84062  flips 3200  evals 39
09:58:52     gen   3  best 1.84062  mean 1.14446  best_so_far 1.84062  flips 3200  evals 52
09:59:06     gen   4  best 1.84062  mean 1.33052  best_so_far 1.84062  flips 3200  evals 66
09:59:19     gen   5  best 1.84062  mean 1.56650  best_so_far 1.84062  flips 3200  evals 79
09:59:30     gen   6  best 1.84062  mean 1.70481  best_so_far 1.84062  flips 3200  evals 90
09:59:42     gen   7  best 1.84180  mean 1.80708  best_so_far 1.84180  flips 3200  evals 103
09:59:54     gen   8  best 1.84843  mean 1.83811  best_so_far 1.84843  flips 3199  evals 115
10:00:06     gen   9  best 1.85234  mean 1.84075  best_so_far 1.85234  flips 3197  evals 127
10:00:18     gen  10  best 1.85969  mean 1.84900  best_so_far 1.85969  flips 3195  evals 139
10:00:30     gen  11  best 1.85969  mean 1.85143  best_so_far 1.85969  flips 3195  evals 152
10:00:42     gen  12  best 1.86155  mean 1.85258  best_so_far 1.86155  flips 3196  evals 164
10:00:53     gen  13  best 1.86455  mean 1.85626  best_so_far 1.86455  flips 3196  evals 175
10:01:00     gen  14  best 1.86871  mean 1.85945  best_so_far 1.86871  flips 3195  evals 182
10:01:11     gen  15  best 1.86871  mean 1.85806  best_so_far 1.86871  flips 3195  evals 194
10:01:23     gen  16  best 1.87229  mean 1.86493  best_so_far 1.87229  flips 3195  evals 206
10:01:36     gen  17  best 1.87459  mean 1.86750  best_so_far 1.87459  flips 3194  evals 219
10:01:48     gen  18  best 1.87459  mean 1.86858  best_so_far 1.87459  flips 3194  evals 231
10:01:58     gen  19  best 1.87459  mean 1.86923  best_so_far 1.87459  flips 3194  evals 242
10:02:06     gen  20  best 1.87459  mean 1.87068  best_so_far 1.87459  flips 3194  evals 250
10:02:08      GA: 3194/3200 flips from pool 5000, 250 evals, 20 gens; influence-topk baseline dce=+1.63816 dacc=-0.5980
10:02:08      poisoned ce=1.87459 auc=0.3210 acc=0.3330 f1=0.0723  dce=+1.67213 dacc=-0.6080  k=3194  [251.9s]
10:02:08   -- trial run3_sub0
10:02:29     gen   0  best 1.84062  mean 0.71551  best_so_far 1.84062  flips 3200  evals 16
10:02:43     gen   1  best 1.84062  mean 1.00773  best_so_far 1.84062  flips 3200  evals 30
10:02:54     gen   2  best 1.84062  mean 1.25239  best_so_far 1.84062  flips 3200  evals 42
10:03:08     gen   3  best 1.84062  mean 1.48942  best_so_far 1.84062  flips 3200  evals 56
10:03:21     gen   4  best 1.84062  mean 1.73766  best_so_far 1.84062  flips 3200  evals 69
10:03:28     gen   5  best 1.84062  mean 1.82003  best_so_far 1.84062  flips 3200  evals 76
10:03:37     gen   6  best 1.84247  mean 1.83821  best_so_far 1.84247  flips 3198  evals 86
10:03:48     gen   7  best 1.84324  mean 1.83889  best_so_far 1.84324  flips 3199  evals 97
10:04:01     gen   8  best 1.84324  mean 1.83648  best_so_far 1.84324  flips 3199  evals 110
10:04:12     gen   9  best 1.84426  mean 1.83906  best_so_far 1.84426  flips 3198  evals 121
10:04:22     gen  10  best 1.86210  mean 1.84247  best_so_far 1.86210  flips 3198  evals 132
10:04:33     gen  11  best 1.87318  mean 1.84706  best_so_far 1.87318  flips 3198  evals 143
10:04:45     gen  12  best 1.87318  mean 1.85479  best_so_far 1.87318  flips 3198  evals 155
10:04:59     gen  13  best 1.87520  mean 1.86726  best_so_far 1.87520  flips 3197  evals 169
10:05:08     gen  14  best 1.87836  mean 1.87134  best_so_far 1.87836  flips 3195  evals 179
10:05:20     gen  15  best 1.88077  mean 1.87069  best_so_far 1.88077  flips 3195  evals 191
10:05:33     gen  16  best 1.89241  mean 1.87580  best_so_far 1.89241  flips 3195  evals 204
10:05:45     gen  17  best 1.89241  mean 1.88166  best_so_far 1.89241  flips 3195  evals 216
10:05:57     gen  18  best 1.89241  mean 1.87817  best_so_far 1.89241  flips 3195  evals 229
10:06:09     gen  19  best 1.89688  mean 1.88329  best_so_far 1.89688  flips 3194  evals 241
10:06:20     gen  20  best 1.89715  mean 1.88953  best_so_far 1.89715  flips 3199  evals 252
10:06:22      GA: 3199/3200 flips from pool 5000, 252 evals, 20 gens; influence-topk baseline dce=+1.63816 dacc=-0.5980
10:06:22      poisoned ce=1.89715 auc=0.3274 acc=0.3400 f1=0.0730  dce=+1.69469 dacc=-0.6010  k=3199  [253.8s]
10:06:22   -- trial run4_sub0
10:06:43     gen   0  best 1.84062  mean 0.68017  best_so_far 1.84062  flips 3200  evals 16
10:06:55     gen   1  best 1.84062  mean 0.97319  best_so_far 1.84062  flips 3200  evals 29
10:07:08     gen   2  best 1.84062  mean 1.23399  best_so_far 1.84062  flips 3200  evals 42
10:07:20     gen   3  best 1.84062  mean 1.49865  best_so_far 1.84062  flips 3200  evals 54
10:07:33     gen   4  best 1.84275  mean 1.74653  best_so_far 1.84275  flips 3200  evals 67
10:07:45     gen   5  best 1.84275  mean 1.80008  best_so_far 1.84275  flips 3200  evals 80
10:07:59     gen   6  best 1.84275  mean 1.83288  best_so_far 1.84275  flips 3200  evals 94
10:08:10     gen   7  best 1.84484  mean 1.84031  best_so_far 1.84484  flips 3198  evals 105
10:08:19     gen   8  best 1.84660  mean 1.84123  best_so_far 1.84660  flips 3200  evals 114
10:08:30     gen   9  best 1.84713  mean 1.84089  best_so_far 1.84713  flips 3200  evals 126
10:08:43     gen  10  best 1.85255  mean 1.84250  best_so_far 1.85255  flips 3200  evals 139
10:08:53     gen  11  best 1.85538  mean 1.84423  best_so_far 1.85538  flips 3198  evals 149
10:09:07     gen  12  best 1.85780  mean 1.84696  best_so_far 1.85780  flips 3200  evals 163
10:09:17     gen  13  best 1.86124  mean 1.85075  best_so_far 1.86124  flips 3200  evals 174
10:09:30     gen  14  best 1.86124  mean 1.85337  best_so_far 1.86124  flips 3200  evals 187
10:09:43     gen  15  best 1.86504  mean 1.85523  best_so_far 1.86504  flips 3199  evals 200
10:09:53     gen  16  best 1.86712  mean 1.85821  best_so_far 1.86712  flips 3198  evals 211
10:10:05     gen  17  best 1.86712  mean 1.86328  best_so_far 1.86712  flips 3198  evals 223
10:10:18     gen  18  best 1.88010  mean 1.86363  best_so_far 1.88010  flips 3199  evals 236
10:10:29     gen  19  best 1.88010  mean 1.86838  best_so_far 1.88010  flips 3199  evals 247
10:10:40     gen  20  best 1.88441  mean 1.86795  best_so_far 1.88441  flips 3197  evals 259
10:10:42      GA: 3197/3200 flips from pool 5000, 259 evals, 20 gens; influence-topk baseline dce=+1.63816 dacc=-0.5980
10:10:42      poisoned ce=1.88441 auc=0.3184 acc=0.3400 f1=0.0730  dce=+1.68195 dacc=-0.6010  k=3197  [260.2s]
10:10:42   best trial run3_sub0: dce=+1.69469 dacc=-0.6010  -> context_poisoned.csv
10:10:42   per-run winners: run0<-sub0 (dce=+1.68894), run1<-sub0 (dce=+1.66007), run2<-sub0 (dce=+1.67213), run3<-sub0 (dce=+1.69469), run4<-sub0 (dce=+1.68195)
10:10:42   best-subsample-per-run, mean over 5 runs: dce=+1.67955 dacc=-0.6046 dauc=-0.4157  -> /home/ssn899/Desktop/TabFM/results/main_experiments/coil2000_insurance_policies/label-flip_random_r064
