04:02:59 [x-capgd] datasets/url_unique/splits/selected/natural/context_5000.csv (5000x63) -> datasets/url_unique/splits/test_attack_1000.csv (1000 of 1000)  k=1500 (30.0%)  attack_class=None  grid 1x1  cuda:1
04:03:07   clean  ce=0.09328 auc=0.9935 acc=0.9650 f1=0.9644  max|dp| over 3 repeats=0.00e+00  chunking_exact=True  [6.5s]
04:03:07   constraints=full (14 relations, dataset 'url_unique')  scaler=metadata  mutable 63/63  int 58  cat 0
04:03:07   -- trial run0_sub0
04:03:13     iter   0  obj 0.09328  best 0.09328  step 0.9500
04:03:18     iter   1  obj 0.05500  best 0.09328  step 0.9500
04:03:24     iter   2  obj 0.10637  best 0.10637  step 0.9500  *
04:03:29     iter   3  obj 0.11124  best 0.11124  step 0.9500  *
04:03:35     iter   4  obj 0.10701  best 0.11124  step 0.9500
04:03:41     iter   5  obj 0.10771  best 0.11124  step 0.9500
04:03:46     iter   6  obj 0.10102  best 0.11124  step 0.9500
04:03:52     iter   7  obj 0.09985  best 0.11124  step 0.9500
04:03:57     iter   8  obj 0.10556  best 0.11124  step 0.9500
04:04:03     iter   9  obj 0.10775  best 0.11124  step 0.9500
04:04:08     iter  10  obj 0.11273  best 0.11273  step 0.9500  *
04:04:14     iter  11  obj 0.09825  best 0.11273  step 0.9500
04:04:19     iter  12  obj 0.10026  best 0.11273  step 0.9500
04:04:25     iter  13  obj 0.10523  best 0.11273  step 0.9500
04:04:30     iter  14  obj 0.10513  best 0.11273  step 0.9500
04:04:36     iter  15  obj 0.11195  best 0.11273  step 0.9500
04:04:42     iter  16  obj 0.10991  best 0.11273  step 0.9500
04:04:47     iter  17  obj 0.10369  best 0.11273  step 0.9500
04:04:53     iter  18  obj 0.11344  best 0.11344  step 0.9500  *
04:04:58     iter  19  obj 0.10175  best 0.11344  step 0.9500
04:05:04     iter  20  obj 0.11500  best 0.11500  step 0.9500  *
04:05:09     iter  21  obj 0.10708  best 0.11500  step 0.9500
04:05:15     iter  22  obj 0.10578  best 0.11500  step 0.4750  halved
04:05:20     iter  23  obj 0.11825  best 0.11825  step 0.4750  *
04:05:26     iter  24  obj 0.12429  best 0.12429  step 0.4750  *
04:05:31     iter  25  obj 0.11995  best 0.12429  step 0.4750
04:05:37     iter  26  obj 0.13515  best 0.13515  step 0.4750  *
04:05:43     iter  27  obj 0.11711  best 0.13515  step 0.4750
04:05:48     iter  28  obj 0.12560  best 0.13515  step 0.4750
04:05:54     iter  29  obj 0.12865  best 0.13515  step 0.4750
04:05:57     iter  30  obj 0.12956  best 0.13515  step 0.4750
04:05:59     iter  31  obj 0.12596  best 0.13515  step 0.4750
04:06:03     iter  32  obj 0.12609  best 0.13515  step 0.4750
04:06:08     iter  33  obj 0.12109  best 0.13515  step 0.4750
04:06:14     iter  34  obj 0.12206  best 0.13515  step 0.4750
04:06:19     iter  35  obj 0.12228  best 0.13515  step 0.4750
04:06:25     iter  36  obj 0.13127  best 0.13515  step 0.4750
04:06:30     iter  37  obj 0.11534  best 0.13515  step 0.4750
04:06:36     iter  38  obj 0.12645  best 0.13515  step 0.4750
04:06:41     iter  39  obj 0.12880  best 0.13515  step 0.4750
04:06:46     iter  40  obj 0.12501  best 0.13515  step 0.4750
04:06:52     iter  41  obj 0.12163  best 0.13515  step 0.2375  halved
04:06:57     iter  42  obj 0.11507  best 0.13515  step 0.2375
04:07:03     iter  43  obj 0.14538  best 0.14538  step 0.2375  *
04:07:08     iter  44  obj 0.14726  best 0.14726  step 0.2375  *
04:07:14     iter  45  obj 0.14479  best 0.14726  step 0.2375
04:07:19     iter  46  obj 0.14667  best 0.14726  step 0.2375
04:07:24     iter  47  obj 0.14028  best 0.14726  step 0.2375
04:07:30     iter  48  obj 0.15454  best 0.15454  step 0.2375  *
04:07:35     iter  49  obj 0.13858  best 0.15454  step 0.2375
04:07:41     iter  50  obj 0.13931  best 0.15454  step 0.2375
04:07:46     iter  51  obj 0.15508  best 0.15508  step 0.2375  *
04:07:52     iter  52  obj 0.14893  best 0.15508  step 0.2375
04:07:57     iter  53  obj 0.16347  best 0.16347  step 0.2375  *
04:08:02     iter  54  obj 0.15375  best 0.16347  step 0.2375
04:08:08     iter  55  obj 0.13289  best 0.16347  step 0.2375
04:08:13     iter  56  obj 0.13551  best 0.16347  step 0.2375
04:08:19     iter  57  obj 0.14056  best 0.16347  step 0.1188  halved
04:08:24     iter  58  obj 0.14350  best 0.16347  step 0.1188
04:08:30     iter  59  obj 0.19350  best 0.19350  step 0.1188  *
04:08:35     iter  60  obj 0.18004  best 0.19350  step 0.1188
04:08:40     iter  61  obj 0.16087  best 0.19350  step 0.1188
04:08:46     iter  62  obj 0.18632  best 0.19350  step 0.1188
04:08:51     iter  63  obj 0.19196  best 0.19350  step 0.1188
04:08:57     iter  64  obj 0.18125  best 0.19350  step 0.1188
04:09:02     iter  65  obj 0.21506  best 0.21506  step 0.1188  *
04:09:08     iter  66  obj 0.20398  best 0.21506  step 0.1188
04:09:13     iter  67  obj 0.18835  best 0.21506  step 0.1188
04:09:18     iter  68  obj 0.18278  best 0.21506  step 0.1188
04:09:24     iter  69  obj 0.19895  best 0.21506  step 0.1188
04:09:29     iter  70  obj 0.20336  best 0.21506  step 0.0594  halved
04:09:35     iter  71  obj 0.17227  best 0.21506  step 0.0594
04:09:40     iter  72  obj 0.22410  best 0.22410  step 0.0594  *
04:09:46     iter  73  obj 0.23014  best 0.23014  step 0.0594  *
04:09:51     iter  74  obj 0.22953  best 0.23014  step 0.0594
04:09:56     iter  75  obj 0.24228  best 0.24228  step 0.0594  *
04:10:02     iter  76  obj 0.27506  best 0.27506  step 0.0594  *
04:10:07     iter  77  obj 0.26009  best 0.27506  step 0.0594
04:10:13     iter  78  obj 0.29620  best 0.29620  step 0.0594  *
04:10:18     iter  79  obj 0.24025  best 0.29620  step 0.0594
04:10:24     iter  80  obj 0.24688  best 0.29620  step 0.0297  halved
04:10:29     iter  81  obj 0.32671  best 0.32671  step 0.0297  *
04:10:34     iter  82  obj 0.40658  best 0.40658  step 0.0297  *
04:10:40     iter  83  obj 0.43294  best 0.43294  step 0.0297  *
04:10:45     iter  84  obj 0.37825  best 0.43294  step 0.0297
04:10:51     iter  85  obj 0.42133  best 0.43294  step 0.0297
04:10:56     iter  86  obj 0.45511  best 0.45511  step 0.0297  *
04:11:02     iter  87  obj 0.37893  best 0.45511  step 0.0148  halved
04:11:07     iter  88  obj 0.42958  best 0.45511  step 0.0148
04:11:12     iter  89  obj 0.56508  best 0.56508  step 0.0148  *
04:11:18     iter  90  obj 0.56942  best 0.56942  step 0.0148  *
04:11:23     iter  91  obj 0.68343  best 0.68343  step 0.0148  *
04:11:29     iter  92  obj 0.71625  best 0.71625  step 0.0148  *
04:11:34     iter  93  obj 0.76236  best 0.76236  step 0.0148  *
04:11:40     iter  94  obj 0.68657  best 0.76236  step 0.0148
04:11:45     iter  95  obj 0.76232  best 0.76236  step 0.0148
04:11:50     iter  96  obj 0.65445  best 0.76236  step 0.0148
04:11:56     iter  97  obj 0.84992  best 0.84992  step 0.0148  *
04:12:01     iter  98  obj 0.74239  best 0.84992  step 0.0148
04:12:07     iter  99  obj 0.92886  best 0.92886  step 0.0074  *  halved
04:12:12     iter 100  obj 1.03434  best 1.03434  step 0.0074  *
04:12:14      poisoned ce=0.15762 auc=0.9859 acc=0.9480 f1=0.9474  dce=+0.06434 dacc=-0.0170  k=1500  [546.7s]
04:12:14   mean over 1 trials: dce=+0.06434 dacc=-0.0170 dauc=-0.0076  -> results/lambda_url_strict/url_unique_lam0.01
