04:37:15 [x-capgd] datasets/lcld_v2/splits/selected/natural/context_5000.csv (5000x28) -> datasets/lcld_v2/splits/test_attack_1000.csv (1000 of 1000)  k=1500 (30.0%)  attack_class=None  grid 1x1  cuda:1
04:37:18   clean  ce=0.45462 auc=0.7155 acc=0.8060 f1=0.1339  max|dp| over 3 repeats=0.00e+00  chunking_exact=True  [1.8s]
04:37:18   constraints=full (9 relations, dataset 'lcld_v2')  scaler=metadata  mutable 14/28  int 10  cat 5
04:37:18   -- trial run0_sub0
04:37:19     iter   0  obj 0.45189  best 0.45189  step 0.9500
04:37:20     iter   1  obj 0.33698  best 0.45189  step 0.9500
04:37:21     iter   2  obj 0.36806  best 0.45189  step 0.9500
04:37:23     iter   3  obj 0.12133  best 0.45189  step 0.9500
04:37:24     iter   4  obj -0.01009  best 0.45189  step 0.9500
04:37:25     iter   5  obj -0.54213  best 0.45189  step 0.9500
04:37:26     iter   6  obj -0.33458  best 0.45189  step 0.9500
04:37:27     iter   7  obj 0.00156  best 0.45189  step 0.9500
04:37:28     iter   8  obj -0.22900  best 0.45189  step 0.9500
04:37:29     iter   9  obj -0.23347  best 0.45189  step 0.9500
04:37:30     iter  10  obj -0.11694  best 0.45189  step 0.9500
04:37:31     iter  11  obj -0.00932  best 0.45189  step 0.9500
04:37:32     iter  12  obj -0.14483  best 0.45189  step 0.9500
04:37:33     iter  13  obj -0.17026  best 0.45189  step 0.9500
04:37:34     iter  14  obj -0.43735  best 0.45189  step 0.9500
04:37:35     iter  15  obj -0.13567  best 0.45189  step 0.9500
04:37:36     iter  16  obj 0.01312  best 0.45189  step 0.9500
04:37:37     iter  17  obj 0.26924  best 0.45189  step 0.9500
04:37:38     iter  18  obj -0.02558  best 0.45189  step 0.9500
04:37:39     iter  19  obj -0.38899  best 0.45189  step 0.9500
04:37:40     iter  20  obj 0.02289  best 0.45189  step 0.9500
04:37:41     iter  21  obj 0.09468  best 0.45189  step 0.9500
04:37:42     iter  22  obj -0.01588  best 0.45189  step 0.9500
04:37:43     iter  23  obj -0.30063  best 0.45189  step 0.9500
04:37:45     iter  24  obj -0.10010  best 0.45189  step 0.9500
04:37:46     iter  25  obj -0.12628  best 0.45189  step 0.9500
04:37:47     iter  26  obj -0.40268  best 0.45189  step 0.9500
04:37:48     iter  27  obj 0.07381  best 0.45189  step 0.9500
04:37:49     iter  28  obj -0.17944  best 0.45189  step 0.9500
04:37:50     iter  29  obj -0.09630  best 0.45189  step 0.9500
04:37:51     iter  30  obj 0.12505  best 0.45189  step 0.9500
04:37:52     iter  31  obj -0.26202  best 0.45189  step 0.9500
04:37:53     iter  32  obj -0.75156  best 0.45189  step 0.9500
04:37:54     iter  33  obj 0.04139  best 0.45189  step 0.9500
04:37:55     iter  34  obj -0.23116  best 0.45189  step 0.9500
04:37:56     iter  35  obj -0.22974  best 0.45189  step 0.9500
04:37:57     iter  36  obj -0.22356  best 0.45189  step 0.9500
04:37:58     iter  37  obj -0.23963  best 0.45189  step 0.9500
04:37:59     iter  38  obj -0.21089  best 0.45189  step 0.9500
04:38:00     iter  39  obj -0.06057  best 0.45189  step 0.9500
04:38:01     iter  40  obj -0.02850  best 0.45189  step 0.9500
04:38:02     iter  41  obj 0.05330  best 0.45189  step 0.9500
04:38:03     iter  42  obj -0.07296  best 0.45189  step 0.9500
04:38:04     iter  43  obj -0.54742  best 0.45189  step 0.9500
04:38:05     iter  44  obj 0.02685  best 0.45189  step 0.9500
04:38:07     iter  45  obj -0.33036  best 0.45189  step 0.9500
04:38:08     iter  46  obj 0.02073  best 0.45189  step 0.9500
04:38:09     iter  47  obj -0.05558  best 0.45189  step 0.9500
04:38:10     iter  48  obj -0.45416  best 0.45189  step 0.9500
04:38:11     iter  49  obj -0.09458  best 0.45189  step 0.9500
04:38:12     iter  50  obj 0.01698  best 0.45189  step 0.9500
04:38:13     iter  51  obj -0.02995  best 0.45189  step 0.9500
04:38:14     iter  52  obj -0.20535  best 0.45189  step 0.9500
04:38:15     iter  53  obj -0.17763  best 0.45189  step 0.9500
04:38:16     iter  54  obj -0.51756  best 0.45189  step 0.9500
04:38:17     iter  55  obj -0.54497  best 0.45189  step 0.9500
04:38:18     iter  56  obj -0.27644  best 0.45189  step 0.9500
04:38:19     iter  57  obj 0.13360  best 0.45189  step 0.9500
04:38:20     iter  58  obj -0.12588  best 0.45189  step 0.9500
04:38:21     iter  59  obj -0.00596  best 0.45189  step 0.9500
04:38:22     iter  60  obj -0.32718  best 0.45189  step 0.9500
04:38:23     iter  61  obj -0.01523  best 0.45189  step 0.9500
04:38:24     iter  62  obj 0.25091  best 0.45189  step 0.9500
04:38:25     iter  63  obj -0.00589  best 0.45189  step 0.9500
04:38:26     iter  64  obj -0.36960  best 0.45189  step 0.9500
04:38:27     iter  65  obj -0.18256  best 0.45189  step 0.9500
04:38:29     iter  66  obj -1.71242  best 0.45189  step 0.4750  halved
04:38:30     iter  67  obj 0.21565  best 0.45189  step 0.4750
04:38:31     iter  68  obj 0.38430  best 0.45189  step 0.4750
04:38:32     iter  69  obj 0.11325  best 0.45189  step 0.4750
04:38:33     iter  70  obj 0.24713  best 0.45189  step 0.4750
04:38:34     iter  71  obj 0.01637  best 0.45189  step 0.4750
04:38:35     iter  72  obj 0.01630  best 0.45189  step 0.4750
04:38:36     iter  73  obj 0.05244  best 0.45189  step 0.4750
04:38:37     iter  74  obj -0.14552  best 0.45189  step 0.4750
04:38:38     iter  75  obj -0.74722  best 0.45189  step 0.4750
04:38:39     iter  76  obj -0.25746  best 0.45189  step 0.4750
04:38:40     iter  77  obj -0.16956  best 0.45189  step 0.4750
04:38:41     iter  78  obj 0.06669  best 0.45189  step 0.4750
04:38:42     iter  79  obj -0.07764  best 0.45189  step 0.4750
04:38:43     iter  80  obj -0.23682  best 0.45189  step 0.4750
04:38:44     iter  81  obj -0.07049  best 0.45189  step 0.4750
04:38:45     iter  82  obj -0.45291  best 0.45189  step 0.4750
04:38:46     iter  83  obj 0.01305  best 0.45189  step 0.4750
04:38:47     iter  84  obj 0.02021  best 0.45189  step 0.4750
04:38:48     iter  85  obj -0.04599  best 0.45189  step 0.4750
04:38:49     iter  86  obj -0.29051  best 0.45189  step 0.4750
04:38:51     iter  87  obj 0.00363  best 0.45189  step 0.4750
04:38:52     iter  88  obj -0.12443  best 0.45189  step 0.4750
04:38:53     iter  89  obj -0.33995  best 0.45189  step 0.4750
04:38:54     iter  90  obj -0.01086  best 0.45189  step 0.4750
04:38:55     iter  91  obj 0.04560  best 0.45189  step 0.4750
04:38:56     iter  92  obj 0.04473  best 0.45189  step 0.4750
04:38:57     iter  93  obj -0.54575  best 0.45189  step 0.4750
04:38:58     iter  94  obj 0.03095  best 0.45189  step 0.4750
04:38:59     iter  95  obj 0.11235  best 0.45189  step 0.4750
04:39:00     iter  96  obj 0.12579  best 0.45189  step 0.4750
04:39:01     iter  97  obj -0.03300  best 0.45189  step 0.4750
04:39:02     iter  98  obj -0.21952  best 0.45189  step 0.4750
04:39:03     iter  99  obj -0.22993  best 0.45189  step 0.4750
04:39:04     iter 100  obj 0.02402  best 0.45189  step 0.4750
04:39:05     iter 101  obj -0.21734  best 0.45189  step 0.4750
04:39:06     iter 102  obj -0.04069  best 0.45189  step 0.4750
04:39:07     iter 103  obj -0.13785  best 0.45189  step 0.4750
04:39:08     iter 104  obj 0.14256  best 0.45189  step 0.4750
04:39:09     iter 105  obj 0.08513  best 0.45189  step 0.4750
04:39:10     iter 106  obj -0.08000  best 0.45189  step 0.4750
04:39:12     iter 107  obj -0.04327  best 0.45189  step 0.4750
04:39:13     iter 108  obj -0.23417  best 0.45189  step 0.4750
04:39:14     iter 109  obj 0.08831  best 0.45189  step 0.4750
04:39:15     iter 110  obj -0.28654  best 0.45189  step 0.4750
04:39:16     iter 111  obj -0.00416  best 0.45189  step 0.4750
04:39:17     iter 112  obj -0.04487  best 0.45189  step 0.4750
04:39:18     iter 113  obj -0.00440  best 0.45189  step 0.4750
04:39:19     iter 114  obj -0.09789  best 0.45189  step 0.4750
04:39:20     iter 115  obj -0.05852  best 0.45189  step 0.4750
04:39:21     iter 116  obj -0.08882  best 0.45189  step 0.4750
04:39:22     iter 117  obj 0.23019  best 0.45189  step 0.4750
04:39:23     iter 118  obj 0.17668  best 0.45189  step 0.4750
04:39:24     iter 119  obj -0.15530  best 0.45189  step 0.4750
04:39:25     iter 120  obj -0.02320  best 0.45189  step 0.4750
04:39:26     iter 121  obj -0.20924  best 0.45189  step 0.4750
04:39:27     iter 122  obj -0.13061  best 0.45189  step 0.4750
04:39:28     iter 123  obj -0.14714  best 0.45189  step 0.2375  halved
04:39:29     iter 124  obj 0.26472  best 0.45189  step 0.2375
04:39:30     iter 125  obj 0.38245  best 0.45189  step 0.2375
04:39:31     iter 126  obj 0.41146  best 0.45189  step 0.2375
04:39:33     iter 127  obj 0.43224  best 0.45189  step 0.2375
04:39:34     iter 128  obj 0.15033  best 0.45189  step 0.2375
04:39:35     iter 129  obj 0.31412  best 0.45189  step 0.2375
04:39:36     iter 130  obj 0.05340  best 0.45189  step 0.2375
04:39:37     iter 131  obj 0.11328  best 0.45189  step 0.2375
04:39:38     iter 132  obj 0.29838  best 0.45189  step 0.2375
04:39:39     iter 133  obj 0.03855  best 0.45189  step 0.2375
04:39:40     iter 134  obj 0.29935  best 0.45189  step 0.2375
04:39:41     iter 135  obj 0.22022  best 0.45189  step 0.2375
04:39:42     iter 136  obj -0.18353  best 0.45189  step 0.2375
04:39:43     iter 137  obj 0.23621  best 0.45189  step 0.2375
04:39:44     iter 138  obj 0.31833  best 0.45189  step 0.2375
04:39:45     iter 139  obj -0.01733  best 0.45189  step 0.2375
04:39:46     iter 140  obj 0.31605  best 0.45189  step 0.2375
04:39:47     iter 141  obj 0.22207  best 0.45189  step 0.2375
04:39:48     iter 142  obj 0.26951  best 0.45189  step 0.2375
04:39:49     iter 143  obj 0.21452  best 0.45189  step 0.2375
04:39:50     iter 144  obj 0.28904  best 0.45189  step 0.2375
04:39:51     iter 145  obj 0.22376  best 0.45189  step 0.2375
04:39:52     iter 146  obj 0.26911  best 0.45189  step 0.2375
04:39:53     iter 147  obj 0.07250  best 0.45189  step 0.2375
04:39:55     iter 148  obj 0.00204  best 0.45189  step 0.2375
04:39:56     iter 149  obj 0.05841  best 0.45189  step 0.2375
04:39:57     iter 150  obj 0.29356  best 0.45189  step 0.2375
04:39:58     iter 151  obj 0.26047  best 0.45189  step 0.2375
04:39:59     iter 152  obj 0.29812  best 0.45189  step 0.2375
04:40:00     iter 153  obj 0.15735  best 0.45189  step 0.2375
04:40:01     iter 154  obj 0.27296  best 0.45189  step 0.2375
04:40:02     iter 155  obj 0.28857  best 0.45189  step 0.2375
04:40:03     iter 156  obj 0.37603  best 0.45189  step 0.2375
04:40:04     iter 157  obj 0.22052  best 0.45189  step 0.2375
04:40:05     iter 158  obj 0.05422  best 0.45189  step 0.2375
04:40:06     iter 159  obj 0.23464  best 0.45189  step 0.2375
04:40:07     iter 160  obj 0.26313  best 0.45189  step 0.2375
04:40:08     iter 161  obj 0.31939  best 0.45189  step 0.2375
04:40:09     iter 162  obj 0.31852  best 0.45189  step 0.2375
04:40:10     iter 163  obj 0.27104  best 0.45189  step 0.2375
04:40:11     iter 164  obj 0.12039  best 0.45189  step 0.2375
04:40:12     iter 165  obj 0.28994  best 0.45189  step 0.2375
04:40:13     iter 166  obj 0.18891  best 0.45189  step 0.2375
04:40:14     iter 167  obj 0.03075  best 0.45189  step 0.2375
04:40:16     iter 168  obj 0.20195  best 0.45189  step 0.2375
04:40:17     iter 169  obj 0.14398  best 0.45189  step 0.2375
04:40:18     iter 170  obj 0.19240  best 0.45189  step 0.2375
04:40:19     iter 171  obj 0.20189  best 0.45189  step 0.1187  halved
04:40:20     iter 172  obj 0.31836  best 0.45189  step 0.1187
04:40:21     iter 173  obj 0.44714  best 0.45189  step 0.1187
04:40:22     iter 174  obj 0.45982  best 0.45982  step 0.1187  *
04:40:23     iter 175  obj 0.42007  best 0.45982  step 0.1187
04:40:24     iter 176  obj 0.41226  best 0.45982  step 0.1187
04:40:25     iter 177  obj 0.37629  best 0.45982  step 0.1187
04:40:26     iter 178  obj 0.39259  best 0.45982  step 0.1187
04:40:27     iter 179  obj 0.43143  best 0.45982  step 0.1187
04:40:28     iter 180  obj 0.39390  best 0.45982  step 0.1187
04:40:29     iter 181  obj 0.42104  best 0.45982  step 0.1187
04:40:30     iter 182  obj 0.42666  best 0.45982  step 0.1187
04:40:31     iter 183  obj 0.37510  best 0.45982  step 0.1187
04:40:32     iter 184  obj 0.30582  best 0.45982  step 0.1187
04:40:33     iter 185  obj 0.42595  best 0.45982  step 0.1187
04:40:34     iter 186  obj 0.43129  best 0.45982  step 0.1187
04:40:35     iter 187  obj 0.44111  best 0.45982  step 0.1187
04:40:37     iter 188  obj 0.36028  best 0.45982  step 0.1187
04:40:38     iter 189  obj 0.43444  best 0.45982  step 0.1187
04:40:39     iter 190  obj 0.40210  best 0.45982  step 0.1187
04:40:40     iter 191  obj 0.35387  best 0.45982  step 0.1187
04:40:41     iter 192  obj 0.43364  best 0.45982  step 0.1187
04:40:42     iter 193  obj 0.44762  best 0.45982  step 0.1187
04:40:43     iter 194  obj 0.43111  best 0.45982  step 0.1187
04:40:44     iter 195  obj 0.42584  best 0.45982  step 0.1187
04:40:45     iter 196  obj 0.41354  best 0.45982  step 0.1187
04:40:46     iter 197  obj 0.46483  best 0.46483  step 0.1187  *
04:40:47     iter 198  obj 0.43506  best 0.46483  step 0.1187
04:40:48     iter 199  obj 0.48210  best 0.48210  step 0.1187  *
04:40:49     iter 200  obj 0.49706  best 0.49706  step 0.1187  *
04:40:50     iter 201  obj 0.40595  best 0.49706  step 0.1187
04:40:51     iter 202  obj 0.45031  best 0.49706  step 0.1187
04:40:52     iter 203  obj 0.44552  best 0.49706  step 0.1187
04:40:53     iter 204  obj 0.51353  best 0.51353  step 0.1187  *
04:40:54     iter 205  obj 0.41517  best 0.51353  step 0.1187
04:40:55     iter 206  obj 0.47716  best 0.51353  step 0.1187
04:40:56     iter 207  obj 0.51518  best 0.51518  step 0.1187  *
04:40:58     iter 208  obj 0.50273  best 0.51518  step 0.1187
04:40:59     iter 209  obj 0.55018  best 0.55018  step 0.1187  *
04:41:00     iter 210  obj 0.50298  best 0.55018  step 0.0594  halved
04:41:01     iter 211  obj 0.58676  best 0.58676  step 0.0594  *
04:41:02     iter 212  obj 0.64951  best 0.64951  step 0.0594  *
04:41:03     iter 213  obj 0.74849  best 0.74849  step 0.0594  *
04:41:04     iter 214  obj 0.65821  best 0.74849  step 0.0594
04:41:05     iter 215  obj 0.65672  best 0.74849  step 0.0594
04:41:06     iter 216  obj 0.71821  best 0.74849  step 0.0594
04:41:07     iter 217  obj 0.51478  best 0.74849  step 0.0594
04:41:08     iter 218  obj 0.78242  best 0.78242  step 0.0594  *
04:41:09     iter 219  obj 0.72871  best 0.78242  step 0.0594
04:41:10     iter 220  obj 0.76515  best 0.78242  step 0.0594
04:41:11     iter 221  obj 0.69714  best 0.78242  step 0.0594
04:41:12     iter 222  obj 0.70888  best 0.78242  step 0.0594
04:41:13     iter 223  obj 0.86816  best 0.86816  step 0.0594  *
04:41:14     iter 224  obj 0.88574  best 0.88574  step 0.0594  *
04:41:15     iter 225  obj 0.61345  best 0.88574  step 0.0594
04:41:16     iter 226  obj 0.58419  best 0.88574  step 0.0594
04:41:17     iter 227  obj 0.73754  best 0.88574  step 0.0594
04:41:19     iter 228  obj 0.77347  best 0.88574  step 0.0594
04:41:20     iter 229  obj 0.62451  best 0.88574  step 0.0594
04:41:21     iter 230  obj 0.96476  best 0.96476  step 0.0594  *
04:41:22     iter 231  obj 0.82061  best 0.96476  step 0.0594
04:41:23     iter 232  obj 0.81852  best 0.96476  step 0.0594
04:41:24     iter 233  obj 0.80930  best 0.96476  step 0.0594
04:41:25     iter 234  obj 0.81331  best 0.96476  step 0.0594
04:41:26     iter 235  obj 0.82881  best 0.96476  step 0.0594
04:41:27     iter 236  obj 0.79139  best 0.96476  step 0.0594
04:41:28     iter 237  obj 0.88832  best 0.96476  step 0.0594
04:41:29     iter 238  obj 0.95675  best 0.96476  step 0.0594
04:41:30     iter 239  obj 0.90570  best 0.96476  step 0.0594
04:41:31     iter 240  obj 0.79450  best 0.96476  step 0.0297  halved
04:41:32     iter 241  obj 0.73952  best 0.96476  step 0.0297
04:41:33     iter 242  obj 0.90843  best 0.96476  step 0.0297
04:41:34     iter 243  obj 0.96472  best 0.96476  step 0.0297
04:41:35     iter 244  obj 0.82024  best 0.96476  step 0.0297
04:41:36     iter 245  obj 1.08111  best 1.08111  step 0.0297  *
04:41:37     iter 246  obj 0.95554  best 1.08111  step 0.0297
04:41:38     iter 247  obj 1.02236  best 1.08111  step 0.0297
04:41:40     iter 248  obj 1.11506  best 1.11506  step 0.0297  *
04:41:41     iter 249  obj 1.06654  best 1.11506  step 0.0297
04:41:42     iter 250  obj 1.17797  best 1.17797  step 0.0297  *
04:41:43     iter 251  obj 1.13282  best 1.17797  step 0.0297
04:41:44     iter 252  obj 1.17713  best 1.17797  step 0.0297
04:41:45     iter 253  obj 1.23206  best 1.23206  step 0.0297  *
04:41:46     iter 254  obj 1.43747  best 1.43747  step 0.0297  *
04:41:47     iter 255  obj 1.39932  best 1.43747  step 0.0297
04:41:48     iter 256  obj 1.39949  best 1.43747  step 0.0297
04:41:49     iter 257  obj 1.29699  best 1.43747  step 0.0297
04:41:50     iter 258  obj 1.20259  best 1.43747  step 0.0297
04:41:51     iter 259  obj 0.96074  best 1.43747  step 0.0297
04:41:52     iter 260  obj 1.32294  best 1.43747  step 0.0297
04:41:53     iter 261  obj 1.29395  best 1.43747  step 0.0148  halved
04:41:54     iter 262  obj 1.49780  best 1.49780  step 0.0148  *
04:41:55     iter 263  obj 1.52177  best 1.52177  step 0.0148  *
04:41:56     iter 264  obj 1.57542  best 1.57542  step 0.0148  *
04:41:57     iter 265  obj 1.58717  best 1.58717  step 0.0148  *
04:41:58     iter 266  obj 1.70567  best 1.70567  step 0.0148  *
04:41:59     iter 267  obj 1.63535  best 1.70567  step 0.0148
04:42:01     iter 268  obj 1.86294  best 1.86294  step 0.0148  *
04:42:02     iter 269  obj 1.72713  best 1.86294  step 0.0148
04:42:03     iter 270  obj 1.79954  best 1.86294  step 0.0148
04:42:04     iter 271  obj 1.87495  best 1.87495  step 0.0148  *
04:42:05     iter 272  obj 1.94235  best 1.94235  step 0.0148  *
04:42:06     iter 273  obj 1.86290  best 1.94235  step 0.0148
04:42:07     iter 274  obj 2.04600  best 2.04600  step 0.0148  *
04:42:08     iter 275  obj 1.68655  best 2.04600  step 0.0148
04:42:09     iter 276  obj 2.16917  best 2.16917  step 0.0148  *
04:42:10     iter 277  obj 2.01144  best 2.16917  step 0.0148
04:42:11     iter 278  obj 2.14811  best 2.16917  step 0.0148
04:42:12     iter 279  obj 2.07719  best 2.16917  step 0.0074  halved
04:42:13     iter 280  obj 2.19705  best 2.19705  step 0.0074  *
04:42:14     iter 281  obj 2.31693  best 2.31693  step 0.0074  *
04:42:15     iter 282  obj 1.94472  best 2.31693  step 0.0074
04:42:16     iter 283  obj 2.46936  best 2.46936  step 0.0074  *
04:42:17     iter 284  obj 2.51737  best 2.51737  step 0.0074  *
04:42:18     iter 285  obj 2.35154  best 2.51737  step 0.0074
04:42:19     iter 286  obj 2.45060  best 2.51737  step 0.0074
04:42:20     iter 287  obj 2.67713  best 2.67713  step 0.0074  *
04:42:22     iter 288  obj 2.68515  best 2.68515  step 0.0074  *
04:42:23     iter 289  obj 2.70616  best 2.70616  step 0.0074  *
04:42:24     iter 290  obj 2.86739  best 2.86739  step 0.0074  *
04:42:25     iter 291  obj 2.68059  best 2.86739  step 0.0074
04:42:26     iter 292  obj 2.84052  best 2.86739  step 0.0074
04:42:27     iter 293  obj 2.90461  best 2.90461  step 0.0074  *
04:42:28     iter 294  obj 2.84084  best 2.90461  step 0.0074
04:42:29     iter 295  obj 2.74849  best 2.90461  step 0.0074
04:42:30     iter 296  obj 1.86769  best 2.90461  step 0.0074
04:42:31     iter 297  obj 2.87400  best 2.90461  step 0.0037  halved
04:42:32     iter 298  obj 2.90614  best 2.90614  step 0.0037  *
04:42:33     iter 299  obj 2.92716  best 2.92716  step 0.0037  *
04:42:34     iter 300  obj 3.08705  best 3.08705  step 0.0037  *
04:42:34      poisoned ce=0.49375 auc=0.6688 acc=0.7970 f1=0.1057  dce=+0.03913 dacc=-0.0090  k=1500  [316.2s]
04:42:34   mean over 1 trials: dce=+0.03913 dacc=-0.0090 dauc=-0.0467  -> results/niter_be/lcld_v2_lcld_rs2_it300
