20:20:55 xgboost: train=/home/ssn899/Desktop/TabFM/datasets/wids/splits/selected/natural/context_5000.csv (5000 rows)  test=/home/ssn899/Desktop/TabFM/datasets/wids/splits/test_attack_1000.csv (1000 rows)  target=hospital_death  drop=()
20:20:55 rebuilt 5 per-run-best contexts from /home/ssn899/Desktop/TabFM/results/main_experiments/wids/label-flip_random_r016: run0_sub0, run1_sub0, run2_sub0, run3_sub0, run4_sub0  (attack=label-flip, R=16.0%, k=800)
20:20:55 clean val=/home/ssn899/Desktop/TabFM/datasets/wids/splits/val_2000.csv (2000 rows)
20:20:55 
== protocol A: validation is an internal split of the given context (poisoned when the context is)
20:20:55     clean baseline: 5 fits reused from /home/ssn899/Desktop/TabFM/results/xgb_transfer/_clean_cache/clean_21b7476260b26ae8e64af4df.json
20:20:55     poisoned (5 contexts)
20:20:55     -- run0_sub0
20:21:07       seed 0: ce=0.31757 acc=0.9140 bacc=0.6023 mcc=0.3144 (iters=73, 12s)
20:21:07     -- run1_sub0
20:21:27       seed 1: ce=0.31299 acc=0.9040 bacc=0.6168 mcc=0.2959 (iters=191, 20s)
20:21:27     -- run2_sub0
20:21:39       seed 2: ce=0.31394 acc=0.9110 bacc=0.5706 mcc=0.2494 (iters=69, 12s)
20:21:39     -- run3_sub0
20:21:48       seed 3: ce=0.31841 acc=0.9100 bacc=0.5000 mcc=0.0000 (iters=37, 10s)
20:21:48     -- run4_sub0
20:22:00       seed 4: ce=0.31916 acc=0.9230 bacc=0.6223 mcc=0.3918 (iters=180, 12s)
20:22:00 
  protocol A -- validation is an internal split of the given context (poisoned when the context is)
20:22:00     metric                          clean          poisoned             delta      rel% |          TabPFN d  TabPFN rel%  transfer%
20:22:00     -------------------------------------------------------------------------------------------------------------------------------
20:22:00     ce                    0.2155 ± 0.0025   0.3164 ± 0.0025  +0.1009 ± 0.0017     +46.8 |  +0.0891 ± 0.0050        +42.6       +113
20:22:00     accuracy              0.9192 ± 0.0033   0.9124 ± 0.0062  -0.0068 ± 0.0072      -0.7 |  -0.0084 ± 0.0083         -0.9        +81
20:22:00     balanced_accuracy     0.6402 ± 0.0065   0.5824 ± 0.0449  -0.0578 ± 0.0389      -9.0 |  -0.0296 ± 0.0218         -4.5       +195
20:22:00     mcc                   0.3886 ± 0.0219   0.2503 ± 0.1333  -0.1383 ± 0.1196     -35.6 |  -0.0716 ± 0.0424        -16.5       +193
20:22:00     roc_auc               0.8712 ± 0.0043   0.8115 ± 0.0748  -0.0597 ± 0.0744      -6.9 |  -0.0588 ± 0.0486         -6.7       +101
20:22:00     f1                    0.4007 ± 0.0167   0.2528 ± 0.1337  -0.1479 ± 0.1193     -36.9 |  -0.0728 ± 0.0448        -16.7       +203
20:22:00     transfer% = XGBoost delta / TabPFNv2 delta; 100 means the poison hurts both equally.
20:22:00     '~' marks a ratio whose denominator is near zero or inside its own spread -- read the absolute columns there.
20:22:00 
== protocol B: validation is the separate clean --val file
20:22:00     clean baseline: 5 fits reused from /home/ssn899/Desktop/TabFM/results/xgb_transfer/_clean_cache/clean_dfe14fbebd0fe6e8ce582d3c.json
20:22:00     poisoned (5 contexts)
20:22:00     -- run0_sub0
20:23:59       seed 0: ce=0.23486 acc=0.9210 bacc=0.6312 mcc=0.3879 (iters=1056, 119s)
20:23:59     -- run1_sub0
20:24:11       seed 1: ce=0.29410 acc=0.9150 bacc=0.5778 mcc=0.2854 (iters=20, 12s)
20:24:11     -- run2_sub0
20:25:08       seed 2: ce=0.26086 acc=0.9100 bacc=0.5901 mcc=0.2769 (iters=935, 58s)
20:25:08     -- run3_sub0
20:26:24       seed 3: ce=0.24982 acc=0.9090 bacc=0.5846 mcc=0.2633 (iters=797, 76s)
20:26:24     -- run4_sub0
20:27:57       seed 4: ce=0.24249 acc=0.9200 bacc=0.6306 mcc=0.3816 (iters=1164, 92s)
20:27:57 
  protocol B -- validation is the separate clean --val file
20:27:57     metric                          clean          poisoned             delta      rel% |          TabPFN d  TabPFN rel%  transfer%
20:27:57     -------------------------------------------------------------------------------------------------------------------------------
20:27:57     ce                    0.2139 ± 0.0038   0.2564 ± 0.0207  +0.0425 ± 0.0236     +19.9 |  +0.0891 ± 0.0050        +42.6        +48
20:27:57     accuracy              0.9188 ± 0.0028   0.9150 ± 0.0049  -0.0038 ± 0.0066      -0.4 |  -0.0084 ± 0.0083         -0.9        +45
20:27:57     balanced_accuracy     0.6410 ± 0.0048   0.6029 ± 0.0232  -0.0381 ± 0.0249      -5.9 |  -0.0296 ± 0.0218         -4.5       +129
20:27:57     mcc                   0.3873 ± 0.0188   0.3190 ± 0.0542  -0.0683 ± 0.0625     -17.6 |  -0.0716 ± 0.0424        -16.5        +95
20:27:57     roc_auc               0.8708 ± 0.0071   0.7926 ± 0.0247  -0.0783 ± 0.0273      -9.0 |  -0.0588 ± 0.0486         -6.7       +133
20:27:57     f1                    0.4013 ± 0.0135   0.3182 ± 0.0560  -0.0831 ± 0.0611     -20.7 |  -0.0728 ± 0.0448        -16.7       +114
20:27:57     transfer% = XGBoost delta / TabPFNv2 delta; 100 means the poison hurts both equally.
20:27:57     '~' marks a ratio whose denominator is near zero or inside its own spread -- read the absolute columns there.
20:27:57 
wrote /home/ssn899/Desktop/TabFM/results/xgb_transfer/wids/label-flip_random_r016/summary.json
