06:03:34 [x-capgd] datasets/wids/splits/selected/natural/context_5000.csv (5000x108) -> datasets/wids/splits/test_attack_1000.csv (1000 of 1000)  k=1500 (30.0%)  attack_class=None  grid 1x1  cuda:3
06:03:40   clean  ce=0.20899 auc=0.8795 acc=0.9250 f1=0.4361  max|dp| over 3 repeats=0.00e+00  chunking_exact=True  [5.2s]
06:03:40   constraints=full (31 relations, dataset 'wids')  scaler=metadata  mutable 108/108  int 60  cat 9
06:03:40   -- trial run0_sub0
06:03:45     iter   0  obj 0.10032  best 0.10032  step 0.9500
06:03:50     iter   1  obj -6.99072  best 0.10032  step 0.9500
06:03:55     iter   2  obj -0.02830  best 0.10032  step 0.9500
06:04:00     iter   3  obj -0.26107  best 0.10032  step 0.9500
06:04:04     iter   4  obj -0.37264  best 0.10032  step 0.9500
06:04:09     iter   5  obj -0.50655  best 0.10032  step 0.9500
06:04:14     iter   6  obj -0.50217  best 0.10032  step 0.9500
06:04:19     iter   7  obj -2.11841  best 0.10032  step 0.9500
06:04:24     iter   8  obj -0.32721  best 0.10032  step 0.9500
06:04:29     iter   9  obj -0.93350  best 0.10032  step 0.9500
06:04:34     iter  10  obj -0.37696  best 0.10032  step 0.9500
06:04:39     iter  11  obj -0.33442  best 0.10032  step 0.9500
06:04:43     iter  12  obj -0.47848  best 0.10032  step 0.9500
06:04:48     iter  13  obj -2.08350  best 0.10032  step 0.9500
06:04:53     iter  14  obj -0.30378  best 0.10032  step 0.9500
06:04:58     iter  15  obj -0.98706  best 0.10032  step 0.9500
06:05:03     iter  16  obj -0.41474  best 0.10032  step 0.9500
06:05:08     iter  17  obj -0.52260  best 0.10032  step 0.9500
06:05:13     iter  18  obj -0.55128  best 0.10032  step 0.9500
06:05:18     iter  19  obj -1.83572  best 0.10032  step 0.9500
06:05:22     iter  20  obj -0.36983  best 0.10032  step 0.9500
06:05:27     iter  21  obj -1.37873  best 0.10032  step 0.9500
06:05:32     iter  22  obj -0.46336  best 0.10032  step 0.9500
06:05:37     iter  23  obj -0.43053  best 0.10032  step 0.9500
06:05:42     iter  24  obj -0.47746  best 0.10032  step 0.9500
06:05:47     iter  25  obj -1.89836  best 0.10032  step 0.9500
06:05:52     iter  26  obj -0.34240  best 0.10032  step 0.9500
06:05:57     iter  27  obj -1.45336  best 0.10032  step 0.9500
06:06:02     iter  28  obj -0.42091  best 0.10032  step 0.9500
06:06:06     iter  29  obj -0.39569  best 0.10032  step 0.9500
06:06:11     iter  30  obj -0.60804  best 0.10032  step 0.9500
06:06:16     iter  31  obj -1.79217  best 0.10032  step 0.9500
06:06:21     iter  32  obj -0.49000  best 0.10032  step 0.9500
06:06:26     iter  33  obj -0.55815  best 0.10032  step 0.9500
06:06:31     iter  34  obj -0.64125  best 0.10032  step 0.9500
06:06:36     iter  35  obj -0.41629  best 0.10032  step 0.9500
06:06:41     iter  36  obj -0.73299  best 0.10032  step 0.9500
06:06:45     iter  37  obj -1.82723  best 0.10032  step 0.9500
06:06:50     iter  38  obj -0.58142  best 0.10032  step 0.9500
06:06:55     iter  39  obj -1.16054  best 0.10032  step 0.9500
06:07:00     iter  40  obj -0.29813  best 0.10032  step 0.9500
06:07:05     iter  41  obj -0.38291  best 0.10032  step 0.9500
06:07:10     iter  42  obj -0.75788  best 0.10032  step 0.9500
06:07:15     iter  43  obj -1.87348  best 0.10032  step 0.9500
06:07:20     iter  44  obj -0.56961  best 0.10032  step 0.9500
06:07:25     iter  45  obj -0.99355  best 0.10032  step 0.9500
06:07:29     iter  46  obj -0.74337  best 0.10032  step 0.9500
06:07:34     iter  47  obj -0.40033  best 0.10032  step 0.9500
06:07:39     iter  48  obj -0.51440  best 0.10032  step 0.9500
06:07:44     iter  49  obj -1.83593  best 0.10032  step 0.9500
06:07:49     iter  50  obj -0.50084  best 0.10032  step 0.9500
06:07:54     iter  51  obj -1.33685  best 0.10032  step 0.9500
06:07:59     iter  52  obj -0.60178  best 0.10032  step 0.9500
06:08:04     iter  53  obj -0.48416  best 0.10032  step 0.9500
06:08:08     iter  54  obj -0.51893  best 0.10032  step 0.9500
06:08:13     iter  55  obj -2.10764  best 0.10032  step 0.9500
06:08:18     iter  56  obj -0.62555  best 0.10032  step 0.9500
06:08:23     iter  57  obj -1.26497  best 0.10032  step 0.9500
06:08:28     iter  58  obj -0.40559  best 0.10032  step 0.9500
06:08:33     iter  59  obj -0.85565  best 0.10032  step 0.9500
06:08:38     iter  60  obj -0.61797  best 0.10032  step 0.9500
06:08:43     iter  61  obj -1.83550  best 0.10032  step 0.9500
06:08:47     iter  62  obj -0.39854  best 0.10032  step 0.9500
06:08:52     iter  63  obj -0.64183  best 0.10032  step 0.9500
06:08:57     iter  64  obj -0.35985  best 0.10032  step 0.9500
06:09:02     iter  65  obj -0.31305  best 0.10032  step 0.9500
06:09:07     iter  66  obj -0.66190  best 0.10032  step 0.4750  halved
06:09:12     iter  67  obj -31.18380  best 0.10032  step 0.4750
06:09:17     iter  68  obj -2.19139  best 0.10032  step 0.4750
06:09:22     iter  69  obj 0.04801  best 0.10032  step 0.4750
06:09:26     iter  70  obj -0.11791  best 0.10032  step 0.4750
06:09:31     iter  71  obj -0.26499  best 0.10032  step 0.4750
06:09:36     iter  72  obj -0.05094  best 0.10032  step 0.4750
06:09:41     iter  73  obj -0.08441  best 0.10032  step 0.4750
06:09:46     iter  74  obj -0.17125  best 0.10032  step 0.4750
06:09:51     iter  75  obj -0.30025  best 0.10032  step 0.4750
06:09:56     iter  76  obj -0.99756  best 0.10032  step 0.4750
06:10:01     iter  77  obj -0.35871  best 0.10032  step 0.4750
06:10:05     iter  78  obj -0.28190  best 0.10032  step 0.4750
06:10:10     iter  79  obj -0.25688  best 0.10032  step 0.4750
06:10:15     iter  80  obj -0.80854  best 0.10032  step 0.4750
06:10:20     iter  81  obj -1.16082  best 0.10032  step 0.4750
06:10:25     iter  82  obj -0.25445  best 0.10032  step 0.4750
06:10:30     iter  83  obj -0.40622  best 0.10032  step 0.4750
06:10:35     iter  84  obj -0.15284  best 0.10032  step 0.4750
06:10:40     iter  85  obj -0.43924  best 0.10032  step 0.4750
06:10:44     iter  86  obj -0.29144  best 0.10032  step 0.4750
06:10:49     iter  87  obj -0.69668  best 0.10032  step 0.4750
06:10:54     iter  88  obj -1.13631  best 0.10032  step 0.4750
06:10:59     iter  89  obj -0.18927  best 0.10032  step 0.4750
06:11:04     iter  90  obj -0.47673  best 0.10032  step 0.4750
06:11:09     iter  91  obj -0.21110  best 0.10032  step 0.4750
06:11:14     iter  92  obj -0.36723  best 0.10032  step 0.4750
06:11:18     iter  93  obj -0.16373  best 0.10032  step 0.4750
06:11:23     iter  94  obj -0.06622  best 0.10032  step 0.4750
06:11:28     iter  95  obj -0.51942  best 0.10032  step 0.4750
06:11:33     iter  96  obj -0.24663  best 0.10032  step 0.4750
06:11:38     iter  97  obj -0.39921  best 0.10032  step 0.4750
06:11:43     iter  98  obj -0.43333  best 0.10032  step 0.4750
06:11:48     iter  99  obj -0.20268  best 0.10032  step 0.4750
06:11:53     iter 100  obj -0.70766  best 0.10032  step 0.4750
06:11:57     iter 101  obj -0.88830  best 0.10032  step 0.4750
06:12:02     iter 102  obj -0.60263  best 0.10032  step 0.4750
06:12:07     iter 103  obj -0.26580  best 0.10032  step 0.4750
06:12:12     iter 104  obj -0.33947  best 0.10032  step 0.4750
06:12:17     iter 105  obj -0.28796  best 0.10032  step 0.4750
06:12:22     iter 106  obj -0.40943  best 0.10032  step 0.4750
06:12:27     iter 107  obj -0.50310  best 0.10032  step 0.4750
06:12:32     iter 108  obj -0.25577  best 0.10032  step 0.4750
06:12:36     iter 109  obj -0.63436  best 0.10032  step 0.4750
06:12:41     iter 110  obj -0.64242  best 0.10032  step 0.4750
06:12:46     iter 111  obj -0.99501  best 0.10032  step 0.4750
06:12:51     iter 112  obj -0.45481  best 0.10032  step 0.4750
06:12:56     iter 113  obj -0.01578  best 0.10032  step 0.4750
06:13:01     iter 114  obj -0.55878  best 0.10032  step 0.4750
06:13:06     iter 115  obj -0.21381  best 0.10032  step 0.4750
06:13:11     iter 116  obj -0.31972  best 0.10032  step 0.4750
06:13:16     iter 117  obj -0.21051  best 0.10032  step 0.4750
06:13:20     iter 118  obj -0.18894  best 0.10032  step 0.4750
06:13:25     iter 119  obj -0.12676  best 0.10032  step 0.4750
06:13:30     iter 120  obj -0.01548  best 0.10032  step 0.4750
06:13:35     iter 121  obj -0.94046  best 0.10032  step 0.4750
06:13:40     iter 122  obj -0.10073  best 0.10032  step 0.4750
06:13:45     iter 123  obj -1.03772  best 0.10032  step 0.2375  halved
06:13:50     iter 124  obj -20.86945  best 0.10032  step 0.2375
06:13:55     iter 125  obj -2.61266  best 0.10032  step 0.2375
06:13:59     iter 126  obj -0.02029  best 0.10032  step 0.2375
06:14:04     iter 127  obj 0.13806  best 0.13806  step 0.2375  *
06:14:09     iter 128  obj 0.09727  best 0.13806  step 0.2375
06:14:14     iter 129  obj -0.09341  best 0.13806  step 0.2375
06:14:19     iter 130  obj 0.00316  best 0.13806  step 0.2375
06:14:24     iter 131  obj 0.07854  best 0.13806  step 0.2375
06:14:29     iter 132  obj 0.10389  best 0.13806  step 0.2375
06:14:34     iter 133  obj 0.07620  best 0.13806  step 0.2375
06:14:39     iter 134  obj -0.03152  best 0.13806  step 0.2375
06:14:43     iter 135  obj -0.03816  best 0.13806  step 0.2375
06:14:48     iter 136  obj 0.13743  best 0.13806  step 0.2375
06:14:53     iter 137  obj 0.07743  best 0.13806  step 0.2375
06:14:58     iter 138  obj -0.55572  best 0.13806  step 0.2375
06:15:03     iter 139  obj -0.04968  best 0.13806  step 0.2375
06:15:08     iter 140  obj 0.14042  best 0.14042  step 0.2375  *
06:15:13     iter 141  obj 0.10128  best 0.14042  step 0.2375
06:15:18     iter 142  obj 0.09360  best 0.14042  step 0.2375
06:15:22     iter 143  obj 0.08739  best 0.14042  step 0.2375
06:15:27     iter 144  obj -0.14424  best 0.14042  step 0.2375
06:15:32     iter 145  obj 0.06065  best 0.14042  step 0.2375
06:15:37     iter 146  obj 0.17888  best 0.17888  step 0.2375  *
06:15:42     iter 147  obj -0.01294  best 0.17888  step 0.2375
06:15:47     iter 148  obj 0.16851  best 0.17888  step 0.2375
06:15:52     iter 149  obj -0.06402  best 0.17888  step 0.2375
06:15:57     iter 150  obj -0.07987  best 0.17888  step 0.2375
06:16:01     iter 151  obj 0.10116  best 0.17888  step 0.2375
06:16:06     iter 152  obj 0.23075  best 0.23075  step 0.2375  *
06:16:11     iter 153  obj 0.14351  best 0.23075  step 0.2375
06:16:16     iter 154  obj 0.03364  best 0.23075  step 0.2375
06:16:21     iter 155  obj -0.18619  best 0.23075  step 0.2375
06:16:26     iter 156  obj -0.00059  best 0.23075  step 0.2375
06:16:31     iter 157  obj 0.12612  best 0.23075  step 0.2375
06:16:36     iter 158  obj 0.15446  best 0.23075  step 0.2375
06:16:40     iter 159  obj 0.15180  best 0.23075  step 0.2375
06:16:45     iter 160  obj 0.13576  best 0.23075  step 0.2375
06:16:50     iter 161  obj -0.13322  best 0.23075  step 0.2375
06:16:55     iter 162  obj 0.17793  best 0.23075  step 0.2375
06:17:00     iter 163  obj 0.13969  best 0.23075  step 0.2375
06:17:05     iter 164  obj 0.16688  best 0.23075  step 0.2375
06:17:10     iter 165  obj 0.09572  best 0.23075  step 0.2375
06:17:15     iter 166  obj -0.04425  best 0.23075  step 0.2375
06:17:19     iter 167  obj -0.25976  best 0.23075  step 0.2375
06:17:24     iter 168  obj 0.03049  best 0.23075  step 0.2375
06:17:29     iter 169  obj -0.00915  best 0.23075  step 0.2375
06:17:34     iter 170  obj 0.17856  best 0.23075  step 0.2375
06:17:39     iter 171  obj -0.40571  best 0.23075  step 0.1188  halved
06:17:44     iter 172  obj -3.85496  best 0.23075  step 0.1188
06:17:49     iter 173  obj -0.07397  best 0.23075  step 0.1188
06:17:54     iter 174  obj 0.25762  best 0.25762  step 0.1188  *
06:17:58     iter 175  obj 0.28030  best 0.28030  step 0.1188  *
06:18:03     iter 176  obj 0.18935  best 0.28030  step 0.1188
06:18:08     iter 177  obj 0.28526  best 0.28526  step 0.1188  *
06:18:13     iter 178  obj 0.27352  best 0.28526  step 0.1188
06:18:18     iter 179  obj 0.22825  best 0.28526  step 0.1188
06:18:23     iter 180  obj 0.31468  best 0.31468  step 0.1188  *
06:18:28     iter 181  obj 0.33284  best 0.33284  step 0.1188  *
06:18:33     iter 182  obj 0.35242  best 0.35242  step 0.1188  *
06:18:37     iter 183  obj 0.33112  best 0.35242  step 0.1188
06:18:42     iter 184  obj 0.39218  best 0.39218  step 0.1188  *
06:18:47     iter 185  obj 0.29722  best 0.39218  step 0.1188
06:18:52     iter 186  obj 0.33980  best 0.39218  step 0.1188
06:18:57     iter 187  obj 0.37195  best 0.39218  step 0.1188
06:19:02     iter 188  obj 0.40749  best 0.40749  step 0.1188  *
06:19:07     iter 189  obj 0.43854  best 0.43854  step 0.1188  *
06:19:12     iter 190  obj 0.42609  best 0.43854  step 0.1188
06:19:16     iter 191  obj 0.29741  best 0.43854  step 0.1188
06:19:21     iter 192  obj 0.32705  best 0.43854  step 0.1188
06:19:26     iter 193  obj 0.49221  best 0.49221  step 0.1188  *
06:19:31     iter 194  obj 0.46858  best 0.49221  step 0.1188
06:19:36     iter 195  obj 0.53749  best 0.53749  step 0.1188  *
06:19:41     iter 196  obj 0.50864  best 0.53749  step 0.1188
06:19:46     iter 197  obj 0.57179  best 0.57179  step 0.1188  *
06:19:51     iter 198  obj 0.37906  best 0.57179  step 0.1188
06:19:55     iter 199  obj 0.37924  best 0.57179  step 0.1188
06:20:00     iter 200  obj 0.56364  best 0.57179  step 0.1188
06:20:05     iter 201  obj 0.52433  best 0.57179  step 0.1188
06:20:10     iter 202  obj 0.52982  best 0.57179  step 0.1188
06:20:15     iter 203  obj 0.44533  best 0.57179  step 0.1188
06:20:20     iter 204  obj 0.49082  best 0.57179  step 0.1188
06:20:25     iter 205  obj 0.43074  best 0.57179  step 0.1188
06:20:30     iter 206  obj 0.55552  best 0.57179  step 0.1188
06:20:35     iter 207  obj 0.55214  best 0.57179  step 0.1188
06:20:39     iter 208  obj 0.52109  best 0.57179  step 0.1188
06:20:44     iter 209  obj 0.49862  best 0.57179  step 0.1188
06:20:49     iter 210  obj 0.56092  best 0.57179  step 0.0594  halved
06:20:54     iter 211  obj -0.45898  best 0.57179  step 0.0594
06:20:59     iter 212  obj 0.52292  best 0.57179  step 0.0594
06:21:04     iter 213  obj 0.62603  best 0.62603  step 0.0594  *
06:21:09     iter 214  obj 0.71524  best 0.71524  step 0.0594  *
06:21:14     iter 215  obj 0.63294  best 0.71524  step 0.0594
06:21:18     iter 216  obj 0.71445  best 0.71524  step 0.0594
06:21:23     iter 217  obj 0.60435  best 0.71524  step 0.0594
06:21:28     iter 218  obj 0.47740  best 0.71524  step 0.0594
06:21:33     iter 219  obj 0.56472  best 0.71524  step 0.0594
06:21:38     iter 220  obj 0.72008  best 0.72008  step 0.0594  *
06:21:43     iter 221  obj 0.67771  best 0.72008  step 0.0594
06:21:48     iter 222  obj 0.75563  best 0.75563  step 0.0594  *
06:21:53     iter 223  obj 0.82033  best 0.82033  step 0.0594  *
06:21:58     iter 224  obj 0.50053  best 0.82033  step 0.0594
06:22:02     iter 225  obj 0.56302  best 0.82033  step 0.0594
06:22:07     iter 226  obj 0.64375  best 0.82033  step 0.0594
06:22:12     iter 227  obj 0.56153  best 0.82033  step 0.0594
06:22:17     iter 228  obj 0.73311  best 0.82033  step 0.0594
06:22:22     iter 229  obj 0.76714  best 0.82033  step 0.0594
06:22:27     iter 230  obj 0.89517  best 0.89517  step 0.0594  *
06:22:32     iter 231  obj 0.81245  best 0.89517  step 0.0594
06:22:37     iter 232  obj 0.93234  best 0.93234  step 0.0594  *
06:22:41     iter 233  obj 0.91602  best 0.93234  step 0.0594
06:22:46     iter 234  obj 0.91905  best 0.93234  step 0.0594
06:22:51     iter 235  obj 0.67871  best 0.93234  step 0.0594
06:22:56     iter 236  obj 0.86335  best 0.93234  step 0.0594
06:23:01     iter 237  obj 0.93211  best 0.93234  step 0.0594
06:23:06     iter 238  obj 0.86188  best 0.93234  step 0.0594
06:23:11     iter 239  obj 1.03859  best 1.03859  step 0.0594  *
06:23:16     iter 240  obj 0.98867  best 1.03859  step 0.0297  halved
06:23:20     iter 241  obj 1.19082  best 1.19082  step 0.0297  *
06:23:25     iter 242  obj 1.24350  best 1.24350  step 0.0297  *
06:23:30     iter 243  obj 1.39546  best 1.39546  step 0.0297  *
06:23:35     iter 244  obj 1.26541  best 1.39546  step 0.0297
06:23:40     iter 245  obj 1.40305  best 1.40305  step 0.0297  *
06:23:45     iter 246  obj 1.55179  best 1.55179  step 0.0297  *
06:23:50     iter 247  obj 1.48164  best 1.55179  step 0.0297
06:23:55     iter 248  obj 1.59349  best 1.59349  step 0.0297  *
06:23:59     iter 249  obj 1.74891  best 1.74891  step 0.0297  *
06:24:04     iter 250  obj 1.69244  best 1.74891  step 0.0297
06:24:09     iter 251  obj 1.81816  best 1.81816  step 0.0297  *
06:24:14     iter 252  obj 1.84422  best 1.84422  step 0.0297  *
06:24:19     iter 253  obj 1.97018  best 1.97018  step 0.0297  *
06:24:24     iter 254  obj 1.73534  best 1.97018  step 0.0297
06:24:29     iter 255  obj 2.02966  best 2.02966  step 0.0297  *
06:24:34     iter 256  obj 1.89381  best 2.02966  step 0.0297
06:24:38     iter 257  obj 1.99188  best 2.02966  step 0.0297
06:24:43     iter 258  obj 1.99010  best 2.02966  step 0.0297
06:24:48     iter 259  obj 2.02921  best 2.02966  step 0.0297
06:24:53     iter 260  obj 1.93606  best 2.02966  step 0.0297
06:24:58     iter 261  obj 2.04766  best 2.04766  step 0.0148  *  halved
06:25:03     iter 262  obj 2.35068  best 2.35068  step 0.0148  *
06:25:08     iter 263  obj 2.49786  best 2.49786  step 0.0148  *
06:25:13     iter 264  obj 2.48876  best 2.49786  step 0.0148
06:25:17     iter 265  obj 2.64679  best 2.64679  step 0.0148  *
06:25:22     iter 266  obj 2.69780  best 2.69780  step 0.0148  *
06:25:27     iter 267  obj 2.76538  best 2.76538  step 0.0148  *
06:25:32     iter 268  obj 2.92604  best 2.92604  step 0.0148  *
06:25:37     iter 269  obj 2.77752  best 2.92604  step 0.0148
06:25:42     iter 270  obj 2.95839  best 2.95839  step 0.0148  *
06:25:47     iter 271  obj 3.16623  best 3.16623  step 0.0148  *
06:25:52     iter 272  obj 3.34022  best 3.34022  step 0.0148  *
06:25:56     iter 273  obj 3.37252  best 3.37252  step 0.0148  *
06:26:01     iter 274  obj 3.65208  best 3.65208  step 0.0148  *
06:26:06     iter 275  obj 4.70203  best 4.70203  step 0.0148  *
06:26:11     iter 276  obj 4.81807  best 4.81807  step 0.0148  *
06:26:16     iter 277  obj 5.73537  best 5.73537  step 0.0148  *
06:26:21     iter 278  obj 5.44949  best 5.73537  step 0.0148
06:26:26     iter 279  obj 5.26639  best 5.73537  step 0.0148
06:26:31     iter 280  obj 6.11941  best 6.11941  step 0.0148  *
06:26:35     iter 281  obj 6.64565  best 6.64565  step 0.0148  *
06:26:40     iter 282  obj 6.83900  best 6.83900  step 0.0148  *
06:26:45     iter 283  obj 6.99040  best 6.99040  step 0.0148  *
06:26:50     iter 284  obj 7.25807  best 7.25807  step 0.0148  *
06:26:55     iter 285  obj 8.14130  best 8.14130  step 0.0148  *
06:27:00     iter 286  obj 8.35204  best 8.35204  step 0.0148  *
06:27:05     iter 287  obj 7.97917  best 8.35204  step 0.0148
06:27:10     iter 288  obj 8.20926  best 8.35204  step 0.0148
06:27:14     iter 289  obj 8.71943  best 8.71943  step 0.0148  *
06:27:19     iter 290  obj 10.34449  best 10.34449  step 0.0148  *
06:27:24     iter 291  obj 9.89802  best 10.34449  step 0.0148
06:27:29     iter 292  obj 10.53597  best 10.53597  step 0.0148  *
06:27:34     iter 293  obj 11.09241  best 11.09241  step 0.0148  *
06:27:39     iter 294  obj 10.44411  best 11.09241  step 0.0148
06:27:44     iter 295  obj 11.50253  best 11.50253  step 0.0148  *
06:27:49     iter 296  obj 6.58096  best 11.50253  step 0.0148
06:27:54     iter 297  obj 10.46100  best 11.50253  step 0.0148
06:27:58     iter 298  obj 10.46600  best 11.50253  step 0.0148
06:28:03     iter 299  obj 11.86139  best 11.86139  step 0.0148  *
06:28:08     iter 300  obj 12.30351  best 12.30351  step 0.0148  *
06:28:09      poisoned ce=0.92611 auc=0.2466 acc=0.7700 f1=0.0336  dce=+0.71712 dacc=-0.1550  k=1500  [1469.3s]
06:28:09   mean over 1 trials: dce=+0.71712 dacc=-0.1550 dauc=-0.6329  -> results/niter_be/wids_wids_rs1_it300
