12:41:22 [label-flip] /home/ssn899/Desktop/TabFM/datasets/url_unique/splits/selected/natural/context_5000.csv (5000x63) -> /home/ssn899/Desktop/TabFM/datasets/url_unique/splits/test_attack_1000.csv (1000 of 1000)  k=800 (16.0%)  attack_class=None  grid 5x1  cuda:1
12:41:26   clean  ce=0.09328 auc=0.9935 acc=0.9650 f1=0.9644  max|dp| over 3 repeats=0.00e+00  chunking_exact=True  [3.3s]
12:41:26   GA: GAConfig(population=16, generations=20, elite=2, tournament=3, crossover_prob=0.9, mutation_rate=None, seed_full=True, patience=8, batch_size=16, fitness_test_rows=None)
12:41:26   -- trial run0_sub0
12:41:41     gen   0  best 0.27519  mean 0.18900  best_so_far 0.27519  flips 800  evals 16
12:41:51     gen   1  best 0.27519  mean 0.21766  best_so_far 0.27519  flips 800  evals 30
12:42:01     gen   2  best 0.27519  mean 0.22974  best_so_far 0.27519  flips 800  evals 44
12:42:09     gen   3  best 0.27519  mean 0.23716  best_so_far 0.27519  flips 800  evals 56
12:42:18     gen   4  best 0.27519  mean 0.24219  best_so_far 0.27519  flips 800  evals 69
12:42:27     gen   5  best 0.27519  mean 0.25762  best_so_far 0.27519  flips 800  evals 82
12:42:35     gen   6  best 0.27543  mean 0.26812  best_so_far 0.27543  flips 800  evals 93
12:42:45     gen   7  best 0.27698  mean 0.27377  best_so_far 0.27698  flips 799  evals 107
12:42:54     gen   8  best 0.27771  mean 0.27548  best_so_far 0.27771  flips 800  evals 120
12:43:02     gen   9  best 0.27819  mean 0.27684  best_so_far 0.27819  flips 800  evals 132
12:43:11     gen  10  best 0.28005  mean 0.27737  best_so_far 0.28005  flips 800  evals 145
12:43:20     gen  11  best 0.28228  mean 0.27839  best_so_far 0.28228  flips 799  evals 158
12:43:30     gen  12  best 0.28228  mean 0.28046  best_so_far 0.28228  flips 799  evals 172
12:43:38     gen  13  best 0.28360  mean 0.28136  best_so_far 0.28360  flips 800  evals 184
12:43:46     gen  14  best 0.28360  mean 0.28133  best_so_far 0.28360  flips 800  evals 195
12:43:56     gen  15  best 0.28438  mean 0.28150  best_so_far 0.28438  flips 800  evals 209
12:44:04     gen  16  best 0.28512  mean 0.28257  best_so_far 0.28512  flips 800  evals 221
12:44:14     gen  17  best 0.28597  mean 0.28327  best_so_far 0.28597  flips 800  evals 235
12:44:23     gen  18  best 0.28747  mean 0.28414  best_so_far 0.28747  flips 798  evals 248
12:44:33     gen  19  best 0.28923  mean 0.28513  best_so_far 0.28923  flips 800  evals 262
12:44:41     gen  20  best 0.29124  mean 0.28656  best_so_far 0.29124  flips 800  evals 274
12:44:43      GA: 800/800 flips from pool 5000, 274 evals, 20 gens; influence-topk baseline dce=+0.18191 dacc=-0.0930
12:44:43      poisoned ce=0.29124 auc=0.9607 acc=0.8680 f1=0.8533  dce=+0.19796 dacc=-0.0970  k=800  [196.4s]
12:44:43   -- trial run1_sub0
12:44:58     gen   0  best 0.27519  mean 0.18709  best_so_far 0.27519  flips 800  evals 16
12:45:07     gen   1  best 0.27519  mean 0.21304  best_so_far 0.27519  flips 800  evals 30
12:45:17     gen   2  best 0.27519  mean 0.22732  best_so_far 0.27519  flips 800  evals 43
12:45:26     gen   3  best 0.27519  mean 0.24004  best_so_far 0.27519  flips 800  evals 56
12:45:35     gen   4  best 0.27654  mean 0.25165  best_so_far 0.27654  flips 800  evals 69
12:45:44     gen   5  best 0.27654  mean 0.26517  best_so_far 0.27654  flips 800  evals 83
12:45:53     gen   6  best 0.27654  mean 0.27182  best_so_far 0.27654  flips 800  evals 95
12:46:01     gen   7  best 0.28361  mean 0.27624  best_so_far 0.28361  flips 800  evals 107
12:46:11     gen   8  best 0.28620  mean 0.27873  best_so_far 0.28620  flips 800  evals 121
12:46:20     gen   9  best 0.28620  mean 0.28085  best_so_far 0.28620  flips 800  evals 134
12:46:29     gen  10  best 0.28620  mean 0.28227  best_so_far 0.28620  flips 800  evals 147
12:46:39     gen  11  best 0.28653  mean 0.28393  best_so_far 0.28653  flips 798  evals 161
12:46:48     gen  12  best 0.28741  mean 0.28524  best_so_far 0.28741  flips 799  evals 174
12:46:57     gen  13  best 0.29054  mean 0.28669  best_so_far 0.29054  flips 800  evals 187
12:47:07     gen  14  best 0.29193  mean 0.28938  best_so_far 0.29193  flips 799  evals 201
12:47:16     gen  15  best 0.29622  mean 0.29153  best_so_far 0.29622  flips 800  evals 215
12:47:26     gen  16  best 0.29775  mean 0.29236  best_so_far 0.29775  flips 800  evals 229
12:47:35     gen  17  best 0.29775  mean 0.29417  best_so_far 0.29775  flips 800  evals 242
12:47:45     gen  18  best 0.29939  mean 0.29556  best_so_far 0.29939  flips 800  evals 256
12:47:55     gen  19  best 0.29939  mean 0.29620  best_so_far 0.29939  flips 800  evals 270
12:48:03     gen  20  best 0.30111  mean 0.29810  best_so_far 0.30111  flips 800  evals 282
12:48:05      GA: 800/800 flips from pool 5000, 282 evals, 20 gens; influence-topk baseline dce=+0.18191 dacc=-0.0930
12:48:05      poisoned ce=0.30111 auc=0.9591 acc=0.8540 f1=0.8367  dce=+0.20783 dacc=-0.1110  k=800  [201.7s]
12:48:05   -- trial run2_sub0
12:48:19     gen   0  best 0.27519  mean 0.18905  best_so_far 0.27519  flips 800  evals 16
12:48:28     gen   1  best 0.27627  mean 0.22176  best_so_far 0.27627  flips 800  evals 29
12:48:37     gen   2  best 0.27627  mean 0.23849  best_so_far 0.27627  flips 800  evals 41
12:48:46     gen   3  best 0.27975  mean 0.26059  best_so_far 0.27975  flips 800  evals 54
12:48:54     gen   4  best 0.27975  mean 0.27153  best_so_far 0.27975  flips 800  evals 65
12:49:03     gen   5  best 0.27975  mean 0.27647  best_so_far 0.27975  flips 800  evals 78
12:49:11     gen   6  best 0.28083  mean 0.27775  best_so_far 0.28083  flips 800  evals 90
12:49:20     gen   7  best 0.28204  mean 0.27930  best_so_far 0.28204  flips 800  evals 103
12:49:29     gen   8  best 0.28332  mean 0.28163  best_so_far 0.28332  flips 800  evals 115
12:49:37     gen   9  best 0.28541  mean 0.28247  best_so_far 0.28541  flips 800  evals 127
12:49:46     gen  10  best 0.28589  mean 0.28318  best_so_far 0.28589  flips 798  evals 140
12:49:55     gen  11  best 0.28699  mean 0.28468  best_so_far 0.28699  flips 797  evals 153
12:50:05     gen  12  best 0.29411  mean 0.28686  best_so_far 0.29411  flips 800  evals 167
12:50:15     gen  13  best 0.29411  mean 0.28902  best_so_far 0.29411  flips 800  evals 181
12:50:24     gen  14  best 0.29559  mean 0.29149  best_so_far 0.29559  flips 799  evals 194
12:50:33     gen  15  best 0.29559  mean 0.29316  best_so_far 0.29559  flips 799  evals 207
12:50:43     gen  16  best 0.29755  mean 0.29436  best_so_far 0.29755  flips 800  evals 221
12:50:50     gen  17  best 0.29936  mean 0.29571  best_so_far 0.29936  flips 800  evals 232
12:50:59     gen  18  best 0.29997  mean 0.29725  best_so_far 0.29997  flips 800  evals 244
12:51:07     gen  19  best 0.30020  mean 0.29765  best_so_far 0.30020  flips 800  evals 256
12:51:17     gen  20  best 0.30078  mean 0.29839  best_so_far 0.30078  flips 800  evals 270
12:51:18      GA: 800/800 flips from pool 5000, 270 evals, 20 gens; influence-topk baseline dce=+0.18191 dacc=-0.0930
12:51:18      poisoned ce=0.30078 auc=0.9613 acc=0.8570 f1=0.8395  dce=+0.20750 dacc=-0.1080  k=800  [193.9s]
12:51:18   -- trial run3_sub0
12:51:33     gen   0  best 0.27519  mean 0.18466  best_so_far 0.27519  flips 800  evals 16
12:51:42     gen   1  best 0.27527  mean 0.22485  best_so_far 0.27527  flips 800  evals 29
12:51:50     gen   2  best 0.27527  mean 0.24400  best_so_far 0.27527  flips 800  evals 40
12:51:57     gen   3  best 0.27694  mean 0.26533  best_so_far 0.27694  flips 800  evals 50
12:52:06     gen   4  best 0.27870  mean 0.27364  best_so_far 0.27870  flips 800  evals 62
12:52:14     gen   5  best 0.27870  mean 0.27498  best_so_far 0.27870  flips 800  evals 74
12:52:23     gen   6  best 0.27870  mean 0.27705  best_so_far 0.27870  flips 800  evals 87
12:52:33     gen   7  best 0.27952  mean 0.27739  best_so_far 0.27952  flips 800  evals 101
12:52:43     gen   8  best 0.28135  mean 0.27883  best_so_far 0.28135  flips 800  evals 115
12:52:52     gen   9  best 0.28135  mean 0.27905  best_so_far 0.28135  flips 800  evals 129
12:53:02     gen  10  best 0.28227  mean 0.27993  best_so_far 0.28227  flips 799  evals 143
12:53:09     gen  11  best 0.28259  mean 0.28106  best_so_far 0.28259  flips 800  evals 153
12:53:18     gen  12  best 0.28337  mean 0.28165  best_so_far 0.28337  flips 798  evals 165
12:53:27     gen  13  best 0.28761  mean 0.28320  best_so_far 0.28761  flips 800  evals 178
12:53:36     gen  14  best 0.28853  mean 0.28483  best_so_far 0.28853  flips 800  evals 192
12:53:45     gen  15  best 0.28957  mean 0.28599  best_so_far 0.28957  flips 800  evals 205
12:53:54     gen  16  best 0.29032  mean 0.28758  best_so_far 0.29032  flips 800  evals 217
12:54:03     gen  17  best 0.29305  mean 0.28871  best_so_far 0.29305  flips 800  evals 230
12:54:12     gen  18  best 0.29305  mean 0.29066  best_so_far 0.29305  flips 799  evals 243
12:54:22     gen  19  best 0.29525  mean 0.29109  best_so_far 0.29525  flips 800  evals 257
12:54:31     gen  20  best 0.29620  mean 0.29249  best_so_far 0.29620  flips 800  evals 270
12:54:32      GA: 800/800 flips from pool 5000, 270 evals, 20 gens; influence-topk baseline dce=+0.18191 dacc=-0.0930
12:54:32      poisoned ce=0.29620 auc=0.9608 acc=0.8600 f1=0.8441  dce=+0.20293 dacc=-0.1050  k=800  [193.8s]
12:54:32   -- trial run4_sub0
12:54:47     gen   0  best 0.27519  mean 0.21073  best_so_far 0.27519  flips 800  evals 16
12:54:57     gen   1  best 0.27519  mean 0.23086  best_so_far 0.27519  flips 800  evals 30
12:55:06     gen   2  best 0.27519  mean 0.24591  best_so_far 0.27519  flips 800  evals 43
12:55:14     gen   3  best 0.27519  mean 0.25098  best_so_far 0.27519  flips 800  evals 54
12:55:21     gen   4  best 0.27519  mean 0.25669  best_so_far 0.27519  flips 800  evals 64
12:55:29     gen   5  best 0.27639  mean 0.27165  best_so_far 0.27639  flips 800  evals 76
12:55:37     gen   6  best 0.27690  mean 0.27410  best_so_far 0.27690  flips 800  evals 88
12:55:47     gen   7  best 0.27690  mean 0.27530  best_so_far 0.27690  flips 800  evals 102
12:55:56     gen   8  best 0.27943  mean 0.27617  best_so_far 0.27943  flips 800  evals 114
12:56:04     gen   9  best 0.28189  mean 0.27741  best_so_far 0.28189  flips 800  evals 126
12:56:12     gen  10  best 0.28189  mean 0.27822  best_so_far 0.28189  flips 800  evals 138
12:56:22     gen  11  best 0.28359  mean 0.27951  best_so_far 0.28359  flips 800  evals 152
12:56:32     gen  12  best 0.28413  mean 0.28115  best_so_far 0.28413  flips 800  evals 166
12:56:40     gen  13  best 0.28413  mean 0.28191  best_so_far 0.28413  flips 800  evals 178
12:56:50     gen  14  best 0.28713  mean 0.28316  best_so_far 0.28713  flips 798  evals 192
12:56:59     gen  15  best 0.28713  mean 0.28446  best_so_far 0.28713  flips 798  evals 205
12:57:08     gen  16  best 0.28726  mean 0.28554  best_so_far 0.28726  flips 796  evals 217
12:57:15     gen  17  best 0.28729  mean 0.28661  best_so_far 0.28729  flips 799  evals 228
12:57:25     gen  18  best 0.28940  mean 0.28748  best_so_far 0.28940  flips 799  evals 241
12:57:34     gen  19  best 0.29111  mean 0.28860  best_so_far 0.29111  flips 800  evals 254
12:57:41     gen  20  best 0.29162  mean 0.28999  best_so_far 0.29162  flips 800  evals 264
12:57:42      GA: 800/800 flips from pool 5000, 264 evals, 20 gens; influence-topk baseline dce=+0.18191 dacc=-0.0930
12:57:42      poisoned ce=0.29162 auc=0.9615 acc=0.8640 f1=0.8482  dce=+0.19835 dacc=-0.1010  k=800  [189.9s]
12:57:42   best trial run1_sub0: dce=+0.20783 dacc=-0.1110  -> context_poisoned.csv
12:57:42   per-run winners: run0<-sub0 (dce=+0.19796), run1<-sub0 (dce=+0.20783), run2<-sub0 (dce=+0.20750), run3<-sub0 (dce=+0.20293), run4<-sub0 (dce=+0.19835)
12:57:42   best-subsample-per-run, mean over 5 runs: dce=+0.20291 dacc=-0.1044 dauc=-0.0328  -> /home/ssn899/Desktop/TabFM/results/main_experiments/url_unique/label-flip_random_r016
