20:10:35 xgboost: train=/home/ssn899/Desktop/TabFM/datasets/wids/splits/selected/natural/context_5000.csv (5000 rows)  test=/home/ssn899/Desktop/TabFM/datasets/wids/splits/test_attack_1000.csv (1000 rows)  target=hospital_death  drop=()
20:10:35 rebuilt 5 per-run-best contexts from /home/ssn899/Desktop/TabFM/results/main_experiments/wids/x-capgd_random_r064: run0_sub2, run1_sub0, run2_sub0, run3_sub0, run4_sub2  (attack=x-capgd, R=64.0%, k=3200)
20:10:35 clean val=/home/ssn899/Desktop/TabFM/datasets/wids/splits/val_2000.csv (2000 rows)
20:10:35 
== protocol A: validation is an internal split of the given context (poisoned when the context is)
20:10:35     clean baseline: 5 fits reused from /home/ssn899/Desktop/TabFM/results/xgb_transfer/_clean_cache/clean_21b7476260b26ae8e64af4df.json
20:10:35     poisoned (5 contexts)
20:10:35     -- run0_sub2
20:10:59       seed 0: ce=0.26025 acc=0.9010 bacc=0.6052 mcc=0.2687 (iters=26, 24s)
20:10:59     -- run1_sub0
20:11:33       seed 1: ce=0.25875 acc=0.9060 bacc=0.6129 mcc=0.2966 (iters=1171, 34s)
20:11:33     -- run2_sub0
20:12:00       seed 2: ce=0.24568 acc=0.9040 bacc=0.6168 mcc=0.2959 (iters=288, 26s)
20:12:00     -- run3_sub0
20:12:13       seed 3: ce=0.24202 acc=0.9080 bacc=0.6190 mcc=0.3126 (iters=76, 14s)
20:12:13     -- run4_sub2
20:12:42       seed 4: ce=0.25267 acc=0.8990 bacc=0.6091 mcc=0.2693 (iters=220, 29s)
20:12:42 
  protocol A -- validation is an internal split of the given context (poisoned when the context is)
20:12:42     metric                          clean          poisoned             delta      rel% |          TabPFN d  TabPFN rel%  transfer%
20:12:42     -------------------------------------------------------------------------------------------------------------------------------
20:12:42     ce                    0.2155 ± 0.0025   0.2519 ± 0.0071  +0.0363 ± 0.0087     +16.9 |  +1.0696 ± 0.5337       +511.8         +3
20:12:42     accuracy              0.9192 ± 0.0033   0.9036 ± 0.0033  -0.0156 ± 0.0052      -1.7 |  -0.3482 ± 0.2217        -37.6         +4
20:12:42     balanced_accuracy     0.6402 ± 0.0065   0.6126 ± 0.0050  -0.0276 ± 0.0113      -4.3 |  -0.1993 ± 0.0698        -30.5        +14
20:12:42     mcc                   0.3886 ± 0.0219   0.2886 ± 0.0171  -0.1000 ± 0.0355     -25.7 |  -0.4812 ± 0.0905       -111.2        +21
20:12:42     roc_auc               0.8712 ± 0.0043   0.8384 ± 0.0043  -0.0328 ± 0.0064      -3.8 |  -0.3820 ± 0.1080        -43.4         +9
20:12:42     f1                    0.4007 ± 0.0167   0.3251 ± 0.0130  -0.0756 ± 0.0288     -18.9 |  -0.3199 ± 0.0202        -73.4        +24
20:12:42     transfer% = XGBoost delta / TabPFNv2 delta; 100 means the poison hurts both equally.
20:12:42     '~' marks a ratio whose denominator is near zero or inside its own spread -- read the absolute columns there.
20:12:42 
== protocol B: validation is the separate clean --val file
20:12:42     clean baseline: 5 fits reused from /home/ssn899/Desktop/TabFM/results/xgb_transfer/_clean_cache/clean_dfe14fbebd0fe6e8ce582d3c.json
20:12:42     poisoned (5 contexts)
20:12:42     -- run0_sub2
20:13:11       seed 0: ce=0.23579 acc=0.9110 bacc=0.6257 mcc=0.3333 (iters=288, 29s)
20:13:11     -- run1_sub0
20:13:35       seed 1: ce=0.23441 acc=0.9120 bacc=0.6162 mcc=0.3244 (iters=238, 24s)
20:13:35     -- run2_sub0
20:13:56       seed 2: ce=0.22806 acc=0.9150 bacc=0.6379 mcc=0.3657 (iters=122, 20s)
20:13:56     -- run3_sub0
20:14:10       seed 3: ce=0.22684 acc=0.9140 bacc=0.6223 mcc=0.3414 (iters=172, 14s)
20:14:10     -- run4_sub2
20:14:41       seed 4: ce=0.23605 acc=0.9070 bacc=0.6285 mcc=0.3226 (iters=452, 31s)
20:14:41 
  protocol B -- validation is the separate clean --val file
20:14:41     metric                          clean          poisoned             delta      rel% |          TabPFN d  TabPFN rel%  transfer%
20:14:41     -------------------------------------------------------------------------------------------------------------------------------
20:14:41     ce                    0.2139 ± 0.0038   0.2322 ± 0.0040  +0.0183 ± 0.0029      +8.5 |  +1.0696 ± 0.5337       +511.8         +2
20:14:41     accuracy              0.9188 ± 0.0028   0.9118 ± 0.0028  -0.0070 ± 0.0023      -0.8 |  -0.3482 ± 0.2217        -37.6         +2
20:14:41     balanced_accuracy     0.6410 ± 0.0048   0.6261 ± 0.0072  -0.0149 ± 0.0069      -2.3 |  -0.1993 ± 0.0698        -30.5         +7
20:14:41     mcc                   0.3873 ± 0.0188   0.3375 ± 0.0156  -0.0498 ± 0.0116     -12.9 |  -0.4812 ± 0.0905       -111.2        +10
20:14:41     roc_auc               0.8708 ± 0.0071   0.8538 ± 0.0027  -0.0170 ± 0.0086      -2.0 |  -0.3820 ± 0.1080        -43.4         +4
20:14:41     f1                    0.4013 ± 0.0135   0.3617 ± 0.0147  -0.0396 ± 0.0122      -9.9 |  -0.3199 ± 0.0202        -73.4        +12
20:14:41     transfer% = XGBoost delta / TabPFNv2 delta; 100 means the poison hurts both equally.
20:14:41     '~' marks a ratio whose denominator is near zero or inside its own spread -- read the absolute columns there.
20:14:41 
wrote /home/ssn899/Desktop/TabFM/results/xgb_transfer/wids/x-capgd_random_r064/summary.json
