00:05:09 [x-capgd] /home/ssn899/Desktop/TabFM/datasets/wids/splits/selected/natural/context_5000.csv (5000x108) -> /home/ssn899/Desktop/TabFM/datasets/wids/splits/test_attack_1000.csv (1000 of 1000)  k=3200 (64.0%)  attack_class=None  grid 5x3  cuda:3
00:05:15   clean  ce=0.20899 auc=0.8795 acc=0.9250 f1=0.4361  max|dp| over 3 repeats=0.00e+00  chunking_exact=True  [5.1s]
00:05:15   constraints=full (31 relations, dataset 'wids')  scaler=metadata  mutable 108/108  int 60  cat 9
00:05:15   -- trial run0_sub0
00:05:19     iter   0  obj -0.03073  best -0.03073  step 0.9500
00:05:22     iter   1  obj -7.18185  best -0.03073  step 0.9500
00:05:26     iter   2  obj 0.01623  best 0.01623  step 0.9500  *
00:05:30     iter   3  obj -0.37581  best 0.01623  step 0.9500
00:05:34     iter   4  obj -1.34669  best 0.01623  step 0.9500
00:05:37     iter   5  obj -0.95922  best 0.01623  step 0.9500
00:05:41     iter   6  obj -1.27390  best 0.01623  step 0.9500
00:05:45     iter   7  obj -1.91419  best 0.01623  step 0.9500
00:05:48     iter   8  obj -0.90611  best 0.01623  step 0.4750  halved
00:05:52     iter   9  obj -9.49030  best 0.01623  step 0.4750
00:05:56     iter  10  obj -0.10141  best 0.01623  step 0.4750
00:05:59     iter  11  obj -1.29311  best 0.01623  step 0.4750
00:06:03     iter  12  obj -0.52458  best 0.01623  step 0.4750
00:06:07     iter  13  obj -0.67730  best 0.01623  step 0.4750
00:06:10     iter  14  obj -0.30270  best 0.01623  step 0.4750
00:06:14     iter  15  obj -0.34935  best 0.01623  step 0.2375  halved
00:06:18     iter  16  obj -9.21675  best 0.01623  step 0.2375
00:06:22     iter  17  obj -0.34457  best 0.01623  step 0.2375
00:06:25     iter  18  obj 0.01447  best 0.01623  step 0.2375
00:06:29     iter  19  obj 0.12019  best 0.12019  step 0.2375  *
00:06:33     iter  20  obj 0.04033  best 0.12019  step 0.2375
00:06:36     iter  21  obj 0.02267  best 0.12019  step 0.1187  halved
00:06:40     iter  22  obj 0.32630  best 0.32630  step 0.1187  *
00:06:44     iter  23  obj 0.27504  best 0.32630  step 0.1187
00:06:47     iter  24  obj 0.28701  best 0.32630  step 0.1187
00:06:51     iter  25  obj 0.23027  best 0.32630  step 0.1187
00:06:55     iter  26  obj 0.20798  best 0.32630  step 0.0594  halved
00:06:58     iter  27  obj -0.00432  best 0.32630  step 0.0594
00:07:02     iter  28  obj 0.35204  best 0.35204  step 0.0594  *
00:07:06     iter  29  obj 0.27328  best 0.35204  step 0.0594
00:07:10     iter  30  obj 0.38648  best 0.38648  step 0.0297  *  halved
00:07:13     iter  31  obj 0.39478  best 0.39478  step 0.0297  *
00:07:17     iter  32  obj 0.58324  best 0.58324  step 0.0297  *
00:07:21     iter  33  obj 0.51754  best 0.58324  step 0.0148  halved
00:07:24     iter  34  obj 0.57881  best 0.58324  step 0.0148
00:07:28     iter  35  obj 0.79107  best 0.79107  step 0.0148  *
00:07:32     iter  36  obj 0.76548  best 0.79107  step 0.0148
00:07:35     iter  37  obj 0.73611  best 0.79107  step 0.0074  halved
00:07:39     iter  38  obj 0.82214  best 0.82214  step 0.0074  *
00:07:43     iter  39  obj 0.85887  best 0.85887  step 0.0074  *
00:07:47     iter  40  obj 1.03279  best 1.03279  step 0.0074  *
00:07:49      poisoned ce=0.58073 auc=0.6499 acc=0.8750 f1=0.1135  dce=+0.37174 dacc=-0.0500  k=3200  [153.8s]
00:07:49   -- trial run0_sub1
00:07:53     iter   0  obj -0.04792  best -0.04792  step 0.9500
00:07:56     iter   1  obj -7.37223  best -0.04792  step 0.9500
00:08:00     iter   2  obj -0.04816  best -0.04792  step 0.9500
00:08:04     iter   3  obj -0.46145  best -0.04792  step 0.9500
00:08:07     iter   4  obj -0.56237  best -0.04792  step 0.9500
00:08:11     iter   5  obj -0.42501  best -0.04792  step 0.9500
00:08:15     iter   6  obj -1.57365  best -0.04792  step 0.9500
00:08:19     iter   7  obj -2.18643  best -0.04792  step 0.9500
00:08:22     iter   8  obj -0.60255  best -0.04792  step 0.4750  halved
00:08:26     iter   9  obj -17.69526  best -0.04792  step 0.4750
00:08:30     iter  10  obj -1.37046  best -0.04792  step 0.4750
00:08:33     iter  11  obj -0.24302  best -0.04792  step 0.4750
00:08:37     iter  12  obj -0.20146  best -0.04792  step 0.4750
00:08:41     iter  13  obj -0.51702  best -0.04792  step 0.4750
00:08:44     iter  14  obj -0.49936  best -0.04792  step 0.4750
00:08:48     iter  15  obj -0.78287  best -0.04792  step 0.2375  halved
00:08:52     iter  16  obj -29.75015  best -0.04792  step 0.2375
00:08:55     iter  17  obj -2.22896  best -0.04792  step 0.2375
00:08:59     iter  18  obj -0.04657  best -0.04657  step 0.2375  *
00:09:03     iter  19  obj -0.28719  best -0.04657  step 0.2375
00:09:07     iter  20  obj -0.21282  best -0.04657  step 0.2375
00:09:10     iter  21  obj -0.30365  best -0.04657  step 0.1187  halved
00:09:14     iter  22  obj -0.57088  best -0.04657  step 0.1187
00:09:18     iter  23  obj 0.02826  best 0.02826  step 0.1187  *
00:09:21     iter  24  obj 0.13667  best 0.13667  step 0.1187  *
00:09:25     iter  25  obj 0.07506  best 0.13667  step 0.1187
00:09:29     iter  26  obj -0.05958  best 0.13667  step 0.0594  halved
00:09:32     iter  27  obj 0.22532  best 0.22532  step 0.0594  *
00:09:36     iter  28  obj 0.09880  best 0.22532  step 0.0594
00:09:40     iter  29  obj 0.29368  best 0.29368  step 0.0594  *
00:09:44     iter  30  obj 0.32830  best 0.32830  step 0.0297  *  halved
00:09:47     iter  31  obj 0.43799  best 0.43799  step 0.0297  *
00:09:51     iter  32  obj 0.44424  best 0.44424  step 0.0297  *
00:09:55     iter  33  obj 0.51582  best 0.51582  step 0.0297  *
00:09:58     iter  34  obj 0.46283  best 0.51582  step 0.0297
00:10:02     iter  35  obj 0.62457  best 0.62457  step 0.0148  *  halved
00:10:06     iter  36  obj 1.39108  best 1.39108  step 0.0148  *
00:10:09     iter  37  obj 2.40186  best 2.40186  step 0.0148  *
00:10:13     iter  38  obj 2.69036  best 2.69036  step 0.0148  *
00:10:17     iter  39  obj 1.91909  best 2.69036  step 0.0074  halved
00:10:21     iter  40  obj 2.77269  best 2.77269  step 0.0074  *
00:10:23      poisoned ce=0.32261 auc=0.7665 acc=0.8930 f1=0.3270  dce=+0.11362 dacc=-0.0320  k=3200  [153.9s]
00:10:23   -- trial run0_sub2
00:10:27     iter   0  obj -0.04786  best -0.04786  step 0.9500
00:10:30     iter   1  obj -7.35423  best -0.04786  step 0.9500
00:10:34     iter   2  obj -0.03720  best -0.03720  step 0.9500  *
00:10:38     iter   3  obj -0.94007  best -0.03720  step 0.9500
00:10:41     iter   4  obj -0.26006  best -0.03720  step 0.9500
00:10:45     iter   5  obj -0.78478  best -0.03720  step 0.9500
00:10:49     iter   6  obj -1.95900  best -0.03720  step 0.9500
00:10:53     iter   7  obj -2.69542  best -0.03720  step 0.9500
00:10:56     iter   8  obj -0.70265  best -0.03720  step 0.4750  halved
00:11:00     iter   9  obj -9.83168  best -0.03720  step 0.4750
00:11:04     iter  10  obj -0.12543  best -0.03720  step 0.4750
00:11:07     iter  11  obj -0.23425  best -0.03720  step 0.4750
00:11:11     iter  12  obj -0.27905  best -0.03720  step 0.4750
00:11:15     iter  13  obj -0.48258  best -0.03720  step 0.4750
00:11:18     iter  14  obj -0.44928  best -0.03720  step 0.4750
00:11:22     iter  15  obj -0.32438  best -0.03720  step 0.2375  halved
00:11:26     iter  16  obj -9.11428  best -0.03720  step 0.2375
00:11:29     iter  17  obj -0.33226  best -0.03720  step 0.2375
00:11:33     iter  18  obj 0.19068  best 0.19068  step 0.2375  *
00:11:37     iter  19  obj -0.07173  best 0.19068  step 0.2375
00:11:41     iter  20  obj 0.00161  best 0.19068  step 0.2375
00:11:44     iter  21  obj -0.19704  best 0.19068  step 0.1187  halved
00:11:48     iter  22  obj -0.58970  best 0.19068  step 0.1187
00:11:52     iter  23  obj 0.26729  best 0.26729  step 0.1187  *
00:11:55     iter  24  obj 0.19830  best 0.26729  step 0.1187
00:11:59     iter  25  obj 0.23338  best 0.26729  step 0.1187
00:12:03     iter  26  obj 0.21890  best 0.26729  step 0.0594  halved
00:12:06     iter  27  obj 0.13111  best 0.26729  step 0.0594
00:12:10     iter  28  obj 0.37540  best 0.37540  step 0.0594  *
00:12:14     iter  29  obj 0.43103  best 0.43103  step 0.0594  *
00:12:18     iter  30  obj 0.51381  best 0.51381  step 0.0297  *  halved
00:12:21     iter  31  obj 0.56399  best 0.56399  step 0.0297  *
00:12:25     iter  32  obj 0.75586  best 0.75586  step 0.0297  *
00:12:29     iter  33  obj 1.04910  best 1.04910  step 0.0297  *
00:12:32     iter  34  obj 1.65920  best 1.65920  step 0.0297  *
00:12:36     iter  35  obj 1.93145  best 1.93145  step 0.0297  *
00:12:40     iter  36  obj 2.47426  best 2.47426  step 0.0297  *
00:12:43     iter  37  obj 4.33728  best 4.33728  step 0.0297  *
00:12:47     iter  38  obj 3.77201  best 4.33728  step 0.0297
00:12:51     iter  39  obj 5.83740  best 5.83740  step 0.0148  *  halved
00:12:55     iter  40  obj 5.40325  best 5.83740  step 0.0148
00:12:57      poisoned ce=1.44080 auc=0.5450 acc=0.4370 f1=0.1483  dce=+1.23181 dacc=-0.4880  k=3200  [153.9s]
00:12:57   -- trial run1_sub0
00:13:01     iter   0  obj -29.64048  best -29.64048  step 0.9500
00:13:04     iter   1  obj -0.29083  best -0.29083  step 0.9500  *
00:13:08     iter   2  obj -0.03350  best -0.03350  step 0.9500  *
00:13:12     iter   3  obj -0.35793  best -0.03350  step 0.9500
00:13:16     iter   4  obj -0.47606  best -0.03350  step 0.9500
00:13:20     iter   5  obj -0.34890  best -0.03350  step 0.9500
00:13:23     iter   6  obj -2.46140  best -0.03350  step 0.9500
00:13:27     iter   7  obj -0.48439  best -0.03350  step 0.9500
00:13:31     iter   8  obj -0.81676  best -0.03350  step 0.4750  halved
00:13:35     iter   9  obj -9.72624  best -0.03350  step 0.4750
00:13:38     iter  10  obj -0.03200  best -0.03200  step 0.4750  *
00:13:42     iter  11  obj -0.15222  best -0.03200  step 0.4750
00:13:46     iter  12  obj -0.13366  best -0.03200  step 0.4750
00:13:50     iter  13  obj -0.10176  best -0.03200  step 0.4750
00:13:53     iter  14  obj -0.21611  best -0.03200  step 0.4750
00:13:57     iter  15  obj -1.06360  best -0.03200  step 0.2375  halved
00:14:01     iter  16  obj -2.02589  best -0.03200  step 0.2375
00:14:05     iter  17  obj -0.08644  best -0.03200  step 0.2375
00:14:08     iter  18  obj -0.17737  best -0.03200  step 0.2375
00:14:12     iter  19  obj 0.05268  best 0.05268  step 0.2375  *
00:14:16     iter  20  obj 0.10060  best 0.10060  step 0.2375  *
00:14:20     iter  21  obj -0.12778  best 0.10060  step 0.1187  halved
00:14:24     iter  22  obj 0.21711  best 0.21711  step 0.1187  *
00:14:27     iter  23  obj 0.22347  best 0.22347  step 0.1187  *
00:14:31     iter  24  obj 0.35250  best 0.35250  step 0.1187  *
00:14:35     iter  25  obj 0.24464  best 0.35250  step 0.1187
00:14:39     iter  26  obj 0.41843  best 0.41843  step 0.1187  *
00:14:42     iter  27  obj 0.31064  best 0.41843  step 0.1187
00:14:46     iter  28  obj 0.40370  best 0.41843  step 0.1187
00:14:50     iter  29  obj 0.37414  best 0.41843  step 0.1187
00:14:54     iter  30  obj 0.52506  best 0.52506  step 0.0594  *  halved
00:14:57     iter  31  obj 0.82625  best 0.82625  step 0.0594  *
00:15:01     iter  32  obj 0.70447  best 0.82625  step 0.0594
00:15:05     iter  33  obj 0.97845  best 0.97845  step 0.0297  *  halved
00:15:09     iter  34  obj 1.17027  best 1.17027  step 0.0297  *
00:15:13     iter  35  obj 1.48568  best 1.48568  step 0.0297  *
00:15:16     iter  36  obj 3.76732  best 3.76732  step 0.0297  *
00:15:20     iter  37  obj 4.82351  best 4.82351  step 0.0297  *
00:15:24     iter  38  obj 5.74952  best 5.74952  step 0.0297  *
00:15:28     iter  39  obj 7.00098  best 7.00098  step 0.0297  *
00:15:31     iter  40  obj 8.32019  best 8.32019  step 0.0297  *
00:15:34      poisoned ce=2.17630 auc=0.3035 acc=0.3110 f1=0.0850  dce=+1.96731 dacc=-0.6140  k=3200  [156.8s]
00:15:34   -- trial run1_sub1
00:15:38     iter   0  obj -29.77165  best -29.77165  step 0.9500
00:15:41     iter   1  obj -0.32553  best -0.32553  step 0.9500  *
00:15:45     iter   2  obj -0.30228  best -0.30228  step 0.9500  *
00:15:49     iter   3  obj -1.33461  best -0.30228  step 0.9500
00:15:53     iter   4  obj -0.71988  best -0.30228  step 0.9500
00:15:56     iter   5  obj -0.23349  best -0.23349  step 0.9500  *
00:16:00     iter   6  obj -2.33537  best -0.23349  step 0.9500
00:16:04     iter   7  obj -0.29888  best -0.23349  step 0.9500
00:16:08     iter   8  obj -0.65049  best -0.23349  step 0.4750  halved
00:16:11     iter   9  obj -22.02379  best -0.23349  step 0.4750
00:16:15     iter  10  obj 0.14132  best 0.14132  step 0.4750  *
00:16:19     iter  11  obj -0.89920  best 0.14132  step 0.4750
00:16:23     iter  12  obj -0.60988  best 0.14132  step 0.4750
00:16:27     iter  13  obj -0.49481  best 0.14132  step 0.4750
00:16:30     iter  14  obj -0.51566  best 0.14132  step 0.4750
00:16:34     iter  15  obj -0.35877  best 0.14132  step 0.2375  halved
00:16:38     iter  16  obj -3.77390  best 0.14132  step 0.2375
00:16:42     iter  17  obj -0.03707  best 0.14132  step 0.2375
00:16:45     iter  18  obj 0.13958  best 0.14132  step 0.2375
00:16:49     iter  19  obj 0.01248  best 0.14132  step 0.2375
00:16:53     iter  20  obj 0.17746  best 0.17746  step 0.2375  *
00:16:57     iter  21  obj -0.17923  best 0.17746  step 0.1187  halved
00:17:00     iter  22  obj 0.20426  best 0.20426  step 0.1187  *
00:17:04     iter  23  obj 0.10151  best 0.20426  step 0.1187
00:17:08     iter  24  obj 0.33041  best 0.33041  step 0.1187  *
00:17:12     iter  25  obj 0.35521  best 0.35521  step 0.1187  *
00:17:15     iter  26  obj 0.35232  best 0.35521  step 0.0594  halved
00:17:19     iter  27  obj 0.54440  best 0.54440  step 0.0594  *
00:17:23     iter  28  obj 0.64569  best 0.64569  step 0.0594  *
00:17:27     iter  29  obj 0.51624  best 0.64569  step 0.0594
00:17:31     iter  30  obj 0.73279  best 0.73279  step 0.0297  *  halved
00:17:34     iter  31  obj 0.88967  best 0.88967  step 0.0297  *
00:17:38     iter  32  obj 1.35247  best 1.35247  step 0.0297  *
00:17:42     iter  33  obj 2.03445  best 2.03445  step 0.0297  *
00:17:46     iter  34  obj 2.97401  best 2.97401  step 0.0297  *
00:17:49     iter  35  obj 4.22606  best 4.22606  step 0.0297  *
00:17:53     iter  36  obj 4.61881  best 4.61881  step 0.0297  *
00:17:57     iter  37  obj 5.05648  best 5.05648  step 0.0297  *
00:18:01     iter  38  obj 5.07229  best 5.07229  step 0.0297  *
00:18:04     iter  39  obj 3.95298  best 5.07229  step 0.0148  halved
00:18:08     iter  40  obj 5.89972  best 5.89972  step 0.0148  *
00:18:11      poisoned ce=0.74653 auc=0.5582 acc=0.7280 f1=0.1856  dce=+0.53754 dacc=-0.1970  k=3200  [156.8s]
00:18:11   -- trial run1_sub2
00:18:14     iter   0  obj -29.94303  best -29.94303  step 0.9500
00:18:18     iter   1  obj -0.22417  best -0.22417  step 0.9500  *
00:18:22     iter   2  obj -0.03892  best -0.03892  step 0.9500  *
00:18:26     iter   3  obj -0.46008  best -0.03892  step 0.9500
00:18:29     iter   4  obj -0.38618  best -0.03892  step 0.9500
00:18:33     iter   5  obj -0.33085  best -0.03892  step 0.9500
00:18:37     iter   6  obj -3.74450  best -0.03892  step 0.9500
00:18:41     iter   7  obj -0.68066  best -0.03892  step 0.9500
00:18:45     iter   8  obj -0.77093  best -0.03892  step 0.4750  halved
00:18:48     iter   9  obj -9.41187  best -0.03892  step 0.4750
00:18:52     iter  10  obj -0.12966  best -0.03892  step 0.4750
00:18:56     iter  11  obj -0.53833  best -0.03892  step 0.4750
00:19:00     iter  12  obj -1.16423  best -0.03892  step 0.4750
00:19:03     iter  13  obj -1.68738  best -0.03892  step 0.4750
00:19:07     iter  14  obj -1.57585  best -0.03892  step 0.4750
00:19:11     iter  15  obj -0.96435  best -0.03892  step 0.2375  halved
00:19:15     iter  16  obj -8.57705  best -0.03892  step 0.2375
00:19:18     iter  17  obj -0.46856  best -0.03892  step 0.2375
00:19:22     iter  18  obj -0.27455  best -0.03892  step 0.2375
00:19:26     iter  19  obj -0.08297  best -0.03892  step 0.2375
00:19:30     iter  20  obj 0.00032  best 0.00032  step 0.2375  *
00:19:33     iter  21  obj 0.03606  best 0.03606  step 0.2375  *
00:19:37     iter  22  obj -0.09094  best 0.03606  step 0.2375
00:19:41     iter  23  obj -0.01078  best 0.03606  step 0.2375
00:19:45     iter  24  obj -0.09262  best 0.03606  step 0.2375
00:19:49     iter  25  obj 0.06477  best 0.06477  step 0.2375  *
00:19:52     iter  26  obj 0.11193  best 0.11193  step 0.1187  *  halved
00:19:56     iter  27  obj 0.25678  best 0.25678  step 0.1187  *
00:20:00     iter  28  obj 0.38973  best 0.38973  step 0.1187  *
00:20:04     iter  29  obj 0.47180  best 0.47180  step 0.1187  *
00:20:07     iter  30  obj 0.46667  best 0.47180  step 0.0594  halved
00:20:11     iter  31  obj 0.90759  best 0.90759  step 0.0594  *
00:20:15     iter  32  obj 0.49381  best 0.90759  step 0.0594
00:20:19     iter  33  obj 1.25348  best 1.25348  step 0.0297  *  halved
00:20:22     iter  34  obj 0.78625  best 1.25348  step 0.0297
00:20:26     iter  35  obj 0.74806  best 1.25348  step 0.0148  halved
00:20:30     iter  36  obj 1.65780  best 1.65780  step 0.0148  *
00:20:34     iter  37  obj 1.24559  best 1.65780  step 0.0074  halved
00:20:38     iter  38  obj 1.71018  best 1.71018  step 0.0074  *
00:20:41     iter  39  obj 3.21760  best 3.21760  step 0.0074  *
00:20:45     iter  40  obj 2.84886  best 3.21760  step 0.0074
00:20:48      poisoned ce=0.71595 auc=0.6194 acc=0.7400 f1=0.2073  dce=+0.50696 dacc=-0.1850  k=3200  [156.8s]
00:20:48   -- trial run2_sub0
00:20:51     iter   0  obj -29.79308  best -29.79308  step 0.9500
00:20:55     iter   1  obj -0.21311  best -0.21311  step 0.9500  *
00:20:59     iter   2  obj -0.93337  best -0.21311  step 0.9500
00:21:03     iter   3  obj -0.93046  best -0.21311  step 0.9500
00:21:06     iter   4  obj -0.35118  best -0.21311  step 0.9500
00:21:10     iter   5  obj -0.48193  best -0.21311  step 0.9500
00:21:14     iter   6  obj -2.59489  best -0.21311  step 0.9500
00:21:18     iter   7  obj -0.40192  best -0.21311  step 0.9500
00:21:21     iter   8  obj -1.06024  best -0.21311  step 0.4750  halved
00:21:25     iter   9  obj -6.18138  best -0.21311  step 0.4750
00:21:29     iter  10  obj -0.65414  best -0.21311  step 0.4750
00:21:33     iter  11  obj -0.45022  best -0.21311  step 0.4750
00:21:36     iter  12  obj -0.25956  best -0.21311  step 0.4750
00:21:40     iter  13  obj -0.27756  best -0.21311  step 0.4750
00:21:44     iter  14  obj -0.09751  best -0.09751  step 0.4750  *
00:21:48     iter  15  obj -0.13213  best -0.09751  step 0.2375  halved
00:21:52     iter  16  obj 0.18205  best 0.18205  step 0.2375  *
00:21:55     iter  17  obj -0.19758  best 0.18205  step 0.2375
00:21:59     iter  18  obj 0.14601  best 0.18205  step 0.2375
00:22:03     iter  19  obj 0.10690  best 0.18205  step 0.2375
00:22:07     iter  20  obj -0.04501  best 0.18205  step 0.2375
00:22:10     iter  21  obj 0.00910  best 0.18205  step 0.1187  halved
00:22:14     iter  22  obj -1.79627  best 0.18205  step 0.1187
00:22:18     iter  23  obj 0.22519  best 0.22519  step 0.1187  *
00:22:22     iter  24  obj 0.41572  best 0.41572  step 0.1187  *
00:22:25     iter  25  obj 0.40130  best 0.41572  step 0.1187
00:22:29     iter  26  obj 0.40108  best 0.41572  step 0.0594  halved
00:22:33     iter  27  obj 0.61563  best 0.61563  step 0.0594  *
00:22:37     iter  28  obj 0.58141  best 0.61563  step 0.0594
00:22:41     iter  29  obj 0.55385  best 0.61563  step 0.0594
00:22:44     iter  30  obj 0.65784  best 0.65784  step 0.0297  *  halved
00:22:48     iter  31  obj 0.84866  best 0.84866  step 0.0297  *
00:22:52     iter  32  obj 1.09138  best 1.09138  step 0.0297  *
00:22:56     iter  33  obj 1.12293  best 1.12293  step 0.0297  *
00:22:59     iter  34  obj 1.32779  best 1.32779  step 0.0297  *
00:23:03     iter  35  obj 1.20129  best 1.32779  step 0.0148  halved
00:23:07     iter  36  obj 1.35350  best 1.35350  step 0.0148  *
00:23:11     iter  37  obj 1.78987  best 1.78987  step 0.0148  *
00:23:14     iter  38  obj 1.89482  best 1.89482  step 0.0148  *
00:23:18     iter  39  obj 2.09180  best 2.09180  step 0.0148  *
00:23:22     iter  40  obj 2.08350  best 2.09180  step 0.0148
00:23:24      poisoned ce=0.94341 auc=0.5206 acc=0.8120 f1=0.1132  dce=+0.73442 dacc=-0.1130  k=3200  [156.8s]
00:23:24   -- trial run2_sub1
00:23:28     iter   0  obj -30.03823  best -30.03823  step 0.9500
00:23:32     iter   1  obj -0.29714  best -0.29714  step 0.9500  *
00:23:36     iter   2  obj -0.22280  best -0.22280  step 0.9500  *
00:23:39     iter   3  obj -0.68075  best -0.22280  step 0.9500
00:23:43     iter   4  obj -0.52380  best -0.22280  step 0.9500
00:23:47     iter   5  obj -0.38221  best -0.22280  step 0.9500
00:23:51     iter   6  obj -2.26062  best -0.22280  step 0.9500
00:23:55     iter   7  obj -0.09092  best -0.09092  step 0.9500  *
00:23:58     iter   8  obj -0.13599  best -0.09092  step 0.4750  halved
00:24:02     iter   9  obj 0.08450  best 0.08450  step 0.4750  *
00:24:06     iter  10  obj 0.03186  best 0.08450  step 0.4750
00:24:10     iter  11  obj -0.41142  best 0.08450  step 0.4750
00:24:13     iter  12  obj -0.22027  best 0.08450  step 0.4750
00:24:17     iter  13  obj -0.82462  best 0.08450  step 0.4750
00:24:21     iter  14  obj -0.79268  best 0.08450  step 0.4750
00:24:25     iter  15  obj -0.34292  best 0.08450  step 0.2375  halved
00:24:28     iter  16  obj -3.47612  best 0.08450  step 0.2375
00:24:32     iter  17  obj 0.00560  best 0.08450  step 0.2375
00:24:36     iter  18  obj 0.18004  best 0.18004  step 0.2375  *
00:24:40     iter  19  obj 0.20328  best 0.20328  step 0.2375  *
00:24:43     iter  20  obj 0.13717  best 0.20328  step 0.2375
00:24:47     iter  21  obj -0.09881  best 0.20328  step 0.1187  halved
00:24:51     iter  22  obj 0.34863  best 0.34863  step 0.1187  *
00:24:55     iter  23  obj 0.27029  best 0.34863  step 0.1187
00:24:59     iter  24  obj 0.34130  best 0.34863  step 0.1187
00:25:02     iter  25  obj 0.40657  best 0.40657  step 0.1187  *
00:25:06     iter  26  obj 0.40283  best 0.40657  step 0.0594  halved
00:25:10     iter  27  obj 0.60041  best 0.60041  step 0.0594  *
00:25:14     iter  28  obj 0.58656  best 0.60041  step 0.0594
00:25:17     iter  29  obj 0.66265  best 0.66265  step 0.0594  *
00:25:21     iter  30  obj 0.86358  best 0.86358  step 0.0297  *  halved
00:25:25     iter  31  obj 0.90805  best 0.90805  step 0.0297  *
00:25:29     iter  32  obj 0.99541  best 0.99541  step 0.0297  *
00:25:32     iter  33  obj 1.27271  best 1.27271  step 0.0297  *
00:25:36     iter  34  obj 1.35726  best 1.35726  step 0.0297  *
00:25:40     iter  35  obj 1.80350  best 1.80350  step 0.0297  *
00:25:44     iter  36  obj 2.85269  best 2.85269  step 0.0297  *
00:25:47     iter  37  obj 3.31558  best 3.31558  step 0.0297  *
00:25:51     iter  38  obj 3.84879  best 3.84879  step 0.0297  *
00:25:55     iter  39  obj 5.00827  best 5.00827  step 0.0297  *
00:25:59     iter  40  obj 4.12490  best 5.00827  step 0.0297
00:26:01      poisoned ce=0.65024 auc=0.5219 acc=0.8230 f1=0.1531  dce=+0.44125 dacc=-0.1020  k=3200  [156.7s]
00:26:01   -- trial run2_sub2
00:26:05     iter   0  obj -30.02047  best -30.02047  step 0.9500
00:26:09     iter   1  obj -0.25160  best -0.25160  step 0.9500  *
00:26:13     iter   2  obj -0.53606  best -0.25160  step 0.9500
00:26:16     iter   3  obj -0.34513  best -0.25160  step 0.9500
00:26:20     iter   4  obj -0.25065  best -0.25065  step 0.9500  *
00:26:24     iter   5  obj -0.50921  best -0.25065  step 0.9500
00:26:28     iter   6  obj -3.70797  best -0.25065  step 0.9500
00:26:31     iter   7  obj -0.43652  best -0.25065  step 0.9500
00:26:35     iter   8  obj -1.13500  best -0.25065  step 0.4750  halved
00:26:39     iter   9  obj -7.08295  best -0.25065  step 0.4750
00:26:43     iter  10  obj -3.04315  best -0.25065  step 0.4750
00:26:46     iter  11  obj -0.74456  best -0.25065  step 0.4750
00:26:50     iter  12  obj -0.75385  best -0.25065  step 0.4750
00:26:54     iter  13  obj -0.51448  best -0.25065  step 0.4750
00:26:58     iter  14  obj -1.16323  best -0.25065  step 0.4750
00:27:01     iter  15  obj -0.76860  best -0.25065  step 0.2375  halved
00:27:05     iter  16  obj -4.90923  best -0.25065  step 0.2375
00:27:09     iter  17  obj -0.26968  best -0.25065  step 0.2375
00:27:13     iter  18  obj -0.51560  best -0.25065  step 0.2375
00:27:17     iter  19  obj -0.05364  best -0.05364  step 0.2375  *
00:27:20     iter  20  obj -0.09309  best -0.05364  step 0.2375
00:27:24     iter  21  obj -0.17976  best -0.05364  step 0.1187  halved
00:27:28     iter  22  obj 0.27814  best 0.27814  step 0.1187  *
00:27:32     iter  23  obj 0.18825  best 0.27814  step 0.1187
00:27:35     iter  24  obj 0.16148  best 0.27814  step 0.1187
00:27:39     iter  25  obj 0.22657  best 0.27814  step 0.1187
00:27:43     iter  26  obj 0.24399  best 0.27814  step 0.0594  halved
00:27:47     iter  27  obj -0.03307  best 0.27814  step 0.0594
00:27:50     iter  28  obj 0.30654  best 0.30654  step 0.0594  *
00:27:54     iter  29  obj 0.30783  best 0.30783  step 0.0594  *
00:27:58     iter  30  obj 0.35493  best 0.35493  step 0.0297  *  halved
00:28:02     iter  31  obj 0.43196  best 0.43196  step 0.0297  *
00:28:06     iter  32  obj 0.60181  best 0.60181  step 0.0297  *
00:28:09     iter  33  obj 0.68910  best 0.68910  step 0.0297  *
00:28:13     iter  34  obj 0.75773  best 0.75773  step 0.0297  *
00:28:17     iter  35  obj 0.77616  best 0.77616  step 0.0297  *
00:28:21     iter  36  obj 1.04410  best 1.04410  step 0.0297  *
00:28:24     iter  37  obj 1.04174  best 1.04410  step 0.0148  halved
00:28:28     iter  38  obj 1.34485  best 1.34485  step 0.0148  *
00:28:32     iter  39  obj 1.50677  best 1.50677  step 0.0148  *
00:28:36     iter  40  obj 1.97339  best 1.97339  step 0.0148  *
00:28:38      poisoned ce=0.75609 auc=0.5271 acc=0.8110 f1=0.1127  dce=+0.54710 dacc=-0.1140  k=3200  [156.8s]
00:28:38   -- trial run3_sub0
00:28:42     iter   0  obj -29.51808  best -29.51808  step 0.9500
00:28:46     iter   1  obj -0.16465  best -0.16465  step 0.9500  *
00:28:49     iter   2  obj -0.39133  best -0.16465  step 0.9500
00:28:53     iter   3  obj -0.88989  best -0.16465  step 0.9500
00:28:57     iter   4  obj -0.44020  best -0.16465  step 0.9500
00:29:01     iter   5  obj -0.52482  best -0.16465  step 0.9500
00:29:04     iter   6  obj -2.56257  best -0.16465  step 0.9500
00:29:08     iter   7  obj -0.58631  best -0.16465  step 0.9500
00:29:12     iter   8  obj -0.39317  best -0.16465  step 0.4750  halved
00:29:16     iter   9  obj -5.62211  best -0.16465  step 0.4750
00:29:19     iter  10  obj -0.39675  best -0.16465  step 0.4750
00:29:23     iter  11  obj -0.13860  best -0.13860  step 0.4750  *
00:29:27     iter  12  obj -0.51336  best -0.13860  step 0.4750
00:29:31     iter  13  obj -0.31021  best -0.13860  step 0.4750
00:29:35     iter  14  obj -0.18897  best -0.13860  step 0.4750
00:29:38     iter  15  obj -0.40522  best -0.13860  step 0.2375  halved
00:29:42     iter  16  obj -3.31868  best -0.13860  step 0.2375
00:29:46     iter  17  obj 0.02905  best 0.02905  step 0.2375  *
00:29:50     iter  18  obj 0.02686  best 0.02905  step 0.2375
00:29:53     iter  19  obj -0.22410  best 0.02905  step 0.2375
00:29:57     iter  20  obj -0.03254  best 0.02905  step 0.2375
00:30:01     iter  21  obj -0.06559  best 0.02905  step 0.1187  halved
00:30:05     iter  22  obj -0.56899  best 0.02905  step 0.1187
00:30:08     iter  23  obj 0.14052  best 0.14052  step 0.1187  *
00:30:12     iter  24  obj 0.24596  best 0.24596  step 0.1187  *
00:30:16     iter  25  obj 0.21323  best 0.24596  step 0.1187
00:30:20     iter  26  obj 0.27266  best 0.27266  step 0.0594  *  halved
00:30:23     iter  27  obj 0.41340  best 0.41340  step 0.0594  *
00:30:27     iter  28  obj 0.45527  best 0.45527  step 0.0594  *
00:30:31     iter  29  obj 0.50613  best 0.50613  step 0.0594  *
00:30:35     iter  30  obj 0.40568  best 0.50613  step 0.0297  halved
00:30:39     iter  31  obj 0.51707  best 0.51707  step 0.0297  *
00:30:42     iter  32  obj 0.74905  best 0.74905  step 0.0297  *
00:30:46     iter  33  obj 0.88772  best 0.88772  step 0.0297  *
00:30:50     iter  34  obj 0.82254  best 0.88772  step 0.0297
00:30:54     iter  35  obj 0.83534  best 0.88772  step 0.0148  halved
00:30:57     iter  36  obj 1.01595  best 1.01595  step 0.0148  *
00:31:01     iter  37  obj 1.08461  best 1.08461  step 0.0148  *
00:31:05     iter  38  obj 1.07676  best 1.08461  step 0.0148
00:31:09     iter  39  obj 1.15891  best 1.15891  step 0.0074  *  halved
00:31:12     iter  40  obj 1.38509  best 1.38509  step 0.0074  *
00:31:15      poisoned ce=0.58695 auc=0.6307 acc=0.8690 f1=0.1208  dce=+0.37796 dacc=-0.0560  k=3200  [156.7s]
00:31:15   -- trial run3_sub1
00:31:19     iter   0  obj -29.47325  best -29.47325  step 0.9500
00:31:22     iter   1  obj -0.23442  best -0.23442  step 0.9500  *
00:31:26     iter   2  obj -0.04881  best -0.04881  step 0.9500  *
00:31:30     iter   3  obj -1.06633  best -0.04881  step 0.9500
00:31:34     iter   4  obj -0.62886  best -0.04881  step 0.9500
00:31:37     iter   5  obj -0.27630  best -0.04881  step 0.9500
00:31:41     iter   6  obj -2.40005  best -0.04881  step 0.9500
00:31:45     iter   7  obj -0.47960  best -0.04881  step 0.9500
00:31:49     iter   8  obj -1.49285  best -0.04881  step 0.4750  halved
00:31:52     iter   9  obj -9.97243  best -0.04881  step 0.4750
00:31:56     iter  10  obj -0.21252  best -0.04881  step 0.4750
00:32:00     iter  11  obj -0.42031  best -0.04881  step 0.4750
00:32:04     iter  12  obj -0.31294  best -0.04881  step 0.4750
00:32:08     iter  13  obj -0.86607  best -0.04881  step 0.4750
00:32:11     iter  14  obj -0.54615  best -0.04881  step 0.4750
00:32:15     iter  15  obj -0.31465  best -0.04881  step 0.2375  halved
00:32:19     iter  16  obj -8.73956  best -0.04881  step 0.2375
00:32:23     iter  17  obj -0.59944  best -0.04881  step 0.2375
00:32:26     iter  18  obj -0.10786  best -0.04881  step 0.2375
00:32:30     iter  19  obj -0.09256  best -0.04881  step 0.2375
00:32:34     iter  20  obj -0.10984  best -0.04881  step 0.2375
00:32:38     iter  21  obj -0.31179  best -0.04881  step 0.1187  halved
00:32:41     iter  22  obj -11.35720  best -0.04881  step 0.1187
00:32:45     iter  23  obj -0.69867  best -0.04881  step 0.1187
00:32:49     iter  24  obj 0.06564  best 0.06564  step 0.1187  *
00:32:53     iter  25  obj 0.10172  best 0.10172  step 0.1187  *
00:32:56     iter  26  obj 0.15020  best 0.15020  step 0.1187  *
00:33:00     iter  27  obj 0.20274  best 0.20274  step 0.1187  *
00:33:04     iter  28  obj 0.20305  best 0.20305  step 0.1187  *
00:33:08     iter  29  obj 0.22938  best 0.22938  step 0.1187  *
00:33:12     iter  30  obj 0.22467  best 0.22938  step 0.0594  halved
00:33:15     iter  31  obj 0.27031  best 0.27031  step 0.0594  *
00:33:19     iter  32  obj 0.27562  best 0.27562  step 0.0594  *
00:33:23     iter  33  obj 0.28947  best 0.28947  step 0.0594  *
00:33:27     iter  34  obj 0.36827  best 0.36827  step 0.0594  *
00:33:30     iter  35  obj 0.32031  best 0.36827  step 0.0297  halved
00:33:34     iter  36  obj 0.36068  best 0.36827  step 0.0297
00:33:38     iter  37  obj 0.54785  best 0.54785  step 0.0297  *
00:33:42     iter  38  obj 0.48528  best 0.54785  step 0.0297
00:33:45     iter  39  obj 0.45903  best 0.54785  step 0.0148  halved
00:33:49     iter  40  obj 0.53429  best 0.54785  step 0.0148
00:33:52      poisoned ce=0.36694 auc=0.7316 acc=0.8840 f1=0.3012  dce=+0.15796 dacc=-0.0410  k=3200  [156.7s]
00:33:52   -- trial run3_sub2
00:33:55     iter   0  obj -29.26510  best -29.26510  step 0.9500
00:33:59     iter   1  obj -0.22183  best -0.22183  step 0.9500  *
00:34:03     iter   2  obj 0.00380  best 0.00380  step 0.9500  *
00:34:07     iter   3  obj -0.30274  best 0.00380  step 0.9500
00:34:10     iter   4  obj -0.41835  best 0.00380  step 0.9500
00:34:14     iter   5  obj -0.75337  best 0.00380  step 0.9500
00:34:18     iter   6  obj -2.72018  best 0.00380  step 0.9500
00:34:22     iter   7  obj -0.47564  best 0.00380  step 0.9500
00:34:26     iter   8  obj -0.76933  best 0.00380  step 0.4750  halved
00:34:29     iter   9  obj -9.72269  best 0.00380  step 0.4750
00:34:33     iter  10  obj -0.03558  best 0.00380  step 0.4750
00:34:37     iter  11  obj -0.03704  best 0.00380  step 0.4750
00:34:41     iter  12  obj 0.00912  best 0.00912  step 0.4750  *
00:34:44     iter  13  obj -0.14024  best 0.00912  step 0.4750
00:34:48     iter  14  obj -0.30815  best 0.00912  step 0.4750
00:34:52     iter  15  obj -0.86842  best 0.00912  step 0.2375  halved
00:34:56     iter  16  obj -1.04429  best 0.00912  step 0.2375
00:34:59     iter  17  obj 0.13928  best 0.13928  step 0.2375  *
00:35:03     iter  18  obj -0.14757  best 0.13928  step 0.2375
00:35:07     iter  19  obj -0.44325  best 0.13928  step 0.2375
00:35:11     iter  20  obj -0.05610  best 0.13928  step 0.2375
00:35:14     iter  21  obj -0.12868  best 0.13928  step 0.1187  halved
00:35:18     iter  22  obj -0.54445  best 0.13928  step 0.1187
00:35:22     iter  23  obj 0.13815  best 0.13928  step 0.1187
00:35:26     iter  24  obj 0.29172  best 0.29172  step 0.1187  *
00:35:30     iter  25  obj 0.20054  best 0.29172  step 0.1187
00:35:33     iter  26  obj 0.16171  best 0.29172  step 0.0594  halved
00:35:37     iter  27  obj 0.37950  best 0.37950  step 0.0594  *
00:35:41     iter  28  obj 0.34669  best 0.37950  step 0.0594
00:35:45     iter  29  obj 0.32672  best 0.37950  step 0.0594
00:35:48     iter  30  obj 0.39924  best 0.39924  step 0.0297  *  halved
00:35:52     iter  31  obj 0.61132  best 0.61132  step 0.0297  *
00:35:56     iter  32  obj 0.48932  best 0.61132  step 0.0297
00:36:00     iter  33  obj 0.65156  best 0.65156  step 0.0148  *  halved
00:36:03     iter  34  obj 0.85740  best 0.85740  step 0.0148  *
00:36:07     iter  35  obj 0.98659  best 0.98659  step 0.0148  *
00:36:11     iter  36  obj 0.90729  best 0.98659  step 0.0148
00:36:15     iter  37  obj 0.60677  best 0.98659  step 0.0074  halved
00:36:18     iter  38  obj 1.25952  best 1.25952  step 0.0074  *
00:36:22     iter  39  obj 1.28742  best 1.28742  step 0.0074  *
00:36:26     iter  40  obj 1.43026  best 1.43026  step 0.0074  *
00:36:28      poisoned ce=0.39804 auc=0.7149 acc=0.8760 f1=0.2152  dce=+0.18906 dacc=-0.0490  k=3200  [156.7s]
00:36:28   -- trial run4_sub0
00:36:32     iter   0  obj -29.70125  best -29.70125  step 0.9500
00:36:36     iter   1  obj -0.19801  best -0.19801  step 0.9500  *
00:36:40     iter   2  obj -0.06487  best -0.06487  step 0.9500  *
00:36:43     iter   3  obj -1.11985  best -0.06487  step 0.9500
00:36:47     iter   4  obj -0.58506  best -0.06487  step 0.9500
00:36:51     iter   5  obj -0.67208  best -0.06487  step 0.9500
00:36:55     iter   6  obj -2.26315  best -0.06487  step 0.9500
00:36:59     iter   7  obj -0.11127  best -0.06487  step 0.9500
00:37:02     iter   8  obj -0.13499  best -0.06487  step 0.4750  halved
00:37:06     iter   9  obj -10.36257  best -0.06487  step 0.4750
00:37:10     iter  10  obj -0.20277  best -0.06487  step 0.4750
00:37:14     iter  11  obj -0.51419  best -0.06487  step 0.4750
00:37:17     iter  12  obj -0.09519  best -0.06487  step 0.4750
00:37:21     iter  13  obj -0.81809  best -0.06487  step 0.4750
00:37:25     iter  14  obj -0.47090  best -0.06487  step 0.4750
00:37:29     iter  15  obj -0.42467  best -0.06487  step 0.2375  halved
00:37:32     iter  16  obj -8.72400  best -0.06487  step 0.2375
00:37:36     iter  17  obj -0.52489  best -0.06487  step 0.2375
00:37:40     iter  18  obj -0.03564  best -0.03564  step 0.2375  *
00:37:44     iter  19  obj 0.15930  best 0.15930  step 0.2375  *
00:37:48     iter  20  obj 0.14673  best 0.15930  step 0.2375
00:37:51     iter  21  obj 0.16295  best 0.16295  step 0.1187  *  halved
00:37:55     iter  22  obj 0.26527  best 0.26527  step 0.1187  *
00:37:59     iter  23  obj 0.29061  best 0.29061  step 0.1187  *
00:38:03     iter  24  obj 0.29832  best 0.29832  step 0.1187  *
00:38:06     iter  25  obj 0.39877  best 0.39877  step 0.1187  *
00:38:10     iter  26  obj 0.27648  best 0.39877  step 0.1187
00:38:14     iter  27  obj 0.27875  best 0.39877  step 0.1187
00:38:18     iter  28  obj 0.41520  best 0.41520  step 0.1187  *
00:38:21     iter  29  obj 0.31848  best 0.41520  step 0.1187
00:38:25     iter  30  obj 0.43997  best 0.43997  step 0.0594  *  halved
00:38:29     iter  31  obj 0.43743  best 0.43997  step 0.0594
00:38:33     iter  32  obj 0.62678  best 0.62678  step 0.0594  *
00:38:36     iter  33  obj 0.62318  best 0.62678  step 0.0297  halved
00:38:40     iter  34  obj 0.71901  best 0.71901  step 0.0297  *
00:38:44     iter  35  obj 0.82481  best 0.82481  step 0.0297  *
00:38:48     iter  36  obj 0.86163  best 0.86163  step 0.0297  *
00:38:52     iter  37  obj 0.97456  best 0.97456  step 0.0297  *
00:38:55     iter  38  obj 1.11723  best 1.11723  step 0.0297  *
00:38:59     iter  39  obj 1.18923  best 1.18923  step 0.0297  *
00:39:03     iter  40  obj 1.35023  best 1.35023  step 0.0297  *
00:39:05      poisoned ce=0.83991 auc=0.3882 acc=0.8530 f1=0.0000  dce=+0.63092 dacc=-0.0720  k=3200  [156.7s]
00:39:05   -- trial run4_sub1
00:39:09     iter   0  obj -30.01959  best -30.01959  step 0.9500
00:39:13     iter   1  obj -0.23689  best -0.23689  step 0.9500  *
00:39:17     iter   2  obj -0.02526  best -0.02526  step 0.9500  *
00:39:20     iter   3  obj -0.27237  best -0.02526  step 0.9500
00:39:24     iter   4  obj -0.34146  best -0.02526  step 0.9500
00:39:28     iter   5  obj -0.57756  best -0.02526  step 0.9500
00:39:32     iter   6  obj -1.99258  best -0.02526  step 0.9500
00:39:35     iter   7  obj -0.27185  best -0.02526  step 0.9500
00:39:39     iter   8  obj -0.37961  best -0.02526  step 0.4750  halved
00:39:43     iter   9  obj -9.60725  best -0.02526  step 0.4750
00:39:47     iter  10  obj -0.08385  best -0.02526  step 0.4750
00:39:50     iter  11  obj -0.10229  best -0.02526  step 0.4750
00:39:54     iter  12  obj -0.03293  best -0.02526  step 0.4750
00:39:58     iter  13  obj -0.85496  best -0.02526  step 0.4750
00:40:02     iter  14  obj -0.24100  best -0.02526  step 0.4750
00:40:06     iter  15  obj -0.28087  best -0.02526  step 0.2375  halved
00:40:09     iter  16  obj -8.74761  best -0.02526  step 0.2375
00:40:13     iter  17  obj -0.43061  best -0.02526  step 0.2375
00:40:17     iter  18  obj -0.11504  best -0.02526  step 0.2375
00:40:21     iter  19  obj -0.21398  best -0.02526  step 0.2375
00:40:24     iter  20  obj -0.02935  best -0.02526  step 0.2375
00:40:28     iter  21  obj -0.10393  best -0.02526  step 0.1187  halved
00:40:32     iter  22  obj -11.14535  best -0.02526  step 0.1187
00:40:36     iter  23  obj -0.49632  best -0.02526  step 0.1187
00:40:39     iter  24  obj 0.02178  best 0.02178  step 0.1187  *
00:40:43     iter  25  obj 0.02284  best 0.02284  step 0.1187  *
00:40:47     iter  26  obj 0.15668  best 0.15668  step 0.1187  *
00:40:51     iter  27  obj 0.17753  best 0.17753  step 0.1187  *
00:40:54     iter  28  obj 0.10621  best 0.17753  step 0.1187
00:40:58     iter  29  obj 0.14024  best 0.17753  step 0.1187
00:41:02     iter  30  obj 0.16322  best 0.17753  step 0.0594  halved
00:41:06     iter  31  obj 0.03334  best 0.17753  step 0.0594
00:41:10     iter  32  obj 0.25094  best 0.25094  step 0.0594  *
00:41:13     iter  33  obj 0.29077  best 0.29077  step 0.0297  *  halved
00:41:17     iter  34  obj 0.36373  best 0.36373  step 0.0297  *
00:41:21     iter  35  obj 0.39547  best 0.39547  step 0.0297  *
00:41:25     iter  36  obj 0.54849  best 0.54849  step 0.0297  *
00:41:28     iter  37  obj 0.67589  best 0.67589  step 0.0297  *
00:41:32     iter  38  obj 0.69393  best 0.69393  step 0.0297  *
00:41:36     iter  39  obj 0.77738  best 0.77738  step 0.0297  *
00:41:40     iter  40  obj 0.87507  best 0.87507  step 0.0297  *
00:41:42      poisoned ce=0.30120 auc=0.7953 acc=0.8950 f1=0.1985  dce=+0.09221 dacc=-0.0300  k=3200  [156.7s]
00:41:42   -- trial run4_sub2
00:41:46     iter   0  obj -29.76745  best -29.76745  step 0.9500
00:41:50     iter   1  obj -0.20324  best -0.20324  step 0.9500  *
00:41:53     iter   2  obj -0.21976  best -0.20324  step 0.9500
00:41:57     iter   3  obj -0.94168  best -0.20324  step 0.9500
00:42:01     iter   4  obj -0.90326  best -0.20324  step 0.9500
00:42:05     iter   5  obj -1.01207  best -0.20324  step 0.9500
00:42:08     iter   6  obj -2.75557  best -0.20324  step 0.9500
00:42:12     iter   7  obj -0.41014  best -0.20324  step 0.9500
00:42:16     iter   8  obj -1.26517  best -0.20324  step 0.4750  halved
00:42:20     iter   9  obj -5.65846  best -0.20324  step 0.4750
00:42:24     iter  10  obj -0.32481  best -0.20324  step 0.4750
00:42:27     iter  11  obj -0.51616  best -0.20324  step 0.4750
00:42:31     iter  12  obj -0.37444  best -0.20324  step 0.4750
00:42:35     iter  13  obj -0.97949  best -0.20324  step 0.4750
00:42:39     iter  14  obj -0.34375  best -0.20324  step 0.4750
00:42:42     iter  15  obj -0.77290  best -0.20324  step 0.2375  halved
00:42:46     iter  16  obj -6.04155  best -0.20324  step 0.2375
00:42:50     iter  17  obj -0.45434  best -0.20324  step 0.2375
00:42:54     iter  18  obj -0.35857  best -0.20324  step 0.2375
00:42:57     iter  19  obj -0.40223  best -0.20324  step 0.2375
00:43:01     iter  20  obj -0.20077  best -0.20077  step 0.2375  *
00:43:05     iter  21  obj -0.09022  best -0.09022  step 0.1187  *  halved
00:43:09     iter  22  obj 0.12522  best 0.12522  step 0.1187  *
00:43:12     iter  23  obj 0.09663  best 0.12522  step 0.1187
00:43:16     iter  24  obj 0.21815  best 0.21815  step 0.1187  *
00:43:20     iter  25  obj 0.18207  best 0.21815  step 0.1187
00:43:24     iter  26  obj 0.18494  best 0.21815  step 0.0594  halved
00:43:28     iter  27  obj 0.29415  best 0.29415  step 0.0594  *
00:43:31     iter  28  obj 0.36103  best 0.36103  step 0.0594  *
00:43:35     iter  29  obj 0.42699  best 0.42699  step 0.0594  *
00:43:39     iter  30  obj 0.40629  best 0.42699  step 0.0297  halved
00:43:43     iter  31  obj 0.48919  best 0.48919  step 0.0297  *
00:43:46     iter  32  obj 0.55271  best 0.55271  step 0.0297  *
00:43:50     iter  33  obj 0.80811  best 0.80811  step 0.0297  *
00:43:54     iter  34  obj 0.99956  best 0.99956  step 0.0297  *
00:43:58     iter  35  obj 0.57148  best 0.99956  step 0.0148  halved
00:44:01     iter  36  obj 1.14516  best 1.14516  step 0.0148  *
00:44:05     iter  37  obj 1.32492  best 1.32492  step 0.0148  *
00:44:09     iter  38  obj 2.75877  best 2.75877  step 0.0148  *
00:44:13     iter  39  obj 2.88291  best 2.88291  step 0.0148  *
00:44:16     iter  40  obj 4.40948  best 4.40948  step 0.0148  *
00:44:19      poisoned ce=1.24547 auc=0.4874 acc=0.4550 f1=0.1138  dce=+1.03648 dacc=-0.4700  k=3200  [156.7s]
00:44:19   best trial run1_sub0: dce=+1.96731 dacc=-0.6140  -> context_poisoned.csv
00:44:19   per-run winners: run0<-sub2 (dce=+1.23181), run1<-sub0 (dce=+1.96731), run2<-sub0 (dce=+0.73442), run3<-sub0 (dce=+0.37796), run4<-sub2 (dce=+1.03648)
00:44:19   best-subsample-per-run, mean over 5 runs: dce=+1.06960 dacc=-0.3482 dauc=-0.3820  -> /home/ssn899/Desktop/TabFM/results/main_experiments/wids/x-capgd_random_r064
