05:13:57 [x-capgd] datasets/wids/splits/selected/natural/context_5000.csv (5000x108) -> datasets/wids/splits/test_attack_1000.csv (1000 of 1000)  k=1500 (30.0%)  attack_class=None  grid 1x1  cuda:3
05:14:03   clean  ce=0.20899 auc=0.8795 acc=0.9250 f1=0.4361  max|dp| over 3 repeats=0.00e+00  chunking_exact=True  [5.2s]
05:14:03   constraints=full (31 relations, dataset 'wids')  scaler=metadata  mutable 108/108  int 60  cat 9
05:14:03   -- trial run0_sub0
05:14:08     iter   0  obj 0.10032  best 0.10032  step 0.9500
05:14:13     iter   1  obj -6.99074  best 0.10032  step 0.9500
05:14:18     iter   2  obj -0.02837  best 0.10032  step 0.9500
05:14:23     iter   3  obj -0.26171  best 0.10032  step 0.9500
05:14:27     iter   4  obj -0.50607  best 0.10032  step 0.9500
05:14:32     iter   5  obj -0.43007  best 0.10032  step 0.9500
05:14:37     iter   6  obj -0.38834  best 0.10032  step 0.9500
05:14:42     iter   7  obj -2.19477  best 0.10032  step 0.9500
05:14:47     iter   8  obj -0.04407  best 0.10032  step 0.9500
05:14:52     iter   9  obj -1.23390  best 0.10032  step 0.9500
05:14:57     iter  10  obj -0.29313  best 0.10032  step 0.9500
05:15:02     iter  11  obj -0.58836  best 0.10032  step 0.9500
05:15:06     iter  12  obj -0.50902  best 0.10032  step 0.9500
05:15:11     iter  13  obj -1.98641  best 0.10032  step 0.9500
05:15:16     iter  14  obj -0.26860  best 0.10032  step 0.9500
05:15:21     iter  15  obj -1.23411  best 0.10032  step 0.9500
05:15:26     iter  16  obj -0.34238  best 0.10032  step 0.9500
05:15:31     iter  17  obj -0.60065  best 0.10032  step 0.9500
05:15:36     iter  18  obj -0.58327  best 0.10032  step 0.9500
05:15:41     iter  19  obj -2.20114  best 0.10032  step 0.9500
05:15:45     iter  20  obj -0.50703  best 0.10032  step 0.9500
05:15:50     iter  21  obj -1.05832  best 0.10032  step 0.9500
05:15:55     iter  22  obj -0.38302  best 0.10032  step 0.9500
05:16:00     iter  23  obj -0.42315  best 0.10032  step 0.9500
05:16:05     iter  24  obj -0.50752  best 0.10032  step 0.9500
05:16:10     iter  25  obj -1.85725  best 0.10032  step 0.9500
05:16:15     iter  26  obj -0.36202  best 0.10032  step 0.9500
05:16:20     iter  27  obj -0.88323  best 0.10032  step 0.9500
05:16:25     iter  28  obj -0.56415  best 0.10032  step 0.9500
05:16:29     iter  29  obj -0.70395  best 0.10032  step 0.9500
05:16:34     iter  30  obj -0.49151  best 0.10032  step 0.9500
05:16:39     iter  31  obj -2.29852  best 0.10032  step 0.9500
05:16:44     iter  32  obj -0.46939  best 0.10032  step 0.9500
05:16:49     iter  33  obj -0.98129  best 0.10032  step 0.9500
05:16:54     iter  34  obj -0.35988  best 0.10032  step 0.9500
05:16:59     iter  35  obj -0.41004  best 0.10032  step 0.9500
05:17:04     iter  36  obj -0.37871  best 0.10032  step 0.9500
05:17:09     iter  37  obj -1.76212  best 0.10032  step 0.9500
05:17:13     iter  38  obj -0.38875  best 0.10032  step 0.9500
05:17:18     iter  39  obj -1.02632  best 0.10032  step 0.9500
05:17:23     iter  40  obj -0.44786  best 0.10032  step 0.9500
05:17:28     iter  41  obj -0.35509  best 0.10032  step 0.9500
05:17:33     iter  42  obj -0.33131  best 0.10032  step 0.9500
05:17:38     iter  43  obj -1.69879  best 0.10032  step 0.9500
05:17:43     iter  44  obj -0.60962  best 0.10032  step 0.4750  halved
05:17:48     iter  45  obj -21.22750  best 0.10032  step 0.4750
05:17:52     iter  46  obj -1.85920  best 0.10032  step 0.4750
05:17:57     iter  47  obj -0.22708  best 0.10032  step 0.4750
05:18:02     iter  48  obj -0.05784  best 0.10032  step 0.4750
05:18:07     iter  49  obj 0.03215  best 0.10032  step 0.4750
05:18:12     iter  50  obj -0.12174  best 0.10032  step 0.4750
05:18:17     iter  51  obj -0.58821  best 0.10032  step 0.4750
05:18:22     iter  52  obj -0.31219  best 0.10032  step 0.4750
05:18:27     iter  53  obj -0.58894  best 0.10032  step 0.4750
05:18:32     iter  54  obj 0.00431  best 0.10032  step 0.4750
05:18:36     iter  55  obj -0.07365  best 0.10032  step 0.4750
05:18:41     iter  56  obj -0.29386  best 0.10032  step 0.4750
05:18:46     iter  57  obj -0.34806  best 0.10032  step 0.4750
05:18:51     iter  58  obj -0.27273  best 0.10032  step 0.4750
05:18:56     iter  59  obj -0.15409  best 0.10032  step 0.4750
05:19:01     iter  60  obj -0.90710  best 0.10032  step 0.4750
05:19:06     iter  61  obj -0.05114  best 0.10032  step 0.4750
05:19:11     iter  62  obj -0.43701  best 0.10032  step 0.4750
05:19:15     iter  63  obj -0.59450  best 0.10032  step 0.4750
05:19:20     iter  64  obj -0.41178  best 0.10032  step 0.4750
05:19:25     iter  65  obj -0.13708  best 0.10032  step 0.4750
05:19:30     iter  66  obj 0.02615  best 0.10032  step 0.4750
05:19:35     iter  67  obj -0.30803  best 0.10032  step 0.4750
05:19:40     iter  68  obj -0.18140  best 0.10032  step 0.4750
05:19:45     iter  69  obj -0.06645  best 0.10032  step 0.4750
05:19:50     iter  70  obj -0.34187  best 0.10032  step 0.4750
05:19:54     iter  71  obj -0.43414  best 0.10032  step 0.4750
05:19:59     iter  72  obj -0.88159  best 0.10032  step 0.4750
05:20:04     iter  73  obj -0.07304  best 0.10032  step 0.4750
05:20:09     iter  74  obj -0.29041  best 0.10032  step 0.4750
05:20:14     iter  75  obj -0.80712  best 0.10032  step 0.4750
05:20:19     iter  76  obj -0.26294  best 0.10032  step 0.4750
05:20:24     iter  77  obj -0.57851  best 0.10032  step 0.4750
05:20:29     iter  78  obj -0.18551  best 0.10032  step 0.4750
05:20:33     iter  79  obj -0.73364  best 0.10032  step 0.4750
05:20:38     iter  80  obj -0.42126  best 0.10032  step 0.4750
05:20:43     iter  81  obj -0.50474  best 0.10032  step 0.4750
05:20:48     iter  82  obj -0.97031  best 0.10032  step 0.2375  halved
05:20:53     iter  83  obj -23.78429  best 0.10032  step 0.2375
05:20:58     iter  84  obj -2.99767  best 0.10032  step 0.2375
05:21:03     iter  85  obj -0.05611  best 0.10032  step 0.2375
05:21:08     iter  86  obj 0.14573  best 0.14573  step 0.2375  *
05:21:12     iter  87  obj 0.08065  best 0.14573  step 0.2375
05:21:17     iter  88  obj 0.11981  best 0.14573  step 0.2375
05:21:22     iter  89  obj 0.10906  best 0.14573  step 0.2375
05:21:27     iter  90  obj 0.04181  best 0.14573  step 0.2375
05:21:32     iter  91  obj 0.00158  best 0.14573  step 0.2375
05:21:37     iter  92  obj 0.12981  best 0.14573  step 0.2375
05:21:42     iter  93  obj 0.06600  best 0.14573  step 0.2375
05:21:47     iter  94  obj 0.09085  best 0.14573  step 0.2375
05:21:51     iter  95  obj 0.08632  best 0.14573  step 0.2375
05:21:56     iter  96  obj -0.11879  best 0.14573  step 0.2375
05:22:01     iter  97  obj 0.06389  best 0.14573  step 0.2375
05:22:06     iter  98  obj 0.14042  best 0.14573  step 0.2375
05:22:11     iter  99  obj -0.18182  best 0.14573  step 0.2375
05:22:16     iter 100  obj 0.11964  best 0.14573  step 0.2375
05:22:21     iter 101  obj 0.14395  best 0.14573  step 0.2375
05:22:26     iter 102  obj 0.12221  best 0.14573  step 0.2375
05:22:31     iter 103  obj -0.00486  best 0.14573  step 0.2375
05:22:35     iter 104  obj 0.06174  best 0.14573  step 0.2375
05:22:40     iter 105  obj 0.08057  best 0.14573  step 0.2375
05:22:45     iter 106  obj 0.07372  best 0.14573  step 0.2375
05:22:50     iter 107  obj 0.14118  best 0.14573  step 0.2375
05:22:55     iter 108  obj -0.47390  best 0.14573  step 0.2375
05:23:00     iter 109  obj -0.18978  best 0.14573  step 0.2375
05:23:05     iter 110  obj -0.47202  best 0.14573  step 0.2375
05:23:10     iter 111  obj -0.15593  best 0.14573  step 0.2375
05:23:15     iter 112  obj -0.44277  best 0.14573  step 0.2375
05:23:19     iter 113  obj 0.09307  best 0.14573  step 0.2375
05:23:24     iter 114  obj 0.09426  best 0.14573  step 0.1188  halved
05:23:29     iter 115  obj -2.48908  best 0.14573  step 0.1188
05:23:34     iter 116  obj -0.09950  best 0.14573  step 0.1188
05:23:39     iter 117  obj 0.12573  best 0.14573  step 0.1188
05:23:44     iter 118  obj 0.17063  best 0.17063  step 0.1188  *
05:23:49     iter 119  obj 0.20378  best 0.20378  step 0.1188  *
05:23:54     iter 120  obj 0.11958  best 0.20378  step 0.1188
05:23:59     iter 121  obj -0.15386  best 0.20378  step 0.1188
05:24:03     iter 122  obj 0.15458  best 0.20378  step 0.1188
05:24:08     iter 123  obj 0.18641  best 0.20378  step 0.1188
05:24:13     iter 124  obj 0.16972  best 0.20378  step 0.1188
05:24:18     iter 125  obj -0.00039  best 0.20378  step 0.1188
05:24:23     iter 126  obj 0.18190  best 0.20378  step 0.1188
05:24:28     iter 127  obj 0.21065  best 0.21065  step 0.1188  *
05:24:33     iter 128  obj 0.19511  best 0.21065  step 0.1188
05:24:38     iter 129  obj 0.23028  best 0.23028  step 0.1188  *
05:24:43     iter 130  obj 0.20318  best 0.23028  step 0.1188
05:24:47     iter 131  obj 0.21524  best 0.23028  step 0.1188
05:24:52     iter 132  obj 0.23080  best 0.23080  step 0.1188  *
05:24:57     iter 133  obj 0.24464  best 0.24464  step 0.1188  *
05:25:02     iter 134  obj 0.14811  best 0.24464  step 0.1188
05:25:07     iter 135  obj 0.21839  best 0.24464  step 0.1188
05:25:12     iter 136  obj 0.24459  best 0.24464  step 0.1188
05:25:17     iter 137  obj 0.23929  best 0.24464  step 0.1188
05:25:22     iter 138  obj 0.26280  best 0.26280  step 0.1188  *
05:25:27     iter 139  obj 0.26579  best 0.26579  step 0.1188  *
05:25:31     iter 140  obj 0.32100  best 0.32100  step 0.0594  *  halved
05:25:36     iter 141  obj 0.37127  best 0.37127  step 0.0594  *
05:25:41     iter 142  obj 0.42488  best 0.42488  step 0.0594  *
05:25:46     iter 143  obj 0.45116  best 0.45116  step 0.0594  *
05:25:51     iter 144  obj 0.41133  best 0.45116  step 0.0594
05:25:56     iter 145  obj 0.47010  best 0.47010  step 0.0594  *
05:26:01     iter 146  obj 0.48611  best 0.48611  step 0.0594  *
05:26:06     iter 147  obj 0.44636  best 0.48611  step 0.0594
05:26:10     iter 148  obj 0.52701  best 0.52701  step 0.0594  *
05:26:15     iter 149  obj 0.52507  best 0.52701  step 0.0594
05:26:20     iter 150  obj 0.58163  best 0.58163  step 0.0594  *
05:26:25     iter 151  obj 0.54386  best 0.58163  step 0.0594
05:26:30     iter 152  obj 0.53880  best 0.58163  step 0.0594
05:26:35     iter 153  obj 0.62694  best 0.62694  step 0.0594  *
05:26:40     iter 154  obj 0.58954  best 0.62694  step 0.0594
05:26:45     iter 155  obj 0.63759  best 0.63759  step 0.0594  *
05:26:49     iter 156  obj 0.60728  best 0.63759  step 0.0594
05:26:54     iter 157  obj 0.55475  best 0.63759  step 0.0594
05:26:59     iter 158  obj 0.63158  best 0.63759  step 0.0594
05:27:04     iter 159  obj 0.70695  best 0.70695  step 0.0594  *
05:27:09     iter 160  obj 0.61151  best 0.70695  step 0.0297  halved
05:27:14     iter 161  obj 0.76049  best 0.76049  step 0.0297  *
05:27:19     iter 162  obj 0.74193  best 0.76049  step 0.0297
05:27:24     iter 163  obj 0.88937  best 0.88937  step 0.0297  *
05:27:28     iter 164  obj 0.90321  best 0.90321  step 0.0297  *
05:27:33     iter 165  obj 0.96902  best 0.96902  step 0.0297  *
05:27:38     iter 166  obj 1.00446  best 1.00446  step 0.0297  *
05:27:43     iter 167  obj 0.99341  best 1.00446  step 0.0297
05:27:48     iter 168  obj 1.06968  best 1.06968  step 0.0297  *
05:27:53     iter 169  obj 0.97272  best 1.06968  step 0.0297
05:27:58     iter 170  obj 1.08862  best 1.08862  step 0.0297  *
05:28:03     iter 171  obj 1.06362  best 1.08862  step 0.0297
05:28:07     iter 172  obj 1.09775  best 1.09775  step 0.0297  *
05:28:12     iter 173  obj 1.18947  best 1.18947  step 0.0297  *
05:28:17     iter 174  obj 1.05924  best 1.18947  step 0.0148  halved
05:28:22     iter 175  obj 1.29346  best 1.29346  step 0.0148  *
05:28:27     iter 176  obj 1.38242  best 1.38242  step 0.0148  *
05:28:32     iter 177  obj 1.40954  best 1.40954  step 0.0148  *
05:28:37     iter 178  obj 1.41548  best 1.41548  step 0.0148  *
05:28:42     iter 179  obj 1.46101  best 1.46101  step 0.0148  *
05:28:46     iter 180  obj 1.53233  best 1.53233  step 0.0148  *
05:28:51     iter 181  obj 1.56794  best 1.56794  step 0.0148  *
05:28:56     iter 182  obj 1.55409  best 1.56794  step 0.0148
05:29:01     iter 183  obj 1.61465  best 1.61465  step 0.0148  *
05:29:06     iter 184  obj 1.57169  best 1.61465  step 0.0148
05:29:11     iter 185  obj 1.64621  best 1.64621  step 0.0148  *
05:29:16     iter 186  obj 1.60171  best 1.64621  step 0.0074  halved
05:29:21     iter 187  obj 1.77023  best 1.77023  step 0.0074  *
05:29:25     iter 188  obj 1.79658  best 1.79658  step 0.0074  *
05:29:30     iter 189  obj 1.84926  best 1.84926  step 0.0074  *
05:29:35     iter 190  obj 1.85478  best 1.85478  step 0.0074  *
05:29:40     iter 191  obj 1.89232  best 1.89232  step 0.0074  *
05:29:45     iter 192  obj 1.85096  best 1.89232  step 0.0074
05:29:50     iter 193  obj 1.94172  best 1.94172  step 0.0074  *
05:29:55     iter 194  obj 1.91501  best 1.94172  step 0.0074
05:30:00     iter 195  obj 1.99775  best 1.99775  step 0.0074  *
05:30:05     iter 196  obj 1.95501  best 1.99775  step 0.0074
05:30:09     iter 197  obj 2.02077  best 2.02077  step 0.0074  *
05:30:14     iter 198  obj 2.04050  best 2.04050  step 0.0037  *  halved
05:30:19     iter 199  obj 2.11303  best 2.11303  step 0.0037  *
05:30:24     iter 200  obj 2.15633  best 2.15633  step 0.0037  *
05:30:25      poisoned ce=0.45454 auc=0.7426 acc=0.8870 f1=0.1630  dce=+0.24555 dacc=-0.0380  k=1500  [982.3s]
05:30:25   mean over 1 trials: dce=+0.24555 dacc=-0.0380 dauc=-0.1369  -> results/niter_be/wids_wids_rs1_it200
