09:56:47 [x-capgd] /home/ssn899/Desktop/TabFM/datasets/coil2000_insurance_policies/splits/selected/natural/context_5000.csv (5000x85) -> /home/ssn899/Desktop/TabFM/datasets/coil2000_insurance_policies/splits/test_attack_1000.csv (1000 of 1000)  k=800 (16.0%)  attack_class=None  grid 5x3  cuda:1
09:56:52   clean  ce=0.20246 auc=0.7371 acc=0.9410 f1=0.0000  max|dp| over 3 repeats=0.00e+00  chunking_exact=True  [4.3s]
09:56:52   constraints=full (0 relations, dataset 'coil2000_insurance_policies')  scaler=metadata  mutable 85/85  int 80  cat 5
09:56:52   -- trial run0_sub0
09:56:55     iter   0  obj 0.20246  best 0.20246  step 0.9500
09:56:58     iter   1  obj 0.20930  best 0.20930  step 0.9500  *
09:57:01     iter   2  obj 0.21438  best 0.21438  step 0.9500  *
09:57:04     iter   3  obj 0.20983  best 0.21438  step 0.9500
09:57:07     iter   4  obj 0.21430  best 0.21438  step 0.9500
09:57:10     iter   5  obj 0.21007  best 0.21438  step 0.9500
09:57:13     iter   6  obj 0.21076  best 0.21438  step 0.9500
09:57:16     iter   7  obj 0.21456  best 0.21456  step 0.9500  *
09:57:19     iter   8  obj 0.21783  best 0.21783  step 0.4750  *  halved
09:57:22     iter   9  obj 0.21618  best 0.21783  step 0.4750
09:57:25     iter  10  obj 0.21895  best 0.21895  step 0.4750  *
09:57:28     iter  11  obj 0.21724  best 0.21895  step 0.4750
09:57:31     iter  12  obj 0.21285  best 0.21895  step 0.4750
09:57:35     iter  13  obj 0.21119  best 0.21895  step 0.4750
09:57:38     iter  14  obj 0.21979  best 0.21979  step 0.4750  *
09:57:41     iter  15  obj 0.21154  best 0.21979  step 0.2375  halved
09:57:44     iter  16  obj 0.21950  best 0.21979  step 0.2375
09:57:47     iter  17  obj 0.21984  best 0.21984  step 0.2375  *
09:57:50     iter  18  obj 0.22174  best 0.22174  step 0.2375  *
09:57:53     iter  19  obj 0.22213  best 0.22213  step 0.2375  *
09:57:56     iter  20  obj 0.21988  best 0.22213  step 0.2375
09:57:59     iter  21  obj 0.22123  best 0.22213  step 0.2375
09:58:02     iter  22  obj 0.21806  best 0.22213  step 0.2375
09:58:05     iter  23  obj 0.22201  best 0.22213  step 0.2375
09:58:08     iter  24  obj 0.21907  best 0.22213  step 0.2375
09:58:11     iter  25  obj 0.22925  best 0.22925  step 0.2375  *
09:58:14     iter  26  obj 0.22946  best 0.22946  step 0.1188  *  halved
09:58:17     iter  27  obj 0.21560  best 0.22946  step 0.1188
09:58:20     iter  28  obj 0.22329  best 0.22946  step 0.1188
09:58:23     iter  29  obj 0.22522  best 0.22946  step 0.1188
09:58:26     iter  30  obj 0.22709  best 0.22946  step 0.0594  halved
09:58:29     iter  31  obj 0.21376  best 0.22946  step 0.0594
09:58:32     iter  32  obj 0.22143  best 0.22946  step 0.0594
09:58:35     iter  33  obj 0.24195  best 0.24195  step 0.0297  *  halved
09:58:38     iter  34  obj 0.22845  best 0.24195  step 0.0297
09:58:41     iter  35  obj 0.24497  best 0.24497  step 0.0148  *  halved
09:58:44     iter  36  obj 0.23483  best 0.24497  step 0.0148
09:58:47     iter  37  obj 0.25237  best 0.25237  step 0.0074  *  halved
09:58:50     iter  38  obj 0.24991  best 0.25237  step 0.0074
09:58:53     iter  39  obj 0.27005  best 0.27005  step 0.0037  *  halved
09:58:56     iter  40  obj 0.28957  best 0.28957  step 0.0037  *
09:58:58      poisoned ce=0.20433 auc=0.7322 acc=0.9410 f1=0.0000  dce=+0.00187 dacc=+0.0000  k=800  [125.5s]
09:58:58   -- trial run0_sub1
09:59:01     iter   0  obj 0.20246  best 0.20246  step 0.9500
09:59:04     iter   1  obj 0.21343  best 0.21343  step 0.9500  *
09:59:07     iter   2  obj 0.21116  best 0.21343  step 0.9500
09:59:10     iter   3  obj 0.21047  best 0.21343  step 0.9500
09:59:13     iter   4  obj 0.21271  best 0.21343  step 0.9500
09:59:16     iter   5  obj 0.22153  best 0.22153  step 0.9500  *
09:59:19     iter   6  obj 0.20730  best 0.22153  step 0.9500
09:59:22     iter   7  obj 0.21320  best 0.22153  step 0.9500
09:59:25     iter   8  obj 0.21288  best 0.22153  step 0.4750  halved
09:59:28     iter   9  obj 0.20505  best 0.22153  step 0.4750
09:59:31     iter  10  obj 0.21755  best 0.22153  step 0.4750
09:59:34     iter  11  obj 0.22188  best 0.22188  step 0.4750  *
09:59:37     iter  12  obj 0.21336  best 0.22188  step 0.4750
09:59:40     iter  13  obj 0.22667  best 0.22667  step 0.4750  *
09:59:43     iter  14  obj 0.21554  best 0.22667  step 0.4750
09:59:46     iter  15  obj 0.21763  best 0.22667  step 0.2375  halved
09:59:49     iter  16  obj 0.22349  best 0.22667  step 0.2375
09:59:52     iter  17  obj 0.21952  best 0.22667  step 0.2375
09:59:55     iter  18  obj 0.22089  best 0.22667  step 0.2375
09:59:58     iter  19  obj 0.22513  best 0.22667  step 0.2375
10:00:01     iter  20  obj 0.22248  best 0.22667  step 0.2375
10:00:04     iter  21  obj 0.22812  best 0.22812  step 0.1188  *  halved
10:00:07     iter  22  obj 0.21881  best 0.22812  step 0.1188
10:00:10     iter  23  obj 0.22931  best 0.22931  step 0.1188  *
10:00:13     iter  24  obj 0.23147  best 0.23147  step 0.1188  *
10:00:16     iter  25  obj 0.23164  best 0.23164  step 0.1188  *
10:00:19     iter  26  obj 0.23990  best 0.23990  step 0.1188  *
10:00:22     iter  27  obj 0.23767  best 0.23990  step 0.1188
10:00:25     iter  28  obj 0.24758  best 0.24758  step 0.1188  *
10:00:28     iter  29  obj 0.25020  best 0.25020  step 0.1188  *
10:00:31     iter  30  obj 0.25604  best 0.25604  step 0.0594  *  halved
10:00:34     iter  31  obj 0.29313  best 0.29313  step 0.0594  *
10:00:37     iter  32  obj 0.27763  best 0.29313  step 0.0594
10:00:40     iter  33  obj 0.30794  best 0.30794  step 0.0297  *  halved
10:00:43     iter  34  obj 0.40130  best 0.40130  step 0.0297  *
10:00:46     iter  35  obj 0.37771  best 0.40130  step 0.0148  halved
10:00:49     iter  36  obj 0.38269  best 0.40130  step 0.0148
10:00:52     iter  37  obj 0.43213  best 0.43213  step 0.0148  *
10:00:55     iter  38  obj 0.46047  best 0.46047  step 0.0148  *
10:00:59     iter  39  obj 0.41740  best 0.46047  step 0.0074  halved
10:01:02     iter  40  obj 0.48662  best 0.48662  step 0.0074  *
10:01:03      poisoned ce=0.20605 auc=0.7239 acc=0.9410 f1=0.0000  dce=+0.00359 dacc=+0.0000  k=800  [125.6s]
10:01:03   -- trial run0_sub2
10:01:06     iter   0  obj 0.20246  best 0.20246  step 0.9500
10:01:09     iter   1  obj 0.21035  best 0.21035  step 0.9500  *
10:01:12     iter   2  obj 0.21043  best 0.21043  step 0.9500  *
10:01:15     iter   3  obj 0.21107  best 0.21107  step 0.9500  *
10:01:19     iter   4  obj 0.20978  best 0.21107  step 0.9500
10:01:22     iter   5  obj 0.20934  best 0.21107  step 0.9500
10:01:25     iter   6  obj 0.22209  best 0.22209  step 0.9500  *
10:01:28     iter   7  obj 0.21720  best 0.22209  step 0.9500
10:01:31     iter   8  obj 0.20989  best 0.22209  step 0.4750  halved
10:01:34     iter   9  obj 0.21703  best 0.22209  step 0.4750
10:01:37     iter  10  obj 0.22263  best 0.22263  step 0.4750  *
10:01:40     iter  11  obj 0.21545  best 0.22263  step 0.4750
10:01:43     iter  12  obj 0.21770  best 0.22263  step 0.4750
10:01:46     iter  13  obj 0.21259  best 0.22263  step 0.4750
10:01:49     iter  14  obj 0.21696  best 0.22263  step 0.4750
10:01:52     iter  15  obj 0.21506  best 0.22263  step 0.2375  halved
10:01:55     iter  16  obj 0.21452  best 0.22263  step 0.2375
10:01:58     iter  17  obj 0.21932  best 0.22263  step 0.2375
10:02:01     iter  18  obj 0.21938  best 0.22263  step 0.2375
10:02:04     iter  19  obj 0.21204  best 0.22263  step 0.2375
10:02:07     iter  20  obj 0.22172  best 0.22263  step 0.2375
10:02:10     iter  21  obj 0.22482  best 0.22482  step 0.1188  *  halved
10:02:13     iter  22  obj 0.22482  best 0.22482  step 0.1188  *
10:02:16     iter  23  obj 0.22553  best 0.22553  step 0.1188  *
10:02:19     iter  24  obj 0.22802  best 0.22802  step 0.1188  *
10:02:22     iter  25  obj 0.22205  best 0.22802  step 0.1188
10:02:25     iter  26  obj 0.23122  best 0.23122  step 0.1188  *
10:02:28     iter  27  obj 0.23020  best 0.23122  step 0.1188
10:02:31     iter  28  obj 0.23183  best 0.23183  step 0.1188  *
10:02:34     iter  29  obj 0.23362  best 0.23362  step 0.1188  *
10:02:37     iter  30  obj 0.23256  best 0.23362  step 0.0594  halved
10:02:40     iter  31  obj 0.23939  best 0.23939  step 0.0594  *
10:02:43     iter  32  obj 0.24548  best 0.24548  step 0.0594  *
10:02:46     iter  33  obj 0.25070  best 0.25070  step 0.0594  *
10:02:49     iter  34  obj 0.24714  best 0.25070  step 0.0594
10:02:52     iter  35  obj 0.26240  best 0.26240  step 0.0297  *  halved
10:02:55     iter  36  obj 0.28231  best 0.28231  step 0.0297  *
10:02:58     iter  37  obj 0.28873  best 0.28873  step 0.0297  *
10:03:01     iter  38  obj 0.27899  best 0.28873  step 0.0297
10:03:04     iter  39  obj 0.30815  best 0.30815  step 0.0148  *  halved
10:03:07     iter  40  obj 0.32342  best 0.32342  step 0.0148  *
10:03:09      poisoned ce=0.20550 auc=0.7280 acc=0.9410 f1=0.0000  dce=+0.00304 dacc=+0.0000  k=800  [125.4s]
10:03:09   -- trial run1_sub0
10:03:12     iter   0  obj 0.20823  best 0.20823  step 0.9500
10:03:15     iter   1  obj 0.21260  best 0.21260  step 0.9500  *
10:03:18     iter   2  obj 0.21605  best 0.21605  step 0.9500  *
10:03:21     iter   3  obj 0.20831  best 0.21605  step 0.9500
10:03:24     iter   4  obj 0.21094  best 0.21605  step 0.9500
10:03:27     iter   5  obj 0.21191  best 0.21605  step 0.9500
10:03:30     iter   6  obj 0.21438  best 0.21605  step 0.9500
10:03:33     iter   7  obj 0.21458  best 0.21605  step 0.9500
10:03:36     iter   8  obj 0.21442  best 0.21605  step 0.4750  halved
10:03:39     iter   9  obj 0.20734  best 0.21605  step 0.4750
10:03:42     iter  10  obj 0.20647  best 0.21605  step 0.4750
10:03:45     iter  11  obj 0.21427  best 0.21605  step 0.4750
10:03:48     iter  12  obj 0.21499  best 0.21605  step 0.4750
10:03:51     iter  13  obj 0.21940  best 0.21940  step 0.4750  *
10:03:54     iter  14  obj 0.21918  best 0.21940  step 0.4750
10:03:57     iter  15  obj 0.21501  best 0.21940  step 0.2375  halved
10:04:00     iter  16  obj 0.22198  best 0.22198  step 0.2375  *
10:04:03     iter  17  obj 0.21931  best 0.22198  step 0.2375
10:04:06     iter  18  obj 0.22170  best 0.22198  step 0.2375
10:04:09     iter  19  obj 0.21832  best 0.22198  step 0.2375
10:04:12     iter  20  obj 0.22439  best 0.22439  step 0.2375  *
10:04:15     iter  21  obj 0.21996  best 0.22439  step 0.1188  halved
10:04:18     iter  22  obj 0.22581  best 0.22581  step 0.1188  *
10:04:21     iter  23  obj 0.22289  best 0.22581  step 0.1188
10:04:24     iter  24  obj 0.22916  best 0.22916  step 0.1188  *
10:04:27     iter  25  obj 0.23711  best 0.23711  step 0.1188  *
10:04:30     iter  26  obj 0.23601  best 0.23711  step 0.0594  halved
10:04:33     iter  27  obj 0.24375  best 0.24375  step 0.0594  *
10:04:36     iter  28  obj 0.23982  best 0.24375  step 0.0594
10:04:39     iter  29  obj 0.23919  best 0.24375  step 0.0594
10:04:42     iter  30  obj 0.25157  best 0.25157  step 0.0297  *  halved
10:04:45     iter  31  obj 0.27475  best 0.27475  step 0.0297  *
10:04:48     iter  32  obj 0.26622  best 0.27475  step 0.0297
10:04:51     iter  33  obj 0.29558  best 0.29558  step 0.0148  *  halved
10:04:54     iter  34  obj 0.32093  best 0.32093  step 0.0148  *
10:04:57     iter  35  obj 0.31010  best 0.32093  step 0.0074  halved
10:05:00     iter  36  obj 0.32728  best 0.32728  step 0.0074  *
10:05:03     iter  37  obj 0.34277  best 0.34277  step 0.0074  *
10:05:06     iter  38  obj 0.35865  best 0.35865  step 0.0074  *
10:05:09     iter  39  obj 0.35171  best 0.35865  step 0.0037  halved
10:05:12     iter  40  obj 0.35797  best 0.35865  step 0.0037
10:05:14      poisoned ce=0.20401 auc=0.7374 acc=0.9410 f1=0.0000  dce=+0.00155 dacc=+0.0000  k=800  [125.5s]
10:05:14   -- trial run1_sub1
10:05:17     iter   0  obj 0.20355  best 0.20355  step 0.9500
10:05:20     iter   1  obj 0.21017  best 0.21017  step 0.9500  *
10:05:23     iter   2  obj 0.21224  best 0.21224  step 0.9500  *
10:05:26     iter   3  obj 0.22337  best 0.22337  step 0.9500  *
10:05:29     iter   4  obj 0.21213  best 0.22337  step 0.9500
10:05:32     iter   5  obj 0.21630  best 0.22337  step 0.9500
10:05:35     iter   6  obj 0.21258  best 0.22337  step 0.9500
10:05:38     iter   7  obj 0.21005  best 0.22337  step 0.9500
10:05:41     iter   8  obj 0.21882  best 0.22337  step 0.4750  halved
10:05:45     iter   9  obj 0.21470  best 0.22337  step 0.4750
10:05:48     iter  10  obj 0.21497  best 0.22337  step 0.4750
10:05:51     iter  11  obj 0.21808  best 0.22337  step 0.4750
10:05:54     iter  12  obj 0.23373  best 0.23373  step 0.4750  *
10:05:57     iter  13  obj 0.22366  best 0.23373  step 0.4750
10:06:00     iter  14  obj 0.22105  best 0.23373  step 0.4750
10:06:03     iter  15  obj 0.22288  best 0.23373  step 0.2375  halved
10:06:06     iter  16  obj 0.21401  best 0.23373  step 0.2375
10:06:09     iter  17  obj 0.23070  best 0.23373  step 0.2375
10:06:12     iter  18  obj 0.23626  best 0.23626  step 0.2375  *
10:06:15     iter  19  obj 0.24178  best 0.24178  step 0.2375  *
10:06:18     iter  20  obj 0.24153  best 0.24178  step 0.2375
10:06:21     iter  21  obj 0.23517  best 0.24178  step 0.1188  halved
10:06:24     iter  22  obj 0.23669  best 0.24178  step 0.1188
10:06:27     iter  23  obj 0.23914  best 0.24178  step 0.1188
10:06:30     iter  24  obj 0.24524  best 0.24524  step 0.1188  *
10:06:33     iter  25  obj 0.24817  best 0.24817  step 0.1188  *
10:06:36     iter  26  obj 0.24317  best 0.24817  step 0.1188
10:06:39     iter  27  obj 0.25293  best 0.25293  step 0.1188  *
10:06:42     iter  28  obj 0.24559  best 0.25293  step 0.1188
10:06:45     iter  29  obj 0.23618  best 0.25293  step 0.1188
10:06:48     iter  30  obj 0.23893  best 0.25293  step 0.0594  halved
10:06:51     iter  31  obj 0.25329  best 0.25329  step 0.0594  *
10:06:54     iter  32  obj 0.26749  best 0.26749  step 0.0594  *
10:06:57     iter  33  obj 0.27429  best 0.27429  step 0.0594  *
10:07:00     iter  34  obj 0.26006  best 0.27429  step 0.0594
10:07:03     iter  35  obj 0.27121  best 0.27429  step 0.0297  halved
10:07:06     iter  36  obj 0.27134  best 0.27429  step 0.0297
10:07:09     iter  37  obj 0.28875  best 0.28875  step 0.0297  *
10:07:12     iter  38  obj 0.31058  best 0.31058  step 0.0297  *
10:07:15     iter  39  obj 0.33295  best 0.33295  step 0.0297  *
10:07:18     iter  40  obj 0.35599  best 0.35599  step 0.0297  *
10:07:20      poisoned ce=0.20404 auc=0.7342 acc=0.9410 f1=0.0000  dce=+0.00158 dacc=+0.0000  k=800  [125.6s]
10:07:20   -- trial run1_sub2
10:07:23     iter   0  obj 0.20362  best 0.20362  step 0.9500
10:07:26     iter   1  obj 0.20700  best 0.20700  step 0.9500  *
10:07:29     iter   2  obj 0.20838  best 0.20838  step 0.9500  *
10:07:32     iter   3  obj 0.21377  best 0.21377  step 0.9500  *
10:07:35     iter   4  obj 0.20947  best 0.21377  step 0.9500
10:07:38     iter   5  obj 0.20876  best 0.21377  step 0.9500
10:07:41     iter   6  obj 0.20694  best 0.21377  step 0.9500
10:07:44     iter   7  obj 0.20812  best 0.21377  step 0.9500
10:07:47     iter   8  obj 0.21123  best 0.21377  step 0.4750  halved
10:07:50     iter   9  obj 0.20817  best 0.21377  step 0.4750
10:07:53     iter  10  obj 0.21919  best 0.21919  step 0.4750  *
10:07:56     iter  11  obj 0.21370  best 0.21919  step 0.4750
10:07:59     iter  12  obj 0.21430  best 0.21919  step 0.4750
10:08:02     iter  13  obj 0.21871  best 0.21919  step 0.4750
10:08:05     iter  14  obj 0.22611  best 0.22611  step 0.4750  *
10:08:08     iter  15  obj 0.22397  best 0.22611  step 0.2375  halved
10:08:11     iter  16  obj 0.22031  best 0.22611  step 0.2375
10:08:14     iter  17  obj 0.22852  best 0.22852  step 0.2375  *
10:08:17     iter  18  obj 0.22205  best 0.22852  step 0.2375
10:08:20     iter  19  obj 0.21795  best 0.22852  step 0.2375
10:08:23     iter  20  obj 0.22243  best 0.22852  step 0.2375
10:08:26     iter  21  obj 0.24010  best 0.24010  step 0.1188  *  halved
10:08:29     iter  22  obj 0.22285  best 0.24010  step 0.1188
10:08:32     iter  23  obj 0.22355  best 0.24010  step 0.1188
10:08:35     iter  24  obj 0.22720  best 0.24010  step 0.1188
10:08:38     iter  25  obj 0.23032  best 0.24010  step 0.1188
10:08:41     iter  26  obj 0.23321  best 0.24010  step 0.1188
10:08:44     iter  27  obj 0.23104  best 0.24010  step 0.1188
10:08:47     iter  28  obj 0.22632  best 0.24010  step 0.1188
10:08:50     iter  29  obj 0.22705  best 0.24010  step 0.1188
10:08:53     iter  30  obj 0.22683  best 0.24010  step 0.0594  halved
10:08:56     iter  31  obj 0.21795  best 0.24010  step 0.0594
10:08:59     iter  32  obj 0.22708  best 0.24010  step 0.0594
10:09:02     iter  33  obj 0.23328  best 0.24010  step 0.0297  halved
10:09:05     iter  34  obj 0.22283  best 0.24010  step 0.0297
10:09:08     iter  35  obj 0.22974  best 0.24010  step 0.0148  halved
10:09:11     iter  36  obj 0.22640  best 0.24010  step 0.0148
10:09:14     iter  37  obj 0.23297  best 0.24010  step 0.0074  halved
10:09:17     iter  38  obj 0.22558  best 0.24010  step 0.0074
10:09:20     iter  39  obj 0.23900  best 0.24010  step 0.0037  halved
10:09:23     iter  40  obj 0.22840  best 0.24010  step 0.0037
10:09:25      poisoned ce=0.20580 auc=0.7271 acc=0.9410 f1=0.0000  dce=+0.00334 dacc=+0.0000  k=800  [125.4s]
10:09:25   -- trial run2_sub0
10:09:28     iter   0  obj 0.20424  best 0.20424  step 0.9500
10:09:31     iter   1  obj 0.20709  best 0.20709  step 0.9500  *
10:09:34     iter   2  obj 0.20700  best 0.20709  step 0.9500
10:09:37     iter   3  obj 0.21135  best 0.21135  step 0.9500  *
10:09:40     iter   4  obj 0.21142  best 0.21142  step 0.9500  *
10:09:43     iter   5  obj 0.21224  best 0.21224  step 0.9500  *
10:09:46     iter   6  obj 0.21194  best 0.21224  step 0.9500
10:09:49     iter   7  obj 0.20955  best 0.21224  step 0.9500
10:09:52     iter   8  obj 0.20604  best 0.21224  step 0.4750  halved
10:09:55     iter   9  obj 0.21022  best 0.21224  step 0.4750
10:09:58     iter  10  obj 0.21179  best 0.21224  step 0.4750
10:10:01     iter  11  obj 0.21985  best 0.21985  step 0.4750  *
10:10:04     iter  12  obj 0.21141  best 0.21985  step 0.4750
10:10:07     iter  13  obj 0.21441  best 0.21985  step 0.4750
10:10:10     iter  14  obj 0.20966  best 0.21985  step 0.4750
10:10:14     iter  15  obj 0.21095  best 0.21985  step 0.2375  halved
10:10:17     iter  16  obj 0.21993  best 0.21993  step 0.2375  *
10:10:20     iter  17  obj 0.22349  best 0.22349  step 0.2375  *
10:10:23     iter  18  obj 0.21997  best 0.22349  step 0.2375
10:10:26     iter  19  obj 0.22672  best 0.22672  step 0.2375  *
10:10:29     iter  20  obj 0.21643  best 0.22672  step 0.2375
10:10:32     iter  21  obj 0.22635  best 0.22672  step 0.1188  halved
10:10:35     iter  22  obj 0.22496  best 0.22672  step 0.1188
10:10:38     iter  23  obj 0.22103  best 0.22672  step 0.1188
10:10:41     iter  24  obj 0.22094  best 0.22672  step 0.1188
10:10:44     iter  25  obj 0.23189  best 0.23189  step 0.1188  *
10:10:47     iter  26  obj 0.24119  best 0.24119  step 0.0594  *  halved
10:10:50     iter  27  obj 0.24549  best 0.24549  step 0.0594  *
10:10:53     iter  28  obj 0.25414  best 0.25414  step 0.0594  *
10:10:56     iter  29  obj 0.24006  best 0.25414  step 0.0594
10:10:59     iter  30  obj 0.24185  best 0.25414  step 0.0297  halved
10:11:02     iter  31  obj 0.25348  best 0.25414  step 0.0297
10:11:05     iter  32  obj 0.25685  best 0.25685  step 0.0297  *
10:11:08     iter  33  obj 0.25922  best 0.25922  step 0.0297  *
10:11:11     iter  34  obj 0.26502  best 0.26502  step 0.0297  *
10:11:14     iter  35  obj 0.26378  best 0.26502  step 0.0148  halved
10:11:17     iter  36  obj 0.27497  best 0.27497  step 0.0148  *
10:11:20     iter  37  obj 0.27700  best 0.27700  step 0.0148  *
10:11:23     iter  38  obj 0.28855  best 0.28855  step 0.0148  *
10:11:26     iter  39  obj 0.30132  best 0.30132  step 0.0148  *
10:11:29     iter  40  obj 0.30528  best 0.30528  step 0.0148  *
10:11:31      poisoned ce=0.20636 auc=0.7308 acc=0.9410 f1=0.0000  dce=+0.00390 dacc=+0.0000  k=800  [125.4s]
10:11:31   -- trial run2_sub1
10:11:34     iter   0  obj 0.20222  best 0.20222  step 0.9500
10:11:37     iter   1  obj 0.20622  best 0.20622  step 0.9500  *
10:11:40     iter   2  obj 0.21557  best 0.21557  step 0.9500  *
10:11:43     iter   3  obj 0.21002  best 0.21557  step 0.9500
10:11:46     iter   4  obj 0.21360  best 0.21557  step 0.9500
10:11:49     iter   5  obj 0.21861  best 0.21861  step 0.9500  *
10:11:52     iter   6  obj 0.21811  best 0.21861  step 0.9500
10:11:55     iter   7  obj 0.21460  best 0.21861  step 0.9500
10:11:58     iter   8  obj 0.21153  best 0.21861  step 0.4750  halved
10:12:01     iter   9  obj 0.21486  best 0.21861  step 0.4750
10:12:04     iter  10  obj 0.21860  best 0.21861  step 0.4750
10:12:07     iter  11  obj 0.21360  best 0.21861  step 0.4750
10:12:10     iter  12  obj 0.22331  best 0.22331  step 0.4750  *
10:12:13     iter  13  obj 0.21951  best 0.22331  step 0.4750
10:12:16     iter  14  obj 0.22004  best 0.22331  step 0.4750
10:12:19     iter  15  obj 0.21626  best 0.22331  step 0.2375  halved
10:12:22     iter  16  obj 0.21803  best 0.22331  step 0.2375
10:12:25     iter  17  obj 0.22652  best 0.22652  step 0.2375  *
10:12:28     iter  18  obj 0.22665  best 0.22665  step 0.2375  *
10:12:31     iter  19  obj 0.22650  best 0.22665  step 0.2375
10:12:34     iter  20  obj 0.23173  best 0.23173  step 0.2375  *
10:12:37     iter  21  obj 0.23552  best 0.23552  step 0.2375  *
10:12:40     iter  22  obj 0.23758  best 0.23758  step 0.2375  *
10:12:43     iter  23  obj 0.22734  best 0.23758  step 0.2375
10:12:46     iter  24  obj 0.22843  best 0.23758  step 0.2375
10:12:49     iter  25  obj 0.22804  best 0.23758  step 0.2375
10:12:52     iter  26  obj 0.22314  best 0.23758  step 0.1188  halved
10:12:55     iter  27  obj 0.22665  best 0.23758  step 0.1188
10:12:58     iter  28  obj 0.23555  best 0.23758  step 0.1188
10:13:01     iter  29  obj 0.23014  best 0.23758  step 0.1188
10:13:04     iter  30  obj 0.23273  best 0.23758  step 0.0594  halved
10:13:07     iter  31  obj 0.22532  best 0.23758  step 0.0594
10:13:10     iter  32  obj 0.23568  best 0.23758  step 0.0594
10:13:13     iter  33  obj 0.25707  best 0.25707  step 0.0297  *  halved
10:13:16     iter  34  obj 0.24766  best 0.25707  step 0.0297
10:13:19     iter  35  obj 0.26469  best 0.26469  step 0.0148  *  halved
10:13:22     iter  36  obj 0.26643  best 0.26643  step 0.0148  *
10:13:26     iter  37  obj 0.25689  best 0.26643  step 0.0074  halved
10:13:29     iter  38  obj 0.26171  best 0.26643  step 0.0074
10:13:32     iter  39  obj 0.28944  best 0.28944  step 0.0074  *
10:13:35     iter  40  obj 0.30065  best 0.30065  step 0.0074  *
10:13:36      poisoned ce=0.20260 auc=0.7395 acc=0.9410 f1=0.0000  dce=+0.00014 dacc=+0.0000  k=800  [125.7s]
10:13:36   -- trial run2_sub2
10:13:40     iter   0  obj 0.20329  best 0.20329  step 0.9500
10:13:43     iter   1  obj 0.20717  best 0.20717  step 0.9500  *
10:13:46     iter   2  obj 0.21643  best 0.21643  step 0.9500  *
10:13:49     iter   3  obj 0.21616  best 0.21643  step 0.9500
10:13:52     iter   4  obj 0.21190  best 0.21643  step 0.9500
10:13:55     iter   5  obj 0.21406  best 0.21643  step 0.9500
10:13:58     iter   6  obj 0.20827  best 0.21643  step 0.9500
10:14:01     iter   7  obj 0.20773  best 0.21643  step 0.9500
10:14:04     iter   8  obj 0.20800  best 0.21643  step 0.4750  halved
10:14:07     iter   9  obj 0.21498  best 0.21643  step 0.4750
10:14:10     iter  10  obj 0.20619  best 0.21643  step 0.4750
10:14:13     iter  11  obj 0.21148  best 0.21643  step 0.4750
10:14:16     iter  12  obj 0.21379  best 0.21643  step 0.4750
10:14:19     iter  13  obj 0.21946  best 0.21946  step 0.4750  *
10:14:22     iter  14  obj 0.21361  best 0.21946  step 0.4750
10:14:25     iter  15  obj 0.21595  best 0.21946  step 0.2375  halved
10:14:28     iter  16  obj 0.22503  best 0.22503  step 0.2375  *
10:14:31     iter  17  obj 0.22150  best 0.22503  step 0.2375
10:14:34     iter  18  obj 0.23207  best 0.23207  step 0.2375  *
10:14:37     iter  19  obj 0.22521  best 0.23207  step 0.2375
10:14:40     iter  20  obj 0.22306  best 0.23207  step 0.2375
10:14:43     iter  21  obj 0.22094  best 0.23207  step 0.1188  halved
10:14:46     iter  22  obj 0.22210  best 0.23207  step 0.1188
10:14:49     iter  23  obj 0.22637  best 0.23207  step 0.1188
10:14:52     iter  24  obj 0.22469  best 0.23207  step 0.1188
10:14:55     iter  25  obj 0.22917  best 0.23207  step 0.1188
10:14:58     iter  26  obj 0.23180  best 0.23207  step 0.1188
10:15:01     iter  27  obj 0.23726  best 0.23726  step 0.1188  *
10:15:04     iter  28  obj 0.22836  best 0.23726  step 0.1188
10:15:07     iter  29  obj 0.23833  best 0.23833  step 0.1188  *
10:15:10     iter  30  obj 0.23063  best 0.23833  step 0.0594  halved
10:15:13     iter  31  obj 0.22735  best 0.23833  step 0.0594
10:15:16     iter  32  obj 0.24164  best 0.24164  step 0.0594  *
10:15:19     iter  33  obj 0.25131  best 0.25131  step 0.0297  *  halved
10:15:22     iter  34  obj 0.23897  best 0.25131  step 0.0297
10:15:25     iter  35  obj 0.25062  best 0.25131  step 0.0148  halved
10:15:28     iter  36  obj 0.24945  best 0.25131  step 0.0148
10:15:31     iter  37  obj 0.27925  best 0.27925  step 0.0074  *  halved
10:15:34     iter  38  obj 0.28607  best 0.28607  step 0.0074  *
10:15:37     iter  39  obj 0.29710  best 0.29710  step 0.0074  *
10:15:40     iter  40  obj 0.32683  best 0.32683  step 0.0074  *
10:15:42      poisoned ce=0.20428 auc=0.7291 acc=0.9410 f1=0.0000  dce=+0.00182 dacc=+0.0000  k=800  [125.7s]
10:15:42   -- trial run3_sub0
10:15:45     iter   0  obj 0.20415  best 0.20415  step 0.9500
10:15:48     iter   1  obj 0.20537  best 0.20537  step 0.9500  *
10:15:51     iter   2  obj 0.21513  best 0.21513  step 0.9500  *
10:15:54     iter   3  obj 0.21461  best 0.21513  step 0.9500
10:15:57     iter   4  obj 0.21591  best 0.21591  step 0.9500  *
10:16:00     iter   5  obj 0.21305  best 0.21591  step 0.9500
10:16:03     iter   6  obj 0.21581  best 0.21591  step 0.9500
10:16:06     iter   7  obj 0.21403  best 0.21591  step 0.9500
10:16:09     iter   8  obj 0.20995  best 0.21591  step 0.4750  halved
10:16:12     iter   9  obj 0.21470  best 0.21591  step 0.4750
10:16:15     iter  10  obj 0.21961  best 0.21961  step 0.4750  *
10:16:18     iter  11  obj 0.21501  best 0.21961  step 0.4750
10:16:21     iter  12  obj 0.22198  best 0.22198  step 0.4750  *
10:16:24     iter  13  obj 0.22251  best 0.22251  step 0.4750  *
10:16:27     iter  14  obj 0.22408  best 0.22408  step 0.4750  *
10:16:30     iter  15  obj 0.21609  best 0.22408  step 0.2375  halved
10:16:33     iter  16  obj 0.21815  best 0.22408  step 0.2375
10:16:36     iter  17  obj 0.22590  best 0.22590  step 0.2375  *
10:16:39     iter  18  obj 0.22389  best 0.22590  step 0.2375
10:16:43     iter  19  obj 0.23919  best 0.23919  step 0.2375  *
10:16:46     iter  20  obj 0.23315  best 0.23919  step 0.2375
10:16:49     iter  21  obj 0.22963  best 0.23919  step 0.1188  halved
10:16:52     iter  22  obj 0.25146  best 0.25146  step 0.1188  *
10:16:55     iter  23  obj 0.23417  best 0.25146  step 0.1188
10:16:58     iter  24  obj 0.24106  best 0.25146  step 0.1188
10:17:01     iter  25  obj 0.24343  best 0.25146  step 0.1188
10:17:04     iter  26  obj 0.23523  best 0.25146  step 0.0594  halved
10:17:07     iter  27  obj 0.22268  best 0.25146  step 0.0594
10:17:10     iter  28  obj 0.23099  best 0.25146  step 0.0594
10:17:13     iter  29  obj 0.23382  best 0.25146  step 0.0594
10:17:16     iter  30  obj 0.24611  best 0.25146  step 0.0297  halved
10:17:19     iter  31  obj 0.23824  best 0.25146  step 0.0297
10:17:22     iter  32  obj 0.24475  best 0.25146  step 0.0297
10:17:25     iter  33  obj 0.24803  best 0.25146  step 0.0148  halved
10:17:28     iter  34  obj 0.24809  best 0.25146  step 0.0148
10:17:31     iter  35  obj 0.24544  best 0.25146  step 0.0074  halved
10:17:34     iter  36  obj 0.24967  best 0.25146  step 0.0074
10:17:37     iter  37  obj 0.25525  best 0.25525  step 0.0074  *
10:17:40     iter  38  obj 0.30903  best 0.30903  step 0.0074  *
10:17:43     iter  39  obj 0.26930  best 0.30903  step 0.0037  halved
10:17:46     iter  40  obj 0.29111  best 0.30903  step 0.0037
10:17:48      poisoned ce=0.20535 auc=0.7257 acc=0.9410 f1=0.0000  dce=+0.00289 dacc=+0.0000  k=800  [125.6s]
10:17:48   -- trial run3_sub1
10:17:51     iter   0  obj 0.20263  best 0.20263  step 0.9500
10:17:54     iter   1  obj 0.22098  best 0.22098  step 0.9500  *
10:17:57     iter   2  obj 0.21974  best 0.22098  step 0.9500
10:18:00     iter   3  obj 0.21830  best 0.22098  step 0.9500
10:18:03     iter   4  obj 0.21581  best 0.22098  step 0.9500
10:18:06     iter   5  obj 0.21859  best 0.22098  step 0.9500
10:18:09     iter   6  obj 0.21337  best 0.22098  step 0.9500
10:18:12     iter   7  obj 0.20916  best 0.22098  step 0.9500
10:18:15     iter   8  obj 0.21059  best 0.22098  step 0.4750  halved
10:18:18     iter   9  obj 0.22544  best 0.22544  step 0.4750  *
10:18:21     iter  10  obj 0.22379  best 0.22544  step 0.4750
10:18:24     iter  11  obj 0.21319  best 0.22544  step 0.4750
10:18:27     iter  12  obj 0.21643  best 0.22544  step 0.4750
10:18:30     iter  13  obj 0.21165  best 0.22544  step 0.4750
10:18:33     iter  14  obj 0.21572  best 0.22544  step 0.4750
10:18:36     iter  15  obj 0.22033  best 0.22544  step 0.2375  halved
10:18:39     iter  16  obj 0.22074  best 0.22544  step 0.2375
10:18:42     iter  17  obj 0.21215  best 0.22544  step 0.2375
10:18:45     iter  18  obj 0.22730  best 0.22730  step 0.2375  *
10:18:48     iter  19  obj 0.22435  best 0.22730  step 0.2375
10:18:51     iter  20  obj 0.22989  best 0.22989  step 0.2375  *
10:18:54     iter  21  obj 0.22463  best 0.22989  step 0.1188  halved
10:18:57     iter  22  obj 0.23048  best 0.23048  step 0.1188  *
10:19:00     iter  23  obj 0.23020  best 0.23048  step 0.1188
10:19:03     iter  24  obj 0.22577  best 0.23048  step 0.1188
10:19:06     iter  25  obj 0.22678  best 0.23048  step 0.1188
10:19:09     iter  26  obj 0.24184  best 0.24184  step 0.0594  *  halved
10:19:12     iter  27  obj 0.24175  best 0.24184  step 0.0594
10:19:15     iter  28  obj 0.24514  best 0.24514  step 0.0594  *
10:19:18     iter  29  obj 0.24973  best 0.24973  step 0.0594  *
10:19:21     iter  30  obj 0.24951  best 0.24973  step 0.0297  halved
10:19:24     iter  31  obj 0.26107  best 0.26107  step 0.0297  *
10:19:27     iter  32  obj 0.25301  best 0.26107  step 0.0297
10:19:30     iter  33  obj 0.26226  best 0.26226  step 0.0148  *  halved
10:19:33     iter  34  obj 0.28472  best 0.28472  step 0.0148  *
10:19:36     iter  35  obj 0.29792  best 0.29792  step 0.0148  *
10:19:39     iter  36  obj 0.30727  best 0.30727  step 0.0148  *
10:19:42     iter  37  obj 0.31941  best 0.31941  step 0.0148  *
10:19:46     iter  38  obj 0.34799  best 0.34799  step 0.0148  *
10:19:49     iter  39  obj 0.35077  best 0.35077  step 0.0148  *
10:19:52     iter  40  obj 0.35757  best 0.35757  step 0.0148  *
10:19:53      poisoned ce=0.20529 auc=0.7266 acc=0.9410 f1=0.0000  dce=+0.00283 dacc=+0.0000  k=800  [125.7s]
10:19:53   -- trial run3_sub2
10:19:57     iter   0  obj 0.20394  best 0.20394  step 0.9500
10:20:00     iter   1  obj 0.21337  best 0.21337  step 0.9500  *
10:20:03     iter   2  obj 0.21097  best 0.21337  step 0.9500
10:20:06     iter   3  obj 0.20726  best 0.21337  step 0.9500
10:20:09     iter   4  obj 0.20637  best 0.21337  step 0.9500
10:20:12     iter   5  obj 0.21560  best 0.21560  step 0.9500  *
10:20:15     iter   6  obj 0.21336  best 0.21560  step 0.9500
10:20:18     iter   7  obj 0.21836  best 0.21836  step 0.9500  *
10:20:21     iter   8  obj 0.20786  best 0.21836  step 0.4750  halved
10:20:24     iter   9  obj 0.20758  best 0.21836  step 0.4750
10:20:27     iter  10  obj 0.21659  best 0.21836  step 0.4750
10:20:30     iter  11  obj 0.21807  best 0.21836  step 0.4750
10:20:33     iter  12  obj 0.21875  best 0.21875  step 0.4750  *
10:20:36     iter  13  obj 0.21947  best 0.21947  step 0.4750  *
10:20:39     iter  14  obj 0.21637  best 0.21947  step 0.4750
10:20:42     iter  15  obj 0.22013  best 0.22013  step 0.2375  *  halved
10:20:45     iter  16  obj 0.21460  best 0.22013  step 0.2375
10:20:48     iter  17  obj 0.21962  best 0.22013  step 0.2375
10:20:51     iter  18  obj 0.21135  best 0.22013  step 0.2375
10:20:54     iter  19  obj 0.21314  best 0.22013  step 0.2375
10:20:57     iter  20  obj 0.21791  best 0.22013  step 0.2375
10:21:00     iter  21  obj 0.22299  best 0.22299  step 0.1188  *  halved
10:21:03     iter  22  obj 0.21809  best 0.22299  step 0.1188
10:21:06     iter  23  obj 0.22171  best 0.22299  step 0.1188
10:21:09     iter  24  obj 0.22435  best 0.22435  step 0.1188  *
10:21:12     iter  25  obj 0.21822  best 0.22435  step 0.1188
10:21:15     iter  26  obj 0.23405  best 0.23405  step 0.0594  *  halved
10:21:18     iter  27  obj 0.23667  best 0.23667  step 0.0594  *
10:21:21     iter  28  obj 0.23383  best 0.23667  step 0.0594
10:21:24     iter  29  obj 0.23470  best 0.23667  step 0.0594
10:21:27     iter  30  obj 0.24721  best 0.24721  step 0.0297  *  halved
10:21:30     iter  31  obj 0.24354  best 0.24721  step 0.0297
10:21:33     iter  32  obj 0.25698  best 0.25698  step 0.0297  *
10:21:36     iter  33  obj 0.27583  best 0.27583  step 0.0148  *  halved
10:21:39     iter  34  obj 0.27809  best 0.27809  step 0.0148  *
10:21:42     iter  35  obj 0.29842  best 0.29842  step 0.0148  *
10:21:45     iter  36  obj 0.29097  best 0.29842  step 0.0148
10:21:48     iter  37  obj 0.30503  best 0.30503  step 0.0074  *  halved
10:21:51     iter  38  obj 0.34273  best 0.34273  step 0.0074  *
10:21:54     iter  39  obj 0.33964  best 0.34273  step 0.0037  halved
10:21:57     iter  40  obj 0.35919  best 0.35919  step 0.0037  *
10:21:59      poisoned ce=0.20407 auc=0.7289 acc=0.9410 f1=0.0000  dce=+0.00161 dacc=+0.0000  k=800  [125.7s]
10:21:59   -- trial run4_sub0
10:22:02     iter   0  obj 0.20390  best 0.20390  step 0.9500
10:22:05     iter   1  obj 0.20887  best 0.20887  step 0.9500  *
10:22:08     iter   2  obj 0.21469  best 0.21469  step 0.9500  *
10:22:11     iter   3  obj 0.21136  best 0.21469  step 0.9500
10:22:14     iter   4  obj 0.21172  best 0.21469  step 0.9500
10:22:17     iter   5  obj 0.21468  best 0.21469  step 0.9500
10:22:20     iter   6  obj 0.21387  best 0.21469  step 0.9500
10:22:23     iter   7  obj 0.21327  best 0.21469  step 0.9500
10:22:26     iter   8  obj 0.21494  best 0.21494  step 0.4750  *  halved
10:22:29     iter   9  obj 0.21838  best 0.21838  step 0.4750  *
10:22:32     iter  10  obj 0.21870  best 0.21870  step 0.4750  *
10:22:35     iter  11  obj 0.21566  best 0.21870  step 0.4750
10:22:38     iter  12  obj 0.22216  best 0.22216  step 0.4750  *
10:22:41     iter  13  obj 0.22080  best 0.22216  step 0.4750
10:22:45     iter  14  obj 0.21721  best 0.22216  step 0.4750
10:22:48     iter  15  obj 0.22993  best 0.22993  step 0.2375  *  halved
10:22:51     iter  16  obj 0.22683  best 0.22993  step 0.2375
10:22:54     iter  17  obj 0.22441  best 0.22993  step 0.2375
10:22:57     iter  18  obj 0.21789  best 0.22993  step 0.2375
10:23:00     iter  19  obj 0.22286  best 0.22993  step 0.2375
10:23:03     iter  20  obj 0.22777  best 0.22993  step 0.2375
10:23:06     iter  21  obj 0.22928  best 0.22993  step 0.1188  halved
10:23:09     iter  22  obj 0.22297  best 0.22993  step 0.1188
10:23:12     iter  23  obj 0.22644  best 0.22993  step 0.1188
10:23:15     iter  24  obj 0.22492  best 0.22993  step 0.1188
10:23:18     iter  25  obj 0.21917  best 0.22993  step 0.1188
10:23:21     iter  26  obj 0.21748  best 0.22993  step 0.0594  halved
10:23:24     iter  27  obj 0.22541  best 0.22993  step 0.0594
10:23:27     iter  28  obj 0.23182  best 0.23182  step 0.0594  *
10:23:30     iter  29  obj 0.23343  best 0.23343  step 0.0594  *
10:23:33     iter  30  obj 0.22493  best 0.23343  step 0.0297  halved
10:23:36     iter  31  obj 0.22771  best 0.23343  step 0.0297
10:23:39     iter  32  obj 0.23361  best 0.23361  step 0.0297  *
10:23:42     iter  33  obj 0.23966  best 0.23966  step 0.0297  *
10:23:45     iter  34  obj 0.24450  best 0.24450  step 0.0297  *
10:23:48     iter  35  obj 0.24719  best 0.24719  step 0.0297  *
10:23:51     iter  36  obj 0.26426  best 0.26426  step 0.0297  *
10:23:54     iter  37  obj 0.25974  best 0.26426  step 0.0148  halved
10:23:57     iter  38  obj 0.27000  best 0.27000  step 0.0148  *
10:24:00     iter  39  obj 0.25857  best 0.27000  step 0.0074  halved
10:24:03     iter  40  obj 0.28549  best 0.28549  step 0.0074  *
10:24:05      poisoned ce=0.20661 auc=0.7238 acc=0.9410 f1=0.0000  dce=+0.00415 dacc=+0.0000  k=800  [125.6s]
10:24:05   -- trial run4_sub1
10:24:08     iter   0  obj 0.20429  best 0.20429  step 0.9500
10:24:11     iter   1  obj 0.20615  best 0.20615  step 0.9500  *
10:24:14     iter   2  obj 0.21413  best 0.21413  step 0.9500  *
10:24:17     iter   3  obj 0.21604  best 0.21604  step 0.9500  *
10:24:20     iter   4  obj 0.21764  best 0.21764  step 0.9500  *
10:24:23     iter   5  obj 0.21937  best 0.21937  step 0.9500  *
10:24:26     iter   6  obj 0.21008  best 0.21937  step 0.9500
10:24:29     iter   7  obj 0.21713  best 0.21937  step 0.9500
10:24:32     iter   8  obj 0.21209  best 0.21937  step 0.4750  halved
10:24:35     iter   9  obj 0.20936  best 0.21937  step 0.4750
10:24:38     iter  10  obj 0.21225  best 0.21937  step 0.4750
10:24:41     iter  11  obj 0.22097  best 0.22097  step 0.4750  *
10:24:44     iter  12  obj 0.21470  best 0.22097  step 0.4750
10:24:47     iter  13  obj 0.21999  best 0.22097  step 0.4750
10:24:50     iter  14  obj 0.21594  best 0.22097  step 0.4750
10:24:53     iter  15  obj 0.21636  best 0.22097  step 0.2375  halved
10:24:56     iter  16  obj 0.21096  best 0.22097  step 0.2375
10:24:59     iter  17  obj 0.22723  best 0.22723  step 0.2375  *
10:25:02     iter  18  obj 0.23066  best 0.23066  step 0.2375  *
10:25:05     iter  19  obj 0.22475  best 0.23066  step 0.2375
10:25:08     iter  20  obj 0.21964  best 0.23066  step 0.2375
10:25:11     iter  21  obj 0.22219  best 0.23066  step 0.1188  halved
10:25:14     iter  22  obj 0.22399  best 0.23066  step 0.1188
10:25:17     iter  23  obj 0.22595  best 0.23066  step 0.1188
10:25:20     iter  24  obj 0.23269  best 0.23269  step 0.1188  *
10:25:23     iter  25  obj 0.24096  best 0.24096  step 0.1188  *
10:25:26     iter  26  obj 0.23769  best 0.24096  step 0.1188
10:25:29     iter  27  obj 0.22571  best 0.24096  step 0.1188
10:25:32     iter  28  obj 0.24197  best 0.24197  step 0.1188  *
10:25:35     iter  29  obj 0.24180  best 0.24197  step 0.1188
10:25:38     iter  30  obj 0.24306  best 0.24306  step 0.0594  *  halved
10:25:41     iter  31  obj 0.24561  best 0.24561  step 0.0594  *
10:25:44     iter  32  obj 0.24833  best 0.24833  step 0.0594  *
10:25:47     iter  33  obj 0.26318  best 0.26318  step 0.0594  *
10:25:50     iter  34  obj 0.26188  best 0.26318  step 0.0594
10:25:53     iter  35  obj 0.27493  best 0.27493  step 0.0297  *  halved
10:25:56     iter  36  obj 0.30035  best 0.30035  step 0.0297  *
10:25:59     iter  37  obj 0.31283  best 0.31283  step 0.0297  *
10:26:02     iter  38  obj 0.29327  best 0.31283  step 0.0297
10:26:05     iter  39  obj 0.31774  best 0.31774  step 0.0148  *  halved
10:26:08     iter  40  obj 0.37581  best 0.37581  step 0.0148  *
10:26:10      poisoned ce=0.20361 auc=0.7319 acc=0.9410 f1=0.0000  dce=+0.00115 dacc=+0.0000  k=800  [125.6s]
10:26:10   -- trial run4_sub2
10:26:13     iter   0  obj 0.20330  best 0.20330  step 0.9500
10:26:16     iter   1  obj 0.21072  best 0.21072  step 0.9500  *
10:26:19     iter   2  obj 0.21067  best 0.21072  step 0.9500
10:26:22     iter   3  obj 0.21213  best 0.21213  step 0.9500  *
10:26:26     iter   4  obj 0.21026  best 0.21213  step 0.9500
10:26:29     iter   5  obj 0.21161  best 0.21213  step 0.9500
10:26:32     iter   6  obj 0.20784  best 0.21213  step 0.9500
10:26:35     iter   7  obj 0.21012  best 0.21213  step 0.9500
10:26:38     iter   8  obj 0.20659  best 0.21213  step 0.4750  halved
10:26:41     iter   9  obj 0.21159  best 0.21213  step 0.4750
10:26:44     iter  10  obj 0.21139  best 0.21213  step 0.4750
10:26:47     iter  11  obj 0.21464  best 0.21464  step 0.4750  *
10:26:50     iter  12  obj 0.22006  best 0.22006  step 0.4750  *
10:26:53     iter  13  obj 0.22552  best 0.22552  step 0.4750  *
10:26:56     iter  14  obj 0.22518  best 0.22552  step 0.4750
10:26:59     iter  15  obj 0.22012  best 0.22552  step 0.2375  halved
10:27:02     iter  16  obj 0.23312  best 0.23312  step 0.2375  *
10:27:05     iter  17  obj 0.22514  best 0.23312  step 0.2375
10:27:08     iter  18  obj 0.23868  best 0.23868  step 0.2375  *
10:27:11     iter  19  obj 0.22478  best 0.23868  step 0.2375
10:27:14     iter  20  obj 0.21383  best 0.23868  step 0.2375
10:27:17     iter  21  obj 0.22488  best 0.23868  step 0.1188  halved
10:27:20     iter  22  obj 0.22582  best 0.23868  step 0.1188
10:27:23     iter  23  obj 0.23635  best 0.23868  step 0.1188
10:27:26     iter  24  obj 0.23217  best 0.23868  step 0.1188
10:27:29     iter  25  obj 0.23063  best 0.23868  step 0.1188
10:27:32     iter  26  obj 0.24355  best 0.24355  step 0.0594  *  halved
10:27:35     iter  27  obj 0.24719  best 0.24719  step 0.0594  *
10:27:38     iter  28  obj 0.25066  best 0.25066  step 0.0594  *
10:27:41     iter  29  obj 0.26506  best 0.26506  step 0.0594  *
10:27:44     iter  30  obj 0.25282  best 0.26506  step 0.0297  halved
10:27:47     iter  31  obj 0.27898  best 0.27898  step 0.0297  *
10:27:50     iter  32  obj 0.28560  best 0.28560  step 0.0297  *
10:27:53     iter  33  obj 0.28869  best 0.28869  step 0.0297  *
10:27:56     iter  34  obj 0.31713  best 0.31713  step 0.0297  *
10:27:59     iter  35  obj 0.33494  best 0.33494  step 0.0297  *
10:28:02     iter  36  obj 0.33671  best 0.33671  step 0.0297  *
10:28:05     iter  37  obj 0.32622  best 0.33671  step 0.0148  halved
10:28:08     iter  38  obj 0.34163  best 0.34163  step 0.0148  *
10:28:11     iter  39  obj 0.49601  best 0.49601  step 0.0148  *
10:28:14     iter  40  obj 0.52930  best 0.52930  step 0.0148  *
10:28:16      poisoned ce=0.20323 auc=0.7346 acc=0.9410 f1=0.0000  dce=+0.00077 dacc=+0.0000  k=800  [125.7s]
10:28:16   best trial run4_sub0: dce=+0.00415 dacc=+0.0000  -> context_poisoned.csv
10:28:16   per-run winners: run0<-sub1 (dce=+0.00359), run1<-sub2 (dce=+0.00334), run2<-sub0 (dce=+0.00390), run3<-sub0 (dce=+0.00289), run4<-sub0 (dce=+0.00415)
10:28:16   best-subsample-per-run, mean over 5 runs: dce=+0.00357 dacc=+0.0000 dauc=-0.0108  -> /home/ssn899/Desktop/TabFM/results/main_experiments/coil2000_insurance_policies/x-capgd_random_r016
