22:20:14 [label-flip] /home/ssn899/Desktop/TabFM/datasets/coil2000_insurance_policies/splits/selected/natural/context_5000.csv (5000x85) -> /home/ssn899/Desktop/TabFM/datasets/coil2000_insurance_policies/splits/test_attack_1000.csv (1000 of 1000)  k=200 (4.0%)  attack_class=None  grid 5x1  cuda:3
22:20:19   clean  ce=0.20246 auc=0.7371 acc=0.9410 f1=0.0000  max|dp| over 3 repeats=0.00e+00  chunking_exact=True  [4.4s]
22:20:19   GA: GAConfig(population=16, generations=20, elite=2, tournament=3, crossover_prob=0.9, mutation_rate=None, seed_full=True, patience=8, batch_size=16, fitness_test_rows=None)
22:20:19   -- trial run0_sub0
22:20:40     gen   0  best 0.23965  mean 0.21027  best_so_far 0.23965  flips 200  evals 16
22:20:52     gen   1  best 0.23965  mean 0.21403  best_so_far 0.23965  flips 200  evals 28
22:21:03     gen   2  best 0.24016  mean 0.22083  best_so_far 0.24016  flips 200  evals 40
22:21:12     gen   3  best 0.24049  mean 0.23428  best_so_far 0.24049  flips 199  evals 49
22:21:25     gen   4  best 0.24094  mean 0.23971  best_so_far 0.24094  flips 200  evals 62
22:21:36     gen   5  best 0.24316  mean 0.24018  best_so_far 0.24316  flips 200  evals 73
22:21:46     gen   6  best 0.24316  mean 0.24073  best_so_far 0.24316  flips 200  evals 84
22:21:58     gen   7  best 0.24316  mean 0.24111  best_so_far 0.24316  flips 200  evals 96
22:22:11     gen   8  best 0.24339  mean 0.24118  best_so_far 0.24339  flips 200  evals 109
22:22:23     gen   9  best 0.24339  mean 0.24133  best_so_far 0.24339  flips 200  evals 122
22:22:34     gen  10  best 0.24415  mean 0.24250  best_so_far 0.24415  flips 200  evals 133
22:22:48     gen  11  best 0.24459  mean 0.24261  best_so_far 0.24459  flips 200  evals 147
22:23:00     gen  12  best 0.24459  mean 0.24274  best_so_far 0.24459  flips 200  evals 159
22:23:10     gen  13  best 0.24479  mean 0.24317  best_so_far 0.24479  flips 199  evals 170
22:23:20     gen  14  best 0.24479  mean 0.24343  best_so_far 0.24479  flips 199  evals 180
22:23:32     gen  15  best 0.24533  mean 0.24374  best_so_far 0.24533  flips 200  evals 192
22:23:41     gen  16  best 0.24533  mean 0.24397  best_so_far 0.24533  flips 200  evals 201
22:23:53     gen  17  best 0.24540  mean 0.24397  best_so_far 0.24540  flips 200  evals 214
22:24:06     gen  18  best 0.24570  mean 0.24353  best_so_far 0.24570  flips 200  evals 227
22:24:19     gen  19  best 0.24570  mean 0.24420  best_so_far 0.24570  flips 200  evals 240
22:24:29     gen  20  best 0.24570  mean 0.24375  best_so_far 0.24570  flips 200  evals 251
22:24:31      GA: 200/200 flips from pool 5000, 251 evals, 20 gens; influence-topk baseline dce=+0.03719 dacc=-0.0040
22:24:31      poisoned ce=0.24570 auc=0.6383 acc=0.9340 f1=0.0294  dce=+0.04324 dacc=-0.0070  k=200  [252.1s]
22:24:31   -- trial run1_sub0
22:24:52     gen   0  best 0.23965  mean 0.20973  best_so_far 0.23965  flips 200  evals 16
22:25:05     gen   1  best 0.23965  mean 0.21481  best_so_far 0.23965  flips 200  evals 29
22:25:19     gen   2  best 0.24008  mean 0.22434  best_so_far 0.24008  flips 200  evals 43
22:25:30     gen   3  best 0.24019  mean 0.23134  best_so_far 0.24019  flips 200  evals 55
22:25:43     gen   4  best 0.24019  mean 0.23830  best_so_far 0.24019  flips 200  evals 68
22:25:54     gen   5  best 0.24019  mean 0.23925  best_so_far 0.24019  flips 200  evals 79
22:26:06     gen   6  best 0.24032  mean 0.23945  best_so_far 0.24032  flips 196  evals 91
22:26:17     gen   7  best 0.24072  mean 0.23941  best_so_far 0.24072  flips 198  evals 103
22:26:31     gen   8  best 0.24072  mean 0.23962  best_so_far 0.24072  flips 198  evals 117
22:26:43     gen   9  best 0.24149  mean 0.24016  best_so_far 0.24149  flips 200  evals 129
22:26:54     gen  10  best 0.24188  mean 0.24071  best_so_far 0.24188  flips 199  evals 140
22:27:06     gen  11  best 0.24207  mean 0.24087  best_so_far 0.24207  flips 200  evals 153
22:27:16     gen  12  best 0.24207  mean 0.24105  best_so_far 0.24207  flips 200  evals 163
22:27:30     gen  13  best 0.24231  mean 0.24045  best_so_far 0.24231  flips 198  evals 177
22:27:44     gen  14  best 0.24231  mean 0.24053  best_so_far 0.24231  flips 198  evals 191
22:27:53     gen  15  best 0.24253  mean 0.24130  best_so_far 0.24253  flips 199  evals 201
22:28:07     gen  16  best 0.24362  mean 0.24123  best_so_far 0.24362  flips 198  evals 215
22:28:18     gen  17  best 0.24377  mean 0.24234  best_so_far 0.24377  flips 199  evals 226
22:28:31     gen  18  best 0.24390  mean 0.24260  best_so_far 0.24390  flips 199  evals 239
22:28:44     gen  19  best 0.24455  mean 0.24286  best_so_far 0.24455  flips 199  evals 253
22:28:58     gen  20  best 0.24455  mean 0.24261  best_so_far 0.24455  flips 199  evals 267
22:29:00      GA: 199/200 flips from pool 5000, 267 evals, 20 gens; influence-topk baseline dce=+0.03719 dacc=-0.0040
22:29:00      poisoned ce=0.24455 auc=0.6411 acc=0.9340 f1=0.0294  dce=+0.04209 dacc=-0.0070  k=199  [268.5s]
22:29:00   -- trial run2_sub0
22:29:21     gen   0  best 0.23965  mean 0.20944  best_so_far 0.23965  flips 200  evals 16
22:29:31     gen   1  best 0.23965  mean 0.21373  best_so_far 0.23965  flips 200  evals 27
22:29:44     gen   2  best 0.23965  mean 0.22250  best_so_far 0.23965  flips 200  evals 40
22:29:54     gen   3  best 0.24011  mean 0.23383  best_so_far 0.24011  flips 200  evals 50
22:30:08     gen   4  best 0.24011  mean 0.23845  best_so_far 0.24011  flips 200  evals 64
22:30:20     gen   5  best 0.24011  mean 0.23888  best_so_far 0.24011  flips 200  evals 77
22:30:34     gen   6  best 0.24020  mean 0.23916  best_so_far 0.24020  flips 199  evals 91
22:30:46     gen   7  best 0.24108  mean 0.23969  best_so_far 0.24108  flips 200  evals 103
22:30:56     gen   8  best 0.24108  mean 0.23983  best_so_far 0.24108  flips 200  evals 114
22:31:10     gen   9  best 0.24150  mean 0.23972  best_so_far 0.24150  flips 200  evals 128
22:31:24     gen  10  best 0.24233  mean 0.23960  best_so_far 0.24233  flips 200  evals 142
22:31:36     gen  11  best 0.24233  mean 0.24099  best_so_far 0.24233  flips 200  evals 154
22:31:48     gen  12  best 0.24330  mean 0.24095  best_so_far 0.24330  flips 200  evals 167
22:31:59     gen  13  best 0.24330  mean 0.24141  best_so_far 0.24330  flips 200  evals 178
22:32:12     gen  14  best 0.24383  mean 0.24185  best_so_far 0.24383  flips 199  evals 191
22:32:24     gen  15  best 0.24383  mean 0.24254  best_so_far 0.24383  flips 199  evals 204
22:32:37     gen  16  best 0.24475  mean 0.24279  best_so_far 0.24475  flips 200  evals 217
22:32:50     gen  17  best 0.24475  mean 0.24277  best_so_far 0.24475  flips 200  evals 230
22:33:04     gen  18  best 0.24560  mean 0.24364  best_so_far 0.24560  flips 200  evals 244
22:33:17     gen  19  best 0.24560  mean 0.24381  best_so_far 0.24560  flips 200  evals 258
22:33:30     gen  20  best 0.24585  mean 0.24424  best_so_far 0.24585  flips 200  evals 271
22:33:32      GA: 200/200 flips from pool 5000, 271 evals, 20 gens; influence-topk baseline dce=+0.03719 dacc=-0.0040
22:33:32      poisoned ce=0.24585 auc=0.6304 acc=0.9360 f1=0.0303  dce=+0.04339 dacc=-0.0050  k=200  [272.1s]
22:33:32   -- trial run3_sub0
22:33:53     gen   0  best 0.23965  mean 0.20834  best_so_far 0.23965  flips 200  evals 16
22:34:07     gen   1  best 0.23965  mean 0.21238  best_so_far 0.23965  flips 200  evals 30
22:34:18     gen   2  best 0.23965  mean 0.21867  best_so_far 0.23965  flips 200  evals 42
22:34:29     gen   3  best 0.23965  mean 0.22732  best_so_far 0.23965  flips 200  evals 53
22:34:41     gen   4  best 0.24449  mean 0.23475  best_so_far 0.24449  flips 200  evals 65
22:34:52     gen   5  best 0.24449  mean 0.23935  best_so_far 0.24449  flips 200  evals 76
22:35:03     gen   6  best 0.24449  mean 0.24071  best_so_far 0.24449  flips 200  evals 88
22:35:16     gen   7  best 0.24484  mean 0.24248  best_so_far 0.24484  flips 200  evals 101
22:35:28     gen   8  best 0.24484  mean 0.24314  best_so_far 0.24484  flips 200  evals 113
22:35:39     gen   9  best 0.24484  mean 0.24329  best_so_far 0.24484  flips 200  evals 124
22:35:50     gen  10  best 0.24568  mean 0.24348  best_so_far 0.24568  flips 200  evals 136
22:36:01     gen  11  best 0.24568  mean 0.24400  best_so_far 0.24568  flips 200  evals 147
22:36:12     gen  12  best 0.24568  mean 0.24417  best_so_far 0.24568  flips 200  evals 158
22:36:22     gen  13  best 0.24568  mean 0.24411  best_so_far 0.24568  flips 200  evals 168
22:36:32     gen  14  best 0.24568  mean 0.24420  best_so_far 0.24568  flips 200  evals 179
22:36:42     gen  15  best 0.24580  mean 0.24481  best_so_far 0.24580  flips 200  evals 189
22:36:56     gen  16  best 0.24596  mean 0.24371  best_so_far 0.24596  flips 199  evals 203
22:37:10     gen  17  best 0.24695  mean 0.24439  best_so_far 0.24695  flips 200  evals 217
22:37:23     gen  18  best 0.24695  mean 0.24540  best_so_far 0.24695  flips 200  evals 231
22:37:35     gen  19  best 0.24697  mean 0.24544  best_so_far 0.24697  flips 199  evals 243
22:37:49     gen  20  best 0.24697  mean 0.24579  best_so_far 0.24697  flips 199  evals 257
22:37:51      GA: 199/200 flips from pool 5000, 257 evals, 20 gens; influence-topk baseline dce=+0.03719 dacc=-0.0040
22:37:51      poisoned ce=0.24697 auc=0.6261 acc=0.9360 f1=0.0000  dce=+0.04451 dacc=-0.0050  k=199  [258.6s]
22:37:51   -- trial run4_sub0
22:38:11     gen   0  best 0.23965  mean 0.20927  best_so_far 0.23965  flips 200  evals 16
22:38:24     gen   1  best 0.23965  mean 0.21146  best_so_far 0.23965  flips 200  evals 29
22:38:37     gen   2  best 0.23965  mean 0.21518  best_so_far 0.23965  flips 200  evals 42
22:38:49     gen   3  best 0.23965  mean 0.22217  best_so_far 0.23965  flips 200  evals 55
22:39:02     gen   4  best 0.24047  mean 0.23500  best_so_far 0.24047  flips 200  evals 68
22:39:15     gen   5  best 0.24047  mean 0.23826  best_so_far 0.24047  flips 200  evals 81
22:39:27     gen   6  best 0.24097  mean 0.23869  best_so_far 0.24097  flips 200  evals 93
22:39:39     gen   7  best 0.24198  mean 0.23951  best_so_far 0.24198  flips 197  evals 106
22:39:52     gen   8  best 0.24198  mean 0.24026  best_so_far 0.24198  flips 197  evals 119
22:40:03     gen   9  best 0.24205  mean 0.24059  best_so_far 0.24205  flips 199  evals 130
22:40:15     gen  10  best 0.24242  mean 0.24089  best_so_far 0.24242  flips 199  evals 143
22:40:26     gen  11  best 0.24348  mean 0.24128  best_so_far 0.24348  flips 200  evals 154
22:40:40     gen  12  best 0.24348  mean 0.24152  best_so_far 0.24348  flips 200  evals 168
22:40:54     gen  13  best 0.24435  mean 0.24221  best_so_far 0.24435  flips 200  evals 182
22:41:08     gen  14  best 0.24484  mean 0.24211  best_so_far 0.24484  flips 199  evals 196
22:41:21     gen  15  best 0.24535  mean 0.24248  best_so_far 0.24535  flips 200  evals 210
22:41:35     gen  16  best 0.24559  mean 0.24351  best_so_far 0.24559  flips 198  evals 224
22:41:48     gen  17  best 0.24585  mean 0.24382  best_so_far 0.24585  flips 197  evals 237
22:42:01     gen  18  best 0.24687  mean 0.24360  best_so_far 0.24687  flips 198  evals 251
22:42:13     gen  19  best 0.24687  mean 0.24503  best_so_far 0.24687  flips 198  evals 263
22:42:26     gen  20  best 0.24705  mean 0.24529  best_so_far 0.24705  flips 198  evals 276
22:42:28      GA: 198/200 flips from pool 5000, 276 evals, 20 gens; influence-topk baseline dce=+0.03719 dacc=-0.0040
22:42:28      poisoned ce=0.24705 auc=0.6410 acc=0.9380 f1=0.0312  dce=+0.04459 dacc=-0.0030  k=198  [277.1s]
22:42:28   best trial run4_sub0: dce=+0.04459 dacc=-0.0030  -> context_poisoned.csv
22:42:28   per-run winners: run0<-sub0 (dce=+0.04324), run1<-sub0 (dce=+0.04209), run2<-sub0 (dce=+0.04339), run3<-sub0 (dce=+0.04451), run4<-sub0 (dce=+0.04459)
22:42:28   best-subsample-per-run, mean over 5 runs: dce=+0.04356 dacc=-0.0054 dauc=-0.1017  -> /home/ssn899/Desktop/TabFM/results/main_experiments/coil2000_insurance_policies/label-flip_random_r004
