22:51:27 [label-flip] /home/ssn899/Desktop/TabFM/datasets/lcld_v2/splits/selected/natural/context_5000.csv (5000x28) -> /home/ssn899/Desktop/TabFM/datasets/lcld_v2/splits/test_attack_1000.csv (1000 of 1000)  k=50 (1.0%)  attack_class=None  grid 5x1  cuda:0
22:51:30   clean  ce=0.45462 auc=0.7155 acc=0.8060 f1=0.1339  max|dp| over 3 repeats=0.00e+00  chunking_exact=True  [1.8s]
22:51:30   GA: GAConfig(population=16, generations=20, elite=2, tournament=3, crossover_prob=0.9, mutation_rate=None, seed_full=True, patience=8, batch_size=16, fitness_test_rows=None)
22:51:30   -- trial run0_sub0
22:51:37     gen   0  best 0.45792  mean 0.45331  best_so_far 0.45792  flips 50  evals 16
22:51:41     gen   1  best 0.45792  mean 0.45454  best_so_far 0.45792  flips 50  evals 30
22:51:46     gen   2  best 0.45826  mean 0.45588  best_so_far 0.45826  flips 40  evals 44
22:51:51     gen   3  best 0.45874  mean 0.45699  best_so_far 0.45874  flips 43  evals 58
22:51:55     gen   4  best 0.45874  mean 0.45762  best_so_far 0.45874  flips 43  evals 70
22:51:59     gen   5  best 0.45889  mean 0.45823  best_so_far 0.45889  flips 39  evals 81
22:52:02     gen   6  best 0.45943  mean 0.45866  best_so_far 0.45943  flips 43  evals 92
22:52:07     gen   7  best 0.45943  mean 0.45901  best_so_far 0.45943  flips 43  evals 105
22:52:11     gen   8  best 0.45989  mean 0.45925  best_so_far 0.45989  flips 45  evals 117
22:52:15     gen   9  best 0.46010  mean 0.45948  best_so_far 0.46010  flips 47  evals 130
22:52:19     gen  10  best 0.46017  mean 0.45978  best_so_far 0.46017  flips 43  evals 143
22:52:24     gen  11  best 0.46033  mean 0.45992  best_so_far 0.46033  flips 46  evals 156
22:52:28     gen  12  best 0.46037  mean 0.46003  best_so_far 0.46037  flips 49  evals 169
22:52:32     gen  13  best 0.46064  mean 0.46021  best_so_far 0.46064  flips 49  evals 180
22:52:36     gen  14  best 0.46084  mean 0.46024  best_so_far 0.46084  flips 50  evals 191
22:52:40     gen  15  best 0.46084  mean 0.46033  best_so_far 0.46084  flips 50  evals 205
22:52:44     gen  16  best 0.46103  mean 0.46044  best_so_far 0.46103  flips 50  evals 217
22:52:49     gen  17  best 0.46103  mean 0.46028  best_so_far 0.46103  flips 50  evals 229
22:52:52     gen  18  best 0.46103  mean 0.46049  best_so_far 0.46103  flips 50  evals 240
22:52:57     gen  19  best 0.46119  mean 0.46080  best_so_far 0.46119  flips 50  evals 253
22:53:00     gen  20  best 0.46122  mean 0.46061  best_so_far 0.46122  flips 50  evals 264
22:53:01      GA: 50/50 flips from pool 5000, 264 evals, 20 gens; influence-topk baseline dce=+0.00330 dacc=+0.0010
22:53:01      poisoned ce=0.46122 auc=0.7072 acc=0.8080 f1=0.0680  dce=+0.00659 dacc=+0.0020  k=50  [91.5s]
22:53:01   -- trial run1_sub0
22:53:08     gen   0  best 0.45792  mean 0.45324  best_so_far 0.45792  flips 50  evals 16
22:53:13     gen   1  best 0.45792  mean 0.45374  best_so_far 0.45792  flips 50  evals 30
22:53:17     gen   2  best 0.45792  mean 0.45469  best_so_far 0.45792  flips 50  evals 43
22:53:22     gen   3  best 0.45806  mean 0.45590  best_so_far 0.45806  flips 48  evals 56
22:53:26     gen   4  best 0.45898  mean 0.45680  best_so_far 0.45898  flips 50  evals 67
22:53:29     gen   5  best 0.45898  mean 0.45759  best_so_far 0.45898  flips 50  evals 78
22:53:33     gen   6  best 0.45898  mean 0.45841  best_so_far 0.45898  flips 50  evals 88
22:53:36     gen   7  best 0.45935  mean 0.45851  best_so_far 0.45935  flips 50  evals 99
22:53:40     gen   8  best 0.45935  mean 0.45867  best_so_far 0.45935  flips 50  evals 111
22:53:45     gen   9  best 0.45983  mean 0.45888  best_so_far 0.45983  flips 50  evals 123
22:53:49     gen  10  best 0.45983  mean 0.45912  best_so_far 0.45983  flips 50  evals 135
22:53:52     gen  11  best 0.45983  mean 0.45937  best_so_far 0.45983  flips 50  evals 145
22:53:56     gen  12  best 0.46046  mean 0.45935  best_so_far 0.46046  flips 50  evals 156
22:54:00     gen  13  best 0.46046  mean 0.45942  best_so_far 0.46046  flips 50  evals 169
22:54:04     gen  14  best 0.46046  mean 0.45956  best_so_far 0.46046  flips 50  evals 181
22:54:09     gen  15  best 0.46047  mean 0.45983  best_so_far 0.46047  flips 50  evals 194
22:54:13     gen  16  best 0.46066  mean 0.46005  best_so_far 0.46066  flips 50  evals 207
22:54:16     gen  17  best 0.46066  mean 0.46009  best_so_far 0.46066  flips 50  evals 217
22:54:20     gen  18  best 0.46082  mean 0.46026  best_so_far 0.46082  flips 50  evals 229
22:54:25     gen  19  best 0.46134  mean 0.46056  best_so_far 0.46134  flips 50  evals 242
22:54:29     gen  20  best 0.46134  mean 0.46033  best_so_far 0.46134  flips 50  evals 255
22:54:30      GA: 50/50 flips from pool 5000, 255 evals, 20 gens; influence-topk baseline dce=+0.00330 dacc=+0.0010
22:54:30      poisoned ce=0.46134 auc=0.7076 acc=0.8060 f1=0.0673  dce=+0.00672 dacc=+0.0000  k=50  [88.8s]
22:54:30   -- trial run2_sub0
22:54:37     gen   0  best 0.45792  mean 0.45347  best_so_far 0.45792  flips 50  evals 16
22:54:42     gen   1  best 0.45792  mean 0.45477  best_so_far 0.45792  flips 50  evals 30
22:54:46     gen   2  best 0.45792  mean 0.45601  best_so_far 0.45792  flips 50  evals 43
22:54:50     gen   3  best 0.45836  mean 0.45736  best_so_far 0.45836  flips 43  evals 55
22:54:55     gen   4  best 0.45879  mean 0.45786  best_so_far 0.45879  flips 46  evals 68
22:54:59     gen   5  best 0.45879  mean 0.45819  best_so_far 0.45879  flips 46  evals 82
22:55:04     gen   6  best 0.45898  mean 0.45843  best_so_far 0.45898  flips 47  evals 95
22:55:09     gen   7  best 0.45898  mean 0.45850  best_so_far 0.45898  flips 47  evals 109
22:55:13     gen   8  best 0.45898  mean 0.45844  best_so_far 0.45898  flips 47  evals 121
22:55:17     gen   9  best 0.45917  mean 0.45858  best_so_far 0.45917  flips 48  evals 134
22:55:21     gen  10  best 0.45949  mean 0.45884  best_so_far 0.45949  flips 50  evals 147
22:55:25     gen  11  best 0.45965  mean 0.45906  best_so_far 0.45965  flips 49  evals 159
22:55:30     gen  12  best 0.46001  mean 0.45909  best_so_far 0.46001  flips 50  evals 172
22:55:34     gen  13  best 0.46001  mean 0.45947  best_so_far 0.46001  flips 50  evals 185
22:55:39     gen  14  best 0.46010  mean 0.45944  best_so_far 0.46010  flips 50  evals 199
22:55:43     gen  15  best 0.46023  mean 0.45970  best_so_far 0.46023  flips 50  evals 211
22:55:47     gen  16  best 0.46051  mean 0.45993  best_so_far 0.46051  flips 47  evals 223
22:55:52     gen  17  best 0.46073  mean 0.45990  best_so_far 0.46073  flips 49  evals 237
22:55:57     gen  18  best 0.46087  mean 0.46023  best_so_far 0.46087  flips 47  evals 251
22:56:01     gen  19  best 0.46087  mean 0.46042  best_so_far 0.46087  flips 47  evals 263
22:56:05     gen  20  best 0.46110  mean 0.46060  best_so_far 0.46110  flips 45  evals 275
22:56:05      GA: 45/50 flips from pool 5000, 275 evals, 20 gens; influence-topk baseline dce=+0.00330 dacc=+0.0010
22:56:05      poisoned ce=0.46110 auc=0.7076 acc=0.8080 f1=0.0769  dce=+0.00648 dacc=+0.0020  k=45  [95.5s]
22:56:05   -- trial run3_sub0
22:56:13     gen   0  best 0.45792  mean 0.45317  best_so_far 0.45792  flips 50  evals 16
22:56:17     gen   1  best 0.45792  mean 0.45430  best_so_far 0.45792  flips 50  evals 28
22:56:21     gen   2  best 0.45792  mean 0.45520  best_so_far 0.45792  flips 50  evals 41
22:56:26     gen   3  best 0.45792  mean 0.45656  best_so_far 0.45792  flips 50  evals 55
22:56:30     gen   4  best 0.45807  mean 0.45752  best_so_far 0.45807  flips 50  evals 67
22:56:35     gen   5  best 0.45825  mean 0.45756  best_so_far 0.45825  flips 50  evals 81
22:56:39     gen   6  best 0.45848  mean 0.45779  best_so_far 0.45848  flips 49  evals 94
22:56:43     gen   7  best 0.45853  mean 0.45797  best_so_far 0.45853  flips 47  evals 107
22:56:48     gen   8  best 0.45858  mean 0.45803  best_so_far 0.45858  flips 48  evals 121
22:56:53     gen   9  best 0.45940  mean 0.45792  best_so_far 0.45940  flips 47  evals 135
22:56:58     gen  10  best 0.45954  mean 0.45833  best_so_far 0.45954  flips 50  evals 149
22:57:02     gen  11  best 0.45954  mean 0.45867  best_so_far 0.45954  flips 50  evals 162
22:57:06     gen  12  best 0.45989  mean 0.45916  best_so_far 0.45989  flips 49  evals 174
22:57:11     gen  13  best 0.46029  mean 0.45952  best_so_far 0.46029  flips 50  evals 187
22:57:15     gen  14  best 0.46066  mean 0.45982  best_so_far 0.46066  flips 50  evals 200
22:57:20     gen  15  best 0.46074  mean 0.46009  best_so_far 0.46074  flips 50  evals 214
22:57:24     gen  16  best 0.46074  mean 0.46033  best_so_far 0.46074  flips 50  evals 227
22:57:29     gen  17  best 0.46074  mean 0.46014  best_so_far 0.46074  flips 50  evals 241
22:57:33     gen  18  best 0.46092  mean 0.46031  best_so_far 0.46092  flips 50  evals 252
22:57:37     gen  19  best 0.46092  mean 0.46016  best_so_far 0.46092  flips 50  evals 265
22:57:41     gen  20  best 0.46145  mean 0.46029  best_so_far 0.46145  flips 50  evals 278
22:57:42      GA: 50/50 flips from pool 5000, 278 evals, 20 gens; influence-topk baseline dce=+0.00330 dacc=+0.0010
22:57:42      poisoned ce=0.46145 auc=0.7068 acc=0.8040 f1=0.0755  dce=+0.00682 dacc=-0.0020  k=50  [96.6s]
22:57:42   -- trial run4_sub0
22:57:49     gen   0  best 0.45792  mean 0.45298  best_so_far 0.45792  flips 50  evals 16
22:57:54     gen   1  best 0.45792  mean 0.45464  best_so_far 0.45792  flips 50  evals 29
22:57:58     gen   2  best 0.45889  mean 0.45624  best_so_far 0.45889  flips 50  evals 42
22:58:02     gen   3  best 0.45889  mean 0.45716  best_so_far 0.45889  flips 50  evals 54
22:58:06     gen   4  best 0.45889  mean 0.45785  best_so_far 0.45889  flips 50  evals 66
22:58:11     gen   5  best 0.45889  mean 0.45831  best_so_far 0.45889  flips 50  evals 79
22:58:15     gen   6  best 0.45915  mean 0.45853  best_so_far 0.45915  flips 50  evals 91
22:58:18     gen   7  best 0.45918  mean 0.45871  best_so_far 0.45918  flips 49  evals 102
22:58:23     gen   8  best 0.45918  mean 0.45860  best_so_far 0.45918  flips 49  evals 116
22:58:27     gen   9  best 0.45941  mean 0.45863  best_so_far 0.45941  flips 50  evals 129
22:58:32     gen  10  best 0.45941  mean 0.45892  best_so_far 0.45941  flips 50  evals 141
22:58:36     gen  11  best 0.45941  mean 0.45880  best_so_far 0.45941  flips 50  evals 153
22:58:40     gen  12  best 0.45941  mean 0.45889  best_so_far 0.45941  flips 50  evals 167
22:58:44     gen  13  best 0.45953  mean 0.45916  best_so_far 0.45953  flips 50  evals 179
22:58:48     gen  14  best 0.45976  mean 0.45925  best_so_far 0.45976  flips 50  evals 189
22:58:52     gen  15  best 0.45976  mean 0.45929  best_so_far 0.45976  flips 50  evals 201
22:58:56     gen  16  best 0.45980  mean 0.45952  best_so_far 0.45980  flips 49  evals 213
22:59:00     gen  17  best 0.46004  mean 0.45963  best_so_far 0.46004  flips 50  evals 225
22:59:04     gen  18  best 0.46004  mean 0.45964  best_so_far 0.46004  flips 50  evals 238
22:59:09     gen  19  best 0.46031  mean 0.45979  best_so_far 0.46031  flips 49  evals 252
22:59:13     gen  20  best 0.46031  mean 0.45981  best_so_far 0.46031  flips 49  evals 264
22:59:14      GA: 49/50 flips from pool 5000, 264 evals, 20 gens; influence-topk baseline dce=+0.00330 dacc=+0.0010
22:59:14      poisoned ce=0.46031 auc=0.7091 acc=0.8090 f1=0.0861  dce=+0.00569 dacc=+0.0030  k=49  [91.8s]
22:59:14   best trial run3_sub0: dce=+0.00682 dacc=-0.0020  -> context_poisoned.csv
22:59:14   per-run winners: run0<-sub0 (dce=+0.00659), run1<-sub0 (dce=+0.00672), run2<-sub0 (dce=+0.00648), run3<-sub0 (dce=+0.00682), run4<-sub0 (dce=+0.00569)
22:59:14   best-subsample-per-run, mean over 5 runs: dce=+0.00646 dacc=+0.0010 dauc=-0.0078  -> /home/ssn899/Desktop/TabFM/results/main_experiments/lcld_v2/label-flip_random_r001
