02:14:30 [x-capgd] datasets/url_unique/splits/selected/natural/context_5000.csv (5000x63) -> datasets/url_unique/splits/test_attack_1000.csv (1000 of 1000)  k=1500 (30.0%)  attack_class=None  grid 1x1  cuda:1
02:14:34   clean  ce=0.09328 auc=0.9935 acc=0.9650 f1=0.9644  max|dp| over 3 repeats=0.00e+00  chunking_exact=True  [3.2s]
02:14:35   constraints=full (14 relations, dataset 'url_unique')  scaler=metadata  mutable 63/63  int 58  cat 0
02:14:35   -- trial run0_sub0
02:14:37     iter   0  obj 0.09328  best 0.09328  step 0.9500
02:14:39     iter   1  obj -4.27484  best 0.09328  step 0.9500
02:14:41     iter   2  obj -0.13581  best 0.09328  step 0.9500
02:14:43     iter   3  obj -0.19676  best 0.09328  step 0.9500
02:14:46     iter   4  obj -0.28771  best 0.09328  step 0.9500
02:14:48     iter   5  obj -0.71564  best 0.09328  step 0.9500
02:14:50     iter   6  obj -0.31018  best 0.09328  step 0.9500
02:14:52     iter   7  obj -0.92797  best 0.09328  step 0.9500
02:14:54     iter   8  obj -0.50839  best 0.09328  step 0.9500
02:14:57     iter   9  obj -0.50183  best 0.09328  step 0.9500
02:14:59     iter  10  obj -0.54078  best 0.09328  step 0.9500
02:15:01     iter  11  obj -0.46799  best 0.09328  step 0.9500
02:15:03     iter  12  obj -0.34337  best 0.09328  step 0.9500
02:15:05     iter  13  obj -0.38803  best 0.09328  step 0.9500
02:15:08     iter  14  obj -0.53684  best 0.09328  step 0.9500
02:15:10     iter  15  obj -0.60045  best 0.09328  step 0.9500
02:15:12     iter  16  obj -0.48071  best 0.09328  step 0.4750  halved
02:15:14     iter  17  obj -3.44803  best 0.09328  step 0.4750
02:15:16     iter  18  obj -0.56638  best 0.09328  step 0.4750
02:15:18     iter  19  obj -0.12905  best 0.09328  step 0.4750
02:15:21     iter  20  obj -0.14169  best 0.09328  step 0.4750
02:15:23     iter  21  obj -0.02888  best 0.09328  step 0.4750
02:15:25     iter  22  obj -0.05279  best 0.09328  step 0.4750
02:15:27     iter  23  obj -0.02783  best 0.09328  step 0.4750
02:15:29     iter  24  obj -0.07151  best 0.09328  step 0.4750
02:15:32     iter  25  obj -0.10578  best 0.09328  step 0.4750
02:15:34     iter  26  obj -0.10293  best 0.09328  step 0.4750
02:15:36     iter  27  obj -0.11254  best 0.09328  step 0.4750
02:15:38     iter  28  obj -0.18114  best 0.09328  step 0.4750
02:15:40     iter  29  obj -0.48443  best 0.09328  step 0.4750
02:15:43     iter  30  obj -0.33388  best 0.09328  step 0.2375  halved
02:15:45     iter  31  obj -2.42584  best 0.09328  step 0.2375
02:15:47     iter  32  obj -0.29189  best 0.09328  step 0.2375
02:15:49     iter  33  obj -0.20068  best 0.09328  step 0.2375
02:15:51     iter  34  obj -0.13579  best 0.09328  step 0.2375
02:15:54     iter  35  obj -0.13790  best 0.09328  step 0.2375
02:15:56     iter  36  obj -0.12494  best 0.09328  step 0.2375
02:15:58     iter  37  obj -0.09667  best 0.09328  step 0.2375
02:16:00     iter  38  obj -0.07989  best 0.09328  step 0.2375
02:16:02     iter  39  obj 0.00193  best 0.09328  step 0.2375
02:16:04     iter  40  obj -0.03030  best 0.09328  step 0.2375
02:16:07     iter  41  obj -0.06522  best 0.09328  step 0.2375
02:16:09     iter  42  obj -0.06024  best 0.09328  step 0.1188  halved
02:16:11     iter  43  obj -4.70115  best 0.09328  step 0.1188
02:16:13     iter  44  obj -0.01168  best 0.09328  step 0.1188
02:16:15     iter  45  obj 0.04485  best 0.09328  step 0.1188
02:16:18     iter  46  obj 0.05325  best 0.09328  step 0.1188
02:16:20     iter  47  obj 0.07069  best 0.09328  step 0.1188
02:16:22     iter  48  obj 0.08508  best 0.09328  step 0.1188
02:16:24     iter  49  obj 0.06869  best 0.09328  step 0.1188
02:16:26     iter  50  obj 0.06039  best 0.09328  step 0.1188
02:16:29     iter  51  obj 0.08163  best 0.09328  step 0.1188
02:16:31     iter  52  obj 0.11795  best 0.11795  step 0.0594  *  halved
02:16:33     iter  53  obj 0.10763  best 0.11795  step 0.0594
02:16:35     iter  54  obj 0.10925  best 0.11795  step 0.0594
02:16:37     iter  55  obj 0.14439  best 0.14439  step 0.0594  *
02:16:40     iter  56  obj 0.11659  best 0.14439  step 0.0594
02:16:42     iter  57  obj 0.15581  best 0.15581  step 0.0594  *
02:16:44     iter  58  obj 0.14083  best 0.15581  step 0.0594
02:16:46     iter  59  obj 0.18551  best 0.18551  step 0.0594  *
02:16:48     iter  60  obj 0.16352  best 0.18551  step 0.0297  halved
02:16:51     iter  61  obj 0.21285  best 0.21285  step 0.0297  *
02:16:53     iter  62  obj 0.28666  best 0.28666  step 0.0297  *
02:16:55     iter  63  obj 0.29225  best 0.29225  step 0.0297  *
02:16:57     iter  64  obj 0.33656  best 0.33656  step 0.0297  *
02:16:59     iter  65  obj 0.31181  best 0.33656  step 0.0297
02:17:01     iter  66  obj 0.51420  best 0.51420  step 0.0297  *
02:17:04     iter  67  obj 0.65256  best 0.65256  step 0.0297  *
02:17:06     iter  68  obj 0.86674  best 0.86674  step 0.0297  *
02:17:08     iter  69  obj 0.53117  best 0.86674  step 0.0297
02:17:10     iter  70  obj 0.59631  best 0.86674  step 0.0148  halved
02:17:12     iter  71  obj 1.16956  best 1.16956  step 0.0148  *
02:17:15     iter  72  obj 1.06869  best 1.16956  step 0.0148
02:17:17     iter  73  obj 1.55141  best 1.55141  step 0.0148  *
02:17:19     iter  74  obj 1.57030  best 1.57030  step 0.0074  *  halved
02:17:21     iter  75  obj 1.78189  best 1.78189  step 0.0074  *
02:17:22      poisoned ce=0.12219 auc=0.9911 acc=0.9610 f1=0.9608  dce=+0.02891 dacc=-0.0040  k=1500  [167.3s]
02:17:22   mean over 1 trials: dce=+0.02891 dacc=-0.0040 dauc=-0.0024  -> results/ablation_niter/url_unique_nat5000_full_it75
