14:51:21 [x-capgd] datasets/lcld_v2/splits/selected/natural/context_5000.csv (5000x28) -> datasets/lcld_v2/splits/test_attack_1000.csv (1000 of 1000)  k=1500 (30.0%)  attack_class=None  grid 1x1  cuda:1
14:51:24   clean  ce=0.45462 auc=0.7155 acc=0.8060 f1=0.1339  max|dp| over 3 repeats=0.00e+00  chunking_exact=True  [1.8s]
14:51:24   constraints=full (9 relations, dataset 'lcld_v2')  scaler=metadata  mutable 14/28  int 10  cat 5
14:51:24   -- trial run0_sub0
14:51:25     iter   0  obj 0.45188  best 0.45188  step 0.9500
14:51:26     iter   1  obj 0.39516  best 0.45188  step 0.9500
14:51:27     iter   2  obj 0.39721  best 0.45188  step 0.9500
14:51:28     iter   3  obj -0.04955  best 0.45188  step 0.9500
14:51:29     iter   4  obj -0.09234  best 0.45188  step 0.9500
14:51:31     iter   5  obj -0.23419  best 0.45188  step 0.9500
14:51:32     iter   6  obj -0.29978  best 0.45188  step 0.9500
14:51:33     iter   7  obj -0.35657  best 0.45188  step 0.9500
14:51:34     iter   8  obj -0.16681  best 0.45188  step 0.9500
14:51:35     iter   9  obj -0.31502  best 0.45188  step 0.9500
14:51:36     iter  10  obj -0.11288  best 0.45188  step 0.9500
14:51:37     iter  11  obj -0.11629  best 0.45188  step 0.9500
14:51:38     iter  12  obj -0.91815  best 0.45188  step 0.9500
14:51:40     iter  13  obj 0.12899  best 0.45188  step 0.9500
14:51:41     iter  14  obj -0.13628  best 0.45188  step 0.9500
14:51:42     iter  15  obj -0.02352  best 0.45188  step 0.9500
14:51:43     iter  16  obj -0.29434  best 0.45188  step 0.4750  halved
14:51:44     iter  17  obj 0.18684  best 0.45188  step 0.4750
14:51:45     iter  18  obj 0.22483  best 0.45188  step 0.4750
14:51:46     iter  19  obj 0.25213  best 0.45188  step 0.4750
14:51:47     iter  20  obj -0.04182  best 0.45188  step 0.4750
14:51:49     iter  21  obj -0.40827  best 0.45188  step 0.4750
14:51:50     iter  22  obj 0.02950  best 0.45188  step 0.4750
14:51:51     iter  23  obj -0.52045  best 0.45188  step 0.4750
14:51:52     iter  24  obj -0.04086  best 0.45188  step 0.4750
14:51:53     iter  25  obj 0.03163  best 0.45188  step 0.4750
14:51:54     iter  26  obj -0.14150  best 0.45188  step 0.4750
14:51:55     iter  27  obj -0.32863  best 0.45188  step 0.4750
14:51:56     iter  28  obj 0.12022  best 0.45188  step 0.4750
14:51:57     iter  29  obj 0.08808  best 0.45188  step 0.4750
14:51:59     iter  30  obj -0.07893  best 0.45188  step 0.2375  halved
14:52:00     iter  31  obj 0.31978  best 0.45188  step 0.2375
14:52:01     iter  32  obj 0.42137  best 0.45188  step 0.2375
14:52:02     iter  33  obj 0.41849  best 0.45188  step 0.2375
14:52:03     iter  34  obj 0.31380  best 0.45188  step 0.2375
14:52:04     iter  35  obj 0.39184  best 0.45188  step 0.2375
14:52:05     iter  36  obj 0.36909  best 0.45188  step 0.2375
14:52:06     iter  37  obj 0.23938  best 0.45188  step 0.2375
14:52:07     iter  38  obj 0.12025  best 0.45188  step 0.2375
14:52:08     iter  39  obj 0.13250  best 0.45188  step 0.2375
14:52:10     iter  40  obj 0.11706  best 0.45188  step 0.2375
14:52:11     iter  41  obj 0.15373  best 0.45188  step 0.2375
14:52:12     iter  42  obj 0.17275  best 0.45188  step 0.1187  halved
14:52:13     iter  43  obj 0.35748  best 0.45188  step 0.1187
14:52:14     iter  44  obj 0.44651  best 0.45188  step 0.1187
14:52:15     iter  45  obj 0.45747  best 0.45747  step 0.1187  *
14:52:16     iter  46  obj 0.44769  best 0.45747  step 0.1187
14:52:17     iter  47  obj 0.43797  best 0.45747  step 0.1187
14:52:18     iter  48  obj 0.42205  best 0.45747  step 0.1187
14:52:19     iter  49  obj 0.42752  best 0.45747  step 0.1187
14:52:20     iter  50  obj 0.46317  best 0.46317  step 0.1187  *
14:52:22     iter  51  obj 0.38879  best 0.46317  step 0.1187
14:52:23     iter  52  obj 0.40434  best 0.46317  step 0.0594  halved
14:52:24     iter  53  obj 0.48332  best 0.48332  step 0.0594  *
14:52:25     iter  54  obj 0.43946  best 0.48332  step 0.0594
14:52:26     iter  55  obj 0.46930  best 0.48332  step 0.0594
14:52:27     iter  56  obj 0.49147  best 0.49147  step 0.0594  *
14:52:28     iter  57  obj 0.45860  best 0.49147  step 0.0594
14:52:29     iter  58  obj 0.48524  best 0.49147  step 0.0594
14:52:30     iter  59  obj 0.47074  best 0.49147  step 0.0594
14:52:31     iter  60  obj 0.48258  best 0.49147  step 0.0297  halved
14:52:33     iter  61  obj 0.46184  best 0.49147  step 0.0297
14:52:34     iter  62  obj 0.49322  best 0.49322  step 0.0297  *
14:52:35     iter  63  obj 0.50760  best 0.50760  step 0.0297  *
14:52:36     iter  64  obj 0.47509  best 0.50760  step 0.0297
14:52:37     iter  65  obj 0.49140  best 0.50760  step 0.0297
14:52:38     iter  66  obj 0.50912  best 0.50912  step 0.0148  *  halved
14:52:39     iter  67  obj 0.51453  best 0.51453  step 0.0148  *
14:52:41     iter  68  obj 0.48988  best 0.51453  step 0.0148
14:52:42     iter  69  obj 0.52753  best 0.52753  step 0.0148  *
14:52:43     iter  70  obj 0.51817  best 0.52753  step 0.0074  halved
14:52:44     iter  71  obj 0.52898  best 0.52898  step 0.0074  *
14:52:45     iter  72  obj 0.55123  best 0.55123  step 0.0074  *
14:52:46     iter  73  obj 0.52308  best 0.55123  step 0.0074
14:52:48     iter  74  obj 0.50778  best 0.55123  step 0.0037  halved
14:52:49     iter  75  obj 0.55455  best 0.55455  step 0.0037  *
14:52:50      poisoned ce=0.52104 auc=0.6322 acc=0.7950 f1=0.0376  dce=+0.06641 dacc=-0.0110  k=1500  [86.5s]
14:52:50   mean over 1 trials: dce=+0.06641 dacc=-0.0110 dauc=-0.0833  -> results/niter_sweep_final/lcld_v2_rs1_it75
