15:25:50 xgboost: train=/home/ssn899/Desktop/TabFM/datasets/url_unique/splits/selected/natural/context_5000.csv (5000 rows)  test=/home/ssn899/Desktop/TabFM/datasets/url_unique/splits/test_attack_1000.csv (1000 rows)  target=is_phishing  drop=()
15:25:50 rebuilt 5 per-run-best contexts from /home/ssn899/Desktop/TabFM/results/main_experiments/url_unique/x-capgd_random_r016: run0_sub0, run1_sub2, run2_sub0, run3_sub2, run4_sub0  (attack=x-capgd, R=16.0%, k=800)
15:25:50 clean val=/home/ssn899/Desktop/TabFM/datasets/url_unique/splits/val_2000.csv (2000 rows)
15:25:50 
== protocol A: validation is an internal split of the given context (poisoned when the context is)
15:25:50     clean baseline: 5 fits reused from /home/ssn899/Desktop/TabFM/results/xgb_transfer/_clean_cache/clean_3f85a9510aa70700c46d224d.json
15:25:50     poisoned (5 contexts)
15:25:50     -- run0_sub0
15:26:20       seed 0: ce=0.10659 acc=0.9630 bacc=0.9630 mcc=0.9260 (iters=693, 31s)
15:26:20     -- run1_sub2
15:26:41       seed 1: ce=0.10423 acc=0.9670 bacc=0.9670 mcc=0.9340 (iters=132, 20s)
15:26:41     -- run2_sub0
15:27:20       seed 2: ce=0.10433 acc=0.9660 bacc=0.9660 mcc=0.9320 (iters=993, 40s)
15:27:20     -- run3_sub2
15:27:55       seed 3: ce=0.10933 acc=0.9650 bacc=0.9649 mcc=0.9300 (iters=1291, 34s)
15:27:55     -- run4_sub0
15:28:24       seed 4: ce=0.11305 acc=0.9610 bacc=0.9609 mcc=0.9220 (iters=791, 29s)
15:28:24 
  protocol A -- validation is an internal split of the given context (poisoned when the context is)
15:28:24     metric                          clean          poisoned             delta      rel% |          TabPFN d  TabPFN rel%  transfer%
15:28:24     -------------------------------------------------------------------------------------------------------------------------------
15:28:24     ce                    0.0965 ± 0.0021   0.1075 ± 0.0033  +0.0110 ± 0.0039     +11.4 |  +0.0169 ± 0.0034        +18.2        +65
15:28:24     accuracy              0.9686 ± 0.0017   0.9644 ± 0.0022  -0.0042 ± 0.0032      -0.4 |  -0.0006 ± 0.0014         -0.1      ~+700
15:28:24     balanced_accuracy     0.9686 ± 0.0017   0.9644 ± 0.0022  -0.0042 ± 0.0032      -0.4 |  -0.0006 ± 0.0013         -0.1      ~+709
15:28:24     mcc                   0.9372 ± 0.0035   0.9288 ± 0.0043  -0.0084 ± 0.0065      -0.9 |  -0.0012 ± 0.0027         -0.1      ~+711
15:28:24     roc_auc               0.9932 ± 0.0006   0.9918 ± 0.0008  -0.0014 ± 0.0012      -0.1 |  -0.0018 ± 0.0005         -0.2        +77
15:28:24     f1                    0.9681 ± 0.0017   0.9638 ± 0.0022  -0.0043 ± 0.0033      -0.4 |  -0.0006 ± 0.0013         -0.1      ~+721
15:28:24     transfer% = XGBoost delta / TabPFNv2 delta; 100 means the poison hurts both equally.
15:28:24     '~' marks a ratio whose denominator is near zero or inside its own spread -- read the absolute columns there.
15:28:24 
== protocol B: validation is the separate clean --val file
15:28:24     clean baseline: 5 fits reused from /home/ssn899/Desktop/TabFM/results/xgb_transfer/_clean_cache/clean_abd10f6c2f73c282ed9f2ab6.json
15:28:24     poisoned (5 contexts)
15:28:24     -- run0_sub0
15:28:47       seed 0: ce=0.10950 acc=0.9590 bacc=0.9590 mcc=0.9180 (iters=200, 24s)
15:28:47     -- run1_sub2
15:29:27       seed 1: ce=0.10308 acc=0.9670 bacc=0.9670 mcc=0.9340 (iters=247, 40s)
15:29:27     -- run2_sub0
15:29:57       seed 2: ce=0.09929 acc=0.9670 bacc=0.9670 mcc=0.9340 (iters=215, 30s)
15:29:57     -- run3_sub2
15:30:30       seed 3: ce=0.10006 acc=0.9690 bacc=0.9690 mcc=0.9380 (iters=456, 33s)
15:30:30     -- run4_sub0
15:31:02       seed 4: ce=0.09964 acc=0.9660 bacc=0.9660 mcc=0.9320 (iters=342, 32s)
15:31:02 
  protocol B -- validation is the separate clean --val file
15:31:02     metric                          clean          poisoned             delta      rel% |          TabPFN d  TabPFN rel%  transfer%
15:31:02     -------------------------------------------------------------------------------------------------------------------------------
15:31:02     ce                    0.0964 ± 0.0014   0.1023 ± 0.0038  +0.0060 ± 0.0037      +6.2 |  +0.0169 ± 0.0034        +18.2        +35
15:31:02     accuracy              0.9678 ± 0.0012   0.9656 ± 0.0034  -0.0022 ± 0.0035      -0.2 |  -0.0006 ± 0.0014         -0.1      ~+367
15:31:02     balanced_accuracy     0.9679 ± 0.0012   0.9656 ± 0.0035  -0.0023 ± 0.0036      -0.2 |  -0.0006 ± 0.0013         -0.1      ~+380
15:31:02     mcc                   0.9356 ± 0.0023   0.9312 ± 0.0069  -0.0045 ± 0.0071      -0.5 |  -0.0012 ± 0.0027         -0.1      ~+376
15:31:02     roc_auc               0.9931 ± 0.0003   0.9926 ± 0.0005  -0.0005 ± 0.0006      -0.0 |  -0.0018 ± 0.0005         -0.2        +25
15:31:02     f1                    0.9674 ± 0.0012   0.9650 ± 0.0035  -0.0024 ± 0.0037      -0.2 |  -0.0006 ± 0.0013         -0.1      ~+395
15:31:02     transfer% = XGBoost delta / TabPFNv2 delta; 100 means the poison hurts both equally.
15:31:02     '~' marks a ratio whose denominator is near zero or inside its own spread -- read the absolute columns there.
15:31:02 
wrote /home/ssn899/Desktop/TabFM/results/xgb_transfer/url_unique/x-capgd_random_r016/summary.json
