14:49:55 [x-capgd] datasets/lcld_v2/splits/selected/natural/context_5000.csv (5000x28) -> datasets/lcld_v2/splits/test_attack_1000.csv (1000 of 1000)  k=1500 (30.0%)  attack_class=None  grid 1x1  cuda:1
14:49:59   clean  ce=0.45462 auc=0.7155 acc=0.8060 f1=0.1339  max|dp| over 3 repeats=0.00e+00  chunking_exact=True  [2.3s]
14:49:59   constraints=full (9 relations, dataset 'lcld_v2')  scaler=metadata  mutable 14/28  int 10  cat 5
14:49:59   -- trial run0_sub0
14:50:01     iter   0  obj 0.45457  best 0.45457  step 0.9500
14:50:02     iter   1  obj 0.37820  best 0.45457  step 0.9500
14:50:04     iter   2  obj 0.40909  best 0.45457  step 0.9500
14:50:05     iter   3  obj 0.20748  best 0.45457  step 0.9500
14:50:07     iter   4  obj 0.08356  best 0.45457  step 0.9500
14:50:08     iter   5  obj 0.05956  best 0.45457  step 0.9500
14:50:10     iter   6  obj -0.15522  best 0.45457  step 0.9500
14:50:11     iter   7  obj -0.17206  best 0.45457  step 0.9500
14:50:13     iter   8  obj -0.00201  best 0.45457  step 0.9500
14:50:14     iter   9  obj -0.23861  best 0.45457  step 0.9500
14:50:16     iter  10  obj -0.08838  best 0.45457  step 0.9500
14:50:17     iter  11  obj -0.15759  best 0.45457  step 0.4750  halved
14:50:19     iter  12  obj 0.12307  best 0.45457  step 0.4750
14:50:20     iter  13  obj 0.29602  best 0.45457  step 0.4750
14:50:22     iter  14  obj 0.22460  best 0.45457  step 0.4750
14:50:23     iter  15  obj 0.00887  best 0.45457  step 0.4750
14:50:25     iter  16  obj -0.08787  best 0.45457  step 0.4750
14:50:26     iter  17  obj -0.28339  best 0.45457  step 0.4750
14:50:28     iter  18  obj -0.19319  best 0.45457  step 0.4750
14:50:29     iter  19  obj -0.03984  best 0.45457  step 0.4750
14:50:31     iter  20  obj 0.27436  best 0.45457  step 0.4750
14:50:32     iter  21  obj -0.14426  best 0.45457  step 0.2375  halved
14:50:34     iter  22  obj 0.26083  best 0.45457  step 0.2375
14:50:35     iter  23  obj 0.42367  best 0.45457  step 0.2375
14:50:37     iter  24  obj 0.42368  best 0.45457  step 0.2375
14:50:38     iter  25  obj 0.36049  best 0.45457  step 0.2375
14:50:40     iter  26  obj 0.37486  best 0.45457  step 0.2375
14:50:41     iter  27  obj 0.35333  best 0.45457  step 0.2375
14:50:43     iter  28  obj 0.10344  best 0.45457  step 0.2375
14:50:44     iter  29  obj 0.01366  best 0.45457  step 0.2375
14:50:46     iter  30  obj 0.25924  best 0.45457  step 0.1187  halved
14:50:47     iter  31  obj 0.36137  best 0.45457  step 0.1187
14:50:49     iter  32  obj 0.45451  best 0.45457  step 0.1187
14:50:50     iter  33  obj 0.46114  best 0.46114  step 0.1187  *
14:50:52     iter  34  obj 0.45891  best 0.46114  step 0.1187
14:50:53     iter  35  obj 0.45263  best 0.46114  step 0.1187
14:50:55     iter  36  obj 0.42923  best 0.46114  step 0.1187
14:50:56     iter  37  obj 0.43800  best 0.46114  step 0.1187
14:50:58     iter  38  obj 0.42915  best 0.46114  step 0.0594  halved
14:51:00     iter  39  obj 0.44112  best 0.46114  step 0.0594
14:51:01     iter  40  obj 0.45496  best 0.46114  step 0.0594
14:51:02     iter  41  obj 0.46340  best 0.46340  step 0.0594  *
14:51:04     iter  42  obj 0.47094  best 0.47094  step 0.0594  *
14:51:05     iter  43  obj 0.46068  best 0.47094  step 0.0594
14:51:07     iter  44  obj 0.45838  best 0.47094  step 0.0594
14:51:08     iter  45  obj 0.46475  best 0.47094  step 0.0297  halved
14:51:10     iter  46  obj 0.47392  best 0.47392  step 0.0297  *
14:51:11     iter  47  obj 0.47840  best 0.47840  step 0.0297  *
14:51:13     iter  48  obj 0.47949  best 0.47949  step 0.0297  *
14:51:14     iter  49  obj 0.47962  best 0.47962  step 0.0297  *
14:51:16     iter  50  obj 0.48697  best 0.48697  step 0.0297  *
14:51:17      poisoned ce=0.48508 auc=0.6848 acc=0.8050 f1=0.0580  dce=+0.03045 dacc=-0.0010  k=1500  [77.8s]
14:51:17   mean over 1 trials: dce=+0.03045 dacc=-0.0010 dauc=-0.0306  -> results/niter_sweep_final/lcld_v2_rs3_it50
