03:35:01 [x-capgd] datasets/url_unique/splits/selected/natural/context_5000.csv (5000x63) -> datasets/url_unique/splits/test_attack_1000.csv (1000 of 1000)  k=1500 (30.0%)  attack_class=None  grid 1x1  cuda:1
03:35:09   clean  ce=0.09328 auc=0.9935 acc=0.9650 f1=0.9644  max|dp| over 3 repeats=0.00e+00  chunking_exact=True  [6.4s]
03:35:09   constraints=full (14 relations, dataset 'url_unique')  scaler=metadata  mutable 63/63  int 58  cat 0
03:35:09   -- trial run0_sub0
03:35:15     iter   0  obj 0.09328  best 0.09328  step 0.9500
03:35:20     iter   1  obj -1.21334  best 0.09328  step 0.9500
03:35:26     iter   2  obj 0.03340  best 0.09328  step 0.9500
03:35:31     iter   3  obj 0.01171  best 0.09328  step 0.9500
03:35:37     iter   4  obj -0.06014  best 0.09328  step 0.9500
03:35:42     iter   5  obj -0.09465  best 0.09328  step 0.9500
03:35:47     iter   6  obj -0.18144  best 0.09328  step 0.9500
03:35:53     iter   7  obj -0.16112  best 0.09328  step 0.9500
03:35:58     iter   8  obj -0.14144  best 0.09328  step 0.9500
03:36:04     iter   9  obj 0.00993  best 0.09328  step 0.9500
03:36:09     iter  10  obj -0.02411  best 0.09328  step 0.9500
03:36:14     iter  11  obj -0.08193  best 0.09328  step 0.9500
03:36:20     iter  12  obj -0.09657  best 0.09328  step 0.9500
03:36:25     iter  13  obj -0.15727  best 0.09328  step 0.9500
03:36:31     iter  14  obj -0.18424  best 0.09328  step 0.9500
03:36:36     iter  15  obj -0.08778  best 0.09328  step 0.9500
03:36:41     iter  16  obj -0.08106  best 0.09328  step 0.9500
03:36:47     iter  17  obj -0.02760  best 0.09328  step 0.9500
03:36:52     iter  18  obj -0.07869  best 0.09328  step 0.9500
03:36:58     iter  19  obj -0.11129  best 0.09328  step 0.9500
03:37:03     iter  20  obj -0.05996  best 0.09328  step 0.9500
03:37:09     iter  21  obj -0.03405  best 0.09328  step 0.9500
03:37:14     iter  22  obj -0.07689  best 0.09328  step 0.4750  halved
03:37:20     iter  23  obj -1.06925  best 0.09328  step 0.4750
03:37:25     iter  24  obj -0.17565  best 0.09328  step 0.4750
03:37:30     iter  25  obj 0.00448  best 0.09328  step 0.4750
03:37:36     iter  26  obj 0.06317  best 0.09328  step 0.4750
03:37:41     iter  27  obj 0.04752  best 0.09328  step 0.4750
03:37:47     iter  28  obj 0.03056  best 0.09328  step 0.4750
03:37:52     iter  29  obj 0.00822  best 0.09328  step 0.4750
03:37:57     iter  30  obj 0.02662  best 0.09328  step 0.4750
03:38:03     iter  31  obj 0.04377  best 0.09328  step 0.4750
03:38:08     iter  32  obj -0.00441  best 0.09328  step 0.4750
03:38:14     iter  33  obj 0.07114  best 0.09328  step 0.4750
03:38:19     iter  34  obj 0.02771  best 0.09328  step 0.4750
03:38:25     iter  35  obj 0.03042  best 0.09328  step 0.4750
03:38:30     iter  36  obj 0.00807  best 0.09328  step 0.4750
03:38:36     iter  37  obj 0.00161  best 0.09328  step 0.4750
03:38:41     iter  38  obj -0.03965  best 0.09328  step 0.4750
03:38:46     iter  39  obj -0.05590  best 0.09328  step 0.4750
03:38:52     iter  40  obj -0.01257  best 0.09328  step 0.4750
03:38:57     iter  41  obj 0.00402  best 0.09328  step 0.2375  halved
03:39:03     iter  42  obj -0.76430  best 0.09328  step 0.2375
03:39:08     iter  43  obj -0.00385  best 0.09328  step 0.2375
03:39:14     iter  44  obj 0.03329  best 0.09328  step 0.2375
03:39:19     iter  45  obj 0.07287  best 0.09328  step 0.2375
03:39:22     iter  46  obj 0.05771  best 0.09328  step 0.2375
03:39:25     iter  47  obj 0.01768  best 0.09328  step 0.2375
03:39:29     iter  48  obj 0.02320  best 0.09328  step 0.2375
03:39:34     iter  49  obj 0.06880  best 0.09328  step 0.2375
03:39:39     iter  50  obj 0.08179  best 0.09328  step 0.2375
03:39:45     iter  51  obj 0.09383  best 0.09383  step 0.2375  *
03:39:50     iter  52  obj 0.09280  best 0.09383  step 0.2375
03:39:56     iter  53  obj 0.11736  best 0.11736  step 0.2375  *
03:40:01     iter  54  obj 0.10805  best 0.11736  step 0.2375
03:40:06     iter  55  obj 0.11958  best 0.11958  step 0.2375  *
03:40:12     iter  56  obj 0.14104  best 0.14104  step 0.2375  *
03:40:17     iter  57  obj 0.11628  best 0.14104  step 0.1188  halved
03:40:23     iter  58  obj 0.16073  best 0.16073  step 0.1188  *
03:40:28     iter  59  obj 0.17886  best 0.17886  step 0.1188  *
03:40:34     iter  60  obj 0.16737  best 0.17886  step 0.1188
03:40:39     iter  61  obj 0.18444  best 0.18444  step 0.1188  *
03:40:45     iter  62  obj 0.19977  best 0.19977  step 0.1188  *
03:40:50     iter  63  obj 0.15861  best 0.19977  step 0.1188
03:40:55     iter  64  obj 0.19214  best 0.19977  step 0.1188
03:41:01     iter  65  obj 0.21309  best 0.21309  step 0.1188  *
03:41:06     iter  66  obj 0.25587  best 0.25587  step 0.1188  *
03:41:12     iter  67  obj 0.22214  best 0.25587  step 0.1188
03:41:17     iter  68  obj 0.22115  best 0.25587  step 0.1188
03:41:22     iter  69  obj 0.32368  best 0.32368  step 0.1188  *
03:41:28     iter  70  obj 0.37821  best 0.37821  step 0.0594  *  halved
03:41:33     iter  71  obj 0.59235  best 0.59235  step 0.0594  *
03:41:39     iter  72  obj 0.70939  best 0.70939  step 0.0594  *
03:41:44     iter  73  obj 0.56828  best 0.70939  step 0.0594
03:41:50     iter  74  obj 0.96369  best 0.96369  step 0.0594  *
03:41:55     iter  75  obj 1.18330  best 1.18330  step 0.0594  *
03:42:00     iter  76  obj 0.71768  best 1.18330  step 0.0594
03:42:06     iter  77  obj 0.81446  best 1.18330  step 0.0594
03:42:11     iter  78  obj 1.08107  best 1.18330  step 0.0594
03:42:17     iter  79  obj 1.27445  best 1.27445  step 0.0594  *
03:42:22     iter  80  obj 1.71734  best 1.71734  step 0.0594  *
03:42:28     iter  81  obj 1.47169  best 1.71734  step 0.0594
03:42:33     iter  82  obj 1.59482  best 1.71734  step 0.0594
03:42:38     iter  83  obj 1.74111  best 1.74111  step 0.0594  *
03:42:44     iter  84  obj 1.73908  best 1.74111  step 0.0594
03:42:49     iter  85  obj 1.61090  best 1.74111  step 0.0594
03:42:55     iter  86  obj 2.21838  best 2.21838  step 0.0594  *
03:43:00     iter  87  obj 1.90189  best 2.21838  step 0.0297  halved
03:43:05     iter  88  obj 2.63673  best 2.63673  step 0.0297  *
03:43:11     iter  89  obj 3.15201  best 3.15201  step 0.0297  *
03:43:16     iter  90  obj 3.56500  best 3.56500  step 0.0297  *
03:43:22     iter  91  obj 4.00109  best 4.00109  step 0.0297  *
03:43:27     iter  92  obj 3.51672  best 4.00109  step 0.0297
03:43:33     iter  93  obj 4.40563  best 4.40563  step 0.0297  *
03:43:38     iter  94  obj 4.73847  best 4.73847  step 0.0297  *
03:43:44     iter  95  obj 3.54360  best 4.73847  step 0.0297
03:43:49     iter  96  obj 4.89244  best 4.89244  step 0.0297  *
03:43:54     iter  97  obj 4.19733  best 4.89244  step 0.0297
03:44:00     iter  98  obj 5.39051  best 5.39051  step 0.0297  *
03:44:05     iter  99  obj 4.41746  best 5.39051  step 0.0148  halved
03:44:11     iter 100  obj 5.61662  best 5.61662  step 0.0148  *
03:44:12      poisoned ce=0.13061 auc=0.9902 acc=0.9630 f1=0.9630  dce=+0.03734 dacc=-0.0020  k=1500  [543.1s]
03:44:12   mean over 1 trials: dce=+0.03734 dacc=-0.0020 dauc=-0.0034  -> results/lambda_url_strict/url_unique_lam0.3
