02:17:02 [x-capgd] datasets/lcld_v2/splits/selected/natural/context_5000.csv (5000x28) -> datasets/lcld_v2/splits/test_attack_1000.csv (1000 of 1000)  k=1500 (30.0%)  attack_class=None  grid 1x1  cuda:3
02:17:05   clean  ce=0.45462 auc=0.7155 acc=0.8060 f1=0.1339  max|dp| over 3 repeats=0.00e+00  chunking_exact=True  [1.8s]
02:17:05   constraints=box (0 relations, dataset 'lcld_v2')  scaler=metadata  mutable 14/28  int 10  cat 5
02:17:05   -- trial run0_sub0
02:17:06     iter   0  obj 0.45462  best 0.45462  step 0.9500
02:17:07     iter   1  obj 0.45494  best 0.45494  step 0.9500  *
02:17:08     iter   2  obj 0.46386  best 0.46386  step 0.9500  *
02:17:09     iter   3  obj 0.46581  best 0.46581  step 0.9500  *
02:17:11     iter   4  obj 0.46254  best 0.46581  step 0.9500
02:17:12     iter   5  obj 0.46141  best 0.46581  step 0.9500
02:17:13     iter   6  obj 0.45605  best 0.46581  step 0.9500
02:17:14     iter   7  obj 0.46905  best 0.46905  step 0.9500  *
02:17:15     iter   8  obj 0.46390  best 0.46905  step 0.9500
02:17:16     iter   9  obj 0.46744  best 0.46905  step 0.9500
02:17:17     iter  10  obj 0.46169  best 0.46905  step 0.9500
02:17:18     iter  11  obj 0.46625  best 0.46905  step 0.4750  halved
02:17:19     iter  12  obj 0.45871  best 0.46905  step 0.4750
02:17:20     iter  13  obj 0.46347  best 0.46905  step 0.4750
02:17:21     iter  14  obj 0.46641  best 0.46905  step 0.4750
02:17:22     iter  15  obj 0.46905  best 0.46905  step 0.4750
02:17:23     iter  16  obj 0.46115  best 0.46905  step 0.4750
02:17:24     iter  17  obj 0.47201  best 0.47201  step 0.4750  *
02:17:25     iter  18  obj 0.46618  best 0.47201  step 0.4750
02:17:26     iter  19  obj 0.47379  best 0.47379  step 0.4750  *
02:17:27     iter  20  obj 0.46527  best 0.47379  step 0.4750
02:17:28     iter  21  obj 0.47991  best 0.47991  step 0.2375  *  halved
02:17:29     iter  22  obj 0.49017  best 0.49017  step 0.2375  *
02:17:30     iter  23  obj 0.47751  best 0.49017  step 0.2375
02:17:31     iter  24  obj 0.48610  best 0.49017  step 0.2375
02:17:32     iter  25  obj 0.47544  best 0.49017  step 0.2375
02:17:34     iter  26  obj 0.47442  best 0.49017  step 0.2375
02:17:35     iter  27  obj 0.46752  best 0.49017  step 0.2375
02:17:36     iter  28  obj 0.47949  best 0.49017  step 0.2375
02:17:37     iter  29  obj 0.47428  best 0.49017  step 0.2375
02:17:38     iter  30  obj 0.48707  best 0.49017  step 0.1187  halved
02:17:39     iter  31  obj 0.48677  best 0.49017  step 0.1187
02:17:40     iter  32  obj 0.50419  best 0.50419  step 0.1187  *
02:17:41     iter  33  obj 0.47784  best 0.50419  step 0.1187
02:17:42     iter  34  obj 0.46382  best 0.50419  step 0.1187
02:17:43     iter  35  obj 0.47433  best 0.50419  step 0.1187
02:17:44     iter  36  obj 0.47806  best 0.50419  step 0.1187
02:17:45     iter  37  obj 0.50667  best 0.50667  step 0.1187  *
02:17:46     iter  38  obj 0.50361  best 0.50667  step 0.0594  halved
02:17:47     iter  39  obj 0.50926  best 0.50926  step 0.0594  *
02:17:48     iter  40  obj 0.54155  best 0.54155  step 0.0594  *
02:17:49     iter  41  obj 0.47220  best 0.54155  step 0.0594
02:17:50     iter  42  obj 0.52077  best 0.54155  step 0.0594
02:17:51     iter  43  obj 0.61176  best 0.61176  step 0.0594  *
02:17:52     iter  44  obj 0.51171  best 0.61176  step 0.0594
02:17:53     iter  45  obj 0.51780  best 0.61176  step 0.0297  halved
02:17:55     iter  46  obj 0.53355  best 0.61176  step 0.0297
02:17:56     iter  47  obj 0.46980  best 0.61176  step 0.0297
02:17:57     iter  48  obj 0.55037  best 0.61176  step 0.0297
02:17:58     iter  49  obj 0.48692  best 0.61176  step 0.0297
02:17:59     iter  50  obj 0.55144  best 0.61176  step 0.0297
02:17:59      poisoned ce=0.61176 auc=0.5604 acc=0.7930 f1=0.0881  dce=+0.15713 dacc=-0.0130  k=1500  [53.8s]
02:17:59   mean over 1 trials: dce=+0.15713 dacc=-0.0130 dauc=-0.1550  -> results/ablation_niter/lcld_v2_nat5000_box_it50
