03:24:13 [x-capgd] datasets/lcld_v2/splits/selected/natural/context_5000.csv (5000x28) -> datasets/lcld_v2/splits/test_attack_1000.csv (1000 of 1000)  k=1500 (30.0%)  attack_class=None  grid 1x1  cuda:1
03:24:18   clean  ce=0.45462 auc=0.7155 acc=0.8060 f1=0.1339  max|dp| over 3 repeats=0.00e+00  chunking_exact=True  [3.4s]
03:24:18   constraints=full (9 relations, dataset 'lcld_v2')  scaler=metadata  mutable 14/28  int 10  cat 5
03:24:18   -- trial run0_sub0
03:24:21     iter   0  obj 0.45188  best 0.45188  step 0.9500
03:24:23     iter   1  obj -252.40720  best 0.45188  step 0.9500
03:24:25     iter   2  obj -402.70389  best 0.45188  step 0.9500
03:24:28     iter   3  obj -462.53943  best 0.45188  step 0.9500
03:24:30     iter   4  obj -312.60019  best 0.45188  step 0.9500
03:24:32     iter   5  obj -396.15201  best 0.45188  step 0.9500
03:24:35     iter   6  obj -377.42310  best 0.45188  step 0.9500
03:24:37     iter   7  obj -399.17276  best 0.45188  step 0.9500
03:24:39     iter   8  obj -387.24597  best 0.45188  step 0.9500
03:24:42     iter   9  obj -409.65375  best 0.45188  step 0.9500
03:24:44     iter  10  obj -419.91336  best 0.45188  step 0.9500
03:24:46     iter  11  obj -384.12567  best 0.45188  step 0.9500
03:24:49     iter  12  obj -401.54907  best 0.45188  step 0.9500
03:24:51     iter  13  obj -397.15775  best 0.45188  step 0.9500
03:24:53     iter  14  obj -378.73819  best 0.45188  step 0.9500
03:24:56     iter  15  obj -400.34460  best 0.45188  step 0.9500
03:24:58     iter  16  obj -379.01419  best 0.45188  step 0.9500
03:25:00     iter  17  obj -390.17142  best 0.45188  step 0.9500
03:25:03     iter  18  obj -401.98709  best 0.45188  step 0.9500
03:25:05     iter  19  obj -399.55786  best 0.45188  step 0.9500
03:25:07     iter  20  obj -409.14694  best 0.45188  step 0.9500
03:25:10     iter  21  obj -391.48627  best 0.45188  step 0.9500
03:25:12     iter  22  obj -404.96768  best 0.45188  step 0.4750  halved
03:25:14     iter  23  obj -276.46277  best 0.45188  step 0.4750
03:25:17     iter  24  obj -411.41785  best 0.45188  step 0.4750
03:25:19     iter  25  obj -298.89185  best 0.45188  step 0.4750
03:25:21     iter  26  obj -370.01996  best 0.45188  step 0.4750
03:25:24     iter  27  obj -306.70972  best 0.45188  step 0.4750
03:25:26     iter  28  obj -362.88968  best 0.45188  step 0.4750
03:25:28     iter  29  obj -275.20282  best 0.45188  step 0.4750
03:25:30     iter  30  obj -363.47025  best 0.45188  step 0.4750
03:25:33     iter  31  obj -293.90247  best 0.45188  step 0.4750
03:25:35     iter  32  obj -355.02759  best 0.45188  step 0.4750
03:25:37     iter  33  obj -283.85461  best 0.45188  step 0.4750
03:25:40     iter  34  obj -365.60544  best 0.45188  step 0.4750
03:25:42     iter  35  obj -289.77002  best 0.45188  step 0.4750
