03:19:27 [x-capgd] datasets/url_unique/splits/selected/natural/context_5000.csv (5000x63) -> datasets/url_unique/splits/test_attack_1000.csv (1000 of 1000)  k=1500 (30.0%)  attack_class=None  grid 1x1  cuda:1
03:19:34   clean  ce=0.09328 auc=0.9935 acc=0.9650 f1=0.9644  max|dp| over 3 repeats=0.00e+00  chunking_exact=True  [6.0s]
03:19:34   constraints=full (14 relations, dataset 'url_unique')  scaler=metadata  mutable 63/63  int 58  cat 0
03:19:34   -- trial run0_sub0
03:19:39     iter   0  obj 0.09328  best 0.09328  step 0.9500
03:19:43     iter   1  obj -0.33862  best 0.09328  step 0.9500
03:19:48     iter   2  obj 0.08293  best 0.09328  step 0.9500
03:19:53     iter   3  obj 0.07559  best 0.09328  step 0.9500
03:19:57     iter   4  obj 0.06837  best 0.09328  step 0.9500
03:19:59     iter   5  obj 0.05161  best 0.09328  step 0.9500
03:20:01     iter   6  obj 0.04840  best 0.09328  step 0.9500
03:20:05     iter   7  obj 0.01801  best 0.09328  step 0.9500
03:20:09     iter   8  obj 0.02943  best 0.09328  step 0.9500
03:20:14     iter   9  obj 0.03110  best 0.09328  step 0.9500
03:20:19     iter  10  obj 0.05591  best 0.09328  step 0.9500
03:20:23     iter  11  obj 0.05518  best 0.09328  step 0.9500
03:20:28     iter  12  obj 0.04849  best 0.09328  step 0.9500
03:20:33     iter  13  obj 0.04378  best 0.09328  step 0.9500
03:20:37     iter  14  obj 0.03685  best 0.09328  step 0.9500
03:20:42     iter  15  obj 0.04429  best 0.09328  step 0.9500
03:20:47     iter  16  obj 0.06935  best 0.09328  step 0.9500
03:20:51     iter  17  obj 0.03426  best 0.09328  step 0.9500
03:20:56     iter  18  obj 0.03421  best 0.09328  step 0.9500
03:21:00     iter  19  obj 0.05541  best 0.09328  step 0.9500
03:21:05     iter  20  obj 0.03890  best 0.09328  step 0.9500
03:21:10     iter  21  obj 0.02645  best 0.09328  step 0.9500
03:21:14     iter  22  obj 0.05847  best 0.09328  step 0.4750  halved
03:21:19     iter  23  obj -0.30579  best 0.09328  step 0.4750
03:21:24     iter  24  obj 0.01904  best 0.09328  step 0.4750
03:21:28     iter  25  obj 0.08235  best 0.09328  step 0.4750
03:21:33     iter  26  obj 0.09143  best 0.09328  step 0.4750
03:21:38     iter  27  obj 0.08273  best 0.09328  step 0.4750
03:21:42     iter  28  obj 0.07394  best 0.09328  step 0.4750
03:21:47     iter  29  obj 0.05931  best 0.09328  step 0.4750
03:21:51     iter  30  obj 0.08758  best 0.09328  step 0.4750
03:21:56     iter  31  obj 0.10125  best 0.10125  step 0.4750  *
03:22:01     iter  32  obj 0.10618  best 0.10618  step 0.4750  *
03:22:05     iter  33  obj 0.12498  best 0.12498  step 0.4750  *
03:22:10     iter  34  obj 0.12159  best 0.12498  step 0.4750
03:22:15     iter  35  obj 0.08633  best 0.12498  step 0.4750
03:22:19     iter  36  obj 0.07517  best 0.12498  step 0.4750
03:22:24     iter  37  obj 0.06905  best 0.12498  step 0.4750
03:22:29     iter  38  obj 0.07463  best 0.12498  step 0.4750
03:22:33     iter  39  obj 0.07837  best 0.12498  step 0.4750
03:22:38     iter  40  obj 0.06777  best 0.12498  step 0.4750
03:22:42     iter  41  obj 0.06606  best 0.12498  step 0.2375  halved
03:22:47     iter  42  obj -0.08662  best 0.12498  step 0.2375
03:22:52     iter  43  obj 0.07251  best 0.12498  step 0.2375
03:22:56     iter  44  obj 0.13782  best 0.13782  step 0.2375  *
03:23:01     iter  45  obj 0.14081  best 0.14081  step 0.2375  *
03:23:06     iter  46  obj 0.14514  best 0.14514  step 0.2375  *
03:23:10     iter  47  obj 0.11487  best 0.14514  step 0.2375
03:23:15     iter  48  obj 0.13457  best 0.14514  step 0.2375
03:23:20     iter  49  obj 0.12704  best 0.14514  step 0.2375
03:23:24     iter  50  obj 0.14771  best 0.14771  step 0.2375  *
03:23:29     iter  51  obj 0.10306  best 0.14771  step 0.2375
03:23:34     iter  52  obj 0.13610  best 0.14771  step 0.2375
03:23:38     iter  53  obj 0.12587  best 0.14771  step 0.2375
03:23:43     iter  54  obj 0.12208  best 0.14771  step 0.2375
03:23:47     iter  55  obj 0.16692  best 0.16692  step 0.2375  *
03:23:52     iter  56  obj 0.14494  best 0.16692  step 0.2375
03:23:57     iter  57  obj 0.13948  best 0.16692  step 0.1188  halved
03:24:01     iter  58  obj 0.18242  best 0.18242  step 0.1188  *
03:24:06     iter  59  obj 0.16417  best 0.18242  step 0.1188
03:24:10     iter  60  obj 0.16861  best 0.18242  step 0.1188
03:24:12     iter  61  obj 0.20205  best 0.20205  step 0.1188  *
03:24:14     iter  62  obj 0.20410  best 0.20410  step 0.1188  *
03:24:18     iter  63  obj 0.17543  best 0.20410  step 0.1188
03:24:23     iter  64  obj 0.18854  best 0.20410  step 0.1188
03:24:27     iter  65  obj 0.19785  best 0.20410  step 0.1188
03:24:32     iter  66  obj 0.19882  best 0.20410  step 0.1188
03:24:37     iter  67  obj 0.20685  best 0.20685  step 0.1188  *
03:24:42     iter  68  obj 0.19374  best 0.20685  step 0.1188
03:24:46     iter  69  obj 0.19061  best 0.20685  step 0.1188
03:24:51     iter  70  obj 0.19582  best 0.20685  step 0.0594  halved
03:24:56     iter  71  obj 0.17878  best 0.20685  step 0.0594
03:25:01     iter  72  obj 0.20873  best 0.20873  step 0.0594  *
03:25:06     iter  73  obj 0.24206  best 0.24206  step 0.0594  *
03:25:10     iter  74  obj 0.28459  best 0.28459  step 0.0594  *
03:25:15     iter  75  obj 0.21579  best 0.28459  step 0.0594
03:25:20     iter  76  obj 0.26463  best 0.28459  step 0.0594
03:25:25     iter  77  obj 0.26503  best 0.28459  step 0.0594
03:25:29     iter  78  obj 0.28751  best 0.28751  step 0.0594  *
03:25:34     iter  79  obj 0.29089  best 0.29089  step 0.0594  *
03:25:39     iter  80  obj 0.25866  best 0.29089  step 0.0297  halved
