06:39:49 [x-capgd] datasets/url_unique/splits/selected/natural/context_5000.csv (5000x63) -> datasets/url_unique/splits/test_attack_1000.csv (1000 of 1000)  k=1500 (30.0%)  attack_class=None  grid 1x1  cuda:1
06:39:53   clean  ce=0.09328 auc=0.9935 acc=0.9650 f1=0.9644  max|dp| over 3 repeats=0.00e+00  chunking_exact=True  [3.3s]
06:39:53   constraints=full (14 relations, dataset 'url_unique')  scaler=metadata  mutable 63/63  int 58  cat 0
06:39:53   -- trial run0_sub0
06:39:56     iter   0  obj 0.09328  best 0.09328  step 0.9500
06:39:58     iter   1  obj 0.09903  best 0.09903  step 0.9500  *
06:40:00     iter   2  obj 0.11802  best 0.11802  step 0.9500  *
06:40:02     iter   3  obj 0.12168  best 0.12168  step 0.9500  *
06:40:04     iter   4  obj 0.11540  best 0.12168  step 0.9500
06:40:07     iter   5  obj 0.11446  best 0.12168  step 0.9500
06:40:09     iter   6  obj 0.11236  best 0.12168  step 0.9500
06:40:11     iter   7  obj 0.11599  best 0.12168  step 0.9500
06:40:13     iter   8  obj 0.12589  best 0.12589  step 0.9500  *
06:40:15     iter   9  obj 0.13395  best 0.13395  step 0.9500  *
06:40:17     iter  10  obj 0.12863  best 0.13395  step 0.9500
06:40:20     iter  11  obj 0.12274  best 0.13395  step 0.9500
06:40:22     iter  12  obj 0.11858  best 0.13395  step 0.9500
06:40:24     iter  13  obj 0.12182  best 0.13395  step 0.9500
06:40:26     iter  14  obj 0.11835  best 0.13395  step 0.9500
06:40:28     iter  15  obj 0.12795  best 0.13395  step 0.9500
06:40:31     iter  16  obj 0.11827  best 0.13395  step 0.9500
06:40:33     iter  17  obj 0.11468  best 0.13395  step 0.9500
06:40:35     iter  18  obj 0.11934  best 0.13395  step 0.9500
06:40:37     iter  19  obj 0.12588  best 0.13395  step 0.9500
06:40:39     iter  20  obj 0.12781  best 0.13395  step 0.9500
06:40:42     iter  21  obj 0.13171  best 0.13395  step 0.9500
06:40:44     iter  22  obj 0.10963  best 0.13395  step 0.4750  halved
06:40:46     iter  23  obj 0.13560  best 0.13560  step 0.4750  *
06:40:48     iter  24  obj 0.15318  best 0.15318  step 0.4750  *
06:40:50     iter  25  obj 0.11809  best 0.15318  step 0.4750
06:40:53     iter  26  obj 0.14160  best 0.15318  step 0.4750
06:40:55     iter  27  obj 0.14558  best 0.15318  step 0.4750
06:40:57     iter  28  obj 0.15319  best 0.15319  step 0.4750  *
06:40:59     iter  29  obj 0.14961  best 0.15319  step 0.4750
06:41:01     iter  30  obj 0.14687  best 0.15319  step 0.4750
06:41:03     iter  31  obj 0.14059  best 0.15319  step 0.4750
06:41:06     iter  32  obj 0.12501  best 0.15319  step 0.4750
06:41:08     iter  33  obj 0.14165  best 0.15319  step 0.4750
06:41:10     iter  34  obj 0.15034  best 0.15319  step 0.4750
06:41:12     iter  35  obj 0.13544  best 0.15319  step 0.4750
06:41:14     iter  36  obj 0.14389  best 0.15319  step 0.4750
06:41:17     iter  37  obj 0.14084  best 0.15319  step 0.4750
06:41:19     iter  38  obj 0.15909  best 0.15909  step 0.4750  *
06:41:21     iter  39  obj 0.14303  best 0.15909  step 0.4750
06:41:23     iter  40  obj 0.14568  best 0.15909  step 0.4750
06:41:25     iter  41  obj 0.14227  best 0.15909  step 0.2375  halved
06:41:28     iter  42  obj 0.12908  best 0.15909  step 0.2375
06:41:30     iter  43  obj 0.17916  best 0.17916  step 0.2375  *
06:41:32     iter  44  obj 0.17569  best 0.17916  step 0.2375
06:41:34     iter  45  obj 0.17629  best 0.17916  step 0.2375
06:41:36     iter  46  obj 0.17320  best 0.17916  step 0.2375
06:41:39     iter  47  obj 0.18761  best 0.18761  step 0.2375  *
06:41:41     iter  48  obj 0.15840  best 0.18761  step 0.2375
06:41:43     iter  49  obj 0.14792  best 0.18761  step 0.2375
06:41:45     iter  50  obj 0.17712  best 0.18761  step 0.2375
06:41:47     iter  51  obj 0.17346  best 0.18761  step 0.2375
06:41:50     iter  52  obj 0.18395  best 0.18761  step 0.2375
06:41:52     iter  53  obj 0.20847  best 0.20847  step 0.2375  *
06:41:54     iter  54  obj 0.19919  best 0.20847  step 0.2375
06:41:56     iter  55  obj 0.19908  best 0.20847  step 0.2375
06:41:58     iter  56  obj 0.19812  best 0.20847  step 0.2375
06:42:01     iter  57  obj 0.19509  best 0.20847  step 0.1188  halved
06:42:03     iter  58  obj 0.17528  best 0.20847  step 0.1188
06:42:05     iter  59  obj 0.20815  best 0.20847  step 0.1188
06:42:07     iter  60  obj 0.24691  best 0.24691  step 0.1188  *
06:42:09     iter  61  obj 0.25638  best 0.25638  step 0.1188  *
06:42:11     iter  62  obj 0.23805  best 0.25638  step 0.1188
06:42:14     iter  63  obj 0.24748  best 0.25638  step 0.1188
06:42:16     iter  64  obj 0.24391  best 0.25638  step 0.1188
06:42:18     iter  65  obj 0.22716  best 0.25638  step 0.1188
06:42:20     iter  66  obj 0.24990  best 0.25638  step 0.1188
06:42:22     iter  67  obj 0.24974  best 0.25638  step 0.1188
06:42:25     iter  68  obj 0.27734  best 0.27734  step 0.1188  *
06:42:27     iter  69  obj 0.26344  best 0.27734  step 0.1188
06:42:29     iter  70  obj 0.26278  best 0.27734  step 0.0594  halved
06:42:31     iter  71  obj 0.37890  best 0.37890  step 0.0594  *
06:42:33     iter  72  obj 0.37962  best 0.37962  step 0.0594  *
06:42:36     iter  73  obj 0.39221  best 0.39221  step 0.0594  *
06:42:38     iter  74  obj 0.44097  best 0.44097  step 0.0594  *
06:42:40     iter  75  obj 0.49406  best 0.49406  step 0.0594  *
06:42:42     iter  76  obj 0.58981  best 0.58981  step 0.0594  *
06:42:44     iter  77  obj 0.63362  best 0.63362  step 0.0594  *
06:42:47     iter  78  obj 0.50681  best 0.63362  step 0.0594
06:42:49     iter  79  obj 0.65665  best 0.65665  step 0.0594  *
06:42:51     iter  80  obj 0.83471  best 0.83471  step 0.0594  *
06:42:53     iter  81  obj 0.67069  best 0.83471  step 0.0594
06:42:55     iter  82  obj 0.97041  best 0.97041  step 0.0594  *
06:42:58     iter  83  obj 0.85885  best 0.97041  step 0.0594
06:43:00     iter  84  obj 0.70244  best 0.97041  step 0.0594
06:43:02     iter  85  obj 0.95735  best 0.97041  step 0.0594
06:43:04     iter  86  obj 1.28183  best 1.28183  step 0.0594  *
06:43:06     iter  87  obj 1.70374  best 1.70374  step 0.0297  *  halved
06:43:09     iter  88  obj 1.98044  best 1.98044  step 0.0297  *
06:43:11     iter  89  obj 2.20977  best 2.20977  step 0.0297  *
06:43:13     iter  90  obj 2.20216  best 2.20977  step 0.0297
06:43:15     iter  91  obj 2.39802  best 2.39802  step 0.0297  *
06:43:17     iter  92  obj 2.54974  best 2.54974  step 0.0297  *
06:43:20     iter  93  obj 2.66599  best 2.66599  step 0.0297  *
06:43:22     iter  94  obj 2.38969  best 2.66599  step 0.0297
06:43:24     iter  95  obj 2.48473  best 2.66599  step 0.0297
06:43:26     iter  96  obj 3.30125  best 3.30125  step 0.0297  *
06:43:28     iter  97  obj 2.97715  best 3.30125  step 0.0297
06:43:30     iter  98  obj 3.48669  best 3.48669  step 0.0297  *
06:43:33     iter  99  obj 3.38835  best 3.48669  step 0.0148  halved
06:43:35     iter 100  obj 3.94168  best 3.94168  step 0.0148  *
06:43:36      poisoned ce=0.16274 auc=0.9834 acc=0.9470 f1=0.9454  dce=+0.06946 dacc=-0.0180  k=1500  [222.2s]
06:43:36   mean over 1 trials: dce=+0.06946 dacc=-0.0180 dauc=-0.0102  -> results/lambda_url_be/url_unique_lam0.001_rs2
