03:32:36 [label-flip-ga] datasets/url_unique/splits/selected/natural/context_1000.csv (1000x63) -> datasets/url_unique/splits/test_attack_1000.csv (1000 of 1000)  k=300 (30.0%)  attack_class=None  grid 2x2  cuda:3
03:32:39   clean  ce=0.10358 auc=0.9928 acc=0.9620 f1=0.9613  max|dp| over 3 repeats=0.00e+00  chunking_exact=True  [1.5s]
03:32:39   GA: GAConfig(population=32, generations=20, elite=2, tournament=3, crossover_prob=0.9, mutation_rate=0.01, init_density_min=0.05, init_density_max=1.0, seed_full_parent=True, patience=8, batch_size=16, fitness_test_rows=None)
03:32:39   -- trial run0_sub0
03:32:45     gen   0  best 0.43332  mean 0.28574  best_so_far 0.43332  flips 300  evals 32
03:32:51     gen   1  best 0.43332  mean 0.38580  best_so_far 0.43332  flips 300  evals 61
03:32:57     gen   2  best 0.43332  mean 0.41340  best_so_far 0.43332  flips 300  evals 91
03:33:02     gen   3  best 0.43332  mean 0.42027  best_so_far 0.43332  flips 300  evals 121
03:33:08     gen   4  best 0.43383  mean 0.42401  best_so_far 0.43383  flips 292  evals 151
03:33:14     gen   5  best 0.43383  mean 0.42598  best_so_far 0.43383  flips 292  evals 181
03:33:20     gen   6  best 0.43473  mean 0.42591  best_so_far 0.43473  flips 296  evals 211
03:33:26     gen   7  best 0.43473  mean 0.42508  best_so_far 0.43473  flips 296  evals 241
03:33:31     gen   8  best 0.43473  mean 0.42557  best_so_far 0.43473  flips 296  evals 271
03:33:37     gen   9  best 0.43546  mean 0.42785  best_so_far 0.43546  flips 290  evals 300
03:33:43     gen  10  best 0.43546  mean 0.42772  best_so_far 0.43546  flips 290  evals 330
03:33:49     gen  11  best 0.43546  mean 0.42641  best_so_far 0.43546  flips 290  evals 360
03:33:54     gen  12  best 0.43546  mean 0.42611  best_so_far 0.43546  flips 290  evals 390
03:34:00     gen  13  best 0.43840  mean 0.42670  best_so_far 0.43840  flips 291  evals 420
03:34:06     gen  14  best 0.43840  mean 0.42739  best_so_far 0.43840  flips 291  evals 449
03:34:11     gen  15  best 0.43840  mean 0.42802  best_so_far 0.43840  flips 291  evals 478
03:34:17     gen  16  best 0.43840  mean 0.42961  best_so_far 0.43840  flips 291  evals 507
03:34:23     gen  17  best 0.43840  mean 0.42901  best_so_far 0.43840  flips 291  evals 537
03:34:28     gen  18  best 0.43924  mean 0.43076  best_so_far 0.43924  flips 283  evals 566
03:34:34     gen  19  best 0.44031  mean 0.43164  best_so_far 0.44031  flips 287  evals 596
03:34:40     gen  20  best 0.44031  mean 0.43177  best_so_far 0.44031  flips 287  evals 625
03:34:40      GA: 287/300 parent rows flipped, 625 evals, 20 generations; flip-whole-parent baseline dce=+0.33026 dacc=-0.0690
03:34:40      poisoned ce=0.44092 auc=0.9554 acc=0.8860 f1=0.8792  dce=+0.33734 dacc=-0.0760  k=287  [121.6s]
03:34:40   -- trial run0_sub1
03:34:41     note: batched-fitness vs evaluate_context CE offset 5.78e-03 (ranking-only; final metrics use evaluate_context)
03:34:47     gen   0  best 0.44938  mean 0.29536  best_so_far 0.44938  flips 300  evals 32
03:34:52     gen   1  best 0.44938  mean 0.39703  best_so_far 0.44938  flips 300  evals 61
03:34:58     gen   2  best 0.44938  mean 0.42694  best_so_far 0.44938  flips 300  evals 91
03:35:04     gen   3  best 0.44938  mean 0.43501  best_so_far 0.44938  flips 300  evals 121
03:35:10     gen   4  best 0.44938  mean 0.43889  best_so_far 0.44938  flips 300  evals 151
03:35:16     gen   5  best 0.44962  mean 0.44044  best_so_far 0.44962  flips 299  evals 181
03:35:21     gen   6  best 0.44962  mean 0.43989  best_so_far 0.44962  flips 299  evals 211
03:35:27     gen   7  best 0.44962  mean 0.43979  best_so_far 0.44962  flips 299  evals 241
03:35:33     gen   8  best 0.44962  mean 0.43978  best_so_far 0.44962  flips 299  evals 271
03:35:39     gen   9  best 0.44962  mean 0.43973  best_so_far 0.44962  flips 299  evals 300
03:35:44     gen  10  best 0.44962  mean 0.43947  best_so_far 0.44962  flips 299  evals 330
03:35:50     gen  11  best 0.44962  mean 0.43892  best_so_far 0.44962  flips 299  evals 360
03:35:56     gen  12  best 0.44962  mean 0.43912  best_so_far 0.44962  flips 299  evals 390
03:36:02     gen  13  best 0.44962  mean 0.43932  best_so_far 0.44962  flips 299  evals 420
03:36:02      GA: 299/300 parent rows flipped, 420 evals, 13 generations; flip-whole-parent baseline dce=+0.34001 dacc=-0.0420
03:36:02      poisoned ce=0.44261 auc=0.9681 acc=0.9120 f1=0.9078  dce=+0.33902 dacc=-0.0500  k=299  [82.1s]
03:36:02   -- trial run1_sub0
03:36:09     gen   0  best 0.43332  mean 0.26033  best_so_far 0.43332  flips 300  evals 32
03:36:14     gen   1  best 0.43332  mean 0.32330  best_so_far 0.43332  flips 300  evals 61
03:36:20     gen   2  best 0.43332  mean 0.36968  best_so_far 0.43332  flips 300  evals 91
03:36:26     gen   3  best 0.43332  mean 0.39759  best_so_far 0.43332  flips 300  evals 121
03:36:32     gen   4  best 0.43332  mean 0.41174  best_so_far 0.43332  flips 300  evals 151
03:36:38     gen   5  best 0.43332  mean 0.42073  best_so_far 0.43332  flips 300  evals 180
03:36:43     gen   6  best 0.43332  mean 0.42353  best_so_far 0.43332  flips 300  evals 209
03:36:49     gen   7  best 0.43332  mean 0.42500  best_so_far 0.43332  flips 300  evals 237
03:36:54     gen   8  best 0.43406  mean 0.42628  best_so_far 0.43406  flips 294  evals 266
03:37:00     gen   9  best 0.43406  mean 0.42726  best_so_far 0.43406  flips 294  evals 296
03:37:06     gen  10  best 0.43561  mean 0.42845  best_so_far 0.43561  flips 297  evals 326
03:37:12     gen  11  best 0.43561  mean 0.42678  best_so_far 0.43561  flips 297  evals 356
03:37:17     gen  12  best 0.43561  mean 0.42777  best_so_far 0.43561  flips 297  evals 386
03:37:23     gen  13  best 0.43780  mean 0.42744  best_so_far 0.43780  flips 293  evals 416
03:37:29     gen  14  best 0.43780  mean 0.42943  best_so_far 0.43780  flips 293  evals 446
03:37:35     gen  15  best 0.43780  mean 0.43012  best_so_far 0.43780  flips 293  evals 476
03:37:41     gen  16  best 0.43780  mean 0.42944  best_so_far 0.43780  flips 293  evals 506
03:37:46     gen  17  best 0.43780  mean 0.42966  best_so_far 0.43780  flips 293  evals 536
03:37:52     gen  18  best 0.43780  mean 0.42871  best_so_far 0.43780  flips 293  evals 566
03:37:58     gen  19  best 0.43780  mean 0.42803  best_so_far 0.43780  flips 293  evals 596
03:38:04     gen  20  best 0.43780  mean 0.42870  best_so_far 0.43780  flips 293  evals 626
03:38:04      GA: 293/300 parent rows flipped, 626 evals, 20 generations; flip-whole-parent baseline dce=+0.33026 dacc=-0.0690
03:38:04      poisoned ce=0.43602 auc=0.9576 acc=0.8920 f1=0.8873  dce=+0.33244 dacc=-0.0700  k=293  [122.1s]
03:38:04   -- trial run1_sub1
03:38:05     note: batched-fitness vs evaluate_context CE offset 5.78e-03 (ranking-only; final metrics use evaluate_context)
03:38:11     gen   0  best 0.44938  mean 0.26527  best_so_far 0.44938  flips 300  evals 32
03:38:17     gen   1  best 0.44987  mean 0.32936  best_so_far 0.44987  flips 298  evals 61
03:38:22     gen   2  best 0.44987  mean 0.37946  best_so_far 0.44987  flips 298  evals 91
03:38:28     gen   3  best 0.44987  mean 0.41021  best_so_far 0.44987  flips 298  evals 121
03:38:34     gen   4  best 0.44987  mean 0.42643  best_so_far 0.44987  flips 298  evals 151
03:38:40     gen   5  best 0.44987  mean 0.43640  best_so_far 0.44987  flips 298  evals 181
03:38:45     gen   6  best 0.44987  mean 0.43993  best_so_far 0.44987  flips 298  evals 210
03:38:51     gen   7  best 0.44987  mean 0.44175  best_so_far 0.44987  flips 298  evals 239
03:38:57     gen   8  best 0.44987  mean 0.44162  best_so_far 0.44987  flips 298  evals 268
03:39:02     gen   9  best 0.44987  mean 0.44200  best_so_far 0.44987  flips 298  evals 298
03:39:03      GA: 298/300 parent rows flipped, 298 evals, 9 generations; flip-whole-parent baseline dce=+0.34001 dacc=-0.0420
03:39:03      poisoned ce=0.44401 auc=0.9701 acc=0.9160 f1=0.9127  dce=+0.34043 dacc=-0.0460  k=298  [58.5s]
03:39:03   mean over 4 trials: dce=+0.33731 dacc=-0.0605 dauc=-0.0300  -> results/ga_smoke/url_unique_ga

