03:39:07 [label-flip-ga] datasets/url_unique/splits/selected/natural/context_1000.csv (1000x63) -> datasets/url_unique/splits/test_attack_1000.csv (1000 of 1000)  k=300 (30.0%)  attack_class=None  grid 2x2  cuda:3
03:39:09   clean  ce=0.10358 auc=0.9928 acc=0.9620 f1=0.9613  max|dp| over 3 repeats=0.00e+00  chunking_exact=True  [1.4s]
03:39:09   GA: GAConfig(population=672, generations=0, elite=2, tournament=3, crossover_prob=0.9, mutation_rate=0.01, init_density_min=0.05, init_density_max=1.0, seed_full_parent=True, patience=8, batch_size=16, fitness_test_rows=None)
03:39:09   -- trial run0_sub0
03:41:19     gen   0  best 0.43332  mean 0.26436  best_so_far 0.43332  flips 300  evals 671
03:41:20      GA: 300/300 parent rows flipped, 671 evals, 0 generations; flip-whole-parent baseline dce=+0.33026 dacc=-0.0690
03:41:20      poisoned ce=0.43384 auc=0.9584 acc=0.8930 f1=0.8882  dce=+0.33026 dacc=-0.0690  k=300  [130.5s]
03:41:20   -- trial run0_sub1
03:41:20     note: batched-fitness vs evaluate_context CE offset 5.78e-03 (ranking-only; final metrics use evaluate_context)
03:43:30     gen   0  best 0.44938  mean 0.26928  best_so_far 0.44938  flips 300  evals 671
03:43:30      GA: 300/300 parent rows flipped, 671 evals, 0 generations; flip-whole-parent baseline dce=+0.34001 dacc=-0.0420
03:43:30      poisoned ce=0.44360 auc=0.9706 acc=0.9200 f1=0.9168  dce=+0.34001 dacc=-0.0420  k=300  [130.5s]
03:43:30   -- trial run1_sub0
03:45:34     gen   0  best 0.43389  mean 0.26927  best_so_far 0.43389  flips 298  evals 668
03:45:34      GA: 298/300 parent rows flipped, 668 evals, 0 generations; flip-whole-parent baseline dce=+0.33026 dacc=-0.0690
03:45:34      poisoned ce=0.43089 auc=0.9567 acc=0.8920 f1=0.8873  dce=+0.32731 dacc=-0.0700  k=298  [124.0s]
03:45:34   -- trial run1_sub1
03:45:34     note: batched-fitness vs evaluate_context CE offset 5.78e-03 (ranking-only; final metrics use evaluate_context)
03:47:44     gen   0  best 0.44970  mean 0.27515  best_so_far 0.44970  flips 299  evals 668
03:47:44      GA: 299/300 parent rows flipped, 668 evals, 0 generations; flip-whole-parent baseline dce=+0.34001 dacc=-0.0420
03:47:44      poisoned ce=0.44406 auc=0.9717 acc=0.9170 f1=0.9136  dce=+0.34048 dacc=-0.0450  k=299  [130.1s]
03:47:44   mean over 4 trials: dce=+0.33452 dacc=-0.0565 dauc=-0.0284  -> results/ga_smoke/url_unique_random

