15:03:25 [x-capgd] datasets/lcld_v2/splits/selected/natural/context_5000.csv (5000x28) -> datasets/lcld_v2/splits/test_attack_1000.csv (1000 of 1000)  k=1500 (30.0%)  attack_class=None  grid 1x1  cuda:1
15:03:28   clean  ce=0.45462 auc=0.7155 acc=0.8060 f1=0.1339  max|dp| over 3 repeats=0.00e+00  chunking_exact=True  [1.8s]
15:03:28   constraints=full (9 relations, dataset 'lcld_v2')  scaler=metadata  mutable 14/28  int 10  cat 5
15:03:28   -- trial run0_sub0
15:03:30     iter   0  obj 0.45188  best 0.45188  step 0.9500
15:03:31     iter   1  obj 0.39516  best 0.45188  step 0.9500
15:03:32     iter   2  obj 0.34316  best 0.45188  step 0.9500
15:03:33     iter   3  obj 0.03811  best 0.45188  step 0.9500
15:03:34     iter   4  obj -0.34973  best 0.45188  step 0.9500
15:03:35     iter   5  obj -0.48440  best 0.45188  step 0.9500
15:03:36     iter   6  obj -0.14359  best 0.45188  step 0.9500
15:03:37     iter   7  obj -0.12598  best 0.45188  step 0.9500
15:03:39     iter   8  obj -0.07013  best 0.45188  step 0.9500
15:03:40     iter   9  obj -0.21755  best 0.45188  step 0.9500
15:03:41     iter  10  obj 0.07850  best 0.45188  step 0.9500
15:03:42     iter  11  obj 0.04185  best 0.45188  step 0.9500
15:03:43     iter  12  obj 0.04432  best 0.45188  step 0.9500
15:03:44     iter  13  obj -0.20795  best 0.45188  step 0.9500
15:03:45     iter  14  obj -0.17100  best 0.45188  step 0.9500
15:03:46     iter  15  obj -0.12052  best 0.45188  step 0.9500
15:03:47     iter  16  obj -0.10367  best 0.45188  step 0.9500
15:03:48     iter  17  obj -0.00562  best 0.45188  step 0.9500
15:03:49     iter  18  obj -0.03133  best 0.45188  step 0.9500
15:03:50     iter  19  obj -0.36116  best 0.45188  step 0.9500
15:03:52     iter  20  obj -0.31187  best 0.45188  step 0.9500
15:03:53     iter  21  obj -0.36307  best 0.45188  step 0.9500
15:03:54     iter  22  obj -0.70330  best 0.45188  step 0.9500
15:03:55     iter  23  obj -0.12596  best 0.45188  step 0.9500
15:03:56     iter  24  obj 0.01357  best 0.45188  step 0.9500
15:03:57     iter  25  obj -0.60339  best 0.45188  step 0.9500
15:03:58     iter  26  obj -0.10124  best 0.45188  step 0.9500
15:03:59     iter  27  obj -0.02175  best 0.45188  step 0.9500
15:04:00     iter  28  obj -0.04857  best 0.45188  step 0.9500
15:04:02     iter  29  obj -0.29493  best 0.45188  step 0.9500
15:04:03     iter  30  obj -0.06683  best 0.45188  step 0.9500
15:04:04     iter  31  obj -0.18865  best 0.45188  step 0.9500
15:04:05     iter  32  obj -0.10388  best 0.45188  step 0.9500
15:04:06     iter  33  obj -0.14295  best 0.45188  step 0.4750  halved
15:04:07     iter  34  obj 0.23717  best 0.45188  step 0.4750
15:04:08     iter  35  obj 0.33196  best 0.45188  step 0.4750
15:04:09     iter  36  obj 0.27690  best 0.45188  step 0.4750
15:04:10     iter  37  obj 0.11696  best 0.45188  step 0.4750
15:04:11     iter  38  obj 0.17168  best 0.45188  step 0.4750
15:04:12     iter  39  obj 0.05353  best 0.45188  step 0.4750
15:04:14     iter  40  obj 0.12853  best 0.45188  step 0.4750
15:04:15     iter  41  obj -0.05543  best 0.45188  step 0.4750
15:04:16     iter  42  obj -0.06515  best 0.45188  step 0.4750
15:04:17     iter  43  obj -0.29735  best 0.45188  step 0.4750
15:04:18     iter  44  obj -0.27240  best 0.45188  step 0.4750
15:04:19     iter  45  obj -0.00252  best 0.45188  step 0.4750
15:04:20     iter  46  obj -0.07733  best 0.45188  step 0.4750
15:04:21     iter  47  obj 0.03726  best 0.45188  step 0.4750
15:04:22     iter  48  obj -0.44909  best 0.45188  step 0.4750
15:04:24     iter  49  obj 0.13953  best 0.45188  step 0.4750
15:04:25     iter  50  obj 0.22050  best 0.45188  step 0.4750
15:04:26     iter  51  obj -0.16832  best 0.45188  step 0.4750
15:04:27     iter  52  obj -0.18207  best 0.45188  step 0.4750
15:04:28     iter  53  obj -0.11125  best 0.45188  step 0.4750
15:04:29     iter  54  obj 0.06731  best 0.45188  step 0.4750
15:04:30     iter  55  obj -0.00199  best 0.45188  step 0.4750
15:04:31     iter  56  obj -0.00785  best 0.45188  step 0.4750
15:04:32     iter  57  obj -0.04424  best 0.45188  step 0.4750
15:04:33     iter  58  obj -0.09354  best 0.45188  step 0.4750
15:04:34     iter  59  obj -0.88805  best 0.45188  step 0.4750
15:04:35     iter  60  obj -0.12748  best 0.45188  step 0.4750
15:04:37     iter  61  obj -0.17177  best 0.45188  step 0.4750
15:04:38     iter  62  obj -0.10510  best 0.45188  step 0.2375  halved
15:04:39     iter  63  obj 0.31826  best 0.45188  step 0.2375
15:04:40     iter  64  obj 0.39122  best 0.45188  step 0.2375
15:04:41     iter  65  obj 0.41179  best 0.45188  step 0.2375
15:04:42     iter  66  obj 0.34672  best 0.45188  step 0.2375
15:04:43     iter  67  obj 0.23150  best 0.45188  step 0.2375
15:04:44     iter  68  obj 0.38211  best 0.45188  step 0.2375
15:04:46     iter  69  obj 0.27301  best 0.45188  step 0.2375
15:04:47     iter  70  obj 0.33051  best 0.45188  step 0.2375
15:04:48     iter  71  obj 0.24103  best 0.45188  step 0.2375
15:04:49     iter  72  obj 0.26660  best 0.45188  step 0.2375
15:04:50     iter  73  obj 0.02760  best 0.45188  step 0.2375
15:04:51     iter  74  obj 0.22083  best 0.45188  step 0.2375
15:04:52     iter  75  obj 0.25884  best 0.45188  step 0.2375
15:04:53     iter  76  obj 0.18268  best 0.45188  step 0.2375
15:04:54     iter  77  obj 0.27779  best 0.45188  step 0.2375
15:04:56     iter  78  obj 0.34143  best 0.45188  step 0.2375
15:04:57     iter  79  obj 0.41221  best 0.45188  step 0.2375
15:04:58     iter  80  obj 0.38948  best 0.45188  step 0.2375
15:04:59     iter  81  obj 0.34703  best 0.45188  step 0.2375
15:05:00     iter  82  obj 0.29003  best 0.45188  step 0.2375
15:05:01     iter  83  obj 0.25721  best 0.45188  step 0.2375
15:05:02     iter  84  obj 0.20625  best 0.45188  step 0.2375
15:05:03     iter  85  obj -0.24485  best 0.45188  step 0.2375
15:05:04     iter  86  obj 0.14214  best 0.45188  step 0.2375
15:05:06     iter  87  obj 0.11172  best 0.45188  step 0.1187  halved
15:05:07     iter  88  obj 0.32328  best 0.45188  step 0.1187
15:05:08     iter  89  obj 0.44996  best 0.45188  step 0.1187
15:05:09     iter  90  obj 0.45047  best 0.45188  step 0.1187
15:05:10     iter  91  obj 0.43585  best 0.45188  step 0.1187
15:05:11     iter  92  obj 0.43728  best 0.45188  step 0.1187
15:05:12     iter  93  obj 0.42742  best 0.45188  step 0.1187
15:05:13     iter  94  obj 0.36757  best 0.45188  step 0.1187
15:05:14     iter  95  obj 0.29735  best 0.45188  step 0.1187
15:05:15     iter  96  obj 0.39995  best 0.45188  step 0.1187
15:05:16     iter  97  obj 0.37996  best 0.45188  step 0.1187
15:05:18     iter  98  obj 0.46269  best 0.46269  step 0.1187  *
15:05:19     iter  99  obj 0.40527  best 0.46269  step 0.1187
15:05:20     iter 100  obj 0.44492  best 0.46269  step 0.1187
15:05:21     iter 101  obj 0.38027  best 0.46269  step 0.1187
15:05:22     iter 102  obj 0.44495  best 0.46269  step 0.1187
15:05:23     iter 103  obj 0.43762  best 0.46269  step 0.1187
15:05:24     iter 104  obj 0.40703  best 0.46269  step 0.1187
15:05:25     iter 105  obj 0.43756  best 0.46269  step 0.1187
15:05:26     iter 106  obj 0.42633  best 0.46269  step 0.1187
15:05:27     iter 107  obj 0.45899  best 0.46269  step 0.1187
15:05:28     iter 108  obj 0.41644  best 0.46269  step 0.0594  halved
15:05:29     iter 109  obj 0.40731  best 0.46269  step 0.0594
15:05:31     iter 110  obj 0.46556  best 0.46556  step 0.0594  *
15:05:32     iter 111  obj 0.45669  best 0.46556  step 0.0594
15:05:34     iter 112  obj 0.45775  best 0.46556  step 0.0594
15:05:35     iter 113  obj 0.47062  best 0.47062  step 0.0594  *
15:05:37     iter 114  obj 0.48603  best 0.48603  step 0.0594  *
15:05:38     iter 115  obj 0.46090  best 0.48603  step 0.0594
15:05:40     iter 116  obj 0.45789  best 0.48603  step 0.0594
15:05:41     iter 117  obj 0.48066  best 0.48603  step 0.0594
15:05:43     iter 118  obj 0.47684  best 0.48603  step 0.0594
15:05:44     iter 119  obj 0.49875  best 0.49875  step 0.0594  *
15:05:46     iter 120  obj 0.42019  best 0.49875  step 0.0594
15:05:47     iter 121  obj 0.47097  best 0.49875  step 0.0594
15:05:49     iter 122  obj 0.49515  best 0.49875  step 0.0594
15:05:50     iter 123  obj 0.47568  best 0.49875  step 0.0594
15:05:52     iter 124  obj 0.50182  best 0.50182  step 0.0594  *
15:05:53     iter 125  obj 0.44810  best 0.50182  step 0.0297  halved
15:05:55     iter 126  obj 0.49163  best 0.50182  step 0.0297
15:05:56     iter 127  obj 0.47715  best 0.50182  step 0.0297
15:05:58     iter 128  obj 0.51819  best 0.51819  step 0.0297  *
15:05:59     iter 129  obj 0.52496  best 0.52496  step 0.0297  *
15:06:00     iter 130  obj 0.51488  best 0.52496  step 0.0297
15:06:01     iter 131  obj 0.54089  best 0.54089  step 0.0297  *
15:06:02     iter 132  obj 0.56425  best 0.56425  step 0.0297  *
15:06:03     iter 133  obj 0.57087  best 0.57087  step 0.0297  *
15:06:04     iter 134  obj 0.49500  best 0.57087  step 0.0297
15:06:05     iter 135  obj 0.58020  best 0.58020  step 0.0297  *
15:06:06     iter 136  obj 0.63391  best 0.63391  step 0.0297  *
15:06:07     iter 137  obj 0.48742  best 0.63391  step 0.0297
15:06:08     iter 138  obj 0.62218  best 0.63391  step 0.0148  halved
15:06:09     iter 139  obj 0.52071  best 0.63391  step 0.0148
15:06:11     iter 140  obj 0.71208  best 0.71208  step 0.0148  *
15:06:12     iter 141  obj 0.69412  best 0.71208  step 0.0148
15:06:13     iter 142  obj 0.90849  best 0.90849  step 0.0148  *
15:06:14     iter 143  obj 0.95100  best 0.95100  step 0.0148  *
15:06:15     iter 144  obj 0.67658  best 0.95100  step 0.0148
15:06:16     iter 145  obj 0.71470  best 0.95100  step 0.0148
15:06:17     iter 146  obj 0.75721  best 0.95100  step 0.0148
15:06:18     iter 147  obj 0.96903  best 0.96903  step 0.0074  *  halved
15:06:19     iter 148  obj 1.08190  best 1.08190  step 0.0074  *
15:06:21     iter 149  obj 1.11617  best 1.11617  step 0.0074  *
15:06:22     iter 150  obj 0.76902  best 1.11617  step 0.0074
15:06:22      poisoned ce=0.96891 auc=0.4945 acc=0.7840 f1=0.0769  dce=+0.51428 dacc=-0.0220  k=1500  [173.8s]
15:06:22   mean over 1 trials: dce=+0.51428 dacc=-0.0220 dauc=-0.2209  -> results/niter_sweep_final/lcld_v2_rs1_it150
