03:32:40 [x-capgd] datasets/lcld_v2/splits/selected/natural/context_5000.csv (5000x28) -> datasets/lcld_v2/splits/test_attack_1000.csv (1000 of 1000)  k=1500 (30.0%)  attack_class=None  grid 1x1  cuda:1
03:32:45   clean  ce=0.45462 auc=0.7155 acc=0.8060 f1=0.1339  max|dp| over 3 repeats=0.00e+00  chunking_exact=True  [3.7s]
03:32:45   constraints=full (9 relations, dataset 'lcld_v2')  scaler=metadata  mutable 14/28  int 10  cat 5
03:32:45   -- trial run0_sub0
03:32:49     iter   0  obj 0.45189  best 0.45189  step 0.9500
03:32:53     iter   1  obj 0.33698  best 0.45189  step 0.9500
03:32:57     iter   2  obj 0.34538  best 0.45189  step 0.9500
03:33:01     iter   3  obj 0.13967  best 0.45189  step 0.9500
03:33:05     iter   4  obj 0.10912  best 0.45189  step 0.9500
03:33:09     iter   5  obj -0.20360  best 0.45189  step 0.9500
03:33:13     iter   6  obj -0.60116  best 0.45189  step 0.9500
03:33:17     iter   7  obj -0.58218  best 0.45189  step 0.9500
03:33:21     iter   8  obj -0.22472  best 0.45189  step 0.9500
03:33:25     iter   9  obj -0.33136  best 0.45189  step 0.9500
03:33:29     iter  10  obj -0.84635  best 0.45189  step 0.9500
03:33:33     iter  11  obj 0.03039  best 0.45189  step 0.9500
03:33:37     iter  12  obj -0.36313  best 0.45189  step 0.9500
03:33:41     iter  13  obj -0.12979  best 0.45189  step 0.9500
03:33:45     iter  14  obj 0.04414  best 0.45189  step 0.9500
03:33:49     iter  15  obj -0.37380  best 0.45189  step 0.9500
03:33:53     iter  16  obj -0.33277  best 0.45189  step 0.9500
03:33:57     iter  17  obj 0.00313  best 0.45189  step 0.9500
03:34:01     iter  18  obj 0.05961  best 0.45189  step 0.9500
03:34:05     iter  19  obj -0.27889  best 0.45189  step 0.9500
03:34:09     iter  20  obj -0.22757  best 0.45189  step 0.9500
03:34:13     iter  21  obj -0.71712  best 0.45189  step 0.9500
03:34:17     iter  22  obj -0.17716  best 0.45189  step 0.4750  halved
03:34:21     iter  23  obj 0.17200  best 0.45189  step 0.4750
03:34:25     iter  24  obj 0.36327  best 0.45189  step 0.4750
03:34:29     iter  25  obj 0.29947  best 0.45189  step 0.4750
03:34:33     iter  26  obj 0.18626  best 0.45189  step 0.4750
03:34:37     iter  27  obj -0.31717  best 0.45189  step 0.4750
03:34:41     iter  28  obj -0.24305  best 0.45189  step 0.4750
03:34:45     iter  29  obj 0.17014  best 0.45189  step 0.4750
03:34:49     iter  30  obj -0.30689  best 0.45189  step 0.4750
03:34:53     iter  31  obj 0.06495  best 0.45189  step 0.4750
03:34:57     iter  32  obj 0.02263  best 0.45189  step 0.4750
03:34:59     iter  33  obj -0.06492  best 0.45189  step 0.4750
03:35:01     iter  34  obj -0.25582  best 0.45189  step 0.4750
03:35:02     iter  35  obj -0.16710  best 0.45189  step 0.4750
03:35:06     iter  36  obj -0.23545  best 0.45189  step 0.4750
03:35:09     iter  37  obj -0.10167  best 0.45189  step 0.4750
03:35:13     iter  38  obj -0.09102  best 0.45189  step 0.4750
03:35:17     iter  39  obj 0.01165  best 0.45189  step 0.4750
03:35:21     iter  40  obj -0.10705  best 0.45189  step 0.4750
03:35:25     iter  41  obj -0.71460  best 0.45189  step 0.2375  halved
03:35:29     iter  42  obj 0.27955  best 0.45189  step 0.2375
03:35:33     iter  43  obj 0.41353  best 0.45189  step 0.2375
03:35:37     iter  44  obj 0.39781  best 0.45189  step 0.2375
03:35:41     iter  45  obj 0.33965  best 0.45189  step 0.2375
03:35:45     iter  46  obj 0.21544  best 0.45189  step 0.2375
03:35:49     iter  47  obj 0.32951  best 0.45189  step 0.2375
03:35:53     iter  48  obj 0.31595  best 0.45189  step 0.2375
03:35:57     iter  49  obj 0.22599  best 0.45189  step 0.2375
03:36:01     iter  50  obj 0.32935  best 0.45189  step 0.2375
03:36:05     iter  51  obj 0.10302  best 0.45189  step 0.2375
03:36:09     iter  52  obj 0.29408  best 0.45189  step 0.2375
03:36:13     iter  53  obj 0.25786  best 0.45189  step 0.2375
03:36:17     iter  54  obj 0.31569  best 0.45189  step 0.2375
03:36:21     iter  55  obj 0.23496  best 0.45189  step 0.2375
03:36:25     iter  56  obj 0.36092  best 0.45189  step 0.2375
03:36:29     iter  57  obj 0.27252  best 0.45189  step 0.1187  halved
03:36:33     iter  58  obj 0.34334  best 0.45189  step 0.1187
03:36:37     iter  59  obj 0.44273  best 0.45189  step 0.1187
03:36:41     iter  60  obj 0.45177  best 0.45189  step 0.1187
03:36:45     iter  61  obj 0.45784  best 0.45784  step 0.1187  *
03:36:49     iter  62  obj 0.45879  best 0.45879  step 0.1187  *
03:36:53     iter  63  obj 0.40933  best 0.45879  step 0.1187
03:36:57     iter  64  obj 0.37265  best 0.45879  step 0.1187
03:37:01     iter  65  obj 0.36135  best 0.45879  step 0.1187
03:37:05     iter  66  obj 0.42795  best 0.45879  step 0.1187
03:37:09     iter  67  obj 0.44733  best 0.45879  step 0.1187
03:37:13     iter  68  obj 0.41507  best 0.45879  step 0.1187
03:37:16     iter  69  obj 0.43377  best 0.45879  step 0.1187
03:37:20     iter  70  obj 0.37674  best 0.45879  step 0.0594  halved
03:37:25     iter  71  obj 0.39300  best 0.45879  step 0.0594
03:37:28     iter  72  obj 0.43209  best 0.45879  step 0.0594
03:37:32     iter  73  obj 0.44400  best 0.45879  step 0.0594
03:37:36     iter  74  obj 0.46191  best 0.46191  step 0.0594  *
03:37:40     iter  75  obj 0.47202  best 0.47202  step 0.0594  *
03:37:44     iter  76  obj 0.47603  best 0.47603  step 0.0594  *
03:37:48     iter  77  obj 0.47089  best 0.47603  step 0.0594
03:37:52     iter  78  obj 0.47672  best 0.47672  step 0.0594  *
03:37:56     iter  79  obj 0.48864  best 0.48864  step 0.0594  *
03:38:00     iter  80  obj 0.46888  best 0.48864  step 0.0594
03:38:04     iter  81  obj 0.46877  best 0.48864  step 0.0594
03:38:08     iter  82  obj 0.49302  best 0.49302  step 0.0594  *
03:38:12     iter  83  obj 0.47875  best 0.49302  step 0.0594
03:38:16     iter  84  obj 0.49355  best 0.49355  step 0.0594  *
03:38:20     iter  85  obj 0.45566  best 0.49355  step 0.0594
03:38:24     iter  86  obj 0.48709  best 0.49355  step 0.0594
03:38:28     iter  87  obj 0.46493  best 0.49355  step 0.0297  halved
03:38:32     iter  88  obj 0.47498  best 0.49355  step 0.0297
03:38:36     iter  89  obj 0.47382  best 0.49355  step 0.0297
03:38:40     iter  90  obj 0.51270  best 0.51270  step 0.0297  *
03:38:44     iter  91  obj 0.52765  best 0.52765  step 0.0297  *
03:38:48     iter  92  obj 0.50258  best 0.52765  step 0.0297
03:38:52     iter  93  obj 0.53038  best 0.53038  step 0.0148  *  halved
03:38:56     iter  94  obj 0.55055  best 0.55055  step 0.0148  *
03:39:00     iter  95  obj 0.57310  best 0.57310  step 0.0148  *
03:39:04     iter  96  obj 0.57207  best 0.57310  step 0.0148
03:39:08     iter  97  obj 0.60263  best 0.60263  step 0.0148  *
03:39:12     iter  98  obj 0.60218  best 0.60263  step 0.0148
03:39:16     iter  99  obj 0.58256  best 0.60263  step 0.0074  halved
03:39:20     iter 100  obj 0.60135  best 0.60263  step 0.0074
03:39:21      poisoned ce=0.56797 auc=0.6070 acc=0.7890 f1=0.1245  dce=+0.11335 dacc=-0.0170  k=1500  [395.4s]
03:39:21   mean over 1 trials: dce=+0.11335 dacc=-0.0170 dauc=-0.1084  -> results/niter_strict/lcld_v2_rs2_it100
