15:07:08 xgboost: train=/home/ssn899/Desktop/TabFM/datasets/lcld_v2/splits/selected/natural/context_5000.csv (5000 rows)  test=/home/ssn899/Desktop/TabFM/datasets/lcld_v2/splits/test_attack_1000.csv (1000 rows)  target=charged_off  drop=('issue_d',)
15:07:08 rebuilt 5 per-run-best contexts from /home/ssn899/Desktop/TabFM/results/main_experiments/lcld_v2/label-flip_random_r064: run0_sub0, run1_sub0, run2_sub0, run3_sub0, run4_sub0  (attack=label-flip, R=64.0%, k=3200)
15:07:08 clean val=/home/ssn899/Desktop/TabFM/datasets/lcld_v2/splits/val_2000.csv (2000 rows)
15:07:08 
== protocol A: validation is an internal split of the given context (poisoned when the context is)
15:07:08     clean baseline: 5 fits reused from /home/ssn899/Desktop/TabFM/results/xgb_transfer/_clean_cache/clean_30e6ec053d00aa31b9937449.json
15:07:08     poisoned (5 contexts)
15:07:08     -- run0_sub0
15:07:52       seed 0: ce=1.07927 acc=0.3290 bacc=0.4385 mcc=-0.1087 (iters=573, 44s)
15:07:52     -- run1_sub0
15:08:22       seed 1: ce=1.08083 acc=0.3260 bacc=0.4137 mcc=-0.1494 (iters=965, 30s)
15:08:22     -- run2_sub0
15:08:50       seed 2: ce=1.08516 acc=0.3150 bacc=0.4241 mcc=-0.1354 (iters=379, 28s)
15:08:50     -- run3_sub0
15:09:14       seed 3: ce=1.04385 acc=0.3170 bacc=0.4138 mcc=-0.1514 (iters=489, 24s)
15:09:14     -- run4_sub0
15:09:47       seed 4: ce=1.05738 acc=0.3280 bacc=0.4437 mcc=-0.1004 (iters=438, 33s)
15:09:47 
  protocol A -- validation is an internal split of the given context (poisoned when the context is)
15:09:47     metric                          clean          poisoned             delta      rel% |          TabPFN d  TabPFN rel%  transfer%
15:09:47     -------------------------------------------------------------------------------------------------------------------------------
15:09:47     ce                    0.4521 ± 0.0011   1.0693 ± 0.0160  +0.6172 ± 0.0167    +136.5 |  +0.7170 ± 0.0083       +157.7        +86
15:09:47     accuracy              0.8038 ± 0.0007   0.3230 ± 0.0058  -0.4808 ± 0.0060     -59.8 |  -0.4728 ± 0.0057        -58.7       +102
15:09:47     balanced_accuracy     0.5066 ± 0.0045   0.4268 ± 0.0124  -0.0799 ± 0.0139     -15.8 |  -0.0898 ± 0.0045        -16.9        +89
15:09:47     mcc                   0.0638 ± 0.0336  -0.1290 ± 0.0209  -0.1929 ± 0.0348   ~-302.2 |  -0.2544 ± 0.0081       -169.4        +76
15:09:47     roc_auc               0.7107 ± 0.0015   0.3717 ± 0.0108  -0.3389 ± 0.0110     -47.7 |  -0.3336 ± 0.0030        -46.6       +102
15:09:47     f1                    0.0311 ± 0.0219   0.2581 ± 0.0098  +0.2270 ± 0.0263   ~+730.0 |  +0.1336 ± 0.0033       ~+99.8       +170
15:09:47     transfer% = XGBoost delta / TabPFNv2 delta; 100 means the poison hurts both equally.
15:09:47     '~' marks a ratio whose denominator is near zero or inside its own spread -- read the absolute columns there.
15:09:47 
== protocol B: validation is the separate clean --val file
15:09:47     clean baseline: 5 fits reused from /home/ssn899/Desktop/TabFM/results/xgb_transfer/_clean_cache/clean_513785100e13fff7394bccd6.json
15:09:47     poisoned (5 contexts)
15:09:47     -- run0_sub0
15:09:55       seed 0: ce=0.86668 acc=0.1970 bacc=0.5000 mcc=0.0000 (iters=0, 8s)
15:09:55     -- run1_sub0
15:10:02       seed 1: ce=0.86435 acc=0.1970 bacc=0.5000 mcc=0.0000 (iters=0, 7s)
15:10:02     -- run2_sub0
15:10:09       seed 2: ce=0.86545 acc=0.1970 bacc=0.5000 mcc=0.0000 (iters=0, 7s)
15:10:09     -- run3_sub0
15:10:16       seed 3: ce=0.86416 acc=0.1970 bacc=0.5000 mcc=0.0000 (iters=0, 7s)
15:10:16     -- run4_sub0
15:10:23       seed 4: ce=0.86623 acc=0.1970 bacc=0.5000 mcc=0.0000 (iters=0, 7s)
15:10:23 
  protocol B -- validation is the separate clean --val file
15:10:23     metric                          clean          poisoned             delta      rel% |          TabPFN d  TabPFN rel%  transfer%
15:10:23     -------------------------------------------------------------------------------------------------------------------------------
15:10:23     ce                    0.4516 ± 0.0024   0.8654 ± 0.0010  +0.4138 ± 0.0023     +91.6 |  +0.7170 ± 0.0083       +157.7        +58
15:10:23     accuracy              0.8034 ± 0.0010   0.1970 ± 0.0000  -0.6064 ± 0.0010     -75.5 |  -0.4728 ± 0.0057        -58.7       +128
15:10:23     balanced_accuracy     0.5106 ± 0.0051   0.5000 ± 0.0000  -0.0106 ± 0.0051      -2.1 |  -0.0898 ± 0.0045        -16.9        +12
15:10:23     mcc                   0.0817 ± 0.0208   0.0000 ± 0.0000  -0.0817 ± 0.0208   ~-100.0 |  -0.2544 ± 0.0081       -169.4        +32
15:10:23     roc_auc               0.7127 ± 0.0057   0.4290 ± 0.0225  -0.2836 ± 0.0258     -39.8 |  -0.3336 ± 0.0030        -46.6        +85
15:10:23     f1                    0.0515 ± 0.0237   0.3292 ± 0.0000  +0.2776 ± 0.0237   ~+539.0 |  +0.1336 ± 0.0033       ~+99.8       +208
15:10:23     transfer% = XGBoost delta / TabPFNv2 delta; 100 means the poison hurts both equally.
15:10:23     '~' marks a ratio whose denominator is near zero or inside its own spread -- read the absolute columns there.
15:10:23 
wrote /home/ssn899/Desktop/TabFM/results/xgb_transfer/lcld_v2/label-flip_random_r064/summary.json
