02:24:01 [x-capgd] datasets/url_unique/splits/selected/natural/context_5000.csv (5000x63) -> datasets/url_unique/splits/test_attack_1000.csv (1000 of 1000)  k=1500 (30.0%)  attack_class=None  grid 1x1  cuda:1
02:24:05   clean  ce=0.09328 auc=0.9935 acc=0.9650 f1=0.9644  max|dp| over 3 repeats=0.00e+00  chunking_exact=True  [3.2s]
02:24:05   constraints=box (0 relations, dataset 'url_unique')  scaler=metadata  mutable 63/63  int 58  cat 0
02:24:05   -- trial run0_sub0
02:24:07     iter   0  obj 0.09328  best 0.09328  step 0.9500
02:24:09     iter   1  obj 0.09874  best 0.09874  step 0.9500  *
02:24:12     iter   2  obj 0.11079  best 0.11079  step 0.9500  *
02:24:14     iter   3  obj 0.11129  best 0.11129  step 0.9500  *
02:24:16     iter   4  obj 0.11886  best 0.11886  step 0.9500  *
02:24:18     iter   5  obj 0.11805  best 0.11886  step 0.9500
02:24:20     iter   6  obj 0.12088  best 0.12088  step 0.9500  *
02:24:23     iter   7  obj 0.11044  best 0.12088  step 0.9500
02:24:25     iter   8  obj 0.10989  best 0.12088  step 0.9500
02:24:27     iter   9  obj 0.10756  best 0.12088  step 0.9500
02:24:29     iter  10  obj 0.11020  best 0.12088  step 0.9500
02:24:31     iter  11  obj 0.11711  best 0.12088  step 0.4750  halved
02:24:34     iter  12  obj 0.11386  best 0.12088  step 0.4750
02:24:36     iter  13  obj 0.11346  best 0.12088  step 0.4750
02:24:38     iter  14  obj 0.12300  best 0.12300  step 0.4750  *
02:24:40     iter  15  obj 0.12950  best 0.12950  step 0.4750  *
02:24:42     iter  16  obj 0.11311  best 0.12950  step 0.4750
02:24:44     iter  17  obj 0.12738  best 0.12950  step 0.4750
02:24:47     iter  18  obj 0.13063  best 0.13063  step 0.4750  *
02:24:49     iter  19  obj 0.13842  best 0.13842  step 0.4750  *
02:24:51     iter  20  obj 0.13335  best 0.13842  step 0.4750
02:24:53     iter  21  obj 0.13040  best 0.13842  step 0.2375  halved
02:24:55     iter  22  obj 0.15254  best 0.15254  step 0.2375  *
02:24:58     iter  23  obj 0.13724  best 0.15254  step 0.2375
02:25:00     iter  24  obj 0.14963  best 0.15254  step 0.2375
02:25:02     iter  25  obj 0.14362  best 0.15254  step 0.2375
02:25:04     iter  26  obj 0.15840  best 0.15840  step 0.2375  *
02:25:06     iter  27  obj 0.15840  best 0.15840  step 0.2375
02:25:09     iter  28  obj 0.15884  best 0.15884  step 0.2375  *
02:25:11     iter  29  obj 0.15552  best 0.15884  step 0.2375
02:25:13     iter  30  obj 0.15465  best 0.15884  step 0.1188  halved
02:25:15     iter  31  obj 0.17926  best 0.17926  step 0.1188  *
02:25:17     iter  32  obj 0.18383  best 0.18383  step 0.1188  *
02:25:20     iter  33  obj 0.18212  best 0.18383  step 0.1188
02:25:22     iter  34  obj 0.18526  best 0.18526  step 0.1188  *
02:25:24     iter  35  obj 0.19901  best 0.19901  step 0.1188  *
02:25:26     iter  36  obj 0.20262  best 0.20262  step 0.1188  *
02:25:28     iter  37  obj 0.19805  best 0.20262  step 0.1188
02:25:31     iter  38  obj 0.20569  best 0.20569  step 0.0594  *  halved
02:25:33     iter  39  obj 0.25350  best 0.25350  step 0.0594  *
02:25:35     iter  40  obj 0.26245  best 0.26245  step 0.0594  *
02:25:37     iter  41  obj 0.27616  best 0.27616  step 0.0594  *
02:25:39     iter  42  obj 0.27349  best 0.27616  step 0.0594
02:25:42     iter  43  obj 0.31921  best 0.31921  step 0.0594  *
02:25:44     iter  44  obj 0.35030  best 0.35030  step 0.0594  *
02:25:46     iter  45  obj 0.28304  best 0.35030  step 0.0297  halved
02:25:48     iter  46  obj 0.37456  best 0.37456  step 0.0297  *
02:25:50     iter  47  obj 0.43361  best 0.43361  step 0.0297  *
02:25:53     iter  48  obj 0.39442  best 0.43361  step 0.0297
02:25:55     iter  49  obj 0.48453  best 0.48453  step 0.0297  *
02:25:57     iter  50  obj 0.49497  best 0.49497  step 0.0297  *
02:25:58      poisoned ce=0.49497 auc=0.9452 acc=0.8840 f1=0.8811  dce=+0.40170 dacc=-0.0810  k=1500  [112.6s]
02:25:58   mean over 1 trials: dce=+0.40170 dacc=-0.0810 dauc=-0.0483  -> results/ablation_niter/url_unique_nat5000_box_it50
