02:21:49 [x-capgd] datasets/url_unique/splits/selected/natural/context_5000.csv (5000x63) -> datasets/url_unique/splits/test_attack_1000.csv (1000 of 1000)  k=1500 (30.0%)  attack_class=None  grid 1x1  cuda:1
02:21:54   clean  ce=0.09328 auc=0.9935 acc=0.9650 f1=0.9644  max|dp| over 3 repeats=0.00e+00  chunking_exact=True  [3.2s]
02:21:54   constraints=box (0 relations, dataset 'url_unique')  scaler=metadata  mutable 63/63  int 58  cat 0
02:21:54   -- trial run0_sub0
02:21:56     iter   0  obj 0.09328  best 0.09328  step 0.9500
02:21:58     iter   1  obj 0.09874  best 0.09874  step 0.9500  *
02:22:00     iter   2  obj 0.11066  best 0.11066  step 0.9500  *
02:22:02     iter   3  obj 0.11261  best 0.11261  step 0.9500  *
02:22:05     iter   4  obj 0.12044  best 0.12044  step 0.9500  *
02:22:07     iter   5  obj 0.11541  best 0.12044  step 0.9500
02:22:09     iter   6  obj 0.10527  best 0.12044  step 0.9500
02:22:11     iter   7  obj 0.11041  best 0.12044  step 0.4750  halved
02:22:13     iter   8  obj 0.11475  best 0.12044  step 0.4750
02:22:15     iter   9  obj 0.13390  best 0.13390  step 0.4750  *
02:22:18     iter  10  obj 0.12039  best 0.13390  step 0.2375  halved
02:22:20     iter  11  obj 0.13202  best 0.13390  step 0.2375
02:22:22     iter  12  obj 0.14573  best 0.14573  step 0.2375  *
02:22:24     iter  13  obj 0.15257  best 0.15257  step 0.2375  *
02:22:26     iter  14  obj 0.14271  best 0.15257  step 0.1188  halved
02:22:29     iter  15  obj 0.15792  best 0.15792  step 0.1188  *
02:22:31     iter  16  obj 0.15643  best 0.15792  step 0.0594  halved
02:22:33     iter  17  obj 0.16962  best 0.16962  step 0.0594  *
02:22:35     iter  18  obj 0.17539  best 0.17539  step 0.0594  *
02:22:37     iter  19  obj 0.19635  best 0.19635  step 0.0594  *
02:22:40     iter  20  obj 0.21049  best 0.21049  step 0.0594  *
02:22:40      poisoned ce=0.21049 auc=0.9823 acc=0.9480 f1=0.9477  dce=+0.11722 dacc=-0.0170  k=1500  [46.7s]
02:22:40   mean over 1 trials: dce=+0.11722 dacc=-0.0170 dauc=-0.0112  -> results/ablation_niter/url_unique_nat5000_box_it20
