04:20:58 [x-capgd] datasets/lcld_v2/splits/selected/natural/context_5000.csv (5000x28) -> datasets/lcld_v2/splits/test_attack_1000.csv (1000 of 1000)  k=1500 (30.0%)  attack_class=None  grid 1x1  cuda:1
04:21:01   clean  ce=0.45462 auc=0.7155 acc=0.8060 f1=0.1339  max|dp| over 3 repeats=0.00e+00  chunking_exact=True  [1.8s]
04:21:01   constraints=full (9 relations, dataset 'lcld_v2')  scaler=metadata  mutable 14/28  int 10  cat 5
04:21:01   -- trial run0_sub0
04:21:02     iter   0  obj 0.45188  best 0.45188  step 0.9500
04:21:03     iter   1  obj 0.39516  best 0.45188  step 0.9500
04:21:04     iter   2  obj 0.34939  best 0.45188  step 0.9500
04:21:05     iter   3  obj 0.01721  best 0.45188  step 0.9500
04:21:06     iter   4  obj -0.12803  best 0.45188  step 0.9500
04:21:07     iter   5  obj -0.42940  best 0.45188  step 0.9500
04:21:08     iter   6  obj 0.05565  best 0.45188  step 0.9500
04:21:09     iter   7  obj 0.05291  best 0.45188  step 0.9500
04:21:10     iter   8  obj -0.00256  best 0.45188  step 0.9500
04:21:11     iter   9  obj -0.25444  best 0.45188  step 0.9500
04:21:13     iter  10  obj -0.14221  best 0.45188  step 0.9500
04:21:14     iter  11  obj -0.04648  best 0.45188  step 0.9500
04:21:15     iter  12  obj -0.14323  best 0.45188  step 0.9500
04:21:16     iter  13  obj -0.55766  best 0.45188  step 0.9500
04:21:17     iter  14  obj -0.06551  best 0.45188  step 0.9500
04:21:18     iter  15  obj -0.15281  best 0.45188  step 0.9500
04:21:19     iter  16  obj -0.28617  best 0.45188  step 0.9500
04:21:20     iter  17  obj -0.09609  best 0.45188  step 0.9500
04:21:21     iter  18  obj -0.26243  best 0.45188  step 0.9500
04:21:22     iter  19  obj 0.05238  best 0.45188  step 0.9500
04:21:23     iter  20  obj -0.34008  best 0.45188  step 0.9500
04:21:24     iter  21  obj -0.09144  best 0.45188  step 0.9500
04:21:25     iter  22  obj -0.75460  best 0.45188  step 0.9500
04:21:26     iter  23  obj -0.18146  best 0.45188  step 0.9500
04:21:27     iter  24  obj 0.20990  best 0.45188  step 0.9500
04:21:28     iter  25  obj 0.09475  best 0.45188  step 0.9500
04:21:29     iter  26  obj -0.15519  best 0.45188  step 0.9500
04:21:30     iter  27  obj -0.13216  best 0.45188  step 0.9500
04:21:31     iter  28  obj -0.22681  best 0.45188  step 0.9500
04:21:32     iter  29  obj -0.36806  best 0.45188  step 0.9500
04:21:33     iter  30  obj -0.27835  best 0.45188  step 0.9500
04:21:35     iter  31  obj -0.23169  best 0.45188  step 0.9500
04:21:36     iter  32  obj -0.82258  best 0.45188  step 0.9500
04:21:37     iter  33  obj -0.05577  best 0.45188  step 0.9500
04:21:38     iter  34  obj -0.04284  best 0.45188  step 0.9500
04:21:39     iter  35  obj -0.05721  best 0.45188  step 0.9500
04:21:40     iter  36  obj -0.16400  best 0.45188  step 0.9500
04:21:41     iter  37  obj -0.12898  best 0.45188  step 0.9500
04:21:42     iter  38  obj -0.25573  best 0.45188  step 0.9500
04:21:43     iter  39  obj -0.01917  best 0.45188  step 0.9500
04:21:44     iter  40  obj -0.29724  best 0.45188  step 0.9500
04:21:45     iter  41  obj -0.19892  best 0.45188  step 0.9500
04:21:46     iter  42  obj -0.29295  best 0.45188  step 0.9500
04:21:47     iter  43  obj -0.40160  best 0.45188  step 0.9500
04:21:48     iter  44  obj -0.09501  best 0.45188  step 0.4750  halved
04:21:49     iter  45  obj 0.26613  best 0.45188  step 0.4750
04:21:50     iter  46  obj 0.35837  best 0.45188  step 0.4750
04:21:51     iter  47  obj 0.06983  best 0.45188  step 0.4750
04:21:52     iter  48  obj 0.05583  best 0.45188  step 0.4750
04:21:53     iter  49  obj -0.18534  best 0.45188  step 0.4750
04:21:54     iter  50  obj -0.27415  best 0.45188  step 0.4750
04:21:56     iter  51  obj -0.16269  best 0.45188  step 0.4750
04:21:57     iter  52  obj -0.01574  best 0.45188  step 0.4750
04:21:58     iter  53  obj 0.00191  best 0.45188  step 0.4750
04:21:59     iter  54  obj 0.09577  best 0.45188  step 0.4750
04:22:00     iter  55  obj 0.01212  best 0.45188  step 0.4750
04:22:01     iter  56  obj 0.00585  best 0.45188  step 0.4750
04:22:02     iter  57  obj 0.02254  best 0.45188  step 0.4750
04:22:03     iter  58  obj -0.03642  best 0.45188  step 0.4750
04:22:04     iter  59  obj -0.24741  best 0.45188  step 0.4750
04:22:05     iter  60  obj 0.15269  best 0.45188  step 0.4750
04:22:06     iter  61  obj 0.00923  best 0.45188  step 0.4750
04:22:07     iter  62  obj -0.14666  best 0.45188  step 0.4750
04:22:08     iter  63  obj -0.25459  best 0.45188  step 0.4750
04:22:09     iter  64  obj -0.22676  best 0.45188  step 0.4750
04:22:10     iter  65  obj -0.02939  best 0.45188  step 0.4750
04:22:11     iter  66  obj -0.14062  best 0.45188  step 0.4750
04:22:12     iter  67  obj 0.06226  best 0.45188  step 0.4750
04:22:13     iter  68  obj -0.31141  best 0.45188  step 0.4750
04:22:14     iter  69  obj 0.15196  best 0.45188  step 0.4750
04:22:15     iter  70  obj -0.19825  best 0.45188  step 0.4750
04:22:17     iter  71  obj -0.21224  best 0.45188  step 0.4750
04:22:18     iter  72  obj -0.29852  best 0.45188  step 0.4750
04:22:19     iter  73  obj 0.06973  best 0.45188  step 0.4750
04:22:20     iter  74  obj 0.10431  best 0.45188  step 0.4750
04:22:21     iter  75  obj -0.01860  best 0.45188  step 0.4750
04:22:22     iter  76  obj 0.01413  best 0.45188  step 0.4750
04:22:23     iter  77  obj -0.01077  best 0.45188  step 0.4750
04:22:24     iter  78  obj -0.35815  best 0.45188  step 0.4750
04:22:25     iter  79  obj -0.19065  best 0.45188  step 0.4750
04:22:26     iter  80  obj -0.05435  best 0.45188  step 0.4750
04:22:27     iter  81  obj 0.01815  best 0.45188  step 0.4750
04:22:28     iter  82  obj -0.32204  best 0.45188  step 0.2375  halved
04:22:29     iter  83  obj 0.31233  best 0.45188  step 0.2375
04:22:30     iter  84  obj 0.43063  best 0.45188  step 0.2375
04:22:31     iter  85  obj 0.45509  best 0.45509  step 0.2375  *
04:22:32     iter  86  obj 0.38977  best 0.45509  step 0.2375
04:22:33     iter  87  obj 0.28125  best 0.45509  step 0.2375
04:22:34     iter  88  obj -0.06783  best 0.45509  step 0.2375
04:22:35     iter  89  obj 0.22019  best 0.45509  step 0.2375
04:22:36     iter  90  obj 0.20871  best 0.45509  step 0.2375
04:22:37     iter  91  obj 0.00844  best 0.45509  step 0.2375
04:22:39     iter  92  obj 0.00140  best 0.45509  step 0.2375
04:22:40     iter  93  obj 0.10525  best 0.45509  step 0.2375
04:22:41     iter  94  obj 0.30013  best 0.45509  step 0.2375
04:22:42     iter  95  obj 0.29656  best 0.45509  step 0.2375
04:22:43     iter  96  obj 0.20670  best 0.45509  step 0.2375
04:22:44     iter  97  obj 0.31052  best 0.45509  step 0.2375
04:22:45     iter  98  obj 0.20358  best 0.45509  step 0.2375
04:22:46     iter  99  obj 0.22206  best 0.45509  step 0.2375
04:22:47     iter 100  obj 0.22447  best 0.45509  step 0.2375
04:22:48     iter 101  obj 0.14829  best 0.45509  step 0.2375
04:22:49     iter 102  obj 0.21660  best 0.45509  step 0.2375
04:22:50     iter 103  obj 0.30698  best 0.45509  step 0.2375
04:22:51     iter 104  obj 0.22391  best 0.45509  step 0.2375
04:22:52     iter 105  obj 0.05232  best 0.45509  step 0.2375
04:22:53     iter 106  obj 0.12373  best 0.45509  step 0.2375
04:22:54     iter 107  obj 0.33408  best 0.45509  step 0.2375
04:22:55     iter 108  obj 0.40230  best 0.45509  step 0.2375
04:22:56     iter 109  obj 0.37974  best 0.45509  step 0.2375
04:22:57     iter 110  obj 0.31221  best 0.45509  step 0.2375
04:22:58     iter 111  obj 0.14922  best 0.45509  step 0.2375
04:23:00     iter 112  obj 0.20534  best 0.45509  step 0.2375
04:23:01     iter 113  obj 0.35114  best 0.45509  step 0.2375
04:23:02     iter 114  obj 0.25622  best 0.45509  step 0.1187  halved
04:23:03     iter 115  obj 0.31772  best 0.45509  step 0.1187
04:23:04     iter 116  obj 0.42483  best 0.45509  step 0.1187
04:23:05     iter 117  obj 0.42455  best 0.45509  step 0.1187
04:23:06     iter 118  obj 0.41817  best 0.45509  step 0.1187
04:23:07     iter 119  obj 0.42357  best 0.45509  step 0.1187
04:23:08     iter 120  obj 0.42935  best 0.45509  step 0.1187
04:23:09     iter 121  obj 0.39018  best 0.45509  step 0.1187
04:23:10     iter 122  obj 0.44167  best 0.45509  step 0.1187
04:23:11     iter 123  obj 0.42669  best 0.45509  step 0.1187
04:23:12     iter 124  obj 0.44639  best 0.45509  step 0.1187
04:23:13     iter 125  obj 0.43695  best 0.45509  step 0.1187
04:23:14     iter 126  obj 0.42491  best 0.45509  step 0.1187
04:23:15     iter 127  obj 0.40677  best 0.45509  step 0.1187
04:23:16     iter 128  obj 0.39139  best 0.45509  step 0.1187
04:23:17     iter 129  obj 0.40456  best 0.45509  step 0.1187
04:23:18     iter 130  obj 0.45431  best 0.45509  step 0.1187
04:23:19     iter 131  obj 0.43846  best 0.45509  step 0.1187
04:23:20     iter 132  obj 0.47067  best 0.47067  step 0.1187  *
04:23:22     iter 133  obj 0.43062  best 0.47067  step 0.1187
04:23:23     iter 134  obj 0.40127  best 0.47067  step 0.1187
04:23:24     iter 135  obj 0.42188  best 0.47067  step 0.1187
04:23:25     iter 136  obj 0.42341  best 0.47067  step 0.1187
04:23:26     iter 137  obj 0.45331  best 0.47067  step 0.1187
04:23:27     iter 138  obj 0.45209  best 0.47067  step 0.1187
04:23:28     iter 139  obj 0.46503  best 0.47067  step 0.1187
04:23:29     iter 140  obj 0.45702  best 0.47067  step 0.0594  halved
04:23:30     iter 141  obj 0.42023  best 0.47067  step 0.0594
04:23:31     iter 142  obj 0.45342  best 0.47067  step 0.0594
04:23:32     iter 143  obj 0.46876  best 0.47067  step 0.0594
04:23:33     iter 144  obj 0.46509  best 0.47067  step 0.0594
04:23:34     iter 145  obj 0.49643  best 0.49643  step 0.0594  *
04:23:35     iter 146  obj 0.49123  best 0.49643  step 0.0594
04:23:36     iter 147  obj 0.48112  best 0.49643  step 0.0594
04:23:37     iter 148  obj 0.46248  best 0.49643  step 0.0594
04:23:38     iter 149  obj 0.45699  best 0.49643  step 0.0594
04:23:39     iter 150  obj 0.48398  best 0.49643  step 0.0594
04:23:40     iter 151  obj 0.49437  best 0.49643  step 0.0594
04:23:41     iter 152  obj 0.46854  best 0.49643  step 0.0594
04:23:42     iter 153  obj 0.50233  best 0.50233  step 0.0594  *
04:23:44     iter 154  obj 0.47074  best 0.50233  step 0.0594
04:23:45     iter 155  obj 0.47950  best 0.50233  step 0.0594
04:23:46     iter 156  obj 0.50055  best 0.50233  step 0.0594
04:23:47     iter 157  obj 0.48815  best 0.50233  step 0.0594
04:23:48     iter 158  obj 0.48096  best 0.50233  step 0.0594
04:23:49     iter 159  obj 0.49908  best 0.50233  step 0.0594
04:23:50     iter 160  obj 0.49598  best 0.50233  step 0.0297  halved
04:23:51     iter 161  obj 0.47061  best 0.50233  step 0.0297
04:23:52     iter 162  obj 0.50206  best 0.50233  step 0.0297
04:23:53     iter 163  obj 0.51795  best 0.51795  step 0.0297  *
04:23:54     iter 164  obj 0.50871  best 0.51795  step 0.0297
04:23:55     iter 165  obj 0.51689  best 0.51795  step 0.0297
04:23:56     iter 166  obj 0.49764  best 0.51795  step 0.0297
04:23:57     iter 167  obj 0.51885  best 0.51885  step 0.0297  *
04:23:58     iter 168  obj 0.47308  best 0.51885  step 0.0297
04:23:59     iter 169  obj 0.50393  best 0.51885  step 0.0297
04:24:00     iter 170  obj 0.53420  best 0.53420  step 0.0297  *
04:24:01     iter 171  obj 0.49362  best 0.53420  step 0.0297
04:24:02     iter 172  obj 0.53428  best 0.53428  step 0.0297  *
04:24:03     iter 173  obj 0.51172  best 0.53428  step 0.0297
04:24:04     iter 174  obj 0.51567  best 0.53428  step 0.0148  halved
04:24:06     iter 175  obj 0.51743  best 0.53428  step 0.0148
04:24:07     iter 176  obj 0.57000  best 0.57000  step 0.0148  *
04:24:08     iter 177  obj 0.52067  best 0.57000  step 0.0148
04:24:09     iter 178  obj 0.55135  best 0.57000  step 0.0148
04:24:10     iter 179  obj 0.56896  best 0.57000  step 0.0148
04:24:11     iter 180  obj 0.58494  best 0.58494  step 0.0148  *
04:24:12     iter 181  obj 0.59696  best 0.59696  step 0.0148  *
04:24:13     iter 182  obj 0.55445  best 0.59696  step 0.0148
04:24:14     iter 183  obj 0.49907  best 0.59696  step 0.0148
04:24:15     iter 184  obj 0.56413  best 0.59696  step 0.0148
04:24:16     iter 185  obj 0.59569  best 0.59696  step 0.0148
04:24:17     iter 186  obj 0.60428  best 0.60428  step 0.0074  *  halved
04:24:18     iter 187  obj 0.59297  best 0.60428  step 0.0074
04:24:19     iter 188  obj 0.61883  best 0.61883  step 0.0074  *
04:24:20     iter 189  obj 0.65355  best 0.65355  step 0.0074  *
04:24:21     iter 190  obj 0.65022  best 0.65355  step 0.0074
04:24:22     iter 191  obj 0.65098  best 0.65355  step 0.0074
04:24:23     iter 192  obj 0.61689  best 0.65355  step 0.0074
04:24:24     iter 193  obj 0.62710  best 0.65355  step 0.0074
04:24:25     iter 194  obj 0.67523  best 0.67523  step 0.0074  *
04:24:27     iter 195  obj 0.69472  best 0.69472  step 0.0074  *
04:24:28     iter 196  obj 0.61953  best 0.69472  step 0.0074
04:24:29     iter 197  obj 0.68985  best 0.69472  step 0.0074
04:24:30     iter 198  obj 0.66828  best 0.69472  step 0.0037  halved
04:24:31     iter 199  obj 0.64597  best 0.69472  step 0.0037
04:24:32     iter 200  obj 0.66194  best 0.69472  step 0.0037
04:24:32      poisoned ce=0.61821 auc=0.5790 acc=0.7960 f1=0.0727  dce=+0.16359 dacc=-0.0100  k=1500  [211.2s]
04:24:32   mean over 1 trials: dce=+0.16359 dacc=-0.0100 dauc=-0.1365  -> results/niter_be/lcld_v2_lcld_rs1_it200
