15:01:51 xgboost: train=/home/ssn899/Desktop/TabFM/datasets/lcld_v2/splits/selected/natural/context_5000.csv (5000 rows)  test=/home/ssn899/Desktop/TabFM/datasets/lcld_v2/splits/test_attack_1000.csv (1000 rows)  target=charged_off  drop=('issue_d',)
15:01:51 rebuilt 5 per-run-best contexts from /home/ssn899/Desktop/TabFM/results/main_experiments/lcld_v2/label-flip_random_r001: run0_sub0, run1_sub0, run2_sub0, run3_sub0, run4_sub0  (attack=label-flip, R=1.0%, k=50)
15:01:51 clean val=/home/ssn899/Desktop/TabFM/datasets/lcld_v2/splits/val_2000.csv (2000 rows)
15:01:51 
== protocol A: validation is an internal split of the given context (poisoned when the context is)
15:01:51     clean baseline: 5 fits reused from /home/ssn899/Desktop/TabFM/results/xgb_transfer/_clean_cache/clean_30e6ec053d00aa31b9937449.json
15:01:51     poisoned (5 contexts)
15:01:51     -- run0_sub0
15:02:01       seed 0: ce=0.44942 acc=0.8040 bacc=0.5083 mcc=0.0790 (iters=65, 9s)
15:02:01     -- run1_sub0
15:02:10       seed 1: ce=0.45203 acc=0.8030 bacc=0.5000 mcc=0.0000 (iters=90, 9s)
15:02:10     -- run2_sub0
15:02:20       seed 2: ce=0.45415 acc=0.8030 bacc=0.5000 mcc=0.0000 (iters=46, 10s)
15:02:20     -- run3_sub0
15:02:30       seed 3: ce=0.46180 acc=0.8030 bacc=0.5134 mcc=0.0908 (iters=37, 10s)
15:02:30     -- run4_sub0
15:02:41       seed 4: ce=0.45265 acc=0.8030 bacc=0.5000 mcc=0.0000 (iters=204, 11s)
15:02:41 
  protocol A -- validation is an internal split of the given context (poisoned when the context is)
15:02:41     metric                          clean          poisoned             delta      rel% |          TabPFN d  TabPFN rel%  transfer%
15:02:41     -------------------------------------------------------------------------------------------------------------------------------
15:02:41     ce                    0.4521 ± 0.0011   0.4540 ± 0.0042  +0.0019 ± 0.0037      +0.4 |  +0.0065 ± 0.0004         +1.4        +29
15:02:41     accuracy              0.8038 ± 0.0007   0.8032 ± 0.0004  -0.0006 ± 0.0008      -0.1 |  +0.0010 ± 0.0018         +0.1       ~-60
15:02:41     balanced_accuracy     0.5066 ± 0.0045   0.5043 ± 0.0056  -0.0023 ± 0.0093      -0.5 |  -0.0132 ± 0.0021         -2.5        +17
15:02:41     mcc                   0.0638 ± 0.0336   0.0340 ± 0.0418  -0.0299 ± 0.0703    ~-46.8 |  -0.0194 ± 0.0177        -12.9       +154
15:02:41     roc_auc               0.7107 ± 0.0015   0.7071 ± 0.0088  -0.0036 ± 0.0074      -0.5 |  -0.0078 ± 0.0008         -1.1        +46
15:02:41     f1                    0.0311 ± 0.0219   0.0211 ± 0.0272  -0.0100 ± 0.0455    ~-32.1 |  -0.0592 ± 0.0069       ~-44.2        +17
15:02:41     transfer% = XGBoost delta / TabPFNv2 delta; 100 means the poison hurts both equally.
15:02:41     '~' marks a ratio whose denominator is near zero or inside its own spread -- read the absolute columns there.
15:02:41 
== protocol B: validation is the separate clean --val file
15:02:41     clean baseline: 5 fits reused from /home/ssn899/Desktop/TabFM/results/xgb_transfer/_clean_cache/clean_513785100e13fff7394bccd6.json
15:02:41     poisoned (5 contexts)
15:02:41     -- run0_sub0
15:02:49       seed 0: ce=0.45499 acc=0.8040 bacc=0.5064 mcc=0.0718 (iters=23, 8s)
15:02:49     -- run1_sub0
15:02:59       seed 1: ce=0.45302 acc=0.8060 bacc=0.5076 mcc=0.1107 (iters=34, 10s)
15:02:59     -- run2_sub0
15:03:10       seed 2: ce=0.45229 acc=0.8030 bacc=0.5057 mcc=0.0592 (iters=63, 11s)
15:03:10     -- run3_sub0
15:03:21       seed 3: ce=0.45026 acc=0.8030 bacc=0.5038 mcc=0.0483 (iters=111, 11s)
15:03:21     -- run4_sub0
15:03:32       seed 4: ce=0.45196 acc=0.8020 bacc=0.5032 mcc=0.0362 (iters=92, 10s)
15:03:32 
  protocol B -- validation is the separate clean --val file
15:03:32     metric                          clean          poisoned             delta      rel% |          TabPFN d  TabPFN rel%  transfer%
15:03:32     -------------------------------------------------------------------------------------------------------------------------------
15:03:32     ce                    0.4516 ± 0.0024   0.4525 ± 0.0015  +0.0009 ± 0.0018      +0.2 |  +0.0065 ± 0.0004         +1.4        +14
15:03:32     accuracy              0.8034 ± 0.0010   0.8036 ± 0.0014  +0.0002 ± 0.0021      +0.0 |  +0.0010 ± 0.0018         +0.1       ~+20
15:03:32     balanced_accuracy     0.5106 ± 0.0051   0.5054 ± 0.0016  -0.0052 ± 0.0053      -1.0 |  -0.0132 ± 0.0021         -2.5        +40
15:03:32     mcc                   0.0817 ± 0.0208   0.0652 ± 0.0256  -0.0164 ± 0.0364    ~-20.1 |  -0.0194 ± 0.0177        -12.9        +85
15:03:32     roc_auc               0.7127 ± 0.0057   0.7106 ± 0.0045  -0.0021 ± 0.0045      -0.3 |  -0.0078 ± 0.0008         -1.1        +27
15:03:32     f1                    0.0515 ± 0.0237   0.0258 ± 0.0049  -0.0257 ± 0.0229    ~-49.9 |  -0.0592 ± 0.0069       ~-44.2        +43
15:03:32     transfer% = XGBoost delta / TabPFNv2 delta; 100 means the poison hurts both equally.
15:03:32     '~' marks a ratio whose denominator is near zero or inside its own spread -- read the absolute columns there.
15:03:32 
wrote /home/ssn899/Desktop/TabFM/results/xgb_transfer/lcld_v2/label-flip_random_r001/summary.json
