02:23:01 [x-capgd] datasets/lcld_v2/splits/selected/natural/context_5000.csv (5000x28) -> datasets/lcld_v2/splits/test_attack_1000.csv (1000 of 1000)  k=1500 (30.0%)  attack_class=None  grid 1x1  cuda:3
02:23:03   clean  ce=0.45462 auc=0.7155 acc=0.8060 f1=0.1339  max|dp| over 3 repeats=0.00e+00  chunking_exact=True  [1.7s]
02:23:04   constraints=full (9 relations, dataset 'lcld_v2')  scaler=metadata  mutable 14/28  int 10  cat 5
02:23:04   -- trial run0_sub0
02:23:05     iter   0  obj 0.45189  best 0.45189  step 0.9500
02:23:06     iter   1  obj 0.33697  best 0.45189  step 0.9500
02:23:07     iter   2  obj 0.37102  best 0.45189  step 0.9500
02:23:08     iter   3  obj 0.21885  best 0.45189  step 0.9500
02:23:09     iter   4  obj 0.06280  best 0.45189  step 0.4750  halved
02:23:10     iter   5  obj 0.26235  best 0.45189  step 0.4750
02:23:11     iter   6  obj 0.38337  best 0.45189  step 0.4750
02:23:12     iter   7  obj 0.24553  best 0.45189  step 0.2375  halved
02:23:13     iter   8  obj 0.34159  best 0.45189  step 0.2375
02:23:14     iter   9  obj 0.44460  best 0.45189  step 0.2375
02:23:15     iter  10  obj 0.43573  best 0.45189  step 0.1187  halved
02:23:16     iter  11  obj 0.39636  best 0.45189  step 0.0594  halved
02:23:17     iter  12  obj 0.45494  best 0.45494  step 0.0594  *
02:23:18     iter  13  obj 0.46512  best 0.46512  step 0.0594  *
02:23:19     iter  14  obj 0.46425  best 0.46512  step 0.0297  halved
02:23:20     iter  15  obj 0.46340  best 0.46512  step 0.0148  halved
02:23:22     iter  16  obj 0.46806  best 0.46806  step 0.0148  *
02:23:23     iter  17  obj 0.46953  best 0.46953  step 0.0148  *
02:23:24     iter  18  obj 0.47984  best 0.47984  step 0.0148  *
02:23:25     iter  19  obj 0.47966  best 0.47984  step 0.0074  halved
02:23:26     iter  20  obj 0.48794  best 0.48794  step 0.0074  *
02:23:26      poisoned ce=0.49826 auc=0.6622 acc=0.7960 f1=0.0811  dce=+0.04363 dacc=-0.0100  k=1500  [22.5s]
02:23:26   mean over 1 trials: dce=+0.04363 dacc=-0.0100 dauc=-0.0533  -> results/ablation_niter/lcld_v2_nat5000_full_it20_rowseed2
