02:10:05 [x-capgd] datasets/lcld_v2/splits/selected/natural/context_5000.csv (5000x28) -> datasets/lcld_v2/splits/test_attack_1000.csv (1000 of 1000)  k=1500 (30.0%)  attack_class=None  grid 1x1  cuda:3
02:10:07   clean  ce=0.45462 auc=0.7155 acc=0.8060 f1=0.1339  max|dp| over 3 repeats=0.00e+00  chunking_exact=True  [1.8s]
02:10:08   constraints=full (9 relations, dataset 'lcld_v2')  scaler=metadata  mutable 14/28  int 10  cat 5
02:10:08   -- trial run0_sub0
02:10:09     iter   0  obj 0.45188  best 0.45188  step 0.9500
02:10:10     iter   1  obj 0.39516  best 0.45188  step 0.9500
02:10:11     iter   2  obj 0.38175  best 0.45188  step 0.9500
02:10:12     iter   3  obj -0.26945  best 0.45188  step 0.9500
02:10:13     iter   4  obj -0.46085  best 0.45188  step 0.4750  halved
02:10:14     iter   5  obj 0.30816  best 0.45188  step 0.4750
02:10:15     iter   6  obj 0.40573  best 0.45188  step 0.4750
02:10:16     iter   7  obj 0.19958  best 0.45188  step 0.2375  halved
02:10:17     iter   8  obj 0.37421  best 0.45188  step 0.2375
02:10:18     iter   9  obj 0.45613  best 0.45613  step 0.2375  *
02:10:19     iter  10  obj 0.43523  best 0.45613  step 0.1187  halved
02:10:20     iter  11  obj 0.45774  best 0.45774  step 0.1187  *
02:10:21     iter  12  obj 0.44524  best 0.45774  step 0.0594  halved
02:10:22     iter  13  obj 0.45878  best 0.45878  step 0.0594  *
02:10:23     iter  14  obj 0.46081  best 0.46081  step 0.0594  *
02:10:24     iter  15  obj 0.45752  best 0.46081  step 0.0297  halved
02:10:26     iter  16  obj 0.46522  best 0.46522  step 0.0297  *
02:10:27     iter  17  obj 0.47518  best 0.47518  step 0.0297  *
02:10:28     iter  18  obj 0.46867  best 0.47518  step 0.0148  halved
02:10:29     iter  19  obj 0.47525  best 0.47525  step 0.0148  *
02:10:30     iter  20  obj 0.48600  best 0.48600  step 0.0148  *
02:10:30      poisoned ce=0.48212 auc=0.6829 acc=0.8000 f1=0.0385  dce=+0.02750 dacc=-0.0060  k=1500  [22.5s]
02:10:30   mean over 1 trials: dce=+0.02750 dacc=-0.0060 dauc=-0.0326  -> results/ablation_niter/lcld_v2_nat5000_full_it20
