05:15:17 [x-capgd] datasets/url_unique/splits/selected/natural/context_5000.csv (5000x63) -> datasets/url_unique/splits/test_attack_1000.csv (1000 of 1000)  k=1500 (30.0%)  attack_class=None  grid 1x1  cuda:1
05:15:21   clean  ce=0.09328 auc=0.9935 acc=0.9650 f1=0.9644  max|dp| over 3 repeats=0.00e+00  chunking_exact=True  [3.2s]
05:15:22   constraints=full (14 relations, dataset 'url_unique')  scaler=metadata  mutable 63/63  int 58  cat 0
05:15:22   -- trial run0_sub0
05:15:24     iter   0  obj 0.09328  best 0.09328  step 0.9500
05:15:26     iter   1  obj -4.27483  best 0.09328  step 0.9500
05:15:28     iter   2  obj -0.13622  best 0.09328  step 0.9500
05:15:30     iter   3  obj -0.20563  best 0.09328  step 0.9500
05:15:33     iter   4  obj -0.33057  best 0.09328  step 0.9500
05:15:35     iter   5  obj -0.64246  best 0.09328  step 0.9500
05:15:37     iter   6  obj -0.80678  best 0.09328  step 0.9500
05:15:39     iter   7  obj -0.95445  best 0.09328  step 0.9500
05:15:41     iter   8  obj -0.63394  best 0.09328  step 0.9500
05:15:44     iter   9  obj -0.44503  best 0.09328  step 0.9500
05:15:46     iter  10  obj -0.40478  best 0.09328  step 0.9500
05:15:48     iter  11  obj -0.74767  best 0.09328  step 0.9500
05:15:50     iter  12  obj -0.34829  best 0.09328  step 0.9500
05:15:52     iter  13  obj -0.70255  best 0.09328  step 0.9500
05:15:55     iter  14  obj -0.56407  best 0.09328  step 0.9500
05:15:57     iter  15  obj -0.49893  best 0.09328  step 0.9500
05:15:59     iter  16  obj -0.52676  best 0.09328  step 0.9500
05:16:01     iter  17  obj -0.27875  best 0.09328  step 0.9500
05:16:03     iter  18  obj -0.66298  best 0.09328  step 0.9500
05:16:06     iter  19  obj -0.74695  best 0.09328  step 0.9500
05:16:08     iter  20  obj -0.54030  best 0.09328  step 0.9500
05:16:10     iter  21  obj -0.56608  best 0.09328  step 0.9500
05:16:12     iter  22  obj -0.26919  best 0.09328  step 0.4750  halved
05:16:14     iter  23  obj -4.53428  best 0.09328  step 0.4750
05:16:16     iter  24  obj -0.42458  best 0.09328  step 0.4750
05:16:19     iter  25  obj -0.14527  best 0.09328  step 0.4750
05:16:21     iter  26  obj -0.11337  best 0.09328  step 0.4750
05:16:23     iter  27  obj -0.10616  best 0.09328  step 0.4750
05:16:25     iter  28  obj -0.11063  best 0.09328  step 0.4750
05:16:27     iter  29  obj -0.30583  best 0.09328  step 0.4750
05:16:30     iter  30  obj -0.12715  best 0.09328  step 0.4750
05:16:32     iter  31  obj -0.06366  best 0.09328  step 0.4750
05:16:34     iter  32  obj -0.08127  best 0.09328  step 0.4750
05:16:36     iter  33  obj -0.11856  best 0.09328  step 0.4750
05:16:38     iter  34  obj -0.39675  best 0.09328  step 0.4750
05:16:41     iter  35  obj -0.48382  best 0.09328  step 0.4750
05:16:43     iter  36  obj -0.39257  best 0.09328  step 0.4750
05:16:45     iter  37  obj -0.27177  best 0.09328  step 0.4750
05:16:47     iter  38  obj -0.45741  best 0.09328  step 0.4750
05:16:49     iter  39  obj -0.50008  best 0.09328  step 0.4750
05:16:52     iter  40  obj -0.35799  best 0.09328  step 0.4750
05:16:54     iter  41  obj -0.35156  best 0.09328  step 0.2375  halved
05:16:56     iter  42  obj -2.95057  best 0.09328  step 0.2375
05:16:58     iter  43  obj -0.31962  best 0.09328  step 0.2375
05:17:00     iter  44  obj -0.13498  best 0.09328  step 0.2375
05:17:03     iter  45  obj -0.11432  best 0.09328  step 0.2375
05:17:05     iter  46  obj -0.21538  best 0.09328  step 0.2375
05:17:07     iter  47  obj -0.04890  best 0.09328  step 0.2375
05:17:09     iter  48  obj -0.10721  best 0.09328  step 0.2375
05:17:11     iter  49  obj -0.04387  best 0.09328  step 0.2375
05:17:14     iter  50  obj -0.07941  best 0.09328  step 0.2375
05:17:16     iter  51  obj -0.17872  best 0.09328  step 0.2375
05:17:18     iter  52  obj -0.12839  best 0.09328  step 0.2375
05:17:20     iter  53  obj -0.15822  best 0.09328  step 0.2375
05:17:22     iter  54  obj 0.02709  best 0.09328  step 0.2375
05:17:24     iter  55  obj 0.03598  best 0.09328  step 0.2375
05:17:27     iter  56  obj 0.04489  best 0.09328  step 0.2375
05:17:29     iter  57  obj 0.05629  best 0.09328  step 0.1188  halved
05:17:31     iter  58  obj -4.81287  best 0.09328  step 0.1188
05:17:33     iter  59  obj -0.08714  best 0.09328  step 0.1188
05:17:35     iter  60  obj 0.01464  best 0.09328  step 0.1188
05:17:38     iter  61  obj 0.08489  best 0.09328  step 0.1188
05:17:40     iter  62  obj 0.04854  best 0.09328  step 0.1188
05:17:42     iter  63  obj 0.06105  best 0.09328  step 0.1188
05:17:44     iter  64  obj 0.09435  best 0.09435  step 0.1188  *
05:17:46     iter  65  obj 0.08324  best 0.09435  step 0.1188
05:17:49     iter  66  obj 0.10956  best 0.10956  step 0.1188  *
05:17:51     iter  67  obj 0.07561  best 0.10956  step 0.1188
05:17:53     iter  68  obj 0.14521  best 0.14521  step 0.1188  *
05:17:55     iter  69  obj 0.09943  best 0.14521  step 0.1188
05:17:57     iter  70  obj 0.16981  best 0.16981  step 0.0594  *  halved
05:18:00     iter  71  obj 0.22270  best 0.22270  step 0.0594  *
05:18:02     iter  72  obj 0.28611  best 0.28611  step 0.0594  *
05:18:04     iter  73  obj 0.22486  best 0.28611  step 0.0594
05:18:06     iter  74  obj 0.15375  best 0.28611  step 0.0594
05:18:08     iter  75  obj 0.28523  best 0.28611  step 0.0594
05:18:11     iter  76  obj 0.49329  best 0.49329  step 0.0594  *
05:18:13     iter  77  obj 0.71254  best 0.71254  step 0.0594  *
05:18:15     iter  78  obj 0.53930  best 0.71254  step 0.0594
05:18:17     iter  79  obj 0.55360  best 0.71254  step 0.0594
05:18:19     iter  80  obj 1.01471  best 1.01471  step 0.0297  *  halved
05:18:21     iter  81  obj 1.33220  best 1.33220  step 0.0297  *
05:18:24     iter  82  obj 1.72965  best 1.72965  step 0.0297  *
05:18:26     iter  83  obj 1.66253  best 1.72965  step 0.0297
05:18:28     iter  84  obj 2.08715  best 2.08715  step 0.0297  *
05:18:30     iter  85  obj 2.36849  best 2.36849  step 0.0297  *
05:18:32     iter  86  obj 2.37251  best 2.37251  step 0.0297  *
05:18:35     iter  87  obj 2.69973  best 2.69973  step 0.0297  *
05:18:37     iter  88  obj 1.85314  best 2.69973  step 0.0297
05:18:39     iter  89  obj 2.31506  best 2.69973  step 0.0297
05:18:41     iter  90  obj 3.43021  best 3.43021  step 0.0297  *
05:18:43     iter  91  obj 2.74827  best 3.43021  step 0.0297
05:18:46     iter  92  obj 3.43349  best 3.43349  step 0.0297  *
05:18:48     iter  93  obj 3.24288  best 3.43349  step 0.0148  halved
05:18:50     iter  94  obj 4.04671  best 4.04671  step 0.0148  *
05:18:52     iter  95  obj 4.84951  best 4.84951  step 0.0148  *
05:18:54     iter  96  obj 5.76226  best 5.76226  step 0.0148  *
05:18:57     iter  97  obj 5.82026  best 5.82026  step 0.0148  *
05:18:59     iter  98  obj 6.43361  best 6.43361  step 0.0148  *
05:19:01     iter  99  obj 6.46386  best 6.46386  step 0.0148  *
05:19:03     iter 100  obj 5.73900  best 6.46386  step 0.0148
05:19:04      poisoned ce=0.11912 auc=0.9912 acc=0.9670 f1=0.9669  dce=+0.02585 dacc=+0.0020  k=1500  [222.2s]
05:19:04   mean over 1 trials: dce=+0.02585 dacc=+0.0020 dauc=-0.0023  -> results/lambda_url_be/url_unique_lam1_rs1
