02:17:26 [x-capgd] datasets/url_unique/splits/selected/natural/context_5000.csv (5000x63) -> datasets/url_unique/splits/test_attack_1000.csv (1000 of 1000)  k=1500 (30.0%)  attack_class=None  grid 1x1  cuda:1
02:17:30   clean  ce=0.09328 auc=0.9935 acc=0.9650 f1=0.9644  max|dp| over 3 repeats=0.00e+00  chunking_exact=True  [3.2s]
02:17:30   constraints=full (14 relations, dataset 'url_unique')  scaler=metadata  mutable 63/63  int 58  cat 0
02:17:30   -- trial run0_sub0
02:17:32     iter   0  obj 0.09328  best 0.09328  step 0.9500
02:17:35     iter   1  obj -4.27487  best 0.09328  step 0.9500
02:17:37     iter   2  obj -0.13654  best 0.09328  step 0.9500
02:17:39     iter   3  obj -0.20052  best 0.09328  step 0.9500
02:17:41     iter   4  obj -0.34564  best 0.09328  step 0.9500
02:17:43     iter   5  obj -0.76463  best 0.09328  step 0.9500
02:17:46     iter   6  obj -0.37620  best 0.09328  step 0.9500
02:17:48     iter   7  obj -1.05353  best 0.09328  step 0.9500
02:17:50     iter   8  obj -0.66244  best 0.09328  step 0.9500
02:17:52     iter   9  obj -0.38135  best 0.09328  step 0.9500
02:17:54     iter  10  obj -0.50652  best 0.09328  step 0.9500
02:17:57     iter  11  obj -0.48941  best 0.09328  step 0.9500
02:17:59     iter  12  obj -0.52874  best 0.09328  step 0.9500
02:18:01     iter  13  obj -0.76574  best 0.09328  step 0.9500
02:18:03     iter  14  obj -0.40506  best 0.09328  step 0.9500
02:18:05     iter  15  obj -0.75115  best 0.09328  step 0.9500
02:18:08     iter  16  obj -0.58973  best 0.09328  step 0.9500
02:18:10     iter  17  obj -0.56663  best 0.09328  step 0.9500
02:18:12     iter  18  obj -0.32748  best 0.09328  step 0.9500
02:18:14     iter  19  obj -0.77024  best 0.09328  step 0.9500
02:18:16     iter  20  obj -0.42263  best 0.09328  step 0.9500
02:18:18     iter  21  obj -0.47611  best 0.09328  step 0.9500
02:18:21     iter  22  obj -0.42381  best 0.09328  step 0.4750  halved
02:18:23     iter  23  obj -4.05361  best 0.09328  step 0.4750
02:18:25     iter  24  obj -0.79432  best 0.09328  step 0.4750
02:18:27     iter  25  obj -0.11791  best 0.09328  step 0.4750
02:18:29     iter  26  obj -0.16883  best 0.09328  step 0.4750
02:18:32     iter  27  obj -0.16299  best 0.09328  step 0.4750
02:18:34     iter  28  obj -0.11955  best 0.09328  step 0.4750
02:18:36     iter  29  obj -0.13286  best 0.09328  step 0.4750
02:18:38     iter  30  obj -0.12279  best 0.09328  step 0.4750
02:18:40     iter  31  obj -0.08862  best 0.09328  step 0.4750
02:18:43     iter  32  obj -0.10248  best 0.09328  step 0.4750
02:18:45     iter  33  obj -0.16356  best 0.09328  step 0.4750
02:18:47     iter  34  obj -0.08729  best 0.09328  step 0.4750
02:18:49     iter  35  obj -0.19721  best 0.09328  step 0.4750
02:18:51     iter  36  obj -0.32599  best 0.09328  step 0.4750
02:18:54     iter  37  obj -0.16350  best 0.09328  step 0.4750
02:18:56     iter  38  obj -0.13134  best 0.09328  step 0.4750
02:18:58     iter  39  obj -0.30803  best 0.09328  step 0.4750
02:19:00     iter  40  obj -0.45121  best 0.09328  step 0.4750
02:19:02     iter  41  obj -0.34948  best 0.09328  step 0.2375  halved
02:19:05     iter  42  obj -2.74687  best 0.09328  step 0.2375
02:19:07     iter  43  obj -0.30642  best 0.09328  step 0.2375
02:19:09     iter  44  obj -0.25519  best 0.09328  step 0.2375
02:19:11     iter  45  obj -0.15404  best 0.09328  step 0.2375
02:19:13     iter  46  obj -0.04771  best 0.09328  step 0.2375
02:19:16     iter  47  obj -0.14124  best 0.09328  step 0.2375
02:19:18     iter  48  obj -0.15303  best 0.09328  step 0.2375
02:19:20     iter  49  obj -0.08334  best 0.09328  step 0.2375
02:19:22     iter  50  obj -0.17147  best 0.09328  step 0.2375
02:19:24     iter  51  obj -0.05822  best 0.09328  step 0.2375
02:19:27     iter  52  obj -0.04186  best 0.09328  step 0.2375
02:19:29     iter  53  obj 0.02518  best 0.09328  step 0.2375
02:19:31     iter  54  obj -0.02857  best 0.09328  step 0.2375
02:19:33     iter  55  obj -0.01144  best 0.09328  step 0.2375
02:19:35     iter  56  obj 0.06871  best 0.09328  step 0.2375
02:19:38     iter  57  obj 0.01673  best 0.09328  step 0.1188  halved
02:19:40     iter  58  obj -4.40311  best 0.09328  step 0.1188
02:19:42     iter  59  obj -0.19131  best 0.09328  step 0.1188
02:19:44     iter  60  obj 0.05745  best 0.09328  step 0.1188
02:19:46     iter  61  obj 0.05145  best 0.09328  step 0.1188
02:19:48     iter  62  obj 0.06810  best 0.09328  step 0.1188
02:19:51     iter  63  obj 0.03611  best 0.09328  step 0.1188
02:19:53     iter  64  obj 0.08324  best 0.09328  step 0.1188
02:19:55     iter  65  obj 0.03404  best 0.09328  step 0.1188
02:19:57     iter  66  obj 0.08500  best 0.09328  step 0.1188
02:19:59     iter  67  obj 0.08359  best 0.09328  step 0.1188
02:20:02     iter  68  obj 0.09936  best 0.09936  step 0.1188  *
02:20:04     iter  69  obj 0.07205  best 0.09936  step 0.1188
02:20:06     iter  70  obj 0.11490  best 0.11490  step 0.0594  *  halved
02:20:08     iter  71  obj 0.08536  best 0.11490  step 0.0594
02:20:10     iter  72  obj 0.13621  best 0.13621  step 0.0594  *
02:20:13     iter  73  obj 0.18950  best 0.18950  step 0.0594  *
02:20:15     iter  74  obj 0.22665  best 0.22665  step 0.0594  *
02:20:17     iter  75  obj 0.18728  best 0.22665  step 0.0594
02:20:19     iter  76  obj 0.24751  best 0.24751  step 0.0594  *
02:20:21     iter  77  obj 0.33328  best 0.33328  step 0.0594  *
02:20:24     iter  78  obj 0.34292  best 0.34292  step 0.0594  *
02:20:26     iter  79  obj 0.24792  best 0.34292  step 0.0594
02:20:28     iter  80  obj 0.29886  best 0.34292  step 0.0297  halved
02:20:30     iter  81  obj 0.46618  best 0.46618  step 0.0297  *
02:20:32     iter  82  obj 0.50563  best 0.50563  step 0.0297  *
02:20:35     iter  83  obj 0.79799  best 0.79799  step 0.0297  *
02:20:37     iter  84  obj 0.79607  best 0.79799  step 0.0297
02:20:39     iter  85  obj 0.83121  best 0.83121  step 0.0297  *
02:20:41     iter  86  obj 0.34283  best 0.83121  step 0.0297
02:20:43     iter  87  obj 0.79979  best 0.83121  step 0.0148  halved
02:20:46     iter  88  obj 0.66718  best 0.83121  step 0.0148
02:20:48     iter  89  obj 0.98052  best 0.98052  step 0.0148  *
02:20:50     iter  90  obj 0.48822  best 0.98052  step 0.0148
02:20:52     iter  91  obj 1.15985  best 1.15985  step 0.0148  *
02:20:54     iter  92  obj 1.51525  best 1.51525  step 0.0148  *
02:20:57     iter  93  obj 1.79242  best 1.79242  step 0.0074  *  halved
02:20:59     iter  94  obj 2.41801  best 2.41801  step 0.0074  *
02:21:01     iter  95  obj 2.57735  best 2.57735  step 0.0074  *
02:21:03     iter  96  obj 2.59876  best 2.59876  step 0.0074  *
02:21:05     iter  97  obj 3.01156  best 3.01156  step 0.0074  *
02:21:07     iter  98  obj 3.61046  best 3.61046  step 0.0074  *
02:21:10     iter  99  obj 3.75937  best 3.75937  step 0.0074  *
02:21:12     iter 100  obj 3.78847  best 3.78847  step 0.0074  *
02:21:13      poisoned ce=0.12636 auc=0.9896 acc=0.9620 f1=0.9618  dce=+0.03308 dacc=-0.0030  k=1500  [222.4s]
02:21:13   mean over 1 trials: dce=+0.03308 dacc=-0.0030 dauc=-0.0039  -> results/ablation_niter/url_unique_nat5000_full_it100
