04:53:53 [x-capgd] datasets/lcld_v2/splits/selected/natural/context_5000.csv (5000x28) -> datasets/lcld_v2/splits/test_attack_1000.csv (1000 of 1000)  k=1500 (30.0%)  attack_class=None  grid 1x1  cuda:1
04:53:56   clean  ce=0.45462 auc=0.7155 acc=0.8060 f1=0.1339  max|dp| over 3 repeats=0.00e+00  chunking_exact=True  [1.8s]
04:53:56   constraints=full (9 relations, dataset 'lcld_v2')  scaler=metadata  mutable 14/28  int 10  cat 5
04:53:56   -- trial run0_sub0
04:53:57     iter   0  obj 0.45188  best 0.45188  step 0.9500
04:53:58     iter   1  obj 0.39516  best 0.45188  step 0.9500
04:53:59     iter   2  obj 0.39474  best 0.45188  step 0.9500
04:54:00     iter   3  obj -0.03538  best 0.45188  step 0.9500
04:54:01     iter   4  obj -0.08383  best 0.45188  step 0.9500
04:54:02     iter   5  obj -0.15924  best 0.45188  step 0.9500
04:54:03     iter   6  obj -0.36551  best 0.45188  step 0.9500
04:54:04     iter   7  obj -0.02384  best 0.45188  step 0.9500
04:54:05     iter   8  obj -0.02662  best 0.45188  step 0.9500
04:54:06     iter   9  obj -0.63416  best 0.45188  step 0.9500
04:54:07     iter  10  obj -0.05487  best 0.45188  step 0.9500
04:54:09     iter  11  obj -0.22595  best 0.45188  step 0.9500
04:54:10     iter  12  obj 0.02561  best 0.45188  step 0.9500
04:54:11     iter  13  obj -0.52092  best 0.45188  step 0.9500
04:54:12     iter  14  obj -0.31830  best 0.45188  step 0.9500
04:54:13     iter  15  obj -0.10821  best 0.45188  step 0.9500
04:54:14     iter  16  obj 0.06035  best 0.45188  step 0.9500
04:54:15     iter  17  obj -0.00552  best 0.45188  step 0.9500
04:54:16     iter  18  obj -0.27013  best 0.45188  step 0.9500
04:54:17     iter  19  obj -0.37488  best 0.45188  step 0.9500
04:54:18     iter  20  obj -0.24665  best 0.45188  step 0.9500
04:54:19     iter  21  obj -0.06670  best 0.45188  step 0.9500
04:54:20     iter  22  obj -0.18011  best 0.45188  step 0.9500
04:54:21     iter  23  obj -0.01813  best 0.45188  step 0.9500
04:54:22     iter  24  obj 0.13642  best 0.45188  step 0.9500
04:54:23     iter  25  obj -0.04325  best 0.45188  step 0.9500
04:54:24     iter  26  obj 0.09913  best 0.45188  step 0.9500
04:54:25     iter  27  obj 0.07921  best 0.45188  step 0.9500
04:54:26     iter  28  obj -0.34943  best 0.45188  step 0.9500
04:54:27     iter  29  obj -0.54344  best 0.45188  step 0.9500
04:54:28     iter  30  obj 0.11882  best 0.45188  step 0.9500
04:54:30     iter  31  obj -0.10453  best 0.45188  step 0.9500
04:54:31     iter  32  obj 0.01061  best 0.45188  step 0.9500
04:54:32     iter  33  obj -0.28742  best 0.45188  step 0.9500
04:54:33     iter  34  obj -0.30639  best 0.45188  step 0.9500
04:54:34     iter  35  obj 0.15869  best 0.45188  step 0.9500
04:54:35     iter  36  obj -0.16493  best 0.45188  step 0.9500
04:54:36     iter  37  obj 0.04619  best 0.45188  step 0.9500
04:54:37     iter  38  obj -0.23308  best 0.45188  step 0.9500
04:54:38     iter  39  obj -0.58097  best 0.45188  step 0.9500
04:54:39     iter  40  obj 0.01688  best 0.45188  step 0.9500
04:54:40     iter  41  obj 0.08893  best 0.45188  step 0.9500
04:54:41     iter  42  obj 0.21176  best 0.45188  step 0.9500
04:54:42     iter  43  obj 0.11332  best 0.45188  step 0.9500
04:54:43     iter  44  obj 0.10498  best 0.45188  step 0.9500
04:54:44     iter  45  obj -0.31580  best 0.45188  step 0.9500
04:54:45     iter  46  obj -0.37993  best 0.45188  step 0.9500
04:54:46     iter  47  obj -0.32776  best 0.45188  step 0.9500
04:54:47     iter  48  obj 0.07872  best 0.45188  step 0.9500
04:54:48     iter  49  obj -0.03656  best 0.45188  step 0.9500
04:54:49     iter  50  obj -0.11639  best 0.45188  step 0.9500
04:54:50     iter  51  obj -0.56963  best 0.45188  step 0.9500
04:54:52     iter  52  obj -0.31310  best 0.45188  step 0.9500
04:54:53     iter  53  obj -0.24742  best 0.45188  step 0.9500
04:54:54     iter  54  obj 0.03198  best 0.45188  step 0.9500
04:54:55     iter  55  obj -0.11691  best 0.45188  step 0.9500
04:54:56     iter  56  obj -0.23488  best 0.45188  step 0.9500
04:54:57     iter  57  obj -0.01452  best 0.45188  step 0.9500
04:54:58     iter  58  obj -0.69927  best 0.45188  step 0.9500
04:54:59     iter  59  obj -0.42004  best 0.45188  step 0.9500
04:55:00     iter  60  obj 0.16771  best 0.45188  step 0.9500
04:55:01     iter  61  obj 0.17113  best 0.45188  step 0.9500
04:55:02     iter  62  obj 0.14152  best 0.45188  step 0.9500
04:55:03     iter  63  obj 0.12374  best 0.45188  step 0.9500
04:55:04     iter  64  obj 0.08967  best 0.45188  step 0.9500
04:55:05     iter  65  obj -0.16897  best 0.45188  step 0.9500
04:55:06     iter  66  obj -0.42689  best 0.45188  step 0.9500
04:55:07     iter  67  obj -0.44978  best 0.45188  step 0.9500
04:55:08     iter  68  obj -0.33242  best 0.45188  step 0.9500
04:55:09     iter  69  obj -0.39272  best 0.45188  step 0.9500
04:55:10     iter  70  obj 0.09669  best 0.45188  step 0.9500
04:55:11     iter  71  obj 0.02954  best 0.45188  step 0.9500
04:55:13     iter  72  obj -0.28368  best 0.45188  step 0.9500
04:55:14     iter  73  obj -0.06747  best 0.45188  step 0.9500
04:55:15     iter  74  obj -0.13268  best 0.45188  step 0.9500
04:55:16     iter  75  obj -0.04578  best 0.45188  step 0.9500
04:55:17     iter  76  obj -0.19349  best 0.45188  step 0.9500
04:55:18     iter  77  obj -0.18661  best 0.45188  step 0.9500
04:55:19     iter  78  obj -0.39221  best 0.45188  step 0.9500
04:55:20     iter  79  obj -0.29862  best 0.45188  step 0.9500
04:55:21     iter  80  obj -0.32168  best 0.45188  step 0.9500
04:55:22     iter  81  obj 0.02312  best 0.45188  step 0.9500
04:55:23     iter  82  obj -0.07447  best 0.45188  step 0.9500
04:55:24     iter  83  obj 0.09149  best 0.45188  step 0.9500
04:55:25     iter  84  obj -0.20474  best 0.45188  step 0.9500
04:55:26     iter  85  obj -0.19258  best 0.45188  step 0.9500
04:55:27     iter  86  obj 0.21278  best 0.45188  step 0.9500
04:55:28     iter  87  obj 0.10090  best 0.45188  step 0.9500
04:55:29     iter  88  obj -0.03134  best 0.45188  step 0.4750  halved
04:55:30     iter  89  obj 0.21332  best 0.45188  step 0.4750
04:55:31     iter  90  obj 0.31042  best 0.45188  step 0.4750
04:55:32     iter  91  obj 0.24779  best 0.45188  step 0.4750
04:55:34     iter  92  obj 0.13497  best 0.45188  step 0.4750
04:55:35     iter  93  obj 0.10121  best 0.45188  step 0.4750
04:55:36     iter  94  obj -0.18338  best 0.45188  step 0.4750
04:55:37     iter  95  obj -0.05564  best 0.45188  step 0.4750
04:55:38     iter  96  obj -0.26822  best 0.45188  step 0.4750
04:55:39     iter  97  obj -0.26327  best 0.45188  step 0.4750
04:55:40     iter  98  obj -0.00971  best 0.45188  step 0.4750
04:55:41     iter  99  obj -0.18904  best 0.45188  step 0.4750
04:55:42     iter 100  obj -0.03819  best 0.45188  step 0.4750
04:55:43     iter 101  obj -0.17307  best 0.45188  step 0.4750
04:55:44     iter 102  obj -0.04458  best 0.45188  step 0.4750
04:55:45     iter 103  obj 0.07480  best 0.45188  step 0.4750
04:55:46     iter 104  obj 0.07345  best 0.45188  step 0.4750
04:55:47     iter 105  obj 0.11116  best 0.45188  step 0.4750
04:55:48     iter 106  obj 0.04132  best 0.45188  step 0.4750
04:55:49     iter 107  obj -0.42135  best 0.45188  step 0.4750
04:55:50     iter 108  obj -0.19389  best 0.45188  step 0.4750
04:55:51     iter 109  obj -0.38440  best 0.45188  step 0.4750
04:55:52     iter 110  obj 0.03815  best 0.45188  step 0.4750
04:55:53     iter 111  obj -0.43002  best 0.45188  step 0.4750
04:55:55     iter 112  obj -0.15307  best 0.45188  step 0.4750
04:55:56     iter 113  obj 0.09242  best 0.45188  step 0.4750
04:55:57     iter 114  obj 0.15394  best 0.45188  step 0.4750
04:55:58     iter 115  obj 0.04860  best 0.45188  step 0.4750
04:55:59     iter 116  obj -0.35332  best 0.45188  step 0.4750
04:56:00     iter 117  obj -0.19658  best 0.45188  step 0.4750
04:56:01     iter 118  obj 0.00455  best 0.45188  step 0.4750
04:56:02     iter 119  obj -0.38133  best 0.45188  step 0.4750
04:56:03     iter 120  obj -0.00210  best 0.45188  step 0.4750
04:56:04     iter 121  obj 0.08497  best 0.45188  step 0.4750
04:56:05     iter 122  obj 0.09258  best 0.45188  step 0.4750
04:56:06     iter 123  obj -0.07141  best 0.45188  step 0.4750
04:56:07     iter 124  obj 0.09366  best 0.45188  step 0.4750
04:56:08     iter 125  obj -0.30782  best 0.45188  step 0.4750
04:56:09     iter 126  obj -0.10762  best 0.45188  step 0.4750
04:56:10     iter 127  obj -0.26868  best 0.45188  step 0.4750
04:56:11     iter 128  obj -0.27722  best 0.45188  step 0.4750
04:56:12     iter 129  obj 0.14945  best 0.45188  step 0.4750
04:56:13     iter 130  obj -0.15187  best 0.45188  step 0.4750
04:56:14     iter 131  obj -0.06399  best 0.45188  step 0.4750
04:56:15     iter 132  obj -0.12115  best 0.45188  step 0.4750
04:56:17     iter 133  obj 0.30022  best 0.45188  step 0.4750
04:56:18     iter 134  obj -0.18325  best 0.45188  step 0.4750
04:56:19     iter 135  obj 0.08659  best 0.45188  step 0.4750
04:56:20     iter 136  obj -0.12451  best 0.45188  step 0.4750
04:56:21     iter 137  obj -0.23202  best 0.45188  step 0.4750
04:56:22     iter 138  obj 0.04554  best 0.45188  step 0.4750
04:56:23     iter 139  obj -0.08062  best 0.45188  step 0.4750
04:56:24     iter 140  obj -0.06441  best 0.45188  step 0.4750
04:56:25     iter 141  obj 0.34877  best 0.45188  step 0.4750
04:56:26     iter 142  obj 0.27550  best 0.45188  step 0.4750
04:56:27     iter 143  obj 0.07963  best 0.45188  step 0.4750
04:56:28     iter 144  obj 0.14636  best 0.45188  step 0.4750
04:56:29     iter 145  obj -0.38781  best 0.45188  step 0.4750
04:56:30     iter 146  obj -0.21833  best 0.45188  step 0.4750
04:56:31     iter 147  obj 0.13516  best 0.45188  step 0.4750
04:56:32     iter 148  obj -0.04979  best 0.45188  step 0.4750
04:56:33     iter 149  obj 0.05068  best 0.45188  step 0.4750
04:56:34     iter 150  obj -0.02201  best 0.45188  step 0.4750
04:56:35     iter 151  obj 0.10128  best 0.45188  step 0.4750
04:56:36     iter 152  obj -0.27034  best 0.45188  step 0.4750
04:56:38     iter 153  obj 0.10107  best 0.45188  step 0.4750
04:56:39     iter 154  obj 0.11692  best 0.45188  step 0.4750
04:56:40     iter 155  obj 0.10410  best 0.45188  step 0.4750
04:56:41     iter 156  obj -0.40031  best 0.45188  step 0.4750
04:56:42     iter 157  obj -0.03894  best 0.45188  step 0.4750
04:56:43     iter 158  obj -0.03216  best 0.45188  step 0.4750
04:56:44     iter 159  obj -0.31131  best 0.45188  step 0.4750
04:56:45     iter 160  obj -0.03967  best 0.45188  step 0.4750
04:56:46     iter 161  obj -0.05283  best 0.45188  step 0.4750
04:56:47     iter 162  obj 0.15067  best 0.45188  step 0.4750
04:56:48     iter 163  obj 0.10792  best 0.45188  step 0.4750
04:56:49     iter 164  obj -0.06869  best 0.45188  step 0.2375  halved
04:56:50     iter 165  obj 0.33545  best 0.45188  step 0.2375
04:56:51     iter 166  obj 0.41214  best 0.45188  step 0.2375
04:56:52     iter 167  obj 0.40426  best 0.45188  step 0.2375
04:56:53     iter 168  obj 0.36596  best 0.45188  step 0.2375
04:56:54     iter 169  obj 0.22045  best 0.45188  step 0.2375
04:56:55     iter 170  obj -0.10389  best 0.45188  step 0.2375
04:56:56     iter 171  obj -0.07393  best 0.45188  step 0.2375
04:56:57     iter 172  obj 0.30693  best 0.45188  step 0.2375
04:56:59     iter 173  obj 0.19844  best 0.45188  step 0.2375
04:57:00     iter 174  obj 0.15113  best 0.45188  step 0.2375
04:57:01     iter 175  obj 0.35192  best 0.45188  step 0.2375
04:57:02     iter 176  obj 0.08633  best 0.45188  step 0.2375
04:57:03     iter 177  obj 0.25840  best 0.45188  step 0.2375
04:57:04     iter 178  obj 0.33594  best 0.45188  step 0.2375
04:57:05     iter 179  obj 0.27147  best 0.45188  step 0.2375
04:57:06     iter 180  obj 0.38267  best 0.45188  step 0.2375
04:57:07     iter 181  obj 0.36102  best 0.45188  step 0.2375
04:57:08     iter 182  obj 0.29238  best 0.45188  step 0.2375
04:57:09     iter 183  obj 0.37383  best 0.45188  step 0.2375
04:57:10     iter 184  obj 0.03683  best 0.45188  step 0.2375
04:57:11     iter 185  obj 0.14930  best 0.45188  step 0.2375
04:57:12     iter 186  obj 0.34738  best 0.45188  step 0.2375
04:57:13     iter 187  obj 0.25738  best 0.45188  step 0.2375
04:57:14     iter 188  obj 0.37457  best 0.45188  step 0.2375
04:57:15     iter 189  obj 0.39197  best 0.45188  step 0.2375
04:57:16     iter 190  obj 0.28716  best 0.45188  step 0.2375
04:57:17     iter 191  obj 0.39769  best 0.45188  step 0.2375
04:57:18     iter 192  obj 0.33609  best 0.45188  step 0.2375
04:57:20     iter 193  obj -0.07906  best 0.45188  step 0.2375
04:57:21     iter 194  obj 0.25081  best 0.45188  step 0.2375
04:57:22     iter 195  obj 0.24427  best 0.45188  step 0.2375
04:57:23     iter 196  obj 0.28807  best 0.45188  step 0.2375
04:57:24     iter 197  obj 0.19545  best 0.45188  step 0.2375
04:57:25     iter 198  obj 0.38709  best 0.45188  step 0.2375
04:57:26     iter 199  obj 0.38991  best 0.45188  step 0.2375
04:57:27     iter 200  obj 0.32300  best 0.45188  step 0.2375
04:57:28     iter 201  obj 0.31553  best 0.45188  step 0.2375
04:57:29     iter 202  obj 0.26673  best 0.45188  step 0.2375
04:57:30     iter 203  obj 0.28969  best 0.45188  step 0.2375
04:57:31     iter 204  obj 0.12936  best 0.45188  step 0.2375
04:57:32     iter 205  obj 0.26300  best 0.45188  step 0.2375
04:57:33     iter 206  obj 0.35185  best 0.45188  step 0.2375
04:57:34     iter 207  obj 0.33676  best 0.45188  step 0.2375
04:57:35     iter 208  obj 0.32651  best 0.45188  step 0.2375
04:57:36     iter 209  obj 0.26688  best 0.45188  step 0.2375
04:57:37     iter 210  obj 0.33601  best 0.45188  step 0.2375
04:57:38     iter 211  obj 0.42329  best 0.45188  step 0.2375
04:57:40     iter 212  obj 0.19828  best 0.45188  step 0.2375
04:57:41     iter 213  obj 0.24718  best 0.45188  step 0.2375
04:57:42     iter 214  obj 0.34698  best 0.45188  step 0.2375
04:57:43     iter 215  obj 0.22517  best 0.45188  step 0.2375
04:57:44     iter 216  obj 0.24444  best 0.45188  step 0.2375
04:57:45     iter 217  obj 0.09723  best 0.45188  step 0.2375
04:57:46     iter 218  obj 0.23633  best 0.45188  step 0.2375
04:57:47     iter 219  obj 0.22227  best 0.45188  step 0.2375
04:57:48     iter 220  obj 0.38094  best 0.45188  step 0.2375
04:57:49     iter 221  obj 0.28360  best 0.45188  step 0.2375
04:57:50     iter 222  obj 0.35565  best 0.45188  step 0.2375
04:57:51     iter 223  obj 0.12221  best 0.45188  step 0.2375
04:57:52     iter 224  obj 0.31859  best 0.45188  step 0.2375
04:57:53     iter 225  obj 0.31432  best 0.45188  step 0.2375
04:57:54     iter 226  obj 0.13461  best 0.45188  step 0.2375
04:57:55     iter 227  obj 0.18150  best 0.45188  step 0.2375
04:57:56     iter 228  obj 0.02750  best 0.45188  step 0.1187  halved
04:57:57     iter 229  obj 0.37737  best 0.45188  step 0.1187
04:57:58     iter 230  obj 0.45201  best 0.45201  step 0.1187  *
04:57:59     iter 231  obj 0.44874  best 0.45201  step 0.1187
04:58:01     iter 232  obj 0.45784  best 0.45784  step 0.1187  *
04:58:02     iter 233  obj 0.45634  best 0.45784  step 0.1187
04:58:03     iter 234  obj 0.42626  best 0.45784  step 0.1187
04:58:04     iter 235  obj 0.40914  best 0.45784  step 0.1187
04:58:05     iter 236  obj 0.43293  best 0.45784  step 0.1187
04:58:06     iter 237  obj 0.37450  best 0.45784  step 0.1187
04:58:07     iter 238  obj 0.43294  best 0.45784  step 0.1187
04:58:08     iter 239  obj 0.44164  best 0.45784  step 0.1187
04:58:09     iter 240  obj 0.27669  best 0.45784  step 0.1187
04:58:10     iter 241  obj 0.27890  best 0.45784  step 0.1187
04:58:11     iter 242  obj 0.39272  best 0.45784  step 0.1187
04:58:12     iter 243  obj 0.40392  best 0.45784  step 0.1187
04:58:13     iter 244  obj 0.38608  best 0.45784  step 0.1187
04:58:14     iter 245  obj 0.27877  best 0.45784  step 0.1187
04:58:15     iter 246  obj 0.38444  best 0.45784  step 0.1187
04:58:16     iter 247  obj 0.42958  best 0.45784  step 0.1187
04:58:17     iter 248  obj 0.33401  best 0.45784  step 0.1187
04:58:18     iter 249  obj 0.44658  best 0.45784  step 0.1187
04:58:19     iter 250  obj 0.37175  best 0.45784  step 0.1187
04:58:20     iter 251  obj 0.44935  best 0.45784  step 0.1187
04:58:21     iter 252  obj 0.41852  best 0.45784  step 0.1187
04:58:23     iter 253  obj 0.40663  best 0.45784  step 0.1187
04:58:24     iter 254  obj 0.40045  best 0.45784  step 0.1187
04:58:25     iter 255  obj 0.40612  best 0.45784  step 0.1187
04:58:26     iter 256  obj 0.35924  best 0.45784  step 0.1187
04:58:27     iter 257  obj 0.35136  best 0.45784  step 0.1187
04:58:28     iter 258  obj 0.40731  best 0.45784  step 0.1187
04:58:29     iter 259  obj 0.41785  best 0.45784  step 0.1187
04:58:30     iter 260  obj 0.44548  best 0.45784  step 0.1187
04:58:31     iter 261  obj 0.39153  best 0.45784  step 0.1187
04:58:32     iter 262  obj 0.39966  best 0.45784  step 0.1187
04:58:33     iter 263  obj 0.42598  best 0.45784  step 0.1187
04:58:34     iter 264  obj 0.29489  best 0.45784  step 0.1187
04:58:35     iter 265  obj 0.46515  best 0.46515  step 0.1187  *
04:58:36     iter 266  obj 0.40779  best 0.46515  step 0.1187
04:58:37     iter 267  obj 0.42904  best 0.46515  step 0.1187
04:58:38     iter 268  obj 0.41032  best 0.46515  step 0.1187
04:58:39     iter 269  obj 0.38599  best 0.46515  step 0.1187
04:58:40     iter 270  obj 0.45600  best 0.46515  step 0.1187
04:58:41     iter 271  obj 0.44090  best 0.46515  step 0.1187
04:58:42     iter 272  obj 0.38977  best 0.46515  step 0.1187
04:58:44     iter 273  obj 0.41546  best 0.46515  step 0.1187
04:58:45     iter 274  obj 0.39446  best 0.46515  step 0.1187
04:58:46     iter 275  obj 0.41545  best 0.46515  step 0.1187
04:58:47     iter 276  obj 0.32127  best 0.46515  step 0.1187
04:58:48     iter 277  obj 0.44991  best 0.46515  step 0.1187
04:58:49     iter 278  obj 0.34085  best 0.46515  step 0.1187
04:58:50     iter 279  obj 0.37289  best 0.46515  step 0.1187
04:58:51     iter 280  obj 0.33186  best 0.46515  step 0.0594  halved
04:58:52     iter 281  obj 0.43936  best 0.46515  step 0.0594
04:58:53     iter 282  obj 0.50032  best 0.50032  step 0.0594  *
04:58:54     iter 283  obj 0.47706  best 0.50032  step 0.0594
04:58:55     iter 284  obj 0.50216  best 0.50216  step 0.0594  *
04:58:56     iter 285  obj 0.48954  best 0.50216  step 0.0594
04:58:57     iter 286  obj 0.45062  best 0.50216  step 0.0594
04:58:58     iter 287  obj 0.46561  best 0.50216  step 0.0594
04:58:59     iter 288  obj 0.49560  best 0.50216  step 0.0594
04:59:00     iter 289  obj 0.47397  best 0.50216  step 0.0594
04:59:01     iter 290  obj 0.48873  best 0.50216  step 0.0594
04:59:02     iter 291  obj 0.46186  best 0.50216  step 0.0594
04:59:03     iter 292  obj 0.51567  best 0.51567  step 0.0594  *
04:59:05     iter 293  obj 0.48083  best 0.51567  step 0.0594
04:59:06     iter 294  obj 0.50249  best 0.51567  step 0.0594
04:59:07     iter 295  obj 0.48402  best 0.51567  step 0.0594
04:59:08     iter 296  obj 0.49839  best 0.51567  step 0.0594
04:59:09     iter 297  obj 0.48737  best 0.51567  step 0.0594
04:59:10     iter 298  obj 0.51421  best 0.51567  step 0.0594
04:59:11     iter 299  obj 0.45880  best 0.51567  step 0.0594
04:59:12     iter 300  obj 0.49047  best 0.51567  step 0.0594
04:59:13     iter 301  obj 0.50396  best 0.51567  step 0.0594
04:59:14     iter 302  obj 0.49437  best 0.51567  step 0.0594
04:59:15     iter 303  obj 0.47107  best 0.51567  step 0.0594
04:59:16     iter 304  obj 0.49986  best 0.51567  step 0.0594
04:59:17     iter 305  obj 0.49318  best 0.51567  step 0.0594
04:59:18     iter 306  obj 0.47101  best 0.51567  step 0.0594
04:59:19     iter 307  obj 0.46371  best 0.51567  step 0.0594
04:59:20     iter 308  obj 0.48965  best 0.51567  step 0.0594
04:59:21     iter 309  obj 0.50444  best 0.51567  step 0.0594
04:59:22     iter 310  obj 0.49466  best 0.51567  step 0.0594
04:59:23     iter 311  obj 0.46618  best 0.51567  step 0.0594
04:59:24     iter 312  obj 0.47219  best 0.51567  step 0.0594
04:59:25     iter 313  obj 0.50964  best 0.51567  step 0.0594
04:59:27     iter 314  obj 0.46312  best 0.51567  step 0.0594
04:59:28     iter 315  obj 0.50640  best 0.51567  step 0.0594
04:59:29     iter 316  obj 0.46749  best 0.51567  step 0.0594
04:59:30     iter 317  obj 0.48957  best 0.51567  step 0.0594
04:59:31     iter 318  obj 0.50833  best 0.51567  step 0.0594
04:59:32     iter 319  obj 0.52999  best 0.52999  step 0.0594  *
04:59:33     iter 320  obj 0.54158  best 0.54158  step 0.0297  *  halved
04:59:34     iter 321  obj 0.58850  best 0.58850  step 0.0297  *
04:59:35     iter 322  obj 0.56803  best 0.58850  step 0.0297
04:59:36     iter 323  obj 0.61967  best 0.61967  step 0.0297  *
04:59:37     iter 324  obj 0.49343  best 0.61967  step 0.0297
04:59:38     iter 325  obj 0.55650  best 0.61967  step 0.0297
04:59:39     iter 326  obj 0.63662  best 0.63662  step 0.0297  *
04:59:40     iter 327  obj 0.53308  best 0.63662  step 0.0297
04:59:41     iter 328  obj 0.52979  best 0.63662  step 0.0297
04:59:42     iter 329  obj 0.57454  best 0.63662  step 0.0297
04:59:43     iter 330  obj 0.60130  best 0.63662  step 0.0297
04:59:44     iter 331  obj 0.61834  best 0.63662  step 0.0297
04:59:45     iter 332  obj 0.75763  best 0.75763  step 0.0297  *
04:59:47     iter 333  obj 0.52246  best 0.75763  step 0.0297
04:59:48     iter 334  obj 0.62277  best 0.75763  step 0.0297
04:59:49     iter 335  obj 0.69425  best 0.75763  step 0.0297
04:59:50     iter 336  obj 0.66560  best 0.75763  step 0.0297
04:59:51     iter 337  obj 0.69323  best 0.75763  step 0.0297
04:59:52     iter 338  obj 0.55883  best 0.75763  step 0.0297
04:59:53     iter 339  obj 0.62056  best 0.75763  step 0.0297
04:59:54     iter 340  obj 0.55295  best 0.75763  step 0.0297
04:59:55     iter 341  obj 0.65496  best 0.75763  step 0.0297
04:59:56     iter 342  obj 0.74870  best 0.75763  step 0.0297
04:59:57     iter 343  obj 0.84809  best 0.84809  step 0.0297  *
04:59:58     iter 344  obj 0.88117  best 0.88117  step 0.0297  *
04:59:59     iter 345  obj 0.85223  best 0.88117  step 0.0297
05:00:00     iter 346  obj 0.90056  best 0.90056  step 0.0297  *
05:00:01     iter 347  obj 0.86438  best 0.90056  step 0.0297
05:00:02     iter 348  obj 0.73202  best 0.90056  step 0.0148  halved
05:00:03     iter 349  obj 0.68562  best 0.90056  step 0.0148
05:00:04     iter 350  obj 1.04123  best 1.04123  step 0.0148  *
05:00:05     iter 351  obj 0.82968  best 1.04123  step 0.0148
05:00:06     iter 352  obj 1.03292  best 1.04123  step 0.0148
05:00:08     iter 353  obj 1.00071  best 1.04123  step 0.0148
05:00:09     iter 354  obj 0.79309  best 1.04123  step 0.0148
05:00:10     iter 355  obj 0.95762  best 1.04123  step 0.0148
05:00:11     iter 356  obj 1.05544  best 1.05544  step 0.0148  *
05:00:12     iter 357  obj 0.92483  best 1.05544  step 0.0148
05:00:13     iter 358  obj 1.14313  best 1.14313  step 0.0148  *
05:00:14     iter 359  obj 0.89566  best 1.14313  step 0.0148
05:00:15     iter 360  obj 0.83014  best 1.14313  step 0.0148
05:00:16     iter 361  obj 0.85507  best 1.14313  step 0.0148
05:00:17     iter 362  obj 0.61967  best 1.14313  step 0.0148
05:00:18     iter 363  obj 1.04907  best 1.14313  step 0.0148
05:00:19     iter 364  obj 0.79945  best 1.14313  step 0.0148
05:00:20     iter 365  obj 0.74111  best 1.14313  step 0.0148
05:00:21     iter 366  obj 1.06205  best 1.14313  step 0.0148
05:00:22     iter 367  obj 1.09322  best 1.14313  step 0.0148
05:00:23     iter 368  obj 1.21987  best 1.21987  step 0.0148  *
05:00:24     iter 369  obj 1.15349  best 1.21987  step 0.0148
05:00:25     iter 370  obj 1.11979  best 1.21987  step 0.0148
05:00:26     iter 371  obj 1.19619  best 1.21987  step 0.0148
05:00:28     iter 372  obj 1.18296  best 1.21987  step 0.0074  halved
05:00:29     iter 373  obj 0.99021  best 1.21987  step 0.0074
05:00:30     iter 374  obj 1.20300  best 1.21987  step 0.0074
05:00:31     iter 375  obj 0.82262  best 1.21987  step 0.0074
05:00:32     iter 376  obj 1.27707  best 1.27707  step 0.0074  *
05:00:33     iter 377  obj 1.23017  best 1.27707  step 0.0074
05:00:34     iter 378  obj 1.15946  best 1.27707  step 0.0074
05:00:35     iter 379  obj 1.25034  best 1.27707  step 0.0074
05:00:36     iter 380  obj 1.41719  best 1.41719  step 0.0074  *
05:00:37     iter 381  obj 1.34321  best 1.41719  step 0.0074
05:00:38     iter 382  obj 1.29319  best 1.41719  step 0.0074
05:00:39     iter 383  obj 1.41330  best 1.41719  step 0.0074
05:00:40     iter 384  obj 1.39519  best 1.41719  step 0.0074
05:00:41     iter 385  obj 1.47008  best 1.47008  step 0.0074  *
05:00:42     iter 386  obj 1.14700  best 1.47008  step 0.0074
05:00:43     iter 387  obj 1.35916  best 1.47008  step 0.0074
05:00:44     iter 388  obj 1.39561  best 1.47008  step 0.0074
05:00:45     iter 389  obj 1.56677  best 1.56677  step 0.0074  *
05:00:46     iter 390  obj 1.46395  best 1.56677  step 0.0074
05:00:47     iter 391  obj 1.58306  best 1.58306  step 0.0074  *
05:00:49     iter 392  obj 1.50483  best 1.58306  step 0.0074
05:00:50     iter 393  obj 1.55151  best 1.58306  step 0.0074
05:00:51     iter 394  obj 1.49573  best 1.58306  step 0.0074
05:00:52     iter 395  obj 1.27369  best 1.58306  step 0.0074
05:00:53     iter 396  obj 1.53057  best 1.58306  step 0.0037  halved
05:00:54     iter 397  obj 1.57207  best 1.58306  step 0.0037
05:00:55     iter 398  obj 0.94751  best 1.58306  step 0.0037
05:00:56     iter 399  obj 1.51428  best 1.58306  step 0.0037
05:00:57     iter 400  obj 1.00229  best 1.58306  step 0.0037
05:00:57      poisoned ce=1.20149 auc=0.3936 acc=0.7390 f1=0.0842  dce=+0.74686 dacc=-0.0670  k=1500  [421.5s]
05:00:57   mean over 1 trials: dce=+0.74686 dacc=-0.0670 dauc=-0.3219  -> results/niter_be/lcld_v2_lcld_rs1_it400
