09:47:56 [x-capgd] /home/ssn899/Desktop/TabFM/datasets/url_unique/splits/selected/natural/context_5000.csv (5000x63) -> /home/ssn899/Desktop/TabFM/datasets/url_unique/splits/test_attack_1000.csv (1000 of 1000)  k=200 (4.0%)  attack_class=None  grid 5x3  cuda:0
09:48:00   clean  ce=0.09328 auc=0.9935 acc=0.9650 f1=0.9644  max|dp| over 3 repeats=0.00e+00  chunking_exact=True  [3.3s]
09:48:00   constraints=full (14 relations, dataset 'url_unique')  scaler=metadata  mutable 63/63  int 58  cat 0
09:48:00   -- trial run0_sub0
09:48:03     iter   0  obj 0.09328  best 0.09328  step 0.9500
09:48:05     iter   1  obj -4.96067  best 0.09328  step 0.9500
09:48:07     iter   2  obj -0.60537  best 0.09328  step 0.9500
09:48:09     iter   3  obj -0.31867  best 0.09328  step 0.9500
09:48:11     iter   4  obj -0.04833  best 0.09328  step 0.9500
09:48:14     iter   5  obj -0.59615  best 0.09328  step 0.9500
09:48:16     iter   6  obj -0.35030  best 0.09328  step 0.9500
09:48:18     iter   7  obj -1.17427  best 0.09328  step 0.9500
09:48:20     iter   8  obj -0.68111  best 0.09328  step 0.4750  halved
09:48:22     iter   9  obj -3.37607  best 0.09328  step 0.4750
09:48:25     iter  10  obj -1.39755  best 0.09328  step 0.4750
09:48:27     iter  11  obj -0.44350  best 0.09328  step 0.4750
09:48:29     iter  12  obj -0.26500  best 0.09328  step 0.4750
09:48:31     iter  13  obj -0.17810  best 0.09328  step 0.4750
09:48:33     iter  14  obj 0.00093  best 0.09328  step 0.4750
09:48:36     iter  15  obj 0.07235  best 0.09328  step 0.4750
09:48:38     iter  16  obj -0.09402  best 0.09328  step 0.4750
09:48:40     iter  17  obj -0.47114  best 0.09328  step 0.4750
09:48:42     iter  18  obj 0.02602  best 0.09328  step 0.4750
09:48:44     iter  19  obj -0.10612  best 0.09328  step 0.4750
09:48:47     iter  20  obj -0.02808  best 0.09328  step 0.4750
09:48:49     iter  21  obj -0.30055  best 0.09328  step 0.2375  halved
09:48:51     iter  22  obj -3.31283  best 0.09328  step 0.2375
09:48:53     iter  23  obj -0.61603  best 0.09328  step 0.2375
09:48:55     iter  24  obj -0.04027  best 0.09328  step 0.2375
09:48:57     iter  25  obj 0.00727  best 0.09328  step 0.2375
09:49:00     iter  26  obj 0.03242  best 0.09328  step 0.2375
09:49:02     iter  27  obj -0.30081  best 0.09328  step 0.2375
09:49:04     iter  28  obj -0.37735  best 0.09328  step 0.2375
09:49:06     iter  29  obj -0.06898  best 0.09328  step 0.2375
09:49:08     iter  30  obj -0.23023  best 0.09328  step 0.1187  halved
09:49:11     iter  31  obj -6.10038  best 0.09328  step 0.1187
09:49:13     iter  32  obj -0.07248  best 0.09328  step 0.1187
09:49:15     iter  33  obj -0.00692  best 0.09328  step 0.0594  halved
09:49:17     iter  34  obj -2.95375  best 0.09328  step 0.0594
09:49:19     iter  35  obj -0.12289  best 0.09328  step 0.0297  halved
09:49:22     iter  36  obj 0.07593  best 0.09328  step 0.0297
09:49:24     iter  37  obj 0.07749  best 0.09328  step 0.0297
09:49:26     iter  38  obj 0.10715  best 0.10715  step 0.0297  *
09:49:28     iter  39  obj 0.09051  best 0.10715  step 0.0148  halved
09:49:30     iter  40  obj 0.10540  best 0.10715  step 0.0148
09:49:32      poisoned ce=0.10177 auc=0.9925 acc=0.9620 f1=0.9615  dce=+0.00849 dacc=-0.0030  k=200  [91.3s]
09:49:32   -- trial run0_sub1
09:49:34     iter   0  obj 0.09328  best 0.09328  step 0.9500
09:49:36     iter   1  obj -4.53668  best 0.09328  step 0.9500
09:49:38     iter   2  obj -0.19154  best 0.09328  step 0.9500
09:49:41     iter   3  obj -0.18288  best 0.09328  step 0.9500
09:49:43     iter   4  obj -0.08351  best 0.09328  step 0.9500
09:49:45     iter   5  obj -0.08967  best 0.09328  step 0.9500
09:49:47     iter   6  obj -0.69078  best 0.09328  step 0.9500
09:49:49     iter   7  obj -1.12879  best 0.09328  step 0.9500
09:49:52     iter   8  obj -0.61287  best 0.09328  step 0.4750  halved
09:49:54     iter   9  obj -2.73671  best 0.09328  step 0.4750
09:49:56     iter  10  obj -1.31593  best 0.09328  step 0.4750
09:49:58     iter  11  obj -0.08150  best 0.09328  step 0.4750
09:50:00     iter  12  obj -0.03139  best 0.09328  step 0.4750
09:50:03     iter  13  obj -0.14902  best 0.09328  step 0.4750
09:50:05     iter  14  obj 0.09947  best 0.09947  step 0.4750  *
09:50:07     iter  15  obj 0.05893  best 0.09947  step 0.2375  halved
09:50:09     iter  16  obj 0.10230  best 0.10230  step 0.2375  *
09:50:11     iter  17  obj -0.02135  best 0.10230  step 0.2375
09:50:14     iter  18  obj 0.06156  best 0.10230  step 0.2375
09:50:16     iter  19  obj -0.06965  best 0.10230  step 0.2375
09:50:18     iter  20  obj -0.39568  best 0.10230  step 0.2375
09:50:20     iter  21  obj -0.06153  best 0.10230  step 0.1187  halved
09:50:22     iter  22  obj -0.92125  best 0.10230  step 0.1187
09:50:24     iter  23  obj 0.03500  best 0.10230  step 0.1187
09:50:27     iter  24  obj 0.03901  best 0.10230  step 0.1187
09:50:29     iter  25  obj 0.02922  best 0.10230  step 0.1187
09:50:31     iter  26  obj 0.10886  best 0.10886  step 0.0594  *  halved
09:50:33     iter  27  obj 0.11376  best 0.11376  step 0.0594  *
09:50:35     iter  28  obj 0.11319  best 0.11376  step 0.0594
09:50:38     iter  29  obj 0.11382  best 0.11382  step 0.0594  *
09:50:40     iter  30  obj 0.11460  best 0.11460  step 0.0297  *  halved
09:50:42     iter  31  obj 0.12196  best 0.12196  step 0.0297  *
09:50:44     iter  32  obj 0.12990  best 0.12990  step 0.0297  *
09:50:46     iter  33  obj 0.13474  best 0.13474  step 0.0297  *
09:50:49     iter  34  obj 0.13154  best 0.13474  step 0.0297
09:50:51     iter  35  obj 0.12971  best 0.13474  step 0.0148  halved
09:50:53     iter  36  obj 0.14098  best 0.14098  step 0.0148  *
09:50:55     iter  37  obj 0.13617  best 0.14098  step 0.0074  halved
09:50:57     iter  38  obj 0.14163  best 0.14163  step 0.0074  *
09:51:00     iter  39  obj 0.14750  best 0.14750  step 0.0074  *
09:51:02     iter  40  obj 0.14870  best 0.14870  step 0.0074  *
09:51:03      poisoned ce=0.10472 auc=0.9922 acc=0.9650 f1=0.9646  dce=+0.01144 dacc=+0.0000  k=200  [91.4s]
09:51:03   -- trial run0_sub2
09:51:05     iter   0  obj 0.09328  best 0.09328  step 0.9500
09:51:08     iter   1  obj -4.26305  best 0.09328  step 0.9500
09:51:10     iter   2  obj -0.25894  best 0.09328  step 0.9500
09:51:12     iter   3  obj -0.56845  best 0.09328  step 0.9500
09:51:14     iter   4  obj -0.19911  best 0.09328  step 0.9500
09:51:16     iter   5  obj -0.18746  best 0.09328  step 0.9500
09:51:19     iter   6  obj -0.45331  best 0.09328  step 0.9500
09:51:21     iter   7  obj -0.63045  best 0.09328  step 0.9500
09:51:23     iter   8  obj -0.72423  best 0.09328  step 0.4750  halved
09:51:25     iter   9  obj -2.92124  best 0.09328  step 0.4750
09:51:27     iter  10  obj -0.58722  best 0.09328  step 0.4750
09:51:30     iter  11  obj -0.06528  best 0.09328  step 0.4750
09:51:32     iter  12  obj -0.25280  best 0.09328  step 0.4750
09:51:34     iter  13  obj -0.23410  best 0.09328  step 0.4750
09:51:36     iter  14  obj 0.08796  best 0.09328  step 0.4750
09:51:38     iter  15  obj -0.13326  best 0.09328  step 0.2375  halved
09:51:41     iter  16  obj -5.33271  best 0.09328  step 0.2375
09:51:43     iter  17  obj -0.10196  best 0.09328  step 0.2375
09:51:45     iter  18  obj 0.10047  best 0.10047  step 0.2375  *
09:51:47     iter  19  obj 0.06236  best 0.10047  step 0.2375
09:51:49     iter  20  obj -0.00852  best 0.10047  step 0.2375
09:51:52     iter  21  obj -0.11185  best 0.10047  step 0.1187  halved
09:51:54     iter  22  obj 0.09396  best 0.10047  step 0.1187
09:51:56     iter  23  obj 0.09936  best 0.10047  step 0.1187
09:51:58     iter  24  obj 0.09993  best 0.10047  step 0.1187
09:52:00     iter  25  obj 0.10687  best 0.10687  step 0.1187  *
09:52:03     iter  26  obj 0.08694  best 0.10687  step 0.1187
09:52:05     iter  27  obj 0.10132  best 0.10687  step 0.1187
09:52:07     iter  28  obj 0.04024  best 0.10687  step 0.1187
09:52:09     iter  29  obj 0.07446  best 0.10687  step 0.1187
09:52:11     iter  30  obj 0.10936  best 0.10936  step 0.0594  *  halved
09:52:14     iter  31  obj 0.09081  best 0.10936  step 0.0594
09:52:16     iter  32  obj 0.06322  best 0.10936  step 0.0594
09:52:18     iter  33  obj 0.10968  best 0.10968  step 0.0297  *  halved
09:52:20     iter  34  obj 0.11810  best 0.11810  step 0.0297  *
09:52:22     iter  35  obj 0.12271  best 0.12271  step 0.0297  *
09:52:25     iter  36  obj 0.12221  best 0.12271  step 0.0297
09:52:27     iter  37  obj 0.12782  best 0.12782  step 0.0148  *  halved
09:52:29     iter  38  obj 0.12864  best 0.12864  step 0.0148  *
09:52:31     iter  39  obj 0.13113  best 0.13113  step 0.0148  *
09:52:33     iter  40  obj 0.13649  best 0.13649  step 0.0148  *
09:52:35      poisoned ce=0.10716 auc=0.9918 acc=0.9640 f1=0.9636  dce=+0.01388 dacc=-0.0010  k=200  [91.5s]
09:52:35   -- trial run1_sub0
09:52:37     iter   0  obj -5.26230  best -5.26230  step 0.9500
09:52:39     iter   1  obj -0.60801  best -0.60801  step 0.9500  *
09:52:42     iter   2  obj -0.34748  best -0.34748  step 0.9500  *
09:52:44     iter   3  obj -0.34771  best -0.34748  step 0.9500
09:52:46     iter   4  obj -0.79287  best -0.34748  step 0.9500
09:52:48     iter   5  obj -0.62001  best -0.34748  step 0.9500
09:52:51     iter   6  obj -2.34447  best -0.34748  step 0.9500
09:52:53     iter   7  obj -0.59542  best -0.34748  step 0.9500
09:52:55     iter   8  obj -0.48951  best -0.34748  step 0.4750  halved
09:52:57     iter   9  obj -3.17596  best -0.34748  step 0.4750
09:53:00     iter  10  obj -0.22188  best -0.22188  step 0.4750  *
09:53:02     iter  11  obj 0.04110  best 0.04110  step 0.4750  *
09:53:04     iter  12  obj 0.03274  best 0.04110  step 0.4750
09:53:07     iter  13  obj -0.04952  best 0.04110  step 0.4750
09:53:09     iter  14  obj -0.34680  best 0.04110  step 0.4750
09:53:11     iter  15  obj 0.09691  best 0.09691  step 0.2375  *  halved
09:53:13     iter  16  obj 0.06516  best 0.09691  step 0.2375
09:53:16     iter  17  obj -0.14436  best 0.09691  step 0.2375
09:53:18     iter  18  obj -0.06651  best 0.09691  step 0.2375
09:53:20     iter  19  obj -0.04509  best 0.09691  step 0.2375
09:53:22     iter  20  obj -0.32797  best 0.09691  step 0.2375
09:53:25     iter  21  obj -0.14717  best 0.09691  step 0.1187  halved
09:53:27     iter  22  obj -0.56412  best 0.09691  step 0.1187
09:53:29     iter  23  obj 0.04891  best 0.09691  step 0.1187
09:53:31     iter  24  obj 0.10432  best 0.10432  step 0.1187  *
09:53:34     iter  25  obj -0.05258  best 0.10432  step 0.1187
09:53:36     iter  26  obj 0.11142  best 0.11142  step 0.0594  *  halved
09:53:38     iter  27  obj 0.11103  best 0.11142  step 0.0594
09:53:41     iter  28  obj 0.11668  best 0.11668  step 0.0594  *
09:53:43     iter  29  obj 0.09390  best 0.11668  step 0.0594
09:53:45     iter  30  obj 0.11280  best 0.11668  step 0.0297  halved
09:53:47     iter  31  obj 0.12321  best 0.12321  step 0.0297  *
09:53:50     iter  32  obj 0.08628  best 0.12321  step 0.0297
09:53:52     iter  33  obj 0.12376  best 0.12376  step 0.0148  *  halved
09:53:54     iter  34  obj 0.11681  best 0.12376  step 0.0148
09:53:56     iter  35  obj 0.13837  best 0.13837  step 0.0074  *  halved
09:53:59     iter  36  obj 0.14199  best 0.14199  step 0.0074  *
09:54:01     iter  37  obj 0.14662  best 0.14662  step 0.0074  *
09:54:03     iter  38  obj 0.14775  best 0.14775  step 0.0074  *
09:54:06     iter  39  obj 0.14931  best 0.14931  step 0.0074  *
09:54:08     iter  40  obj 0.15084  best 0.15084  step 0.0074  *
09:54:09      poisoned ce=0.09569 auc=0.9933 acc=0.9680 f1=0.9676  dce=+0.00241 dacc=+0.0030  k=200  [94.5s]
09:54:09   -- trial run1_sub1
09:54:12     iter   0  obj -4.97315  best -4.97315  step 0.9500
09:54:14     iter   1  obj -0.70850  best -0.70850  step 0.9500  *
09:54:16     iter   2  obj -0.63479  best -0.63479  step 0.9500  *
09:54:18     iter   3  obj -0.52523  best -0.52523  step 0.9500  *
09:54:21     iter   4  obj -0.18160  best -0.18160  step 0.9500  *
09:54:23     iter   5  obj -0.69485  best -0.18160  step 0.9500
09:54:25     iter   6  obj -1.85731  best -0.18160  step 0.9500
09:54:27     iter   7  obj -1.47764  best -0.18160  step 0.9500
09:54:30     iter   8  obj -0.71932  best -0.18160  step 0.4750  halved
09:54:32     iter   9  obj -2.35612  best -0.18160  step 0.4750
09:54:34     iter  10  obj -0.99590  best -0.18160  step 0.4750
09:54:36     iter  11  obj -0.33927  best -0.18160  step 0.4750
09:54:39     iter  12  obj -0.15743  best -0.15743  step 0.4750  *
09:54:41     iter  13  obj -0.09128  best -0.09128  step 0.4750  *
09:54:43     iter  14  obj -0.76896  best -0.09128  step 0.4750
09:54:46     iter  15  obj -0.61442  best -0.09128  step 0.2375  halved
09:54:48     iter  16  obj -0.06584  best -0.06584  step 0.2375  *
09:54:50     iter  17  obj -0.27205  best -0.06584  step 0.2375
09:54:52     iter  18  obj -0.18399  best -0.06584  step 0.2375
09:54:55     iter  19  obj -0.50543  best -0.06584  step 0.2375
09:54:57     iter  20  obj -0.13600  best -0.06584  step 0.2375
09:54:59     iter  21  obj -0.01728  best -0.01728  step 0.1187  *  halved
09:55:01     iter  22  obj 0.07591  best 0.07591  step 0.1187  *
09:55:04     iter  23  obj -0.17907  best 0.07591  step 0.1187
09:55:06     iter  24  obj 0.08646  best 0.08646  step 0.1187  *
09:55:08     iter  25  obj 0.03873  best 0.08646  step 0.1187
09:55:11     iter  26  obj 0.13536  best 0.13536  step 0.0594  *  halved
09:55:13     iter  27  obj 0.14691  best 0.14691  step 0.0594  *
09:55:15     iter  28  obj 0.09967  best 0.14691  step 0.0594
09:55:17     iter  29  obj 0.16945  best 0.16945  step 0.0594  *
09:55:20     iter  30  obj 0.13479  best 0.16945  step 0.0297  halved
09:55:22     iter  31  obj 0.18862  best 0.18862  step 0.0297  *
09:55:24     iter  32  obj 0.20956  best 0.20956  step 0.0297  *
09:55:26     iter  33  obj 0.23635  best 0.23635  step 0.0297  *
09:55:29     iter  34  obj 0.25153  best 0.25153  step 0.0297  *
09:55:31     iter  35  obj 0.26247  best 0.26247  step 0.0297  *
09:55:33     iter  36  obj 0.31195  best 0.31195  step 0.0297  *
09:55:36     iter  37  obj 0.32253  best 0.32253  step 0.0297  *
09:55:38     iter  38  obj 0.27037  best 0.32253  step 0.0297
09:55:40     iter  39  obj 0.33297  best 0.33297  step 0.0148  *  halved
09:55:42     iter  40  obj 0.37017  best 0.37017  step 0.0148  *
09:55:44      poisoned ce=0.09582 auc=0.9936 acc=0.9650 f1=0.9645  dce=+0.00254 dacc=+0.0000  k=200  [94.5s]
09:55:44   -- trial run1_sub2
09:55:46     iter   0  obj -4.21289  best -4.21289  step 0.9500
09:55:48     iter   1  obj -1.16413  best -1.16413  step 0.9500  *
09:55:51     iter   2  obj -0.62415  best -0.62415  step 0.9500  *
09:55:53     iter   3  obj -0.19293  best -0.19293  step 0.9500  *
09:55:55     iter   4  obj -0.54006  best -0.19293  step 0.9500
09:55:57     iter   5  obj -0.81747  best -0.19293  step 0.9500
09:56:00     iter   6  obj -0.96143  best -0.19293  step 0.9500
09:56:02     iter   7  obj -1.88494  best -0.19293  step 0.9500
09:56:04     iter   8  obj -0.25818  best -0.19293  step 0.4750  halved
09:56:06     iter   9  obj -3.41499  best -0.19293  step 0.4750
09:56:09     iter  10  obj 0.07434  best 0.07434  step 0.4750  *
09:56:11     iter  11  obj -0.32200  best 0.07434  step 0.4750
09:56:13     iter  12  obj 0.03092  best 0.07434  step 0.4750
09:56:16     iter  13  obj -0.23739  best 0.07434  step 0.4750
09:56:18     iter  14  obj -0.22847  best 0.07434  step 0.4750
09:56:20     iter  15  obj -0.02651  best 0.07434  step 0.2375  halved
09:56:22     iter  16  obj -1.75740  best 0.07434  step 0.2375
09:56:25     iter  17  obj 0.08788  best 0.08788  step 0.2375  *
09:56:27     iter  18  obj -0.16038  best 0.08788  step 0.2375
09:56:29     iter  19  obj 0.07029  best 0.08788  step 0.2375
09:56:31     iter  20  obj -0.02280  best 0.08788  step 0.2375
09:56:34     iter  21  obj -0.13667  best 0.08788  step 0.1187  halved
09:56:36     iter  22  obj -0.70950  best 0.08788  step 0.1187
09:56:38     iter  23  obj 0.08709  best 0.08788  step 0.1187
09:56:41     iter  24  obj 0.09436  best 0.09436  step 0.1187  *
09:56:43     iter  25  obj 0.10010  best 0.10010  step 0.1187  *
09:56:45     iter  26  obj 0.10545  best 0.10545  step 0.1187  *
09:56:47     iter  27  obj 0.10283  best 0.10545  step 0.1187
09:56:50     iter  28  obj -0.00392  best 0.10545  step 0.1187
09:56:52     iter  29  obj 0.10673  best 0.10673  step 0.1187  *
09:56:54     iter  30  obj 0.00123  best 0.10673  step 0.0594  halved
09:56:56     iter  31  obj 0.10515  best 0.10673  step 0.0594
09:56:59     iter  32  obj 0.11513  best 0.11513  step 0.0594  *
09:57:01     iter  33  obj 0.11815  best 0.11815  step 0.0594  *
09:57:03     iter  34  obj 0.12126  best 0.12126  step 0.0594  *
09:57:06     iter  35  obj 0.12231  best 0.12231  step 0.0594  *
09:57:08     iter  36  obj 0.12620  best 0.12620  step 0.0594  *
09:57:10     iter  37  obj 0.12520  best 0.12620  step 0.0297  halved
09:57:12     iter  38  obj 0.13394  best 0.13394  step 0.0297  *
09:57:15     iter  39  obj 0.13617  best 0.13617  step 0.0297  *
09:57:17     iter  40  obj 0.14449  best 0.14449  step 0.0297  *
09:57:18      poisoned ce=0.09326 auc=0.9936 acc=0.9680 f1=0.9675  dce=-0.00002 dacc=+0.0030  k=200  [94.6s]
09:57:18   -- trial run2_sub0
09:57:21     iter   0  obj -5.78725  best -5.78725  step 0.9500
09:57:23     iter   1  obj -0.51222  best -0.51222  step 0.9500  *
09:57:25     iter   2  obj -0.48542  best -0.48542  step 0.9500  *
09:57:27     iter   3  obj -0.55278  best -0.48542  step 0.9500
09:57:30     iter   4  obj -0.42058  best -0.42058  step 0.9500  *
09:57:32     iter   5  obj -0.39128  best -0.39128  step 0.9500  *
09:57:34     iter   6  obj -2.21320  best -0.39128  step 0.9500
09:57:36     iter   7  obj -0.50200  best -0.39128  step 0.9500
09:57:39     iter   8  obj -0.86428  best -0.39128  step 0.4750  halved
09:57:41     iter   9  obj -3.67320  best -0.39128  step 0.4750
09:57:43     iter  10  obj -0.06292  best -0.06292  step 0.4750  *
09:57:46     iter  11  obj -0.51441  best -0.06292  step 0.4750
09:57:48     iter  12  obj -0.68307  best -0.06292  step 0.4750
09:57:50     iter  13  obj -0.54154  best -0.06292  step 0.4750
09:57:52     iter  14  obj -0.38401  best -0.06292  step 0.4750
09:57:55     iter  15  obj 0.06869  best 0.06869  step 0.2375  *  halved
09:57:57     iter  16  obj -0.22675  best 0.06869  step 0.2375
09:57:59     iter  17  obj -0.72231  best 0.06869  step 0.2375
09:58:01     iter  18  obj -0.24386  best 0.06869  step 0.2375
09:58:04     iter  19  obj -0.44865  best 0.06869  step 0.2375
09:58:06     iter  20  obj -0.53237  best 0.06869  step 0.2375
09:58:08     iter  21  obj -0.15728  best 0.06869  step 0.1187  halved
09:58:11     iter  22  obj -1.39304  best 0.06869  step 0.1187
09:58:13     iter  23  obj 0.05526  best 0.06869  step 0.1187
09:58:15     iter  24  obj -0.01017  best 0.06869  step 0.1187
09:58:17     iter  25  obj 0.10401  best 0.10401  step 0.1187  *
09:58:20     iter  26  obj 0.10781  best 0.10781  step 0.0594  *  halved
09:58:22     iter  27  obj -0.03075  best 0.10781  step 0.0594
09:58:24     iter  28  obj 0.11768  best 0.11768  step 0.0594  *
09:58:26     iter  29  obj 0.12066  best 0.12066  step 0.0594  *
09:58:29     iter  30  obj 0.12357  best 0.12357  step 0.0297  *  halved
09:58:31     iter  31  obj 0.12790  best 0.12790  step 0.0297  *
09:58:33     iter  32  obj 0.13481  best 0.13481  step 0.0297  *
09:58:36     iter  33  obj 0.13883  best 0.13883  step 0.0297  *
09:58:38     iter  34  obj 0.13914  best 0.13914  step 0.0297  *
09:58:40     iter  35  obj 0.14424  best 0.14424  step 0.0297  *
09:58:42     iter  36  obj 0.14277  best 0.14424  step 0.0297
09:58:45     iter  37  obj 0.14948  best 0.14948  step 0.0148  *  halved
09:58:47     iter  38  obj 0.16247  best 0.16247  step 0.0148  *
09:58:49     iter  39  obj 0.17033  best 0.17033  step 0.0148  *
09:58:51     iter  40  obj 0.17302  best 0.17302  step 0.0148  *
09:58:53      poisoned ce=0.09559 auc=0.9934 acc=0.9690 f1=0.9686  dce=+0.00232 dacc=+0.0040  k=200  [94.6s]
09:58:53   -- trial run2_sub1
09:58:55     iter   0  obj -5.44524  best -5.44524  step 0.9500
09:58:57     iter   1  obj -1.00946  best -1.00946  step 0.9500  *
09:59:00     iter   2  obj -0.34754  best -0.34754  step 0.9500  *
09:59:02     iter   3  obj -0.15519  best -0.15519  step 0.9500  *
09:59:04     iter   4  obj -1.24076  best -0.15519  step 0.9500
09:59:07     iter   5  obj -0.36153  best -0.15519  step 0.9500
09:59:09     iter   6  obj -1.51575  best -0.15519  step 0.9500
09:59:11     iter   7  obj -0.90483  best -0.15519  step 0.9500
09:59:13     iter   8  obj -0.81187  best -0.15519  step 0.4750  halved
09:59:16     iter   9  obj -2.59883  best -0.15519  step 0.4750
09:59:18     iter  10  obj -0.13715  best -0.13715  step 0.4750  *
09:59:20     iter  11  obj -0.26016  best -0.13715  step 0.4750
09:59:22     iter  12  obj -0.29454  best -0.13715  step 0.4750
09:59:25     iter  13  obj -0.33093  best -0.13715  step 0.4750
09:59:27     iter  14  obj -0.14654  best -0.13715  step 0.4750
09:59:29     iter  15  obj 0.02108  best 0.02108  step 0.2375  *  halved
09:59:32     iter  16  obj -0.21219  best 0.02108  step 0.2375
09:59:34     iter  17  obj 0.02522  best 0.02522  step 0.2375  *
09:59:36     iter  18  obj -0.23974  best 0.02522  step 0.2375
09:59:38     iter  19  obj -0.03587  best 0.02522  step 0.2375
09:59:41     iter  20  obj -0.24276  best 0.02522  step 0.2375
09:59:43     iter  21  obj -0.16867  best 0.02522  step 0.1187  halved
09:59:45     iter  22  obj -0.65325  best 0.02522  step 0.1187
09:59:47     iter  23  obj 0.10823  best 0.10823  step 0.1187  *
09:59:50     iter  24  obj 0.04059  best 0.10823  step 0.1187
09:59:52     iter  25  obj 0.10928  best 0.10928  step 0.1187  *
09:59:54     iter  26  obj 0.11635  best 0.11635  step 0.0594  *  halved
09:59:57     iter  27  obj 0.11833  best 0.11833  step 0.0594  *
09:59:59     iter  28  obj 0.12220  best 0.12220  step 0.0594  *
10:00:01     iter  29  obj 0.10518  best 0.12220  step 0.0594
10:00:03     iter  30  obj 0.10092  best 0.12220  step 0.0297  halved
10:00:06     iter  31  obj 0.13028  best 0.13028  step 0.0297  *
10:00:08     iter  32  obj 0.12521  best 0.13028  step 0.0297
10:00:10     iter  33  obj 0.14088  best 0.14088  step 0.0148  *  halved
10:00:12     iter  34  obj 0.14971  best 0.14971  step 0.0148  *
10:00:15     iter  35  obj 0.15227  best 0.15227  step 0.0148  *
10:00:17     iter  36  obj 0.15856  best 0.15856  step 0.0148  *
10:00:19     iter  37  obj 0.16524  best 0.16524  step 0.0148  *
10:00:22     iter  38  obj 0.16821  best 0.16821  step 0.0148  *
10:00:24     iter  39  obj 0.17254  best 0.17254  step 0.0148  *
10:00:26     iter  40  obj 0.17585  best 0.17585  step 0.0148  *
10:00:27      poisoned ce=0.09419 auc=0.9935 acc=0.9660 f1=0.9655  dce=+0.00091 dacc=+0.0010  k=200  [94.6s]
10:00:27   -- trial run2_sub2
10:00:30     iter   0  obj -6.35310  best -6.35310  step 0.9500
10:00:32     iter   1  obj -1.01842  best -1.01842  step 0.9500  *
10:00:34     iter   2  obj -0.53969  best -0.53969  step 0.9500  *
10:00:37     iter   3  obj -0.41003  best -0.41003  step 0.9500  *
10:00:39     iter   4  obj -0.06149  best -0.06149  step 0.9500  *
10:00:41     iter   5  obj -0.55602  best -0.06149  step 0.9500
10:00:43     iter   6  obj -1.68338  best -0.06149  step 0.9500
10:00:46     iter   7  obj -0.54028  best -0.06149  step 0.9500
10:00:48     iter   8  obj -0.83154  best -0.06149  step 0.4750  halved
10:00:50     iter   9  obj -2.79006  best -0.06149  step 0.4750
10:00:52     iter  10  obj -0.73649  best -0.06149  step 0.4750
10:00:55     iter  11  obj 0.01955  best 0.01955  step 0.4750  *
10:00:57     iter  12  obj -0.53221  best 0.01955  step 0.4750
10:00:59     iter  13  obj -0.10444  best 0.01955  step 0.4750
10:01:02     iter  14  obj -0.30249  best 0.01955  step 0.4750
10:01:04     iter  15  obj -0.72998  best 0.01955  step 0.2375  halved
10:01:06     iter  16  obj -1.33027  best 0.01955  step 0.2375
10:01:08     iter  17  obj -0.04103  best 0.01955  step 0.2375
10:01:11     iter  18  obj -0.20142  best 0.01955  step 0.2375
10:01:13     iter  19  obj -0.14687  best 0.01955  step 0.2375
10:01:15     iter  20  obj 0.02156  best 0.02156  step 0.2375  *
10:01:17     iter  21  obj -0.20900  best 0.02156  step 0.1187  halved
10:01:20     iter  22  obj -0.10281  best 0.02156  step 0.1187
10:01:22     iter  23  obj 0.11378  best 0.11378  step 0.1187  *
10:01:24     iter  24  obj 0.03290  best 0.11378  step 0.1187
10:01:27     iter  25  obj 0.01111  best 0.11378  step 0.1187
10:01:29     iter  26  obj 0.11971  best 0.11971  step 0.0594  *  halved
10:01:31     iter  27  obj 0.12333  best 0.12333  step 0.0594  *
10:01:33     iter  28  obj -0.01553  best 0.12333  step 0.0594
10:01:36     iter  29  obj 0.11887  best 0.12333  step 0.0594
10:01:38     iter  30  obj 0.05580  best 0.12333  step 0.0297  halved
10:01:40     iter  31  obj -0.03853  best 0.12333  step 0.0297
10:01:42     iter  32  obj 0.12965  best 0.12965  step 0.0297  *
10:01:45     iter  33  obj 0.12917  best 0.12965  step 0.0148  halved
10:01:47     iter  34  obj 0.13413  best 0.13413  step 0.0148  *
10:01:49     iter  35  obj 0.13926  best 0.13926  step 0.0148  *
10:01:52     iter  36  obj 0.14497  best 0.14497  step 0.0148  *
10:01:54     iter  37  obj 0.13903  best 0.14497  step 0.0074  halved
10:01:56     iter  38  obj 0.14977  best 0.14977  step 0.0074  *
10:01:58     iter  39  obj 0.15477  best 0.15477  step 0.0074  *
10:02:01     iter  40  obj 0.15994  best 0.15994  step 0.0074  *
10:02:02      poisoned ce=0.09443 auc=0.9935 acc=0.9670 f1=0.9665  dce=+0.00115 dacc=+0.0020  k=200  [94.5s]
10:02:02   -- trial run3_sub0
10:02:04     iter   0  obj -6.87454  best -6.87454  step 0.9500
10:02:07     iter   1  obj -0.24838  best -0.24838  step 0.9500  *
10:02:09     iter   2  obj -0.62597  best -0.24838  step 0.9500
10:02:11     iter   3  obj -0.55235  best -0.24838  step 0.9500
10:02:13     iter   4  obj -0.50739  best -0.24838  step 0.9500
10:02:16     iter   5  obj -0.70199  best -0.24838  step 0.9500
10:02:18     iter   6  obj -2.53094  best -0.24838  step 0.9500
10:02:20     iter   7  obj -0.51828  best -0.24838  step 0.9500
10:02:22     iter   8  obj -0.57457  best -0.24838  step 0.4750  halved
10:02:25     iter   9  obj -2.36847  best -0.24838  step 0.4750
10:02:27     iter  10  obj -0.69946  best -0.24838  step 0.4750
10:02:29     iter  11  obj -0.18341  best -0.18341  step 0.4750  *
10:02:32     iter  12  obj -0.23032  best -0.18341  step 0.4750
10:02:34     iter  13  obj -1.01536  best -0.18341  step 0.4750
10:02:36     iter  14  obj -0.28753  best -0.18341  step 0.4750
10:02:38     iter  15  obj -0.20422  best -0.18341  step 0.2375  halved
10:02:41     iter  16  obj -1.70982  best -0.18341  step 0.2375
10:02:43     iter  17  obj -0.53705  best -0.18341  step 0.2375
10:02:45     iter  18  obj -0.18707  best -0.18341  step 0.2375
10:02:47     iter  19  obj -0.08617  best -0.08617  step 0.2375  *
10:02:50     iter  20  obj 0.04565  best 0.04565  step 0.2375  *
10:02:52     iter  21  obj 0.10258  best 0.10258  step 0.2375  *
10:02:54     iter  22  obj 0.05689  best 0.10258  step 0.2375
10:02:57     iter  23  obj 0.10756  best 0.10756  step 0.2375  *
10:02:59     iter  24  obj 0.10831  best 0.10831  step 0.2375  *
10:03:01     iter  25  obj 0.06360  best 0.10831  step 0.2375
10:03:03     iter  26  obj 0.10896  best 0.10896  step 0.1187  *  halved
10:03:06     iter  27  obj 0.03971  best 0.10896  step 0.1187
10:03:08     iter  28  obj 0.09674  best 0.10896  step 0.1187
10:03:10     iter  29  obj 0.12879  best 0.12879  step 0.1187  *
10:03:12     iter  30  obj 0.13212  best 0.13212  step 0.0594  *  halved
10:03:15     iter  31  obj 0.06876  best 0.13212  step 0.0594
10:03:17     iter  32  obj 0.16152  best 0.16152  step 0.0594  *
10:03:19     iter  33  obj 0.14165  best 0.16152  step 0.0297  halved
10:03:22     iter  34  obj 0.15745  best 0.16152  step 0.0297
10:03:24     iter  35  obj 0.17507  best 0.17507  step 0.0297  *
10:03:26     iter  36  obj 0.20545  best 0.20545  step 0.0297  *
10:03:28     iter  37  obj 0.21519  best 0.21519  step 0.0297  *
10:03:31     iter  38  obj 0.24917  best 0.24917  step 0.0297  *
10:03:33     iter  39  obj 0.26586  best 0.26586  step 0.0297  *
10:03:35     iter  40  obj 0.29772  best 0.29772  step 0.0297  *
10:03:37      poisoned ce=0.09777 auc=0.9930 acc=0.9660 f1=0.9654  dce=+0.00450 dacc=+0.0010  k=200  [94.5s]
10:03:37   -- trial run3_sub1
10:03:39     iter   0  obj -5.76920  best -5.76920  step 0.9500
10:03:41     iter   1  obj -0.56781  best -0.56781  step 0.9500  *
10:03:43     iter   2  obj -0.64001  best -0.56781  step 0.9500
10:03:46     iter   3  obj -0.52502  best -0.52502  step 0.9500  *
10:03:48     iter   4  obj -0.26457  best -0.26457  step 0.9500  *
10:03:50     iter   5  obj -0.41802  best -0.26457  step 0.9500
10:03:52     iter   6  obj -2.40648  best -0.26457  step 0.9500
10:03:55     iter   7  obj -1.42165  best -0.26457  step 0.9500
10:03:57     iter   8  obj -0.56475  best -0.26457  step 0.4750  halved
10:03:59     iter   9  obj -1.57335  best -0.26457  step 0.4750
10:04:02     iter  10  obj -1.03478  best -0.26457  step 0.4750
10:04:04     iter  11  obj -0.22815  best -0.22815  step 0.4750  *
10:04:06     iter  12  obj -0.66880  best -0.22815  step 0.4750
10:04:08     iter  13  obj 0.08065  best 0.08065  step 0.4750  *
10:04:11     iter  14  obj -0.43649  best 0.08065  step 0.4750
10:04:13     iter  15  obj -0.30045  best 0.08065  step 0.2375  halved
10:04:15     iter  16  obj 0.02775  best 0.08065  step 0.2375
10:04:17     iter  17  obj -0.03520  best 0.08065  step 0.2375
10:04:20     iter  18  obj -0.24324  best 0.08065  step 0.2375
10:04:22     iter  19  obj -0.08449  best 0.08065  step 0.2375
10:04:24     iter  20  obj -0.49604  best 0.08065  step 0.2375
10:04:27     iter  21  obj 0.01098  best 0.08065  step 0.1187  halved
10:04:29     iter  22  obj -0.92338  best 0.08065  step 0.1187
10:04:31     iter  23  obj -0.06940  best 0.08065  step 0.1187
10:04:33     iter  24  obj -0.20340  best 0.08065  step 0.1187
10:04:36     iter  25  obj 0.05603  best 0.08065  step 0.1187
10:04:38     iter  26  obj 0.08480  best 0.08480  step 0.0594  *  halved
10:04:40     iter  27  obj -0.03610  best 0.08480  step 0.0594
10:04:42     iter  28  obj 0.05860  best 0.08480  step 0.0594
10:04:45     iter  29  obj 0.11827  best 0.11827  step 0.0594  *
10:04:47     iter  30  obj -0.09892  best 0.11827  step 0.0297  halved
10:04:49     iter  31  obj 0.06190  best 0.11827  step 0.0297
10:04:52     iter  32  obj 0.09316  best 0.11827  step 0.0297
10:04:54     iter  33  obj 0.13582  best 0.13582  step 0.0297  *
10:04:56     iter  34  obj 0.13613  best 0.13613  step 0.0297  *
10:04:58     iter  35  obj 0.14630  best 0.14630  step 0.0297  *
10:05:01     iter  36  obj 0.15133  best 0.15133  step 0.0297  *
10:05:03     iter  37  obj 0.10789  best 0.15133  step 0.0148  halved
10:05:05     iter  38  obj 0.15271  best 0.15271  step 0.0148  *
10:05:07     iter  39  obj 0.16519  best 0.16519  step 0.0148  *
10:05:10     iter  40  obj 0.16962  best 0.16962  step 0.0148  *
10:05:11      poisoned ce=0.09470 auc=0.9937 acc=0.9660 f1=0.9656  dce=+0.00142 dacc=+0.0010  k=200  [94.5s]
10:05:11   -- trial run3_sub2
10:05:13     iter   0  obj -6.13501  best -6.13501  step 0.9500
10:05:16     iter   1  obj -1.29051  best -1.29051  step 0.9500  *
10:05:18     iter   2  obj -0.61131  best -0.61131  step 0.9500  *
10:05:20     iter   3  obj -0.19819  best -0.19819  step 0.9500  *
10:05:22     iter   4  obj -0.89077  best -0.19819  step 0.9500
10:05:25     iter   5  obj -0.08787  best -0.08787  step 0.9500  *
10:05:27     iter   6  obj -1.16152  best -0.08787  step 0.9500
10:05:29     iter   7  obj -1.19995  best -0.08787  step 0.9500
10:05:32     iter   8  obj -0.30819  best -0.08787  step 0.4750  halved
10:05:34     iter   9  obj -2.13891  best -0.08787  step 0.4750
10:05:36     iter  10  obj -0.02156  best -0.02156  step 0.4750  *
10:05:38     iter  11  obj -0.21970  best -0.02156  step 0.4750
10:05:41     iter  12  obj -0.31304  best -0.02156  step 0.4750
10:05:43     iter  13  obj -0.91654  best -0.02156  step 0.4750
10:05:45     iter  14  obj -0.81075  best -0.02156  step 0.4750
10:05:47     iter  15  obj -0.53699  best -0.02156  step 0.2375  halved
10:05:50     iter  16  obj -2.06922  best -0.02156  step 0.2375
10:05:52     iter  17  obj -0.15802  best -0.02156  step 0.2375
10:05:54     iter  18  obj -0.08935  best -0.02156  step 0.2375
10:05:57     iter  19  obj 0.04637  best 0.04637  step 0.2375  *
10:05:59     iter  20  obj -0.08392  best 0.04637  step 0.2375
10:06:01     iter  21  obj -0.00307  best 0.04637  step 0.1187  halved
10:06:03     iter  22  obj 0.08305  best 0.08305  step 0.1187  *
10:06:06     iter  23  obj 0.10896  best 0.10896  step 0.1187  *
10:06:08     iter  24  obj 0.09149  best 0.10896  step 0.1187
10:06:10     iter  25  obj -0.12629  best 0.10896  step 0.1187
10:06:12     iter  26  obj 0.11645  best 0.11645  step 0.0594  *  halved
10:06:15     iter  27  obj 0.12237  best 0.12237  step 0.0594  *
10:06:17     iter  28  obj 0.12697  best 0.12697  step 0.0594  *
10:06:19     iter  29  obj 0.13009  best 0.13009  step 0.0594  *
10:06:22     iter  30  obj 0.13359  best 0.13359  step 0.0594  *
10:06:24     iter  31  obj 0.11248  best 0.13359  step 0.0594
10:06:26     iter  32  obj 0.08024  best 0.13359  step 0.0594
10:06:28     iter  33  obj 0.06386  best 0.13359  step 0.0297  halved
10:06:31     iter  34  obj 0.13587  best 0.13587  step 0.0297  *
10:06:33     iter  35  obj 0.13854  best 0.13854  step 0.0297  *
10:06:35     iter  36  obj 0.14919  best 0.14919  step 0.0297  *
10:06:37     iter  37  obj 0.15125  best 0.15125  step 0.0297  *
10:06:40     iter  38  obj 0.13872  best 0.15125  step 0.0297
10:06:42     iter  39  obj 0.15962  best 0.15962  step 0.0148  *  halved
10:06:44     iter  40  obj 0.16569  best 0.16569  step 0.0148  *
10:06:46      poisoned ce=0.09482 auc=0.9936 acc=0.9640 f1=0.9636  dce=+0.00155 dacc=-0.0010  k=200  [94.6s]
10:06:46   -- trial run4_sub0
10:06:48     iter   0  obj -5.26728  best -5.26728  step 0.9500
10:06:50     iter   1  obj -0.70779  best -0.70779  step 0.9500  *
10:06:52     iter   2  obj -0.23597  best -0.23597  step 0.9500  *
10:06:55     iter   3  obj -1.14611  best -0.23597  step 0.9500
10:06:57     iter   4  obj -0.50019  best -0.23597  step 0.9500
10:06:59     iter   5  obj -0.39527  best -0.23597  step 0.9500
10:07:02     iter   6  obj -0.78056  best -0.23597  step 0.9500
10:07:04     iter   7  obj -1.37061  best -0.23597  step 0.9500
10:07:06     iter   8  obj -0.59688  best -0.23597  step 0.4750  halved
10:07:08     iter   9  obj -3.44877  best -0.23597  step 0.4750
10:07:11     iter  10  obj -0.21110  best -0.21110  step 0.4750  *
10:07:13     iter  11  obj 0.04784  best 0.04784  step 0.4750  *
10:07:15     iter  12  obj -0.01636  best 0.04784  step 0.4750
10:07:17     iter  13  obj 0.08419  best 0.08419  step 0.4750  *
10:07:20     iter  14  obj -0.22778  best 0.08419  step 0.4750
10:07:22     iter  15  obj -0.08271  best 0.08419  step 0.2375  halved
10:07:24     iter  16  obj 0.10645  best 0.10645  step 0.2375  *
10:07:27     iter  17  obj -0.35283  best 0.10645  step 0.2375
10:07:29     iter  18  obj -0.19508  best 0.10645  step 0.2375
10:07:31     iter  19  obj -0.51501  best 0.10645  step 0.2375
10:07:33     iter  20  obj 0.03339  best 0.10645  step 0.2375
10:07:36     iter  21  obj 0.11689  best 0.11689  step 0.1187  *  halved
10:07:38     iter  22  obj 0.03022  best 0.11689  step 0.1187
10:07:40     iter  23  obj 0.12034  best 0.12034  step 0.1187  *
10:07:42     iter  24  obj 0.11904  best 0.12034  step 0.1187
10:07:45     iter  25  obj 0.12481  best 0.12481  step 0.1187  *
10:07:47     iter  26  obj 0.09534  best 0.12481  step 0.0594  halved
10:07:49     iter  27  obj 0.10730  best 0.12481  step 0.0594
10:07:51     iter  28  obj 0.13456  best 0.13456  step 0.0594  *
10:07:54     iter  29  obj 0.13002  best 0.13456  step 0.0594
10:07:56     iter  30  obj 0.13967  best 0.13967  step 0.0297  *  halved
10:07:58     iter  31  obj 0.14480  best 0.14480  step 0.0297  *
10:08:01     iter  32  obj 0.15274  best 0.15274  step 0.0297  *
10:08:03     iter  33  obj 0.15868  best 0.15868  step 0.0297  *
10:08:05     iter  34  obj 0.16351  best 0.16351  step 0.0297  *
10:08:07     iter  35  obj 0.16359  best 0.16359  step 0.0297  *
10:08:10     iter  36  obj 0.17100  best 0.17100  step 0.0297  *
10:08:12     iter  37  obj 0.18257  best 0.18257  step 0.0297  *
10:08:14     iter  38  obj 0.19327  best 0.19327  step 0.0297  *
10:08:16     iter  39  obj 0.19937  best 0.19937  step 0.0297  *
10:08:19     iter  40  obj 0.21423  best 0.21423  step 0.0297  *
10:08:20      poisoned ce=0.09969 auc=0.9928 acc=0.9680 f1=0.9676  dce=+0.00642 dacc=+0.0030  k=200  [94.5s]
10:08:20   -- trial run4_sub1
10:08:22     iter   0  obj -4.53890  best -4.53890  step 0.9500
10:08:25     iter   1  obj -0.91106  best -0.91106  step 0.9500  *
10:08:27     iter   2  obj -0.57317  best -0.57317  step 0.9500  *
10:08:29     iter   3  obj -1.20811  best -0.57317  step 0.9500
10:08:32     iter   4  obj -0.28124  best -0.28124  step 0.9500  *
10:08:34     iter   5  obj -1.20470  best -0.28124  step 0.9500
10:08:36     iter   6  obj -0.97022  best -0.28124  step 0.9500
10:08:38     iter   7  obj -1.11669  best -0.28124  step 0.9500
10:08:41     iter   8  obj -1.25829  best -0.28124  step 0.4750  halved
10:08:43     iter   9  obj -2.66418  best -0.28124  step 0.4750
10:08:45     iter  10  obj -0.34274  best -0.28124  step 0.4750
10:08:47     iter  11  obj -0.16949  best -0.16949  step 0.4750  *
10:08:50     iter  12  obj -0.44170  best -0.16949  step 0.4750
10:08:52     iter  13  obj -0.59633  best -0.16949  step 0.4750
10:08:54     iter  14  obj -0.07244  best -0.07244  step 0.4750  *
10:08:57     iter  15  obj -0.56022  best -0.07244  step 0.2375  halved
10:08:59     iter  16  obj -0.23009  best -0.07244  step 0.2375
10:09:01     iter  17  obj -0.04648  best -0.04648  step 0.2375  *
10:09:03     iter  18  obj -0.04665  best -0.04648  step 0.2375
10:09:06     iter  19  obj -0.04691  best -0.04648  step 0.2375
10:09:08     iter  20  obj 0.10047  best 0.10047  step 0.2375  *
10:09:10     iter  21  obj -0.10375  best 0.10047  step 0.1187  halved
10:09:12     iter  22  obj 0.11752  best 0.11752  step 0.1187  *
10:09:15     iter  23  obj 0.07310  best 0.11752  step 0.1187
10:09:17     iter  24  obj 0.13399  best 0.13399  step 0.1187  *
10:09:19     iter  25  obj -0.03202  best 0.13399  step 0.1187
10:09:21     iter  26  obj 0.11727  best 0.13399  step 0.0594  halved
10:09:24     iter  27  obj 0.13677  best 0.13677  step 0.0594  *
10:09:26     iter  28  obj 0.07981  best 0.13677  step 0.0594
10:09:28     iter  29  obj 0.14319  best 0.14319  step 0.0594  *
10:09:31     iter  30  obj 0.15215  best 0.15215  step 0.0297  *  halved
10:09:33     iter  31  obj 0.15290  best 0.15290  step 0.0297  *
10:09:35     iter  32  obj 0.16107  best 0.16107  step 0.0297  *
10:09:37     iter  33  obj 0.16551  best 0.16551  step 0.0297  *
10:09:40     iter  34  obj 0.17875  best 0.17875  step 0.0297  *
10:09:42     iter  35  obj 0.18963  best 0.18963  step 0.0297  *
10:09:44     iter  36  obj 0.18972  best 0.18972  step 0.0297  *
10:09:46     iter  37  obj 0.18655  best 0.18972  step 0.0148  halved
10:09:49     iter  38  obj 0.20090  best 0.20090  step 0.0148  *
10:09:51     iter  39  obj 0.22649  best 0.22649  step 0.0148  *
10:09:53     iter  40  obj 0.24147  best 0.24147  step 0.0148  *
10:09:55      poisoned ce=0.09414 auc=0.9939 acc=0.9660 f1=0.9657  dce=+0.00086 dacc=+0.0010  k=200  [94.5s]
10:09:55   -- trial run4_sub2
10:09:57     iter   0  obj -5.27586  best -5.27586  step 0.9500
10:09:59     iter   1  obj -0.51513  best -0.51513  step 0.9500  *
10:10:02     iter   2  obj -0.80460  best -0.51513  step 0.9500
10:10:04     iter   3  obj -0.30944  best -0.30944  step 0.9500  *
10:10:06     iter   4  obj -0.37864  best -0.30944  step 0.9500
10:10:08     iter   5  obj -1.00090  best -0.30944  step 0.9500
10:10:11     iter   6  obj -1.20535  best -0.30944  step 0.9500
10:10:13     iter   7  obj -1.58574  best -0.30944  step 0.9500
10:10:15     iter   8  obj -0.72327  best -0.30944  step 0.4750  halved
10:10:17     iter   9  obj -2.44172  best -0.30944  step 0.4750
10:10:20     iter  10  obj -0.39356  best -0.30944  step 0.4750
10:10:22     iter  11  obj 0.03162  best 0.03162  step 0.4750  *
10:10:24     iter  12  obj -0.34100  best 0.03162  step 0.4750
10:10:26     iter  13  obj -0.31044  best 0.03162  step 0.4750
10:10:29     iter  14  obj -0.46396  best 0.03162  step 0.4750
10:10:31     iter  15  obj -0.41922  best 0.03162  step 0.2375  halved
10:10:33     iter  16  obj -1.35314  best 0.03162  step 0.2375
10:10:36     iter  17  obj 0.04532  best 0.04532  step 0.2375  *
10:10:38     iter  18  obj -0.16992  best 0.04532  step 0.2375
10:10:40     iter  19  obj 0.09523  best 0.09523  step 0.2375  *
10:10:42     iter  20  obj 0.03134  best 0.09523  step 0.2375
10:10:45     iter  21  obj 0.09765  best 0.09765  step 0.1187  *  halved
10:10:47     iter  22  obj 0.00043  best 0.09765  step 0.1187
10:10:49     iter  23  obj 0.10001  best 0.10001  step 0.1187  *
10:10:51     iter  24  obj 0.05682  best 0.10001  step 0.1187
10:10:54     iter  25  obj 0.11915  best 0.11915  step 0.1187  *
10:10:56     iter  26  obj 0.11619  best 0.11915  step 0.0594  halved
10:10:58     iter  27  obj 0.12374  best 0.12374  step 0.0594  *
10:11:01     iter  28  obj 0.10115  best 0.12374  step 0.0594
10:11:03     iter  29  obj 0.12735  best 0.12735  step 0.0594  *
10:11:05     iter  30  obj 0.13846  best 0.13846  step 0.0297  *  halved
10:11:07     iter  31  obj 0.14881  best 0.14881  step 0.0297  *
10:11:10     iter  32  obj 0.15701  best 0.15701  step 0.0297  *
10:11:12     iter  33  obj 0.16453  best 0.16453  step 0.0297  *
10:11:14     iter  34  obj 0.16306  best 0.16453  step 0.0297
10:11:16     iter  35  obj 0.17590  best 0.17590  step 0.0148  *  halved
10:11:19     iter  36  obj 0.18715  best 0.18715  step 0.0148  *
10:11:21     iter  37  obj 0.19570  best 0.19570  step 0.0148  *
10:11:23     iter  38  obj 0.20613  best 0.20613  step 0.0148  *
10:11:26     iter  39  obj 0.21309  best 0.21309  step 0.0148  *
10:11:28     iter  40  obj 0.21808  best 0.21808  step 0.0148  *
10:11:29      poisoned ce=0.09485 auc=0.9935 acc=0.9680 f1=0.9675  dce=+0.00157 dacc=+0.0030  k=200  [94.5s]
10:11:29   best trial run0_sub2: dce=+0.01388 dacc=-0.0010  -> context_poisoned.csv
10:11:29   per-run winners: run0<-sub2 (dce=+0.01388), run1<-sub1 (dce=+0.00254), run2<-sub0 (dce=+0.00232), run3<-sub0 (dce=+0.00450), run4<-sub0 (dce=+0.00642)
10:11:29   best-subsample-per-run, mean over 5 runs: dce=+0.00593 dacc=+0.0014 dauc=-0.0006  -> /home/ssn899/Desktop/TabFM/results/main_experiments/url_unique/x-capgd_random_r004
