22:59:18 [label-flip] /home/ssn899/Desktop/TabFM/datasets/lcld_v2/splits/selected/natural/context_5000.csv (5000x28) -> /home/ssn899/Desktop/TabFM/datasets/lcld_v2/splits/test_attack_1000.csv (1000 of 1000)  k=200 (4.0%)  attack_class=None  grid 5x1  cuda:0
22:59:21   clean  ce=0.45462 auc=0.7155 acc=0.8060 f1=0.1339  max|dp| over 3 repeats=0.00e+00  chunking_exact=True  [1.8s]
22:59:21   GA: GAConfig(population=16, generations=20, elite=2, tournament=3, crossover_prob=0.9, mutation_rate=None, seed_full=True, patience=8, batch_size=16, fitness_test_rows=None)
22:59:21   -- trial run0_sub0
22:59:28     gen   0  best 0.47069  mean 0.45135  best_so_far 0.47069  flips 200  evals 16
22:59:33     gen   1  best 0.47098  mean 0.45771  best_so_far 0.47098  flips 200  evals 30
22:59:36     gen   2  best 0.47098  mean 0.46311  best_so_far 0.47098  flips 200  evals 39
22:59:40     gen   3  best 0.47117  mean 0.46718  best_so_far 0.47117  flips 199  evals 52
22:59:44     gen   4  best 0.47117  mean 0.46994  best_so_far 0.47117  flips 200  evals 63
22:59:48     gen   5  best 0.47288  mean 0.47076  best_so_far 0.47288  flips 200  evals 75
22:59:52     gen   6  best 0.47317  mean 0.47102  best_so_far 0.47317  flips 199  evals 88
22:59:56     gen   7  best 0.47349  mean 0.47175  best_so_far 0.47349  flips 199  evals 101
23:00:01     gen   8  best 0.47387  mean 0.47222  best_so_far 0.47387  flips 200  evals 114
23:00:05     gen   9  best 0.47387  mean 0.47308  best_so_far 0.47387  flips 200  evals 125
23:00:08     gen  10  best 0.47392  mean 0.47323  best_so_far 0.47392  flips 200  evals 136
23:00:12     gen  11  best 0.47392  mean 0.47348  best_so_far 0.47392  flips 200  evals 148
23:00:17     gen  12  best 0.47450  mean 0.47314  best_so_far 0.47450  flips 200  evals 161
23:00:20     gen  13  best 0.47450  mean 0.47347  best_so_far 0.47450  flips 200  evals 171
23:00:24     gen  14  best 0.47476  mean 0.47382  best_so_far 0.47476  flips 200  evals 182
23:00:28     gen  15  best 0.47527  mean 0.47365  best_so_far 0.47527  flips 199  evals 194
23:00:33     gen  16  best 0.47527  mean 0.47431  best_so_far 0.47527  flips 199  evals 208
23:00:36     gen  17  best 0.47527  mean 0.47446  best_so_far 0.47527  flips 199  evals 219
23:00:40     gen  18  best 0.47527  mean 0.47474  best_so_far 0.47527  flips 199  evals 230
23:00:44     gen  19  best 0.47527  mean 0.47462  best_so_far 0.47527  flips 199  evals 241
23:00:48     gen  20  best 0.47564  mean 0.47491  best_so_far 0.47564  flips 200  evals 252
23:00:48      GA: 200/200 flips from pool 5000, 252 evals, 20 gens; influence-topk baseline dce=+0.01607 dacc=-0.0050
23:00:48      poisoned ce=0.47564 auc=0.7071 acc=0.8020 f1=0.0571  dce=+0.02101 dacc=-0.0040  k=200  [87.6s]
23:00:48   -- trial run1_sub0
23:00:55     gen   0  best 0.47069  mean 0.45223  best_so_far 0.47069  flips 200  evals 16
23:01:00     gen   1  best 0.47069  mean 0.45559  best_so_far 0.47069  flips 200  evals 29
23:01:04     gen   2  best 0.47069  mean 0.46081  best_so_far 0.47069  flips 200  evals 42
23:01:09     gen   3  best 0.47069  mean 0.46504  best_so_far 0.47069  flips 200  evals 55
23:01:13     gen   4  best 0.47069  mean 0.46755  best_so_far 0.47069  flips 200  evals 69
23:01:18     gen   5  best 0.47069  mean 0.46812  best_so_far 0.47069  flips 200  evals 83
23:01:22     gen   6  best 0.47070  mean 0.46919  best_so_far 0.47070  flips 200  evals 94
23:01:26     gen   7  best 0.47139  mean 0.46970  best_so_far 0.47139  flips 200  evals 107
23:01:31     gen   8  best 0.47139  mean 0.47020  best_so_far 0.47139  flips 200  evals 120
23:01:35     gen   9  best 0.47139  mean 0.47073  best_so_far 0.47139  flips 200  evals 133
23:01:39     gen  10  best 0.47139  mean 0.47092  best_so_far 0.47139  flips 200  evals 144
23:01:43     gen  11  best 0.47168  mean 0.47106  best_so_far 0.47168  flips 194  evals 156
23:01:47     gen  12  best 0.47275  mean 0.47147  best_so_far 0.47275  flips 196  evals 169
23:01:52     gen  13  best 0.47286  mean 0.47172  best_so_far 0.47286  flips 200  evals 183
23:01:57     gen  14  best 0.47286  mean 0.47232  best_so_far 0.47286  flips 200  evals 197
23:02:01     gen  15  best 0.47319  mean 0.47260  best_so_far 0.47319  flips 199  evals 210
23:02:06     gen  16  best 0.47335  mean 0.47271  best_so_far 0.47335  flips 196  evals 223
23:02:10     gen  17  best 0.47347  mean 0.47310  best_so_far 0.47347  flips 199  evals 235
23:02:14     gen  18  best 0.47347  mean 0.47319  best_so_far 0.47347  flips 199  evals 248
23:02:18     gen  19  best 0.47374  mean 0.47325  best_so_far 0.47374  flips 198  evals 261
23:02:22     gen  20  best 0.47385  mean 0.47347  best_so_far 0.47385  flips 200  evals 272
23:02:23      GA: 200/200 flips from pool 5000, 272 evals, 20 gens; influence-topk baseline dce=+0.01607 dacc=-0.0050
23:02:23      poisoned ce=0.47385 auc=0.7074 acc=0.8020 f1=0.0481  dce=+0.01923 dacc=-0.0040  k=200  [94.6s]
23:02:23   -- trial run2_sub0
23:02:30     gen   0  best 0.47069  mean 0.45185  best_so_far 0.47069  flips 200  evals 16
23:02:34     gen   1  best 0.47069  mean 0.45711  best_so_far 0.47069  flips 200  evals 29
23:02:38     gen   2  best 0.47127  mean 0.46299  best_so_far 0.47127  flips 200  evals 39
23:02:42     gen   3  best 0.47145  mean 0.46876  best_so_far 0.47145  flips 199  evals 50
23:02:46     gen   4  best 0.47164  mean 0.47078  best_so_far 0.47164  flips 199  evals 64
23:02:50     gen   5  best 0.47171  mean 0.47042  best_so_far 0.47171  flips 200  evals 76
23:02:53     gen   6  best 0.47173  mean 0.47135  best_so_far 0.47173  flips 200  evals 85
23:02:57     gen   7  best 0.47237  mean 0.47168  best_so_far 0.47237  flips 200  evals 96
23:03:02     gen   8  best 0.47291  mean 0.47180  best_so_far 0.47291  flips 198  evals 109
23:03:06     gen   9  best 0.47291  mean 0.47233  best_so_far 0.47291  flips 198  evals 122
23:03:11     gen  10  best 0.47334  mean 0.47242  best_so_far 0.47334  flips 198  evals 136
23:03:14     gen  11  best 0.47334  mean 0.47278  best_so_far 0.47334  flips 198  evals 147
23:03:18     gen  12  best 0.47334  mean 0.47302  best_so_far 0.47334  flips 198  evals 159
23:03:22     gen  13  best 0.47360  mean 0.47281  best_so_far 0.47360  flips 199  evals 170
23:03:26     gen  14  best 0.47360  mean 0.47301  best_so_far 0.47360  flips 199  evals 180
23:03:29     gen  15  best 0.47371  mean 0.47325  best_so_far 0.47371  flips 198  evals 190
23:03:32     gen  16  best 0.47424  mean 0.47336  best_so_far 0.47424  flips 199  evals 198
23:03:36     gen  17  best 0.47424  mean 0.47330  best_so_far 0.47424  flips 199  evals 210
23:03:39     gen  18  best 0.47457  mean 0.47360  best_so_far 0.47457  flips 200  evals 221
23:03:44     gen  19  best 0.47457  mean 0.47362  best_so_far 0.47457  flips 200  evals 233
23:03:47     gen  20  best 0.47471  mean 0.47417  best_so_far 0.47471  flips 200  evals 242
23:03:47      GA: 200/200 flips from pool 5000, 242 evals, 20 gens; influence-topk baseline dce=+0.01607 dacc=-0.0050
23:03:47      poisoned ce=0.47471 auc=0.7067 acc=0.8030 f1=0.0574  dce=+0.02008 dacc=-0.0030  k=200  [84.4s]
23:03:47   -- trial run3_sub0
23:03:54     gen   0  best 0.47069  mean 0.45160  best_so_far 0.47069  flips 200  evals 16
23:03:59     gen   1  best 0.47069  mean 0.45380  best_so_far 0.47069  flips 200  evals 29
23:04:03     gen   2  best 0.47069  mean 0.45995  best_so_far 0.47069  flips 200  evals 42
23:04:07     gen   3  best 0.47069  mean 0.46670  best_so_far 0.47069  flips 200  evals 52
23:04:11     gen   4  best 0.47085  mean 0.46959  best_so_far 0.47085  flips 200  evals 64
23:04:15     gen   5  best 0.47100  mean 0.47040  best_so_far 0.47100  flips 200  evals 76
23:04:19     gen   6  best 0.47100  mean 0.47036  best_so_far 0.47100  flips 200  evals 89
23:04:23     gen   7  best 0.47130  mean 0.47061  best_so_far 0.47130  flips 197  evals 101
23:04:28     gen   8  best 0.47142  mean 0.47049  best_so_far 0.47142  flips 199  evals 115
23:04:32     gen   9  best 0.47155  mean 0.47081  best_so_far 0.47155  flips 199  evals 127
23:04:37     gen  10  best 0.47163  mean 0.47109  best_so_far 0.47163  flips 198  evals 141
23:04:41     gen  11  best 0.47199  mean 0.47120  best_so_far 0.47199  flips 200  evals 153
23:04:45     gen  12  best 0.47199  mean 0.47137  best_so_far 0.47199  flips 200  evals 165
23:04:49     gen  13  best 0.47209  mean 0.47138  best_so_far 0.47209  flips 199  evals 178
23:04:53     gen  14  best 0.47209  mean 0.47163  best_so_far 0.47209  flips 199  evals 190
23:04:58     gen  15  best 0.47221  mean 0.47143  best_so_far 0.47221  flips 200  evals 204
23:05:03     gen  16  best 0.47243  mean 0.47162  best_so_far 0.47243  flips 198  evals 218
23:05:08     gen  17  best 0.47286  mean 0.47178  best_so_far 0.47286  flips 200  evals 232
23:05:12     gen  18  best 0.47286  mean 0.47153  best_so_far 0.47286  flips 200  evals 246
23:05:17     gen  19  best 0.47286  mean 0.47195  best_so_far 0.47286  flips 200  evals 260
23:05:22     gen  20  best 0.47298  mean 0.47215  best_so_far 0.47298  flips 200  evals 274
23:05:23      GA: 200/200 flips from pool 5000, 274 evals, 20 gens; influence-topk baseline dce=+0.01607 dacc=-0.0050
23:05:23      poisoned ce=0.47298 auc=0.7087 acc=0.8030 f1=0.0574  dce=+0.01835 dacc=-0.0030  k=200  [95.2s]
23:05:23   -- trial run4_sub0
23:05:30     gen   0  best 0.47069  mean 0.45200  best_so_far 0.47069  flips 200  evals 16
23:05:34     gen   1  best 0.47069  mean 0.45467  best_so_far 0.47069  flips 200  evals 30
23:05:39     gen   2  best 0.47069  mean 0.45823  best_so_far 0.47069  flips 200  evals 42
23:05:43     gen   3  best 0.47069  mean 0.46655  best_so_far 0.47069  flips 200  evals 55
23:05:47     gen   4  best 0.47093  mean 0.46762  best_so_far 0.47093  flips 200  evals 68
23:05:52     gen   5  best 0.47093  mean 0.46974  best_so_far 0.47093  flips 200  evals 81
23:05:55     gen   6  best 0.47105  mean 0.47054  best_so_far 0.47105  flips 198  evals 92
23:06:00     gen   7  best 0.47166  mean 0.47052  best_so_far 0.47166  flips 200  evals 105
23:06:04     gen   8  best 0.47166  mean 0.47030  best_so_far 0.47166  flips 200  evals 117
23:06:09     gen   9  best 0.47183  mean 0.47081  best_so_far 0.47183  flips 200  evals 131
23:06:13     gen  10  best 0.47202  mean 0.47110  best_so_far 0.47202  flips 200  evals 145
23:06:18     gen  11  best 0.47202  mean 0.47119  best_so_far 0.47202  flips 200  evals 158
23:06:22     gen  12  best 0.47224  mean 0.47136  best_so_far 0.47224  flips 200  evals 171
23:06:26     gen  13  best 0.47236  mean 0.47173  best_so_far 0.47236  flips 200  evals 182
23:06:30     gen  14  best 0.47287  mean 0.47206  best_so_far 0.47287  flips 200  evals 193
23:06:34     gen  15  best 0.47287  mean 0.47201  best_so_far 0.47287  flips 200  evals 205
23:06:38     gen  16  best 0.47315  mean 0.47236  best_so_far 0.47315  flips 200  evals 219
23:06:43     gen  17  best 0.47315  mean 0.47236  best_so_far 0.47315  flips 200  evals 232
23:06:48     gen  18  best 0.47373  mean 0.47282  best_so_far 0.47373  flips 200  evals 246
23:06:52     gen  19  best 0.47373  mean 0.47291  best_so_far 0.47373  flips 200  evals 259
23:06:57     gen  20  best 0.47379  mean 0.47302  best_so_far 0.47379  flips 200  evals 273
23:06:57      GA: 200/200 flips from pool 5000, 273 evals, 20 gens; influence-topk baseline dce=+0.01607 dacc=-0.0050
23:06:57      poisoned ce=0.47379 auc=0.7071 acc=0.8020 f1=0.0748  dce=+0.01917 dacc=-0.0040  k=200  [94.9s]
23:06:58   best trial run0_sub0: dce=+0.02101 dacc=-0.0040  -> context_poisoned.csv
23:06:58   per-run winners: run0<-sub0 (dce=+0.02101), run1<-sub0 (dce=+0.01923), run2<-sub0 (dce=+0.02008), run3<-sub0 (dce=+0.01835), run4<-sub0 (dce=+0.01917)
23:06:58   best-subsample-per-run, mean over 5 runs: dce=+0.01957 dacc=-0.0036 dauc=-0.0081  -> /home/ssn899/Desktop/TabFM/results/main_experiments/lcld_v2/label-flip_random_r004
