23:14:49 [label-flip] /home/ssn899/Desktop/TabFM/datasets/lcld_v2/splits/selected/natural/context_5000.csv (5000x28) -> /home/ssn899/Desktop/TabFM/datasets/lcld_v2/splits/test_attack_1000.csv (1000 of 1000)  k=3200 (64.0%)  attack_class=None  grid 5x1  cuda:0
23:14:52   clean  ce=0.45462 auc=0.7155 acc=0.8060 f1=0.1339  max|dp| over 3 repeats=0.00e+00  chunking_exact=True  [1.9s]
23:14:52   GA: GAConfig(population=16, generations=20, elite=2, tournament=3, crossover_prob=0.9, mutation_rate=None, seed_full=True, patience=8, batch_size=16, fitness_test_rows=None)
23:14:52   -- trial run0_sub0
23:14:59     gen   0  best 1.13462  mean 0.73023  best_so_far 1.13462  flips 3200  evals 16
23:15:04     gen   1  best 1.13462  mean 0.84661  best_so_far 1.13462  flips 3200  evals 30
23:15:08     gen   2  best 1.13462  mean 0.91622  best_so_far 1.13462  flips 3200  evals 44
23:15:13     gen   3  best 1.13627  mean 0.99721  best_so_far 1.13627  flips 3198  evals 57
23:15:17     gen   4  best 1.13627  mean 1.05245  best_so_far 1.13627  flips 3198  evals 70
23:15:21     gen   5  best 1.13627  mean 1.10051  best_so_far 1.13627  flips 3198  evals 83
23:15:25     gen   6  best 1.13727  mean 1.11924  best_so_far 1.13727  flips 3199  evals 95
23:15:30     gen   7  best 1.14315  mean 1.13430  best_so_far 1.14315  flips 3192  evals 108
23:15:35     gen   8  best 1.14458  mean 1.13836  best_so_far 1.14458  flips 3199  evals 122
23:15:39     gen   9  best 1.14573  mean 1.14071  best_so_far 1.14573  flips 3200  evals 135
23:15:43     gen  10  best 1.15112  mean 1.14428  best_so_far 1.15112  flips 3193  evals 148
23:15:48     gen  11  best 1.15286  mean 1.14591  best_so_far 1.15286  flips 3194  evals 162
23:15:53     gen  12  best 1.15286  mean 1.14848  best_so_far 1.15286  flips 3194  evals 175
23:15:57     gen  13  best 1.15486  mean 1.15046  best_so_far 1.15486  flips 3194  evals 189
23:16:02     gen  14  best 1.15859  mean 1.15278  best_so_far 1.15859  flips 3199  evals 202
23:16:06     gen  15  best 1.16181  mean 1.15547  best_so_far 1.16181  flips 3194  evals 214
23:16:10     gen  16  best 1.16181  mean 1.15567  best_so_far 1.16181  flips 3194  evals 226
23:16:14     gen  17  best 1.16190  mean 1.15739  best_so_far 1.16190  flips 3195  evals 238
23:16:18     gen  18  best 1.16523  mean 1.16018  best_so_far 1.16523  flips 3195  evals 251
23:16:23     gen  19  best 1.16523  mean 1.16202  best_so_far 1.16523  flips 3195  evals 264
23:16:27     gen  20  best 1.16523  mean 1.16111  best_so_far 1.16523  flips 3195  evals 277
23:16:28      GA: 3195/3200 flips from pool 5000, 277 evals, 20 gens; influence-topk baseline dce=+0.67999 dacc=-0.4630
23:16:28      poisoned ce=1.16523 auc=0.3790 acc=0.3270 f1=0.2693  dce=+0.71061 dacc=-0.4790  k=3195  [96.0s]
23:16:28   -- trial run1_sub0
23:16:35     gen   0  best 1.13462  mean 0.71317  best_so_far 1.13462  flips 3200  evals 16
23:16:40     gen   1  best 1.13462  mean 0.83577  best_so_far 1.13462  flips 3200  evals 30
23:16:44     gen   2  best 1.13462  mean 0.93456  best_so_far 1.13462  flips 3200  evals 44
23:16:49     gen   3  best 1.13462  mean 1.01826  best_so_far 1.13462  flips 3200  evals 57
23:16:53     gen   4  best 1.13568  mean 1.07583  best_so_far 1.13568  flips 3200  evals 70
23:16:57     gen   5  best 1.13840  mean 1.12417  best_so_far 1.13840  flips 3200  evals 81
23:17:01     gen   6  best 1.14840  mean 1.13567  best_so_far 1.14840  flips 3197  evals 92
23:17:05     gen   7  best 1.15388  mean 1.13799  best_so_far 1.15388  flips 3200  evals 106
23:17:10     gen   8  best 1.15656  mean 1.14434  best_so_far 1.15656  flips 3197  evals 119
23:17:14     gen   9  best 1.15656  mean 1.14716  best_so_far 1.15656  flips 3197  evals 130
23:17:18     gen  10  best 1.16039  mean 1.14875  best_so_far 1.16039  flips 3194  evals 142
23:17:22     gen  11  best 1.16039  mean 1.15206  best_so_far 1.16039  flips 3194  evals 156
23:17:27     gen  12  best 1.16615  mean 1.15720  best_so_far 1.16615  flips 3200  evals 170
23:17:32     gen  13  best 1.17212  mean 1.15824  best_so_far 1.17212  flips 3194  evals 183
23:17:36     gen  14  best 1.17212  mean 1.16418  best_so_far 1.17212  flips 3194  evals 195
23:17:40     gen  15  best 1.17500  mean 1.16756  best_so_far 1.17500  flips 3188  evals 208
23:17:45     gen  16  best 1.17652  mean 1.17141  best_so_far 1.17652  flips 3198  evals 222
23:17:49     gen  17  best 1.17930  mean 1.17476  best_so_far 1.17930  flips 3196  evals 234
23:17:53     gen  18  best 1.18310  mean 1.17735  best_so_far 1.18310  flips 3194  evals 246
23:17:57     gen  19  best 1.18418  mean 1.17866  best_so_far 1.18418  flips 3197  evals 257
23:18:01     gen  20  best 1.18628  mean 1.18096  best_so_far 1.18628  flips 3194  evals 270
23:18:02      GA: 3194/3200 flips from pool 5000, 270 evals, 20 gens; influence-topk baseline dce=+0.67999 dacc=-0.4630
23:18:02      poisoned ce=1.18628 auc=0.3812 acc=0.3330 f1=0.2710  dce=+0.73165 dacc=-0.4730  k=3194  [93.9s]
23:18:02   -- trial run2_sub0
23:18:09     gen   0  best 1.13462  mean 0.69008  best_so_far 1.13462  flips 3200  evals 16
23:18:13     gen   1  best 1.13462  mean 0.77620  best_so_far 1.13462  flips 3200  evals 28
23:18:17     gen   2  best 1.13462  mean 0.85252  best_so_far 1.13462  flips 3200  evals 40
23:18:21     gen   3  best 1.13462  mean 0.90521  best_so_far 1.13462  flips 3200  evals 53
23:18:26     gen   4  best 1.13462  mean 0.99150  best_so_far 1.13462  flips 3200  evals 66
23:18:30     gen   5  best 1.13700  mean 1.09802  best_so_far 1.13700  flips 3200  evals 79
23:18:34     gen   6  best 1.13700  mean 1.12756  best_so_far 1.13700  flips 3200  evals 90
23:18:38     gen   7  best 1.13700  mean 1.13435  best_so_far 1.13700  flips 3200  evals 102
23:18:42     gen   8  best 1.14017  mean 1.13619  best_so_far 1.14017  flips 3199  evals 115
23:18:46     gen   9  best 1.14260  mean 1.13737  best_so_far 1.14260  flips 3198  evals 126
23:18:50     gen  10  best 1.14366  mean 1.13910  best_so_far 1.14366  flips 3197  evals 138
23:18:55     gen  11  best 1.14521  mean 1.14013  best_so_far 1.14521  flips 3197  evals 152
23:18:59     gen  12  best 1.14521  mean 1.14208  best_so_far 1.14521  flips 3197  evals 165
23:19:03     gen  13  best 1.14531  mean 1.14369  best_so_far 1.14531  flips 3196  evals 176
23:19:07     gen  14  best 1.14947  mean 1.14495  best_so_far 1.14947  flips 3196  evals 188
23:19:11     gen  15  best 1.14995  mean 1.14628  best_so_far 1.14995  flips 3199  evals 200
23:19:16     gen  16  best 1.15311  mean 1.14851  best_so_far 1.15311  flips 3196  evals 214
23:19:20     gen  17  best 1.15457  mean 1.15020  best_so_far 1.15457  flips 3197  evals 226
23:19:24     gen  18  best 1.15690  mean 1.15280  best_so_far 1.15690  flips 3198  evals 238
23:19:27     gen  19  best 1.16017  mean 1.15460  best_so_far 1.16017  flips 3195  evals 248
23:19:32     gen  20  best 1.16245  mean 1.15752  best_so_far 1.16245  flips 3200  evals 261
23:19:32      GA: 3200/3200 flips from pool 5000, 261 evals, 20 gens; influence-topk baseline dce=+0.67999 dacc=-0.4630
23:19:33      poisoned ce=1.16245 auc=0.3835 acc=0.3380 f1=0.2644  dce=+0.70783 dacc=-0.4680  k=3200  [90.8s]
23:19:33   -- trial run3_sub0
23:19:40     gen   0  best 1.13462  mean 0.69656  best_so_far 1.13462  flips 3200  evals 16
23:19:44     gen   1  best 1.13462  mean 0.83135  best_so_far 1.13462  flips 3200  evals 28
23:19:48     gen   2  best 1.13462  mean 0.90301  best_so_far 1.13462  flips 3200  evals 41
23:19:52     gen   3  best 1.13521  mean 1.00925  best_so_far 1.13521  flips 3199  evals 53
23:19:57     gen   4  best 1.13696  mean 1.09515  best_so_far 1.13696  flips 3199  evals 66
23:20:01     gen   5  best 1.13696  mean 1.12086  best_so_far 1.13696  flips 3199  evals 79
23:20:05     gen   6  best 1.13853  mean 1.13306  best_so_far 1.13853  flips 3200  evals 92
23:20:09     gen   7  best 1.14091  mean 1.13647  best_so_far 1.14091  flips 3200  evals 104
23:20:14     gen   8  best 1.14294  mean 1.13757  best_so_far 1.14294  flips 3198  evals 118
23:20:19     gen   9  best 1.14582  mean 1.13943  best_so_far 1.14582  flips 3191  evals 131
23:20:23     gen  10  best 1.14916  mean 1.14216  best_so_far 1.14916  flips 3194  evals 143
23:20:27     gen  11  best 1.15018  mean 1.14625  best_so_far 1.15018  flips 3196  evals 156
23:20:32     gen  12  best 1.15561  mean 1.14861  best_so_far 1.15561  flips 3197  evals 169
23:20:36     gen  13  best 1.15620  mean 1.15066  best_so_far 1.15620  flips 3196  evals 182
23:20:40     gen  14  best 1.15798  mean 1.15251  best_so_far 1.15798  flips 3198  evals 195
23:20:44     gen  15  best 1.15904  mean 1.15488  best_so_far 1.15904  flips 3193  evals 206
23:20:48     gen  16  best 1.16078  mean 1.15714  best_so_far 1.16078  flips 3187  evals 219
23:20:53     gen  17  best 1.16738  mean 1.15852  best_so_far 1.16738  flips 3194  evals 232
23:20:57     gen  18  best 1.16865  mean 1.16304  best_so_far 1.16865  flips 3187  evals 243
23:21:01     gen  19  best 1.16875  mean 1.16470  best_so_far 1.16875  flips 3193  evals 257
23:21:05     gen  20  best 1.17357  mean 1.16730  best_so_far 1.17357  flips 3192  evals 269
23:21:06      GA: 3192/3200 flips from pool 5000, 269 evals, 20 gens; influence-topk baseline dce=+0.67999 dacc=-0.4630
23:21:06      poisoned ce=1.17357 auc=0.3788 acc=0.3270 f1=0.2629  dce=+0.71895 dacc=-0.4790  k=3192  [93.6s]
23:21:06   -- trial run4_sub0
23:21:13     gen   0  best 1.13462  mean 0.68636  best_so_far 1.13462  flips 3200  evals 16
23:21:18     gen   1  best 1.13462  mean 0.82025  best_so_far 1.13462  flips 3200  evals 29
23:21:22     gen   2  best 1.13520  mean 0.90599  best_so_far 1.13520  flips 3200  evals 41
23:21:25     gen   3  best 1.13612  mean 1.04280  best_so_far 1.13612  flips 3199  evals 52
23:21:29     gen   4  best 1.13622  mean 1.12681  best_so_far 1.13622  flips 3200  evals 62
23:21:32     gen   5  best 1.13965  mean 1.13557  best_so_far 1.13965  flips 3200  evals 72
23:21:37     gen   6  best 1.14009  mean 1.13587  best_so_far 1.14009  flips 3197  evals 86
23:21:41     gen   7  best 1.14088  mean 1.13771  best_so_far 1.14088  flips 3196  evals 99
23:21:46     gen   8  best 1.14252  mean 1.13875  best_so_far 1.14252  flips 3194  evals 112
23:21:50     gen   9  best 1.14414  mean 1.14035  best_so_far 1.14414  flips 3198  evals 125
23:21:55     gen  10  best 1.14679  mean 1.14153  best_so_far 1.14679  flips 3195  evals 139
23:22:00     gen  11  best 1.14679  mean 1.14394  best_so_far 1.14679  flips 3195  evals 153
23:22:03     gen  12  best 1.15005  mean 1.14605  best_so_far 1.15005  flips 3198  evals 164
23:22:07     gen  13  best 1.15063  mean 1.14698  best_so_far 1.15063  flips 3199  evals 176
23:22:12     gen  14  best 1.15480  mean 1.14925  best_so_far 1.15480  flips 3200  evals 189
23:22:16     gen  15  best 1.15627  mean 1.15231  best_so_far 1.15627  flips 3200  evals 201
23:22:21     gen  16  best 1.16339  mean 1.15478  best_so_far 1.16339  flips 3196  evals 215
23:22:25     gen  17  best 1.16731  mean 1.15690  best_so_far 1.16731  flips 3198  evals 227
23:22:29     gen  18  best 1.16731  mean 1.15879  best_so_far 1.16731  flips 3198  evals 241
23:22:34     gen  19  best 1.16799  mean 1.16220  best_so_far 1.16799  flips 3197  evals 255
23:22:38     gen  20  best 1.17046  mean 1.16590  best_so_far 1.17046  flips 3200  evals 267
23:22:39      GA: 3200/3200 flips from pool 5000, 267 evals, 20 gens; influence-topk baseline dce=+0.67999 dacc=-0.4630
23:22:39      poisoned ce=1.17046 auc=0.3867 acc=0.3410 f1=0.2702  dce=+0.71583 dacc=-0.4650  k=3200  [92.9s]
23:22:39   best trial run1_sub0: dce=+0.73165 dacc=-0.4730  -> context_poisoned.csv
23:22:39   per-run winners: run0<-sub0 (dce=+0.71061), run1<-sub0 (dce=+0.73165), run2<-sub0 (dce=+0.70783), run3<-sub0 (dce=+0.71895), run4<-sub0 (dce=+0.71583)
23:22:39   best-subsample-per-run, mean over 5 runs: dce=+0.71697 dacc=-0.4728 dauc=-0.3336  -> /home/ssn899/Desktop/TabFM/results/main_experiments/lcld_v2/label-flip_random_r064
