02:15:54 [x-capgd] datasets/lcld_v2/splits/selected/natural/context_5000.csv (5000x28) -> datasets/lcld_v2/splits/test_attack_1000.csv (1000 of 1000)  k=1500 (30.0%)  attack_class=None  grid 1x1  cuda:3
02:15:57   clean  ce=0.45462 auc=0.7155 acc=0.8060 f1=0.1339  max|dp| over 3 repeats=0.00e+00  chunking_exact=True  [1.8s]
02:15:57   constraints=box (0 relations, dataset 'lcld_v2')  scaler=metadata  mutable 14/28  int 10  cat 5
02:15:57   -- trial run0_sub0
02:15:58     iter   0  obj 0.45462  best 0.45462  step 0.9500
02:15:59     iter   1  obj 0.45494  best 0.45494  step 0.9500  *
02:16:00     iter   2  obj 0.46413  best 0.46413  step 0.9500  *
02:16:01     iter   3  obj 0.46689  best 0.46689  step 0.9500  *
02:16:02     iter   4  obj 0.46487  best 0.46689  step 0.4750  halved
02:16:03     iter   5  obj 0.46318  best 0.46689  step 0.4750
02:16:04     iter   6  obj 0.46832  best 0.46832  step 0.4750  *
02:16:05     iter   7  obj 0.45951  best 0.46832  step 0.2375  halved
02:16:06     iter   8  obj 0.46684  best 0.46832  step 0.2375
02:16:07     iter   9  obj 0.46084  best 0.46832  step 0.1187  halved
02:16:09     iter  10  obj 0.47100  best 0.47100  step 0.1187  *
02:16:10     iter  11  obj 0.47053  best 0.47100  step 0.0594  halved
02:16:11     iter  12  obj 0.47466  best 0.47466  step 0.0594  *
02:16:12     iter  13  obj 0.47523  best 0.47523  step 0.0594  *
02:16:13     iter  14  obj 0.47462  best 0.47523  step 0.0297  halved
02:16:14     iter  15  obj 0.47782  best 0.47782  step 0.0297  *
02:16:15     iter  16  obj 0.48848  best 0.48848  step 0.0297  *
02:16:16     iter  17  obj 0.51199  best 0.51199  step 0.0297  *
02:16:17     iter  18  obj 0.50441  best 0.51199  step 0.0148  halved
02:16:18     iter  19  obj 0.53737  best 0.53737  step 0.0148  *
02:16:19     iter  20  obj 0.57952  best 0.57952  step 0.0148  *
02:16:19      poisoned ce=0.57952 auc=0.6388 acc=0.8030 f1=0.0390  dce=+0.12490 dacc=-0.0030  k=1500  [22.4s]
02:16:19   mean over 1 trials: dce=+0.12490 dacc=-0.0030 dauc=-0.0767  -> results/ablation_niter/lcld_v2_nat5000_box_it20
