04:12:18 [x-capgd] datasets/url_unique/splits/selected/natural/context_5000.csv (5000x63) -> datasets/url_unique/splits/test_attack_1000.csv (1000 of 1000)  k=1500 (30.0%)  attack_class=None  grid 1x1  cuda:1
04:12:25   clean  ce=0.09328 auc=0.9935 acc=0.9650 f1=0.9644  max|dp| over 3 repeats=0.00e+00  chunking_exact=True  [6.5s]
04:12:25   constraints=full (14 relations, dataset 'url_unique')  scaler=metadata  mutable 63/63  int 58  cat 0
04:12:25   -- trial run0_sub0
04:12:31     iter   0  obj 0.09328  best 0.09328  step 0.9500
04:12:36     iter   1  obj 0.09437  best 0.09437  step 0.9500  *
04:12:42     iter   2  obj 0.10916  best 0.10916  step 0.9500  *
04:12:47     iter   3  obj 0.11093  best 0.11093  step 0.9500  *
04:12:53     iter   4  obj 0.11409  best 0.11409  step 0.9500  *
04:12:58     iter   5  obj 0.10538  best 0.11409  step 0.9500
04:13:03     iter   6  obj 0.09980  best 0.11409  step 0.9500
04:13:09     iter   7  obj 0.11538  best 0.11538  step 0.9500  *
04:13:14     iter   8  obj 0.11032  best 0.11538  step 0.9500
04:13:20     iter   9  obj 0.11550  best 0.11550  step 0.9500  *
04:13:25     iter  10  obj 0.11482  best 0.11550  step 0.9500
04:13:31     iter  11  obj 0.10744  best 0.11550  step 0.9500
04:13:36     iter  12  obj 0.11831  best 0.11831  step 0.9500  *
04:13:41     iter  13  obj 0.10655  best 0.11831  step 0.9500
04:13:47     iter  14  obj 0.11077  best 0.11831  step 0.9500
04:13:52     iter  15  obj 0.11689  best 0.11831  step 0.9500
04:13:58     iter  16  obj 0.11441  best 0.11831  step 0.9500
04:14:03     iter  17  obj 0.11562  best 0.11831  step 0.9500
04:14:09     iter  18  obj 0.11459  best 0.11831  step 0.9500
04:14:14     iter  19  obj 0.11210  best 0.11831  step 0.9500
04:14:19     iter  20  obj 0.11038  best 0.11831  step 0.9500
04:14:25     iter  21  obj 0.12002  best 0.12002  step 0.9500  *
04:14:30     iter  22  obj 0.11705  best 0.12002  step 0.4750  halved
04:14:36     iter  23  obj 0.12510  best 0.12510  step 0.4750  *
04:14:41     iter  24  obj 0.13085  best 0.13085  step 0.4750  *
04:14:47     iter  25  obj 0.13162  best 0.13162  step 0.4750  *
04:14:52     iter  26  obj 0.13428  best 0.13428  step 0.4750  *
