03:25:11 [x-capgd] datasets/wids/splits/selected/natural/context_5000.csv (5000x108) -> datasets/wids/splits/test_attack_1000.csv (1000 of 1000)  k=1500 (30.0%)  attack_class=None  grid 1x1  cuda:3
03:25:23   clean  ce=0.20899 auc=0.8795 acc=0.9250 f1=0.4361  max|dp| over 3 repeats=0.00e+00  chunking_exact=True  [11.1s]
03:25:23   constraints=full (31 relations, dataset 'wids')  scaler=metadata  mutable 108/108  int 60  cat 9
03:25:23   -- trial run0_sub0
03:25:35     iter   0  obj 0.10032  best 0.10032  step 0.9500
03:25:46     iter   1  obj -6.99078  best 0.10032  step 0.9500
03:25:52     iter   2  obj -0.02828  best 0.10032  step 0.9500
03:26:04     iter   3  obj -0.26068  best 0.10032  step 0.9500
03:26:16     iter   4  obj -0.49358  best 0.10032  step 0.9500
03:26:29     iter   5  obj -0.54414  best 0.10032  step 0.9500
03:26:41     iter   6  obj -0.63297  best 0.10032  step 0.9500
03:26:53     iter   7  obj -2.33657  best 0.10032  step 0.9500
03:27:05     iter   8  obj -0.24769  best 0.10032  step 0.9500
03:27:20     iter   9  obj -1.50880  best 0.10032  step 0.9500
03:27:39     iter  10  obj -0.82335  best 0.10032  step 0.9500
03:27:57     iter  11  obj -0.55792  best 0.10032  step 0.9500
03:28:15     iter  12  obj -1.42987  best 0.10032  step 0.9500
03:28:32     iter  13  obj -2.63573  best 0.10032  step 0.9500
03:28:46     iter  14  obj -0.70401  best 0.10032  step 0.9500
03:29:04     iter  15  obj -1.25992  best 0.10032  step 0.9500
03:29:22     iter  16  obj -0.42318  best 0.10032  step 0.9500
03:29:40     iter  17  obj -0.52176  best 0.10032  step 0.9500
03:29:58     iter  18  obj -0.54834  best 0.10032  step 0.9500
03:30:14     iter  19  obj -1.58028  best 0.10032  step 0.9500
03:30:26     iter  20  obj -0.41012  best 0.10032  step 0.9500
03:30:37     iter  21  obj -0.60164  best 0.10032  step 0.9500
03:30:49     iter  22  obj -0.73082  best 0.10032  step 0.4750  halved
03:31:01     iter  23  obj -41.69756  best 0.10032  step 0.4750
03:31:11     iter  24  obj -1.62392  best 0.10032  step 0.4750
03:31:17     iter  25  obj 0.05972  best 0.10032  step 0.4750
03:31:22     iter  26  obj 0.00484  best 0.10032  step 0.4750
03:31:28     iter  27  obj -0.04308  best 0.10032  step 0.4750
03:31:33     iter  28  obj -0.28072  best 0.10032  step 0.4750
03:31:39     iter  29  obj -0.32890  best 0.10032  step 0.4750
03:31:44     iter  30  obj -0.56604  best 0.10032  step 0.4750
03:31:50     iter  31  obj -0.67315  best 0.10032  step 0.4750
03:31:55     iter  32  obj -0.66490  best 0.10032  step 0.4750
03:32:01     iter  33  obj -0.24793  best 0.10032  step 0.4750
03:32:06     iter  34  obj -0.23042  best 0.10032  step 0.4750
03:32:12     iter  35  obj -0.25208  best 0.10032  step 0.4750
03:32:17     iter  36  obj -0.33555  best 0.10032  step 0.4750
03:32:22     iter  37  obj -0.13006  best 0.10032  step 0.4750
03:32:28     iter  38  obj -0.68496  best 0.10032  step 0.4750
03:32:33     iter  39  obj -0.10583  best 0.10032  step 0.4750
03:32:40     iter  40  obj -1.87258  best 0.10032  step 0.4750
03:32:52     iter  41  obj -0.41130  best 0.10032  step 0.2375  halved
03:33:04     iter  42  obj -21.30689  best 0.10032  step 0.2375
03:33:16     iter  43  obj -2.26263  best 0.10032  step 0.2375
03:33:28     iter  44  obj 0.03713  best 0.10032  step 0.2375
03:33:40     iter  45  obj 0.06544  best 0.10032  step 0.2375
03:33:52     iter  46  obj 0.06263  best 0.10032  step 0.2375
03:34:05     iter  47  obj 0.15327  best 0.15327  step 0.2375  *
03:34:17     iter  48  obj 0.11708  best 0.15327  step 0.2375
03:34:29     iter  49  obj -0.01130  best 0.15327  step 0.2375
03:34:41     iter  50  obj -0.01305  best 0.15327  step 0.2375
03:34:53     iter  51  obj -0.16802  best 0.15327  step 0.2375
03:35:05     iter  52  obj -0.04960  best 0.15327  step 0.2375
03:35:17     iter  53  obj -0.33231  best 0.15327  step 0.2375
03:35:29     iter  54  obj 0.04842  best 0.15327  step 0.2375
03:35:41     iter  55  obj -0.01082  best 0.15327  step 0.2375
03:35:53     iter  56  obj 0.11566  best 0.15327  step 0.2375
03:36:05     iter  57  obj 0.10200  best 0.15327  step 0.1188  halved
03:36:17     iter  58  obj -3.82026  best 0.15327  step 0.1188
03:36:29     iter  59  obj -0.07232  best 0.15327  step 0.1188
03:36:41     iter  60  obj 0.14895  best 0.15327  step 0.1188
03:36:53     iter  61  obj 0.13855  best 0.15327  step 0.1188
03:37:05     iter  62  obj 0.19100  best 0.19100  step 0.1188  *
03:37:17     iter  63  obj 0.23401  best 0.23401  step 0.1188  *
03:37:30     iter  64  obj 0.21268  best 0.23401  step 0.1188
03:37:42     iter  65  obj 0.23994  best 0.23994  step 0.1188  *
03:37:54     iter  66  obj 0.24433  best 0.24433  step 0.1188  *
03:38:06     iter  67  obj 0.22720  best 0.24433  step 0.1188
03:38:18     iter  68  obj 0.23762  best 0.24433  step 0.1188
03:38:30     iter  69  obj 0.23509  best 0.24433  step 0.1188
03:38:42     iter  70  obj 0.24122  best 0.24433  step 0.0594  halved
03:38:54     iter  71  obj 0.00671  best 0.24433  step 0.0594
03:39:04     iter  72  obj 0.29547  best 0.29547  step 0.0594  *
03:39:12     iter  73  obj 0.26632  best 0.29547  step 0.0594
03:39:24     iter  74  obj 0.34547  best 0.34547  step 0.0594  *
03:39:36     iter  75  obj 0.30991  best 0.34547  step 0.0594
03:39:48     iter  76  obj 0.36451  best 0.36451  step 0.0594  *
03:40:00     iter  77  obj 0.36951  best 0.36951  step 0.0594  *
03:40:12     iter  78  obj 0.38299  best 0.38299  step 0.0594  *
03:40:24     iter  79  obj 0.34963  best 0.38299  step 0.0594
03:40:36     iter  80  obj 0.32059  best 0.38299  step 0.0297  halved
03:40:48     iter  81  obj 0.38130  best 0.38299  step 0.0297
03:41:01     iter  82  obj 0.45392  best 0.45392  step 0.0297  *
03:41:13     iter  83  obj 0.39444  best 0.45392  step 0.0297
03:41:25     iter  84  obj 0.47535  best 0.47535  step 0.0297  *
03:41:37     iter  85  obj 0.43835  best 0.47535  step 0.0297
03:41:49     iter  86  obj 0.49008  best 0.49008  step 0.0297  *
03:42:01     iter  87  obj 0.49518  best 0.49518  step 0.0148  *  halved
03:42:13     iter  88  obj 0.58172  best 0.58172  step 0.0148  *
03:42:25     iter  89  obj 0.60996  best 0.60996  step 0.0148  *
03:42:37     iter  90  obj 0.65252  best 0.65252  step 0.0148  *
03:42:49     iter  91  obj 0.70633  best 0.70633  step 0.0148  *
03:43:01     iter  92  obj 0.66894  best 0.70633  step 0.0148
03:43:14     iter  93  obj 0.70640  best 0.70640  step 0.0148  *
03:43:26     iter  94  obj 0.79358  best 0.79358  step 0.0148  *
03:43:38     iter  95  obj 0.78055  best 0.79358  step 0.0148
03:43:50     iter  96  obj 0.84160  best 0.84160  step 0.0148  *
03:44:02     iter  97  obj 0.91287  best 0.91287  step 0.0148  *
03:44:14     iter  98  obj 0.82223  best 0.91287  step 0.0148
03:44:26     iter  99  obj 0.91285  best 0.91287  step 0.0074  halved
03:44:38     iter 100  obj 0.97397  best 0.97397  step 0.0074  *
03:44:41      poisoned ce=0.37814 auc=0.7717 acc=0.8970 f1=0.2256  dce=+0.16915 dacc=-0.0280  k=1500  [1157.9s]
03:44:41   mean over 1 trials: dce=+0.16915 dacc=-0.0280 dauc=-0.1078  -> results/niter_strict/wids_rs1_it100
