14:43:30 xgboost: train=/home/ssn899/Desktop/TabFM/datasets/coil2000_insurance_policies/splits/selected/natural/context_5000.csv (5000 rows)  test=/home/ssn899/Desktop/TabFM/datasets/coil2000_insurance_policies/splits/test_attack_1000.csv (1000 rows)  target=MobileHomePolicy  drop=()
14:43:30 rebuilt 5 per-run-best contexts from /home/ssn899/Desktop/TabFM/results/main_experiments/coil2000_insurance_policies/label-flip_random_r001: run0_sub0, run1_sub0, run2_sub0, run3_sub0, run4_sub0  (attack=label-flip, R=1.0%, k=50)
14:43:30 clean val=/home/ssn899/Desktop/TabFM/datasets/coil2000_insurance_policies/splits/val_2000.csv (2000 rows)
14:43:30 
== protocol A: validation is an internal split of the given context (poisoned when the context is)
14:43:30     clean baseline: 5 fits reused from /home/ssn899/Desktop/TabFM/results/xgb_transfer/_clean_cache/clean_156b18730ea5f8a16ad85d95.json
14:43:30     poisoned (5 contexts)
14:43:30     -- run0_sub0
14:43:40       seed 0: ce=0.20455 acc=0.9410 bacc=0.5000 mcc=0.0000 (iters=115, 10s)
14:43:40     -- run1_sub0
14:43:51       seed 1: ce=0.20374 acc=0.9410 bacc=0.5000 mcc=0.0000 (iters=122, 11s)
14:43:51     -- run2_sub0
14:44:03       seed 2: ce=0.20688 acc=0.9410 bacc=0.5000 mcc=0.0000 (iters=190, 12s)
14:44:03     -- run3_sub0
14:44:12       seed 3: ce=0.20520 acc=0.9410 bacc=0.5000 mcc=0.0000 (iters=109, 8s)
14:44:12     -- run4_sub0
14:44:27       seed 4: ce=0.20383 acc=0.9410 bacc=0.5000 mcc=0.0000 (iters=214, 16s)
14:44:27 
  protocol A -- validation is an internal split of the given context (poisoned when the context is)
14:44:27     metric                          clean          poisoned             delta      rel% |          TabPFN d  TabPFN rel%  transfer%
14:44:27     -------------------------------------------------------------------------------------------------------------------------------
14:44:27     ce                    0.2028 ± 0.0042   0.2048 ± 0.0011  +0.0020 ± 0.0041      +1.0 |  +0.0101 ± 0.0007         +5.0        +20
14:44:27     accuracy              0.9410 ± 0.0000   0.9410 ± 0.0000  +0.0000 ± 0.0000      +0.0 |  +0.0000 ± 0.0000         +0.0          -
14:44:27     balanced_accuracy     0.5000 ± 0.0000   0.5000 ± 0.0000  +0.0000 ± 0.0000      +0.0 |  +0.0000 ± 0.0000         +0.0          -
14:44:27     mcc                   0.0000 ± 0.0000   0.0000 ± 0.0000  +0.0000 ± 0.0000         - |  +0.0000 ± 0.0000            -          -
14:44:27     roc_auc               0.7359 ± 0.0219   0.7246 ± 0.0069  -0.0113 ± 0.0264      -1.5 |  -0.0409 ± 0.0097         -5.6        +28
14:44:27     f1                    0.0000 ± 0.0000   0.0000 ± 0.0000  +0.0000 ± 0.0000         - |  +0.0000 ± 0.0000            -          -
14:44:27     transfer% = XGBoost delta / TabPFNv2 delta; 100 means the poison hurts both equally.
14:44:27     '~' marks a ratio whose denominator is near zero or inside its own spread -- read the absolute columns there.
14:44:27 
== protocol B: validation is the separate clean --val file
14:44:27     clean baseline: 5 fits reused from /home/ssn899/Desktop/TabFM/results/xgb_transfer/_clean_cache/clean_c4f0e36e0ee1f7d8a8f9bce8.json
14:44:27     poisoned (5 contexts)
14:44:27     -- run0_sub0
14:44:36       seed 0: ce=0.20224 acc=0.9410 bacc=0.5000 mcc=0.0000 (iters=39, 9s)
14:44:36     -- run1_sub0
14:44:46       seed 1: ce=0.20116 acc=0.9410 bacc=0.5000 mcc=0.0000 (iters=79, 10s)
14:44:46     -- run2_sub0
14:44:54       seed 2: ce=0.20217 acc=0.9410 bacc=0.5000 mcc=0.0000 (iters=37, 8s)
14:44:54     -- run3_sub0
14:45:05       seed 3: ce=0.20119 acc=0.9410 bacc=0.5000 mcc=0.0000 (iters=243, 10s)
14:45:05     -- run4_sub0
14:45:20       seed 4: ce=0.20164 acc=0.9410 bacc=0.5000 mcc=0.0000 (iters=414, 15s)
14:45:20 
  protocol B -- validation is the separate clean --val file
14:45:20     metric                          clean          poisoned             delta      rel% |          TabPFN d  TabPFN rel%  transfer%
14:45:20     -------------------------------------------------------------------------------------------------------------------------------
14:45:20     ce                    0.1992 ± 0.0015   0.2017 ± 0.0005  +0.0024 ± 0.0015      +1.2 |  +0.0101 ± 0.0007         +5.0        +24
14:45:20     accuracy              0.9410 ± 0.0000   0.9410 ± 0.0000  +0.0000 ± 0.0000      +0.0 |  +0.0000 ± 0.0000         +0.0          -
14:45:20     balanced_accuracy     0.5000 ± 0.0000   0.5000 ± 0.0000  +0.0000 ± 0.0000      +0.0 |  +0.0000 ± 0.0000         +0.0          -
14:45:20     mcc                   0.0000 ± 0.0000   0.0000 ± 0.0000  +0.0000 ± 0.0000         - |  +0.0000 ± 0.0000            -          -
14:45:20     roc_auc               0.7533 ± 0.0058   0.7409 ± 0.0017  -0.0124 ± 0.0072      -1.6 |  -0.0409 ± 0.0097         -5.6        +30
14:45:20     f1                    0.0000 ± 0.0000   0.0000 ± 0.0000  +0.0000 ± 0.0000         - |  +0.0000 ± 0.0000            -          -
14:45:20     transfer% = XGBoost delta / TabPFNv2 delta; 100 means the poison hurts both equally.
14:45:20     '~' marks a ratio whose denominator is near zero or inside its own spread -- read the absolute columns there.
14:45:20 
wrote /home/ssn899/Desktop/TabFM/results/xgb_transfer/coil2000_insurance_policies/label-flip_random_r001/summary.json
