14:34:00 xgboost: train=/home/ssn899/Desktop/TabFM/datasets/coil2000_insurance_policies/splits/selected/natural/context_5000.csv (5000 rows)  test=/home/ssn899/Desktop/TabFM/datasets/coil2000_insurance_policies/splits/test_attack_1000.csv (1000 rows)  target=MobileHomePolicy  drop=()
14:34:00 rebuilt 5 per-run-best contexts from /home/ssn899/Desktop/TabFM/results/main_experiments/coil2000_insurance_policies/x-capgd_random_r001: run0_sub0, run1_sub1, run2_sub2, run3_sub0, run4_sub0  (attack=x-capgd, R=1.0%, k=50)
14:34:00 clean val=/home/ssn899/Desktop/TabFM/datasets/coil2000_insurance_policies/splits/val_2000.csv (2000 rows)
14:34:00 
== protocol A: validation is an internal split of the given context (poisoned when the context is)
14:34:00     clean baseline (5 fits)
14:34:10       seed 0: ce=0.20981 acc=0.9410 bacc=0.5000 mcc=0.0000 (iters=31, 10s)
14:34:22       seed 1: ce=0.19948 acc=0.9410 bacc=0.5000 mcc=0.0000 (iters=232, 12s)
14:34:31       seed 2: ce=0.20518 acc=0.9410 bacc=0.5000 mcc=0.0000 (iters=76, 9s)
14:34:40       seed 3: ce=0.19802 acc=0.9410 bacc=0.5000 mcc=0.0000 (iters=57, 9s)
14:34:52       seed 4: ce=0.20163 acc=0.9410 bacc=0.5000 mcc=0.0000 (iters=705, 12s)
14:34:52     poisoned (5 contexts)
14:34:52     -- run0_sub0
14:35:01       seed 0: ce=0.20722 acc=0.9400 bacc=0.4995 mcc=-0.0079 (iters=33, 9s)
14:35:01     -- run1_sub1
14:35:15       seed 1: ce=0.20431 acc=0.9400 bacc=0.4995 mcc=-0.0079 (iters=542, 14s)
14:35:15     -- run2_sub2
14:35:24       seed 2: ce=0.20500 acc=0.9410 bacc=0.5000 mcc=0.0000 (iters=571, 10s)
14:35:24     -- run3_sub0
14:35:33       seed 3: ce=0.20063 acc=0.9410 bacc=0.5000 mcc=0.0000 (iters=147, 9s)
14:35:33     -- run4_sub0
14:35:49       seed 4: ce=0.20173 acc=0.9410 bacc=0.5000 mcc=0.0000 (iters=705, 16s)
14:35:49 
  protocol A -- validation is an internal split of the given context (poisoned when the context is)
14:35:49     metric                          clean          poisoned             delta      rel% |          TabPFN d  TabPFN rel%  transfer%
14:35:49     -------------------------------------------------------------------------------------------------------------------------------
14:35:49     ce                    0.2028 ± 0.0042   0.2038 ± 0.0024  +0.0010 ± 0.0025      +0.5 |  +0.0018 ± 0.0004         +0.9        +54
14:35:49     accuracy              0.9410 ± 0.0000   0.9406 ± 0.0005  -0.0004 ± 0.0005      -0.0 |  +0.0000 ± 0.0000         +0.0          -
14:35:49     balanced_accuracy     0.5000 ± 0.0000   0.4998 ± 0.0003  -0.0002 ± 0.0003      -0.0 |  +0.0000 ± 0.0000         +0.0          -
14:35:49     mcc                   0.0000 ± 0.0000  -0.0032 ± 0.0039  -0.0032 ± 0.0039         - |  +0.0000 ± 0.0000            -          -
14:35:49     roc_auc               0.7359 ± 0.0219   0.7348 ± 0.0095  -0.0011 ± 0.0125      -0.1 |  -0.0094 ± 0.0021         -1.3        +11
14:35:49     f1                    0.0000 ± 0.0000   0.0000 ± 0.0000  +0.0000 ± 0.0000         - |  +0.0000 ± 0.0000            -          -
14:35:49     transfer% = XGBoost delta / TabPFNv2 delta; 100 means the poison hurts both equally.
14:35:49     '~' marks a ratio whose denominator is near zero or inside its own spread -- read the absolute columns there.
14:35:49 
== protocol B: validation is the separate clean --val file
14:35:49     clean baseline (5 fits)
14:35:58       seed 0: ce=0.20043 acc=0.9410 bacc=0.5000 mcc=0.0000 (iters=49, 9s)
14:36:08       seed 1: ce=0.19739 acc=0.9410 bacc=0.5000 mcc=0.0000 (iters=113, 10s)
14:36:19       seed 2: ce=0.19888 acc=0.9410 bacc=0.5000 mcc=0.0000 (iters=236, 12s)
14:36:28       seed 3: ce=0.20150 acc=0.9410 bacc=0.5000 mcc=0.0000 (iters=33, 9s)
14:36:44       seed 4: ce=0.19802 acc=0.9410 bacc=0.5000 mcc=0.0000 (iters=523, 16s)
14:36:44     poisoned (5 contexts)
14:36:44     -- run0_sub0
14:36:55       seed 0: ce=0.19952 acc=0.9410 bacc=0.5000 mcc=0.0000 (iters=82, 11s)
14:36:55     -- run1_sub1
14:37:05       seed 1: ce=0.19908 acc=0.9410 bacc=0.5000 mcc=0.0000 (iters=80, 10s)
14:37:05     -- run2_sub2
14:37:15       seed 2: ce=0.19949 acc=0.9410 bacc=0.5000 mcc=0.0000 (iters=163, 11s)
14:37:15     -- run3_sub0
14:37:24       seed 3: ce=0.19910 acc=0.9410 bacc=0.5000 mcc=0.0000 (iters=55, 9s)
14:37:24     -- run4_sub0
14:37:36       seed 4: ce=0.19911 acc=0.9410 bacc=0.5000 mcc=0.0000 (iters=177, 12s)
14:37:36 
  protocol B -- validation is the separate clean --val file
14:37:36     metric                          clean          poisoned             delta      rel% |          TabPFN d  TabPFN rel%  transfer%
14:37:36     -------------------------------------------------------------------------------------------------------------------------------
14:37:36     ce                    0.1992 ± 0.0015   0.1993 ± 0.0002  +0.0000 ± 0.0015      +0.0 |  +0.0018 ± 0.0004         +0.9         +1
14:37:36     accuracy              0.9410 ± 0.0000   0.9410 ± 0.0000  +0.0000 ± 0.0000      +0.0 |  +0.0000 ± 0.0000         +0.0          -
14:37:36     balanced_accuracy     0.5000 ± 0.0000   0.5000 ± 0.0000  +0.0000 ± 0.0000      +0.0 |  +0.0000 ± 0.0000         +0.0          -
14:37:36     mcc                   0.0000 ± 0.0000   0.0000 ± 0.0000  +0.0000 ± 0.0000         - |  +0.0000 ± 0.0000            -          -
14:37:36     roc_auc               0.7533 ± 0.0058   0.7523 ± 0.0030  -0.0010 ± 0.0047      -0.1 |  -0.0094 ± 0.0021         -1.3        +10
14:37:36     f1                    0.0000 ± 0.0000   0.0000 ± 0.0000  +0.0000 ± 0.0000         - |  +0.0000 ± 0.0000            -          -
14:37:36     transfer% = XGBoost delta / TabPFNv2 delta; 100 means the poison hurts both equally.
14:37:36     '~' marks a ratio whose denominator is near zero or inside its own spread -- read the absolute columns there.
14:37:36 
wrote /home/ssn899/Desktop/TabFM/results/xgb_transfer/coil2000_insurance_policies/x-capgd_random_r001/summary.json
