14:48:58 [label-flip] /home/ssn899/Desktop/TabFM/datasets/wids/splits/selected/natural/context_5000.csv (5000x108) -> /home/ssn899/Desktop/TabFM/datasets/wids/splits/test_attack_1000.csv (1000 of 1000)  k=3200 (64.0%)  attack_class=None  grid 5x1  cuda:3
14:49:04   clean  ce=0.20899 auc=0.8795 acc=0.9250 f1=0.4361  max|dp| over 3 repeats=0.00e+00  chunking_exact=True  [5.3s]
14:49:04   GA: GAConfig(population=16, generations=20, elite=2, tournament=3, crossover_prob=0.9, mutation_rate=None, seed_full=True, patience=8, batch_size=16, fitness_test_rows=None)
14:49:04   -- trial run0_sub0
14:49:30     gen   0  best 1.39058  mean 0.75066  best_so_far 1.39058  flips 3200  evals 16
14:49:46     gen   1  best 1.39558  mean 0.94373  best_so_far 1.39558  flips 3200  evals 30
14:50:02     gen   2  best 1.39558  mean 1.09930  best_so_far 1.39558  flips 3200  evals 43
14:50:17     gen   3  best 1.39783  mean 1.22719  best_so_far 1.39783  flips 3200  evals 56
14:50:33     gen   4  best 1.39783  mean 1.32458  best_so_far 1.39783  flips 3200  evals 69
14:50:50     gen   5  best 1.39957  mean 1.36574  best_so_far 1.39957  flips 3200  evals 83
14:51:03     gen   6  best 1.40785  mean 1.39162  best_so_far 1.40785  flips 3200  evals 94
14:51:17     gen   7  best 1.41157  mean 1.40029  best_so_far 1.41157  flips 3200  evals 106
14:51:34     gen   8  best 1.41158  mean 1.40444  best_so_far 1.41158  flips 3199  evals 120
14:51:50     gen   9  best 1.41382  mean 1.40605  best_so_far 1.41382  flips 3200  evals 133
14:52:03     gen  10  best 1.41499  mean 1.41035  best_so_far 1.41499  flips 3200  evals 144
14:52:18     gen  11  best 1.41866  mean 1.41359  best_so_far 1.41866  flips 3196  evals 157
14:52:29     gen  12  best 1.41991  mean 1.41555  best_so_far 1.41991  flips 3200  evals 166
14:52:46     gen  13  best 1.42157  mean 1.41601  best_so_far 1.42157  flips 3199  evals 180
14:53:00     gen  14  best 1.42211  mean 1.41834  best_so_far 1.42211  flips 3200  evals 192
14:53:16     gen  15  best 1.42483  mean 1.41948  best_so_far 1.42483  flips 3200  evals 205
14:53:31     gen  16  best 1.43200  mean 1.42243  best_so_far 1.43200  flips 3199  evals 217
14:53:44     gen  17  best 1.43200  mean 1.42278  best_so_far 1.43200  flips 3199  evals 228
14:54:01     gen  18  best 1.43200  mean 1.42660  best_so_far 1.43200  flips 3199  evals 242
14:54:17     gen  19  best 1.43544  mean 1.42601  best_so_far 1.43544  flips 3198  evals 256
14:54:32     gen  20  best 1.43644  mean 1.43120  best_so_far 1.43644  flips 3199  evals 268
14:54:34      GA: 3199/3200 flips from pool 5000, 268 evals, 20 gens; influence-topk baseline dce=+1.18159 dacc=-0.6500
14:54:34      poisoned ce=1.43644 auc=0.2577 acc=0.2740 f1=0.0902  dce=+1.22745 dacc=-0.6510  k=3199  [329.7s]
14:54:34   -- trial run1_sub0
14:55:00     gen   0  best 1.39058  mean 0.71051  best_so_far 1.39058  flips 3200  evals 16
14:55:16     gen   1  best 1.39058  mean 0.92629  best_so_far 1.39058  flips 3200  evals 30
14:55:33     gen   2  best 1.39058  mean 1.08293  best_so_far 1.39058  flips 3200  evals 44
14:55:49     gen   3  best 1.39287  mean 1.24579  best_so_far 1.39287  flips 3199  evals 57
14:56:04     gen   4  best 1.39848  mean 1.33194  best_so_far 1.39848  flips 3199  evals 70
14:56:17     gen   5  best 1.39848  mean 1.37661  best_so_far 1.39848  flips 3199  evals 81
14:56:32     gen   6  best 1.40082  mean 1.39114  best_so_far 1.40082  flips 3200  evals 93
14:56:46     gen   7  best 1.40867  mean 1.39850  best_so_far 1.40867  flips 3196  evals 105
14:57:03     gen   8  best 1.40986  mean 1.40157  best_so_far 1.40986  flips 3200  evals 119
14:57:18     gen   9  best 1.41296  mean 1.40171  best_so_far 1.41296  flips 3198  evals 132
14:57:32     gen  10  best 1.41458  mean 1.40706  best_so_far 1.41458  flips 3199  evals 143
14:57:46     gen  11  best 1.41545  mean 1.40996  best_so_far 1.41545  flips 3199  evals 155
14:58:03     gen  12  best 1.42094  mean 1.41305  best_so_far 1.42094  flips 3193  evals 169
14:58:18     gen  13  best 1.42094  mean 1.41399  best_so_far 1.42094  flips 3193  evals 182
14:58:34     gen  14  best 1.42365  mean 1.41648  best_so_far 1.42365  flips 3193  evals 195
14:58:47     gen  15  best 1.42898  mean 1.42048  best_so_far 1.42898  flips 3192  evals 206
14:59:03     gen  16  best 1.42919  mean 1.42157  best_so_far 1.42919  flips 3192  evals 219
14:59:19     gen  17  best 1.43242  mean 1.42438  best_so_far 1.43242  flips 3192  evals 233
14:59:35     gen  18  best 1.43377  mean 1.42780  best_so_far 1.43377  flips 3193  evals 246
14:59:52     gen  19  best 1.43513  mean 1.43109  best_so_far 1.43513  flips 3194  evals 260
15:00:07     gen  20  best 1.43890  mean 1.43258  best_so_far 1.43890  flips 3192  evals 273
15:00:10      GA: 3192/3200 flips from pool 5000, 273 evals, 20 gens; influence-topk baseline dce=+1.18159 dacc=-0.6500
15:00:10      poisoned ce=1.43890 auc=0.2575 acc=0.2770 f1=0.0928  dce=+1.22991 dacc=-0.6480  k=3192  [335.7s]
15:00:10   -- trial run2_sub0
15:00:35     gen   0  best 1.39058  mean 0.67509  best_so_far 1.39058  flips 3200  evals 16
15:00:49     gen   1  best 1.39058  mean 0.81655  best_so_far 1.39058  flips 3200  evals 27
15:01:03     gen   2  best 1.39116  mean 0.93990  best_so_far 1.39116  flips 3200  evals 39
15:01:19     gen   3  best 1.39116  mean 1.03265  best_so_far 1.39116  flips 3200  evals 52
15:01:34     gen   4  best 1.39477  mean 1.16650  best_so_far 1.39477  flips 3199  evals 65
15:01:50     gen   5  best 1.39614  mean 1.30731  best_so_far 1.39614  flips 3200  evals 78
15:02:03     gen   6  best 1.41401  mean 1.37544  best_so_far 1.41401  flips 3198  evals 89
15:02:19     gen   7  best 1.41401  mean 1.39887  best_so_far 1.41401  flips 3198  evals 102
15:02:35     gen   8  best 1.41670  mean 1.40561  best_so_far 1.41670  flips 3200  evals 116
15:02:51     gen   9  best 1.42210  mean 1.40969  best_so_far 1.42210  flips 3200  evals 129
15:03:04     gen  10  best 1.42248  mean 1.41423  best_so_far 1.42248  flips 3198  evals 140
15:03:20     gen  11  best 1.42248  mean 1.41863  best_so_far 1.42248  flips 3198  evals 153
15:03:35     gen  12  best 1.42351  mean 1.41998  best_so_far 1.42351  flips 3197  evals 166
15:03:50     gen  13  best 1.42663  mean 1.42030  best_so_far 1.42663  flips 3198  evals 178
15:04:05     gen  14  best 1.42941  mean 1.42449  best_so_far 1.42941  flips 3195  evals 191
15:04:21     gen  15  best 1.43278  mean 1.42647  best_so_far 1.43278  flips 3197  evals 204
15:04:34     gen  16  best 1.43388  mean 1.42894  best_so_far 1.43388  flips 3195  evals 215
15:04:47     gen  17  best 1.43388  mean 1.42997  best_so_far 1.43388  flips 3195  evals 226
15:04:58     gen  18  best 1.43931  mean 1.43223  best_so_far 1.43931  flips 3195  evals 235
15:05:12     gen  19  best 1.44037  mean 1.43198  best_so_far 1.44037  flips 3197  evals 247
15:05:28     gen  20  best 1.44459  mean 1.43623  best_so_far 1.44459  flips 3194  evals 260
15:05:30      GA: 3194/3200 flips from pool 5000, 260 evals, 20 gens; influence-topk baseline dce=+1.18159 dacc=-0.6500
15:05:30      poisoned ce=1.44459 auc=0.2584 acc=0.2760 f1=0.0927  dce=+1.23561 dacc=-0.6490  k=3194  [320.3s]
15:05:30   -- trial run3_sub0
15:05:56     gen   0  best 1.39058  mean 0.69263  best_so_far 1.39058  flips 3200  evals 16
15:06:10     gen   1  best 1.39807  mean 0.91635  best_so_far 1.39807  flips 3200  evals 28
15:06:27     gen   2  best 1.39917  mean 1.06575  best_so_far 1.39917  flips 3200  evals 42
15:06:44     gen   3  best 1.39917  mean 1.20255  best_so_far 1.39917  flips 3200  evals 56
15:06:59     gen   4  best 1.39917  mean 1.30894  best_so_far 1.39917  flips 3200  evals 69
15:07:16     gen   5  best 1.40001  mean 1.38788  best_so_far 1.40001  flips 3198  evals 83
15:07:29     gen   6  best 1.40307  mean 1.39678  best_so_far 1.40307  flips 3200  evals 94
15:07:44     gen   7  best 1.40969  mean 1.40033  best_so_far 1.40969  flips 3200  evals 106
15:08:00     gen   8  best 1.41176  mean 1.40120  best_so_far 1.41176  flips 3199  evals 120
15:08:16     gen   9  best 1.41660  mean 1.40684  best_so_far 1.41660  flips 3200  evals 133
15:08:32     gen  10  best 1.42145  mean 1.41009  best_so_far 1.42145  flips 3197  evals 146
15:08:48     gen  11  best 1.42145  mean 1.41308  best_so_far 1.42145  flips 3197  evals 160
15:09:05     gen  12  best 1.42145  mean 1.41504  best_so_far 1.42145  flips 3197  evals 174
15:09:18     gen  13  best 1.42324  mean 1.41742  best_so_far 1.42324  flips 3199  evals 185
15:09:34     gen  14  best 1.43036  mean 1.42213  best_so_far 1.43036  flips 3200  evals 198
15:09:51     gen  15  best 1.43036  mean 1.42146  best_so_far 1.43036  flips 3200  evals 212
15:10:06     gen  16  best 1.43036  mean 1.42307  best_so_far 1.43036  flips 3200  evals 225
15:10:23     gen  17  best 1.43036  mean 1.42657  best_so_far 1.43036  flips 3200  evals 239
15:10:37     gen  18  best 1.43536  mean 1.42985  best_so_far 1.43536  flips 3199  evals 251
15:10:54     gen  19  best 1.43886  mean 1.42986  best_so_far 1.43886  flips 3200  evals 265
15:11:09     gen  20  best 1.43886  mean 1.43308  best_so_far 1.43886  flips 3200  evals 278
15:11:12      GA: 3200/3200 flips from pool 5000, 278 evals, 20 gens; influence-topk baseline dce=+1.18159 dacc=-0.6500
15:11:12      poisoned ce=1.43886 auc=0.2621 acc=0.2740 f1=0.0879  dce=+1.22987 dacc=-0.6510  k=3200  [341.7s]
15:11:12   -- trial run4_sub0
15:11:37     gen   0  best 1.39058  mean 0.66440  best_so_far 1.39058  flips 3200  evals 16
15:11:53     gen   1  best 1.39195  mean 0.91977  best_so_far 1.39195  flips 3200  evals 29
15:12:07     gen   2  best 1.39503  mean 1.22848  best_so_far 1.39503  flips 3198  evals 41
15:12:19     gen   3  best 1.39684  mean 1.39227  best_so_far 1.39684  flips 3200  evals 51
15:12:35     gen   4  best 1.39854  mean 1.39307  best_so_far 1.39854  flips 3199  evals 64
15:12:52     gen   5  best 1.40396  mean 1.39631  best_so_far 1.40396  flips 3200  evals 78
15:13:06     gen   6  best 1.40509  mean 1.39887  best_so_far 1.40509  flips 3196  evals 90
15:13:22     gen   7  best 1.41298  mean 1.40235  best_so_far 1.41298  flips 3200  evals 103
15:13:38     gen   8  best 1.41641  mean 1.40561  best_so_far 1.41641  flips 3196  evals 117
15:13:53     gen   9  best 1.42635  mean 1.41329  best_so_far 1.42635  flips 3197  evals 129
15:14:08     gen  10  best 1.42896  mean 1.41849  best_so_far 1.42896  flips 3195  evals 142
15:14:24     gen  11  best 1.43001  mean 1.42289  best_so_far 1.43001  flips 3192  evals 155
15:14:38     gen  12  best 1.43150  mean 1.42506  best_so_far 1.43150  flips 3198  evals 167
15:14:54     gen  13  best 1.43308  mean 1.42688  best_so_far 1.43308  flips 3194  evals 180
15:15:10     gen  14  best 1.43501  mean 1.42824  best_so_far 1.43501  flips 3192  evals 193
15:15:24     gen  15  best 1.43743  mean 1.43066  best_so_far 1.43743  flips 3191  evals 205
15:15:39     gen  16  best 1.44025  mean 1.43385  best_so_far 1.44025  flips 3190  evals 217
15:15:55     gen  17  best 1.44151  mean 1.43597  best_so_far 1.44151  flips 3189  evals 231
15:16:11     gen  18  best 1.44397  mean 1.43868  best_so_far 1.44397  flips 3191  evals 244
15:16:26     gen  19  best 1.44473  mean 1.43931  best_so_far 1.44473  flips 3190  evals 257
15:16:40     gen  20  best 1.44473  mean 1.44229  best_so_far 1.44473  flips 3190  evals 268
15:16:42      GA: 3190/3200 flips from pool 5000, 268 evals, 20 gens; influence-topk baseline dce=+1.18159 dacc=-0.6500
15:16:42      poisoned ce=1.44473 auc=0.2648 acc=0.2780 f1=0.0930  dce=+1.23574 dacc=-0.6470  k=3190  [330.1s]
15:16:42   best trial run4_sub0: dce=+1.23574 dacc=-0.6470  -> context_poisoned.csv
15:16:42   per-run winners: run0<-sub0 (dce=+1.22745), run1<-sub0 (dce=+1.22991), run2<-sub0 (dce=+1.23561), run3<-sub0 (dce=+1.22987), run4<-sub0 (dce=+1.23574)
15:16:42   best-subsample-per-run, mean over 5 runs: dce=+1.23171 dacc=-0.6492 dauc=-0.6194  -> /home/ssn899/Desktop/TabFM/results/main_experiments/wids/label-flip_random_r064
