13:36:24 [x-capgd] datasets/url_unique/splits/selected/natural/context_5000.csv (5000x63) -> datasets/url_unique/splits/test_attack_1000.csv (1000 of 1000)  k=1500 (30.0%)  attack_class=None  grid 1x1  cuda:1
13:36:28   clean  ce=0.09328 auc=0.9935 acc=0.9650 f1=0.9644  max|dp| over 3 repeats=0.00e+00  chunking_exact=True  [3.2s]
13:36:29   constraints=full (14 relations, dataset 'url_unique')  scaler=metadata  mutable 63/63  int 58  cat 0
13:36:29   -- trial run0_sub0
13:36:31     iter   0  obj 0.09328  best 0.09328  step 0.9500
13:36:33     iter   1  obj -4.05721  best 0.09328  step 0.9500
13:36:35     iter   2  obj -0.33969  best 0.09328  step 0.9500
13:36:37     iter   3  obj -0.27503  best 0.09328  step 0.9500
13:36:40     iter   4  obj -0.17591  best 0.09328  step 0.9500
13:36:42     iter   5  obj -0.46814  best 0.09328  step 0.4750  halved
13:36:44     iter   6  obj -5.27323  best 0.09328  step 0.4750
13:36:46     iter   7  obj -0.12000  best 0.09328  step 0.4750
13:36:48     iter   8  obj -0.01026  best 0.09328  step 0.4750
13:36:51     iter   9  obj 0.00744  best 0.09328  step 0.2375  halved
13:36:53     iter  10  obj -4.07201  best 0.09328  step 0.2375
13:36:55     iter  11  obj 0.08841  best 0.09328  step 0.2375
13:36:57     iter  12  obj 0.06701  best 0.09328  step 0.1188  halved
13:36:59     iter  13  obj -3.36064  best 0.09328  step 0.1188
13:37:02     iter  14  obj 0.06406  best 0.09328  step 0.0594  halved
13:37:04     iter  15  obj 0.10643  best 0.10643  step 0.0594  *
13:37:06     iter  16  obj 0.06745  best 0.10643  step 0.0297  halved
13:37:08     iter  17  obj 0.11906  best 0.11906  step 0.0297  *
13:37:10     iter  18  obj 0.15699  best 0.15699  step 0.0297  *
13:37:12     iter  19  obj 0.13397  best 0.15699  step 0.0148  halved
13:37:15     iter  20  obj 0.17574  best 0.17574  step 0.0148  *
13:37:17     iter  21  obj 0.19991  best 0.19991  step 0.0148  *
13:37:19     iter  22  obj 0.19129  best 0.19991  step 0.0074  halved
13:37:21     iter  23  obj 0.20914  best 0.20914  step 0.0074  *
13:37:23     iter  24  obj 0.26438  best 0.26438  step 0.0074  *
13:37:26     iter  25  obj 0.17399  best 0.26438  step 0.0037  halved
13:37:27      poisoned ce=0.10748 auc=0.9917 acc=0.9660 f1=0.9654  dce=+0.01421 dacc=+0.0010  k=1500  [58.4s]
13:37:27   mean over 1 trials: dce=+0.01421 dacc=+0.0010 dauc=-0.0018  -> results/niter_sweep_final/url_unique_rs3_it25
