09:24:20 [x-capgd] /home/ssn899/Desktop/TabFM/datasets/url_unique/splits/selected/natural/context_5000.csv (5000x63) -> /home/ssn899/Desktop/TabFM/datasets/url_unique/splits/test_attack_1000.csv (1000 of 1000)  k=50 (1.0%)  attack_class=None  grid 5x3  cuda:0
09:24:24   clean  ce=0.09328 auc=0.9935 acc=0.9650 f1=0.9644  max|dp| over 3 repeats=0.00e+00  chunking_exact=True  [3.1s]
09:24:24   constraints=full (14 relations, dataset 'url_unique')  scaler=metadata  mutable 63/63  int 58  cat 0
09:24:24   -- trial run0_sub0
09:24:27     iter   0  obj 0.09328  best 0.09328  step 0.9500
09:24:29     iter   1  obj -5.95852  best 0.09328  step 0.9500
09:24:31     iter   2  obj 0.04443  best 0.09328  step 0.9500
09:24:33     iter   3  obj -0.26491  best 0.09328  step 0.9500
09:24:35     iter   4  obj -0.22793  best 0.09328  step 0.9500
09:24:37     iter   5  obj -0.00277  best 0.09328  step 0.9500
09:24:40     iter   6  obj 0.09033  best 0.09328  step 0.9500
09:24:42     iter   7  obj -1.40152  best 0.09328  step 0.9500
09:24:44     iter   8  obj -1.17919  best 0.09328  step 0.4750  halved
09:24:46     iter   9  obj -3.35732  best 0.09328  step 0.4750
09:24:48     iter  10  obj -0.63670  best 0.09328  step 0.4750
09:24:50     iter  11  obj 0.09456  best 0.09456  step 0.4750  *
09:24:53     iter  12  obj 0.09368  best 0.09456  step 0.4750
09:24:55     iter  13  obj -0.35767  best 0.09456  step 0.4750
09:24:57     iter  14  obj -0.12772  best 0.09456  step 0.4750
09:24:59     iter  15  obj 0.02275  best 0.09456  step 0.2375  halved
09:25:01     iter  16  obj -1.96263  best 0.09456  step 0.2375
09:25:03     iter  17  obj 0.09392  best 0.09456  step 0.2375
09:25:06     iter  18  obj 0.09150  best 0.09456  step 0.2375
09:25:08     iter  19  obj 0.09822  best 0.09822  step 0.2375  *
09:25:10     iter  20  obj 0.09769  best 0.09822  step 0.2375
09:25:12     iter  21  obj -0.46231  best 0.09822  step 0.1187  halved
09:25:14     iter  22  obj 0.09996  best 0.09996  step 0.1187  *
09:25:16     iter  23  obj 0.09908  best 0.09996  step 0.1187
09:25:19     iter  24  obj -0.77799  best 0.09996  step 0.1187
09:25:21     iter  25  obj 0.09967  best 0.09996  step 0.1187
09:25:23     iter  26  obj 0.10056  best 0.10056  step 0.0594  *  halved
09:25:25     iter  27  obj 0.10303  best 0.10303  step 0.0594  *
09:25:27     iter  28  obj 0.10350  best 0.10350  step 0.0594  *
09:25:30     iter  29  obj 0.10202  best 0.10350  step 0.0594
09:25:32     iter  30  obj -0.07675  best 0.10350  step 0.0297  halved
09:25:34     iter  31  obj 0.10501  best 0.10501  step 0.0297  *
09:25:36     iter  32  obj 0.10568  best 0.10568  step 0.0297  *
09:25:38     iter  33  obj 0.06434  best 0.10568  step 0.0148  halved
09:25:40     iter  34  obj 0.10697  best 0.10697  step 0.0148  *
09:25:43     iter  35  obj 0.10797  best 0.10797  step 0.0148  *
09:25:45     iter  36  obj 0.10813  best 0.10813  step 0.0148  *
09:25:47     iter  37  obj 0.10839  best 0.10839  step 0.0148  *
09:25:49     iter  38  obj 0.10899  best 0.10899  step 0.0148  *
09:25:51     iter  39  obj 0.10998  best 0.10998  step 0.0148  *
09:25:54     iter  40  obj 0.11051  best 0.11051  step 0.0148  *
09:25:55      poisoned ce=0.09976 auc=0.9927 acc=0.9690 f1=0.9685  dce=+0.00649 dacc=+0.0040  k=50  [90.4s]
09:25:55   -- trial run0_sub1
09:25:57     iter   0  obj 0.09328  best 0.09328  step 0.9500
09:25:59     iter   1  obj -2.91083  best 0.09328  step 0.9500
09:26:01     iter   2  obj 0.09246  best 0.09328  step 0.9500
09:26:04     iter   3  obj 0.06286  best 0.09328  step 0.9500
09:26:06     iter   4  obj -0.03496  best 0.09328  step 0.9500
09:26:08     iter   5  obj -0.79938  best 0.09328  step 0.9500
09:26:10     iter   6  obj 0.09081  best 0.09328  step 0.9500
09:26:12     iter   7  obj -0.64646  best 0.09328  step 0.9500
09:26:15     iter   8  obj -0.31282  best 0.09328  step 0.4750  halved
09:26:17     iter   9  obj -1.80433  best 0.09328  step 0.4750
09:26:19     iter  10  obj -0.82459  best 0.09328  step 0.4750
09:26:21     iter  11  obj 0.01912  best 0.09328  step 0.4750
09:26:23     iter  12  obj 0.09482  best 0.09482  step 0.4750  *
09:26:25     iter  13  obj -0.05081  best 0.09482  step 0.4750
09:26:28     iter  14  obj -0.45854  best 0.09482  step 0.4750
09:26:30     iter  15  obj -1.55606  best 0.09482  step 0.2375  halved
09:26:32     iter  16  obj -0.26873  best 0.09482  step 0.2375
09:26:34     iter  17  obj 0.00307  best 0.09482  step 0.2375
09:26:36     iter  18  obj 0.09710  best 0.09710  step 0.2375  *
09:26:39     iter  19  obj -1.01233  best 0.09710  step 0.2375
09:26:41     iter  20  obj 0.09883  best 0.09883  step 0.2375  *
09:26:43     iter  21  obj -0.60801  best 0.09883  step 0.1187  halved
09:26:45     iter  22  obj -0.40597  best 0.09883  step 0.1187
09:26:47     iter  23  obj -0.61293  best 0.09883  step 0.1187
09:26:50     iter  24  obj 0.09984  best 0.09984  step 0.1187  *
09:26:52     iter  25  obj 0.10134  best 0.10134  step 0.1187  *
09:26:54     iter  26  obj -0.13376  best 0.10134  step 0.0594  halved
09:26:56     iter  27  obj 0.10357  best 0.10357  step 0.0594  *
09:26:58     iter  28  obj -0.86121  best 0.10357  step 0.0594
09:27:01     iter  29  obj -0.07504  best 0.10357  step 0.0594
09:27:03     iter  30  obj -0.11972  best 0.10357  step 0.0297  halved
09:27:05     iter  31  obj -1.07964  best 0.10357  step 0.0297
09:27:07     iter  32  obj 0.07676  best 0.10357  step 0.0297
09:27:09     iter  33  obj 0.02010  best 0.10357  step 0.0148  halved
09:27:11     iter  34  obj -0.78559  best 0.10357  step 0.0148
09:27:14     iter  35  obj 0.03493  best 0.10357  step 0.0074  halved
09:27:16     iter  36  obj 0.10433  best 0.10433  step 0.0074  *
09:27:18     iter  37  obj 0.10514  best 0.10514  step 0.0074  *
09:27:20     iter  38  obj 0.03575  best 0.10514  step 0.0074
09:27:22     iter  39  obj 0.10633  best 0.10633  step 0.0037  *  halved
09:27:25     iter  40  obj 0.10680  best 0.10680  step 0.0037  *
09:27:26      poisoned ce=0.09529 auc=0.9933 acc=0.9660 f1=0.9655  dce=+0.00201 dacc=+0.0010  k=50  [91.1s]
09:27:26   -- trial run0_sub2
09:27:28     iter   0  obj 0.09328  best 0.09328  step 0.9500
09:27:30     iter   1  obj -6.19015  best 0.09328  step 0.9500
09:27:33     iter   2  obj -0.99506  best 0.09328  step 0.9500
09:27:35     iter   3  obj 0.09436  best 0.09436  step 0.9500  *
09:27:37     iter   4  obj -0.08572  best 0.09436  step 0.9500
09:27:39     iter   5  obj -0.35097  best 0.09436  step 0.9500
09:27:41     iter   6  obj -0.13985  best 0.09436  step 0.9500
09:27:44     iter   7  obj -1.71474  best 0.09436  step 0.9500
09:27:46     iter   8  obj -0.78961  best 0.09436  step 0.4750  halved
09:27:48     iter   9  obj -1.70837  best 0.09436  step 0.4750
09:27:50     iter  10  obj -0.08190  best 0.09436  step 0.4750
09:27:52     iter  11  obj -0.55042  best 0.09436  step 0.4750
09:27:55     iter  12  obj -0.41995  best 0.09436  step 0.4750
09:27:57     iter  13  obj 0.09328  best 0.09436  step 0.4750
09:27:59     iter  14  obj 0.09684  best 0.09684  step 0.4750  *
09:28:01     iter  15  obj 0.09683  best 0.09684  step 0.2375  halved
09:28:03     iter  16  obj 0.09863  best 0.09863  step 0.2375  *
09:28:06     iter  17  obj -0.01982  best 0.09863  step 0.2375
09:28:08     iter  18  obj 0.09963  best 0.09963  step 0.2375  *
09:28:10     iter  19  obj -0.04331  best 0.09963  step 0.2375
09:28:12     iter  20  obj -0.32216  best 0.09963  step 0.2375
09:28:14     iter  21  obj 0.10001  best 0.10001  step 0.1187  *  halved
09:28:17     iter  22  obj -0.69838  best 0.10001  step 0.1187
09:28:19     iter  23  obj 0.06430  best 0.10001  step 0.1187
09:28:21     iter  24  obj 0.10297  best 0.10297  step 0.1187  *
09:28:23     iter  25  obj 0.10356  best 0.10356  step 0.1187  *
09:28:25     iter  26  obj 0.10540  best 0.10540  step 0.1187  *
09:28:28     iter  27  obj 0.10636  best 0.10636  step 0.1187  *
09:28:30     iter  28  obj -0.05902  best 0.10636  step 0.1187
09:28:32     iter  29  obj 0.10828  best 0.10828  step 0.1187  *
09:28:34     iter  30  obj 0.10880  best 0.10880  step 0.0594  *  halved
09:28:36     iter  31  obj 0.10993  best 0.10993  step 0.0594  *
09:28:38     iter  32  obj 0.11059  best 0.11059  step 0.0594  *
09:28:41     iter  33  obj 0.11162  best 0.11162  step 0.0594  *
09:28:43     iter  34  obj 0.11239  best 0.11239  step 0.0594  *
09:28:45     iter  35  obj 0.11219  best 0.11239  step 0.0297  halved
09:28:47     iter  36  obj 0.11318  best 0.11318  step 0.0297  *
09:28:49     iter  37  obj 0.11326  best 0.11326  step 0.0297  *
09:28:52     iter  38  obj 0.11389  best 0.11389  step 0.0297  *
09:28:54     iter  39  obj 0.11461  best 0.11461  step 0.0297  *
09:28:56     iter  40  obj 0.11434  best 0.11461  step 0.0297
09:28:57      poisoned ce=0.10181 auc=0.9925 acc=0.9670 f1=0.9665  dce=+0.00853 dacc=+0.0020  k=50  [91.4s]
09:28:57   -- trial run1_sub0
09:29:00     iter   0  obj -4.05370  best -4.05370  step 0.9500
09:29:02     iter   1  obj -0.75576  best -0.75576  step 0.9500  *
09:29:04     iter   2  obj -0.26742  best -0.26742  step 0.9500  *
09:29:07     iter   3  obj -0.80278  best -0.26742  step 0.9500
09:29:09     iter   4  obj -0.20413  best -0.20413  step 0.9500  *
09:29:11     iter   5  obj -0.36873  best -0.20413  step 0.9500
09:29:13     iter   6  obj -1.35315  best -0.20413  step 0.9500
09:29:16     iter   7  obj -0.75338  best -0.20413  step 0.9500
09:29:18     iter   8  obj -0.71914  best -0.20413  step 0.4750  halved
09:29:20     iter   9  obj -2.91449  best -0.20413  step 0.4750
09:29:22     iter  10  obj -0.36243  best -0.20413  step 0.4750
09:29:25     iter  11  obj -0.41124  best -0.20413  step 0.4750
09:29:27     iter  12  obj -0.30236  best -0.20413  step 0.4750
09:29:29     iter  13  obj 0.08472  best 0.08472  step 0.4750  *
09:29:32     iter  14  obj -0.81347  best 0.08472  step 0.4750
09:29:34     iter  15  obj -0.57245  best 0.08472  step 0.2375  halved
09:29:36     iter  16  obj -0.07847  best 0.08472  step 0.2375
09:29:38     iter  17  obj 0.09025  best 0.09025  step 0.2375  *
09:29:41     iter  18  obj 0.00052  best 0.09025  step 0.2375
09:29:43     iter  19  obj -0.47331  best 0.09025  step 0.2375
09:29:45     iter  20  obj -0.47321  best 0.09025  step 0.2375
09:29:47     iter  21  obj 0.09150  best 0.09150  step 0.1187  *  halved
09:29:50     iter  22  obj 0.09350  best 0.09350  step 0.1187  *
09:29:52     iter  23  obj 0.09538  best 0.09538  step 0.1187  *
09:29:54     iter  24  obj 0.09460  best 0.09538  step 0.1187
09:29:57     iter  25  obj 0.09583  best 0.09583  step 0.1187  *
09:29:59     iter  26  obj -0.17400  best 0.09583  step 0.0594  halved
09:30:01     iter  27  obj 0.09886  best 0.09886  step 0.0594  *
09:30:03     iter  28  obj 0.10102  best 0.10102  step 0.0594  *
09:30:06     iter  29  obj 0.10291  best 0.10291  step 0.0594  *
09:30:08     iter  30  obj 0.10335  best 0.10335  step 0.0594  *
09:30:10     iter  31  obj 0.10451  best 0.10451  step 0.0594  *
09:30:12     iter  32  obj 0.10388  best 0.10451  step 0.0594
09:30:15     iter  33  obj -0.16095  best 0.10451  step 0.0297  halved
09:30:17     iter  34  obj 0.10690  best 0.10690  step 0.0297  *
09:30:19     iter  35  obj 0.10753  best 0.10753  step 0.0297  *
09:30:22     iter  36  obj 0.10800  best 0.10800  step 0.0297  *
09:30:24     iter  37  obj 0.10867  best 0.10867  step 0.0297  *
09:30:26     iter  38  obj 0.10937  best 0.10937  step 0.0297  *
09:30:28     iter  39  obj 0.11032  best 0.11032  step 0.0297  *
09:30:31     iter  40  obj 0.11046  best 0.11046  step 0.0297  *
09:30:32      poisoned ce=0.09235 auc=0.9937 acc=0.9720 f1=0.9715  dce=-0.00093 dacc=+0.0070  k=50  [94.6s]
09:30:32   -- trial run1_sub1
09:30:34     iter   0  obj -3.82159  best -3.82159  step 0.9500
09:30:37     iter   1  obj -0.58418  best -0.58418  step 0.9500  *
09:30:39     iter   2  obj 0.07776  best 0.07776  step 0.9500  *
09:30:41     iter   3  obj -0.40376  best 0.07776  step 0.9500
09:30:43     iter   4  obj -0.40278  best 0.07776  step 0.9500
09:30:46     iter   5  obj -1.93354  best 0.07776  step 0.9500
09:30:48     iter   6  obj -0.34895  best 0.07776  step 0.9500
09:30:50     iter   7  obj -1.88254  best 0.07776  step 0.9500
09:30:52     iter   8  obj -0.45343  best 0.07776  step 0.4750  halved
09:30:55     iter   9  obj -3.92222  best 0.07776  step 0.4750
09:30:57     iter  10  obj 0.07825  best 0.07825  step 0.4750  *
09:30:59     iter  11  obj 0.08329  best 0.08329  step 0.4750  *
09:31:02     iter  12  obj -0.28987  best 0.08329  step 0.4750
09:31:04     iter  13  obj 0.05778  best 0.08329  step 0.4750
09:31:06     iter  14  obj 0.08753  best 0.08753  step 0.4750  *
09:31:08     iter  15  obj -0.10846  best 0.08753  step 0.2375  halved
09:31:11     iter  16  obj 0.01206  best 0.08753  step 0.2375
09:31:13     iter  17  obj -0.14101  best 0.08753  step 0.2375
09:31:15     iter  18  obj -0.52645  best 0.08753  step 0.2375
09:31:17     iter  19  obj -0.43623  best 0.08753  step 0.2375
09:31:20     iter  20  obj -0.12327  best 0.08753  step 0.2375
09:31:22     iter  21  obj 0.09294  best 0.09294  step 0.1187  *  halved
09:31:24     iter  22  obj 0.09542  best 0.09542  step 0.1187  *
09:31:27     iter  23  obj -0.18088  best 0.09542  step 0.1187
09:31:29     iter  24  obj 0.09715  best 0.09715  step 0.1187  *
09:31:31     iter  25  obj 0.09694  best 0.09715  step 0.1187
09:31:33     iter  26  obj 0.09931  best 0.09931  step 0.0594  *  halved
09:31:36     iter  27  obj 0.10312  best 0.10312  step 0.0594  *
09:31:38     iter  28  obj 0.10269  best 0.10312  step 0.0594
09:31:40     iter  29  obj 0.10483  best 0.10483  step 0.0594  *
09:31:42     iter  30  obj 0.10553  best 0.10553  step 0.0297  *  halved
09:31:45     iter  31  obj 0.10793  best 0.10793  step 0.0297  *
09:31:47     iter  32  obj 0.10912  best 0.10912  step 0.0297  *
09:31:49     iter  33  obj 0.11088  best 0.11088  step 0.0297  *
09:31:52     iter  34  obj 0.11222  best 0.11222  step 0.0297  *
09:31:54     iter  35  obj 0.11162  best 0.11222  step 0.0148  halved
09:31:56     iter  36  obj 0.11348  best 0.11348  step 0.0148  *
09:31:58     iter  37  obj 0.11478  best 0.11478  step 0.0148  *
09:32:01     iter  38  obj 0.11563  best 0.11563  step 0.0148  *
09:32:03     iter  39  obj 0.11639  best 0.11639  step 0.0148  *
09:32:05     iter  40  obj 0.11532  best 0.11639  step 0.0148
09:32:07      poisoned ce=0.09054 auc=0.9939 acc=0.9680 f1=0.9675  dce=-0.00274 dacc=+0.0030  k=50  [94.5s]
09:32:07   -- trial run1_sub2
09:32:09     iter   0  obj -3.39151  best -3.39151  step 0.9500
09:32:11     iter   1  obj -1.93804  best -1.93804  step 0.9500  *
09:32:13     iter   2  obj -0.21362  best -0.21362  step 0.9500  *
09:32:16     iter   3  obj -0.01277  best -0.01277  step 0.9500  *
09:32:18     iter   4  obj -0.54767  best -0.01277  step 0.9500
09:32:20     iter   5  obj -1.11247  best -0.01277  step 0.9500
09:32:22     iter   6  obj -1.04996  best -0.01277  step 0.9500
09:32:25     iter   7  obj -0.76643  best -0.01277  step 0.9500
09:32:27     iter   8  obj -0.23136  best -0.01277  step 0.4750  halved
09:32:29     iter   9  obj -3.36613  best -0.01277  step 0.4750
09:32:32     iter  10  obj 0.08154  best 0.08154  step 0.4750  *
09:32:34     iter  11  obj -0.18492  best 0.08154  step 0.4750
09:32:36     iter  12  obj 0.08416  best 0.08416  step 0.4750  *
09:32:38     iter  13  obj -0.66131  best 0.08416  step 0.4750
09:32:41     iter  14  obj -0.21317  best 0.08416  step 0.4750
09:32:43     iter  15  obj 0.08825  best 0.08825  step 0.2375  *  halved
09:32:45     iter  16  obj -0.38282  best 0.08825  step 0.2375
09:32:47     iter  17  obj 0.08951  best 0.08951  step 0.2375  *
09:32:50     iter  18  obj -0.66033  best 0.08951  step 0.2375
09:32:52     iter  19  obj 0.09092  best 0.09092  step 0.2375  *
09:32:54     iter  20  obj 0.09150  best 0.09150  step 0.2375  *
09:32:57     iter  21  obj 0.09301  best 0.09301  step 0.1187  *  halved
09:32:59     iter  22  obj 0.09429  best 0.09429  step 0.1187  *
09:33:01     iter  23  obj 0.09731  best 0.09731  step 0.1187  *
09:33:03     iter  24  obj 0.09873  best 0.09873  step 0.1187  *
09:33:06     iter  25  obj 0.09841  best 0.09873  step 0.1187
09:33:08     iter  26  obj 0.09840  best 0.09873  step 0.0594  halved
09:33:10     iter  27  obj 0.10041  best 0.10041  step 0.0594  *
09:33:12     iter  28  obj 0.10046  best 0.10046  step 0.0594  *
09:33:15     iter  29  obj 0.10257  best 0.10257  step 0.0594  *
09:33:17     iter  30  obj 0.10390  best 0.10390  step 0.0594  *
09:33:19     iter  31  obj 0.10243  best 0.10390  step 0.0594
09:33:21     iter  32  obj 0.10389  best 0.10390  step 0.0594
09:33:24     iter  33  obj 0.10506  best 0.10506  step 0.0297  *  halved
09:33:26     iter  34  obj 0.10739  best 0.10739  step 0.0297  *
09:33:28     iter  35  obj 0.10967  best 0.10967  step 0.0297  *
09:33:31     iter  36  obj 0.11004  best 0.11004  step 0.0297  *
09:33:33     iter  37  obj 0.11189  best 0.11189  step 0.0297  *
09:33:35     iter  38  obj 0.11297  best 0.11297  step 0.0297  *
09:33:37     iter  39  obj 0.11417  best 0.11417  step 0.0297  *
09:33:40     iter  40  obj 0.11387  best 0.11417  step 0.0297
09:33:41      poisoned ce=0.09223 auc=0.9937 acc=0.9700 f1=0.9695  dce=-0.00105 dacc=+0.0050  k=50  [94.5s]
09:33:41   -- trial run2_sub0
09:33:43     iter   0  obj -7.74863  best -7.74863  step 0.9500
09:33:46     iter   1  obj -0.43106  best -0.43106  step 0.9500  *
09:33:48     iter   2  obj -0.51039  best -0.43106  step 0.9500
09:33:50     iter   3  obj -0.27686  best -0.27686  step 0.9500  *
09:33:52     iter   4  obj -0.20273  best -0.20273  step 0.9500  *
09:33:55     iter   5  obj -1.20727  best -0.20273  step 0.9500
09:33:57     iter   6  obj -0.13032  best -0.13032  step 0.9500  *
09:33:59     iter   7  obj -0.23706  best -0.13032  step 0.9500
09:34:02     iter   8  obj -0.29377  best -0.13032  step 0.4750  halved
09:34:04     iter   9  obj 0.08530  best 0.08530  step 0.4750  *
09:34:06     iter  10  obj -0.54045  best 0.08530  step 0.4750
09:34:08     iter  11  obj -1.30210  best 0.08530  step 0.4750
09:34:11     iter  12  obj -0.38506  best 0.08530  step 0.4750
09:34:13     iter  13  obj 0.04913  best 0.08530  step 0.4750
09:34:15     iter  14  obj -0.57895  best 0.08530  step 0.4750
09:34:17     iter  15  obj -0.30504  best 0.08530  step 0.2375  halved
09:34:20     iter  16  obj -3.25248  best 0.08530  step 0.2375
09:34:22     iter  17  obj 0.08582  best 0.08582  step 0.2375  *
09:34:24     iter  18  obj 0.08728  best 0.08728  step 0.2375  *
09:34:26     iter  19  obj -0.20201  best 0.08728  step 0.2375
09:34:29     iter  20  obj 0.03592  best 0.08728  step 0.2375
09:34:31     iter  21  obj 0.05230  best 0.08728  step 0.1187  halved
09:34:33     iter  22  obj -0.35753  best 0.08728  step 0.1187
09:34:36     iter  23  obj 0.08922  best 0.08922  step 0.1187  *
09:34:38     iter  24  obj 0.08698  best 0.08922  step 0.1187
09:34:40     iter  25  obj 0.08929  best 0.08929  step 0.1187  *
09:34:42     iter  26  obj -0.08199  best 0.08929  step 0.0594  halved
09:34:45     iter  27  obj -0.09060  best 0.08929  step 0.0594
09:34:47     iter  28  obj 0.09423  best 0.09423  step 0.0594  *
09:34:49     iter  29  obj 0.09545  best 0.09545  step 0.0594  *
09:34:51     iter  30  obj 0.09506  best 0.09545  step 0.0297  halved
09:34:54     iter  31  obj 0.09640  best 0.09640  step 0.0297  *
09:34:56     iter  32  obj 0.09776  best 0.09776  step 0.0297  *
09:34:58     iter  33  obj 0.09851  best 0.09851  step 0.0297  *
09:35:01     iter  34  obj 0.09995  best 0.09995  step 0.0297  *
09:35:03     iter  35  obj 0.10040  best 0.10040  step 0.0297  *
09:35:05     iter  36  obj 0.10150  best 0.10150  step 0.0297  *
09:35:07     iter  37  obj 0.10188  best 0.10188  step 0.0297  *
09:35:10     iter  38  obj 0.10225  best 0.10225  step 0.0297  *
09:35:12     iter  39  obj 0.10246  best 0.10246  step 0.0297  *
09:35:14     iter  40  obj 0.10226  best 0.10246  step 0.0297
09:35:16      poisoned ce=0.09433 auc=0.9935 acc=0.9690 f1=0.9685  dce=+0.00106 dacc=+0.0040  k=50  [94.5s]
09:35:16   -- trial run2_sub1
09:35:18     iter   0  obj -7.20950  best -7.20950  step 0.9500
09:35:20     iter   1  obj -1.01811  best -1.01811  step 0.9500  *
09:35:22     iter   2  obj -0.72937  best -0.72937  step 0.9500  *
09:35:25     iter   3  obj -0.07865  best -0.07865  step 0.9500  *
09:35:27     iter   4  obj -0.25532  best -0.07865  step 0.9500
09:35:29     iter   5  obj -0.64750  best -0.07865  step 0.9500
09:35:32     iter   6  obj -0.94504  best -0.07865  step 0.9500
09:35:34     iter   7  obj -0.44982  best -0.07865  step 0.9500
09:35:36     iter   8  obj -0.75331  best -0.07865  step 0.4750  halved
09:35:38     iter   9  obj -2.63906  best -0.07865  step 0.4750
09:35:41     iter  10  obj 0.08381  best 0.08381  step 0.4750  *
09:35:43     iter  11  obj -0.09766  best 0.08381  step 0.4750
09:35:45     iter  12  obj 0.08738  best 0.08738  step 0.4750  *
09:35:47     iter  13  obj 0.03647  best 0.08738  step 0.4750
09:35:50     iter  14  obj -0.47175  best 0.08738  step 0.4750
09:35:52     iter  15  obj 0.00656  best 0.08738  step 0.2375  halved
09:35:54     iter  16  obj -0.30395  best 0.08738  step 0.2375
09:35:56     iter  17  obj 0.01634  best 0.08738  step 0.2375
09:35:59     iter  18  obj 0.09149  best 0.09149  step 0.2375  *
09:36:01     iter  19  obj 0.09258  best 0.09258  step 0.2375  *
09:36:03     iter  20  obj -0.61221  best 0.09258  step 0.2375
09:36:06     iter  21  obj 0.09441  best 0.09441  step 0.1187  *  halved
09:36:08     iter  22  obj 0.09680  best 0.09680  step 0.1187  *
09:36:10     iter  23  obj 0.09667  best 0.09680  step 0.1187
09:36:12     iter  24  obj 0.09925  best 0.09925  step 0.1187  *
09:36:15     iter  25  obj 0.10005  best 0.10005  step 0.1187  *
09:36:17     iter  26  obj 0.10144  best 0.10144  step 0.1187  *
09:36:19     iter  27  obj 0.09958  best 0.10144  step 0.1187
09:36:21     iter  28  obj 0.10245  best 0.10245  step 0.1187  *
09:36:24     iter  29  obj 0.10323  best 0.10323  step 0.1187  *
09:36:26     iter  30  obj 0.10018  best 0.10323  step 0.0594  halved
09:36:28     iter  31  obj 0.10380  best 0.10380  step 0.0594  *
09:36:31     iter  32  obj 0.10685  best 0.10685  step 0.0594  *
09:36:33     iter  33  obj 0.10544  best 0.10685  step 0.0297  halved
09:36:35     iter  34  obj 0.10732  best 0.10732  step 0.0297  *
09:36:37     iter  35  obj 0.11011  best 0.11011  step 0.0297  *
09:36:40     iter  36  obj 0.11134  best 0.11134  step 0.0297  *
09:36:42     iter  37  obj 0.11062  best 0.11134  step 0.0148  halved
09:36:44     iter  38  obj 0.11252  best 0.11252  step 0.0148  *
09:36:46     iter  39  obj 0.11343  best 0.11343  step 0.0148  *
09:36:49     iter  40  obj 0.11478  best 0.11478  step 0.0148  *
09:36:50      poisoned ce=0.09056 auc=0.9939 acc=0.9700 f1=0.9695  dce=-0.00272 dacc=+0.0050  k=50  [94.5s]
09:36:50   -- trial run2_sub2
09:36:52     iter   0  obj -7.18214  best -7.18214  step 0.9500
09:36:55     iter   1  obj -1.24679  best -1.24679  step 0.9500  *
09:36:57     iter   2  obj -0.30270  best -0.30270  step 0.9500  *
09:36:59     iter   3  obj -0.34175  best -0.30270  step 0.9500
09:37:02     iter   4  obj 0.07964  best 0.07964  step 0.9500  *
09:37:04     iter   5  obj -0.51929  best 0.07964  step 0.9500
09:37:06     iter   6  obj -1.07671  best 0.07964  step 0.9500
09:37:08     iter   7  obj -0.25719  best 0.07964  step 0.9500
09:37:11     iter   8  obj -1.11318  best 0.07964  step 0.4750  halved
09:37:13     iter   9  obj -2.56920  best 0.07964  step 0.4750
09:37:15     iter  10  obj 0.01937  best 0.07964  step 0.4750
09:37:17     iter  11  obj -0.19182  best 0.07964  step 0.4750
09:37:20     iter  12  obj 0.06409  best 0.07964  step 0.4750
09:37:22     iter  13  obj -0.16029  best 0.07964  step 0.4750
09:37:24     iter  14  obj 0.08298  best 0.08298  step 0.4750  *
09:37:26     iter  15  obj 0.08392  best 0.08392  step 0.2375  *  halved
09:37:29     iter  16  obj -0.51890  best 0.08392  step 0.2375
09:37:31     iter  17  obj 0.08154  best 0.08392  step 0.2375
09:37:33     iter  18  obj -1.05134  best 0.08392  step 0.2375
09:37:36     iter  19  obj 0.08921  best 0.08921  step 0.2375  *
09:37:38     iter  20  obj -0.08307  best 0.08921  step 0.2375
09:37:40     iter  21  obj -1.22993  best 0.08921  step 0.1187  halved
09:37:42     iter  22  obj 0.09146  best 0.09146  step 0.1187  *
09:37:45     iter  23  obj 0.09297  best 0.09297  step 0.1187  *
09:37:47     iter  24  obj 0.09487  best 0.09487  step 0.1187  *
09:37:49     iter  25  obj 0.02849  best 0.09487  step 0.1187
09:37:51     iter  26  obj 0.09553  best 0.09553  step 0.1187  *
09:37:54     iter  27  obj -0.13702  best 0.09553  step 0.1187
09:37:56     iter  28  obj 0.09792  best 0.09792  step 0.1187  *
09:37:58     iter  29  obj -1.02984  best 0.09792  step 0.1187
09:38:01     iter  30  obj 0.03410  best 0.09792  step 0.0594  halved
09:38:03     iter  31  obj 0.10108  best 0.10108  step 0.0594  *
09:38:05     iter  32  obj -0.17097  best 0.10108  step 0.0594
09:38:07     iter  33  obj 0.10355  best 0.10355  step 0.0297  *  halved
09:38:10     iter  34  obj 0.10475  best 0.10475  step 0.0297  *
09:38:12     iter  35  obj 0.10599  best 0.10599  step 0.0297  *
09:38:14     iter  36  obj 0.10685  best 0.10685  step 0.0297  *
09:38:16     iter  37  obj 0.10818  best 0.10818  step 0.0297  *
09:38:19     iter  38  obj 0.10874  best 0.10874  step 0.0297  *
09:38:21     iter  39  obj 0.10916  best 0.10916  step 0.0297  *
09:38:23     iter  40  obj 0.10935  best 0.10935  step 0.0297  *
09:38:25      poisoned ce=0.09192 auc=0.9938 acc=0.9720 f1=0.9715  dce=-0.00136 dacc=+0.0070  k=50  [94.6s]
09:38:25   -- trial run3_sub0
09:38:27     iter   0  obj -8.60513  best -8.60513  step 0.9500
09:38:29     iter   1  obj -0.33628  best -0.33628  step 0.9500  *
09:38:32     iter   2  obj -0.61302  best -0.33628  step 0.9500
09:38:34     iter   3  obj -1.69254  best -0.33628  step 0.9500
09:38:36     iter   4  obj -0.24325  best -0.24325  step 0.9500  *
09:38:38     iter   5  obj -0.45111  best -0.24325  step 0.9500
09:38:41     iter   6  obj -1.84768  best -0.24325  step 0.9500
09:38:43     iter   7  obj -0.32982  best -0.24325  step 0.9500
09:38:45     iter   8  obj -1.00386  best -0.24325  step 0.4750  halved
09:38:47     iter   9  obj -1.50722  best -0.24325  step 0.4750
09:38:50     iter  10  obj -0.99029  best -0.24325  step 0.4750
09:38:52     iter  11  obj -0.11523  best -0.11523  step 0.4750  *
09:38:54     iter  12  obj 0.08616  best 0.08616  step 0.4750  *
09:38:57     iter  13  obj -0.03881  best 0.08616  step 0.4750
09:38:59     iter  14  obj 0.08620  best 0.08620  step 0.4750  *
09:39:01     iter  15  obj -0.22753  best 0.08620  step 0.2375  halved
09:39:03     iter  16  obj -0.02308  best 0.08620  step 0.2375
09:39:06     iter  17  obj 0.08635  best 0.08635  step 0.2375  *
09:39:08     iter  18  obj -0.60128  best 0.08635  step 0.2375
09:39:10     iter  19  obj 0.09123  best 0.09123  step 0.2375  *
09:39:12     iter  20  obj 0.01949  best 0.09123  step 0.2375
09:39:15     iter  21  obj 0.09339  best 0.09339  step 0.1187  *  halved
09:39:17     iter  22  obj 0.09468  best 0.09468  step 0.1187  *
09:39:19     iter  23  obj 0.09434  best 0.09468  step 0.1187
09:39:21     iter  24  obj 0.09578  best 0.09578  step 0.1187  *
09:39:24     iter  25  obj 0.09597  best 0.09597  step 0.1187  *
09:39:26     iter  26  obj 0.09663  best 0.09663  step 0.1187  *
09:39:28     iter  27  obj -0.61944  best 0.09663  step 0.1187
09:39:31     iter  28  obj 0.09664  best 0.09664  step 0.1187  *
09:39:33     iter  29  obj 0.03643  best 0.09664  step 0.1187
09:39:35     iter  30  obj 0.09952  best 0.09952  step 0.0594  *  halved
09:39:37     iter  31  obj 0.10138  best 0.10138  step 0.0594  *
09:39:40     iter  32  obj 0.10275  best 0.10275  step 0.0594  *
09:39:42     iter  33  obj 0.10413  best 0.10413  step 0.0594  *
09:39:44     iter  34  obj -0.13906  best 0.10413  step 0.0594
09:39:46     iter  35  obj 0.10586  best 0.10586  step 0.0297  *  halved
09:39:49     iter  36  obj 0.10829  best 0.10829  step 0.0297  *
09:39:51     iter  37  obj 0.10842  best 0.10842  step 0.0297  *
09:39:53     iter  38  obj 0.10918  best 0.10918  step 0.0297  *
09:39:56     iter  39  obj 0.10964  best 0.10964  step 0.0297  *
09:39:58     iter  40  obj 0.10912  best 0.10964  step 0.0297
09:39:59      poisoned ce=0.09458 auc=0.9934 acc=0.9690 f1=0.9686  dce=+0.00130 dacc=+0.0040  k=50  [94.6s]
09:39:59   -- trial run3_sub1
09:40:02     iter   0  obj -7.10229  best -7.10229  step 0.9500
09:40:04     iter   1  obj -0.08067  best -0.08067  step 0.9500  *
09:40:06     iter   2  obj -0.57438  best -0.08067  step 0.9500
09:40:08     iter   3  obj -0.69503  best -0.08067  step 0.9500
09:40:11     iter   4  obj -0.14611  best -0.08067  step 0.9500
09:40:13     iter   5  obj -0.58579  best -0.08067  step 0.9500
09:40:15     iter   6  obj -2.27620  best -0.08067  step 0.9500
09:40:17     iter   7  obj -0.31773  best -0.08067  step 0.9500
09:40:20     iter   8  obj -0.87943  best -0.08067  step 0.4750  halved
09:40:22     iter   9  obj -3.17476  best -0.08067  step 0.4750
09:40:24     iter  10  obj -0.25779  best -0.08067  step 0.4750
09:40:27     iter  11  obj 0.08412  best 0.08412  step 0.4750  *
09:40:29     iter  12  obj -0.38853  best 0.08412  step 0.4750
09:40:31     iter  13  obj 0.08751  best 0.08751  step 0.4750  *
09:40:33     iter  14  obj -0.82986  best 0.08751  step 0.4750
09:40:36     iter  15  obj -0.21426  best 0.08751  step 0.2375  halved
09:40:38     iter  16  obj -0.07134  best 0.08751  step 0.2375
09:40:40     iter  17  obj -0.16317  best 0.08751  step 0.2375
09:40:42     iter  18  obj 0.09154  best 0.09154  step 0.2375  *
09:40:45     iter  19  obj 0.09217  best 0.09217  step 0.2375  *
09:40:47     iter  20  obj 0.09305  best 0.09305  step 0.2375  *
09:40:49     iter  21  obj -0.07462  best 0.09305  step 0.1187  halved
09:40:52     iter  22  obj -0.04457  best 0.09305  step 0.1187
09:40:54     iter  23  obj 0.09169  best 0.09305  step 0.1187
09:40:56     iter  24  obj 0.09398  best 0.09398  step 0.1187  *
09:40:58     iter  25  obj 0.09563  best 0.09563  step 0.1187  *
09:41:01     iter  26  obj 0.01537  best 0.09563  step 0.1187
09:41:03     iter  27  obj 0.09800  best 0.09800  step 0.1187  *
09:41:05     iter  28  obj 0.09889  best 0.09889  step 0.1187  *
09:41:07     iter  29  obj 0.09886  best 0.09889  step 0.1187
09:41:10     iter  30  obj 0.09618  best 0.09889  step 0.0594  halved
09:41:12     iter  31  obj 0.10197  best 0.10197  step 0.0594  *
09:41:14     iter  32  obj 0.10165  best 0.10197  step 0.0594
09:41:16     iter  33  obj 0.10021  best 0.10197  step 0.0297  halved
09:41:19     iter  34  obj 0.10349  best 0.10349  step 0.0297  *
09:41:21     iter  35  obj 0.10446  best 0.10446  step 0.0297  *
09:41:23     iter  36  obj 0.10548  best 0.10548  step 0.0297  *
09:41:26     iter  37  obj 0.10398  best 0.10548  step 0.0148  halved
09:41:28     iter  38  obj 0.10682  best 0.10682  step 0.0148  *
09:41:30     iter  39  obj 0.10798  best 0.10798  step 0.0148  *
09:41:32     iter  40  obj 0.10898  best 0.10898  step 0.0148  *
09:41:34      poisoned ce=0.09175 auc=0.9937 acc=0.9690 f1=0.9685  dce=-0.00153 dacc=+0.0040  k=50  [94.6s]
09:41:34   -- trial run3_sub2
09:41:36     iter   0  obj -6.21481  best -6.21481  step 0.9500
09:41:38     iter   1  obj -0.70285  best -0.70285  step 0.9500  *
09:41:41     iter   2  obj -0.08117  best -0.08117  step 0.9500  *
09:41:43     iter   3  obj -2.18712  best -0.08117  step 0.9500
09:41:45     iter   4  obj -0.88725  best -0.08117  step 0.9500
09:41:47     iter   5  obj 0.08196  best 0.08196  step 0.9500  *
09:41:50     iter   6  obj -1.90197  best 0.08196  step 0.9500
09:41:52     iter   7  obj -0.66500  best 0.08196  step 0.9500
09:41:54     iter   8  obj -0.72523  best 0.08196  step 0.4750  halved
09:41:57     iter   9  obj -3.37799  best 0.08196  step 0.4750
09:41:59     iter  10  obj 0.04919  best 0.08196  step 0.4750
09:42:01     iter  11  obj -0.37698  best 0.08196  step 0.4750
09:42:03     iter  12  obj 0.07581  best 0.08196  step 0.4750
09:42:06     iter  13  obj -0.45600  best 0.08196  step 0.4750
09:42:08     iter  14  obj -0.23335  best 0.08196  step 0.4750
09:42:10     iter  15  obj -0.27281  best 0.08196  step 0.2375  halved
09:42:12     iter  16  obj -3.64063  best 0.08196  step 0.2375
09:42:15     iter  17  obj 0.03231  best 0.08196  step 0.2375
09:42:17     iter  18  obj -0.34912  best 0.08196  step 0.2375
09:42:19     iter  19  obj -0.71084  best 0.08196  step 0.2375
09:42:22     iter  20  obj 0.08837  best 0.08837  step 0.2375  *
09:42:24     iter  21  obj -0.22608  best 0.08837  step 0.1187  halved
09:42:26     iter  22  obj -0.14478  best 0.08837  step 0.1187
09:42:28     iter  23  obj -0.03016  best 0.08837  step 0.1187
09:42:31     iter  24  obj -0.33497  best 0.08837  step 0.1187
09:42:33     iter  25  obj 0.09386  best 0.09386  step 0.1187  *
09:42:35     iter  26  obj 0.09503  best 0.09503  step 0.1187  *
09:42:37     iter  27  obj 0.09677  best 0.09677  step 0.1187  *
09:42:40     iter  28  obj 0.09699  best 0.09699  step 0.1187  *
09:42:42     iter  29  obj 0.09668  best 0.09699  step 0.1187
09:42:44     iter  30  obj 0.03536  best 0.09699  step 0.0594  halved
09:42:47     iter  31  obj 0.09956  best 0.09956  step 0.0594  *
09:42:49     iter  32  obj 0.10035  best 0.10035  step 0.0594  *
09:42:51     iter  33  obj -1.10279  best 0.10035  step 0.0297  halved
09:42:53     iter  34  obj -0.17716  best 0.10035  step 0.0297
09:42:56     iter  35  obj 0.10304  best 0.10304  step 0.0297  *
09:42:58     iter  36  obj 0.10449  best 0.10449  step 0.0297  *
09:43:00     iter  37  obj 0.10624  best 0.10624  step 0.0297  *
09:43:02     iter  38  obj 0.10395  best 0.10624  step 0.0297
09:43:05     iter  39  obj 0.10384  best 0.10624  step 0.0148  halved
09:43:07     iter  40  obj 0.10735  best 0.10735  step 0.0148  *
09:43:08      poisoned ce=0.09109 auc=0.9939 acc=0.9710 f1=0.9706  dce=-0.00218 dacc=+0.0060  k=50  [94.6s]
09:43:08   -- trial run4_sub0
09:43:11     iter   0  obj -4.62844  best -4.62844  step 0.9500
09:43:13     iter   1  obj -0.40934  best -0.40934  step 0.9500  *
09:43:15     iter   2  obj -1.32850  best -0.40934  step 0.9500
09:43:18     iter   3  obj -0.68613  best -0.40934  step 0.9500
09:43:20     iter   4  obj 0.08034  best 0.08034  step 0.9500  *
09:43:22     iter   5  obj 0.06510  best 0.08034  step 0.9500
09:43:24     iter   6  obj -2.01609  best 0.08034  step 0.9500
09:43:27     iter   7  obj -1.16353  best 0.08034  step 0.9500
09:43:29     iter   8  obj -0.15262  best 0.08034  step 0.4750  halved
09:43:31     iter   9  obj -0.77583  best 0.08034  step 0.4750
09:43:33     iter  10  obj -1.23880  best 0.08034  step 0.4750
09:43:36     iter  11  obj 0.08554  best 0.08554  step 0.4750  *
09:43:38     iter  12  obj 0.08312  best 0.08554  step 0.4750
09:43:40     iter  13  obj -0.14134  best 0.08554  step 0.4750
09:43:43     iter  14  obj -1.02154  best 0.08554  step 0.4750
09:43:45     iter  15  obj -0.11028  best 0.08554  step 0.2375  halved
09:43:47     iter  16  obj -0.76142  best 0.08554  step 0.2375
09:43:49     iter  17  obj -0.45606  best 0.08554  step 0.2375
09:43:52     iter  18  obj 0.08598  best 0.08598  step 0.2375  *
09:43:54     iter  19  obj 0.08771  best 0.08771  step 0.2375  *
09:43:56     iter  20  obj 0.09054  best 0.09054  step 0.2375  *
09:43:58     iter  21  obj 0.06715  best 0.09054  step 0.1187  halved
09:44:01     iter  22  obj 0.08938  best 0.09054  step 0.1187
09:44:03     iter  23  obj 0.01707  best 0.09054  step 0.1187
09:44:05     iter  24  obj 0.09211  best 0.09211  step 0.1187  *
09:44:07     iter  25  obj 0.09386  best 0.09386  step 0.1187  *
09:44:10     iter  26  obj 0.09457  best 0.09457  step 0.1187  *
09:44:12     iter  27  obj 0.06454  best 0.09457  step 0.1187
09:44:14     iter  28  obj 0.09534  best 0.09534  step 0.1187  *
09:44:17     iter  29  obj 0.09536  best 0.09536  step 0.1187  *
09:44:19     iter  30  obj 0.09727  best 0.09727  step 0.0594  *  halved
09:44:21     iter  31  obj 0.09940  best 0.09940  step 0.0594  *
09:44:23     iter  32  obj 0.10169  best 0.10169  step 0.0594  *
09:44:26     iter  33  obj 0.10356  best 0.10356  step 0.0594  *
09:44:28     iter  34  obj -0.11236  best 0.10356  step 0.0594
09:44:30     iter  35  obj 0.10436  best 0.10436  step 0.0297  *  halved
09:44:32     iter  36  obj 0.10614  best 0.10614  step 0.0297  *
09:44:35     iter  37  obj 0.10733  best 0.10733  step 0.0297  *
09:44:37     iter  38  obj 0.10834  best 0.10834  step 0.0297  *
09:44:39     iter  39  obj 0.10889  best 0.10889  step 0.0297  *
09:44:42     iter  40  obj 0.10994  best 0.10994  step 0.0297  *
09:44:43      poisoned ce=0.09176 auc=0.9937 acc=0.9750 f1=0.9746  dce=-0.00152 dacc=+0.0100  k=50  [94.5s]
09:44:43   -- trial run4_sub1
09:44:45     iter   0  obj -3.23512  best -3.23512  step 0.9500
09:44:48     iter   1  obj -1.42087  best -1.42087  step 0.9500  *
09:44:50     iter   2  obj -0.22983  best -0.22983  step 0.9500  *
09:44:52     iter   3  obj -0.34922  best -0.22983  step 0.9500
09:44:54     iter   4  obj -0.11370  best -0.11370  step 0.9500  *
09:44:57     iter   5  obj -0.10375  best -0.10375  step 0.9500  *
09:44:59     iter   6  obj -0.51434  best -0.10375  step 0.9500
09:45:01     iter   7  obj -0.40087  best -0.10375  step 0.9500
09:45:03     iter   8  obj 0.07896  best 0.07896  step 0.4750  *  halved
09:45:06     iter   9  obj 0.04607  best 0.07896  step 0.4750
09:45:08     iter  10  obj -0.11395  best 0.07896  step 0.4750
09:45:10     iter  11  obj -0.01257  best 0.07896  step 0.4750
09:45:13     iter  12  obj -0.71513  best 0.07896  step 0.4750
09:45:15     iter  13  obj -0.21755  best 0.07896  step 0.4750
09:45:17     iter  14  obj -0.07515  best 0.07896  step 0.4750
09:45:19     iter  15  obj 0.08965  best 0.08965  step 0.2375  *  halved
09:45:22     iter  16  obj -0.40883  best 0.08965  step 0.2375
09:45:24     iter  17  obj -0.45701  best 0.08965  step 0.2375
09:45:26     iter  18  obj -1.43080  best 0.08965  step 0.2375
09:45:28     iter  19  obj 0.00957  best 0.08965  step 0.2375
09:45:31     iter  20  obj -0.73666  best 0.08965  step 0.2375
09:45:33     iter  21  obj 0.09429  best 0.09429  step 0.1187  *  halved
09:45:35     iter  22  obj -0.24201  best 0.09429  step 0.1187
09:45:38     iter  23  obj -0.60529  best 0.09429  step 0.1187
09:45:40     iter  24  obj 0.09668  best 0.09668  step 0.1187  *
09:45:42     iter  25  obj 0.09866  best 0.09866  step 0.1187  *
09:45:44     iter  26  obj 0.10084  best 0.10084  step 0.0594  *  halved
09:45:47     iter  27  obj 0.10324  best 0.10324  step 0.0594  *
09:45:49     iter  28  obj 0.10508  best 0.10508  step 0.0594  *
09:45:51     iter  29  obj 0.10629  best 0.10629  step 0.0594  *
09:45:53     iter  30  obj 0.10680  best 0.10680  step 0.0594  *
09:45:56     iter  31  obj 0.10858  best 0.10858  step 0.0594  *
09:45:58     iter  32  obj 0.10863  best 0.10863  step 0.0594  *
09:46:00     iter  33  obj 0.10934  best 0.10934  step 0.0594  *
09:46:02     iter  34  obj 0.10992  best 0.10992  step 0.0594  *
09:46:05     iter  35  obj 0.11161  best 0.11161  step 0.0594  *
09:46:07     iter  36  obj 0.11169  best 0.11169  step 0.0594  *
09:46:09     iter  37  obj 0.11141  best 0.11169  step 0.0297  halved
09:46:12     iter  38  obj 0.11434  best 0.11434  step 0.0297  *
09:46:14     iter  39  obj 0.11536  best 0.11536  step 0.0297  *
09:46:16     iter  40  obj 0.11616  best 0.11616  step 0.0297  *
09:46:18      poisoned ce=0.09308 auc=0.9937 acc=0.9690 f1=0.9685  dce=-0.00019 dacc=+0.0040  k=50  [94.6s]
09:46:18   -- trial run4_sub2
09:46:20     iter   0  obj -2.14947  best -2.14947  step 0.9500
09:46:22     iter   1  obj -2.19275  best -2.14947  step 0.9500
09:46:24     iter   2  obj -0.31280  best -0.31280  step 0.9500  *
09:46:27     iter   3  obj -0.35614  best -0.31280  step 0.9500
09:46:29     iter   4  obj -0.43631  best -0.31280  step 0.9500
09:46:31     iter   5  obj -0.05899  best -0.05899  step 0.9500  *
09:46:33     iter   6  obj -2.32665  best -0.05899  step 0.9500
09:46:36     iter   7  obj -1.65507  best -0.05899  step 0.9500
09:46:38     iter   8  obj -0.39265  best -0.05899  step 0.4750  halved
09:46:40     iter   9  obj -3.56236  best -0.05899  step 0.4750
09:46:43     iter  10  obj -0.08446  best -0.05899  step 0.4750
09:46:45     iter  11  obj 0.07608  best 0.07608  step 0.4750  *
09:46:47     iter  12  obj -0.31925  best 0.07608  step 0.4750
09:46:49     iter  13  obj 0.08584  best 0.08584  step 0.4750  *
09:46:52     iter  14  obj -0.28900  best 0.08584  step 0.4750
09:46:54     iter  15  obj 0.05763  best 0.08584  step 0.2375  halved
09:46:56     iter  16  obj -0.00517  best 0.08584  step 0.2375
09:46:58     iter  17  obj 0.08910  best 0.08910  step 0.2375  *
09:47:01     iter  18  obj 0.09002  best 0.09002  step 0.2375  *
09:47:03     iter  19  obj -0.44410  best 0.09002  step 0.2375
09:47:05     iter  20  obj 0.08884  best 0.09002  step 0.2375
09:47:07     iter  21  obj -0.69581  best 0.09002  step 0.1187  halved
09:47:10     iter  22  obj -0.83217  best 0.09002  step 0.1187
09:47:12     iter  23  obj 0.09110  best 0.09110  step 0.1187  *
09:47:14     iter  24  obj 0.09165  best 0.09165  step 0.1187  *
09:47:17     iter  25  obj 0.07847  best 0.09165  step 0.1187
09:47:19     iter  26  obj 0.09434  best 0.09434  step 0.0594  *  halved
09:47:21     iter  27  obj 0.09642  best 0.09642  step 0.0594  *
09:47:23     iter  28  obj 0.09813  best 0.09813  step 0.0594  *
09:47:26     iter  29  obj -0.51377  best 0.09813  step 0.0594
09:47:28     iter  30  obj 0.10122  best 0.10122  step 0.0297  *  halved
09:47:30     iter  31  obj 0.10345  best 0.10345  step 0.0297  *
09:47:32     iter  32  obj 0.10419  best 0.10419  step 0.0297  *
09:47:35     iter  33  obj 0.10546  best 0.10546  step 0.0297  *
09:47:37     iter  34  obj 0.10740  best 0.10740  step 0.0297  *
09:47:39     iter  35  obj -0.01034  best 0.10740  step 0.0148  halved
09:47:42     iter  36  obj 0.10907  best 0.10907  step 0.0148  *
09:47:44     iter  37  obj 0.11037  best 0.11037  step 0.0148  *
09:47:46     iter  38  obj 0.11145  best 0.11145  step 0.0148  *
09:47:48     iter  39  obj 0.11223  best 0.11223  step 0.0148  *
09:47:51     iter  40  obj 0.11303  best 0.11303  step 0.0148  *
09:47:52      poisoned ce=0.09080 auc=0.9940 acc=0.9710 f1=0.9706  dce=-0.00248 dacc=+0.0060  k=50  [94.5s]
09:47:52   best trial run0_sub2: dce=+0.00853 dacc=+0.0020  -> context_poisoned.csv
09:47:52   per-run winners: run0<-sub2 (dce=+0.00853), run1<-sub0 (dce=-0.00093), run2<-sub0 (dce=+0.00106), run3<-sub0 (dce=+0.00130), run4<-sub1 (dce=-0.00019)
09:47:52   best-subsample-per-run, mean over 5 runs: dce=+0.00195 dacc=+0.0042 dauc=-0.0002  -> /home/ssn899/Desktop/TabFM/results/main_experiments/url_unique/x-capgd_random_r001
