15:01:07 [x-capgd] datasets/lcld_v2/splits/selected/natural/context_5000.csv (5000x28) -> datasets/lcld_v2/splits/test_attack_1000.csv (1000 of 1000)  k=1500 (30.0%)  attack_class=None  grid 1x1  cuda:1
15:01:10   clean  ce=0.45462 auc=0.7155 acc=0.8060 f1=0.1339  max|dp| over 3 repeats=0.00e+00  chunking_exact=True  [2.2s]
15:01:11   constraints=full (9 relations, dataset 'lcld_v2')  scaler=metadata  mutable 14/28  int 10  cat 5
15:01:11   -- trial run0_sub0
15:01:12     iter   0  obj 0.45457  best 0.45457  step 0.9500
15:01:14     iter   1  obj 0.37819  best 0.45457  step 0.9500
15:01:15     iter   2  obj 0.40812  best 0.45457  step 0.9500
15:01:17     iter   3  obj 0.21941  best 0.45457  step 0.9500
15:01:18     iter   4  obj 0.04976  best 0.45457  step 0.9500
15:01:20     iter   5  obj -0.32958  best 0.45457  step 0.9500
15:01:21     iter   6  obj -0.33161  best 0.45457  step 0.9500
15:01:23     iter   7  obj -0.06021  best 0.45457  step 0.9500
15:01:24     iter   8  obj 0.08341  best 0.45457  step 0.9500
15:01:26     iter   9  obj -0.25434  best 0.45457  step 0.9500
15:01:27     iter  10  obj -0.17836  best 0.45457  step 0.9500
15:01:29     iter  11  obj -0.02455  best 0.45457  step 0.9500
15:01:30     iter  12  obj -0.05245  best 0.45457  step 0.9500
15:01:32     iter  13  obj -1.18521  best 0.45457  step 0.9500
15:01:34     iter  14  obj 0.01635  best 0.45457  step 0.9500
15:01:35     iter  15  obj 0.19960  best 0.45457  step 0.9500
15:01:37     iter  16  obj -0.06761  best 0.45457  step 0.9500
15:01:38     iter  17  obj -0.01500  best 0.45457  step 0.9500
15:01:40     iter  18  obj -0.09150  best 0.45457  step 0.9500
15:01:41     iter  19  obj -0.27554  best 0.45457  step 0.9500
15:01:43     iter  20  obj -0.19871  best 0.45457  step 0.9500
15:01:44     iter  21  obj -0.35162  best 0.45457  step 0.9500
15:01:46     iter  22  obj 0.01597  best 0.45457  step 0.4750  halved
15:01:47     iter  23  obj 0.15416  best 0.45457  step 0.4750
15:01:49     iter  24  obj 0.36368  best 0.45457  step 0.4750
15:01:50     iter  25  obj 0.28227  best 0.45457  step 0.4750
15:01:52     iter  26  obj 0.01001  best 0.45457  step 0.4750
15:01:53     iter  27  obj 0.02059  best 0.45457  step 0.4750
15:01:55     iter  28  obj -0.02698  best 0.45457  step 0.4750
15:01:56     iter  29  obj -0.02679  best 0.45457  step 0.4750
15:01:58     iter  30  obj -0.35860  best 0.45457  step 0.4750
15:01:59     iter  31  obj -0.09916  best 0.45457  step 0.4750
15:02:01     iter  32  obj 0.06171  best 0.45457  step 0.4750
15:02:02     iter  33  obj -0.18268  best 0.45457  step 0.4750
15:02:03     iter  34  obj 0.17138  best 0.45457  step 0.4750
15:02:05     iter  35  obj -0.18600  best 0.45457  step 0.4750
15:02:06     iter  36  obj 0.06561  best 0.45457  step 0.4750
15:02:08     iter  37  obj 0.17596  best 0.45457  step 0.4750
15:02:09     iter  38  obj 0.12388  best 0.45457  step 0.4750
15:02:11     iter  39  obj -0.05897  best 0.45457  step 0.4750
15:02:12     iter  40  obj 0.25655  best 0.45457  step 0.4750
15:02:14     iter  41  obj -0.27040  best 0.45457  step 0.2375  halved
15:02:15     iter  42  obj 0.28832  best 0.45457  step 0.2375
15:02:17     iter  43  obj 0.44291  best 0.45457  step 0.2375
15:02:19     iter  44  obj 0.43346  best 0.45457  step 0.2375
15:02:20     iter  45  obj 0.35178  best 0.45457  step 0.2375
15:02:22     iter  46  obj 0.35112  best 0.45457  step 0.2375
15:02:23     iter  47  obj 0.17502  best 0.45457  step 0.2375
15:02:24     iter  48  obj 0.31605  best 0.45457  step 0.2375
15:02:26     iter  49  obj 0.18741  best 0.45457  step 0.2375
15:02:27     iter  50  obj 0.01054  best 0.45457  step 0.2375
15:02:28     iter  51  obj 0.11752  best 0.45457  step 0.2375
15:02:29     iter  52  obj 0.17734  best 0.45457  step 0.2375
15:02:30     iter  53  obj 0.12682  best 0.45457  step 0.2375
15:02:31     iter  54  obj 0.17882  best 0.45457  step 0.2375
15:02:32     iter  55  obj 0.32485  best 0.45457  step 0.2375
15:02:33     iter  56  obj 0.27322  best 0.45457  step 0.2375
15:02:34     iter  57  obj 0.39209  best 0.45457  step 0.1187  halved
15:02:35     iter  58  obj 0.35905  best 0.45457  step 0.1187
15:02:36     iter  59  obj 0.45174  best 0.45457  step 0.1187
15:02:38     iter  60  obj 0.45060  best 0.45457  step 0.1187
15:02:39     iter  61  obj 0.45543  best 0.45543  step 0.1187  *
15:02:40     iter  62  obj 0.45816  best 0.45816  step 0.1187  *
15:02:41     iter  63  obj 0.45085  best 0.45816  step 0.1187
15:02:42     iter  64  obj 0.42317  best 0.45816  step 0.1187
15:02:43     iter  65  obj 0.40725  best 0.45816  step 0.1187
15:02:44     iter  66  obj 0.43198  best 0.45816  step 0.1187
15:02:45     iter  67  obj 0.44868  best 0.45816  step 0.1187
15:02:46     iter  68  obj 0.38274  best 0.45816  step 0.1187
15:02:47     iter  69  obj 0.42250  best 0.45816  step 0.1187
15:02:48     iter  70  obj 0.39318  best 0.45816  step 0.0594  halved
15:02:49     iter  71  obj 0.42462  best 0.45816  step 0.0594
15:02:51     iter  72  obj 0.44779  best 0.45816  step 0.0594
15:02:52     iter  73  obj 0.46663  best 0.46663  step 0.0594  *
15:02:53     iter  74  obj 0.45565  best 0.46663  step 0.0594
15:02:54     iter  75  obj 0.41165  best 0.46663  step 0.0594
15:02:55     iter  76  obj 0.45365  best 0.46663  step 0.0594
15:02:56     iter  77  obj 0.45969  best 0.46663  step 0.0594
15:02:57     iter  78  obj 0.47276  best 0.47276  step 0.0594  *
15:02:58     iter  79  obj 0.46018  best 0.47276  step 0.0594
15:02:59     iter  80  obj 0.46784  best 0.47276  step 0.0297  halved
15:03:00     iter  81  obj 0.48306  best 0.48306  step 0.0297  *
15:03:02     iter  82  obj 0.49383  best 0.49383  step 0.0297  *
15:03:03     iter  83  obj 0.49288  best 0.49383  step 0.0297
15:03:04     iter  84  obj 0.48810  best 0.49383  step 0.0297
15:03:05     iter  85  obj 0.50303  best 0.50303  step 0.0297  *
15:03:06     iter  86  obj 0.49931  best 0.50303  step 0.0297
15:03:07     iter  87  obj 0.50583  best 0.50583  step 0.0148  *  halved
15:03:08     iter  88  obj 0.52141  best 0.52141  step 0.0148  *
15:03:09     iter  89  obj 0.50683  best 0.52141  step 0.0148
15:03:10     iter  90  obj 0.51156  best 0.52141  step 0.0148
15:03:11     iter  91  obj 0.52097  best 0.52141  step 0.0148
15:03:12     iter  92  obj 0.50401  best 0.52141  step 0.0148
15:03:13     iter  93  obj 0.52648  best 0.52648  step 0.0074  *  halved
15:03:15     iter  94  obj 0.56233  best 0.56233  step 0.0074  *
15:03:16     iter  95  obj 0.57810  best 0.57810  step 0.0074  *
15:03:17     iter  96  obj 0.58829  best 0.58829  step 0.0074  *
15:03:18     iter  97  obj 0.62543  best 0.62543  step 0.0074  *
15:03:19     iter  98  obj 0.59769  best 0.62543  step 0.0074
15:03:20     iter  99  obj 0.64294  best 0.64294  step 0.0074  *
15:03:21     iter 100  obj 0.66389  best 0.66389  step 0.0074  *
15:03:22      poisoned ce=0.55833 auc=0.6051 acc=0.7920 f1=0.0877  dce=+0.10371 dacc=-0.0140  k=1500  [131.1s]
15:03:22   mean over 1 trials: dce=+0.10371 dacc=-0.0140 dauc=-0.1104  -> results/niter_sweep_final/lcld_v2_rs3_it100
