02:10:17 [x-capgd] datasets/url_unique/splits/selected/natural/context_5000.csv (5000x63) -> datasets/url_unique/splits/test_attack_1000.csv (1000 of 1000)  k=1500 (30.0%)  attack_class=None  grid 1x1  cuda:1
02:10:22   clean  ce=0.09328 auc=0.9935 acc=0.9650 f1=0.9644  max|dp| over 3 repeats=0.00e+00  chunking_exact=True  [3.3s]
02:10:22   constraints=full (14 relations, dataset 'url_unique')  scaler=metadata  mutable 63/63  int 58  cat 0
02:10:22   -- trial run0_sub0
02:10:24     iter   0  obj 0.09328  best 0.09328  step 0.9500
02:10:26     iter   1  obj -4.27484  best 0.09328  step 0.9500
02:10:29     iter   2  obj -0.13595  best 0.09328  step 0.9500
02:10:31     iter   3  obj -0.20195  best 0.09328  step 0.9500
02:10:33     iter   4  obj -0.36819  best 0.09328  step 0.4750  halved
02:10:35     iter   5  obj -4.53415  best 0.09328  step 0.4750
02:10:37     iter   6  obj -0.06285  best 0.09328  step 0.4750
02:10:39     iter   7  obj -0.14455  best 0.09328  step 0.2375  halved
02:10:42     iter   8  obj -3.08840  best 0.09328  step 0.2375
02:10:44     iter   9  obj 0.06983  best 0.09328  step 0.1188  halved
02:10:46     iter  10  obj 0.04365  best 0.09328  step 0.0594  halved
02:10:48     iter  11  obj -0.01904  best 0.09328  step 0.0297  halved
02:10:50     iter  12  obj 0.05871  best 0.09328  step 0.0297
02:10:53     iter  13  obj 0.07724  best 0.09328  step 0.0148  halved
02:10:55     iter  14  obj 0.09706  best 0.09706  step 0.0148  *
02:10:57     iter  15  obj 0.11020  best 0.11020  step 0.0148  *
02:10:59     iter  16  obj 0.11691  best 0.11691  step 0.0148  *
02:11:01     iter  17  obj 0.12106  best 0.12106  step 0.0148  *
02:11:03     iter  18  obj 0.13607  best 0.13607  step 0.0148  *
02:11:06     iter  19  obj 0.13589  best 0.13607  step 0.0074  halved
02:11:08     iter  20  obj 0.16430  best 0.16430  step 0.0074  *
02:11:09      poisoned ce=0.11764 auc=0.9906 acc=0.9650 f1=0.9646  dce=+0.02436 dacc=+0.0000  k=1500  [46.6s]
02:11:09   mean over 1 trials: dce=+0.02436 dacc=+0.0000 dauc=-0.0029  -> results/ablation_niter/url_unique_nat5000_full_it20
