14:21:08 [label-flip] /home/ssn899/Desktop/TabFM/datasets/wids/splits/selected/natural/context_5000.csv (5000x108) -> /home/ssn899/Desktop/TabFM/datasets/wids/splits/test_attack_1000.csv (1000 of 1000)  k=50 (1.0%)  attack_class=None  grid 5x1  cuda:3
14:21:14   clean  ce=0.20899 auc=0.8795 acc=0.9250 f1=0.4361  max|dp| over 3 repeats=0.00e+00  chunking_exact=True  [5.0s]
14:21:14   GA: GAConfig(population=16, generations=20, elite=2, tournament=3, crossover_prob=0.9, mutation_rate=None, seed_full=True, patience=8, batch_size=16, fitness_test_rows=None)
14:21:14   -- trial run0_sub0
14:21:39     gen   0  best 0.22162  mean 0.21161  best_so_far 0.22162  flips 50  evals 16
14:21:55     gen   1  best 0.22162  mean 0.21474  best_so_far 0.22162  flips 50  evals 30
14:22:11     gen   2  best 0.22162  mean 0.21670  best_so_far 0.22162  flips 50  evals 44
14:22:28     gen   3  best 0.22162  mean 0.21923  best_so_far 0.22162  flips 50  evals 58
14:22:43     gen   4  best 0.22245  mean 0.22064  best_so_far 0.22245  flips 50  evals 71
14:22:57     gen   5  best 0.22245  mean 0.22085  best_so_far 0.22245  flips 50  evals 82
14:23:13     gen   6  best 0.22245  mean 0.22150  best_so_far 0.22245  flips 50  evals 96
14:23:29     gen   7  best 0.22277  mean 0.22191  best_so_far 0.22277  flips 50  evals 109
14:23:43     gen   8  best 0.22342  mean 0.22237  best_so_far 0.22342  flips 50  evals 121
14:24:00     gen   9  best 0.22388  mean 0.22263  best_so_far 0.22388  flips 50  evals 135
14:24:15     gen  10  best 0.22443  mean 0.22299  best_so_far 0.22443  flips 50  evals 148
14:24:31     gen  11  best 0.22443  mean 0.22328  best_so_far 0.22443  flips 50  evals 161
14:24:48     gen  12  best 0.22484  mean 0.22394  best_so_far 0.22484  flips 50  evals 175
14:25:01     gen  13  best 0.22504  mean 0.22401  best_so_far 0.22504  flips 50  evals 186
14:25:18     gen  14  best 0.22504  mean 0.22399  best_so_far 0.22504  flips 50  evals 200
14:25:33     gen  15  best 0.22504  mean 0.22419  best_so_far 0.22504  flips 50  evals 213
14:25:49     gen  16  best 0.22536  mean 0.22439  best_so_far 0.22536  flips 49  evals 226
14:26:04     gen  17  best 0.22578  mean 0.22449  best_so_far 0.22578  flips 50  evals 239
14:26:16     gen  18  best 0.22578  mean 0.22498  best_so_far 0.22578  flips 50  evals 249
14:26:32     gen  19  best 0.22578  mean 0.22491  best_so_far 0.22578  flips 50  evals 262
14:26:48     gen  20  best 0.22595  mean 0.22546  best_so_far 0.22595  flips 50  evals 275
14:26:50      GA: 50/50 flips from pool 5000, 275 evals, 20 gens; influence-topk baseline dce=+0.01263 dacc=-0.0040
14:26:50      poisoned ce=0.22595 auc=0.8565 acc=0.9210 f1=0.4148  dce=+0.01696 dacc=-0.0040  k=50  [336.1s]
14:26:50   -- trial run1_sub0
14:27:15     gen   0  best 0.22162  mean 0.21197  best_so_far 0.22162  flips 50  evals 16
14:27:32     gen   1  best 0.22162  mean 0.21397  best_so_far 0.22162  flips 50  evals 30
14:27:49     gen   2  best 0.22162  mean 0.21554  best_so_far 0.22162  flips 50  evals 44
14:28:03     gen   3  best 0.22162  mean 0.21825  best_so_far 0.22162  flips 50  evals 56
14:28:16     gen   4  best 0.22231  mean 0.21960  best_so_far 0.22231  flips 46  evals 67
14:28:31     gen   5  best 0.22248  mean 0.22100  best_so_far 0.22248  flips 48  evals 79
14:28:45     gen   6  best 0.22330  mean 0.22158  best_so_far 0.22330  flips 49  evals 91
14:29:02     gen   7  best 0.22400  mean 0.22221  best_so_far 0.22400  flips 49  evals 105
14:29:18     gen   8  best 0.22422  mean 0.22329  best_so_far 0.22422  flips 47  evals 119
14:29:33     gen   9  best 0.22525  mean 0.22391  best_so_far 0.22525  flips 50  evals 131
14:29:48     gen  10  best 0.22525  mean 0.22402  best_so_far 0.22525  flips 50  evals 144
14:30:03     gen  11  best 0.22525  mean 0.22409  best_so_far 0.22525  flips 50  evals 156
14:30:15     gen  12  best 0.22569  mean 0.22430  best_so_far 0.22569  flips 50  evals 166
14:30:30     gen  13  best 0.22569  mean 0.22476  best_so_far 0.22569  flips 50  evals 179
14:30:46     gen  14  best 0.22587  mean 0.22475  best_so_far 0.22587  flips 50  evals 192
14:31:03     gen  15  best 0.22587  mean 0.22517  best_so_far 0.22587  flips 50  evals 206
14:31:18     gen  16  best 0.22645  mean 0.22503  best_so_far 0.22645  flips 50  evals 219
14:31:35     gen  17  best 0.22645  mean 0.22533  best_so_far 0.22645  flips 50  evals 233
14:31:49     gen  18  best 0.22653  mean 0.22584  best_so_far 0.22653  flips 50  evals 245
14:32:01     gen  19  best 0.22666  mean 0.22593  best_so_far 0.22666  flips 50  evals 255
14:32:17     gen  20  best 0.22690  mean 0.22591  best_so_far 0.22690  flips 50  evals 268
14:32:19      GA: 50/50 flips from pool 5000, 268 evals, 20 gens; influence-topk baseline dce=+0.01263 dacc=-0.0040
14:32:19      poisoned ce=0.22690 auc=0.8491 acc=0.9240 f1=0.4154  dce=+0.01791 dacc=-0.0010  k=50  [329.3s]
14:32:19   -- trial run2_sub0
14:32:45     gen   0  best 0.22162  mean 0.21204  best_so_far 0.22162  flips 50  evals 16
14:33:01     gen   1  best 0.22162  mean 0.21484  best_so_far 0.22162  flips 50  evals 30
14:33:17     gen   2  best 0.22162  mean 0.21778  best_so_far 0.22162  flips 50  evals 43
14:33:30     gen   3  best 0.22162  mean 0.21977  best_so_far 0.22162  flips 50  evals 54
14:33:46     gen   4  best 0.22192  mean 0.22060  best_so_far 0.22192  flips 50  evals 67
14:34:00     gen   5  best 0.22235  mean 0.22127  best_so_far 0.22235  flips 49  evals 79
14:34:16     gen   6  best 0.22257  mean 0.22144  best_so_far 0.22257  flips 50  evals 92
14:34:31     gen   7  best 0.22286  mean 0.22198  best_so_far 0.22286  flips 50  evals 105
14:34:47     gen   8  best 0.22298  mean 0.22221  best_so_far 0.22298  flips 50  evals 118
14:35:02     gen   9  best 0.22405  mean 0.22248  best_so_far 0.22405  flips 50  evals 131
14:35:18     gen  10  best 0.22494  mean 0.22304  best_so_far 0.22494  flips 50  evals 144
14:35:32     gen  11  best 0.22494  mean 0.22352  best_so_far 0.22494  flips 50  evals 156
14:35:45     gen  12  best 0.22494  mean 0.22373  best_so_far 0.22494  flips 50  evals 167
14:35:58     gen  13  best 0.22494  mean 0.22425  best_so_far 0.22494  flips 50  evals 178
14:36:09     gen  14  best 0.22494  mean 0.22456  best_so_far 0.22494  flips 50  evals 187
14:36:21     gen  15  best 0.22608  mean 0.22455  best_so_far 0.22608  flips 50  evals 197
14:36:35     gen  16  best 0.22608  mean 0.22444  best_so_far 0.22608  flips 50  evals 209
14:36:51     gen  17  best 0.22632  mean 0.22476  best_so_far 0.22632  flips 50  evals 222
14:37:05     gen  18  best 0.22672  mean 0.22540  best_so_far 0.22672  flips 50  evals 234
14:37:19     gen  19  best 0.22672  mean 0.22581  best_so_far 0.22672  flips 50  evals 245
14:37:33     gen  20  best 0.22744  mean 0.22591  best_so_far 0.22744  flips 50  evals 257
14:37:35      GA: 50/50 flips from pool 5000, 257 evals, 20 gens; influence-topk baseline dce=+0.01263 dacc=-0.0040
14:37:35      poisoned ce=0.22744 auc=0.8551 acc=0.9210 f1=0.4148  dce=+0.01845 dacc=-0.0040  k=50  [316.0s]
14:37:35   -- trial run3_sub0
14:38:01     gen   0  best 0.22162  mean 0.21237  best_so_far 0.22162  flips 50  evals 16
14:38:18     gen   1  best 0.22162  mean 0.21400  best_so_far 0.22162  flips 50  evals 30
14:38:32     gen   2  best 0.22162  mean 0.21556  best_so_far 0.22162  flips 50  evals 42
14:38:45     gen   3  best 0.22162  mean 0.21724  best_so_far 0.22162  flips 50  evals 53
14:39:00     gen   4  best 0.22162  mean 0.21890  best_so_far 0.22162  flips 50  evals 65
14:39:15     gen   5  best 0.22208  mean 0.22000  best_so_far 0.22208  flips 47  evals 78
14:39:30     gen   6  best 0.22248  mean 0.22098  best_so_far 0.22248  flips 49  evals 90
14:39:45     gen   7  best 0.22299  mean 0.22141  best_so_far 0.22299  flips 50  evals 103
14:40:02     gen   8  best 0.22353  mean 0.22195  best_so_far 0.22353  flips 48  evals 117
14:40:19     gen   9  best 0.22353  mean 0.22227  best_so_far 0.22353  flips 48  evals 131
14:40:34     gen  10  best 0.22412  mean 0.22285  best_so_far 0.22412  flips 49  evals 144
14:40:50     gen  11  best 0.22493  mean 0.22353  best_so_far 0.22493  flips 50  evals 157
14:41:05     gen  12  best 0.22522  mean 0.22413  best_so_far 0.22522  flips 48  evals 170
14:41:22     gen  13  best 0.22557  mean 0.22444  best_so_far 0.22557  flips 50  evals 184
14:41:38     gen  14  best 0.22591  mean 0.22463  best_so_far 0.22591  flips 50  evals 197
14:41:51     gen  15  best 0.22591  mean 0.22495  best_so_far 0.22591  flips 50  evals 208
14:42:05     gen  16  best 0.22591  mean 0.22489  best_so_far 0.22591  flips 50  evals 220
14:42:22     gen  17  best 0.22591  mean 0.22489  best_so_far 0.22591  flips 50  evals 234
14:42:38     gen  18  best 0.22634  mean 0.22519  best_so_far 0.22634  flips 50  evals 248
14:42:54     gen  19  best 0.22634  mean 0.22534  best_so_far 0.22634  flips 50  evals 261
14:43:09     gen  20  best 0.22651  mean 0.22539  best_so_far 0.22651  flips 48  evals 274
14:43:12      GA: 48/50 flips from pool 5000, 274 evals, 20 gens; influence-topk baseline dce=+0.01263 dacc=-0.0040
14:43:12      poisoned ce=0.22651 auc=0.8529 acc=0.9210 f1=0.4148  dce=+0.01753 dacc=-0.0040  k=48  [336.6s]
14:43:12   -- trial run4_sub0
14:43:37     gen   0  best 0.22162  mean 0.21189  best_so_far 0.22162  flips 50  evals 16
14:43:52     gen   1  best 0.22206  mean 0.21507  best_so_far 0.22206  flips 50  evals 28
14:44:08     gen   2  best 0.22206  mean 0.21847  best_so_far 0.22206  flips 50  evals 42
14:44:24     gen   3  best 0.22206  mean 0.22006  best_so_far 0.22206  flips 50  evals 55
14:44:40     gen   4  best 0.22334  mean 0.22151  best_so_far 0.22334  flips 50  evals 68
14:44:53     gen   5  best 0.22392  mean 0.22229  best_so_far 0.22392  flips 50  evals 79
14:45:08     gen   6  best 0.22392  mean 0.22235  best_so_far 0.22392  flips 50  evals 92
14:45:24     gen   7  best 0.22505  mean 0.22342  best_so_far 0.22505  flips 50  evals 105
14:45:39     gen   8  best 0.22505  mean 0.22322  best_so_far 0.22505  flips 50  evals 118
14:45:56     gen   9  best 0.22521  mean 0.22364  best_so_far 0.22521  flips 48  evals 132
14:46:13     gen  10  best 0.22521  mean 0.22360  best_so_far 0.22521  flips 48  evals 146
14:46:27     gen  11  best 0.22587  mean 0.22428  best_so_far 0.22587  flips 50  evals 158
14:46:44     gen  12  best 0.22615  mean 0.22494  best_so_far 0.22615  flips 50  evals 172
14:47:01     gen  13  best 0.22687  mean 0.22554  best_so_far 0.22687  flips 50  evals 186
14:47:15     gen  14  best 0.22687  mean 0.22561  best_so_far 0.22687  flips 50  evals 198
14:47:32     gen  15  best 0.22687  mean 0.22594  best_so_far 0.22687  flips 50  evals 212
14:47:48     gen  16  best 0.22687  mean 0.22615  best_so_far 0.22687  flips 50  evals 225
14:48:03     gen  17  best 0.22707  mean 0.22640  best_so_far 0.22707  flips 50  evals 238
14:48:19     gen  18  best 0.22721  mean 0.22614  best_so_far 0.22721  flips 50  evals 251
14:48:36     gen  19  best 0.22721  mean 0.22624  best_so_far 0.22721  flips 50  evals 265
14:48:51     gen  20  best 0.22721  mean 0.22665  best_so_far 0.22721  flips 50  evals 278
14:48:54      GA: 50/50 flips from pool 5000, 278 evals, 20 gens; influence-topk baseline dce=+0.01263 dacc=-0.0040
14:48:54      poisoned ce=0.22721 auc=0.8489 acc=0.9220 f1=0.4179  dce=+0.01822 dacc=-0.0030  k=50  [341.6s]
14:48:54   best trial run2_sub0: dce=+0.01845 dacc=-0.0040  -> context_poisoned.csv
14:48:54   per-run winners: run0<-sub0 (dce=+0.01696), run1<-sub0 (dce=+0.01791), run2<-sub0 (dce=+0.01845), run3<-sub0 (dce=+0.01753), run4<-sub0 (dce=+0.01822)
14:48:54   best-subsample-per-run, mean over 5 runs: dce=+0.01781 dacc=-0.0032 dauc=-0.0270  -> /home/ssn899/Desktop/TabFM/results/main_experiments/wids/label-flip_random_r001
