06:35:58 [x-capgd] datasets/url_unique/splits/selected/natural/context_5000.csv (5000x63) -> datasets/url_unique/splits/test_attack_1000.csv (1000 of 1000)  k=1500 (30.0%)  attack_class=None  grid 1x1  cuda:1
06:36:03   clean  ce=0.09328 auc=0.9935 acc=0.9650 f1=0.9644  max|dp| over 3 repeats=0.00e+00  chunking_exact=True  [3.2s]
06:36:03   constraints=full (14 relations, dataset 'url_unique')  scaler=metadata  mutable 63/63  int 58  cat 0
06:36:03   -- trial run0_sub0
06:36:05     iter   0  obj 0.09328  best 0.09328  step 0.9500
06:36:07     iter   1  obj 0.09437  best 0.09437  step 0.9500  *
06:36:10     iter   2  obj 0.10918  best 0.10918  step 0.9500  *
06:36:12     iter   3  obj 0.11213  best 0.11213  step 0.9500  *
06:36:14     iter   4  obj 0.11721  best 0.11721  step 0.9500  *
06:36:16     iter   5  obj 0.10523  best 0.11721  step 0.9500
06:36:18     iter   6  obj 0.10213  best 0.11721  step 0.9500
06:36:21     iter   7  obj 0.11020  best 0.11721  step 0.9500
06:36:23     iter   8  obj 0.11079  best 0.11721  step 0.9500
06:36:25     iter   9  obj 0.11354  best 0.11721  step 0.9500
06:36:27     iter  10  obj 0.10834  best 0.11721  step 0.9500
06:36:29     iter  11  obj 0.10797  best 0.11721  step 0.9500
06:36:31     iter  12  obj 0.11108  best 0.11721  step 0.9500
06:36:34     iter  13  obj 0.10881  best 0.11721  step 0.9500
06:36:36     iter  14  obj 0.10918  best 0.11721  step 0.9500
06:36:38     iter  15  obj 0.11390  best 0.11721  step 0.9500
06:36:40     iter  16  obj 0.11287  best 0.11721  step 0.9500
06:36:42     iter  17  obj 0.11336  best 0.11721  step 0.9500
06:36:45     iter  18  obj 0.11701  best 0.11721  step 0.9500
06:36:47     iter  19  obj 0.11093  best 0.11721  step 0.9500
06:36:49     iter  20  obj 0.11065  best 0.11721  step 0.9500
06:36:51     iter  21  obj 0.12500  best 0.12500  step 0.9500  *
06:36:53     iter  22  obj 0.11627  best 0.12500  step 0.4750  halved
06:36:56     iter  23  obj 0.12818  best 0.12818  step 0.4750  *
06:36:58     iter  24  obj 0.13361  best 0.13361  step 0.4750  *
06:37:00     iter  25  obj 0.12204  best 0.13361  step 0.4750
06:37:02     iter  26  obj 0.12234  best 0.13361  step 0.4750
06:37:04     iter  27  obj 0.13379  best 0.13379  step 0.4750  *
06:37:07     iter  28  obj 0.13815  best 0.13815  step 0.4750  *
06:37:09     iter  29  obj 0.13344  best 0.13815  step 0.4750
06:37:11     iter  30  obj 0.12182  best 0.13815  step 0.4750
06:37:13     iter  31  obj 0.11402  best 0.13815  step 0.4750
06:37:15     iter  32  obj 0.12701  best 0.13815  step 0.4750
06:37:17     iter  33  obj 0.12356  best 0.13815  step 0.4750
06:37:20     iter  34  obj 0.12208  best 0.13815  step 0.4750
06:37:22     iter  35  obj 0.11869  best 0.13815  step 0.4750
06:37:24     iter  36  obj 0.13804  best 0.13815  step 0.4750
06:37:26     iter  37  obj 0.12953  best 0.13815  step 0.4750
06:37:28     iter  38  obj 0.13394  best 0.13815  step 0.4750
06:37:31     iter  39  obj 0.12650  best 0.13815  step 0.4750
06:37:33     iter  40  obj 0.12037  best 0.13815  step 0.4750
06:37:35     iter  41  obj 0.13518  best 0.13815  step 0.2375  halved
06:37:37     iter  42  obj 0.13852  best 0.13852  step 0.2375  *
06:37:39     iter  43  obj 0.11723  best 0.13852  step 0.2375
06:37:42     iter  44  obj 0.14250  best 0.14250  step 0.2375  *
06:37:44     iter  45  obj 0.13990  best 0.14250  step 0.2375
06:37:46     iter  46  obj 0.14076  best 0.14250  step 0.2375
06:37:48     iter  47  obj 0.15441  best 0.15441  step 0.2375  *
06:37:50     iter  48  obj 0.14157  best 0.15441  step 0.2375
06:37:53     iter  49  obj 0.15784  best 0.15784  step 0.2375  *
06:37:55     iter  50  obj 0.14731  best 0.15784  step 0.2375
06:37:57     iter  51  obj 0.14212  best 0.15784  step 0.2375
06:37:59     iter  52  obj 0.15283  best 0.15784  step 0.2375
06:38:01     iter  53  obj 0.16526  best 0.16526  step 0.2375  *
06:38:03     iter  54  obj 0.15290  best 0.16526  step 0.2375
06:38:06     iter  55  obj 0.15713  best 0.16526  step 0.2375
06:38:08     iter  56  obj 0.17063  best 0.17063  step 0.2375  *
06:38:10     iter  57  obj 0.15811  best 0.17063  step 0.1188  halved
06:38:12     iter  58  obj 0.19524  best 0.19524  step 0.1188  *
06:38:14     iter  59  obj 0.18992  best 0.19524  step 0.1188
06:38:17     iter  60  obj 0.18582  best 0.19524  step 0.1188
06:38:19     iter  61  obj 0.24073  best 0.24073  step 0.1188  *
06:38:21     iter  62  obj 0.22737  best 0.24073  step 0.1188
06:38:23     iter  63  obj 0.24667  best 0.24667  step 0.1188  *
06:38:25     iter  64  obj 0.25415  best 0.25415  step 0.1188  *
06:38:28     iter  65  obj 0.24201  best 0.25415  step 0.1188
06:38:30     iter  66  obj 0.28969  best 0.28969  step 0.1188  *
06:38:32     iter  67  obj 0.23086  best 0.28969  step 0.1188
06:38:34     iter  68  obj 0.21701  best 0.28969  step 0.1188
06:38:36     iter  69  obj 0.27385  best 0.28969  step 0.1188
06:38:39     iter  70  obj 0.32614  best 0.32614  step 0.0594  *  halved
06:38:41     iter  71  obj 0.46283  best 0.46283  step 0.0594  *
06:38:43     iter  72  obj 0.49237  best 0.49237  step 0.0594  *
06:38:45     iter  73  obj 0.49082  best 0.49237  step 0.0594
06:38:47     iter  74  obj 0.25326  best 0.49237  step 0.0594
06:38:49     iter  75  obj 0.68841  best 0.68841  step 0.0594  *
06:38:52     iter  76  obj 0.46690  best 0.68841  step 0.0594
06:38:54     iter  77  obj 0.68788  best 0.68841  step 0.0594
06:38:56     iter  78  obj 0.32428  best 0.68841  step 0.0594
06:38:58     iter  79  obj 0.53671  best 0.68841  step 0.0594
06:39:00     iter  80  obj 0.79367  best 0.79367  step 0.0297  *  halved
06:39:03     iter  81  obj 1.13187  best 1.13187  step 0.0297  *
06:39:05     iter  82  obj 1.63071  best 1.63071  step 0.0297  *
06:39:07     iter  83  obj 1.53086  best 1.63071  step 0.0297
06:39:09     iter  84  obj 2.17100  best 2.17100  step 0.0297  *
06:39:11     iter  85  obj 1.41914  best 2.17100  step 0.0297
06:39:14     iter  86  obj 1.14378  best 2.17100  step 0.0297
06:39:16     iter  87  obj 2.39340  best 2.39340  step 0.0148  *  halved
06:39:18     iter  88  obj 2.81298  best 2.81298  step 0.0148  *
06:39:20     iter  89  obj 3.11947  best 3.11947  step 0.0148  *
06:39:22     iter  90  obj 3.28723  best 3.28723  step 0.0148  *
06:39:25     iter  91  obj 3.17463  best 3.28723  step 0.0148
06:39:27     iter  92  obj 3.59668  best 3.59668  step 0.0148  *
06:39:29     iter  93  obj 3.88917  best 3.88917  step 0.0148  *
06:39:31     iter  94  obj 3.61926  best 3.88917  step 0.0148
06:39:33     iter  95  obj 4.21584  best 4.21584  step 0.0148  *
06:39:35     iter  96  obj 4.11898  best 4.21584  step 0.0148
06:39:38     iter  97  obj 4.50708  best 4.50708  step 0.0148  *
06:39:40     iter  98  obj 4.70054  best 4.70054  step 0.0148  *
06:39:42     iter  99  obj 5.04148  best 5.04148  step 0.0074  *  halved
06:39:44     iter 100  obj 5.72784  best 5.72784  step 0.0074  *
06:39:45      poisoned ce=0.13120 auc=0.9885 acc=0.9560 f1=0.9548  dce=+0.03792 dacc=-0.0090  k=1500  [222.0s]
06:39:45   mean over 1 trials: dce=+0.03792 dacc=-0.0090 dauc=-0.0051  -> results/lambda_url_be/url_unique_lam0.001_rs1
