04:48:30 [x-capgd] datasets/lcld_v2/splits/selected/natural/context_5000.csv (5000x28) -> datasets/lcld_v2/splits/test_attack_1000.csv (1000 of 1000)  k=1500 (30.0%)  attack_class=None  grid 1x1  cuda:1
04:48:33   clean  ce=0.45462 auc=0.7155 acc=0.8060 f1=0.1339  max|dp| over 3 repeats=0.00e+00  chunking_exact=True  [1.8s]
04:48:33   constraints=full (9 relations, dataset 'lcld_v2')  scaler=metadata  mutable 14/28  int 10  cat 5
04:48:33   -- trial run0_sub0
04:48:34     iter   0  obj 0.45457  best 0.45457  step 0.9500
04:48:35     iter   1  obj 0.37819  best 0.45457  step 0.9500
04:48:36     iter   2  obj 0.40415  best 0.45457  step 0.9500
04:48:37     iter   3  obj 0.28875  best 0.45457  step 0.9500
04:48:38     iter   4  obj 0.08746  best 0.45457  step 0.9500
04:48:39     iter   5  obj -0.31807  best 0.45457  step 0.9500
04:48:40     iter   6  obj -0.40685  best 0.45457  step 0.9500
04:48:41     iter   7  obj 0.14350  best 0.45457  step 0.9500
04:48:42     iter   8  obj -0.04810  best 0.45457  step 0.9500
04:48:43     iter   9  obj -0.06072  best 0.45457  step 0.9500
04:48:45     iter  10  obj 0.06317  best 0.45457  step 0.9500
04:48:46     iter  11  obj -0.07868  best 0.45457  step 0.9500
04:48:47     iter  12  obj -0.00874  best 0.45457  step 0.9500
04:48:48     iter  13  obj -0.12575  best 0.45457  step 0.9500
04:48:49     iter  14  obj -0.30007  best 0.45457  step 0.9500
04:48:50     iter  15  obj -0.09460  best 0.45457  step 0.9500
04:48:51     iter  16  obj -0.36849  best 0.45457  step 0.9500
04:48:52     iter  17  obj 0.13183  best 0.45457  step 0.9500
04:48:53     iter  18  obj -0.03987  best 0.45457  step 0.9500
04:48:54     iter  19  obj -0.34886  best 0.45457  step 0.9500
04:48:55     iter  20  obj -0.25877  best 0.45457  step 0.9500
04:48:56     iter  21  obj -0.27069  best 0.45457  step 0.9500
04:48:57     iter  22  obj -0.06796  best 0.45457  step 0.9500
04:48:58     iter  23  obj -0.49583  best 0.45457  step 0.9500
04:48:59     iter  24  obj -0.29789  best 0.45457  step 0.9500
04:49:00     iter  25  obj 0.14768  best 0.45457  step 0.9500
04:49:01     iter  26  obj -0.17313  best 0.45457  step 0.9500
04:49:02     iter  27  obj -0.49797  best 0.45457  step 0.9500
04:49:03     iter  28  obj 0.06280  best 0.45457  step 0.9500
04:49:04     iter  29  obj -0.05931  best 0.45457  step 0.9500
04:49:05     iter  30  obj 0.23428  best 0.45457  step 0.9500
04:49:06     iter  31  obj 0.05187  best 0.45457  step 0.9500
04:49:08     iter  32  obj -0.19024  best 0.45457  step 0.9500
04:49:09     iter  33  obj -0.82526  best 0.45457  step 0.9500
04:49:10     iter  34  obj -0.44839  best 0.45457  step 0.9500
04:49:11     iter  35  obj -0.13421  best 0.45457  step 0.9500
04:49:12     iter  36  obj 0.08216  best 0.45457  step 0.9500
04:49:13     iter  37  obj -0.08935  best 0.45457  step 0.9500
04:49:14     iter  38  obj -0.58450  best 0.45457  step 0.9500
04:49:15     iter  39  obj -0.74609  best 0.45457  step 0.9500
04:49:16     iter  40  obj -0.41991  best 0.45457  step 0.9500
04:49:17     iter  41  obj -0.21779  best 0.45457  step 0.9500
04:49:18     iter  42  obj 0.14255  best 0.45457  step 0.9500
04:49:19     iter  43  obj 0.14659  best 0.45457  step 0.9500
04:49:20     iter  44  obj -0.11213  best 0.45457  step 0.9500
04:49:21     iter  45  obj -0.10058  best 0.45457  step 0.9500
04:49:22     iter  46  obj -0.21956  best 0.45457  step 0.9500
04:49:23     iter  47  obj -0.25183  best 0.45457  step 0.9500
04:49:24     iter  48  obj -0.39019  best 0.45457  step 0.9500
04:49:25     iter  49  obj -0.02443  best 0.45457  step 0.9500
04:49:26     iter  50  obj -0.16548  best 0.45457  step 0.9500
04:49:27     iter  51  obj 0.11147  best 0.45457  step 0.9500
04:49:28     iter  52  obj 0.01292  best 0.45457  step 0.9500
04:49:30     iter  53  obj -0.12222  best 0.45457  step 0.9500
04:49:31     iter  54  obj -0.11765  best 0.45457  step 0.9500
04:49:32     iter  55  obj -0.60225  best 0.45457  step 0.9500
04:49:33     iter  56  obj -0.17558  best 0.45457  step 0.9500
04:49:34     iter  57  obj 0.02296  best 0.45457  step 0.9500
04:49:35     iter  58  obj -0.05198  best 0.45457  step 0.9500
04:49:36     iter  59  obj -0.45738  best 0.45457  step 0.9500
04:49:37     iter  60  obj -0.05269  best 0.45457  step 0.9500
04:49:38     iter  61  obj -0.17577  best 0.45457  step 0.9500
04:49:39     iter  62  obj -0.27201  best 0.45457  step 0.9500
04:49:40     iter  63  obj -0.05199  best 0.45457  step 0.9500
04:49:41     iter  64  obj 0.08393  best 0.45457  step 0.9500
04:49:42     iter  65  obj -0.29735  best 0.45457  step 0.9500
04:49:43     iter  66  obj 0.01141  best 0.45457  step 0.4750  halved
04:49:44     iter  67  obj 0.10738  best 0.45457  step 0.4750
04:49:45     iter  68  obj 0.37880  best 0.45457  step 0.4750
04:49:46     iter  69  obj 0.27312  best 0.45457  step 0.4750
04:49:47     iter  70  obj 0.17324  best 0.45457  step 0.4750
04:49:48     iter  71  obj -0.45115  best 0.45457  step 0.4750
04:49:49     iter  72  obj 0.10751  best 0.45457  step 0.4750
04:49:51     iter  73  obj -0.32208  best 0.45457  step 0.4750
04:49:52     iter  74  obj 0.07020  best 0.45457  step 0.4750
04:49:53     iter  75  obj -0.31362  best 0.45457  step 0.4750
04:49:54     iter  76  obj 0.13265  best 0.45457  step 0.4750
04:49:55     iter  77  obj 0.29071  best 0.45457  step 0.4750
04:49:56     iter  78  obj 0.10215  best 0.45457  step 0.4750
04:49:57     iter  79  obj 0.20819  best 0.45457  step 0.4750
04:49:58     iter  80  obj -0.05098  best 0.45457  step 0.4750
04:49:59     iter  81  obj 0.07235  best 0.45457  step 0.4750
04:50:00     iter  82  obj -0.16961  best 0.45457  step 0.4750
04:50:01     iter  83  obj -0.02807  best 0.45457  step 0.4750
04:50:02     iter  84  obj 0.21629  best 0.45457  step 0.4750
04:50:03     iter  85  obj -0.12417  best 0.45457  step 0.4750
04:50:04     iter  86  obj 0.09087  best 0.45457  step 0.4750
04:50:05     iter  87  obj -0.24698  best 0.45457  step 0.4750
04:50:06     iter  88  obj -0.02106  best 0.45457  step 0.4750
04:50:07     iter  89  obj 0.26565  best 0.45457  step 0.4750
04:50:08     iter  90  obj 0.31107  best 0.45457  step 0.4750
04:50:09     iter  91  obj 0.11802  best 0.45457  step 0.4750
04:50:10     iter  92  obj -0.25986  best 0.45457  step 0.4750
04:50:11     iter  93  obj 0.24628  best 0.45457  step 0.4750
04:50:13     iter  94  obj 0.00481  best 0.45457  step 0.4750
04:50:14     iter  95  obj 0.06050  best 0.45457  step 0.4750
04:50:15     iter  96  obj -0.15477  best 0.45457  step 0.4750
04:50:16     iter  97  obj 0.27246  best 0.45457  step 0.4750
04:50:17     iter  98  obj -0.10035  best 0.45457  step 0.4750
04:50:18     iter  99  obj -0.14593  best 0.45457  step 0.4750
04:50:19     iter 100  obj 0.09557  best 0.45457  step 0.4750
04:50:20     iter 101  obj 0.07829  best 0.45457  step 0.4750
04:50:21     iter 102  obj -0.20756  best 0.45457  step 0.4750
04:50:22     iter 103  obj 0.01297  best 0.45457  step 0.4750
04:50:23     iter 104  obj -0.06445  best 0.45457  step 0.4750
04:50:24     iter 105  obj -0.20304  best 0.45457  step 0.4750
04:50:25     iter 106  obj -0.02510  best 0.45457  step 0.4750
04:50:26     iter 107  obj -0.37429  best 0.45457  step 0.4750
04:50:27     iter 108  obj -0.13822  best 0.45457  step 0.4750
04:50:28     iter 109  obj 0.05402  best 0.45457  step 0.4750
04:50:29     iter 110  obj 0.03701  best 0.45457  step 0.4750
04:50:30     iter 111  obj 0.04009  best 0.45457  step 0.4750
04:50:31     iter 112  obj -0.16472  best 0.45457  step 0.4750
04:50:32     iter 113  obj -0.23578  best 0.45457  step 0.4750
04:50:34     iter 114  obj -0.52782  best 0.45457  step 0.4750
04:50:35     iter 115  obj 0.00048  best 0.45457  step 0.4750
04:50:36     iter 116  obj 0.22372  best 0.45457  step 0.4750
04:50:37     iter 117  obj 0.07672  best 0.45457  step 0.4750
04:50:38     iter 118  obj 0.08447  best 0.45457  step 0.4750
04:50:39     iter 119  obj -0.33331  best 0.45457  step 0.4750
04:50:40     iter 120  obj -0.03088  best 0.45457  step 0.4750
04:50:41     iter 121  obj 0.01555  best 0.45457  step 0.4750
04:50:42     iter 122  obj 0.02973  best 0.45457  step 0.4750
04:50:43     iter 123  obj -0.09677  best 0.45457  step 0.2375  halved
04:50:44     iter 124  obj 0.23595  best 0.45457  step 0.2375
04:50:45     iter 125  obj 0.44406  best 0.45457  step 0.2375
04:50:46     iter 126  obj 0.46004  best 0.46004  step 0.2375  *
04:50:47     iter 127  obj 0.38549  best 0.46004  step 0.2375
04:50:48     iter 128  obj 0.39428  best 0.46004  step 0.2375
04:50:49     iter 129  obj 0.28903  best 0.46004  step 0.2375
04:50:50     iter 130  obj 0.25619  best 0.46004  step 0.2375
04:50:51     iter 131  obj 0.27258  best 0.46004  step 0.2375
04:50:52     iter 132  obj -0.09566  best 0.46004  step 0.2375
04:50:53     iter 133  obj 0.15092  best 0.46004  step 0.2375
04:50:54     iter 134  obj 0.28890  best 0.46004  step 0.2375
04:50:56     iter 135  obj 0.30587  best 0.46004  step 0.2375
04:50:57     iter 136  obj 0.25102  best 0.46004  step 0.2375
04:50:58     iter 137  obj 0.13541  best 0.46004  step 0.2375
04:50:59     iter 138  obj 0.20466  best 0.46004  step 0.2375
04:51:00     iter 139  obj 0.25932  best 0.46004  step 0.2375
04:51:01     iter 140  obj 0.42333  best 0.46004  step 0.2375
04:51:02     iter 141  obj 0.30690  best 0.46004  step 0.2375
04:51:03     iter 142  obj 0.16740  best 0.46004  step 0.2375
04:51:04     iter 143  obj 0.37305  best 0.46004  step 0.2375
04:51:05     iter 144  obj 0.35238  best 0.46004  step 0.2375
04:51:06     iter 145  obj 0.34692  best 0.46004  step 0.2375
04:51:07     iter 146  obj 0.33802  best 0.46004  step 0.2375
04:51:08     iter 147  obj 0.33896  best 0.46004  step 0.2375
04:51:09     iter 148  obj 0.15631  best 0.46004  step 0.2375
04:51:10     iter 149  obj 0.34537  best 0.46004  step 0.2375
04:51:11     iter 150  obj 0.07083  best 0.46004  step 0.2375
04:51:12     iter 151  obj 0.05818  best 0.46004  step 0.2375
04:51:13     iter 152  obj 0.24517  best 0.46004  step 0.2375
04:51:14     iter 153  obj 0.29583  best 0.46004  step 0.2375
04:51:15     iter 154  obj 0.40701  best 0.46004  step 0.2375
04:51:17     iter 155  obj 0.29209  best 0.46004  step 0.2375
04:51:18     iter 156  obj 0.33192  best 0.46004  step 0.2375
04:51:19     iter 157  obj 0.31451  best 0.46004  step 0.2375
04:51:20     iter 158  obj 0.34962  best 0.46004  step 0.2375
04:51:21     iter 159  obj 0.29925  best 0.46004  step 0.2375
04:51:22     iter 160  obj 0.24853  best 0.46004  step 0.2375
04:51:23     iter 161  obj 0.33576  best 0.46004  step 0.2375
04:51:24     iter 162  obj 0.37088  best 0.46004  step 0.2375
04:51:25     iter 163  obj 0.30951  best 0.46004  step 0.2375
04:51:26     iter 164  obj 0.16017  best 0.46004  step 0.2375
04:51:27     iter 165  obj 0.14714  best 0.46004  step 0.2375
04:51:28     iter 166  obj 0.05918  best 0.46004  step 0.2375
04:51:29     iter 167  obj 0.35667  best 0.46004  step 0.2375
04:51:30     iter 168  obj 0.30836  best 0.46004  step 0.2375
04:51:31     iter 169  obj 0.34109  best 0.46004  step 0.2375
04:51:32     iter 170  obj 0.34832  best 0.46004  step 0.2375
04:51:33     iter 171  obj 0.26180  best 0.46004  step 0.1187  halved
04:51:34     iter 172  obj 0.32656  best 0.46004  step 0.1187
04:51:35     iter 173  obj 0.43455  best 0.46004  step 0.1187
04:51:36     iter 174  obj 0.44640  best 0.46004  step 0.1187
04:51:37     iter 175  obj 0.39542  best 0.46004  step 0.1187
04:51:39     iter 176  obj 0.39818  best 0.46004  step 0.1187
04:51:40     iter 177  obj 0.39943  best 0.46004  step 0.1187
04:51:41     iter 178  obj 0.31713  best 0.46004  step 0.1187
04:51:42     iter 179  obj 0.28241  best 0.46004  step 0.1187
04:51:43     iter 180  obj 0.38314  best 0.46004  step 0.1187
04:51:44     iter 181  obj 0.42752  best 0.46004  step 0.1187
04:51:45     iter 182  obj 0.41826  best 0.46004  step 0.1187
04:51:46     iter 183  obj 0.23567  best 0.46004  step 0.1187
04:51:47     iter 184  obj 0.34103  best 0.46004  step 0.1187
04:51:48     iter 185  obj 0.44247  best 0.46004  step 0.1187
04:51:49     iter 186  obj 0.40004  best 0.46004  step 0.1187
04:51:50     iter 187  obj 0.43688  best 0.46004  step 0.1187
04:51:51     iter 188  obj 0.44051  best 0.46004  step 0.1187
04:51:52     iter 189  obj 0.44803  best 0.46004  step 0.1187
04:51:53     iter 190  obj 0.41623  best 0.46004  step 0.1187
04:51:54     iter 191  obj 0.33555  best 0.46004  step 0.1187
04:51:55     iter 192  obj 0.46098  best 0.46098  step 0.1187  *
04:51:56     iter 193  obj 0.47388  best 0.47388  step 0.1187  *
04:51:57     iter 194  obj 0.39171  best 0.47388  step 0.1187
04:51:58     iter 195  obj 0.40391  best 0.47388  step 0.1187
04:52:00     iter 196  obj 0.41627  best 0.47388  step 0.1187
04:52:01     iter 197  obj 0.45098  best 0.47388  step 0.1187
04:52:02     iter 198  obj 0.38900  best 0.47388  step 0.1187
04:52:03     iter 199  obj 0.45155  best 0.47388  step 0.1187
04:52:04     iter 200  obj 0.44868  best 0.47388  step 0.1187
04:52:05     iter 201  obj 0.38516  best 0.47388  step 0.1187
04:52:06     iter 202  obj 0.46220  best 0.47388  step 0.1187
04:52:07     iter 203  obj 0.39091  best 0.47388  step 0.1187
04:52:08     iter 204  obj 0.37930  best 0.47388  step 0.1187
04:52:09     iter 205  obj 0.32525  best 0.47388  step 0.1187
04:52:10     iter 206  obj 0.37046  best 0.47388  step 0.1187
04:52:11     iter 207  obj 0.41354  best 0.47388  step 0.1187
04:52:12     iter 208  obj 0.46889  best 0.47388  step 0.1187
04:52:13     iter 209  obj 0.43968  best 0.47388  step 0.1187
04:52:14     iter 210  obj 0.45567  best 0.47388  step 0.0594  halved
04:52:15     iter 211  obj 0.41716  best 0.47388  step 0.0594
04:52:16     iter 212  obj 0.46336  best 0.47388  step 0.0594
04:52:17     iter 213  obj 0.47355  best 0.47388  step 0.0594
04:52:18     iter 214  obj 0.49576  best 0.49576  step 0.0594  *
04:52:19     iter 215  obj 0.47415  best 0.49576  step 0.0594
04:52:20     iter 216  obj 0.46085  best 0.49576  step 0.0594
04:52:22     iter 217  obj 0.48420  best 0.49576  step 0.0594
04:52:23     iter 218  obj 0.50499  best 0.50499  step 0.0594  *
04:52:24     iter 219  obj 0.49266  best 0.50499  step 0.0594
04:52:25     iter 220  obj 0.47306  best 0.50499  step 0.0594
04:52:26     iter 221  obj 0.51702  best 0.51702  step 0.0594  *
04:52:27     iter 222  obj 0.51181  best 0.51702  step 0.0594
04:52:28     iter 223  obj 0.49392  best 0.51702  step 0.0594
04:52:29     iter 224  obj 0.50300  best 0.51702  step 0.0594
04:52:30     iter 225  obj 0.48450  best 0.51702  step 0.0594
04:52:31     iter 226  obj 0.50527  best 0.51702  step 0.0594
04:52:32     iter 227  obj 0.49584  best 0.51702  step 0.0594
04:52:33     iter 228  obj 0.52865  best 0.52865  step 0.0594  *
04:52:34     iter 229  obj 0.53418  best 0.53418  step 0.0594  *
04:52:35     iter 230  obj 0.48120  best 0.53418  step 0.0594
04:52:36     iter 231  obj 0.49523  best 0.53418  step 0.0594
04:52:37     iter 232  obj 0.49649  best 0.53418  step 0.0594
04:52:38     iter 233  obj 0.50855  best 0.53418  step 0.0594
04:52:39     iter 234  obj 0.48589  best 0.53418  step 0.0594
04:52:40     iter 235  obj 0.50443  best 0.53418  step 0.0594
04:52:41     iter 236  obj 0.50540  best 0.53418  step 0.0594
04:52:43     iter 237  obj 0.48120  best 0.53418  step 0.0594
04:52:44     iter 238  obj 0.39098  best 0.53418  step 0.0594
04:52:45     iter 239  obj 0.47094  best 0.53418  step 0.0594
04:52:46     iter 240  obj 0.48754  best 0.53418  step 0.0297  halved
04:52:47     iter 241  obj 0.51386  best 0.53418  step 0.0297
04:52:48     iter 242  obj 0.51556  best 0.53418  step 0.0297
04:52:49     iter 243  obj 0.53843  best 0.53843  step 0.0297  *
04:52:50     iter 244  obj 0.47047  best 0.53843  step 0.0297
04:52:51     iter 245  obj 0.49510  best 0.53843  step 0.0297
04:52:52     iter 246  obj 0.52434  best 0.53843  step 0.0297
04:52:53     iter 247  obj 0.50727  best 0.53843  step 0.0297
04:52:54     iter 248  obj 0.55209  best 0.55209  step 0.0297  *
04:52:55     iter 249  obj 0.59977  best 0.59977  step 0.0297  *
04:52:56     iter 250  obj 0.51709  best 0.59977  step 0.0297
04:52:57     iter 251  obj 0.55995  best 0.59977  step 0.0297
04:52:58     iter 252  obj 0.50426  best 0.59977  step 0.0297
04:52:59     iter 253  obj 0.58524  best 0.59977  step 0.0297
04:53:00     iter 254  obj 0.49342  best 0.59977  step 0.0297
04:53:01     iter 255  obj 0.55844  best 0.59977  step 0.0297
04:53:02     iter 256  obj 0.51885  best 0.59977  step 0.0297
04:53:03     iter 257  obj 0.51451  best 0.59977  step 0.0297
04:53:05     iter 258  obj 0.49437  best 0.59977  step 0.0297
04:53:06     iter 259  obj 0.55113  best 0.59977  step 0.0297
04:53:07     iter 260  obj 0.56820  best 0.59977  step 0.0297
04:53:08     iter 261  obj 0.51313  best 0.59977  step 0.0148  halved
04:53:09     iter 262  obj 0.52344  best 0.59977  step 0.0148
04:53:10     iter 263  obj 0.61952  best 0.61952  step 0.0148  *
04:53:11     iter 264  obj 0.49832  best 0.61952  step 0.0148
04:53:12     iter 265  obj 0.56592  best 0.61952  step 0.0148
04:53:13     iter 266  obj 0.59733  best 0.61952  step 0.0148
04:53:14     iter 267  obj 0.62474  best 0.62474  step 0.0148  *
04:53:15     iter 268  obj 0.59423  best 0.62474  step 0.0148
04:53:16     iter 269  obj 0.72058  best 0.72058  step 0.0148  *
04:53:17     iter 270  obj 0.61523  best 0.72058  step 0.0148
04:53:18     iter 271  obj 0.79598  best 0.79598  step 0.0148  *
04:53:19     iter 272  obj 0.90011  best 0.90011  step 0.0148  *
04:53:20     iter 273  obj 0.78390  best 0.90011  step 0.0148
04:53:21     iter 274  obj 0.92130  best 0.92130  step 0.0148  *
04:53:22     iter 275  obj 0.60839  best 0.92130  step 0.0148
04:53:23     iter 276  obj 0.50442  best 0.92130  step 0.0148
04:53:24     iter 277  obj 0.76895  best 0.92130  step 0.0148
04:53:26     iter 278  obj 0.53197  best 0.92130  step 0.0148
04:53:27     iter 279  obj 0.87031  best 0.92130  step 0.0074  halved
04:53:28     iter 280  obj 0.71733  best 0.92130  step 0.0074
04:53:29     iter 281  obj 0.76260  best 0.92130  step 0.0074
04:53:30     iter 282  obj 0.89672  best 0.92130  step 0.0074
04:53:31     iter 283  obj 1.01800  best 1.01800  step 0.0074  *
04:53:32     iter 284  obj 1.06833  best 1.06833  step 0.0074  *
04:53:33     iter 285  obj 1.17850  best 1.17850  step 0.0074  *
04:53:34     iter 286  obj 1.10968  best 1.17850  step 0.0074
04:53:35     iter 287  obj 0.89218  best 1.17850  step 0.0074
04:53:36     iter 288  obj 1.16612  best 1.17850  step 0.0074
04:53:37     iter 289  obj 1.03245  best 1.17850  step 0.0074
04:53:38     iter 290  obj 1.05654  best 1.17850  step 0.0074
04:53:39     iter 291  obj 1.24261  best 1.24261  step 0.0074  *
04:53:40     iter 292  obj 0.89349  best 1.24261  step 0.0074
04:53:41     iter 293  obj 1.19022  best 1.24261  step 0.0074
04:53:42     iter 294  obj 1.03344  best 1.24261  step 0.0074
04:53:43     iter 295  obj 1.28081  best 1.28081  step 0.0074  *
04:53:44     iter 296  obj 1.11299  best 1.28081  step 0.0074
04:53:45     iter 297  obj 1.36024  best 1.36024  step 0.0037  *  halved
04:53:47     iter 298  obj 1.40525  best 1.40525  step 0.0037  *
04:53:48     iter 299  obj 1.34577  best 1.40525  step 0.0037
04:53:49     iter 300  obj 1.45463  best 1.45463  step 0.0037  *
04:53:49      poisoned ce=0.71237 auc=0.5844 acc=0.7850 f1=0.0851  dce=+0.25775 dacc=-0.0210  k=1500  [316.1s]
04:53:49   mean over 1 trials: dce=+0.25775 dacc=-0.0210 dauc=-0.1311  -> results/niter_be/lcld_v2_lcld_rs3_it300
