14:09:39 [x-capgd] datasets/url_unique/splits/selected/natural/context_5000.csv (5000x63) -> datasets/url_unique/splits/test_attack_1000.csv (1000 of 1000)  k=1500 (30.0%)  attack_class=None  grid 1x1  cuda:1
14:09:43   clean  ce=0.09328 auc=0.9935 acc=0.9650 f1=0.9644  max|dp| over 3 repeats=0.00e+00  chunking_exact=True  [3.3s]
14:09:44   constraints=full (14 relations, dataset 'url_unique')  scaler=metadata  mutable 63/63  int 58  cat 0
14:09:44   -- trial run0_sub0
14:09:46     iter   0  obj 0.09328  best 0.09328  step 0.9500
14:09:48     iter   1  obj -4.27469  best 0.09328  step 0.9500
14:09:50     iter   2  obj -0.22125  best 0.09328  step 0.9500
14:09:53     iter   3  obj -0.10888  best 0.09328  step 0.9500
14:09:55     iter   4  obj -0.22522  best 0.09328  step 0.9500
14:09:57     iter   5  obj -0.55365  best 0.09328  step 0.9500
14:09:59     iter   6  obj -0.33391  best 0.09328  step 0.9500
14:10:01     iter   7  obj -1.05538  best 0.09328  step 0.9500
14:10:03     iter   8  obj -1.16132  best 0.09328  step 0.9500
14:10:06     iter   9  obj -0.97522  best 0.09328  step 0.9500
14:10:08     iter  10  obj -0.47215  best 0.09328  step 0.9500
14:10:10     iter  11  obj -0.31056  best 0.09328  step 0.9500
14:10:12     iter  12  obj -0.54575  best 0.09328  step 0.9500
14:10:14     iter  13  obj -0.65238  best 0.09328  step 0.9500
14:10:17     iter  14  obj -0.64162  best 0.09328  step 0.9500
14:10:19     iter  15  obj -0.45835  best 0.09328  step 0.9500
14:10:21     iter  16  obj -0.45699  best 0.09328  step 0.9500
14:10:23     iter  17  obj -0.44639  best 0.09328  step 0.9500
14:10:25     iter  18  obj -0.28166  best 0.09328  step 0.9500
14:10:28     iter  19  obj -0.59322  best 0.09328  step 0.9500
14:10:30     iter  20  obj -0.47684  best 0.09328  step 0.9500
14:10:32     iter  21  obj -0.84433  best 0.09328  step 0.9500
14:10:34     iter  22  obj -0.55423  best 0.09328  step 0.9500
14:10:36     iter  23  obj -0.50100  best 0.09328  step 0.9500
14:10:39     iter  24  obj -0.37176  best 0.09328  step 0.9500
14:10:41     iter  25  obj -0.55031  best 0.09328  step 0.9500
14:10:43     iter  26  obj -0.55831  best 0.09328  step 0.9500
14:10:45     iter  27  obj -0.72907  best 0.09328  step 0.9500
14:10:47     iter  28  obj -0.74347  best 0.09328  step 0.9500
14:10:49     iter  29  obj -0.48794  best 0.09328  step 0.9500
14:10:52     iter  30  obj -0.23359  best 0.09328  step 0.9500
14:10:54     iter  31  obj -0.47177  best 0.09328  step 0.9500
14:10:56     iter  32  obj -0.68692  best 0.09328  step 0.9500
14:10:58     iter  33  obj -0.48149  best 0.09328  step 0.4750  halved
14:11:00     iter  34  obj -3.86609  best 0.09328  step 0.4750
14:11:03     iter  35  obj -0.66830  best 0.09328  step 0.4750
14:11:05     iter  36  obj -0.07306  best 0.09328  step 0.4750
14:11:07     iter  37  obj -0.06321  best 0.09328  step 0.4750
14:11:09     iter  38  obj -0.13262  best 0.09328  step 0.4750
14:11:11     iter  39  obj -0.29093  best 0.09328  step 0.4750
14:11:14     iter  40  obj -0.20245  best 0.09328  step 0.4750
14:11:16     iter  41  obj -0.16957  best 0.09328  step 0.4750
14:11:18     iter  42  obj -0.09373  best 0.09328  step 0.4750
14:11:20     iter  43  obj -0.15836  best 0.09328  step 0.4750
14:11:22     iter  44  obj -0.11882  best 0.09328  step 0.4750
14:11:25     iter  45  obj -0.04906  best 0.09328  step 0.4750
14:11:27     iter  46  obj -0.20901  best 0.09328  step 0.4750
14:11:29     iter  47  obj -0.39686  best 0.09328  step 0.4750
14:11:31     iter  48  obj -0.31591  best 0.09328  step 0.4750
14:11:33     iter  49  obj -0.34852  best 0.09328  step 0.4750
14:11:35     iter  50  obj -0.37648  best 0.09328  step 0.4750
14:11:38     iter  51  obj -0.34114  best 0.09328  step 0.4750
14:11:40     iter  52  obj -0.24211  best 0.09328  step 0.4750
14:11:42     iter  53  obj -0.14648  best 0.09328  step 0.4750
14:11:44     iter  54  obj -0.09390  best 0.09328  step 0.4750
14:11:46     iter  55  obj -0.18203  best 0.09328  step 0.4750
14:11:49     iter  56  obj -0.16434  best 0.09328  step 0.4750
14:11:51     iter  57  obj -0.16024  best 0.09328  step 0.4750
14:11:53     iter  58  obj -0.20750  best 0.09328  step 0.4750
14:11:55     iter  59  obj -0.26631  best 0.09328  step 0.4750
14:11:57     iter  60  obj -0.37962  best 0.09328  step 0.4750
14:12:00     iter  61  obj -0.32699  best 0.09328  step 0.4750
14:12:02     iter  62  obj -0.32021  best 0.09328  step 0.2375  halved
14:12:04     iter  63  obj -2.76952  best 0.09328  step 0.2375
14:12:06     iter  64  obj -0.25686  best 0.09328  step 0.2375
14:12:08     iter  65  obj -0.18999  best 0.09328  step 0.2375
14:12:11     iter  66  obj -0.09666  best 0.09328  step 0.2375
14:12:13     iter  67  obj -0.15250  best 0.09328  step 0.2375
14:12:15     iter  68  obj -0.23514  best 0.09328  step 0.2375
14:12:17     iter  69  obj -0.11410  best 0.09328  step 0.2375
14:12:19     iter  70  obj 0.01393  best 0.09328  step 0.2375
14:12:21     iter  71  obj -0.03403  best 0.09328  step 0.2375
14:12:24     iter  72  obj -0.06123  best 0.09328  step 0.2375
14:12:26     iter  73  obj 0.02548  best 0.09328  step 0.2375
14:12:28     iter  74  obj 0.05981  best 0.09328  step 0.2375
14:12:30     iter  75  obj -0.07593  best 0.09328  step 0.2375
14:12:32     iter  76  obj -0.04316  best 0.09328  step 0.2375
14:12:35     iter  77  obj 0.05268  best 0.09328  step 0.2375
14:12:37     iter  78  obj 0.12596  best 0.12596  step 0.2375  *
14:12:39     iter  79  obj 0.07807  best 0.12596  step 0.2375
14:12:41     iter  80  obj 0.03789  best 0.12596  step 0.2375
14:12:43     iter  81  obj 0.09876  best 0.12596  step 0.2375
14:12:46     iter  82  obj 0.01713  best 0.12596  step 0.2375
14:12:48     iter  83  obj 0.12089  best 0.12596  step 0.2375
14:12:50     iter  84  obj 0.01952  best 0.12596  step 0.2375
14:12:52     iter  85  obj 0.04703  best 0.12596  step 0.2375
14:12:54     iter  86  obj 0.07299  best 0.12596  step 0.2375
14:12:57     iter  87  obj -0.04315  best 0.12596  step 0.1188  halved
14:12:59     iter  88  obj -0.74128  best 0.12596  step 0.1188
14:13:01     iter  89  obj 0.13928  best 0.13928  step 0.1188  *
14:13:03     iter  90  obj 0.15221  best 0.15221  step 0.1188  *
14:13:05     iter  91  obj 0.21124  best 0.21124  step 0.1188  *
14:13:08     iter  92  obj 0.17046  best 0.21124  step 0.1188
14:13:10     iter  93  obj 0.20682  best 0.21124  step 0.1188
14:13:12     iter  94  obj 0.17801  best 0.21124  step 0.1188
14:13:14     iter  95  obj 0.22640  best 0.22640  step 0.1188  *
14:13:16     iter  96  obj 0.14449  best 0.22640  step 0.1188
14:13:18     iter  97  obj 0.14946  best 0.22640  step 0.1188
14:13:21     iter  98  obj 0.21161  best 0.22640  step 0.1188
14:13:23     iter  99  obj 0.24783  best 0.24783  step 0.1188  *
14:13:25     iter 100  obj 0.16923  best 0.24783  step 0.1188
14:13:27     iter 101  obj 0.22612  best 0.24783  step 0.1188
14:13:29     iter 102  obj 0.20251  best 0.24783  step 0.1188
14:13:32     iter 103  obj 0.26547  best 0.26547  step 0.1188  *
14:13:34     iter 104  obj 0.24097  best 0.26547  step 0.1188
14:13:36     iter 105  obj 0.14141  best 0.26547  step 0.1188
14:13:38     iter 106  obj 0.27241  best 0.27241  step 0.1188  *
14:13:40     iter 107  obj 0.26064  best 0.27241  step 0.1188
14:13:43     iter 108  obj 0.21049  best 0.27241  step 0.0594  halved
14:13:45     iter 109  obj 0.41249  best 0.41249  step 0.0594  *
14:13:47     iter 110  obj 0.24568  best 0.41249  step 0.0594
14:13:49     iter 111  obj 0.39165  best 0.41249  step 0.0594
14:13:51     iter 112  obj 0.28851  best 0.41249  step 0.0594
14:13:54     iter 113  obj 0.25285  best 0.41249  step 0.0594
14:13:56     iter 114  obj 0.41918  best 0.41918  step 0.0594  *
14:13:58     iter 115  obj 0.42333  best 0.42333  step 0.0594  *
14:14:00     iter 116  obj 0.50352  best 0.50352  step 0.0594  *
14:14:02     iter 117  obj 0.71416  best 0.71416  step 0.0594  *
14:14:05     iter 118  obj 0.47282  best 0.71416  step 0.0594
14:14:07     iter 119  obj 0.43075  best 0.71416  step 0.0594
14:14:09     iter 120  obj 0.80998  best 0.80998  step 0.0594  *
14:14:11     iter 121  obj 0.66549  best 0.80998  step 0.0594
14:14:13     iter 122  obj 1.03906  best 1.03906  step 0.0594  *
14:14:16     iter 123  obj 0.47866  best 1.03906  step 0.0594
14:14:18     iter 124  obj 0.94652  best 1.03906  step 0.0594
14:14:20     iter 125  obj 1.11258  best 1.11258  step 0.0297  *  halved
14:14:22     iter 126  obj 1.66960  best 1.66960  step 0.0297  *
14:14:24     iter 127  obj 1.88735  best 1.88735  step 0.0297  *
14:14:26     iter 128  obj 1.55581  best 1.88735  step 0.0297
14:14:29     iter 129  obj 1.44556  best 1.88735  step 0.0297
14:14:31     iter 130  obj 2.14437  best 2.14437  step 0.0297  *
14:14:33     iter 131  obj 2.02607  best 2.14437  step 0.0297
14:14:35     iter 132  obj 2.61295  best 2.61295  step 0.0297  *
14:14:37     iter 133  obj 2.36404  best 2.61295  step 0.0297
14:14:40     iter 134  obj 2.84513  best 2.84513  step 0.0297  *
14:14:42     iter 135  obj 2.70357  best 2.84513  step 0.0297
14:14:44     iter 136  obj 3.20329  best 3.20329  step 0.0297  *
14:14:46     iter 137  obj 3.23877  best 3.23877  step 0.0297  *
14:14:48     iter 138  obj 3.43782  best 3.43782  step 0.0148  *  halved
14:14:51     iter 139  obj 4.20567  best 4.20567  step 0.0148  *
14:14:53     iter 140  obj 4.24989  best 4.24989  step 0.0148  *
14:14:55     iter 141  obj 4.60308  best 4.60308  step 0.0148  *
14:14:57     iter 142  obj 4.35614  best 4.60308  step 0.0148
14:14:59     iter 143  obj 4.61622  best 4.61622  step 0.0148  *
14:15:02     iter 144  obj 5.40235  best 5.40235  step 0.0148  *
14:15:04     iter 145  obj 5.34150  best 5.40235  step 0.0148
14:15:06     iter 146  obj 5.55463  best 5.55463  step 0.0148  *
14:15:08     iter 147  obj 5.38063  best 5.55463  step 0.0074  halved
14:15:10     iter 148  obj 6.26361  best 6.26361  step 0.0074  *
14:15:13     iter 149  obj 6.50004  best 6.50004  step 0.0074  *
14:15:15     iter 150  obj 6.84124  best 6.84124  step 0.0074  *
14:15:16      poisoned ce=0.15436 auc=0.9851 acc=0.9450 f1=0.9432  dce=+0.06108 dacc=-0.0200  k=1500  [332.5s]
14:15:16   mean over 1 trials: dce=+0.06108 dacc=-0.0200 dauc=-0.0084  -> results/niter_sweep_final/url_unique_rs2_it150
