14:02:12 [x-capgd] datasets/wids/splits/selected/natural/context_5000.csv (5000x108) -> datasets/wids/splits/test_attack_1000.csv (1000 of 1000)  k=1500 (30.0%)  attack_class=None  grid 1x1  cuda:3
14:02:19   clean  ce=0.20899 auc=0.8795 acc=0.9250 f1=0.4361  max|dp| over 3 repeats=0.00e+00  chunking_exact=True  [5.2s]
14:02:19   constraints=full (31 relations, dataset 'wids')  scaler=metadata  mutable 108/108  int 60  cat 9
14:02:19   -- trial run0_sub0
14:02:24     iter   0  obj -0.18121  best -0.18121  step 0.9500
14:02:29     iter   1  obj -7.46692  best -0.18121  step 0.9500
14:02:33     iter   2  obj -0.08569  best -0.08569  step 0.9500  *
14:02:38     iter   3  obj -0.37396  best -0.08569  step 0.9500
14:02:43     iter   4  obj -0.40474  best -0.08569  step 0.9500
14:02:48     iter   5  obj -0.41581  best -0.08569  step 0.9500
14:02:53     iter   6  obj -1.03941  best -0.08569  step 0.9500
14:02:58     iter   7  obj -2.29740  best -0.08569  step 0.9500
14:03:03     iter   8  obj -0.40561  best -0.08569  step 0.9500
14:03:08     iter   9  obj -0.99176  best -0.08569  step 0.9500
14:03:12     iter  10  obj -0.51040  best -0.08569  step 0.9500
14:03:17     iter  11  obj -1.54625  best -0.08569  step 0.9500
14:03:22     iter  12  obj -0.88166  best -0.08569  step 0.9500
14:03:27     iter  13  obj -1.98150  best -0.08569  step 0.9500
14:03:32     iter  14  obj -0.48765  best -0.08569  step 0.9500
14:03:37     iter  15  obj -0.69592  best -0.08569  step 0.9500
14:03:42     iter  16  obj -0.81732  best -0.08569  step 0.4750  halved
14:03:47     iter  17  obj -5.78077  best -0.08569  step 0.4750
14:03:51     iter  18  obj -0.31932  best -0.08569  step 0.4750
14:03:56     iter  19  obj -0.07262  best -0.07262  step 0.4750  *
14:04:01     iter  20  obj -0.23693  best -0.07262  step 0.4750
14:04:06     iter  21  obj -0.65386  best -0.07262  step 0.4750
14:04:11     iter  22  obj -1.38152  best -0.07262  step 0.4750
14:04:16     iter  23  obj -1.92747  best -0.07262  step 0.4750
14:04:21     iter  24  obj -0.45648  best -0.07262  step 0.4750
14:04:26     iter  25  obj -0.71199  best -0.07262  step 0.4750
14:04:30     iter  26  obj -0.39556  best -0.07262  step 0.4750
14:04:35     iter  27  obj -0.50477  best -0.07262  step 0.4750
14:04:40     iter  28  obj -0.32292  best -0.07262  step 0.4750
14:04:45     iter  29  obj -0.30580  best -0.07262  step 0.4750
14:04:50     iter  30  obj -0.99473  best -0.07262  step 0.2375  halved
14:04:55     iter  31  obj -3.17218  best -0.07262  step 0.2375
14:05:00     iter  32  obj -0.17351  best -0.07262  step 0.2375
14:05:04     iter  33  obj -0.03173  best -0.03173  step 0.2375  *
14:05:09     iter  34  obj 0.03926  best 0.03926  step 0.2375  *
14:05:14     iter  35  obj -0.03416  best 0.03926  step 0.2375
14:05:19     iter  36  obj 0.08976  best 0.08976  step 0.2375  *
14:05:24     iter  37  obj -0.42889  best 0.08976  step 0.2375
14:05:29     iter  38  obj -0.10570  best 0.08976  step 0.2375
14:05:34     iter  39  obj -0.68546  best 0.08976  step 0.2375
14:05:39     iter  40  obj -0.13184  best 0.08976  step 0.2375
14:05:43     iter  41  obj 0.06767  best 0.08976  step 0.2375
14:05:48     iter  42  obj -0.12251  best 0.08976  step 0.1188  halved
14:05:53     iter  43  obj -1.62908  best 0.08976  step 0.1188
14:05:58     iter  44  obj 0.07835  best 0.08976  step 0.1188
14:06:03     iter  45  obj 0.15575  best 0.15575  step 0.1188  *
14:06:08     iter  46  obj 0.14488  best 0.15575  step 0.1188
14:06:13     iter  47  obj 0.14966  best 0.15575  step 0.1188
14:06:18     iter  48  obj 0.20661  best 0.20661  step 0.1188  *
14:06:22     iter  49  obj 0.12829  best 0.20661  step 0.1188
14:06:27     iter  50  obj 0.19834  best 0.20661  step 0.1188
14:06:32     iter  51  obj 0.20899  best 0.20899  step 0.1188  *
14:06:37     iter  52  obj 0.21698  best 0.21698  step 0.0594  *  halved
14:06:42     iter  53  obj 0.27439  best 0.27439  step 0.0594  *
14:06:47     iter  54  obj 0.33001  best 0.33001  step 0.0594  *
14:06:52     iter  55  obj 0.28144  best 0.33001  step 0.0594
14:06:57     iter  56  obj 0.33802  best 0.33802  step 0.0594  *
14:07:01     iter  57  obj 0.33442  best 0.33802  step 0.0594
14:07:06     iter  58  obj 0.41709  best 0.41709  step 0.0594  *
14:07:11     iter  59  obj 0.43531  best 0.43531  step 0.0594  *
14:07:16     iter  60  obj 0.44347  best 0.44347  step 0.0297  *  halved
14:07:21     iter  61  obj 0.43965  best 0.44347  step 0.0297
14:07:26     iter  62  obj 0.55905  best 0.55905  step 0.0297  *
14:07:31     iter  63  obj 0.51207  best 0.55905  step 0.0297
14:07:36     iter  64  obj 0.53994  best 0.55905  step 0.0297
14:07:41     iter  65  obj 0.57722  best 0.57722  step 0.0297  *
14:07:45     iter  66  obj 0.57145  best 0.57722  step 0.0148  halved
14:07:50     iter  67  obj 0.68830  best 0.68830  step 0.0148  *
14:07:55     iter  68  obj 0.66250  best 0.68830  step 0.0148
14:08:00     iter  69  obj 0.69353  best 0.69353  step 0.0148  *
14:08:05     iter  70  obj 0.77627  best 0.77627  step 0.0074  *  halved
14:08:10     iter  71  obj 0.84142  best 0.84142  step 0.0074  *
14:08:15     iter  72  obj 0.87492  best 0.87492  step 0.0074  *
14:08:20     iter  73  obj 0.92434  best 0.92434  step 0.0074  *
14:08:24     iter  74  obj 0.94992  best 0.94992  step 0.0074  *
14:08:29     iter  75  obj 0.97690  best 0.97690  step 0.0074  *
14:08:32      poisoned ce=0.36249 auc=0.7788 acc=0.9000 f1=0.2754  dce=+0.15350 dacc=-0.0250  k=1500  [373.0s]
14:08:32   mean over 1 trials: dce=+0.15350 dacc=-0.0250 dauc=-0.1006  -> results/niter_sweep_final/wids_rs2_it75
