02:11:12 [x-capgd] datasets/url_unique/splits/selected/natural/context_5000.csv (5000x63) -> datasets/url_unique/splits/test_attack_1000.csv (1000 of 1000)  k=1500 (30.0%)  attack_class=None  grid 1x1  cuda:1
02:11:17   clean  ce=0.09328 auc=0.9935 acc=0.9650 f1=0.9644  max|dp| over 3 repeats=0.00e+00  chunking_exact=True  [3.3s]
02:11:17   constraints=full (14 relations, dataset 'url_unique')  scaler=metadata  mutable 63/63  int 58  cat 0
02:11:17   -- trial run0_sub0
02:11:19     iter   0  obj 0.09328  best 0.09328  step 0.9500
02:11:21     iter   1  obj -4.27484  best 0.09328  step 0.9500
02:11:24     iter   2  obj -0.13563  best 0.09328  step 0.9500
02:11:26     iter   3  obj -0.20678  best 0.09328  step 0.9500
02:11:28     iter   4  obj -0.35119  best 0.09328  step 0.9500
02:11:30     iter   5  obj -0.40762  best 0.09328  step 0.9500
02:11:32     iter   6  obj -0.54365  best 0.09328  step 0.4750  halved
02:11:35     iter   7  obj -5.53665  best 0.09328  step 0.4750
02:11:37     iter   8  obj -0.17907  best 0.09328  step 0.4750
02:11:39     iter   9  obj -0.12887  best 0.09328  step 0.4750
02:11:41     iter  10  obj -0.10897  best 0.09328  step 0.4750
02:11:43     iter  11  obj -0.07435  best 0.09328  step 0.4750
02:11:45     iter  12  obj -0.26516  best 0.09328  step 0.4750
02:11:48     iter  13  obj -0.29535  best 0.09328  step 0.4750
02:11:50     iter  14  obj -0.26040  best 0.09328  step 0.4750
02:11:52     iter  15  obj -0.17829  best 0.09328  step 0.2375  halved
02:11:54     iter  16  obj -4.44041  best 0.09328  step 0.2375
02:11:56     iter  17  obj -0.26489  best 0.09328  step 0.2375
02:11:59     iter  18  obj -0.02336  best 0.09328  step 0.1188  halved
02:12:01     iter  19  obj -4.31085  best 0.09328  step 0.1188
02:12:03     iter  20  obj 0.03579  best 0.09328  step 0.0594  halved
02:12:05     iter  21  obj 0.08054  best 0.09328  step 0.0594
02:12:07     iter  22  obj 0.04664  best 0.09328  step 0.0297  halved
02:12:10     iter  23  obj 0.08529  best 0.09328  step 0.0297
02:12:12     iter  24  obj 0.06325  best 0.09328  step 0.0148  halved
02:12:14     iter  25  obj 0.09702  best 0.09702  step 0.0148  *
02:12:16     iter  26  obj 0.09872  best 0.09872  step 0.0148  *
02:12:18     iter  27  obj 0.12652  best 0.12652  step 0.0148  *
02:12:21     iter  28  obj 0.13288  best 0.13288  step 0.0148  *
02:12:23     iter  29  obj 0.16541  best 0.16541  step 0.0148  *
02:12:25     iter  30  obj 0.14379  best 0.16541  step 0.0074  halved
02:12:26      poisoned ce=0.11299 auc=0.9917 acc=0.9640 f1=0.9637  dce=+0.01971 dacc=-0.0010  k=1500  [68.7s]
02:12:26   mean over 1 trials: dce=+0.01971 dacc=-0.0010 dauc=-0.0018  -> results/ablation_niter/url_unique_nat5000_full_it30
