03:59:24 [x-capgd] datasets/lcld_v2/splits/selected/natural/context_5000.csv (5000x28) -> datasets/lcld_v2/splits/test_attack_1000.csv (1000 of 1000)  k=1500 (30.0%)  attack_class=None  grid 1x1  cuda:1
03:59:29   clean  ce=0.45462 auc=0.7155 acc=0.8060 f1=0.1339  max|dp| over 3 repeats=0.00e+00  chunking_exact=True  [3.6s]
03:59:29   constraints=full (9 relations, dataset 'lcld_v2')  scaler=metadata  mutable 14/28  int 10  cat 5
03:59:29   -- trial run0_sub0
03:59:33     iter   0  obj 0.45457  best 0.45457  step 0.9500
03:59:37     iter   1  obj -261.51477  best 0.45457  step 0.9500
03:59:41     iter   2  obj -384.87885  best 0.45457  step 0.9500
03:59:45     iter   3  obj -471.37723  best 0.45457  step 0.9500
03:59:49     iter   4  obj -306.48886  best 0.45457  step 0.9500
03:59:53     iter   5  obj -401.97861  best 0.45457  step 0.9500
03:59:56     iter   6  obj -363.65042  best 0.45457  step 0.9500
04:00:00     iter   7  obj -405.10852  best 0.45457  step 0.9500
04:00:04     iter   8  obj -376.00598  best 0.45457  step 0.9500
04:00:08     iter   9  obj -428.67682  best 0.45457  step 0.9500
04:00:12     iter  10  obj -419.60074  best 0.45457  step 0.9500
04:00:16     iter  11  obj -389.76328  best 0.45457  step 0.9500
04:00:20     iter  12  obj -398.76993  best 0.45457  step 0.9500
04:00:24     iter  13  obj -377.35101  best 0.45457  step 0.9500
04:00:27     iter  14  obj -374.84854  best 0.45457  step 0.9500
04:00:31     iter  15  obj -396.12793  best 0.45457  step 0.9500
04:00:35     iter  16  obj -392.69489  best 0.45457  step 0.9500
04:00:39     iter  17  obj -384.90982  best 0.45457  step 0.9500
04:00:43     iter  18  obj -402.67538  best 0.45457  step 0.9500
04:00:47     iter  19  obj -393.07635  best 0.45457  step 0.9500
04:00:51     iter  20  obj -412.29541  best 0.45457  step 0.9500
04:00:55     iter  21  obj -388.31107  best 0.45457  step 0.9500
04:00:58     iter  22  obj -395.09863  best 0.45457  step 0.4750  halved
04:01:02     iter  23  obj -271.90646  best 0.45457  step 0.4750
04:01:06     iter  24  obj -412.22229  best 0.45457  step 0.4750
04:01:10     iter  25  obj -301.46799  best 0.45457  step 0.4750
04:01:14     iter  26  obj -372.70587  best 0.45457  step 0.4750
04:01:18     iter  27  obj -303.36804  best 0.45457  step 0.4750
04:01:22     iter  28  obj -369.05270  best 0.45457  step 0.4750
04:01:26     iter  29  obj -267.63278  best 0.45457  step 0.4750
04:01:30     iter  30  obj -372.41846  best 0.45457  step 0.4750
04:01:33     iter  31  obj -284.89255  best 0.45457  step 0.4750
04:01:37     iter  32  obj -355.60205  best 0.45457  step 0.4750
04:01:41     iter  33  obj -273.65164  best 0.45457  step 0.4750
04:01:45     iter  34  obj -375.13492  best 0.45457  step 0.4750
04:01:49     iter  35  obj -281.40604  best 0.45457  step 0.4750
04:01:53     iter  36  obj -360.09558  best 0.45457  step 0.4750
04:01:57     iter  37  obj -278.50726  best 0.45457  step 0.4750
04:02:00     iter  38  obj -369.96255  best 0.45457  step 0.4750
04:02:04     iter  39  obj -284.57278  best 0.45457  step 0.4750
04:02:08     iter  40  obj -363.75308  best 0.45457  step 0.4750
04:02:12     iter  41  obj -276.28073  best 0.45457  step 0.2375  halved
04:02:16     iter  42  obj -360.73969  best 0.45457  step 0.2375
04:02:20     iter  43  obj -177.14030  best 0.45457  step 0.2375
04:02:24     iter  44  obj -199.40219  best 0.45457  step 0.2375
04:02:28     iter  45  obj -145.27321  best 0.45457  step 0.2375
04:02:31     iter  46  obj -221.45821  best 0.45457  step 0.2375
04:02:35     iter  47  obj -157.32501  best 0.45457  step 0.2375
04:02:39     iter  48  obj -190.29338  best 0.45457  step 0.2375
04:02:43     iter  49  obj -139.30038  best 0.45457  step 0.2375
04:02:47     iter  50  obj -199.25151  best 0.45457  step 0.2375
04:02:51     iter  51  obj -143.16382  best 0.45457  step 0.2375
04:02:55     iter  52  obj -191.09506  best 0.45457  step 0.2375
04:02:57     iter  53  obj -140.73833  best 0.45457  step 0.2375
04:02:59     iter  54  obj -200.84386  best 0.45457  step 0.2375
04:03:00     iter  55  obj -145.08414  best 0.45457  step 0.2375
04:03:03     iter  56  obj -188.44179  best 0.45457  step 0.2375
04:03:07     iter  57  obj -134.47287  best 0.45457  step 0.1187  halved
04:03:11     iter  58  obj -331.71075  best 0.45457  step 0.1187
04:03:15     iter  59  obj -124.15063  best 0.45457  step 0.1187
04:03:19     iter  60  obj -85.50612  best 0.45457  step 0.1187
04:03:23     iter  61  obj -106.31342  best 0.45457  step 0.1187
04:03:26     iter  62  obj -98.31303  best 0.45457  step 0.1187
04:03:30     iter  63  obj -92.29350  best 0.45457  step 0.1187
04:03:34     iter  64  obj -81.49364  best 0.45457  step 0.1187
04:03:38     iter  65  obj -95.39116  best 0.45457  step 0.1187
04:03:42     iter  66  obj -92.92280  best 0.45457  step 0.1187
04:03:46     iter  67  obj -84.82117  best 0.45457  step 0.1187
04:03:50     iter  68  obj -81.75156  best 0.45457  step 0.1187
04:03:53     iter  69  obj -96.55733  best 0.45457  step 0.1187
04:03:57     iter  70  obj -90.01316  best 0.45457  step 0.0594  halved
04:04:01     iter  71  obj -309.13199  best 0.45457  step 0.0594
04:04:05     iter  72  obj -34.68609  best 0.45457  step 0.0594
04:04:09     iter  73  obj -66.55718  best 0.45457  step 0.0594
04:04:13     iter  74  obj -29.99441  best 0.45457  step 0.0594
04:04:17     iter  75  obj -71.36158  best 0.45457  step 0.0594
04:04:21     iter  76  obj -38.21227  best 0.45457  step 0.0594
04:04:25     iter  77  obj -59.00669  best 0.45457  step 0.0594
04:04:28     iter  78  obj -25.51509  best 0.45457  step 0.0594
04:04:32     iter  79  obj -69.89960  best 0.45457  step 0.0594
04:04:36     iter  80  obj -35.74350  best 0.45457  step 0.0297  halved
04:04:40     iter  81  obj -271.73285  best 0.45457  step 0.0297
04:04:44     iter  82  obj -42.72053  best 0.45457  step 0.0297
04:04:48     iter  83  obj -18.45325  best 0.45457  step 0.0297
04:04:52     iter  84  obj -29.90853  best 0.45457  step 0.0297
04:04:55     iter  85  obj -18.75076  best 0.45457  step 0.0297
04:04:59     iter  86  obj -25.96391  best 0.45457  step 0.0297
04:05:03     iter  87  obj -15.21591  best 0.45457  step 0.0148  halved
04:05:07     iter  88  obj -116.38861  best 0.45457  step 0.0148
04:05:11     iter  89  obj -39.09906  best 0.45457  step 0.0148
04:05:15     iter  90  obj -17.34551  best 0.45457  step 0.0148
04:05:19     iter  91  obj -11.50014  best 0.45457  step 0.0148
04:05:23     iter  92  obj -12.38079  best 0.45457  step 0.0148
04:05:26     iter  93  obj -9.89608  best 0.45457  step 0.0074  halved
04:05:30     iter  94  obj -20.82771  best 0.45457  step 0.0074
04:05:34     iter  95  obj -13.35826  best 0.45457  step 0.0074
04:05:38     iter  96  obj -5.30926  best 0.45457  step 0.0074
04:05:42     iter  97  obj -10.79439  best 0.45457  step 0.0074
04:05:46     iter  98  obj -5.10408  best 0.45457  step 0.0074
04:05:50     iter  99  obj -8.32383  best 0.45457  step 0.0037  halved
04:05:54     iter 100  obj -2.96160  best 0.45457  step 0.0037
04:05:54      poisoned ce=0.45462 auc=0.7155 acc=0.8060 f1=0.1339  dce=-0.00000 dacc=+0.0000  k=1500  [385.4s]
04:05:54   mean over 1 trials: dce=-0.00000 dacc=+0.0000 dauc=+0.0000  -> results/niter_strict/lcld_v2_rs3_it100_nofixeq
