20:02:54 xgboost: train=/home/ssn899/Desktop/TabFM/datasets/wids/splits/selected/natural/context_5000.csv (5000 rows)  test=/home/ssn899/Desktop/TabFM/datasets/wids/splits/test_attack_1000.csv (1000 rows)  target=hospital_death  drop=()
20:02:55 rebuilt 5 per-run-best contexts from /home/ssn899/Desktop/TabFM/results/main_experiments/wids/x-capgd_random_r004: run0_sub0, run1_sub1, run2_sub2, run3_sub1, run4_sub1  (attack=x-capgd, R=4.0%, k=200)
20:02:55 clean val=/home/ssn899/Desktop/TabFM/datasets/wids/splits/val_2000.csv (2000 rows)
20:02:55 
== protocol A: validation is an internal split of the given context (poisoned when the context is)
20:02:55     clean baseline: 5 fits reused from /home/ssn899/Desktop/TabFM/results/xgb_transfer/_clean_cache/clean_21b7476260b26ae8e64af4df.json
20:02:55     poisoned (5 contexts)
20:02:55     -- run0_sub0
20:03:14       seed 0: ce=0.21431 acc=0.9190 bacc=0.6251 mcc=0.3698 (iters=176, 19s)
20:03:14     -- run1_sub1
20:03:36       seed 1: ce=0.21808 acc=0.9190 bacc=0.6351 mcc=0.3812 (iters=352, 22s)
20:03:36     -- run2_sub2
20:03:55       seed 2: ce=0.21494 acc=0.9180 bacc=0.6396 mcc=0.3813 (iters=363, 19s)
20:03:55     -- run3_sub1
20:04:23       seed 3: ce=0.22184 acc=0.9150 bacc=0.6179 mcc=0.3403 (iters=367, 28s)
20:04:23     -- run4_sub1
20:04:53       seed 4: ce=0.21583 acc=0.9180 bacc=0.6295 mcc=0.3697 (iters=433, 29s)
20:04:53 
  protocol A -- validation is an internal split of the given context (poisoned when the context is)
20:04:53     metric                          clean          poisoned             delta      rel% |          TabPFN d  TabPFN rel%  transfer%
20:04:53     -------------------------------------------------------------------------------------------------------------------------------
20:04:53     ce                    0.2155 ± 0.0025   0.2170 ± 0.0027  +0.0015 ± 0.0024      +0.7 |  +0.0189 ± 0.0021         +9.1         +8
20:04:53     accuracy              0.9192 ± 0.0033   0.9178 ± 0.0015  -0.0014 ± 0.0028      -0.2 |  -0.0008 ± 0.0012         -0.1      ~+175
20:04:53     balanced_accuracy     0.6402 ± 0.0065   0.6294 ± 0.0076  -0.0108 ± 0.0081      -1.7 |  -0.0084 ± 0.0044         -1.3       +128
20:04:53     mcc                   0.3886 ± 0.0219   0.3685 ± 0.0150  -0.0202 ± 0.0210      -5.2 |  -0.0124 ± 0.0102         -2.9       +162
20:04:53     roc_auc               0.8712 ± 0.0043   0.8699 ± 0.0036  -0.0013 ± 0.0014      -0.1 |  -0.0209 ± 0.0040         -2.4         +6
20:04:53     f1                    0.4007 ± 0.0167   0.3780 ± 0.0161  -0.0227 ± 0.0190      -5.7 |  -0.0165 ± 0.0098         -3.8       +137
20:04:53     transfer% = XGBoost delta / TabPFNv2 delta; 100 means the poison hurts both equally.
20:04:53     '~' marks a ratio whose denominator is near zero or inside its own spread -- read the absolute columns there.
20:04:53 
== protocol B: validation is the separate clean --val file
20:04:53     clean baseline: 5 fits reused from /home/ssn899/Desktop/TabFM/results/xgb_transfer/_clean_cache/clean_dfe14fbebd0fe6e8ce582d3c.json
20:04:53     poisoned (5 contexts)
20:04:53     -- run0_sub0
20:05:11       seed 0: ce=0.21573 acc=0.9150 bacc=0.6379 mcc=0.3657 (iters=128, 18s)
20:05:11     -- run1_sub1
20:05:36       seed 1: ce=0.21680 acc=0.9170 bacc=0.6340 mcc=0.3700 (iters=352, 26s)
20:05:36     -- run2_sub2
20:06:02       seed 2: ce=0.21368 acc=0.9190 bacc=0.6401 mcc=0.3868 (iters=394, 26s)
20:06:02     -- run3_sub1
20:06:21       seed 3: ce=0.21545 acc=0.9170 bacc=0.6340 mcc=0.3700 (iters=155, 19s)
20:06:21     -- run4_sub1
20:06:47       seed 4: ce=0.21561 acc=0.9140 bacc=0.6324 mcc=0.3544 (iters=648, 26s)
20:06:47 
  protocol B -- validation is the separate clean --val file
20:06:47     metric                          clean          poisoned             delta      rel% |          TabPFN d  TabPFN rel%  transfer%
20:06:47     -------------------------------------------------------------------------------------------------------------------------------
20:06:47     ce                    0.2139 ± 0.0038   0.2155 ± 0.0010  +0.0015 ± 0.0036      +0.7 |  +0.0189 ± 0.0021         +9.1         +8
20:06:47     accuracy              0.9188 ± 0.0028   0.9164 ± 0.0017  -0.0024 ± 0.0019      -0.3 |  -0.0008 ± 0.0012         -0.1      ~+300
20:06:47     balanced_accuracy     0.6410 ± 0.0048   0.6357 ± 0.0029  -0.0053 ± 0.0038      -0.8 |  -0.0084 ± 0.0044         -1.3        +63
20:06:47     mcc                   0.3873 ± 0.0188   0.3694 ± 0.0104  -0.0179 ± 0.0112      -4.6 |  -0.0124 ± 0.0102         -2.9       +145
20:06:47     roc_auc               0.8708 ± 0.0071   0.8721 ± 0.0015  +0.0012 ± 0.0064      +0.1 |  -0.0209 ± 0.0040         -2.4         -6
20:06:47     f1                    0.4013 ± 0.0135   0.3871 ± 0.0075  -0.0142 ± 0.0084      -3.5 |  -0.0165 ± 0.0098         -3.8        +86
20:06:47     transfer% = XGBoost delta / TabPFNv2 delta; 100 means the poison hurts both equally.
20:06:47     '~' marks a ratio whose denominator is near zero or inside its own spread -- read the absolute columns there.
20:06:47 
wrote /home/ssn899/Desktop/TabFM/results/xgb_transfer/wids/x-capgd_random_r004/summary.json
