12:18:40 [label-flip] /home/ssn899/Desktop/TabFM/datasets/url_unique/splits/selected/natural/context_5000.csv (5000x63) -> /home/ssn899/Desktop/TabFM/datasets/url_unique/splits/test_attack_1000.csv (1000 of 1000)  k=50 (1.0%)  attack_class=None  grid 5x1  cuda:3
12:18:46   clean  ce=0.09328 auc=0.9935 acc=0.9650 f1=0.9644  max|dp| over 3 repeats=0.00e+00  chunking_exact=True  [4.2s]
12:18:46   GA: GAConfig(population=16, generations=20, elite=2, tournament=3, crossover_prob=0.9, mutation_rate=None, seed_full=True, patience=8, batch_size=16, fitness_test_rows=None)
12:18:46   -- trial run0_sub0
12:19:00     gen   0  best 0.09999  mean 0.09477  best_so_far 0.09999  flips 50  evals 16
12:19:10     gen   1  best 0.10399  mean 0.09850  best_so_far 0.10399  flips 42  evals 30
12:19:18     gen   2  best 0.10399  mean 0.09977  best_so_far 0.10399  flips 42  evals 42
12:19:26     gen   3  best 0.10554  mean 0.10242  best_so_far 0.10554  flips 46  evals 53
12:19:34     gen   4  best 0.10637  mean 0.10385  best_so_far 0.10637  flips 48  evals 65
12:19:43     gen   5  best 0.10750  mean 0.10467  best_so_far 0.10750  flips 45  evals 77
12:19:52     gen   6  best 0.10750  mean 0.10516  best_so_far 0.10750  flips 45  evals 90
12:20:01     gen   7  best 0.10859  mean 0.10665  best_so_far 0.10859  flips 45  evals 102
12:20:09     gen   8  best 0.10942  mean 0.10718  best_so_far 0.10942  flips 48  evals 114
12:20:18     gen   9  best 0.10957  mean 0.10775  best_so_far 0.10957  flips 49  evals 126
12:20:27     gen  10  best 0.11073  mean 0.10806  best_so_far 0.11073  flips 49  evals 139
12:20:36     gen  11  best 0.11153  mean 0.10917  best_so_far 0.11153  flips 50  evals 152
12:20:45     gen  12  best 0.11270  mean 0.10972  best_so_far 0.11270  flips 49  evals 164
12:20:55     gen  13  best 0.11270  mean 0.11029  best_so_far 0.11270  flips 49  evals 178
12:21:04     gen  14  best 0.11326  mean 0.11062  best_so_far 0.11326  flips 50  evals 191
12:21:13     gen  15  best 0.11336  mean 0.11146  best_so_far 0.11336  flips 50  evals 204
12:21:22     gen  16  best 0.11422  mean 0.11179  best_so_far 0.11422  flips 50  evals 217
12:21:31     gen  17  best 0.11422  mean 0.11227  best_so_far 0.11422  flips 50  evals 229
12:21:40     gen  18  best 0.11523  mean 0.11215  best_so_far 0.11523  flips 50  evals 241
12:21:49     gen  19  best 0.11764  mean 0.11282  best_so_far 0.11764  flips 50  evals 254
12:21:58     gen  20  best 0.11814  mean 0.11445  best_so_far 0.11814  flips 50  evals 267
12:22:00      GA: 50/50 flips from pool 5000, 267 evals, 20 gens; influence-topk baseline dce=+0.00671 dacc=+0.0010
12:22:00      poisoned ce=0.11814 auc=0.9904 acc=0.9600 f1=0.9594  dce=+0.02487 dacc=-0.0050  k=50  [194.0s]
12:22:00   -- trial run1_sub0
12:22:15     gen   0  best 0.10025  mean 0.09550  best_so_far 0.10025  flips 44  evals 16
12:22:25     gen   1  best 0.10025  mean 0.09625  best_so_far 0.10025  flips 44  evals 30
12:22:35     gen   2  best 0.10124  mean 0.09846  best_so_far 0.10124  flips 46  evals 44
12:22:44     gen   3  best 0.10325  mean 0.09947  best_so_far 0.10325  flips 47  evals 57
12:22:54     gen   4  best 0.10384  mean 0.10128  best_so_far 0.10384  flips 48  evals 71
12:23:04     gen   5  best 0.10486  mean 0.10244  best_so_far 0.10486  flips 46  evals 85
12:23:13     gen   6  best 0.10778  mean 0.10349  best_so_far 0.10778  flips 48  evals 97
12:23:22     gen   7  best 0.10785  mean 0.10513  best_so_far 0.10785  flips 50  evals 110
12:23:32     gen   8  best 0.10915  mean 0.10604  best_so_far 0.10915  flips 50  evals 123
12:23:41     gen   9  best 0.10993  mean 0.10743  best_so_far 0.10993  flips 50  evals 136
12:23:51     gen  10  best 0.11107  mean 0.10827  best_so_far 0.11107  flips 50  evals 150
12:23:59     gen  11  best 0.11107  mean 0.10896  best_so_far 0.11107  flips 50  evals 162
12:24:10     gen  12  best 0.11107  mean 0.10900  best_so_far 0.11107  flips 50  evals 176
12:24:20     gen  13  best 0.11129  mean 0.10885  best_so_far 0.11129  flips 50  evals 190
12:24:30     gen  14  best 0.11129  mean 0.10918  best_so_far 0.11129  flips 50  evals 204
12:24:38     gen  15  best 0.11183  mean 0.11019  best_so_far 0.11183  flips 50  evals 216
12:24:47     gen  16  best 0.11305  mean 0.10997  best_so_far 0.11305  flips 50  evals 229
12:24:57     gen  17  best 0.11305  mean 0.11120  best_so_far 0.11305  flips 50  evals 242
12:25:05     gen  18  best 0.11398  mean 0.11132  best_so_far 0.11398  flips 50  evals 254
12:25:15     gen  19  best 0.11398  mean 0.11206  best_so_far 0.11398  flips 50  evals 267
12:25:23     gen  20  best 0.11470  mean 0.11265  best_so_far 0.11470  flips 50  evals 279
12:25:25      GA: 50/50 flips from pool 5000, 279 evals, 20 gens; influence-topk baseline dce=+0.00671 dacc=+0.0010
12:25:25      poisoned ce=0.11470 auc=0.9913 acc=0.9620 f1=0.9616  dce=+0.02142 dacc=-0.0030  k=50  [204.9s]
12:25:25   -- trial run2_sub0
12:25:40     gen   0  best 0.09999  mean 0.09466  best_so_far 0.09999  flips 50  evals 16
12:25:50     gen   1  best 0.10480  mean 0.09781  best_so_far 0.10480  flips 50  evals 30
12:26:00     gen   2  best 0.10647  mean 0.10079  best_so_far 0.10647  flips 50  evals 44
12:26:08     gen   3  best 0.10836  mean 0.10417  best_so_far 0.10836  flips 50  evals 56
12:26:18     gen   4  best 0.10873  mean 0.10497  best_so_far 0.10873  flips 50  evals 69
12:26:28     gen   5  best 0.10873  mean 0.10585  best_so_far 0.10873  flips 50  evals 83
12:26:38     gen   6  best 0.11117  mean 0.10738  best_so_far 0.11117  flips 50  evals 97
12:26:47     gen   7  best 0.11117  mean 0.10821  best_so_far 0.11117  flips 50  evals 110
12:26:57     gen   8  best 0.11149  mean 0.10825  best_so_far 0.11149  flips 50  evals 124
12:27:07     gen   9  best 0.11266  mean 0.10956  best_so_far 0.11266  flips 50  evals 138
12:27:17     gen  10  best 0.11266  mean 0.11004  best_so_far 0.11266  flips 50  evals 152
12:27:27     gen  11  best 0.11266  mean 0.11068  best_so_far 0.11266  flips 50  evals 166
12:27:36     gen  12  best 0.11266  mean 0.11098  best_so_far 0.11266  flips 50  evals 179
12:27:46     gen  13  best 0.11492  mean 0.11136  best_so_far 0.11492  flips 50  evals 193
12:27:53     gen  14  best 0.11492  mean 0.11242  best_so_far 0.11492  flips 50  evals 203
12:28:03     gen  15  best 0.11556  mean 0.11235  best_so_far 0.11556  flips 50  evals 216
12:28:12     gen  16  best 0.11556  mean 0.11234  best_so_far 0.11556  flips 50  evals 229
12:28:20     gen  17  best 0.11595  mean 0.11369  best_so_far 0.11595  flips 50  evals 240
12:28:28     gen  18  best 0.11595  mean 0.11453  best_so_far 0.11595  flips 50  evals 251
12:28:35     gen  19  best 0.11595  mean 0.11387  best_so_far 0.11595  flips 50  evals 261
12:28:42     gen  20  best 0.11595  mean 0.11455  best_so_far 0.11595  flips 50  evals 271
12:28:44      GA: 50/50 flips from pool 5000, 271 evals, 20 gens; influence-topk baseline dce=+0.00671 dacc=+0.0010
12:28:44      poisoned ce=0.11595 auc=0.9908 acc=0.9560 f1=0.9549  dce=+0.02267 dacc=-0.0090  k=50  [199.0s]
12:28:44   -- trial run3_sub0
12:28:59     gen   0  best 0.09999  mean 0.09461  best_so_far 0.09999  flips 50  evals 16
12:29:09     gen   1  best 0.10129  mean 0.09662  best_so_far 0.10129  flips 50  evals 30
12:29:18     gen   2  best 0.10147  mean 0.09808  best_so_far 0.10147  flips 50  evals 43
12:29:27     gen   3  best 0.10228  mean 0.10048  best_so_far 0.10228  flips 44  evals 56
12:29:38     gen   4  best 0.10284  mean 0.10072  best_so_far 0.10284  flips 45  evals 70
12:29:46     gen   5  best 0.10548  mean 0.10199  best_so_far 0.10548  flips 50  evals 82
12:29:56     gen   6  best 0.10632  mean 0.10212  best_so_far 0.10632  flips 50  evals 96
12:30:04     gen   7  best 0.10806  mean 0.10442  best_so_far 0.10806  flips 50  evals 107
12:30:13     gen   8  best 0.10806  mean 0.10398  best_so_far 0.10806  flips 50  evals 120
12:30:23     gen   9  best 0.10946  mean 0.10454  best_so_far 0.10946  flips 50  evals 134
12:30:33     gen  10  best 0.10946  mean 0.10563  best_so_far 0.10946  flips 50  evals 148
12:30:42     gen  11  best 0.10946  mean 0.10663  best_so_far 0.10946  flips 50  evals 160
12:30:51     gen  12  best 0.10946  mean 0.10720  best_so_far 0.10946  flips 50  evals 172
12:30:58     gen  13  best 0.10949  mean 0.10772  best_so_far 0.10949  flips 48  evals 182
12:31:06     gen  14  best 0.10949  mean 0.10737  best_so_far 0.10949  flips 48  evals 194
12:31:14     gen  15  best 0.11034  mean 0.10760  best_so_far 0.11034  flips 49  evals 204
12:31:24     gen  16  best 0.11132  mean 0.10777  best_so_far 0.11132  flips 50  evals 218
12:31:32     gen  17  best 0.11132  mean 0.10933  best_so_far 0.11132  flips 50  evals 229
12:31:39     gen  18  best 0.11137  mean 0.10960  best_so_far 0.11137  flips 50  evals 240
12:31:49     gen  19  best 0.11151  mean 0.10903  best_so_far 0.11151  flips 50  evals 253
12:31:59     gen  20  best 0.11218  mean 0.10952  best_so_far 0.11218  flips 50  evals 267
12:32:00      GA: 50/50 flips from pool 5000, 267 evals, 20 gens; influence-topk baseline dce=+0.00671 dacc=+0.0010
12:32:00      poisoned ce=0.11218 auc=0.9919 acc=0.9570 f1=0.9564  dce=+0.01891 dacc=-0.0080  k=50  [196.6s]
12:32:00   -- trial run4_sub0
12:32:15     gen   0  best 0.09999  mean 0.09586  best_so_far 0.09999  flips 50  evals 16
12:32:25     gen   1  best 0.10072  mean 0.09676  best_so_far 0.10072  flips 38  evals 29
12:32:34     gen   2  best 0.10585  mean 0.10031  best_so_far 0.10585  flips 45  evals 42
12:32:42     gen   3  best 0.10585  mean 0.10258  best_so_far 0.10585  flips 45  evals 53
12:32:52     gen   4  best 0.10764  mean 0.10333  best_so_far 0.10764  flips 40  evals 67
12:33:00     gen   5  best 0.10764  mean 0.10437  best_so_far 0.10764  flips 40  evals 79
12:33:09     gen   6  best 0.10769  mean 0.10543  best_so_far 0.10769  flips 41  evals 91
12:33:19     gen   7  best 0.10877  mean 0.10694  best_so_far 0.10877  flips 42  evals 105
12:33:29     gen   8  best 0.10979  mean 0.10777  best_so_far 0.10979  flips 39  evals 119
12:33:37     gen   9  best 0.11007  mean 0.10821  best_so_far 0.11007  flips 43  evals 130
12:33:47     gen  10  best 0.11231  mean 0.10963  best_so_far 0.11231  flips 45  evals 144
12:33:56     gen  11  best 0.11231  mean 0.11001  best_so_far 0.11231  flips 45  evals 157
12:34:05     gen  12  best 0.11465  mean 0.11125  best_so_far 0.11465  flips 46  evals 170
12:34:15     gen  13  best 0.11465  mean 0.11115  best_so_far 0.11465  flips 46  evals 184
12:34:24     gen  14  best 0.11494  mean 0.11231  best_so_far 0.11494  flips 49  evals 196
12:34:33     gen  15  best 0.11616  mean 0.11236  best_so_far 0.11616  flips 47  evals 209
12:34:43     gen  16  best 0.11625  mean 0.11327  best_so_far 0.11625  flips 50  evals 223
12:34:53     gen  17  best 0.11655  mean 0.11550  best_so_far 0.11655  flips 49  evals 237
12:35:02     gen  18  best 0.11810  mean 0.11596  best_so_far 0.11810  flips 49  evals 249
12:35:12     gen  19  best 0.11848  mean 0.11575  best_so_far 0.11848  flips 50  evals 263
12:35:21     gen  20  best 0.12006  mean 0.11657  best_so_far 0.12006  flips 50  evals 276
12:35:23      GA: 50/50 flips from pool 5000, 276 evals, 20 gens; influence-topk baseline dce=+0.00671 dacc=+0.0010
12:35:23      poisoned ce=0.12006 auc=0.9903 acc=0.9580 f1=0.9572  dce=+0.02678 dacc=-0.0070  k=50  [202.5s]
12:35:23   best trial run4_sub0: dce=+0.02678 dacc=-0.0070  -> context_poisoned.csv
12:35:23   per-run winners: run0<-sub0 (dce=+0.02487), run1<-sub0 (dce=+0.02142), run2<-sub0 (dce=+0.02267), run3<-sub0 (dce=+0.01891), run4<-sub0 (dce=+0.02678)
12:35:23   best-subsample-per-run, mean over 5 runs: dce=+0.02293 dacc=-0.0064 dauc=-0.0026  -> /home/ssn899/Desktop/TabFM/results/main_experiments/url_unique/label-flip_random_r001
