02:23:30 [x-capgd] datasets/lcld_v2/splits/selected/natural/context_5000.csv (5000x28) -> datasets/lcld_v2/splits/test_attack_1000.csv (1000 of 1000)  k=1500 (30.0%)  attack_class=None  grid 1x1  cuda:3
02:23:33   clean  ce=0.45462 auc=0.7155 acc=0.8060 f1=0.1339  max|dp| over 3 repeats=0.00e+00  chunking_exact=True  [1.8s]
02:23:33   constraints=full (9 relations, dataset 'lcld_v2')  scaler=metadata  mutable 14/28  int 10  cat 5
02:23:33   -- trial run0_sub0
02:23:34     iter   0  obj 0.45189  best 0.45189  step 0.9500
02:23:35     iter   1  obj 0.33698  best 0.45189  step 0.9500
02:23:36     iter   2  obj 0.37243  best 0.45189  step 0.9500
02:23:37     iter   3  obj 0.00882  best 0.45189  step 0.9500
02:23:38     iter   4  obj -0.14928  best 0.45189  step 0.9500
02:23:39     iter   5  obj -0.12217  best 0.45189  step 0.9500
02:23:40     iter   6  obj -0.43062  best 0.45189  step 0.9500
02:23:41     iter   7  obj 0.00545  best 0.45189  step 0.9500
02:23:42     iter   8  obj -0.41329  best 0.45189  step 0.9500
02:23:43     iter   9  obj -0.83164  best 0.45189  step 0.9500
02:23:44     iter  10  obj 0.03412  best 0.45189  step 0.9500
02:23:46     iter  11  obj 0.14756  best 0.45189  step 0.4750  halved
02:23:47     iter  12  obj 0.15187  best 0.45189  step 0.4750
02:23:48     iter  13  obj 0.39206  best 0.45189  step 0.4750
02:23:49     iter  14  obj 0.28288  best 0.45189  step 0.4750
02:23:50     iter  15  obj 0.05454  best 0.45189  step 0.4750
02:23:51     iter  16  obj -0.05836  best 0.45189  step 0.4750
02:23:52     iter  17  obj -1.28233  best 0.45189  step 0.4750
02:23:53     iter  18  obj 0.11833  best 0.45189  step 0.4750
02:23:54     iter  19  obj -0.24205  best 0.45189  step 0.4750
02:23:55     iter  20  obj -0.16743  best 0.45189  step 0.4750
02:23:56     iter  21  obj -0.07153  best 0.45189  step 0.2375  halved
02:23:57     iter  22  obj 0.28384  best 0.45189  step 0.2375
02:23:58     iter  23  obj 0.42038  best 0.45189  step 0.2375
02:23:59     iter  24  obj 0.42825  best 0.45189  step 0.2375
02:24:00     iter  25  obj 0.42272  best 0.45189  step 0.2375
02:24:01     iter  26  obj 0.31420  best 0.45189  step 0.2375
02:24:02     iter  27  obj 0.19565  best 0.45189  step 0.2375
02:24:03     iter  28  obj -0.04723  best 0.45189  step 0.2375
02:24:04     iter  29  obj 0.15841  best 0.45189  step 0.2375
02:24:05     iter  30  obj 0.16154  best 0.45189  step 0.1187  halved
02:24:06     iter  31  obj 0.36152  best 0.45189  step 0.1187
02:24:08     iter  32  obj 0.45417  best 0.45417  step 0.1187  *
02:24:09     iter  33  obj 0.45235  best 0.45417  step 0.1187
02:24:10     iter  34  obj 0.45121  best 0.45417  step 0.1187
02:24:11     iter  35  obj 0.44250  best 0.45417  step 0.1187
02:24:12     iter  36  obj 0.45446  best 0.45446  step 0.1187  *
02:24:13     iter  37  obj 0.42691  best 0.45446  step 0.1187
02:24:14     iter  38  obj 0.44646  best 0.45446  step 0.0594  halved
02:24:15     iter  39  obj 0.48248  best 0.48248  step 0.0594  *
02:24:16     iter  40  obj 0.48060  best 0.48248  step 0.0594
02:24:17     iter  41  obj 0.47971  best 0.48248  step 0.0594
02:24:18     iter  42  obj 0.45525  best 0.48248  step 0.0594
02:24:19     iter  43  obj 0.48721  best 0.48721  step 0.0594  *
02:24:20     iter  44  obj 0.47189  best 0.48721  step 0.0594
02:24:21     iter  45  obj 0.47428  best 0.48721  step 0.0297  halved
02:24:22     iter  46  obj 0.48005  best 0.48721  step 0.0297
02:24:23     iter  47  obj 0.49119  best 0.49119  step 0.0297  *
02:24:24     iter  48  obj 0.49843  best 0.49843  step 0.0297  *
02:24:25     iter  49  obj 0.51070  best 0.51070  step 0.0297  *
02:24:26     iter  50  obj 0.51348  best 0.51348  step 0.0297  *
02:24:27      poisoned ce=0.51014 auc=0.6436 acc=0.7930 f1=0.0717  dce=+0.05552 dacc=-0.0130  k=1500  [54.0s]
02:24:27   mean over 1 trials: dce=+0.05552 dacc=-0.0130 dauc=-0.0719  -> results/ablation_niter/lcld_v2_nat5000_full_it50_rowseed2
