14:28:31 [x-capgd] datasets/url_unique/splits/selected/natural/context_5000.csv (5000x63) -> datasets/url_unique/splits/test_attack_1000.csv (1000 of 1000)  k=1500 (30.0%)  attack_class=None  grid 1x1  cuda:1
14:28:35   clean  ce=0.09328 auc=0.9935 acc=0.9650 f1=0.9644  max|dp| over 3 repeats=0.00e+00  chunking_exact=True  [3.2s]
14:28:35   constraints=full (14 relations, dataset 'url_unique')  scaler=metadata  mutable 63/63  int 58  cat 0
14:28:35   -- trial run0_sub0
14:28:38     iter   0  obj 0.09328  best 0.09328  step 0.9500
14:28:40     iter   1  obj -4.27467  best 0.09328  step 0.9500
14:28:42     iter   2  obj -0.22020  best 0.09328  step 0.9500
14:28:44     iter   3  obj -0.12103  best 0.09328  step 0.9500
14:28:46     iter   4  obj -0.26034  best 0.09328  step 0.9500
14:28:49     iter   5  obj -0.40177  best 0.09328  step 0.9500
14:28:51     iter   6  obj -0.41689  best 0.09328  step 0.9500
14:28:53     iter   7  obj -0.81871  best 0.09328  step 0.9500
14:28:55     iter   8  obj -0.59047  best 0.09328  step 0.9500
14:28:57     iter   9  obj -0.60644  best 0.09328  step 0.9500
14:29:00     iter  10  obj -0.28621  best 0.09328  step 0.9500
14:29:02     iter  11  obj -0.35069  best 0.09328  step 0.9500
14:29:04     iter  12  obj -0.55463  best 0.09328  step 0.9500
14:29:06     iter  13  obj -0.65127  best 0.09328  step 0.9500
14:29:08     iter  14  obj -0.88084  best 0.09328  step 0.9500
14:29:11     iter  15  obj -0.42660  best 0.09328  step 0.9500
14:29:13     iter  16  obj -0.46819  best 0.09328  step 0.9500
14:29:15     iter  17  obj -0.21714  best 0.09328  step 0.9500
14:29:17     iter  18  obj -0.43214  best 0.09328  step 0.9500
14:29:19     iter  19  obj -0.53286  best 0.09328  step 0.9500
14:29:21     iter  20  obj -0.74761  best 0.09328  step 0.9500
14:29:24     iter  21  obj -0.84350  best 0.09328  step 0.9500
14:29:26     iter  22  obj -0.44867  best 0.09328  step 0.9500
14:29:28     iter  23  obj -0.39121  best 0.09328  step 0.9500
14:29:30     iter  24  obj -0.52256  best 0.09328  step 0.9500
14:29:32     iter  25  obj -0.70623  best 0.09328  step 0.9500
14:29:35     iter  26  obj -0.42330  best 0.09328  step 0.9500
14:29:37     iter  27  obj -0.41785  best 0.09328  step 0.9500
14:29:39     iter  28  obj -0.24711  best 0.09328  step 0.9500
14:29:41     iter  29  obj -0.50993  best 0.09328  step 0.9500
14:29:43     iter  30  obj -0.49710  best 0.09328  step 0.9500
14:29:46     iter  31  obj -0.79479  best 0.09328  step 0.9500
14:29:48     iter  32  obj -0.77277  best 0.09328  step 0.9500
14:29:50     iter  33  obj -0.46857  best 0.09328  step 0.9500
14:29:52     iter  34  obj -0.43496  best 0.09328  step 0.9500
14:29:54     iter  35  obj -0.38343  best 0.09328  step 0.9500
14:29:57     iter  36  obj -0.40067  best 0.09328  step 0.9500
14:29:59     iter  37  obj -0.37856  best 0.09328  step 0.9500
14:30:01     iter  38  obj -0.51664  best 0.09328  step 0.9500
14:30:03     iter  39  obj -0.83276  best 0.09328  step 0.9500
14:30:05     iter  40  obj -0.79866  best 0.09328  step 0.9500
14:30:08     iter  41  obj -0.42300  best 0.09328  step 0.9500
14:30:10     iter  42  obj -0.24598  best 0.09328  step 0.9500
14:30:12     iter  43  obj -0.27744  best 0.09328  step 0.9500
14:30:14     iter  44  obj -0.39198  best 0.09328  step 0.4750  halved
14:30:16     iter  45  obj -3.91616  best 0.09328  step 0.4750
14:30:18     iter  46  obj -0.52564  best 0.09328  step 0.4750
14:30:21     iter  47  obj -0.31192  best 0.09328  step 0.4750
14:30:23     iter  48  obj -0.05001  best 0.09328  step 0.4750
14:30:25     iter  49  obj -0.23621  best 0.09328  step 0.4750
14:30:27     iter  50  obj -0.25230  best 0.09328  step 0.4750
14:30:30     iter  51  obj -0.15968  best 0.09328  step 0.4750
14:30:32     iter  52  obj -0.44452  best 0.09328  step 0.4750
14:30:34     iter  53  obj -0.21233  best 0.09328  step 0.4750
14:30:36     iter  54  obj -0.16780  best 0.09328  step 0.4750
14:30:39     iter  55  obj -0.05510  best 0.09328  step 0.4750
14:30:41     iter  56  obj -0.01290  best 0.09328  step 0.4750
14:30:43     iter  57  obj -0.14722  best 0.09328  step 0.4750
14:30:46     iter  58  obj -0.10020  best 0.09328  step 0.4750
14:30:48     iter  59  obj -0.19623  best 0.09328  step 0.4750
14:30:50     iter  60  obj -0.12200  best 0.09328  step 0.4750
14:30:52     iter  61  obj -0.29868  best 0.09328  step 0.4750
14:30:55     iter  62  obj -0.35678  best 0.09328  step 0.4750
14:30:57     iter  63  obj -0.12815  best 0.09328  step 0.4750
14:30:59     iter  64  obj -0.16055  best 0.09328  step 0.4750
14:31:02     iter  65  obj -0.23158  best 0.09328  step 0.4750
14:31:04     iter  66  obj -0.21454  best 0.09328  step 0.4750
14:31:06     iter  67  obj -0.23656  best 0.09328  step 0.4750
14:31:09     iter  68  obj -0.12608  best 0.09328  step 0.4750
14:31:11     iter  69  obj -0.20911  best 0.09328  step 0.4750
14:31:13     iter  70  obj -0.22313  best 0.09328  step 0.4750
14:31:15     iter  71  obj -0.25336  best 0.09328  step 0.4750
14:31:18     iter  72  obj -0.17449  best 0.09328  step 0.4750
14:31:20     iter  73  obj -0.28495  best 0.09328  step 0.4750
14:31:22     iter  74  obj -0.12013  best 0.09328  step 0.4750
14:31:25     iter  75  obj -0.32644  best 0.09328  step 0.4750
14:31:27     iter  76  obj -0.40034  best 0.09328  step 0.4750
14:31:29     iter  77  obj -0.35569  best 0.09328  step 0.4750
14:31:31     iter  78  obj -0.30670  best 0.09328  step 0.4750
14:31:34     iter  79  obj -0.15029  best 0.09328  step 0.4750
14:31:36     iter  80  obj -0.17321  best 0.09328  step 0.4750
14:31:39     iter  81  obj -0.21916  best 0.09328  step 0.4750
14:31:42     iter  82  obj -0.38952  best 0.09328  step 0.2375  halved
14:31:45     iter  83  obj -2.99640  best 0.09328  step 0.2375
14:31:47     iter  84  obj -0.15461  best 0.09328  step 0.2375
14:31:49     iter  85  obj -0.13105  best 0.09328  step 0.2375
14:31:51     iter  86  obj -0.13715  best 0.09328  step 0.2375
14:31:54     iter  87  obj -0.12768  best 0.09328  step 0.2375
14:31:56     iter  88  obj 0.00960  best 0.09328  step 0.2375
14:31:58     iter  89  obj -0.14129  best 0.09328  step 0.2375
14:32:01     iter  90  obj -0.15391  best 0.09328  step 0.2375
14:32:03     iter  91  obj -0.00823  best 0.09328  step 0.2375
14:32:05     iter  92  obj -0.09623  best 0.09328  step 0.2375
14:32:07     iter  93  obj -0.04125  best 0.09328  step 0.2375
14:32:10     iter  94  obj -0.14352  best 0.09328  step 0.2375
14:32:12     iter  95  obj 0.04815  best 0.09328  step 0.2375
14:32:14     iter  96  obj 0.08003  best 0.09328  step 0.2375
14:32:16     iter  97  obj -0.00502  best 0.09328  step 0.2375
14:32:19     iter  98  obj 0.04754  best 0.09328  step 0.2375
14:32:21     iter  99  obj 0.10201  best 0.10201  step 0.2375  *
14:32:23     iter 100  obj 0.07703  best 0.10201  step 0.2375
14:32:25     iter 101  obj 0.10801  best 0.10801  step 0.2375  *
14:32:28     iter 102  obj 0.10723  best 0.10801  step 0.2375
14:32:30     iter 103  obj 0.07020  best 0.10801  step 0.2375
14:32:32     iter 104  obj 0.00977  best 0.10801  step 0.2375
14:32:34     iter 105  obj 0.00285  best 0.10801  step 0.2375
14:32:37     iter 106  obj -0.02672  best 0.10801  step 0.2375
14:32:39     iter 107  obj -0.03400  best 0.10801  step 0.2375
14:32:41     iter 108  obj -0.17330  best 0.10801  step 0.2375
14:32:44     iter 109  obj 0.05465  best 0.10801  step 0.2375
14:32:46     iter 110  obj -0.08511  best 0.10801  step 0.2375
14:32:48     iter 111  obj 0.01521  best 0.10801  step 0.2375
14:32:51     iter 112  obj -0.04114  best 0.10801  step 0.2375
14:32:54     iter 113  obj 0.05375  best 0.10801  step 0.2375
14:32:57     iter 114  obj 0.07599  best 0.10801  step 0.1188  halved
14:32:59     iter 115  obj -0.30281  best 0.10801  step 0.1188
14:33:01     iter 116  obj 0.01675  best 0.10801  step 0.1188
14:33:04     iter 117  obj 0.07311  best 0.10801  step 0.1188
14:33:06     iter 118  obj 0.09782  best 0.10801  step 0.1188
14:33:08     iter 119  obj 0.11363  best 0.11363  step 0.1188  *
14:33:10     iter 120  obj 0.15843  best 0.15843  step 0.1188  *
14:33:13     iter 121  obj 0.18757  best 0.18757  step 0.1188  *
14:33:15     iter 122  obj 0.12810  best 0.18757  step 0.1188
14:33:17     iter 123  obj 0.09079  best 0.18757  step 0.1188
14:33:20     iter 124  obj 0.14092  best 0.18757  step 0.1188
14:33:24     iter 125  obj 0.16312  best 0.18757  step 0.1188
14:33:26     iter 126  obj 0.10532  best 0.18757  step 0.1188
14:33:28     iter 127  obj 0.18440  best 0.18757  step 0.1188
14:33:30     iter 128  obj 0.16143  best 0.18757  step 0.1188
14:33:33     iter 129  obj 0.20328  best 0.20328  step 0.1188  *
14:33:35     iter 130  obj 0.18398  best 0.20328  step 0.1188
14:33:37     iter 131  obj 0.21151  best 0.21151  step 0.1188  *
14:33:39     iter 132  obj 0.14854  best 0.21151  step 0.1188
14:33:42     iter 133  obj 0.15226  best 0.21151  step 0.1188
14:33:44     iter 134  obj 0.10681  best 0.21151  step 0.1188
14:33:46     iter 135  obj 0.08720  best 0.21151  step 0.1188
14:33:48     iter 136  obj 0.17683  best 0.21151  step 0.1188
14:33:51     iter 137  obj 0.25319  best 0.25319  step 0.1188  *
14:33:53     iter 138  obj 0.19960  best 0.25319  step 0.1188
14:33:55     iter 139  obj 0.29734  best 0.29734  step 0.1188  *
14:33:57     iter 140  obj 0.23473  best 0.29734  step 0.0594  halved
14:34:00     iter 141  obj 0.39843  best 0.39843  step 0.0594  *
14:34:02     iter 142  obj 0.29437  best 0.39843  step 0.0594
14:34:04     iter 143  obj 0.34040  best 0.39843  step 0.0594
14:34:07     iter 144  obj 0.36622  best 0.39843  step 0.0594
14:34:09     iter 145  obj 0.42941  best 0.42941  step 0.0594  *
14:34:11     iter 146  obj 0.50000  best 0.50000  step 0.0594  *
14:34:14     iter 147  obj 0.42481  best 0.50000  step 0.0594
14:34:16     iter 148  obj 0.24935  best 0.50000  step 0.0594
14:34:19     iter 149  obj 0.43451  best 0.50000  step 0.0594
14:34:22     iter 150  obj 0.48686  best 0.50000  step 0.0594
14:34:24     iter 151  obj 0.48084  best 0.50000  step 0.0594
14:34:27     iter 152  obj 0.53337  best 0.53337  step 0.0594  *
14:34:29     iter 153  obj 0.45436  best 0.53337  step 0.0594
14:34:31     iter 154  obj 0.51899  best 0.53337  step 0.0594
14:34:33     iter 155  obj 0.47130  best 0.53337  step 0.0594
14:34:36     iter 156  obj 0.48238  best 0.53337  step 0.0594
14:34:38     iter 157  obj 0.70994  best 0.70994  step 0.0594  *
14:34:40     iter 158  obj 0.70341  best 0.70994  step 0.0594
14:34:43     iter 159  obj 0.47597  best 0.70994  step 0.0594
14:34:45     iter 160  obj 0.60667  best 0.70994  step 0.0297  halved
14:34:47     iter 161  obj 0.72436  best 0.72436  step 0.0297  *
14:34:49     iter 162  obj 0.68712  best 0.72436  step 0.0297
14:34:52     iter 163  obj 0.91503  best 0.91503  step 0.0297  *
14:34:54     iter 164  obj 1.04430  best 1.04430  step 0.0297  *
14:34:56     iter 165  obj 1.15061  best 1.15061  step 0.0297  *
14:34:59     iter 166  obj 1.22651  best 1.22651  step 0.0297  *
14:35:01     iter 167  obj 1.13242  best 1.22651  step 0.0297
14:35:03     iter 168  obj 1.34423  best 1.34423  step 0.0297  *
14:35:05     iter 169  obj 1.24447  best 1.34423  step 0.0297
14:35:08     iter 170  obj 1.32553  best 1.34423  step 0.0297
14:35:10     iter 171  obj 1.82541  best 1.82541  step 0.0297  *
14:35:12     iter 172  obj 1.49856  best 1.82541  step 0.0297
14:35:14     iter 173  obj 2.01772  best 2.01772  step 0.0297  *
14:35:17     iter 174  obj 1.45497  best 2.01772  step 0.0148  halved
14:35:19     iter 175  obj 2.22467  best 2.22467  step 0.0148  *
14:35:21     iter 176  obj 2.59448  best 2.59448  step 0.0148  *
14:35:24     iter 177  obj 2.98328  best 2.98328  step 0.0148  *
14:35:26     iter 178  obj 3.26048  best 3.26048  step 0.0148  *
14:35:28     iter 179  obj 3.09112  best 3.26048  step 0.0148
14:35:30     iter 180  obj 3.00847  best 3.26048  step 0.0148
14:35:33     iter 181  obj 3.54603  best 3.54603  step 0.0148  *
14:35:35     iter 182  obj 3.30651  best 3.54603  step 0.0148
14:35:37     iter 183  obj 3.79907  best 3.79907  step 0.0148  *
14:35:40     iter 184  obj 3.79759  best 3.79907  step 0.0148
14:35:42     iter 185  obj 3.74684  best 3.79907  step 0.0148
14:35:44     iter 186  obj 3.84484  best 3.84484  step 0.0074  *  halved
14:35:46     iter 187  obj 4.57369  best 4.57369  step 0.0074  *
14:35:49     iter 188  obj 4.99982  best 4.99982  step 0.0074  *
14:35:51     iter 189  obj 5.37285  best 5.37285  step 0.0074  *
14:35:53     iter 190  obj 5.53499  best 5.53499  step 0.0074  *
14:35:56     iter 191  obj 5.83028  best 5.83028  step 0.0074  *
14:35:58     iter 192  obj 6.20598  best 6.20598  step 0.0074  *
14:36:00     iter 193  obj 6.60946  best 6.60946  step 0.0074  *
14:36:02     iter 194  obj 6.87985  best 6.87985  step 0.0074  *
14:36:05     iter 195  obj 7.52466  best 7.52466  step 0.0074  *
14:36:07     iter 196  obj 7.71611  best 7.71611  step 0.0074  *
14:36:09     iter 197  obj 7.15100  best 7.71611  step 0.0074
14:36:12     iter 198  obj 6.12431  best 7.71611  step 0.0074
14:36:14     iter 199  obj 8.08793  best 8.08793  step 0.0074  *
14:36:16     iter 200  obj 7.73025  best 8.08793  step 0.0074
14:36:18      poisoned ce=0.18163 auc=0.9823 acc=0.9460 f1=0.9452  dce=+0.08835 dacc=-0.0190  k=1500  [462.3s]
14:36:18   mean over 1 trials: dce=+0.08835 dacc=-0.0190 dauc=-0.0112  -> results/niter_sweep_final/url_unique_rs2_it200
