04:48:30 [x-capgd] datasets/wids/splits/selected/natural/context_5000.csv (5000x108) -> datasets/wids/splits/test_attack_1000.csv (1000 of 1000)  k=1500 (30.0%)  attack_class=None  grid 1x1  cuda:3
04:48:36   clean  ce=0.20899 auc=0.8795 acc=0.9250 f1=0.4361  max|dp| over 3 repeats=0.00e+00  chunking_exact=True  [5.1s]
04:48:36   constraints=full (31 relations, dataset 'wids')  scaler=metadata  mutable 108/108  int 60  cat 9
04:48:36   -- trial run0_sub0
04:48:41     iter   0  obj 0.10032  best 0.10032  step 0.9500
04:48:46     iter   1  obj -6.99070  best 0.10032  step 0.9500
04:48:51     iter   2  obj -0.02828  best 0.10032  step 0.9500
04:48:56     iter   3  obj -0.26046  best 0.10032  step 0.9500
04:49:01     iter   4  obj -0.52828  best 0.10032  step 0.9500
04:49:05     iter   5  obj -0.28624  best 0.10032  step 0.9500
04:49:10     iter   6  obj -0.51144  best 0.10032  step 0.9500
04:49:15     iter   7  obj -3.01782  best 0.10032  step 0.9500
04:49:20     iter   8  obj -0.13042  best 0.10032  step 0.9500
04:49:25     iter   9  obj -1.39844  best 0.10032  step 0.9500
04:49:30     iter  10  obj -0.68797  best 0.10032  step 0.9500
04:49:35     iter  11  obj -0.40693  best 0.10032  step 0.9500
04:49:39     iter  12  obj -0.59667  best 0.10032  step 0.9500
04:49:44     iter  13  obj -1.85333  best 0.10032  step 0.9500
04:49:49     iter  14  obj -0.39120  best 0.10032  step 0.9500
04:49:54     iter  15  obj -0.95967  best 0.10032  step 0.9500
04:49:59     iter  16  obj -0.34792  best 0.10032  step 0.9500
04:50:04     iter  17  obj -0.50004  best 0.10032  step 0.9500
04:50:09     iter  18  obj -0.42698  best 0.10032  step 0.9500
04:50:13     iter  19  obj -1.66172  best 0.10032  step 0.9500
04:50:18     iter  20  obj -0.66718  best 0.10032  step 0.9500
04:50:23     iter  21  obj -1.02566  best 0.10032  step 0.9500
04:50:28     iter  22  obj -0.77169  best 0.10032  step 0.4750  halved
04:50:33     iter  23  obj -43.45029  best 0.10032  step 0.4750
04:50:38     iter  24  obj -1.55814  best 0.10032  step 0.4750
04:50:43     iter  25  obj 0.06580  best 0.10032  step 0.4750
04:50:48     iter  26  obj 0.11261  best 0.11261  step 0.4750  *
04:50:52     iter  27  obj -0.00824  best 0.11261  step 0.4750
04:50:57     iter  28  obj -0.19314  best 0.11261  step 0.4750
04:51:02     iter  29  obj -0.30932  best 0.11261  step 0.4750
04:51:07     iter  30  obj -0.07838  best 0.11261  step 0.4750
04:51:12     iter  31  obj -0.33836  best 0.11261  step 0.4750
04:51:17     iter  32  obj -0.21556  best 0.11261  step 0.4750
04:51:22     iter  33  obj -0.40951  best 0.11261  step 0.4750
04:51:27     iter  34  obj -0.22353  best 0.11261  step 0.4750
04:51:31     iter  35  obj -1.23455  best 0.11261  step 0.4750
04:51:36     iter  36  obj -0.39381  best 0.11261  step 0.4750
04:51:41     iter  37  obj -0.70328  best 0.11261  step 0.4750
04:51:46     iter  38  obj -0.14509  best 0.11261  step 0.4750
04:51:51     iter  39  obj -0.83239  best 0.11261  step 0.4750
04:51:56     iter  40  obj -0.22148  best 0.11261  step 0.4750
04:52:01     iter  41  obj -0.10390  best 0.11261  step 0.2375  halved
04:52:06     iter  42  obj -2.76336  best 0.11261  step 0.2375
04:52:10     iter  43  obj -0.00926  best 0.11261  step 0.2375
04:52:15     iter  44  obj 0.04443  best 0.11261  step 0.2375
04:52:20     iter  45  obj 0.10116  best 0.11261  step 0.2375
04:52:25     iter  46  obj -0.04913  best 0.11261  step 0.2375
04:52:30     iter  47  obj 0.11412  best 0.11412  step 0.2375  *
04:52:35     iter  48  obj 0.15107  best 0.15107  step 0.2375  *
04:52:40     iter  49  obj 0.12355  best 0.15107  step 0.2375
04:52:44     iter  50  obj -0.21725  best 0.15107  step 0.2375
04:52:49     iter  51  obj 0.02411  best 0.15107  step 0.2375
04:52:54     iter  52  obj 0.01870  best 0.15107  step 0.2375
04:52:59     iter  53  obj 0.09855  best 0.15107  step 0.2375
04:53:04     iter  54  obj 0.12330  best 0.15107  step 0.2375
04:53:09     iter  55  obj 0.16737  best 0.16737  step 0.2375  *
04:53:14     iter  56  obj 0.16926  best 0.16926  step 0.2375  *
04:53:19     iter  57  obj 0.08601  best 0.16926  step 0.1188  halved
04:53:24     iter  58  obj 0.26671  best 0.26671  step 0.1188  *
04:53:28     iter  59  obj 0.28303  best 0.28303  step 0.1188  *
04:53:33     iter  60  obj 0.26057  best 0.28303  step 0.1188
04:53:38     iter  61  obj 0.23658  best 0.28303  step 0.1188
04:53:43     iter  62  obj 0.28544  best 0.28544  step 0.1188  *
04:53:48     iter  63  obj 0.32509  best 0.32509  step 0.1188  *
04:53:53     iter  64  obj 0.29489  best 0.32509  step 0.1188
04:53:58     iter  65  obj 0.28956  best 0.32509  step 0.1188
04:54:03     iter  66  obj 0.34340  best 0.34340  step 0.1188  *
04:54:07     iter  67  obj 0.32840  best 0.34340  step 0.1188
04:54:12     iter  68  obj 0.35522  best 0.35522  step 0.1188  *
04:54:17     iter  69  obj 0.35951  best 0.35951  step 0.1188  *
04:54:22     iter  70  obj 0.34333  best 0.35951  step 0.0594  halved
04:54:27     iter  71  obj 0.47160  best 0.47160  step 0.0594  *
04:54:32     iter  72  obj 0.43385  best 0.47160  step 0.0594
04:54:37     iter  73  obj 0.57506  best 0.57506  step 0.0594  *
04:54:42     iter  74  obj 0.54039  best 0.57506  step 0.0594
04:54:46     iter  75  obj 0.46310  best 0.57506  step 0.0594
04:54:51     iter  76  obj 0.47011  best 0.57506  step 0.0594
04:54:56     iter  77  obj 0.64414  best 0.64414  step 0.0594  *
04:55:01     iter  78  obj 0.61225  best 0.64414  step 0.0594
04:55:06     iter  79  obj 0.55598  best 0.64414  step 0.0594
04:55:11     iter  80  obj 0.66816  best 0.66816  step 0.0297  *  halved
04:55:16     iter  81  obj 0.71601  best 0.71601  step 0.0297  *
04:55:21     iter  82  obj 0.86140  best 0.86140  step 0.0297  *
04:55:26     iter  83  obj 0.94649  best 0.94649  step 0.0297  *
04:55:30     iter  84  obj 0.96768  best 0.96768  step 0.0297  *
04:55:35     iter  85  obj 1.01757  best 1.01757  step 0.0297  *
04:55:40     iter  86  obj 0.96747  best 1.01757  step 0.0297
04:55:45     iter  87  obj 0.99941  best 1.01757  step 0.0297
04:55:50     iter  88  obj 1.04631  best 1.04631  step 0.0297  *
04:55:55     iter  89  obj 1.06922  best 1.06922  step 0.0297  *
04:56:00     iter  90  obj 1.12870  best 1.12870  step 0.0297  *
04:56:05     iter  91  obj 1.15393  best 1.15393  step 0.0297  *
04:56:10     iter  92  obj 1.24319  best 1.24319  step 0.0297  *
04:56:14     iter  93  obj 1.27984  best 1.27984  step 0.0297  *
04:56:19     iter  94  obj 1.34541  best 1.34541  step 0.0297  *
04:56:24     iter  95  obj 1.42010  best 1.42010  step 0.0297  *
04:56:29     iter  96  obj 1.33189  best 1.42010  step 0.0297
04:56:34     iter  97  obj 1.43465  best 1.43465  step 0.0297  *
04:56:39     iter  98  obj 1.56027  best 1.56027  step 0.0297  *
04:56:44     iter  99  obj 1.61136  best 1.61136  step 0.0297  *
04:56:49     iter 100  obj 0.98065  best 1.61136  step 0.0297
04:56:50      poisoned ce=0.51493 auc=0.6618 acc=0.8760 f1=0.2051  dce=+0.30594 dacc=-0.0490  k=1500  [493.5s]
04:56:50   mean over 1 trials: dce=+0.30594 dacc=-0.0490 dauc=-0.2177  -> results/niter_be/wids_wids_rs1_it100
