22:29:16 [x-capgd] /home/ssn899/Desktop/TabFM/datasets/lcld_v2/splits/selected/natural/context_5000.csv (5000x28) -> /home/ssn899/Desktop/TabFM/datasets/lcld_v2/splits/test_attack_1000.csv (1000 of 1000)  k=800 (16.0%)  attack_class=None  grid 5x3  cuda:0
22:29:19   clean  ce=0.45462 auc=0.7155 acc=0.8060 f1=0.1339  max|dp| over 3 repeats=0.00e+00  chunking_exact=True  [1.8s]
22:29:20   constraints=full (9 relations, dataset 'lcld_v2')  scaler=metadata  mutable 14/28  int 10  cat 5
22:29:20   -- trial run0_sub0
22:29:21     iter   0  obj 0.44971  best 0.44971  step 0.9500
22:29:22     iter   1  obj 0.29830  best 0.44971  step 0.9500
22:29:23     iter   2  obj 0.32438  best 0.44971  step 0.9500
22:29:24     iter   3  obj 0.15786  best 0.44971  step 0.9500
22:29:25     iter   4  obj -0.32189  best 0.44971  step 0.9500
22:29:26     iter   5  obj 0.00558  best 0.44971  step 0.9500
22:29:27     iter   6  obj -0.30513  best 0.44971  step 0.9500
22:29:28     iter   7  obj -0.11630  best 0.44971  step 0.9500
22:29:29     iter   8  obj -0.30600  best 0.44971  step 0.4750  halved
22:29:30     iter   9  obj 0.16813  best 0.44971  step 0.4750
22:29:31     iter  10  obj 0.34362  best 0.44971  step 0.4750
22:29:32     iter  11  obj 0.14511  best 0.44971  step 0.4750
22:29:33     iter  12  obj 0.28571  best 0.44971  step 0.4750
22:29:34     iter  13  obj -0.29014  best 0.44971  step 0.4750
22:29:35     iter  14  obj 0.01800  best 0.44971  step 0.4750
22:29:36     iter  15  obj 0.22484  best 0.44971  step 0.2375  halved
22:29:37     iter  16  obj 0.25919  best 0.44971  step 0.2375
22:29:39     iter  17  obj 0.43724  best 0.44971  step 0.2375
22:29:40     iter  18  obj 0.42970  best 0.44971  step 0.2375
22:29:41     iter  19  obj 0.38993  best 0.44971  step 0.2375
22:29:42     iter  20  obj 0.42550  best 0.44971  step 0.2375
22:29:43     iter  21  obj 0.41087  best 0.44971  step 0.1187  halved
22:29:44     iter  22  obj 0.38522  best 0.44971  step 0.1187
22:29:45     iter  23  obj 0.45337  best 0.45337  step 0.1187  *
22:29:46     iter  24  obj 0.45868  best 0.45868  step 0.1187  *
22:29:47     iter  25  obj 0.45721  best 0.45868  step 0.1187
22:29:48     iter  26  obj 0.44878  best 0.45868  step 0.0594  halved
22:29:49     iter  27  obj 0.45938  best 0.45938  step 0.0594  *
22:29:50     iter  28  obj 0.46341  best 0.46341  step 0.0594  *
22:29:51     iter  29  obj 0.46301  best 0.46341  step 0.0594
22:29:52     iter  30  obj 0.46131  best 0.46341  step 0.0297  halved
22:29:53     iter  31  obj 0.46910  best 0.46910  step 0.0297  *
22:29:54     iter  32  obj 0.47234  best 0.47234  step 0.0297  *
22:29:55     iter  33  obj 0.47403  best 0.47403  step 0.0297  *
22:29:56     iter  34  obj 0.47560  best 0.47560  step 0.0297  *
22:29:57     iter  35  obj 0.47160  best 0.47560  step 0.0148  halved
22:29:59     iter  36  obj 0.47575  best 0.47575  step 0.0148  *
22:30:00     iter  37  obj 0.48126  best 0.48126  step 0.0148  *
22:30:01     iter  38  obj 0.48348  best 0.48348  step 0.0148  *
22:30:02     iter  39  obj 0.48914  best 0.48914  step 0.0148  *
22:30:03     iter  40  obj 0.49233  best 0.49233  step 0.0148  *
22:30:03      poisoned ce=0.48332 auc=0.6863 acc=0.8020 f1=0.0571  dce=+0.02870 dacc=-0.0040  k=800  [43.8s]
22:30:03   -- trial run0_sub1
22:30:04     iter   0  obj 0.44956  best 0.44956  step 0.9500
22:30:05     iter   1  obj 0.19423  best 0.44956  step 0.9500
22:30:07     iter   2  obj 0.37465  best 0.44956  step 0.9500
22:30:08     iter   3  obj -0.08452  best 0.44956  step 0.9500
22:30:09     iter   4  obj -0.54834  best 0.44956  step 0.9500
22:30:10     iter   5  obj -0.29004  best 0.44956  step 0.9500
22:30:11     iter   6  obj -0.43390  best 0.44956  step 0.9500
22:30:12     iter   7  obj 0.00729  best 0.44956  step 0.9500
22:30:13     iter   8  obj -0.47547  best 0.44956  step 0.4750  halved
22:30:14     iter   9  obj 0.11618  best 0.44956  step 0.4750
22:30:15     iter  10  obj 0.37999  best 0.44956  step 0.4750
22:30:16     iter  11  obj 0.33465  best 0.44956  step 0.4750
22:30:17     iter  12  obj 0.22759  best 0.44956  step 0.4750
22:30:18     iter  13  obj 0.02599  best 0.44956  step 0.4750
22:30:19     iter  14  obj -0.00746  best 0.44956  step 0.4750
22:30:20     iter  15  obj -0.23331  best 0.44956  step 0.2375  halved
22:30:21     iter  16  obj 0.30828  best 0.44956  step 0.2375
22:30:22     iter  17  obj 0.43529  best 0.44956  step 0.2375
22:30:23     iter  18  obj 0.44753  best 0.44956  step 0.2375
22:30:24     iter  19  obj 0.40598  best 0.44956  step 0.2375
22:30:25     iter  20  obj 0.30682  best 0.44956  step 0.2375
22:30:27     iter  21  obj 0.28578  best 0.44956  step 0.1187  halved
22:30:28     iter  22  obj 0.41002  best 0.44956  step 0.1187
22:30:29     iter  23  obj 0.46015  best 0.46015  step 0.1187  *
22:30:30     iter  24  obj 0.46236  best 0.46236  step 0.1187  *
22:30:31     iter  25  obj 0.45696  best 0.46236  step 0.1187
22:30:32     iter  26  obj 0.45675  best 0.46236  step 0.0594  halved
22:30:33     iter  27  obj 0.46670  best 0.46670  step 0.0594  *
22:30:34     iter  28  obj 0.46533  best 0.46670  step 0.0594
22:30:35     iter  29  obj 0.46061  best 0.46670  step 0.0594
22:30:36     iter  30  obj 0.47104  best 0.47104  step 0.0297  *  halved
22:30:37     iter  31  obj 0.47051  best 0.47104  step 0.0297
22:30:38     iter  32  obj 0.47306  best 0.47306  step 0.0297  *
22:30:39     iter  33  obj 0.47534  best 0.47534  step 0.0148  *  halved
22:30:40     iter  34  obj 0.48699  best 0.48699  step 0.0148  *
22:30:41     iter  35  obj 0.49735  best 0.49735  step 0.0148  *
22:30:42     iter  36  obj 0.50519  best 0.50519  step 0.0148  *
22:30:43     iter  37  obj 0.50896  best 0.50896  step 0.0148  *
22:30:44     iter  38  obj 0.49251  best 0.50896  step 0.0148
22:30:45     iter  39  obj 0.50170  best 0.50896  step 0.0074  halved
22:30:46     iter  40  obj 0.50480  best 0.50896  step 0.0074
22:30:47      poisoned ce=0.50049 auc=0.6773 acc=0.7980 f1=0.0381  dce=+0.04587 dacc=-0.0080  k=800  [43.8s]
22:30:47   -- trial run0_sub2
22:30:48     iter   0  obj 0.45459  best 0.45459  step 0.9500
22:30:49     iter   1  obj 0.26214  best 0.45459  step 0.9500
22:30:50     iter   2  obj 0.38485  best 0.45459  step 0.9500
22:30:51     iter   3  obj 0.27845  best 0.45459  step 0.9500
22:30:52     iter   4  obj 0.23014  best 0.45459  step 0.9500
22:30:53     iter   5  obj 0.03711  best 0.45459  step 0.9500
22:30:55     iter   6  obj -0.10265  best 0.45459  step 0.9500
22:30:56     iter   7  obj 0.02640  best 0.45459  step 0.9500
22:30:57     iter   8  obj -0.02784  best 0.45459  step 0.4750  halved
22:30:58     iter   9  obj 0.04909  best 0.45459  step 0.4750
22:30:59     iter  10  obj 0.42524  best 0.45459  step 0.4750
22:31:00     iter  11  obj 0.27197  best 0.45459  step 0.4750
22:31:01     iter  12  obj 0.20992  best 0.45459  step 0.4750
22:31:02     iter  13  obj 0.17579  best 0.45459  step 0.4750
22:31:03     iter  14  obj 0.03708  best 0.45459  step 0.4750
22:31:04     iter  15  obj 0.09096  best 0.45459  step 0.2375  halved
22:31:05     iter  16  obj 0.27263  best 0.45459  step 0.2375
22:31:06     iter  17  obj 0.43308  best 0.45459  step 0.2375
22:31:07     iter  18  obj 0.42539  best 0.45459  step 0.2375
22:31:08     iter  19  obj 0.35604  best 0.45459  step 0.2375
22:31:09     iter  20  obj 0.11195  best 0.45459  step 0.2375
22:31:10     iter  21  obj 0.05929  best 0.45459  step 0.1187  halved
22:31:11     iter  22  obj 0.40092  best 0.45459  step 0.1187
22:31:12     iter  23  obj 0.45011  best 0.45459  step 0.1187
22:31:13     iter  24  obj 0.45286  best 0.45459  step 0.1187
22:31:15     iter  25  obj 0.44613  best 0.45459  step 0.1187
22:31:16     iter  26  obj 0.43968  best 0.45459  step 0.0594  halved
22:31:17     iter  27  obj 0.42623  best 0.45459  step 0.0594
22:31:18     iter  28  obj 0.45469  best 0.45469  step 0.0594  *
22:31:19     iter  29  obj 0.46707  best 0.46707  step 0.0594  *
22:31:20     iter  30  obj 0.46048  best 0.46707  step 0.0297  halved
22:31:21     iter  31  obj 0.46822  best 0.46822  step 0.0297  *
22:31:22     iter  32  obj 0.46734  best 0.46822  step 0.0297
22:31:23     iter  33  obj 0.47090  best 0.47090  step 0.0148  *  halved
22:31:24     iter  34  obj 0.47179  best 0.47179  step 0.0148  *
22:31:25     iter  35  obj 0.48254  best 0.48254  step 0.0148  *
22:31:26     iter  36  obj 0.48869  best 0.48869  step 0.0148  *
22:31:27     iter  37  obj 0.48622  best 0.48869  step 0.0074  halved
22:31:28     iter  38  obj 0.49576  best 0.49576  step 0.0074  *
22:31:29     iter  39  obj 0.50112  best 0.50112  step 0.0074  *
22:31:30     iter  40  obj 0.49528  best 0.50112  step 0.0074
22:31:31      poisoned ce=0.48790 auc=0.6832 acc=0.7970 f1=0.0645  dce=+0.03328 dacc=-0.0090  k=800  [43.9s]
22:31:31   -- trial run1_sub0
22:31:32     iter   0  obj -351.33023  best -351.33023  step 0.9500
22:31:33     iter   1  obj 0.34703  best 0.34703  step 0.9500  *
22:31:34     iter   2  obj -0.38947  best 0.34703  step 0.9500
22:31:35     iter   3  obj 0.05931  best 0.34703  step 0.9500
22:31:36     iter   4  obj 0.05716  best 0.34703  step 0.9500
22:31:37     iter   5  obj 0.07378  best 0.34703  step 0.9500
22:31:38     iter   6  obj -0.19454  best 0.34703  step 0.9500
22:31:39     iter   7  obj -0.35343  best 0.34703  step 0.9500
22:31:41     iter   8  obj -0.27848  best 0.34703  step 0.4750  halved
22:31:42     iter   9  obj -0.02729  best 0.34703  step 0.4750
22:31:43     iter  10  obj 0.09843  best 0.34703  step 0.4750
22:31:44     iter  11  obj 0.17608  best 0.34703  step 0.4750
22:31:45     iter  12  obj 0.16699  best 0.34703  step 0.4750
22:31:46     iter  13  obj 0.23346  best 0.34703  step 0.4750
22:31:47     iter  14  obj -0.49950  best 0.34703  step 0.4750
22:31:48     iter  15  obj -0.12829  best 0.34703  step 0.2375  halved
22:31:49     iter  16  obj 0.36591  best 0.36591  step 0.2375  *
22:31:50     iter  17  obj 0.41373  best 0.41373  step 0.2375  *
22:31:51     iter  18  obj 0.36005  best 0.41373  step 0.2375
22:31:52     iter  19  obj 0.31892  best 0.41373  step 0.2375
22:31:53     iter  20  obj 0.39339  best 0.41373  step 0.2375
22:31:54     iter  21  obj 0.29997  best 0.41373  step 0.1187  halved
22:31:55     iter  22  obj 0.43517  best 0.43517  step 0.1187  *
22:31:56     iter  23  obj 0.44014  best 0.44014  step 0.1187  *
22:31:57     iter  24  obj 0.44283  best 0.44283  step 0.1187  *
22:31:58     iter  25  obj 0.45222  best 0.45222  step 0.1187  *
22:31:59     iter  26  obj 0.45264  best 0.45264  step 0.1187  *
22:32:01     iter  27  obj 0.45813  best 0.45813  step 0.1187  *
22:32:02     iter  28  obj 0.45940  best 0.45940  step 0.1187  *
22:32:03     iter  29  obj 0.42564  best 0.45940  step 0.1187
22:32:04     iter  30  obj 0.42216  best 0.45940  step 0.0594  halved
22:32:05     iter  31  obj 0.47675  best 0.47675  step 0.0594  *
22:32:06     iter  32  obj 0.48133  best 0.48133  step 0.0594  *
22:32:07     iter  33  obj 0.45875  best 0.48133  step 0.0297  halved
22:32:08     iter  34  obj 0.47383  best 0.48133  step 0.0297
22:32:09     iter  35  obj 0.48709  best 0.48709  step 0.0297  *
22:32:10     iter  36  obj 0.48270  best 0.48709  step 0.0297
22:32:11     iter  37  obj 0.49617  best 0.49617  step 0.0148  *  halved
22:32:12     iter  38  obj 0.49546  best 0.49617  step 0.0148
22:32:13     iter  39  obj 0.48672  best 0.49617  step 0.0074  halved
22:32:14     iter  40  obj 0.50278  best 0.50278  step 0.0074  *
22:32:15      poisoned ce=0.48870 auc=0.7004 acc=0.8070 f1=0.0676  dce=+0.03408 dacc=+0.0010  k=800  [43.9s]
22:32:15   -- trial run1_sub1
22:32:16     iter   0  obj -347.94711  best -347.94711  step 0.9500
22:32:17     iter   1  obj 0.36465  best 0.36465  step 0.9500  *
22:32:18     iter   2  obj -0.45353  best 0.36465  step 0.9500
22:32:19     iter   3  obj 0.05666  best 0.36465  step 0.9500
22:32:20     iter   4  obj -0.05951  best 0.36465  step 0.9500
22:32:21     iter   5  obj -0.08091  best 0.36465  step 0.9500
22:32:22     iter   6  obj -0.10206  best 0.36465  step 0.9500
22:32:23     iter   7  obj -0.31646  best 0.36465  step 0.9500
22:32:24     iter   8  obj -0.29058  best 0.36465  step 0.4750  halved
22:32:25     iter   9  obj -0.07869  best 0.36465  step 0.4750
22:32:27     iter  10  obj 0.20075  best 0.36465  step 0.4750
22:32:28     iter  11  obj 0.05099  best 0.36465  step 0.4750
22:32:29     iter  12  obj -0.01933  best 0.36465  step 0.4750
22:32:30     iter  13  obj 0.04334  best 0.36465  step 0.4750
22:32:31     iter  14  obj -0.41132  best 0.36465  step 0.4750
22:32:32     iter  15  obj -0.27493  best 0.36465  step 0.2375  halved
22:32:33     iter  16  obj 0.25882  best 0.36465  step 0.2375
22:32:34     iter  17  obj 0.27007  best 0.36465  step 0.2375
22:32:35     iter  18  obj 0.29280  best 0.36465  step 0.2375
22:32:36     iter  19  obj 0.03476  best 0.36465  step 0.2375
22:32:37     iter  20  obj 0.36518  best 0.36518  step 0.2375  *
22:32:38     iter  21  obj 0.02626  best 0.36518  step 0.1187  halved
22:32:39     iter  22  obj 0.33821  best 0.36518  step 0.1187
22:32:40     iter  23  obj 0.45115  best 0.45115  step 0.1187  *
22:32:41     iter  24  obj 0.46764  best 0.46764  step 0.1187  *
22:32:42     iter  25  obj 0.39363  best 0.46764  step 0.1187
22:32:43     iter  26  obj 0.39629  best 0.46764  step 0.1187
22:32:44     iter  27  obj 0.43588  best 0.46764  step 0.1187
22:32:45     iter  28  obj 0.29931  best 0.46764  step 0.1187
22:32:47     iter  29  obj 0.34656  best 0.46764  step 0.1187
22:32:48     iter  30  obj 0.41009  best 0.46764  step 0.0594  halved
22:32:49     iter  31  obj 0.43793  best 0.46764  step 0.0594
22:32:50     iter  32  obj 0.45921  best 0.46764  step 0.0594
22:32:51     iter  33  obj 0.46567  best 0.46764  step 0.0594
22:32:52     iter  34  obj 0.45668  best 0.46764  step 0.0594
22:32:53     iter  35  obj 0.44498  best 0.46764  step 0.0297  halved
22:32:54     iter  36  obj 0.46173  best 0.46764  step 0.0297
22:32:55     iter  37  obj 0.47045  best 0.47045  step 0.0297  *
22:32:56     iter  38  obj 0.47506  best 0.47506  step 0.0297  *
22:32:57     iter  39  obj 0.47631  best 0.47631  step 0.0297  *
22:32:58     iter  40  obj 0.48711  best 0.48711  step 0.0297  *
22:32:59      poisoned ce=0.47964 auc=0.6866 acc=0.8010 f1=0.0744  dce=+0.02501 dacc=-0.0050  k=800  [43.9s]
22:32:59   -- trial run1_sub2
22:33:00     iter   0  obj -351.16772  best -351.16772  step 0.9500
22:33:01     iter   1  obj 0.33556  best 0.33556  step 0.9500  *
22:33:02     iter   2  obj -0.15105  best 0.33556  step 0.9500
22:33:03     iter   3  obj -0.11368  best 0.33556  step 0.9500
22:33:04     iter   4  obj 0.03354  best 0.33556  step 0.9500
22:33:05     iter   5  obj -0.77704  best 0.33556  step 0.9500
22:33:06     iter   6  obj 0.02018  best 0.33556  step 0.9500
22:33:07     iter   7  obj -0.62943  best 0.33556  step 0.9500
22:33:08     iter   8  obj 0.02739  best 0.33556  step 0.4750  halved
22:33:09     iter   9  obj 0.13657  best 0.33556  step 0.4750
22:33:10     iter  10  obj 0.14808  best 0.33556  step 0.4750
22:33:11     iter  11  obj 0.12330  best 0.33556  step 0.4750
22:33:13     iter  12  obj -0.21673  best 0.33556  step 0.4750
22:33:14     iter  13  obj -0.25190  best 0.33556  step 0.4750
22:33:15     iter  14  obj -0.14179  best 0.33556  step 0.4750
22:33:16     iter  15  obj -0.19051  best 0.33556  step 0.2375  halved
22:33:17     iter  16  obj 0.32947  best 0.33556  step 0.2375
22:33:18     iter  17  obj 0.24264  best 0.33556  step 0.2375
22:33:19     iter  18  obj 0.29737  best 0.33556  step 0.2375
22:33:20     iter  19  obj 0.33462  best 0.33556  step 0.2375
22:33:21     iter  20  obj 0.34495  best 0.34495  step 0.2375  *
22:33:22     iter  21  obj -0.14395  best 0.34495  step 0.1187  halved
22:33:23     iter  22  obj 0.32842  best 0.34495  step 0.1187
22:33:24     iter  23  obj 0.46870  best 0.46870  step 0.1187  *
22:33:25     iter  24  obj 0.37162  best 0.46870  step 0.1187
22:33:26     iter  25  obj 0.40331  best 0.46870  step 0.1187
22:33:27     iter  26  obj 0.32651  best 0.46870  step 0.0594  halved
22:33:28     iter  27  obj 0.41890  best 0.46870  step 0.0594
22:33:29     iter  28  obj 0.47080  best 0.47080  step 0.0594  *
22:33:30     iter  29  obj 0.48209  best 0.48209  step 0.0594  *
22:33:31     iter  30  obj 0.48666  best 0.48666  step 0.0594  *
22:33:32     iter  31  obj 0.48144  best 0.48666  step 0.0594
22:33:34     iter  32  obj 0.48203  best 0.48666  step 0.0594
22:33:35     iter  33  obj 0.47796  best 0.48666  step 0.0297  halved
22:33:36     iter  34  obj 0.48075  best 0.48666  step 0.0297
22:33:37     iter  35  obj 0.48723  best 0.48723  step 0.0297  *
22:33:38     iter  36  obj 0.49140  best 0.49140  step 0.0297  *
22:33:39     iter  37  obj 0.49647  best 0.49647  step 0.0297  *
22:33:40     iter  38  obj 0.50719  best 0.50719  step 0.0297  *
22:33:41     iter  39  obj 0.50949  best 0.50949  step 0.0297  *
22:33:42     iter  40  obj 0.50461  best 0.50949  step 0.0297
22:33:43      poisoned ce=0.49870 auc=0.6687 acc=0.8040 f1=0.0926  dce=+0.04407 dacc=-0.0020  k=800  [43.8s]
22:33:43   -- trial run2_sub0
22:33:44     iter   0  obj -365.87152  best -365.87152  step 0.9500
22:33:45     iter   1  obj 0.32646  best 0.32646  step 0.9500  *
22:33:46     iter   2  obj -0.26091  best 0.32646  step 0.9500
22:33:47     iter   3  obj -0.04419  best 0.32646  step 0.9500
22:33:48     iter   4  obj -0.28999  best 0.32646  step 0.9500
22:33:49     iter   5  obj -0.64512  best 0.32646  step 0.9500
22:33:50     iter   6  obj -0.23002  best 0.32646  step 0.9500
22:33:51     iter   7  obj -0.05456  best 0.32646  step 0.9500
22:33:52     iter   8  obj -0.40025  best 0.32646  step 0.4750  halved
22:33:53     iter   9  obj -0.08620  best 0.32646  step 0.4750
22:33:54     iter  10  obj 0.11642  best 0.32646  step 0.4750
22:33:55     iter  11  obj -0.11129  best 0.32646  step 0.4750
22:33:56     iter  12  obj -0.10085  best 0.32646  step 0.4750
22:33:57     iter  13  obj -0.51319  best 0.32646  step 0.4750
22:33:58     iter  14  obj -0.28366  best 0.32646  step 0.4750
22:33:59     iter  15  obj 0.06759  best 0.32646  step 0.2375  halved
22:34:01     iter  16  obj 0.34610  best 0.34610  step 0.2375  *
22:34:02     iter  17  obj 0.35300  best 0.35300  step 0.2375  *
22:34:03     iter  18  obj 0.33112  best 0.35300  step 0.2375
22:34:04     iter  19  obj 0.27460  best 0.35300  step 0.2375
22:34:05     iter  20  obj 0.15478  best 0.35300  step 0.2375
22:34:06     iter  21  obj 0.16924  best 0.35300  step 0.1187  halved
22:34:07     iter  22  obj 0.39540  best 0.39540  step 0.1187  *
22:34:08     iter  23  obj 0.42364  best 0.42364  step 0.1187  *
22:34:09     iter  24  obj 0.42955  best 0.42955  step 0.1187  *
22:34:10     iter  25  obj 0.43506  best 0.43506  step 0.1187  *
22:34:11     iter  26  obj 0.45084  best 0.45084  step 0.1187  *
22:34:12     iter  27  obj 0.40988  best 0.45084  step 0.1187
22:34:13     iter  28  obj 0.45060  best 0.45084  step 0.1187
22:34:14     iter  29  obj 0.39559  best 0.45084  step 0.1187
22:34:15     iter  30  obj 0.39500  best 0.45084  step 0.0594  halved
22:34:16     iter  31  obj 0.44248  best 0.45084  step 0.0594
22:34:17     iter  32  obj 0.46159  best 0.46159  step 0.0594  *
22:34:18     iter  33  obj 0.46600  best 0.46600  step 0.0594  *
22:34:19     iter  34  obj 0.46894  best 0.46894  step 0.0594  *
22:34:21     iter  35  obj 0.45379  best 0.46894  step 0.0297  halved
22:34:22     iter  36  obj 0.47329  best 0.47329  step 0.0297  *
22:34:23     iter  37  obj 0.47302  best 0.47329  step 0.0148  halved
22:34:24     iter  38  obj 0.47374  best 0.47374  step 0.0148  *
22:34:25     iter  39  obj 0.47021  best 0.47374  step 0.0074  halved
22:34:26     iter  40  obj 0.47145  best 0.47374  step 0.0074
22:34:26      poisoned ce=0.47691 auc=0.6918 acc=0.7980 f1=0.0901  dce=+0.02228 dacc=-0.0080  k=800  [43.8s]
22:34:26   -- trial run2_sub1
22:34:28     iter   0  obj -369.85114  best -369.85114  step 0.9500
22:34:29     iter   1  obj 0.27327  best 0.27327  step 0.9500  *
22:34:30     iter   2  obj -0.31259  best 0.27327  step 0.9500
22:34:31     iter   3  obj -0.15001  best 0.27327  step 0.9500
22:34:32     iter   4  obj -0.29212  best 0.27327  step 0.9500
22:34:33     iter   5  obj -0.14624  best 0.27327  step 0.9500
22:34:34     iter   6  obj -0.40371  best 0.27327  step 0.9500
22:34:35     iter   7  obj -0.25786  best 0.27327  step 0.9500
22:34:36     iter   8  obj -0.98574  best 0.27327  step 0.4750  halved
22:34:37     iter   9  obj 0.01825  best 0.27327  step 0.4750
22:34:38     iter  10  obj 0.03103  best 0.27327  step 0.4750
22:34:39     iter  11  obj 0.03217  best 0.27327  step 0.4750
22:34:40     iter  12  obj -1.07640  best 0.27327  step 0.4750
22:34:41     iter  13  obj -0.05816  best 0.27327  step 0.4750
22:34:42     iter  14  obj 0.12295  best 0.27327  step 0.4750
22:34:43     iter  15  obj -0.20844  best 0.27327  step 0.2375  halved
22:34:44     iter  16  obj 0.33906  best 0.33906  step 0.2375  *
22:34:45     iter  17  obj 0.31684  best 0.33906  step 0.2375
22:34:46     iter  18  obj 0.37946  best 0.37946  step 0.2375  *
22:34:48     iter  19  obj 0.18637  best 0.37946  step 0.2375
22:34:49     iter  20  obj 0.25703  best 0.37946  step 0.2375
22:34:50     iter  21  obj 0.19203  best 0.37946  step 0.1187  halved
22:34:51     iter  22  obj 0.35292  best 0.37946  step 0.1187
22:34:52     iter  23  obj 0.43774  best 0.43774  step 0.1187  *
22:34:53     iter  24  obj 0.43264  best 0.43774  step 0.1187
22:34:54     iter  25  obj 0.42718  best 0.43774  step 0.1187
22:34:55     iter  26  obj 0.42451  best 0.43774  step 0.0594  halved
22:34:56     iter  27  obj 0.44830  best 0.44830  step 0.0594  *
22:34:57     iter  28  obj 0.46063  best 0.46063  step 0.0594  *
22:34:58     iter  29  obj 0.46389  best 0.46389  step 0.0594  *
22:34:59     iter  30  obj 0.47695  best 0.47695  step 0.0594  *
22:35:00     iter  31  obj 0.47411  best 0.47695  step 0.0594
22:35:01     iter  32  obj 0.45841  best 0.47695  step 0.0594
22:35:02     iter  33  obj 0.46807  best 0.47695  step 0.0297  halved
22:35:03     iter  34  obj 0.46978  best 0.47695  step 0.0297
22:35:04     iter  35  obj 0.47967  best 0.47967  step 0.0297  *
22:35:05     iter  36  obj 0.48662  best 0.48662  step 0.0297  *
22:35:07     iter  37  obj 0.48561  best 0.48662  step 0.0148  halved
22:35:08     iter  38  obj 0.48415  best 0.48662  step 0.0148
22:35:09     iter  39  obj 0.49226  best 0.49226  step 0.0074  *  halved
22:35:10     iter  40  obj 0.49482  best 0.49482  step 0.0074  *
22:35:10      poisoned ce=0.48846 auc=0.6819 acc=0.8020 f1=0.0660  dce=+0.03384 dacc=-0.0040  k=800  [43.9s]
22:35:10   -- trial run2_sub2
22:35:11     iter   0  obj -358.07083  best -358.07083  step 0.9500
22:35:12     iter   1  obj 0.25834  best 0.25834  step 0.9500  *
22:35:14     iter   2  obj -0.00096  best 0.25834  step 0.9500
22:35:15     iter   3  obj 0.40744  best 0.40744  step 0.9500  *
22:35:16     iter   4  obj 0.08780  best 0.40744  step 0.9500
22:35:17     iter   5  obj 0.02249  best 0.40744  step 0.9500
22:35:18     iter   6  obj -0.01491  best 0.40744  step 0.9500
22:35:19     iter   7  obj -0.39661  best 0.40744  step 0.9500
22:35:20     iter   8  obj -0.19987  best 0.40744  step 0.4750  halved
22:35:21     iter   9  obj 0.24718  best 0.40744  step 0.4750
22:35:22     iter  10  obj 0.30294  best 0.40744  step 0.4750
22:35:23     iter  11  obj 0.18170  best 0.40744  step 0.4750
22:35:24     iter  12  obj 0.14113  best 0.40744  step 0.4750
22:35:25     iter  13  obj 0.06243  best 0.40744  step 0.4750
22:35:26     iter  14  obj 0.12105  best 0.40744  step 0.4750
22:35:27     iter  15  obj 0.12072  best 0.40744  step 0.2375  halved
22:35:28     iter  16  obj 0.33533  best 0.40744  step 0.2375
22:35:29     iter  17  obj 0.34713  best 0.40744  step 0.2375
22:35:30     iter  18  obj 0.17734  best 0.40744  step 0.2375
22:35:31     iter  19  obj 0.27231  best 0.40744  step 0.2375
22:35:32     iter  20  obj 0.27134  best 0.40744  step 0.2375
22:35:34     iter  21  obj -0.22129  best 0.40744  step 0.1187  halved
22:35:35     iter  22  obj 0.40742  best 0.40744  step 0.1187
22:35:36     iter  23  obj 0.44749  best 0.44749  step 0.1187  *
22:35:37     iter  24  obj 0.41461  best 0.44749  step 0.1187
22:35:38     iter  25  obj 0.44866  best 0.44866  step 0.1187  *
22:35:39     iter  26  obj 0.40798  best 0.44866  step 0.0594  halved
22:35:40     iter  27  obj 0.46126  best 0.46126  step 0.0594  *
22:35:41     iter  28  obj 0.46971  best 0.46971  step 0.0594  *
22:35:42     iter  29  obj 0.45291  best 0.46971  step 0.0594
22:35:43     iter  30  obj 0.45614  best 0.46971  step 0.0297  halved
22:35:44     iter  31  obj 0.46542  best 0.46971  step 0.0297
22:35:45     iter  32  obj 0.47420  best 0.47420  step 0.0297  *
22:35:46     iter  33  obj 0.47511  best 0.47511  step 0.0297  *
22:35:47     iter  34  obj 0.47628  best 0.47628  step 0.0297  *
22:35:48     iter  35  obj 0.47918  best 0.47918  step 0.0297  *
22:35:49     iter  36  obj 0.48395  best 0.48395  step 0.0297  *
22:35:50     iter  37  obj 0.49267  best 0.49267  step 0.0297  *
22:35:51     iter  38  obj 0.49347  best 0.49347  step 0.0297  *
22:35:52     iter  39  obj 0.49605  best 0.49605  step 0.0297  *
22:35:54     iter  40  obj 0.49094  best 0.49605  step 0.0297
22:35:54      poisoned ce=0.49317 auc=0.6694 acc=0.7990 f1=0.0737  dce=+0.03855 dacc=-0.0070  k=800  [43.8s]
22:35:54   -- trial run3_sub0
22:35:55     iter   0  obj -365.70203  best -365.70203  step 0.9500
22:35:56     iter   1  obj 0.29513  best 0.29513  step 0.9500  *
22:35:57     iter   2  obj 0.01882  best 0.29513  step 0.9500
22:35:58     iter   3  obj -0.09629  best 0.29513  step 0.9500
22:35:59     iter   4  obj -0.23288  best 0.29513  step 0.9500
22:36:01     iter   5  obj -0.27119  best 0.29513  step 0.9500
22:36:02     iter   6  obj -0.16073  best 0.29513  step 0.9500
22:36:03     iter   7  obj -0.13222  best 0.29513  step 0.9500
22:36:04     iter   8  obj -0.13708  best 0.29513  step 0.4750  halved
22:36:05     iter   9  obj 0.18968  best 0.29513  step 0.4750
22:36:06     iter  10  obj 0.16297  best 0.29513  step 0.4750
22:36:07     iter  11  obj -0.00304  best 0.29513  step 0.4750
22:36:08     iter  12  obj -0.06097  best 0.29513  step 0.4750
22:36:09     iter  13  obj -0.71033  best 0.29513  step 0.4750
22:36:10     iter  14  obj 0.05560  best 0.29513  step 0.4750
22:36:11     iter  15  obj -0.55876  best 0.29513  step 0.2375  halved
22:36:12     iter  16  obj 0.37055  best 0.37055  step 0.2375  *
22:36:13     iter  17  obj 0.30158  best 0.37055  step 0.2375
22:36:14     iter  18  obj 0.37292  best 0.37292  step 0.2375  *
22:36:15     iter  19  obj 0.26899  best 0.37292  step 0.2375
22:36:16     iter  20  obj 0.30413  best 0.37292  step 0.2375
22:36:17     iter  21  obj 0.23785  best 0.37292  step 0.1187  halved
22:36:18     iter  22  obj 0.36295  best 0.37292  step 0.1187
22:36:19     iter  23  obj 0.45725  best 0.45725  step 0.1187  *
22:36:21     iter  24  obj 0.39737  best 0.45725  step 0.1187
22:36:22     iter  25  obj 0.43319  best 0.45725  step 0.1187
22:36:23     iter  26  obj 0.38529  best 0.45725  step 0.0594  halved
22:36:24     iter  27  obj 0.43744  best 0.45725  step 0.0594
22:36:25     iter  28  obj 0.46567  best 0.46567  step 0.0594  *
22:36:26     iter  29  obj 0.45550  best 0.46567  step 0.0594
22:36:27     iter  30  obj 0.45007  best 0.46567  step 0.0297  halved
22:36:28     iter  31  obj 0.47149  best 0.47149  step 0.0297  *
22:36:29     iter  32  obj 0.47482  best 0.47482  step 0.0297  *
22:36:30     iter  33  obj 0.47218  best 0.47482  step 0.0148  halved
22:36:31     iter  34  obj 0.47224  best 0.47482  step 0.0148
22:36:32     iter  35  obj 0.48157  best 0.48157  step 0.0148  *
22:36:33     iter  36  obj 0.48326  best 0.48326  step 0.0148  *
22:36:34     iter  37  obj 0.48757  best 0.48757  step 0.0148  *
22:36:35     iter  38  obj 0.48882  best 0.48882  step 0.0148  *
22:36:36     iter  39  obj 0.49695  best 0.49695  step 0.0148  *
22:36:37     iter  40  obj 0.48946  best 0.49695  step 0.0148
22:36:38      poisoned ce=0.48610 auc=0.6862 acc=0.8000 f1=0.0909  dce=+0.03147 dacc=-0.0060  k=800  [43.8s]
22:36:38   -- trial run3_sub1
22:36:39     iter   0  obj -356.88708  best -356.88708  step 0.9500
22:36:40     iter   1  obj 0.29677  best 0.29677  step 0.9500  *
22:36:41     iter   2  obj -0.15986  best 0.29677  step 0.9500
22:36:42     iter   3  obj 0.08304  best 0.29677  step 0.9500
22:36:43     iter   4  obj -0.13524  best 0.29677  step 0.9500
22:36:44     iter   5  obj -0.96405  best 0.29677  step 0.9500
22:36:45     iter   6  obj -0.85888  best 0.29677  step 0.9500
22:36:46     iter   7  obj 0.20510  best 0.29677  step 0.9500
22:36:48     iter   8  obj -0.00551  best 0.29677  step 0.4750  halved
22:36:49     iter   9  obj 0.00315  best 0.29677  step 0.4750
22:36:50     iter  10  obj 0.18303  best 0.29677  step 0.4750
22:36:51     iter  11  obj 0.22086  best 0.29677  step 0.4750
22:36:52     iter  12  obj -0.09965  best 0.29677  step 0.4750
22:36:53     iter  13  obj 0.11905  best 0.29677  step 0.4750
22:36:54     iter  14  obj 0.00921  best 0.29677  step 0.4750
22:36:55     iter  15  obj 0.03885  best 0.29677  step 0.2375  halved
22:36:56     iter  16  obj 0.30126  best 0.30126  step 0.2375  *
22:36:57     iter  17  obj 0.42374  best 0.42374  step 0.2375  *
22:36:58     iter  18  obj 0.36393  best 0.42374  step 0.2375
22:36:59     iter  19  obj 0.23506  best 0.42374  step 0.2375
22:37:00     iter  20  obj -0.45531  best 0.42374  step 0.2375
22:37:01     iter  21  obj 0.31662  best 0.42374  step 0.1187  halved
22:37:02     iter  22  obj 0.39458  best 0.42374  step 0.1187
22:37:03     iter  23  obj 0.44563  best 0.44563  step 0.1187  *
22:37:04     iter  24  obj 0.45094  best 0.45094  step 0.1187  *
22:37:05     iter  25  obj 0.41343  best 0.45094  step 0.1187
22:37:06     iter  26  obj 0.44155  best 0.45094  step 0.1187
22:37:08     iter  27  obj 0.43500  best 0.45094  step 0.1187
22:37:09     iter  28  obj 0.42907  best 0.45094  step 0.1187
22:37:10     iter  29  obj 0.40534  best 0.45094  step 0.1187
22:37:11     iter  30  obj 0.19443  best 0.45094  step 0.0594  halved
22:37:12     iter  31  obj 0.44272  best 0.45094  step 0.0594
22:37:13     iter  32  obj 0.45994  best 0.45994  step 0.0594  *
22:37:14     iter  33  obj 0.46347  best 0.46347  step 0.0594  *
22:37:15     iter  34  obj 0.46515  best 0.46515  step 0.0594  *
22:37:16     iter  35  obj 0.46174  best 0.46515  step 0.0297  halved
22:37:17     iter  36  obj 0.47537  best 0.47537  step 0.0297  *
22:37:18     iter  37  obj 0.47867  best 0.47867  step 0.0297  *
22:37:19     iter  38  obj 0.48011  best 0.48011  step 0.0297  *
22:37:20     iter  39  obj 0.47729  best 0.48011  step 0.0148  halved
22:37:21     iter  40  obj 0.49008  best 0.49008  step 0.0148  *
22:37:22      poisoned ce=0.48619 auc=0.6935 acc=0.7980 f1=0.0561  dce=+0.03157 dacc=-0.0080  k=800  [43.9s]
22:37:22   -- trial run3_sub2
22:37:23     iter   0  obj -356.41840  best -356.41840  step 0.9500
22:37:24     iter   1  obj 0.29269  best 0.29269  step 0.9500  *
22:37:25     iter   2  obj -0.14019  best 0.29269  step 0.9500
22:37:26     iter   3  obj 0.05619  best 0.29269  step 0.9500
22:37:27     iter   4  obj -0.37163  best 0.29269  step 0.9500
22:37:28     iter   5  obj -0.52371  best 0.29269  step 0.9500
22:37:29     iter   6  obj -0.11794  best 0.29269  step 0.9500
22:37:30     iter   7  obj -0.21991  best 0.29269  step 0.9500
22:37:31     iter   8  obj -0.33330  best 0.29269  step 0.4750  halved
22:37:32     iter   9  obj 0.14417  best 0.29269  step 0.4750
22:37:34     iter  10  obj -0.06555  best 0.29269  step 0.4750
22:37:35     iter  11  obj 0.26692  best 0.29269  step 0.4750
22:37:36     iter  12  obj -0.49748  best 0.29269  step 0.4750
22:37:37     iter  13  obj -0.11952  best 0.29269  step 0.4750
22:37:38     iter  14  obj -0.44950  best 0.29269  step 0.4750
22:37:39     iter  15  obj 0.07503  best 0.29269  step 0.2375  halved
22:37:40     iter  16  obj 0.36241  best 0.36241  step 0.2375  *
22:37:41     iter  17  obj 0.35543  best 0.36241  step 0.2375
22:37:42     iter  18  obj 0.29992  best 0.36241  step 0.2375
22:37:43     iter  19  obj 0.29008  best 0.36241  step 0.2375
22:37:44     iter  20  obj 0.20337  best 0.36241  step 0.2375
22:37:45     iter  21  obj 0.25454  best 0.36241  step 0.1187  halved
22:37:46     iter  22  obj 0.41218  best 0.41218  step 0.1187  *
22:37:47     iter  23  obj 0.44066  best 0.44066  step 0.1187  *
22:37:48     iter  24  obj 0.45716  best 0.45716  step 0.1187  *
22:37:49     iter  25  obj 0.43465  best 0.45716  step 0.1187
22:37:50     iter  26  obj 0.42429  best 0.45716  step 0.0594  halved
22:37:51     iter  27  obj 0.46640  best 0.46640  step 0.0594  *
22:37:52     iter  28  obj 0.46115  best 0.46640  step 0.0594
22:37:54     iter  29  obj 0.46775  best 0.46775  step 0.0594  *
22:37:55     iter  30  obj 0.46485  best 0.46775  step 0.0297  halved
22:37:56     iter  31  obj 0.47280  best 0.47280  step 0.0297  *
22:37:57     iter  32  obj 0.47649  best 0.47649  step 0.0297  *
22:37:58     iter  33  obj 0.47866  best 0.47866  step 0.0297  *
22:37:59     iter  34  obj 0.47642  best 0.47866  step 0.0297
22:38:00     iter  35  obj 0.48269  best 0.48269  step 0.0148  *  halved
22:38:01     iter  36  obj 0.49268  best 0.49268  step 0.0148  *
22:38:02     iter  37  obj 0.48667  best 0.49268  step 0.0074  halved
22:38:03     iter  38  obj 0.48885  best 0.49268  step 0.0074
22:38:04     iter  39  obj 0.50188  best 0.50188  step 0.0074  *
22:38:05     iter  40  obj 0.50049  best 0.50188  step 0.0074
22:38:06      poisoned ce=0.49169 auc=0.6732 acc=0.8010 f1=0.0478  dce=+0.03706 dacc=-0.0050  k=800  [43.9s]
22:38:06   -- trial run4_sub0
22:38:07     iter   0  obj -366.96304  best -366.96304  step 0.9500
22:38:08     iter   1  obj 0.32440  best 0.32440  step 0.9500  *
22:38:09     iter   2  obj -0.30256  best 0.32440  step 0.9500
22:38:10     iter   3  obj 0.12184  best 0.32440  step 0.9500
22:38:11     iter   4  obj 0.09626  best 0.32440  step 0.9500
22:38:12     iter   5  obj -0.30959  best 0.32440  step 0.9500
22:38:13     iter   6  obj -0.10373  best 0.32440  step 0.9500
22:38:14     iter   7  obj -0.51689  best 0.32440  step 0.9500
22:38:15     iter   8  obj -0.11724  best 0.32440  step 0.4750  halved
22:38:16     iter   9  obj -0.05598  best 0.32440  step 0.4750
22:38:17     iter  10  obj -0.09567  best 0.32440  step 0.4750
22:38:18     iter  11  obj -0.50141  best 0.32440  step 0.4750
22:38:20     iter  12  obj 0.02676  best 0.32440  step 0.4750
22:38:21     iter  13  obj -0.33134  best 0.32440  step 0.4750
22:38:22     iter  14  obj -0.24287  best 0.32440  step 0.4750
22:38:23     iter  15  obj -0.01809  best 0.32440  step 0.2375  halved
22:38:24     iter  16  obj 0.30351  best 0.32440  step 0.2375
22:38:25     iter  17  obj 0.34519  best 0.34519  step 0.2375  *
22:38:26     iter  18  obj 0.14886  best 0.34519  step 0.2375
22:38:27     iter  19  obj 0.34567  best 0.34567  step 0.2375  *
22:38:28     iter  20  obj 0.01693  best 0.34567  step 0.2375
22:38:29     iter  21  obj 0.04014  best 0.34567  step 0.1187  halved
22:38:30     iter  22  obj 0.42444  best 0.42444  step 0.1187  *
22:38:31     iter  23  obj 0.45193  best 0.45193  step 0.1187  *
22:38:32     iter  24  obj 0.37253  best 0.45193  step 0.1187
22:38:33     iter  25  obj 0.31608  best 0.45193  step 0.1187
22:38:34     iter  26  obj 0.42534  best 0.45193  step 0.0594  halved
22:38:35     iter  27  obj 0.42539  best 0.45193  step 0.0594
22:38:36     iter  28  obj 0.45325  best 0.45325  step 0.0594  *
22:38:37     iter  29  obj 0.46542  best 0.46542  step 0.0594  *
22:38:38     iter  30  obj 0.42562  best 0.46542  step 0.0297  halved
22:38:40     iter  31  obj 0.46785  best 0.46785  step 0.0297  *
22:38:41     iter  32  obj 0.48058  best 0.48058  step 0.0297  *
22:38:42     iter  33  obj 0.47903  best 0.48058  step 0.0148  halved
22:38:43     iter  34  obj 0.48252  best 0.48252  step 0.0148  *
22:38:44     iter  35  obj 0.48834  best 0.48834  step 0.0148  *
22:38:45     iter  36  obj 0.48999  best 0.48999  step 0.0148  *
22:38:46     iter  37  obj 0.49046  best 0.49046  step 0.0148  *
22:38:47     iter  38  obj 0.48570  best 0.49046  step 0.0148
22:38:48     iter  39  obj 0.50393  best 0.50393  step 0.0074  *  halved
22:38:49     iter  40  obj 0.51227  best 0.51227  step 0.0074  *
22:38:50      poisoned ce=0.48837 auc=0.6769 acc=0.8040 f1=0.0577  dce=+0.03375 dacc=-0.0020  k=800  [43.9s]
22:38:50   -- trial run4_sub1
22:38:51     iter   0  obj -356.53955  best -356.53955  step 0.9500
22:38:52     iter   1  obj 0.31548  best 0.31548  step 0.9500  *
22:38:53     iter   2  obj -0.04376  best 0.31548  step 0.9500
22:38:54     iter   3  obj -0.43888  best 0.31548  step 0.9500
22:38:55     iter   4  obj -0.11812  best 0.31548  step 0.9500
22:38:56     iter   5  obj -0.34564  best 0.31548  step 0.9500
22:38:57     iter   6  obj -0.60473  best 0.31548  step 0.9500
22:38:58     iter   7  obj -0.18677  best 0.31548  step 0.9500
22:38:59     iter   8  obj -0.16705  best 0.31548  step 0.4750  halved
22:39:00     iter   9  obj 0.04980  best 0.31548  step 0.4750
22:39:01     iter  10  obj 0.22144  best 0.31548  step 0.4750
22:39:02     iter  11  obj -0.20114  best 0.31548  step 0.4750
22:39:03     iter  12  obj -0.18641  best 0.31548  step 0.4750
22:39:04     iter  13  obj -0.17457  best 0.31548  step 0.4750
22:39:06     iter  14  obj -0.21168  best 0.31548  step 0.4750
22:39:07     iter  15  obj -0.20844  best 0.31548  step 0.2375  halved
22:39:08     iter  16  obj 0.35625  best 0.35625  step 0.2375  *
22:39:09     iter  17  obj 0.35330  best 0.35625  step 0.2375
22:39:10     iter  18  obj 0.24958  best 0.35625  step 0.2375
22:39:11     iter  19  obj 0.28896  best 0.35625  step 0.2375
22:39:12     iter  20  obj 0.24486  best 0.35625  step 0.2375
22:39:13     iter  21  obj 0.04190  best 0.35625  step 0.1187  halved
22:39:14     iter  22  obj 0.41902  best 0.41902  step 0.1187  *
22:39:15     iter  23  obj 0.43636  best 0.43636  step 0.1187  *
22:39:16     iter  24  obj 0.44935  best 0.44935  step 0.1187  *
22:39:17     iter  25  obj 0.43635  best 0.44935  step 0.1187
22:39:18     iter  26  obj 0.41821  best 0.44935  step 0.0594  halved
22:39:19     iter  27  obj 0.45829  best 0.45829  step 0.0594  *
22:39:20     iter  28  obj 0.46565  best 0.46565  step 0.0594  *
22:39:21     iter  29  obj 0.45616  best 0.46565  step 0.0594
22:39:22     iter  30  obj 0.46979  best 0.46979  step 0.0297  *  halved
22:39:23     iter  31  obj 0.46820  best 0.46979  step 0.0297
22:39:24     iter  32  obj 0.45714  best 0.46979  step 0.0297
22:39:26     iter  33  obj 0.47089  best 0.47089  step 0.0148  *  halved
22:39:27     iter  34  obj 0.47306  best 0.47306  step 0.0148  *
22:39:28     iter  35  obj 0.48057  best 0.48057  step 0.0148  *
22:39:29     iter  36  obj 0.47486  best 0.48057  step 0.0148
22:39:30     iter  37  obj 0.48312  best 0.48312  step 0.0074  *  halved
22:39:31     iter  38  obj 0.49015  best 0.49015  step 0.0074  *
22:39:32     iter  39  obj 0.49255  best 0.49255  step 0.0074  *
22:39:33     iter  40  obj 0.50060  best 0.50060  step 0.0074  *
22:39:34      poisoned ce=0.49118 auc=0.6787 acc=0.8020 f1=0.0660  dce=+0.03655 dacc=-0.0040  k=800  [43.9s]
22:39:34   -- trial run4_sub2
22:39:35     iter   0  obj -356.48376  best -356.48376  step 0.9500
22:39:36     iter   1  obj 0.31558  best 0.31558  step 0.9500  *
22:39:37     iter   2  obj -0.05313  best 0.31558  step 0.9500
22:39:38     iter   3  obj -0.08942  best 0.31558  step 0.9500
22:39:39     iter   4  obj -0.38782  best 0.31558  step 0.9500
22:39:40     iter   5  obj -0.61799  best 0.31558  step 0.9500
22:39:41     iter   6  obj -0.28271  best 0.31558  step 0.9500
22:39:42     iter   7  obj -0.21606  best 0.31558  step 0.9500
22:39:43     iter   8  obj 0.05904  best 0.31558  step 0.4750  halved
22:39:44     iter   9  obj 0.10199  best 0.31558  step 0.4750
22:39:45     iter  10  obj 0.20782  best 0.31558  step 0.4750
22:39:46     iter  11  obj 0.09923  best 0.31558  step 0.4750
22:39:47     iter  12  obj -0.68496  best 0.31558  step 0.4750
22:39:48     iter  13  obj -0.04150  best 0.31558  step 0.4750
22:39:49     iter  14  obj 0.10457  best 0.31558  step 0.4750
22:39:50     iter  15  obj -0.11114  best 0.31558  step 0.2375  halved
22:39:52     iter  16  obj 0.32201  best 0.32201  step 0.2375  *
22:39:53     iter  17  obj 0.36281  best 0.36281  step 0.2375  *
22:39:54     iter  18  obj 0.41256  best 0.41256  step 0.2375  *
22:39:55     iter  19  obj 0.25709  best 0.41256  step 0.2375
22:39:56     iter  20  obj 0.22591  best 0.41256  step 0.2375
22:39:57     iter  21  obj 0.27569  best 0.41256  step 0.1187  halved
22:39:58     iter  22  obj 0.39099  best 0.41256  step 0.1187
22:39:59     iter  23  obj 0.45036  best 0.45036  step 0.1187  *
22:40:00     iter  24  obj 0.40837  best 0.45036  step 0.1187
22:40:01     iter  25  obj 0.40360  best 0.45036  step 0.1187
22:40:02     iter  26  obj 0.43037  best 0.45036  step 0.0594  halved
22:40:03     iter  27  obj 0.44132  best 0.45036  step 0.0594
22:40:04     iter  28  obj 0.47057  best 0.47057  step 0.0594  *
22:40:05     iter  29  obj 0.45347  best 0.47057  step 0.0594
22:40:06     iter  30  obj 0.46303  best 0.47057  step 0.0297  halved
22:40:07     iter  31  obj 0.47290  best 0.47290  step 0.0297  *
22:40:08     iter  32  obj 0.48537  best 0.48537  step 0.0297  *
22:40:09     iter  33  obj 0.47147  best 0.48537  step 0.0148  halved
22:40:10     iter  34  obj 0.47431  best 0.48537  step 0.0148
22:40:12     iter  35  obj 0.48529  best 0.48537  step 0.0148
22:40:13     iter  36  obj 0.48933  best 0.48933  step 0.0148  *
22:40:14     iter  37  obj 0.48636  best 0.48933  step 0.0074  halved
22:40:15     iter  38  obj 0.47839  best 0.48933  step 0.0074
22:40:16     iter  39  obj 0.48917  best 0.48933  step 0.0037  halved
22:40:17     iter  40  obj 0.48283  best 0.48933  step 0.0037
22:40:17      poisoned ce=0.48855 auc=0.6807 acc=0.8000 f1=0.0476  dce=+0.03393 dacc=-0.0060  k=800  [43.9s]
22:40:18   best trial run0_sub1: dce=+0.04587 dacc=-0.0080  -> context_poisoned.csv
22:40:18   per-run winners: run0<-sub1 (dce=+0.04587), run1<-sub2 (dce=+0.04407), run2<-sub2 (dce=+0.03855), run3<-sub2 (dce=+0.03706), run4<-sub1 (dce=+0.03655)
22:40:18   best-subsample-per-run, mean over 5 runs: dce=+0.04042 dacc=-0.0052 dauc=-0.0420  -> /home/ssn899/Desktop/TabFM/results/main_experiments/lcld_v2/x-capgd_random_r016
