02:22:44 [x-capgd] datasets/url_unique/splits/selected/natural/context_5000.csv (5000x63) -> datasets/url_unique/splits/test_attack_1000.csv (1000 of 1000)  k=1500 (30.0%)  attack_class=None  grid 1x1  cuda:1
02:22:48   clean  ce=0.09328 auc=0.9935 acc=0.9650 f1=0.9644  max|dp| over 3 repeats=0.00e+00  chunking_exact=True  [3.2s]
02:22:48   constraints=box (0 relations, dataset 'url_unique')  scaler=metadata  mutable 63/63  int 58  cat 0
02:22:48   -- trial run0_sub0
02:22:51     iter   0  obj 0.09328  best 0.09328  step 0.9500
02:22:53     iter   1  obj 0.09874  best 0.09874  step 0.9500  *
02:22:55     iter   2  obj 0.11060  best 0.11060  step 0.9500  *
02:22:57     iter   3  obj 0.11236  best 0.11236  step 0.9500  *
02:22:59     iter   4  obj 0.11863  best 0.11863  step 0.9500  *
02:23:02     iter   5  obj 0.10883  best 0.11863  step 0.9500
02:23:04     iter   6  obj 0.10810  best 0.11863  step 0.4750  halved
02:23:06     iter   7  obj 0.11786  best 0.11863  step 0.4750
02:23:08     iter   8  obj 0.10760  best 0.11863  step 0.4750
02:23:10     iter   9  obj 0.12107  best 0.12107  step 0.4750  *
02:23:12     iter  10  obj 0.12163  best 0.12163  step 0.4750  *
02:23:15     iter  11  obj 0.13081  best 0.13081  step 0.4750  *
02:23:17     iter  12  obj 0.12618  best 0.13081  step 0.4750
02:23:19     iter  13  obj 0.11706  best 0.13081  step 0.4750
02:23:21     iter  14  obj 0.12729  best 0.13081  step 0.4750
02:23:23     iter  15  obj 0.12849  best 0.13081  step 0.2375  halved
02:23:26     iter  16  obj 0.11536  best 0.13081  step 0.2375
02:23:28     iter  17  obj 0.12617  best 0.13081  step 0.2375
02:23:30     iter  18  obj 0.14220  best 0.14220  step 0.1188  *  halved
02:23:32     iter  19  obj 0.15552  best 0.15552  step 0.1188  *
02:23:34     iter  20  obj 0.13894  best 0.15552  step 0.0594  halved
02:23:37     iter  21  obj 0.15261  best 0.15552  step 0.0594
02:23:39     iter  22  obj 0.18407  best 0.18407  step 0.0594  *
02:23:41     iter  23  obj 0.19992  best 0.19992  step 0.0594  *
02:23:43     iter  24  obj 0.16592  best 0.19992  step 0.0297  halved
02:23:45     iter  25  obj 0.19272  best 0.19992  step 0.0297
02:23:48     iter  26  obj 0.22468  best 0.22468  step 0.0297  *
02:23:50     iter  27  obj 0.23839  best 0.23839  step 0.0297  *
02:23:52     iter  28  obj 0.27223  best 0.27223  step 0.0297  *
02:23:54     iter  29  obj 0.27308  best 0.27308  step 0.0297  *
02:23:56     iter  30  obj 0.29787  best 0.29787  step 0.0297  *
02:23:57      poisoned ce=0.29787 auc=0.9763 acc=0.9140 f1=0.9176  dce=+0.20460 dacc=-0.0510  k=1500  [68.6s]
02:23:57   mean over 1 trials: dce=+0.20460 dacc=-0.0510 dauc=-0.0172  -> results/ablation_niter/url_unique_nat5000_box_it30
