14:56:16 [x-capgd] datasets/lcld_v2/splits/selected/natural/context_5000.csv (5000x28) -> datasets/lcld_v2/splits/test_attack_1000.csv (1000 of 1000)  k=1500 (30.0%)  attack_class=None  grid 1x1  cuda:1
14:56:19   clean  ce=0.45462 auc=0.7155 acc=0.8060 f1=0.1339  max|dp| over 3 repeats=0.00e+00  chunking_exact=True  [1.8s]
14:56:19   constraints=full (9 relations, dataset 'lcld_v2')  scaler=metadata  mutable 14/28  int 10  cat 5
14:56:19   -- trial run0_sub0
14:56:21     iter   0  obj 0.45188  best 0.45188  step 0.9500
14:56:22     iter   1  obj 0.39516  best 0.45188  step 0.9500
14:56:23     iter   2  obj 0.33857  best 0.45188  step 0.9500
14:56:24     iter   3  obj 0.03817  best 0.45188  step 0.9500
14:56:25     iter   4  obj -0.15734  best 0.45188  step 0.9500
14:56:26     iter   5  obj -0.17111  best 0.45188  step 0.9500
14:56:27     iter   6  obj -0.37939  best 0.45188  step 0.9500
14:56:28     iter   7  obj -0.09853  best 0.45188  step 0.9500
14:56:29     iter   8  obj -0.16566  best 0.45188  step 0.9500
14:56:30     iter   9  obj -0.20284  best 0.45188  step 0.9500
14:56:31     iter  10  obj -0.03988  best 0.45188  step 0.9500
14:56:32     iter  11  obj -0.23427  best 0.45188  step 0.9500
14:56:34     iter  12  obj -0.29641  best 0.45188  step 0.9500
14:56:35     iter  13  obj -0.40906  best 0.45188  step 0.9500
14:56:36     iter  14  obj -0.30440  best 0.45188  step 0.9500
14:56:37     iter  15  obj -0.21918  best 0.45188  step 0.9500
14:56:38     iter  16  obj -1.05847  best 0.45188  step 0.9500
14:56:39     iter  17  obj 0.13946  best 0.45188  step 0.9500
14:56:40     iter  18  obj 0.13181  best 0.45188  step 0.9500
14:56:41     iter  19  obj -0.13308  best 0.45188  step 0.9500
14:56:42     iter  20  obj -0.25547  best 0.45188  step 0.9500
14:56:43     iter  21  obj -0.20358  best 0.45188  step 0.9500
14:56:44     iter  22  obj -0.05709  best 0.45188  step 0.4750  halved
14:56:45     iter  23  obj 0.19142  best 0.45188  step 0.4750
14:56:47     iter  24  obj 0.31204  best 0.45188  step 0.4750
14:56:48     iter  25  obj 0.05568  best 0.45188  step 0.4750
14:56:49     iter  26  obj -0.18108  best 0.45188  step 0.4750
14:56:50     iter  27  obj 0.00875  best 0.45188  step 0.4750
14:56:51     iter  28  obj 0.14411  best 0.45188  step 0.4750
14:56:52     iter  29  obj -0.05628  best 0.45188  step 0.4750
14:56:53     iter  30  obj -0.46630  best 0.45188  step 0.4750
14:56:54     iter  31  obj -0.01944  best 0.45188  step 0.4750
14:56:55     iter  32  obj 0.11542  best 0.45188  step 0.4750
14:56:56     iter  33  obj 0.20740  best 0.45188  step 0.4750
14:56:57     iter  34  obj -0.20272  best 0.45188  step 0.4750
14:56:59     iter  35  obj -0.27314  best 0.45188  step 0.4750
14:57:00     iter  36  obj 0.15764  best 0.45188  step 0.4750
14:57:02     iter  37  obj -0.04176  best 0.45188  step 0.4750
14:57:03     iter  38  obj -0.22139  best 0.45188  step 0.4750
14:57:05     iter  39  obj 0.01335  best 0.45188  step 0.4750
14:57:06     iter  40  obj -0.42628  best 0.45188  step 0.4750
14:57:08     iter  41  obj -0.09390  best 0.45188  step 0.2375  halved
14:57:09     iter  42  obj 0.33968  best 0.45188  step 0.2375
14:57:11     iter  43  obj 0.42779  best 0.45188  step 0.2375
14:57:12     iter  44  obj 0.38403  best 0.45188  step 0.2375
14:57:14     iter  45  obj 0.33205  best 0.45188  step 0.2375
14:57:15     iter  46  obj 0.30802  best 0.45188  step 0.2375
14:57:17     iter  47  obj 0.16075  best 0.45188  step 0.2375
14:57:18     iter  48  obj 0.15982  best 0.45188  step 0.2375
14:57:20     iter  49  obj 0.19766  best 0.45188  step 0.2375
14:57:21     iter  50  obj 0.34061  best 0.45188  step 0.2375
14:57:23     iter  51  obj 0.16489  best 0.45188  step 0.2375
14:57:24     iter  52  obj 0.23663  best 0.45188  step 0.2375
14:57:26     iter  53  obj 0.20019  best 0.45188  step 0.2375
14:57:28     iter  54  obj 0.18428  best 0.45188  step 0.2375
14:57:29     iter  55  obj 0.25524  best 0.45188  step 0.2375
14:57:31     iter  56  obj -0.40960  best 0.45188  step 0.2375
14:57:32     iter  57  obj 0.08252  best 0.45188  step 0.1187  halved
14:57:34     iter  58  obj 0.31795  best 0.45188  step 0.1187
14:57:35     iter  59  obj 0.45068  best 0.45188  step 0.1187
14:57:37     iter  60  obj 0.45145  best 0.45188  step 0.1187
14:57:38     iter  61  obj 0.45363  best 0.45363  step 0.1187  *
14:57:40     iter  62  obj 0.45159  best 0.45363  step 0.1187
14:57:41     iter  63  obj 0.43345  best 0.45363  step 0.1187
14:57:43     iter  64  obj 0.42718  best 0.45363  step 0.1187
14:57:44     iter  65  obj 0.40240  best 0.45363  step 0.1187
14:57:46     iter  66  obj 0.40602  best 0.45363  step 0.1187
14:57:47     iter  67  obj 0.27285  best 0.45363  step 0.1187
14:57:49     iter  68  obj 0.23096  best 0.45363  step 0.1187
14:57:50     iter  69  obj 0.36725  best 0.45363  step 0.1187
14:57:52     iter  70  obj 0.42545  best 0.45363  step 0.0594  halved
14:57:53     iter  71  obj 0.38646  best 0.45363  step 0.0594
14:57:55     iter  72  obj 0.45146  best 0.45363  step 0.0594
14:57:56     iter  73  obj 0.46619  best 0.46619  step 0.0594  *
14:57:58     iter  74  obj 0.47155  best 0.47155  step 0.0594  *
14:57:59     iter  75  obj 0.45139  best 0.47155  step 0.0594
14:58:00     iter  76  obj 0.47628  best 0.47628  step 0.0594  *
14:58:02     iter  77  obj 0.47401  best 0.47628  step 0.0594
14:58:03     iter  78  obj 0.45940  best 0.47628  step 0.0594
14:58:05     iter  79  obj 0.44058  best 0.47628  step 0.0594
14:58:07     iter  80  obj 0.46320  best 0.47628  step 0.0297  halved
14:58:08     iter  81  obj 0.45796  best 0.47628  step 0.0297
14:58:10     iter  82  obj 0.48156  best 0.48156  step 0.0297  *
14:58:11     iter  83  obj 0.47040  best 0.48156  step 0.0297
14:58:13     iter  84  obj 0.49107  best 0.49107  step 0.0297  *
14:58:14     iter  85  obj 0.48351  best 0.49107  step 0.0297
14:58:16     iter  86  obj 0.48877  best 0.49107  step 0.0297
14:58:17     iter  87  obj 0.50433  best 0.50433  step 0.0148  *  halved
14:58:19     iter  88  obj 0.53543  best 0.53543  step 0.0148  *
14:58:20     iter  89  obj 0.48160  best 0.53543  step 0.0148
14:58:22     iter  90  obj 0.51133  best 0.53543  step 0.0148
14:58:23     iter  91  obj 0.55152  best 0.55152  step 0.0148  *
14:58:25     iter  92  obj 0.53685  best 0.55152  step 0.0148
14:58:26     iter  93  obj 0.56833  best 0.56833  step 0.0074  *  halved
14:58:28     iter  94  obj 0.60395  best 0.60395  step 0.0074  *
14:58:30     iter  95  obj 0.59536  best 0.60395  step 0.0074
14:58:31     iter  96  obj 0.66917  best 0.66917  step 0.0074  *
14:58:32     iter  97  obj 0.71133  best 0.71133  step 0.0074  *
14:58:34     iter  98  obj 0.72544  best 0.72544  step 0.0074  *
14:58:35     iter  99  obj 0.70868  best 0.72544  step 0.0037  halved
14:58:37     iter 100  obj 0.82215  best 0.82215  step 0.0037  *
14:58:38      poisoned ce=0.49775 auc=0.6735 acc=0.7960 f1=0.0467  dce=+0.04312 dacc=-0.0100  k=1500  [138.7s]
14:58:38   mean over 1 trials: dce=+0.04312 dacc=-0.0100 dauc=-0.0420  -> results/niter_sweep_final/lcld_v2_rs1_it100
