02:16:23 [x-capgd] datasets/lcld_v2/splits/selected/natural/context_5000.csv (5000x28) -> datasets/lcld_v2/splits/test_attack_1000.csv (1000 of 1000)  k=1500 (30.0%)  attack_class=None  grid 1x1  cuda:3
02:16:26   clean  ce=0.45462 auc=0.7155 acc=0.8060 f1=0.1339  max|dp| over 3 repeats=0.00e+00  chunking_exact=True  [1.8s]
02:16:26   constraints=box (0 relations, dataset 'lcld_v2')  scaler=metadata  mutable 14/28  int 10  cat 5
02:16:26   -- trial run0_sub0
02:16:27     iter   0  obj 0.45462  best 0.45462  step 0.9500
02:16:28     iter   1  obj 0.45494  best 0.45494  step 0.9500  *
02:16:29     iter   2  obj 0.46418  best 0.46418  step 0.9500  *
02:16:30     iter   3  obj 0.46697  best 0.46697  step 0.9500  *
02:16:31     iter   4  obj 0.46797  best 0.46797  step 0.9500  *
02:16:32     iter   5  obj 0.46443  best 0.46797  step 0.9500
02:16:33     iter   6  obj 0.46090  best 0.46797  step 0.4750  halved
02:16:34     iter   7  obj 0.47098  best 0.47098  step 0.4750  *
02:16:35     iter   8  obj 0.46258  best 0.47098  step 0.4750
02:16:36     iter   9  obj 0.46358  best 0.47098  step 0.4750
02:16:37     iter  10  obj 0.46730  best 0.47098  step 0.4750
02:16:38     iter  11  obj 0.47363  best 0.47363  step 0.4750  *
02:16:40     iter  12  obj 0.47010  best 0.47363  step 0.4750
02:16:41     iter  13  obj 0.48404  best 0.48404  step 0.4750  *
02:16:42     iter  14  obj 0.46247  best 0.48404  step 0.4750
02:16:43     iter  15  obj 0.48669  best 0.48669  step 0.2375  *  halved
02:16:44     iter  16  obj 0.48792  best 0.48792  step 0.2375  *
02:16:45     iter  17  obj 0.49341  best 0.49341  step 0.2375  *
02:16:46     iter  18  obj 0.47955  best 0.49341  step 0.1187  halved
02:16:47     iter  19  obj 0.49749  best 0.49749  step 0.1187  *
02:16:48     iter  20  obj 0.46027  best 0.49749  step 0.0594  halved
02:16:49     iter  21  obj 0.46449  best 0.49749  step 0.0594
02:16:50     iter  22  obj 0.47198  best 0.49749  step 0.0297  halved
02:16:51     iter  23  obj 0.47118  best 0.49749  step 0.0148  halved
02:16:52     iter  24  obj 0.47106  best 0.49749  step 0.0074  halved
02:16:53     iter  25  obj 0.47524  best 0.49749  step 0.0074
02:16:54     iter  26  obj 0.49113  best 0.49749  step 0.0037  halved
02:16:55     iter  27  obj 0.48648  best 0.49749  step 0.0019  halved
02:16:56     iter  28  obj 0.48651  best 0.49749  step 0.0019
02:16:57     iter  29  obj 0.50216  best 0.50216  step 0.0019  *
02:16:58     iter  30  obj 0.53148  best 0.53148  step 0.0019  *
02:16:59      poisoned ce=0.53148 auc=0.6435 acc=0.7860 f1=0.0614  dce=+0.07686 dacc=-0.0200  k=1500  [32.9s]
02:16:59   mean over 1 trials: dce=+0.07686 dacc=-0.0200 dauc=-0.0720  -> results/ablation_niter/lcld_v2_nat5000_box_it30
