05:19:05 url_unique lam1_rs1: dce=+0.0258 dacc=+0.0020 dauc=-0.0023 pre_repair_obj=6.4639 within_eps=True maxL2=0.374 viol=0 222s
05:22:55 url_unique lam1_rs2: dce=+0.1286 dacc=-0.0380 dauc=-0.0159 pre_repair_obj=2.4088 within_eps=True maxL2=0.377 viol=0 222s
05:26:46 url_unique lam1_rs3: dce=+0.0281 dacc=-0.0010 dauc=-0.0032 pre_repair_obj=1.3540 within_eps=True maxL2=0.299 viol=0 222s
05:30:36 url_unique lam0.7_rs1: dce=+0.0222 dacc=+0.0040 dauc=-0.0013 pre_repair_obj=3.5060 within_eps=True maxL2=0.340 viol=0 222s
05:34:26 url_unique lam0.7_rs2: dce=+0.0685 dacc=-0.0230 dauc=-0.0086 pre_repair_obj=2.2588 within_eps=True maxL2=0.387 viol=0 222s
05:38:17 url_unique lam0.7_rs3: dce=+0.0265 dacc=-0.0040 dauc=-0.0035 pre_repair_obj=6.6118 within_eps=True maxL2=0.383 viol=0 222s
05:42:07 url_unique lam0.5_rs1: dce=+0.0738 dacc=-0.0290 dauc=-0.0084 pre_repair_obj=1.1571 within_eps=True maxL2=0.395 viol=0 222s
05:45:58 url_unique lam0.5_rs2: dce=+0.0535 dacc=-0.0140 dauc=-0.0071 pre_repair_obj=2.0453 within_eps=True maxL2=0.314 viol=0 222s
05:49:48 url_unique lam0.5_rs3: dce=+0.0376 dacc=-0.0020 dauc=-0.0047 pre_repair_obj=5.4547 within_eps=True maxL2=0.396 viol=0.0153 222s
05:53:41 url_unique lam0.3_rs1: dce=+0.0588 dacc=-0.0120 dauc=-0.0065 pre_repair_obj=3.4657 within_eps=True maxL2=0.400 viol=0 222s
05:57:31 url_unique lam0.3_rs2: dce=+0.0789 dacc=-0.0350 dauc=-0.0101 pre_repair_obj=1.2357 within_eps=True maxL2=0.392 viol=0.0027 222s
06:01:22 url_unique lam0.3_rs3: dce=+0.0335 dacc=+0.0000 dauc=-0.0039 pre_repair_obj=5.4753 within_eps=True maxL2=0.399 viol=0 222s
06:05:12 url_unique lam0.1_rs1: dce=+0.0677 dacc=-0.0200 dauc=-0.0081 pre_repair_obj=2.7135 within_eps=True maxL2=0.385 viol=0 222s
06:09:02 url_unique lam0.1_rs2: dce=+0.0796 dacc=-0.0280 dauc=-0.0100 pre_repair_obj=1.5018 within_eps=True maxL2=0.378 viol=0.0047 222s
06:12:53 url_unique lam0.1_rs3: dce=+0.0288 dacc=-0.0010 dauc=-0.0032 pre_repair_obj=6.8370 within_eps=True maxL2=0.385 viol=0.01 222s
06:16:43 url_unique lam0.03_rs1: dce=+0.0869 dacc=-0.0200 dauc=-0.0102 pre_repair_obj=1.7506 within_eps=True maxL2=0.381 viol=0 222s
06:20:34 url_unique lam0.03_rs2: dce=+0.1162 dacc=-0.0370 dauc=-0.0134 pre_repair_obj=1.6796 within_eps=True maxL2=0.395 viol=0.0013 222s
06:24:24 url_unique lam0.03_rs3: dce=+0.0396 dacc=-0.0060 dauc=-0.0052 pre_repair_obj=7.8589 within_eps=True maxL2=0.397 viol=0.11 222s
06:28:15 url_unique lam0.01_rs1: dce=+0.0345 dacc=-0.0050 dauc=-0.0047 pre_repair_obj=5.4786 within_eps=True maxL2=0.379 viol=0.0687 222s
06:32:05 url_unique lam0.01_rs2: dce=+0.0994 dacc=-0.0340 dauc=-0.0122 pre_repair_obj=1.3183 within_eps=True maxL2=0.403 viol=0.0247 222s
06:35:56 url_unique lam0.01_rs3: dce=+0.0260 dacc=-0.0020 dauc=-0.0030 pre_repair_obj=6.9708 within_eps=True maxL2=0.388 viol=0.088 222s
06:39:46 url_unique lam0.001_rs1: dce=+0.0379 dacc=-0.0090 dauc=-0.0051 pre_repair_obj=5.7278 within_eps=True maxL2=0.396 viol=0.26 222s
06:43:37 url_unique lam0.001_rs2: dce=+0.0695 dacc=-0.0180 dauc=-0.0102 pre_repair_obj=3.9417 within_eps=True maxL2=0.380 viol=0.3673 222s
06:47:27 url_unique lam0.001_rs3: dce=+0.0625 dacc=-0.0130 dauc=-0.0078 pre_repair_obj=3.7094 within_eps=True maxL2=0.387 viol=0.154 222s
06:51:18 url_unique lam0_rs1: dce=+0.0752 dacc=-0.0230 dauc=-0.0097 pre_repair_obj=1.1892 within_eps=True maxL2=0.382 viol=0.6427 222s
06:55:08 url_unique lam0_rs2: dce=+0.0703 dacc=-0.0120 dauc=-0.0084 pre_repair_obj=4.9471 within_eps=True maxL2=0.391 viol=0.2807 222s
06:58:58 url_unique lam0_rs3: dce=+0.0260 dacc=-0.0020 dauc=-0.0028 pre_repair_obj=4.5907 within_eps=True maxL2=0.387 viol=0.2607 222s
