06:12:55 [x-capgd] datasets/url_unique/splits/selected/natural/context_5000.csv (5000x63) -> datasets/url_unique/splits/test_attack_1000.csv (1000 of 1000)  k=1500 (30.0%)  attack_class=None  grid 1x1  cuda:1
06:13:00   clean  ce=0.09328 auc=0.9935 acc=0.9650 f1=0.9644  max|dp| over 3 repeats=0.00e+00  chunking_exact=True  [3.2s]
06:13:00   constraints=full (14 relations, dataset 'url_unique')  scaler=metadata  mutable 63/63  int 58  cat 0
06:13:00   -- trial run0_sub0
06:13:02     iter   0  obj 0.09328  best 0.09328  step 0.9500
06:13:05     iter   1  obj -0.03247  best 0.09328  step 0.9500
06:13:07     iter   2  obj 0.09993  best 0.09993  step 0.9500  *
06:13:09     iter   3  obj 0.10743  best 0.10743  step 0.9500  *
06:13:11     iter   4  obj 0.10087  best 0.10743  step 0.9500
06:13:13     iter   5  obj 0.08703  best 0.10743  step 0.9500
06:13:15     iter   6  obj 0.08738  best 0.10743  step 0.9500
06:13:18     iter   7  obj 0.06932  best 0.10743  step 0.9500
06:13:20     iter   8  obj 0.09391  best 0.10743  step 0.9500
06:13:22     iter   9  obj 0.10041  best 0.10743  step 0.9500
06:13:24     iter  10  obj 0.09343  best 0.10743  step 0.9500
06:13:26     iter  11  obj 0.09850  best 0.10743  step 0.9500
06:13:29     iter  12  obj 0.08826  best 0.10743  step 0.9500
06:13:31     iter  13  obj 0.07622  best 0.10743  step 0.9500
06:13:33     iter  14  obj 0.09267  best 0.10743  step 0.9500
06:13:35     iter  15  obj 0.08169  best 0.10743  step 0.9500
06:13:37     iter  16  obj 0.09223  best 0.10743  step 0.9500
06:13:40     iter  17  obj 0.10144  best 0.10743  step 0.9500
06:13:42     iter  18  obj 0.09906  best 0.10743  step 0.9500
06:13:44     iter  19  obj 0.10221  best 0.10743  step 0.9500
06:13:46     iter  20  obj 0.09211  best 0.10743  step 0.9500
06:13:48     iter  21  obj 0.08008  best 0.10743  step 0.9500
06:13:51     iter  22  obj 0.09285  best 0.10743  step 0.4750  halved
06:13:53     iter  23  obj 0.04514  best 0.10743  step 0.4750
06:13:55     iter  24  obj 0.11161  best 0.11161  step 0.4750  *
06:13:57     iter  25  obj 0.11087  best 0.11161  step 0.4750
06:13:59     iter  26  obj 0.10964  best 0.11161  step 0.4750
06:14:01     iter  27  obj 0.12529  best 0.12529  step 0.4750  *
06:14:04     iter  28  obj 0.11254  best 0.12529  step 0.4750
06:14:06     iter  29  obj 0.12190  best 0.12529  step 0.4750
06:14:08     iter  30  obj 0.11055  best 0.12529  step 0.4750
06:14:10     iter  31  obj 0.11913  best 0.12529  step 0.4750
06:14:12     iter  32  obj 0.11267  best 0.12529  step 0.4750
06:14:15     iter  33  obj 0.11696  best 0.12529  step 0.4750
06:14:17     iter  34  obj 0.10303  best 0.12529  step 0.4750
06:14:19     iter  35  obj 0.11624  best 0.12529  step 0.4750
06:14:21     iter  36  obj 0.10535  best 0.12529  step 0.4750
06:14:23     iter  37  obj 0.13189  best 0.13189  step 0.4750  *
06:14:26     iter  38  obj 0.10038  best 0.13189  step 0.4750
06:14:28     iter  39  obj 0.10948  best 0.13189  step 0.4750
06:14:30     iter  40  obj 0.11048  best 0.13189  step 0.4750
06:14:32     iter  41  obj 0.11199  best 0.13189  step 0.2375  halved
06:14:34     iter  42  obj 0.04731  best 0.13189  step 0.2375
06:14:37     iter  43  obj 0.13869  best 0.13869  step 0.2375  *
06:14:39     iter  44  obj 0.15713  best 0.15713  step 0.2375  *
06:14:41     iter  45  obj 0.14948  best 0.15713  step 0.2375
06:14:43     iter  46  obj 0.14852  best 0.15713  step 0.2375
06:14:45     iter  47  obj 0.14072  best 0.15713  step 0.2375
06:14:48     iter  48  obj 0.13756  best 0.15713  step 0.2375
06:14:50     iter  49  obj 0.15087  best 0.15713  step 0.2375
06:14:52     iter  50  obj 0.15750  best 0.15750  step 0.2375  *
06:14:54     iter  51  obj 0.17444  best 0.17444  step 0.2375  *
06:14:56     iter  52  obj 0.18187  best 0.18187  step 0.2375  *
06:14:58     iter  53  obj 0.16935  best 0.18187  step 0.2375
06:15:01     iter  54  obj 0.13826  best 0.18187  step 0.2375
06:15:03     iter  55  obj 0.16142  best 0.18187  step 0.2375
06:15:05     iter  56  obj 0.16630  best 0.18187  step 0.2375
06:15:07     iter  57  obj 0.14852  best 0.18187  step 0.1188  halved
06:15:09     iter  58  obj 0.13204  best 0.18187  step 0.1188
06:15:12     iter  59  obj 0.19965  best 0.19965  step 0.1188  *
06:15:14     iter  60  obj 0.22137  best 0.22137  step 0.1188  *
06:15:16     iter  61  obj 0.19885  best 0.22137  step 0.1188
06:15:18     iter  62  obj 0.18230  best 0.22137  step 0.1188
06:15:20     iter  63  obj 0.22708  best 0.22708  step 0.1188  *
06:15:23     iter  64  obj 0.23330  best 0.23330  step 0.1188  *
06:15:25     iter  65  obj 0.29065  best 0.29065  step 0.1188  *
06:15:27     iter  66  obj 0.20923  best 0.29065  step 0.1188
06:15:29     iter  67  obj 0.28304  best 0.29065  step 0.1188
06:15:31     iter  68  obj 0.20768  best 0.29065  step 0.1188
06:15:34     iter  69  obj 0.22824  best 0.29065  step 0.1188
06:15:36     iter  70  obj 0.28331  best 0.29065  step 0.0594  halved
06:15:38     iter  71  obj 0.22783  best 0.29065  step 0.0594
06:15:40     iter  72  obj 0.29055  best 0.29065  step 0.0594
06:15:42     iter  73  obj 0.31961  best 0.31961  step 0.0594  *
06:15:45     iter  74  obj 0.25388  best 0.31961  step 0.0594
06:15:47     iter  75  obj 0.36077  best 0.36077  step 0.0594  *
06:15:49     iter  76  obj 0.38449  best 0.38449  step 0.0594  *
06:15:51     iter  77  obj 0.36129  best 0.38449  step 0.0594
06:15:53     iter  78  obj 0.37190  best 0.38449  step 0.0594
06:15:55     iter  79  obj 0.32849  best 0.38449  step 0.0594
06:15:58     iter  80  obj 0.35130  best 0.38449  step 0.0297  halved
06:16:00     iter  81  obj 0.33253  best 0.38449  step 0.0297
06:16:02     iter  82  obj 0.47320  best 0.47320  step 0.0297  *
06:16:04     iter  83  obj 0.46633  best 0.47320  step 0.0297
06:16:06     iter  84  obj 0.48651  best 0.48651  step 0.0297  *
06:16:09     iter  85  obj 0.48566  best 0.48651  step 0.0297
06:16:11     iter  86  obj 0.59891  best 0.59891  step 0.0297  *
06:16:13     iter  87  obj 0.71936  best 0.71936  step 0.0148  *  halved
06:16:15     iter  88  obj 0.70551  best 0.71936  step 0.0148
06:16:17     iter  89  obj 0.90187  best 0.90187  step 0.0148  *
06:16:20     iter  90  obj 0.95207  best 0.95207  step 0.0148  *
06:16:22     iter  91  obj 1.08050  best 1.08050  step 0.0148  *
06:16:24     iter  92  obj 1.15793  best 1.15793  step 0.0148  *
06:16:26     iter  93  obj 1.27638  best 1.27638  step 0.0148  *
06:16:28     iter  94  obj 1.23945  best 1.27638  step 0.0148
06:16:31     iter  95  obj 1.44323  best 1.44323  step 0.0148  *
06:16:33     iter  96  obj 1.40994  best 1.44323  step 0.0148
06:16:35     iter  97  obj 1.52944  best 1.52944  step 0.0148  *
06:16:37     iter  98  obj 1.52245  best 1.52944  step 0.0148
06:16:39     iter  99  obj 1.48193  best 1.52944  step 0.0074  halved
06:16:41     iter 100  obj 1.75059  best 1.75059  step 0.0074  *
06:16:42      poisoned ce=0.18015 auc=0.9833 acc=0.9450 f1=0.9438  dce=+0.08688 dacc=-0.0200  k=1500  [222.2s]
06:16:42   mean over 1 trials: dce=+0.08688 dacc=-0.0200 dauc=-0.0102  -> results/lambda_url_be/url_unique_lam0.03_rs1

