06:47:30 [x-capgd] datasets/url_unique/splits/selected/natural/context_5000.csv (5000x63) -> datasets/url_unique/splits/test_attack_1000.csv (1000 of 1000)  k=1500 (30.0%)  attack_class=None  grid 1x1  cuda:1
06:47:34   clean  ce=0.09328 auc=0.9935 acc=0.9650 f1=0.9644  max|dp| over 3 repeats=0.00e+00  chunking_exact=True  [3.2s]
06:47:34   constraints=full (14 relations, dataset 'url_unique')  scaler=metadata  mutable 63/63  int 58  cat 0
06:47:34   -- trial run0_sub0
06:47:36     iter   0  obj 0.09328  best 0.09328  step 0.9500
06:47:39     iter   1  obj 0.09874  best 0.09874  step 0.9500  *
06:47:41     iter   2  obj 0.11055  best 0.11055  step 0.9500  *
06:47:43     iter   3  obj 0.11169  best 0.11169  step 0.9500  *
06:47:45     iter   4  obj 0.11502  best 0.11502  step 0.9500  *
06:47:47     iter   5  obj 0.11501  best 0.11502  step 0.9500
06:47:50     iter   6  obj 0.09702  best 0.11502  step 0.9500
06:47:52     iter   7  obj 0.10056  best 0.11502  step 0.9500
06:47:54     iter   8  obj 0.11024  best 0.11502  step 0.9500
06:47:56     iter   9  obj 0.11926  best 0.11926  step 0.9500  *
06:47:58     iter  10  obj 0.11402  best 0.11926  step 0.9500
06:48:01     iter  11  obj 0.12337  best 0.12337  step 0.9500  *
06:48:03     iter  12  obj 0.11404  best 0.12337  step 0.9500
06:48:05     iter  13  obj 0.11436  best 0.12337  step 0.9500
06:48:07     iter  14  obj 0.11414  best 0.12337  step 0.9500
06:48:09     iter  15  obj 0.11976  best 0.12337  step 0.9500
06:48:11     iter  16  obj 0.11557  best 0.12337  step 0.9500
06:48:14     iter  17  obj 0.11376  best 0.12337  step 0.9500
06:48:16     iter  18  obj 0.10994  best 0.12337  step 0.9500
06:48:18     iter  19  obj 0.12344  best 0.12344  step 0.9500  *
06:48:20     iter  20  obj 0.11733  best 0.12344  step 0.9500
06:48:22     iter  21  obj 0.11699  best 0.12344  step 0.9500
06:48:25     iter  22  obj 0.12022  best 0.12344  step 0.4750  halved
06:48:27     iter  23  obj 0.10633  best 0.12344  step 0.4750
06:48:29     iter  24  obj 0.12647  best 0.12647  step 0.4750  *
06:48:31     iter  25  obj 0.13687  best 0.13687  step 0.4750  *
06:48:33     iter  26  obj 0.12317  best 0.13687  step 0.4750
06:48:36     iter  27  obj 0.13782  best 0.13782  step 0.4750  *
06:48:38     iter  28  obj 0.12977  best 0.13782  step 0.4750
06:48:40     iter  29  obj 0.11791  best 0.13782  step 0.4750
06:48:42     iter  30  obj 0.12551  best 0.13782  step 0.4750
06:48:44     iter  31  obj 0.13608  best 0.13782  step 0.4750
06:48:47     iter  32  obj 0.12379  best 0.13782  step 0.4750
06:48:49     iter  33  obj 0.12702  best 0.13782  step 0.4750
06:48:51     iter  34  obj 0.14509  best 0.14509  step 0.4750  *
06:48:53     iter  35  obj 0.14151  best 0.14509  step 0.4750
06:48:55     iter  36  obj 0.13561  best 0.14509  step 0.4750
06:48:58     iter  37  obj 0.14215  best 0.14509  step 0.4750
06:49:00     iter  38  obj 0.13226  best 0.14509  step 0.4750
06:49:02     iter  39  obj 0.12679  best 0.14509  step 0.4750
06:49:04     iter  40  obj 0.12039  best 0.14509  step 0.4750
06:49:06     iter  41  obj 0.13138  best 0.14509  step 0.2375  halved
06:49:09     iter  42  obj 0.14584  best 0.14584  step 0.2375  *
06:49:11     iter  43  obj 0.15038  best 0.15038  step 0.2375  *
06:49:13     iter  44  obj 0.15002  best 0.15038  step 0.2375
06:49:15     iter  45  obj 0.15808  best 0.15808  step 0.2375  *
06:49:17     iter  46  obj 0.15146  best 0.15808  step 0.2375
06:49:19     iter  47  obj 0.15829  best 0.15829  step 0.2375  *
06:49:22     iter  48  obj 0.13674  best 0.15829  step 0.2375
06:49:24     iter  49  obj 0.13804  best 0.15829  step 0.2375
06:49:26     iter  50  obj 0.16078  best 0.16078  step 0.2375  *
06:49:28     iter  51  obj 0.14824  best 0.16078  step 0.2375
06:49:30     iter  52  obj 0.15440  best 0.16078  step 0.2375
06:49:33     iter  53  obj 0.14803  best 0.16078  step 0.2375
06:49:35     iter  54  obj 0.14674  best 0.16078  step 0.2375
06:49:37     iter  55  obj 0.15445  best 0.16078  step 0.2375
06:49:39     iter  56  obj 0.16243  best 0.16243  step 0.2375  *
06:49:41     iter  57  obj 0.15877  best 0.16243  step 0.1188  halved
06:49:44     iter  58  obj 0.17818  best 0.17818  step 0.1188  *
06:49:46     iter  59  obj 0.18690  best 0.18690  step 0.1188  *
06:49:48     iter  60  obj 0.20658  best 0.20658  step 0.1188  *
06:49:50     iter  61  obj 0.20698  best 0.20698  step 0.1188  *
06:49:52     iter  62  obj 0.20459  best 0.20698  step 0.1188
06:49:55     iter  63  obj 0.20952  best 0.20952  step 0.1188  *
06:49:57     iter  64  obj 0.25723  best 0.25723  step 0.1188  *
06:49:59     iter  65  obj 0.26207  best 0.26207  step 0.1188  *
06:50:01     iter  66  obj 0.24612  best 0.26207  step 0.1188
06:50:03     iter  67  obj 0.21493  best 0.26207  step 0.1188
06:50:06     iter  68  obj 0.22549  best 0.26207  step 0.1188
06:50:08     iter  69  obj 0.23873  best 0.26207  step 0.1188
06:50:10     iter  70  obj 0.23897  best 0.26207  step 0.1188
06:50:12     iter  71  obj 0.15824  best 0.26207  step 0.1188
06:50:14     iter  72  obj 0.23254  best 0.26207  step 0.1188
06:50:17     iter  73  obj 0.20972  best 0.26207  step 0.1188
06:50:19     iter  74  obj 0.24427  best 0.26207  step 0.1188
06:50:21     iter  75  obj 0.24845  best 0.26207  step 0.1188
06:50:23     iter  76  obj 0.29018  best 0.29018  step 0.1188  *
06:50:25     iter  77  obj 0.26409  best 0.29018  step 0.1188
06:50:28     iter  78  obj 0.21518  best 0.29018  step 0.1188
06:50:30     iter  79  obj 0.25429  best 0.29018  step 0.1188
06:50:32     iter  80  obj 0.26324  best 0.29018  step 0.0594  halved
06:50:34     iter  81  obj 0.22989  best 0.29018  step 0.0594
06:50:36     iter  82  obj 0.27412  best 0.29018  step 0.0594
06:50:38     iter  83  obj 0.29703  best 0.29703  step 0.0594  *
06:50:41     iter  84  obj 0.29927  best 0.29927  step 0.0594  *
06:50:43     iter  85  obj 0.36073  best 0.36073  step 0.0594  *
06:50:45     iter  86  obj 0.31126  best 0.36073  step 0.0594
06:50:47     iter  87  obj 0.33770  best 0.36073  step 0.0297  halved
06:50:49     iter  88  obj 0.43139  best 0.43139  step 0.0297  *
06:50:52     iter  89  obj 0.47090  best 0.47090  step 0.0297  *
06:50:54     iter  90  obj 0.50032  best 0.50032  step 0.0297  *
06:50:56     iter  91  obj 0.48956  best 0.50032  step 0.0297
06:50:58     iter  92  obj 0.55118  best 0.55118  step 0.0297  *
06:51:00     iter  93  obj 0.67634  best 0.67634  step 0.0297  *
06:51:03     iter  94  obj 0.62568  best 0.67634  step 0.0297
06:51:05     iter  95  obj 0.74681  best 0.74681  step 0.0297  *
06:51:07     iter  96  obj 0.92344  best 0.92344  step 0.0297  *
06:51:09     iter  97  obj 0.86973  best 0.92344  step 0.0297
06:51:11     iter  98  obj 0.75114  best 0.92344  step 0.0297
06:51:14     iter  99  obj 0.93569  best 0.93569  step 0.0148  *  halved
06:51:16     iter 100  obj 1.18924  best 1.18924  step 0.0148  *
06:51:16      poisoned ce=0.16844 auc=0.9838 acc=0.9420 f1=0.9408  dce=+0.07516 dacc=-0.0230  k=1500  [222.3s]
06:51:16   mean over 1 trials: dce=+0.07516 dacc=-0.0230 dauc=-0.0097  -> results/lambda_url_be/url_unique_lam0_rs1

