05:49:51 [x-capgd] datasets/url_unique/splits/selected/natural/context_5000.csv (5000x63) -> datasets/url_unique/splits/test_attack_1000.csv (1000 of 1000)  k=1500 (30.0%)  attack_class=None  grid 1x1  cuda:1
05:49:57   clean  ce=0.09328 auc=0.9935 acc=0.9650 f1=0.9644  max|dp| over 3 repeats=0.00e+00  chunking_exact=True  [5.2s]
05:49:57   constraints=full (14 relations, dataset 'url_unique')  scaler=metadata  mutable 63/63  int 58  cat 0
05:49:57   -- trial run0_sub0
05:50:00     iter   0  obj 0.09328  best 0.09328  step 0.9500
05:50:02     iter   1  obj -1.21334  best 0.09328  step 0.9500
05:50:04     iter   2  obj 0.03333  best 0.09328  step 0.9500
05:50:06     iter   3  obj 0.01029  best 0.09328  step 0.9500
05:50:08     iter   4  obj -0.05823  best 0.09328  step 0.9500
05:50:11     iter   5  obj -0.12232  best 0.09328  step 0.9500
05:50:13     iter   6  obj -0.06082  best 0.09328  step 0.9500
05:50:15     iter   7  obj -0.39973  best 0.09328  step 0.9500
05:50:17     iter   8  obj -0.19036  best 0.09328  step 0.9500
05:50:19     iter   9  obj -0.08236  best 0.09328  step 0.9500
05:50:22     iter  10  obj -0.02906  best 0.09328  step 0.9500
05:50:24     iter  11  obj -0.10586  best 0.09328  step 0.9500
05:50:26     iter  12  obj -0.03406  best 0.09328  step 0.9500
05:50:28     iter  13  obj -0.15277  best 0.09328  step 0.9500
05:50:30     iter  14  obj -0.11590  best 0.09328  step 0.9500
05:50:32     iter  15  obj -0.04379  best 0.09328  step 0.9500
05:50:35     iter  16  obj -0.05370  best 0.09328  step 0.9500
05:50:37     iter  17  obj -0.09069  best 0.09328  step 0.9500
05:50:39     iter  18  obj -0.08415  best 0.09328  step 0.9500
05:50:41     iter  19  obj -0.11560  best 0.09328  step 0.9500
05:50:43     iter  20  obj -0.14474  best 0.09328  step 0.9500
05:50:46     iter  21  obj -0.04125  best 0.09328  step 0.9500
05:50:48     iter  22  obj -0.03824  best 0.09328  step 0.4750  halved
05:50:50     iter  23  obj -1.26551  best 0.09328  step 0.4750
05:50:52     iter  24  obj -0.12496  best 0.09328  step 0.4750
05:50:54     iter  25  obj 0.01540  best 0.09328  step 0.4750
05:50:57     iter  26  obj 0.04841  best 0.09328  step 0.4750
05:50:59     iter  27  obj 0.06699  best 0.09328  step 0.4750
05:51:01     iter  28  obj 0.03128  best 0.09328  step 0.4750
05:51:03     iter  29  obj -0.01911  best 0.09328  step 0.4750
05:51:05     iter  30  obj -0.03929  best 0.09328  step 0.4750
05:51:07     iter  31  obj 0.06423  best 0.09328  step 0.4750
05:51:10     iter  32  obj 0.05251  best 0.09328  step 0.4750
05:51:12     iter  33  obj 0.06383  best 0.09328  step 0.4750
05:51:14     iter  34  obj 0.07295  best 0.09328  step 0.4750
05:51:16     iter  35  obj 0.00681  best 0.09328  step 0.4750
05:51:18     iter  36  obj 0.03375  best 0.09328  step 0.4750
05:51:21     iter  37  obj -0.06626  best 0.09328  step 0.4750
05:51:23     iter  38  obj -0.02581  best 0.09328  step 0.4750
05:51:25     iter  39  obj 0.04029  best 0.09328  step 0.4750
05:51:27     iter  40  obj -0.01951  best 0.09328  step 0.4750
05:51:29     iter  41  obj -0.00423  best 0.09328  step 0.2375  halved
05:51:32     iter  42  obj -0.78981  best 0.09328  step 0.2375
05:51:34     iter  43  obj 0.00063  best 0.09328  step 0.2375
05:51:36     iter  44  obj 0.04710  best 0.09328  step 0.2375
05:51:38     iter  45  obj 0.04536  best 0.09328  step 0.2375
05:51:40     iter  46  obj 0.04979  best 0.09328  step 0.2375
05:51:43     iter  47  obj 0.06873  best 0.09328  step 0.2375
05:51:45     iter  48  obj 0.06654  best 0.09328  step 0.2375
05:51:47     iter  49  obj 0.08683  best 0.09328  step 0.2375
05:51:49     iter  50  obj 0.12188  best 0.12188  step 0.2375  *
05:51:51     iter  51  obj 0.11665  best 0.12188  step 0.2375
05:51:54     iter  52  obj 0.13100  best 0.13100  step 0.2375  *
05:51:56     iter  53  obj 0.09865  best 0.13100  step 0.2375
05:51:58     iter  54  obj 0.07761  best 0.13100  step 0.2375
05:52:00     iter  55  obj 0.10127  best 0.13100  step 0.2375
05:52:02     iter  56  obj 0.09815  best 0.13100  step 0.2375
05:52:04     iter  57  obj 0.12964  best 0.13100  step 0.1188  halved
05:52:07     iter  58  obj -0.22167  best 0.13100  step 0.1188
05:52:09     iter  59  obj 0.14445  best 0.14445  step 0.1188  *
05:52:11     iter  60  obj 0.14547  best 0.14547  step 0.1188  *
05:52:13     iter  61  obj 0.17102  best 0.17102  step 0.1188  *
05:52:15     iter  62  obj 0.16534  best 0.17102  step 0.1188
05:52:18     iter  63  obj 0.18184  best 0.18184  step 0.1188  *
05:52:20     iter  64  obj 0.16737  best 0.18184  step 0.1188
05:52:22     iter  65  obj 0.17730  best 0.18184  step 0.1188
05:52:24     iter  66  obj 0.21690  best 0.21690  step 0.1188  *
05:52:26     iter  67  obj 0.17620  best 0.21690  step 0.1188
05:52:29     iter  68  obj 0.20715  best 0.21690  step 0.1188
05:52:31     iter  69  obj 0.21539  best 0.21690  step 0.1188
05:52:33     iter  70  obj 0.19818  best 0.21690  step 0.0594  halved
05:52:35     iter  71  obj 0.13673  best 0.21690  step 0.0594
05:52:37     iter  72  obj 0.21044  best 0.21690  step 0.0594
05:52:40     iter  73  obj 0.22086  best 0.22086  step 0.0594  *
05:52:42     iter  74  obj 0.25669  best 0.25669  step 0.0594  *
05:52:44     iter  75  obj 0.29209  best 0.29209  step 0.0594  *
05:52:46     iter  76  obj 0.27237  best 0.29209  step 0.0594
05:52:48     iter  77  obj 0.47522  best 0.47522  step 0.0594  *
05:52:51     iter  78  obj 0.63336  best 0.63336  step 0.0594  *
05:52:53     iter  79  obj 0.66959  best 0.66959  step 0.0594  *
05:52:55     iter  80  obj 0.55496  best 0.66959  step 0.0297  halved
05:52:57     iter  81  obj 0.71475  best 0.71475  step 0.0297  *
05:52:59     iter  82  obj 0.57895  best 0.71475  step 0.0297
05:53:02     iter  83  obj 0.90315  best 0.90315  step 0.0297  *
05:53:04     iter  84  obj 1.06561  best 1.06561  step 0.0297  *
05:53:06     iter  85  obj 1.14147  best 1.14147  step 0.0297  *
05:53:08     iter  86  obj 1.58832  best 1.58832  step 0.0297  *
05:53:10     iter  87  obj 1.67196  best 1.67196  step 0.0297  *
05:53:13     iter  88  obj 1.11239  best 1.67196  step 0.0297
05:53:15     iter  89  obj 1.63283  best 1.67196  step 0.0297
05:53:17     iter  90  obj 1.71766  best 1.71766  step 0.0297  *
05:53:19     iter  91  obj 1.78426  best 1.78426  step 0.0297  *
05:53:21     iter  92  obj 1.91997  best 1.91997  step 0.0297  *
05:53:24     iter  93  obj 2.07664  best 2.07664  step 0.0297  *
05:53:26     iter  94  obj 2.19889  best 2.19889  step 0.0297  *
05:53:28     iter  95  obj 2.28715  best 2.28715  step 0.0297  *
05:53:30     iter  96  obj 2.54418  best 2.54418  step 0.0297  *
05:53:32     iter  97  obj 2.26533  best 2.54418  step 0.0297
05:53:34     iter  98  obj 2.83357  best 2.83357  step 0.0297  *
05:53:37     iter  99  obj 3.20925  best 3.20925  step 0.0297  *
05:53:39     iter 100  obj 3.46574  best 3.46574  step 0.0297  *
05:53:40      poisoned ce=0.15207 auc=0.9871 acc=0.9530 f1=0.9533  dce=+0.05879 dacc=-0.0120  k=1500  [222.2s]
05:53:40   mean over 1 trials: dce=+0.05879 dacc=-0.0120 dauc=-0.0065  -> results/lambda_url_be/url_unique_lam0.3_rs1

