05:38:20 [x-capgd] datasets/url_unique/splits/selected/natural/context_5000.csv (5000x63) -> datasets/url_unique/splits/test_attack_1000.csv (1000 of 1000)  k=1500 (30.0%)  attack_class=None  grid 1x1  cuda:1
05:38:24   clean  ce=0.09328 auc=0.9935 acc=0.9650 f1=0.9644  max|dp| over 3 repeats=0.00e+00  chunking_exact=True  [3.3s]
05:38:24   constraints=full (14 relations, dataset 'url_unique')  scaler=metadata  mutable 63/63  int 58  cat 0
05:38:24   -- trial run0_sub0
05:38:26     iter   0  obj 0.09328  best 0.09328  step 0.9500
05:38:29     iter   1  obj -2.08806  best 0.09328  step 0.9500
05:38:31     iter   2  obj -0.01585  best 0.09328  step 0.9500
05:38:33     iter   3  obj -0.06592  best 0.09328  step 0.9500
05:38:35     iter   4  obj -0.09056  best 0.09328  step 0.9500
05:38:37     iter   5  obj -0.19004  best 0.09328  step 0.9500
05:38:40     iter   6  obj -0.19501  best 0.09328  step 0.9500
05:38:42     iter   7  obj -0.47757  best 0.09328  step 0.9500
05:38:44     iter   8  obj -0.29818  best 0.09328  step 0.9500
05:38:46     iter   9  obj -0.16186  best 0.09328  step 0.9500
05:38:48     iter  10  obj -0.06370  best 0.09328  step 0.9500
05:38:51     iter  11  obj -0.24610  best 0.09328  step 0.9500
05:38:53     iter  12  obj -0.23902  best 0.09328  step 0.9500
05:38:55     iter  13  obj -0.45619  best 0.09328  step 0.9500
05:38:57     iter  14  obj -0.19324  best 0.09328  step 0.9500
05:38:59     iter  15  obj -0.28095  best 0.09328  step 0.9500
05:39:02     iter  16  obj -0.08358  best 0.09328  step 0.9500
05:39:04     iter  17  obj -0.10601  best 0.09328  step 0.9500
05:39:06     iter  18  obj -0.27954  best 0.09328  step 0.9500
05:39:08     iter  19  obj -0.14423  best 0.09328  step 0.9500
05:39:10     iter  20  obj -0.18473  best 0.09328  step 0.9500
05:39:12     iter  21  obj -0.34556  best 0.09328  step 0.9500
05:39:15     iter  22  obj -0.10518  best 0.09328  step 0.4750  halved
05:39:17     iter  23  obj -2.12992  best 0.09328  step 0.4750
05:39:19     iter  24  obj -0.32644  best 0.09328  step 0.4750
05:39:21     iter  25  obj -0.01399  best 0.09328  step 0.4750
05:39:23     iter  26  obj 0.02875  best 0.09328  step 0.4750
05:39:26     iter  27  obj 0.06660  best 0.09328  step 0.4750
05:39:28     iter  28  obj -0.02018  best 0.09328  step 0.4750
05:39:30     iter  29  obj -0.02424  best 0.09328  step 0.4750
05:39:32     iter  30  obj -0.01671  best 0.09328  step 0.4750
05:39:34     iter  31  obj -0.05283  best 0.09328  step 0.4750
05:39:37     iter  32  obj 0.04518  best 0.09328  step 0.4750
05:39:39     iter  33  obj 0.00023  best 0.09328  step 0.4750
05:39:41     iter  34  obj -0.07245  best 0.09328  step 0.4750
05:39:43     iter  35  obj -0.26402  best 0.09328  step 0.4750
05:39:45     iter  36  obj -0.15693  best 0.09328  step 0.4750
05:39:48     iter  37  obj 0.01227  best 0.09328  step 0.4750
05:39:50     iter  38  obj -0.14440  best 0.09328  step 0.4750
05:39:52     iter  39  obj -0.09727  best 0.09328  step 0.4750
05:39:54     iter  40  obj -0.17412  best 0.09328  step 0.4750
05:39:56     iter  41  obj -0.09335  best 0.09328  step 0.2375  halved
05:39:58     iter  42  obj -1.47162  best 0.09328  step 0.2375
05:40:01     iter  43  obj -0.10132  best 0.09328  step 0.2375
05:40:03     iter  44  obj -0.02589  best 0.09328  step 0.2375
05:40:05     iter  45  obj 0.06348  best 0.09328  step 0.2375
05:40:07     iter  46  obj -0.02552  best 0.09328  step 0.2375
05:40:09     iter  47  obj -0.00520  best 0.09328  step 0.2375
05:40:12     iter  48  obj -0.04744  best 0.09328  step 0.2375
05:40:14     iter  49  obj -0.05827  best 0.09328  step 0.2375
05:40:16     iter  50  obj 0.03704  best 0.09328  step 0.2375
05:40:18     iter  51  obj 0.03956  best 0.09328  step 0.2375
05:40:20     iter  52  obj 0.04073  best 0.09328  step 0.2375
05:40:23     iter  53  obj 0.10031  best 0.10031  step 0.2375  *
05:40:25     iter  54  obj 0.09171  best 0.10031  step 0.2375
05:40:27     iter  55  obj 0.05550  best 0.10031  step 0.2375
05:40:29     iter  56  obj 0.10982  best 0.10982  step 0.2375  *
05:40:31     iter  57  obj 0.11512  best 0.11512  step 0.1188  *  halved
05:40:33     iter  58  obj 0.07880  best 0.11512  step 0.1188
05:40:36     iter  59  obj 0.15053  best 0.15053  step 0.1188  *
05:40:38     iter  60  obj 0.15653  best 0.15653  step 0.1188  *
05:40:40     iter  61  obj 0.13211  best 0.15653  step 0.1188
05:40:42     iter  62  obj 0.12721  best 0.15653  step 0.1188
05:40:44     iter  63  obj 0.16440  best 0.16440  step 0.1188  *
05:40:47     iter  64  obj 0.19626  best 0.19626  step 0.1188  *
05:40:49     iter  65  obj 0.15926  best 0.19626  step 0.1188
05:40:51     iter  66  obj 0.17982  best 0.19626  step 0.1188
05:40:53     iter  67  obj 0.17404  best 0.19626  step 0.1188
05:40:55     iter  68  obj 0.20330  best 0.20330  step 0.1188  *
05:40:58     iter  69  obj 0.20059  best 0.20330  step 0.1188
05:41:00     iter  70  obj 0.22729  best 0.22729  step 0.0594  *  halved
05:41:02     iter  71  obj 0.20545  best 0.22729  step 0.0594
05:41:04     iter  72  obj 0.24246  best 0.24246  step 0.0594  *
05:41:06     iter  73  obj 0.27482  best 0.27482  step 0.0594  *
05:41:09     iter  74  obj 0.25486  best 0.27482  step 0.0594
05:41:11     iter  75  obj 0.26104  best 0.27482  step 0.0594
05:41:13     iter  76  obj 0.29103  best 0.29103  step 0.0594  *
05:41:15     iter  77  obj 0.35684  best 0.35684  step 0.0594  *
05:41:17     iter  78  obj 0.25131  best 0.35684  step 0.0594
05:41:19     iter  79  obj 0.27806  best 0.35684  step 0.0594
05:41:22     iter  80  obj 0.37346  best 0.37346  step 0.0297  *  halved
05:41:24     iter  81  obj 0.41021  best 0.41021  step 0.0297  *
05:41:26     iter  82  obj 0.32198  best 0.41021  step 0.0297
05:41:28     iter  83  obj 0.51150  best 0.51150  step 0.0297  *
05:41:30     iter  84  obj 0.53058  best 0.53058  step 0.0297  *
05:41:33     iter  85  obj 0.46329  best 0.53058  step 0.0297
05:41:35     iter  86  obj 0.49463  best 0.53058  step 0.0297
05:41:37     iter  87  obj 0.54322  best 0.54322  step 0.0148  *  halved
05:41:39     iter  88  obj 0.69895  best 0.69895  step 0.0148  *
05:41:41     iter  89  obj 0.77528  best 0.77528  step 0.0148  *
05:41:44     iter  90  obj 0.81290  best 0.81290  step 0.0148  *
05:41:46     iter  91  obj 0.82652  best 0.82652  step 0.0148  *
05:41:48     iter  92  obj 0.78904  best 0.82652  step 0.0148
05:41:50     iter  93  obj 0.85917  best 0.85917  step 0.0148  *
05:41:52     iter  94  obj 0.88623  best 0.88623  step 0.0148  *
05:41:55     iter  95  obj 0.90765  best 0.90765  step 0.0148  *
05:41:57     iter  96  obj 1.02154  best 1.02154  step 0.0148  *
05:41:59     iter  97  obj 1.01579  best 1.02154  step 0.0148
05:42:01     iter  98  obj 1.03123  best 1.03123  step 0.0148  *
05:42:03     iter  99  obj 1.15713  best 1.15713  step 0.0148  *
05:42:05     iter 100  obj 1.13332  best 1.15713  step 0.0148
05:42:06      poisoned ce=0.16710 auc=0.9851 acc=0.9360 f1=0.9350  dce=+0.07383 dacc=-0.0290  k=1500  [222.0s]
05:42:06   mean over 1 trials: dce=+0.07383 dacc=-0.0290 dauc=-0.0084  -> results/lambda_url_be/url_unique_lam0.5_rs1

