05:42:10 [x-capgd] datasets/url_unique/splits/selected/natural/context_5000.csv (5000x63) -> datasets/url_unique/splits/test_attack_1000.csv (1000 of 1000)  k=1500 (30.0%)  attack_class=None  grid 1x1  cuda:1
05:42:14   clean  ce=0.09328 auc=0.9935 acc=0.9650 f1=0.9644  max|dp| over 3 repeats=0.00e+00  chunking_exact=True  [3.3s]
05:42:14   constraints=full (14 relations, dataset 'url_unique')  scaler=metadata  mutable 63/63  int 58  cat 0
05:42:14   -- trial run0_sub0
05:42:17     iter   0  obj 0.09328  best 0.09328  step 0.9500
05:42:19     iter   1  obj -2.08563  best 0.09328  step 0.9500
05:42:21     iter   2  obj -0.05066  best 0.09328  step 0.9500
05:42:23     iter   3  obj 0.01520  best 0.09328  step 0.9500
05:42:26     iter   4  obj -0.07445  best 0.09328  step 0.9500
05:42:28     iter   5  obj -0.15319  best 0.09328  step 0.9500
05:42:30     iter   6  obj -0.17520  best 0.09328  step 0.9500
05:42:32     iter   7  obj -0.42061  best 0.09328  step 0.9500
05:42:34     iter   8  obj -0.11191  best 0.09328  step 0.9500
05:42:36     iter   9  obj -0.14976  best 0.09328  step 0.9500
05:42:39     iter  10  obj -0.09960  best 0.09328  step 0.9500
05:42:41     iter  11  obj -0.20052  best 0.09328  step 0.9500
05:42:43     iter  12  obj -0.10589  best 0.09328  step 0.9500
05:42:45     iter  13  obj -0.16823  best 0.09328  step 0.9500
05:42:47     iter  14  obj -0.24539  best 0.09328  step 0.9500
05:42:50     iter  15  obj -0.29237  best 0.09328  step 0.9500
05:42:52     iter  16  obj -0.15543  best 0.09328  step 0.9500
05:42:54     iter  17  obj -0.16254  best 0.09328  step 0.9500
05:42:56     iter  18  obj -0.14910  best 0.09328  step 0.9500
05:42:58     iter  19  obj -0.28459  best 0.09328  step 0.9500
05:43:01     iter  20  obj -0.22675  best 0.09328  step 0.9500
05:43:03     iter  21  obj -0.21594  best 0.09328  step 0.9500
05:43:05     iter  22  obj -0.19394  best 0.09328  step 0.4750  halved
05:43:07     iter  23  obj -1.80202  best 0.09328  step 0.4750
05:43:09     iter  24  obj -0.24016  best 0.09328  step 0.4750
05:43:11     iter  25  obj -0.07237  best 0.09328  step 0.4750
05:43:14     iter  26  obj 0.01611  best 0.09328  step 0.4750
05:43:16     iter  27  obj 0.07384  best 0.09328  step 0.4750
05:43:18     iter  28  obj 0.00970  best 0.09328  step 0.4750
05:43:20     iter  29  obj 0.05091  best 0.09328  step 0.4750
05:43:22     iter  30  obj 0.05715  best 0.09328  step 0.4750
05:43:25     iter  31  obj 0.02574  best 0.09328  step 0.4750
05:43:27     iter  32  obj 0.07823  best 0.09328  step 0.4750
05:43:29     iter  33  obj 0.05405  best 0.09328  step 0.4750
05:43:31     iter  34  obj 0.04206  best 0.09328  step 0.4750
05:43:33     iter  35  obj 0.00441  best 0.09328  step 0.4750
05:43:36     iter  36  obj -0.11193  best 0.09328  step 0.4750
05:43:38     iter  37  obj -0.09027  best 0.09328  step 0.4750
05:43:40     iter  38  obj -0.24826  best 0.09328  step 0.4750
05:43:42     iter  39  obj -0.12095  best 0.09328  step 0.4750
05:43:44     iter  40  obj -0.00313  best 0.09328  step 0.4750
05:43:47     iter  41  obj -0.00702  best 0.09328  step 0.2375  halved
05:43:49     iter  42  obj -1.44560  best 0.09328  step 0.2375
05:43:51     iter  43  obj -0.07909  best 0.09328  step 0.2375
05:43:53     iter  44  obj -0.01598  best 0.09328  step 0.2375
05:43:55     iter  45  obj -0.03536  best 0.09328  step 0.2375
05:43:58     iter  46  obj 0.01338  best 0.09328  step 0.2375
05:44:00     iter  47  obj 0.02362  best 0.09328  step 0.2375
05:44:02     iter  48  obj 0.06562  best 0.09328  step 0.2375
05:44:04     iter  49  obj 0.07678  best 0.09328  step 0.2375
05:44:06     iter  50  obj 0.08959  best 0.09328  step 0.2375
05:44:08     iter  51  obj 0.07528  best 0.09328  step 0.2375
05:44:11     iter  52  obj 0.00467  best 0.09328  step 0.2375
05:44:13     iter  53  obj 0.07343  best 0.09328  step 0.2375
05:44:15     iter  54  obj 0.05059  best 0.09328  step 0.2375
05:44:17     iter  55  obj 0.06393  best 0.09328  step 0.2375
05:44:19     iter  56  obj 0.06686  best 0.09328  step 0.2375
05:44:22     iter  57  obj 0.07961  best 0.09328  step 0.1188  halved
05:44:24     iter  58  obj -2.06589  best 0.09328  step 0.1188
05:44:26     iter  59  obj -0.01750  best 0.09328  step 0.1188
05:44:28     iter  60  obj 0.04230  best 0.09328  step 0.1188
05:44:30     iter  61  obj 0.09860  best 0.09860  step 0.1188  *
05:44:33     iter  62  obj 0.08282  best 0.09860  step 0.1188
05:44:35     iter  63  obj 0.11326  best 0.11326  step 0.1188  *
05:44:37     iter  64  obj 0.09467  best 0.11326  step 0.1188
05:44:39     iter  65  obj 0.08551  best 0.11326  step 0.1188
05:44:41     iter  66  obj 0.11828  best 0.11828  step 0.1188  *
05:44:44     iter  67  obj 0.11123  best 0.11828  step 0.1188
05:44:46     iter  68  obj 0.13753  best 0.13753  step 0.1188  *
05:44:48     iter  69  obj 0.14341  best 0.14341  step 0.1188  *
05:44:50     iter  70  obj 0.14191  best 0.14341  step 0.0594  halved
05:44:52     iter  71  obj 0.17408  best 0.17408  step 0.0594  *
05:44:55     iter  72  obj 0.18714  best 0.18714  step 0.0594  *
05:44:57     iter  73  obj 0.19663  best 0.19663  step 0.0594  *
05:44:59     iter  74  obj 0.17958  best 0.19663  step 0.0594
05:45:01     iter  75  obj 0.21247  best 0.21247  step 0.0594  *
05:45:03     iter  76  obj 0.20215  best 0.21247  step 0.0594
05:45:06     iter  77  obj 0.21863  best 0.21863  step 0.0594  *
05:45:08     iter  78  obj 0.22685  best 0.22685  step 0.0594  *
05:45:10     iter  79  obj 0.27917  best 0.27917  step 0.0594  *
05:45:12     iter  80  obj 0.24694  best 0.27917  step 0.0297  halved
05:45:14     iter  81  obj 0.31405  best 0.31405  step 0.0297  *
05:45:16     iter  82  obj 0.37514  best 0.37514  step 0.0297  *
05:45:19     iter  83  obj 0.36049  best 0.37514  step 0.0297
05:45:21     iter  84  obj 0.27599  best 0.37514  step 0.0297
05:45:23     iter  85  obj 0.38557  best 0.38557  step 0.0297  *
05:45:25     iter  86  obj 0.60743  best 0.60743  step 0.0297  *
05:45:27     iter  87  obj 0.42714  best 0.60743  step 0.0148  halved
05:45:30     iter  88  obj 0.62149  best 0.62149  step 0.0148  *
05:45:32     iter  89  obj 0.65375  best 0.65375  step 0.0148  *
05:45:34     iter  90  obj 0.66805  best 0.66805  step 0.0148  *
05:45:36     iter  91  obj 0.98314  best 0.98314  step 0.0148  *
05:45:38     iter  92  obj 1.00434  best 1.00434  step 0.0148  *
05:45:41     iter  93  obj 1.17659  best 1.17659  step 0.0148  *
05:45:43     iter  94  obj 0.84648  best 1.17659  step 0.0148
05:45:45     iter  95  obj 1.27092  best 1.27092  step 0.0148  *
05:45:47     iter  96  obj 1.24391  best 1.27092  step 0.0148
05:45:49     iter  97  obj 1.68169  best 1.68169  step 0.0148  *
05:45:52     iter  98  obj 1.43782  best 1.68169  step 0.0148
05:45:54     iter  99  obj 1.34931  best 1.68169  step 0.0074  halved
05:45:56     iter 100  obj 2.04534  best 2.04534  step 0.0074  *
05:45:57      poisoned ce=0.14683 auc=0.9864 acc=0.9510 f1=0.9504  dce=+0.05355 dacc=-0.0140  k=1500  [222.2s]
05:45:57   mean over 1 trials: dce=+0.05355 dacc=-0.0140 dauc=-0.0071  -> results/lambda_url_be/url_unique_lam0.5_rs2

