06:24:27 [x-capgd] datasets/url_unique/splits/selected/natural/context_5000.csv (5000x63) -> datasets/url_unique/splits/test_attack_1000.csv (1000 of 1000)  k=1500 (30.0%)  attack_class=None  grid 1x1  cuda:1
06:24:31   clean  ce=0.09328 auc=0.9935 acc=0.9650 f1=0.9644  max|dp| over 3 repeats=0.00e+00  chunking_exact=True  [3.2s]
06:24:31   constraints=full (14 relations, dataset 'url_unique')  scaler=metadata  mutable 63/63  int 58  cat 0
06:24:31   -- trial run0_sub0
06:24:34     iter   0  obj 0.09328  best 0.09328  step 0.9500
06:24:36     iter   1  obj 0.05500  best 0.09328  step 0.9500
06:24:38     iter   2  obj 0.10642  best 0.10642  step 0.9500  *
06:24:40     iter   3  obj 0.11225  best 0.11225  step 0.9500  *
06:24:42     iter   4  obj 0.11326  best 0.11326  step 0.9500  *
06:24:45     iter   5  obj 0.09698  best 0.11326  step 0.9500
06:24:47     iter   6  obj 0.10016  best 0.11326  step 0.9500
06:24:49     iter   7  obj 0.10123  best 0.11326  step 0.9500
06:24:51     iter   8  obj 0.10457  best 0.11326  step 0.9500
06:24:53     iter   9  obj 0.11424  best 0.11424  step 0.9500  *
06:24:56     iter  10  obj 0.10459  best 0.11424  step 0.9500
06:24:58     iter  11  obj 0.09973  best 0.11424  step 0.9500
06:25:00     iter  12  obj 0.10871  best 0.11424  step 0.9500
06:25:02     iter  13  obj 0.10931  best 0.11424  step 0.9500
06:25:04     iter  14  obj 0.10171  best 0.11424  step 0.9500
06:25:06     iter  15  obj 0.11421  best 0.11424  step 0.9500
06:25:09     iter  16  obj 0.10556  best 0.11424  step 0.9500
06:25:11     iter  17  obj 0.10048  best 0.11424  step 0.9500
06:25:13     iter  18  obj 0.11010  best 0.11424  step 0.9500
06:25:15     iter  19  obj 0.11189  best 0.11424  step 0.9500
06:25:17     iter  20  obj 0.11097  best 0.11424  step 0.9500
06:25:20     iter  21  obj 0.10666  best 0.11424  step 0.9500
06:25:22     iter  22  obj 0.10759  best 0.11424  step 0.4750  halved
06:25:24     iter  23  obj 0.09604  best 0.11424  step 0.4750
06:25:26     iter  24  obj 0.12253  best 0.12253  step 0.4750  *
06:25:28     iter  25  obj 0.11008  best 0.12253  step 0.4750
06:25:31     iter  26  obj 0.12059  best 0.12253  step 0.4750
06:25:33     iter  27  obj 0.13308  best 0.13308  step 0.4750  *
06:25:35     iter  28  obj 0.11627  best 0.13308  step 0.4750
06:25:37     iter  29  obj 0.11621  best 0.13308  step 0.4750
06:25:39     iter  30  obj 0.12061  best 0.13308  step 0.4750
06:25:41     iter  31  obj 0.11862  best 0.13308  step 0.4750
06:25:44     iter  32  obj 0.11437  best 0.13308  step 0.4750
06:25:46     iter  33  obj 0.12605  best 0.13308  step 0.4750
06:25:48     iter  34  obj 0.11624  best 0.13308  step 0.4750
06:25:50     iter  35  obj 0.13100  best 0.13308  step 0.4750
06:25:52     iter  36  obj 0.12294  best 0.13308  step 0.4750
06:25:55     iter  37  obj 0.13220  best 0.13308  step 0.4750
06:25:57     iter  38  obj 0.12437  best 0.13308  step 0.4750
06:25:59     iter  39  obj 0.13522  best 0.13522  step 0.4750  *
06:26:01     iter  40  obj 0.11478  best 0.13522  step 0.4750
06:26:03     iter  41  obj 0.12242  best 0.13522  step 0.2375  halved
06:26:06     iter  42  obj 0.15144  best 0.15144  step 0.2375  *
06:26:08     iter  43  obj 0.13607  best 0.15144  step 0.2375
06:26:10     iter  44  obj 0.14197  best 0.15144  step 0.2375
06:26:12     iter  45  obj 0.14065  best 0.15144  step 0.2375
06:26:14     iter  46  obj 0.14214  best 0.15144  step 0.2375
06:26:17     iter  47  obj 0.15973  best 0.15973  step 0.2375  *
06:26:19     iter  48  obj 0.13550  best 0.15973  step 0.2375
06:26:21     iter  49  obj 0.15621  best 0.15973  step 0.2375
06:26:23     iter  50  obj 0.14852  best 0.15973  step 0.2375
06:26:25     iter  51  obj 0.13693  best 0.15973  step 0.2375
06:26:27     iter  52  obj 0.14785  best 0.15973  step 0.2375
06:26:30     iter  53  obj 0.14269  best 0.15973  step 0.2375
06:26:32     iter  54  obj 0.16521  best 0.16521  step 0.2375  *
06:26:34     iter  55  obj 0.16709  best 0.16709  step 0.2375  *
06:26:36     iter  56  obj 0.16181  best 0.16709  step 0.2375
06:26:38     iter  57  obj 0.16323  best 0.16709  step 0.1188  halved
06:26:41     iter  58  obj 0.19576  best 0.19576  step 0.1188  *
06:26:43     iter  59  obj 0.18228  best 0.19576  step 0.1188
06:26:45     iter  60  obj 0.19140  best 0.19576  step 0.1188
06:26:47     iter  61  obj 0.21681  best 0.21681  step 0.1188  *
06:26:49     iter  62  obj 0.21151  best 0.21681  step 0.1188
06:26:52     iter  63  obj 0.22580  best 0.22580  step 0.1188  *
06:26:54     iter  64  obj 0.22073  best 0.22580  step 0.1188
06:26:56     iter  65  obj 0.25481  best 0.25481  step 0.1188  *
06:26:58     iter  66  obj 0.23146  best 0.25481  step 0.1188
06:27:00     iter  67  obj 0.27795  best 0.27795  step 0.1188  *
06:27:03     iter  68  obj 0.22657  best 0.27795  step 0.1188
06:27:05     iter  69  obj 0.29706  best 0.29706  step 0.1188  *
06:27:07     iter  70  obj 0.26659  best 0.29706  step 0.0594  halved
06:27:09     iter  71  obj 0.31790  best 0.31790  step 0.0594  *
06:27:11     iter  72  obj 0.29203  best 0.31790  step 0.0594
06:27:14     iter  73  obj 0.28437  best 0.31790  step 0.0594
06:27:16     iter  74  obj 0.26603  best 0.31790  step 0.0594
06:27:18     iter  75  obj 0.32708  best 0.32708  step 0.0594  *
06:27:20     iter  76  obj 0.42070  best 0.42070  step 0.0594  *
06:27:22     iter  77  obj 0.65102  best 0.65102  step 0.0594  *
06:27:25     iter  78  obj 0.40526  best 0.65102  step 0.0594
06:27:27     iter  79  obj 0.42452  best 0.65102  step 0.0594
06:27:29     iter  80  obj 0.59258  best 0.65102  step 0.0297  halved
06:27:31     iter  81  obj 0.47365  best 0.65102  step 0.0297
06:27:33     iter  82  obj 0.73979  best 0.73979  step 0.0297  *
06:27:35     iter  83  obj 0.46662  best 0.73979  step 0.0297
06:27:38     iter  84  obj 0.95341  best 0.95341  step 0.0297  *
06:27:40     iter  85  obj 0.59148  best 0.95341  step 0.0297
06:27:42     iter  86  obj 1.59472  best 1.59472  step 0.0297  *
06:27:44     iter  87  obj 2.05924  best 2.05924  step 0.0148  *  halved
06:27:46     iter  88  obj 2.12927  best 2.12927  step 0.0148  *
06:27:49     iter  89  obj 2.83104  best 2.83104  step 0.0148  *
06:27:51     iter  90  obj 2.14734  best 2.83104  step 0.0148
06:27:53     iter  91  obj 2.38908  best 2.83104  step 0.0148
06:27:55     iter  92  obj 3.53642  best 3.53642  step 0.0148  *
06:27:57     iter  93  obj 4.27945  best 4.27945  step 0.0148  *
06:28:00     iter  94  obj 2.11919  best 4.27945  step 0.0148
06:28:02     iter  95  obj 3.57139  best 4.27945  step 0.0148
06:28:04     iter  96  obj 2.95435  best 4.27945  step 0.0148
06:28:06     iter  97  obj 3.76456  best 4.27945  step 0.0148
06:28:08     iter  98  obj 3.73955  best 4.27945  step 0.0148
06:28:11     iter  99  obj 5.09189  best 5.09189  step 0.0074  *  halved
06:28:13     iter 100  obj 5.47859  best 5.47859  step 0.0074  *
06:28:14      poisoned ce=0.12779 auc=0.9888 acc=0.9600 f1=0.9592  dce=+0.03451 dacc=-0.0050  k=1500  [222.1s]
06:28:14   mean over 1 trials: dce=+0.03451 dacc=-0.0050 dauc=-0.0047  -> results/lambda_url_be/url_unique_lam0.01_rs1

