05:22:58 [x-capgd] datasets/url_unique/splits/selected/natural/context_5000.csv (5000x63) -> datasets/url_unique/splits/test_attack_1000.csv (1000 of 1000)  k=1500 (30.0%)  attack_class=None  grid 1x1  cuda:1
05:23:02   clean  ce=0.09328 auc=0.9935 acc=0.9650 f1=0.9644  max|dp| over 3 repeats=0.00e+00  chunking_exact=True  [3.2s]
05:23:02   constraints=full (14 relations, dataset 'url_unique')  scaler=metadata  mutable 63/63  int 58  cat 0
05:23:02   -- trial run0_sub0
05:23:05     iter   0  obj 0.09328  best 0.09328  step 0.9500
05:23:07     iter   1  obj -4.05724  best 0.09328  step 0.9500
05:23:09     iter   2  obj -0.34015  best 0.09328  step 0.9500
05:23:11     iter   3  obj -0.28653  best 0.09328  step 0.9500
05:23:13     iter   4  obj -0.18092  best 0.09328  step 0.9500
05:23:16     iter   5  obj -0.37097  best 0.09328  step 0.9500
05:23:18     iter   6  obj -1.38075  best 0.09328  step 0.9500
05:23:20     iter   7  obj -0.89780  best 0.09328  step 0.9500
05:23:22     iter   8  obj -0.47381  best 0.09328  step 0.9500
05:23:24     iter   9  obj -0.19673  best 0.09328  step 0.9500
05:23:27     iter  10  obj -0.26555  best 0.09328  step 0.9500
05:23:29     iter  11  obj -0.27964  best 0.09328  step 0.9500
05:23:31     iter  12  obj -0.49932  best 0.09328  step 0.9500
05:23:33     iter  13  obj -0.57432  best 0.09328  step 0.9500
05:23:35     iter  14  obj -0.51433  best 0.09328  step 0.9500
05:23:38     iter  15  obj -0.68274  best 0.09328  step 0.9500
05:23:40     iter  16  obj -0.39908  best 0.09328  step 0.9500
05:23:42     iter  17  obj -0.34768  best 0.09328  step 0.9500
05:23:44     iter  18  obj -0.55121  best 0.09328  step 0.9500
05:23:46     iter  19  obj -0.58914  best 0.09328  step 0.9500
05:23:48     iter  20  obj -0.50456  best 0.09328  step 0.9500
05:23:51     iter  21  obj -0.37517  best 0.09328  step 0.9500
05:23:53     iter  22  obj -0.33662  best 0.09328  step 0.4750  halved
05:23:55     iter  23  obj -3.46556  best 0.09328  step 0.4750
05:23:57     iter  24  obj -0.70043  best 0.09328  step 0.4750
05:23:59     iter  25  obj -0.08141  best 0.09328  step 0.4750
05:24:02     iter  26  obj -0.12853  best 0.09328  step 0.4750
05:24:04     iter  27  obj -0.07676  best 0.09328  step 0.4750
05:24:06     iter  28  obj -0.01752  best 0.09328  step 0.4750
05:24:08     iter  29  obj -0.20700  best 0.09328  step 0.4750
05:24:10     iter  30  obj 0.02756  best 0.09328  step 0.4750
05:24:13     iter  31  obj -0.09557  best 0.09328  step 0.4750
05:24:15     iter  32  obj -0.02705  best 0.09328  step 0.4750
05:24:17     iter  33  obj -0.09784  best 0.09328  step 0.4750
05:24:19     iter  34  obj -0.03406  best 0.09328  step 0.4750
05:24:21     iter  35  obj -0.09011  best 0.09328  step 0.4750
05:24:24     iter  36  obj -0.29649  best 0.09328  step 0.4750
05:24:26     iter  37  obj -0.12561  best 0.09328  step 0.4750
05:24:28     iter  38  obj -0.44956  best 0.09328  step 0.4750
05:24:30     iter  39  obj -0.26343  best 0.09328  step 0.4750
05:24:32     iter  40  obj -0.29134  best 0.09328  step 0.4750
05:24:35     iter  41  obj -0.28190  best 0.09328  step 0.2375  halved
05:24:37     iter  42  obj -2.26959  best 0.09328  step 0.2375
05:24:39     iter  43  obj -0.19870  best 0.09328  step 0.2375
05:24:41     iter  44  obj -0.20495  best 0.09328  step 0.2375
05:24:43     iter  45  obj -0.11264  best 0.09328  step 0.2375
05:24:45     iter  46  obj -0.17765  best 0.09328  step 0.2375
05:24:48     iter  47  obj -0.10602  best 0.09328  step 0.2375
05:24:50     iter  48  obj -0.03700  best 0.09328  step 0.2375
05:24:52     iter  49  obj 0.03396  best 0.09328  step 0.2375
05:24:54     iter  50  obj -0.07819  best 0.09328  step 0.2375
05:24:56     iter  51  obj -0.11675  best 0.09328  step 0.2375
05:24:59     iter  52  obj -0.14925  best 0.09328  step 0.2375
05:25:01     iter  53  obj -0.08595  best 0.09328  step 0.2375
05:25:03     iter  54  obj -0.09075  best 0.09328  step 0.2375
05:25:05     iter  55  obj 0.02339  best 0.09328  step 0.2375
05:25:07     iter  56  obj -0.05655  best 0.09328  step 0.2375
05:25:10     iter  57  obj -0.05630  best 0.09328  step 0.1188  halved
05:25:12     iter  58  obj -4.34972  best 0.09328  step 0.1188
05:25:14     iter  59  obj -0.08159  best 0.09328  step 0.1188
05:25:16     iter  60  obj 0.01707  best 0.09328  step 0.1188
05:25:18     iter  61  obj 0.08160  best 0.09328  step 0.1188
05:25:21     iter  62  obj 0.09245  best 0.09328  step 0.1188
05:25:23     iter  63  obj 0.04164  best 0.09328  step 0.1188
05:25:25     iter  64  obj 0.07573  best 0.09328  step 0.1188
05:25:27     iter  65  obj 0.09614  best 0.09614  step 0.1188  *
05:25:29     iter  66  obj 0.10326  best 0.10326  step 0.1188  *
05:25:32     iter  67  obj 0.13655  best 0.13655  step 0.1188  *
05:25:34     iter  68  obj 0.10218  best 0.13655  step 0.1188
05:25:36     iter  69  obj 0.13149  best 0.13655  step 0.1188
05:25:38     iter  70  obj 0.17381  best 0.17381  step 0.1188  *
05:25:40     iter  71  obj 0.08996  best 0.17381  step 0.1188
05:25:42     iter  72  obj 0.15444  best 0.17381  step 0.1188
05:25:45     iter  73  obj 0.12480  best 0.17381  step 0.1188
05:25:47     iter  74  obj 0.06649  best 0.17381  step 0.1188
05:25:49     iter  75  obj 0.14197  best 0.17381  step 0.1188
05:25:51     iter  76  obj 0.14400  best 0.17381  step 0.1188
05:25:53     iter  77  obj 0.12743  best 0.17381  step 0.1188
05:25:56     iter  78  obj 0.10883  best 0.17381  step 0.1188
05:25:58     iter  79  obj 0.15474  best 0.17381  step 0.1188
05:26:00     iter  80  obj 0.14076  best 0.17381  step 0.0594  halved
05:26:02     iter  81  obj -0.36073  best 0.17381  step 0.0594
05:26:04     iter  82  obj 0.13628  best 0.17381  step 0.0594
05:26:07     iter  83  obj 0.15933  best 0.17381  step 0.0594
05:26:09     iter  84  obj 0.16640  best 0.17381  step 0.0594
05:26:11     iter  85  obj 0.22106  best 0.22106  step 0.0594  *
05:26:13     iter  86  obj 0.30867  best 0.30867  step 0.0594  *
05:26:15     iter  87  obj 0.16673  best 0.30867  step 0.0297  halved
05:26:18     iter  88  obj 0.23720  best 0.30867  step 0.0297
05:26:20     iter  89  obj 0.34626  best 0.34626  step 0.0297  *
05:26:22     iter  90  obj 0.42254  best 0.42254  step 0.0297  *
05:26:24     iter  91  obj 0.57254  best 0.57254  step 0.0297  *
05:26:26     iter  92  obj 0.27596  best 0.57254  step 0.0297
05:26:28     iter  93  obj 0.53639  best 0.57254  step 0.0297
05:26:31     iter  94  obj 0.46399  best 0.57254  step 0.0297
05:26:33     iter  95  obj 0.53002  best 0.57254  step 0.0297
05:26:35     iter  96  obj 0.59870  best 0.59870  step 0.0297  *
05:26:37     iter  97  obj 0.80097  best 0.80097  step 0.0297  *
05:26:39     iter  98  obj 1.08956  best 1.08956  step 0.0297  *
05:26:42     iter  99  obj 1.05363  best 1.08956  step 0.0148  halved
05:26:44     iter 100  obj 1.35399  best 1.35399  step 0.0148  *
05:26:45      poisoned ce=0.12143 auc=0.9903 acc=0.9640 f1=0.9637  dce=+0.02815 dacc=-0.0010  k=1500  [222.1s]
05:26:45   mean over 1 trials: dce=+0.02815 dacc=-0.0010 dauc=-0.0032  -> results/lambda_url_be/url_unique_lam1_rs3

