05:46:00 [x-capgd] datasets/url_unique/splits/selected/natural/context_5000.csv (5000x63) -> datasets/url_unique/splits/test_attack_1000.csv (1000 of 1000)  k=1500 (30.0%)  attack_class=None  grid 1x1  cuda:1
05:46:05   clean  ce=0.09328 auc=0.9935 acc=0.9650 f1=0.9644  max|dp| over 3 repeats=0.00e+00  chunking_exact=True  [3.2s]
05:46:05   constraints=full (14 relations, dataset 'url_unique')  scaler=metadata  mutable 63/63  int 58  cat 0
05:46:05   -- trial run0_sub0
05:46:07     iter   0  obj 0.09328  best 0.09328  step 0.9500
05:46:09     iter   1  obj -1.97470  best 0.09328  step 0.9500
05:46:12     iter   2  obj -0.11298  best 0.09328  step 0.9500
05:46:14     iter   3  obj -0.07342  best 0.09328  step 0.9500
05:46:16     iter   4  obj -0.05972  best 0.09328  step 0.9500
05:46:18     iter   5  obj -0.27511  best 0.09328  step 0.9500
05:46:20     iter   6  obj -0.23289  best 0.09328  step 0.9500
05:46:23     iter   7  obj -0.39477  best 0.09328  step 0.9500
05:46:25     iter   8  obj -0.17173  best 0.09328  step 0.9500
05:46:27     iter   9  obj -0.14225  best 0.09328  step 0.9500
05:46:29     iter  10  obj -0.07136  best 0.09328  step 0.9500
05:46:31     iter  11  obj -0.16417  best 0.09328  step 0.9500
05:46:34     iter  12  obj -0.12087  best 0.09328  step 0.9500
05:46:36     iter  13  obj -0.26767  best 0.09328  step 0.9500
05:46:38     iter  14  obj -0.13495  best 0.09328  step 0.9500
05:46:40     iter  15  obj -0.16436  best 0.09328  step 0.9500
05:46:42     iter  16  obj -0.20051  best 0.09328  step 0.9500
05:46:44     iter  17  obj -0.12508  best 0.09328  step 0.9500
05:46:47     iter  18  obj -0.07905  best 0.09328  step 0.9500
05:46:49     iter  19  obj -0.18991  best 0.09328  step 0.9500
05:46:51     iter  20  obj -0.22634  best 0.09328  step 0.9500
05:46:53     iter  21  obj -0.16675  best 0.09328  step 0.9500
05:46:55     iter  22  obj -0.17159  best 0.09328  step 0.4750  halved
05:46:58     iter  23  obj -1.71075  best 0.09328  step 0.4750
05:47:00     iter  24  obj -0.32704  best 0.09328  step 0.4750
05:47:02     iter  25  obj -0.03874  best 0.09328  step 0.4750
05:47:04     iter  26  obj 0.05643  best 0.09328  step 0.4750
05:47:06     iter  27  obj 0.02475  best 0.09328  step 0.4750
05:47:09     iter  28  obj -0.03679  best 0.09328  step 0.4750
05:47:11     iter  29  obj -0.01807  best 0.09328  step 0.4750
05:47:13     iter  30  obj 0.00452  best 0.09328  step 0.4750
05:47:15     iter  31  obj -0.02265  best 0.09328  step 0.4750
05:47:17     iter  32  obj 0.08264  best 0.09328  step 0.4750
05:47:20     iter  33  obj 0.00708  best 0.09328  step 0.4750
05:47:22     iter  34  obj -0.04566  best 0.09328  step 0.4750
05:47:24     iter  35  obj -0.12644  best 0.09328  step 0.4750
05:47:26     iter  36  obj -0.20220  best 0.09328  step 0.4750
05:47:28     iter  37  obj -0.01474  best 0.09328  step 0.4750
05:47:30     iter  38  obj -0.00173  best 0.09328  step 0.4750
05:47:33     iter  39  obj 0.02779  best 0.09328  step 0.4750
05:47:35     iter  40  obj -0.00380  best 0.09328  step 0.4750
05:47:37     iter  41  obj 0.00773  best 0.09328  step 0.2375  halved
05:47:39     iter  42  obj -1.19299  best 0.09328  step 0.2375
05:47:41     iter  43  obj -0.05138  best 0.09328  step 0.2375
05:47:44     iter  44  obj 0.01369  best 0.09328  step 0.2375
05:47:46     iter  45  obj 0.04102  best 0.09328  step 0.2375
05:47:48     iter  46  obj -0.01755  best 0.09328  step 0.2375
05:47:50     iter  47  obj -0.02051  best 0.09328  step 0.2375
05:47:52     iter  48  obj 0.03295  best 0.09328  step 0.2375
05:47:55     iter  49  obj 0.02756  best 0.09328  step 0.2375
05:47:57     iter  50  obj 0.08216  best 0.09328  step 0.2375
05:47:59     iter  51  obj 0.07537  best 0.09328  step 0.2375
05:48:01     iter  52  obj 0.05078  best 0.09328  step 0.2375
05:48:03     iter  53  obj 0.07462  best 0.09328  step 0.2375
05:48:06     iter  54  obj 0.07136  best 0.09328  step 0.2375
05:48:08     iter  55  obj 0.08650  best 0.09328  step 0.2375
05:48:10     iter  56  obj 0.05333  best 0.09328  step 0.2375
05:48:12     iter  57  obj 0.09447  best 0.09447  step 0.1188  *  halved
05:48:14     iter  58  obj 0.15461  best 0.15461  step 0.1188  *
05:48:16     iter  59  obj 0.18767  best 0.18767  step 0.1188  *
05:48:19     iter  60  obj 0.19979  best 0.19979  step 0.1188  *
05:48:21     iter  61  obj 0.17355  best 0.19979  step 0.1188
05:48:23     iter  62  obj 0.18701  best 0.19979  step 0.1188
05:48:25     iter  63  obj 0.22440  best 0.22440  step 0.1188  *
05:48:27     iter  64  obj 0.29970  best 0.29970  step 0.1188  *
05:48:30     iter  65  obj 0.24869  best 0.29970  step 0.1188
05:48:32     iter  66  obj 0.36022  best 0.36022  step 0.1188  *
05:48:34     iter  67  obj 0.30948  best 0.36022  step 0.1188
05:48:36     iter  68  obj 0.36897  best 0.36897  step 0.1188  *
05:48:38     iter  69  obj 0.40644  best 0.40644  step 0.1188  *
05:48:41     iter  70  obj 0.31963  best 0.40644  step 0.0594  halved
05:48:43     iter  71  obj 0.69221  best 0.69221  step 0.0594  *
05:48:45     iter  72  obj 0.92812  best 0.92812  step 0.0594  *
05:48:47     iter  73  obj 1.17546  best 1.17546  step 0.0594  *
05:48:49     iter  74  obj 1.12660  best 1.17546  step 0.0594
05:48:52     iter  75  obj 1.35888  best 1.35888  step 0.0594  *
05:48:54     iter  76  obj 1.41119  best 1.41119  step 0.0594  *
05:48:56     iter  77  obj 1.49363  best 1.49363  step 0.0594  *
05:48:58     iter  78  obj 1.35642  best 1.49363  step 0.0594
05:49:00     iter  79  obj 1.61159  best 1.61159  step 0.0594  *
05:49:03     iter  80  obj 1.64462  best 1.64462  step 0.0594  *
05:49:05     iter  81  obj 1.31118  best 1.64462  step 0.0594
05:49:07     iter  82  obj 1.70726  best 1.70726  step 0.0594  *
05:49:09     iter  83  obj 2.14195  best 2.14195  step 0.0594  *
05:49:11     iter  84  obj 1.91665  best 2.14195  step 0.0594
05:49:13     iter  85  obj 2.26298  best 2.26298  step 0.0594  *
05:49:16     iter  86  obj 2.37731  best 2.37731  step 0.0594  *
05:49:18     iter  87  obj 1.80643  best 2.37731  step 0.0297  halved
05:49:20     iter  88  obj 3.06090  best 3.06090  step 0.0297  *
05:49:22     iter  89  obj 3.27023  best 3.27023  step 0.0297  *
05:49:24     iter  90  obj 3.91634  best 3.91634  step 0.0297  *
05:49:27     iter  91  obj 3.33128  best 3.91634  step 0.0297
05:49:29     iter  92  obj 4.14283  best 4.14283  step 0.0297  *
05:49:31     iter  93  obj 4.75344  best 4.75344  step 0.0297  *
05:49:33     iter  94  obj 3.13169  best 4.75344  step 0.0297
05:49:35     iter  95  obj 3.37283  best 4.75344  step 0.0297
05:49:38     iter  96  obj 4.38004  best 4.75344  step 0.0297
05:49:40     iter  97  obj 4.40541  best 4.75344  step 0.0297
05:49:42     iter  98  obj 4.98822  best 4.98822  step 0.0297  *
05:49:44     iter  99  obj 5.03062  best 5.03062  step 0.0297  *
05:49:46     iter 100  obj 5.45472  best 5.45472  step 0.0297  *
05:49:47      poisoned ce=0.13083 auc=0.9888 acc=0.9630 f1=0.9626  dce=+0.03756 dacc=-0.0020  k=1500  [222.0s]
05:49:47   mean over 1 trials: dce=+0.03756 dacc=-0.0020 dauc=-0.0047  -> results/lambda_url_be/url_unique_lam0.5_rs3

