05:53:43 [x-capgd] datasets/url_unique/splits/selected/natural/context_5000.csv (5000x63) -> datasets/url_unique/splits/test_attack_1000.csv (1000 of 1000)  k=1500 (30.0%)  attack_class=None  grid 1x1  cuda:1
05:53:48   clean  ce=0.09328 auc=0.9935 acc=0.9650 f1=0.9644  max|dp| over 3 repeats=0.00e+00  chunking_exact=True  [3.2s]
05:53:48   constraints=full (14 relations, dataset 'url_unique')  scaler=metadata  mutable 63/63  int 58  cat 0
05:53:48   -- trial run0_sub0
05:53:50     iter   0  obj 0.09328  best 0.09328  step 0.9500
05:53:52     iter   1  obj -1.21002  best 0.09328  step 0.9500
05:53:55     iter   2  obj 0.01338  best 0.09328  step 0.9500
05:53:57     iter   3  obj 0.06189  best 0.09328  step 0.9500
05:53:59     iter   4  obj 0.03174  best 0.09328  step 0.9500
05:54:01     iter   5  obj -0.05551  best 0.09328  step 0.9500
05:54:03     iter   6  obj -0.08237  best 0.09328  step 0.9500
05:54:06     iter   7  obj -0.16755  best 0.09328  step 0.9500
05:54:08     iter   8  obj -0.14260  best 0.09328  step 0.9500
05:54:10     iter   9  obj -0.00878  best 0.09328  step 0.9500
05:54:12     iter  10  obj 0.01757  best 0.09328  step 0.9500
05:54:14     iter  11  obj -0.09285  best 0.09328  step 0.9500
05:54:16     iter  12  obj 0.01100  best 0.09328  step 0.9500
05:54:19     iter  13  obj -0.10902  best 0.09328  step 0.9500
05:54:21     iter  14  obj -0.10449  best 0.09328  step 0.9500
05:54:23     iter  15  obj -0.04021  best 0.09328  step 0.9500
05:54:25     iter  16  obj -0.01217  best 0.09328  step 0.9500
05:54:27     iter  17  obj -0.06747  best 0.09328  step 0.9500
05:54:30     iter  18  obj -0.11736  best 0.09328  step 0.9500
05:54:32     iter  19  obj -0.14964  best 0.09328  step 0.9500
05:54:34     iter  20  obj -0.04342  best 0.09328  step 0.9500
05:54:36     iter  21  obj -0.04193  best 0.09328  step 0.9500
05:54:38     iter  22  obj -0.04992  best 0.09328  step 0.4750  halved
05:54:41     iter  23  obj -1.11106  best 0.09328  step 0.4750
05:54:43     iter  24  obj -0.09169  best 0.09328  step 0.4750
05:54:45     iter  25  obj 0.07855  best 0.09328  step 0.4750
05:54:47     iter  26  obj 0.08667  best 0.09328  step 0.4750
05:54:49     iter  27  obj 0.09263  best 0.09328  step 0.4750
05:54:51     iter  28  obj 0.05367  best 0.09328  step 0.4750
05:54:54     iter  29  obj 0.01447  best 0.09328  step 0.4750
05:54:56     iter  30  obj 0.00406  best 0.09328  step 0.4750
05:54:58     iter  31  obj 0.06746  best 0.09328  step 0.4750
05:55:00     iter  32  obj 0.07826  best 0.09328  step 0.4750
05:55:02     iter  33  obj 0.03664  best 0.09328  step 0.4750
05:55:05     iter  34  obj 0.02378  best 0.09328  step 0.4750
05:55:07     iter  35  obj -0.04760  best 0.09328  step 0.4750
05:55:09     iter  36  obj -0.01056  best 0.09328  step 0.4750
05:55:11     iter  37  obj -0.02196  best 0.09328  step 0.4750
05:55:13     iter  38  obj -0.00649  best 0.09328  step 0.4750
05:55:16     iter  39  obj 0.07577  best 0.09328  step 0.4750
05:55:18     iter  40  obj 0.04515  best 0.09328  step 0.4750
05:55:20     iter  41  obj 0.05039  best 0.09328  step 0.2375  halved
05:55:22     iter  42  obj -0.77720  best 0.09328  step 0.2375
05:55:24     iter  43  obj -0.05456  best 0.09328  step 0.2375
05:55:27     iter  44  obj 0.03371  best 0.09328  step 0.2375
05:55:29     iter  45  obj 0.05920  best 0.09328  step 0.2375
05:55:31     iter  46  obj 0.07505  best 0.09328  step 0.2375
05:55:33     iter  47  obj 0.07121  best 0.09328  step 0.2375
05:55:35     iter  48  obj 0.05031  best 0.09328  step 0.2375
05:55:37     iter  49  obj 0.11037  best 0.11037  step 0.2375  *
05:55:40     iter  50  obj 0.07856  best 0.11037  step 0.2375
05:55:42     iter  51  obj 0.07995  best 0.11037  step 0.2375
05:55:44     iter  52  obj 0.12706  best 0.12706  step 0.2375  *
05:55:46     iter  53  obj 0.09725  best 0.12706  step 0.2375
05:55:48     iter  54  obj 0.10101  best 0.12706  step 0.2375
05:55:51     iter  55  obj 0.07646  best 0.12706  step 0.2375
05:55:53     iter  56  obj 0.10424  best 0.12706  step 0.2375
05:55:55     iter  57  obj 0.10635  best 0.12706  step 0.1188  halved
05:55:57     iter  58  obj -0.18271  best 0.12706  step 0.1188
05:55:59     iter  59  obj 0.15254  best 0.15254  step 0.1188  *
05:56:02     iter  60  obj 0.11723  best 0.15254  step 0.1188
05:56:04     iter  61  obj 0.14852  best 0.15254  step 0.1188
05:56:06     iter  62  obj 0.17571  best 0.17571  step 0.1188  *
05:56:08     iter  63  obj 0.17824  best 0.17824  step 0.1188  *
05:56:10     iter  64  obj 0.16672  best 0.17824  step 0.1188
05:56:13     iter  65  obj 0.18388  best 0.18388  step 0.1188  *
05:56:15     iter  66  obj 0.20776  best 0.20776  step 0.1188  *
05:56:17     iter  67  obj 0.19809  best 0.20776  step 0.1188
05:56:19     iter  68  obj 0.17339  best 0.20776  step 0.1188
05:56:21     iter  69  obj 0.15343  best 0.20776  step 0.1188
05:56:23     iter  70  obj 0.22050  best 0.22050  step 0.0594  *  halved
05:56:26     iter  71  obj 0.23106  best 0.23106  step 0.0594  *
05:56:28     iter  72  obj 0.24491  best 0.24491  step 0.0594  *
05:56:30     iter  73  obj 0.26676  best 0.26676  step 0.0594  *
05:56:32     iter  74  obj 0.26364  best 0.26676  step 0.0594
05:56:34     iter  75  obj 0.28772  best 0.28772  step 0.0594  *
05:56:37     iter  76  obj 0.24047  best 0.28772  step 0.0594
05:56:39     iter  77  obj 0.29167  best 0.29167  step 0.0594  *
05:56:41     iter  78  obj 0.28805  best 0.29167  step 0.0594
05:56:43     iter  79  obj 0.29969  best 0.29969  step 0.0594  *
05:56:45     iter  80  obj 0.31493  best 0.31493  step 0.0297  *  halved
05:56:48     iter  81  obj 0.40175  best 0.40175  step 0.0297  *
05:56:50     iter  82  obj 0.38778  best 0.40175  step 0.0297
05:56:52     iter  83  obj 0.45997  best 0.45997  step 0.0297  *
05:56:54     iter  84  obj 0.47610  best 0.47610  step 0.0297  *
05:56:56     iter  85  obj 0.46067  best 0.47610  step 0.0297
05:56:59     iter  86  obj 0.50831  best 0.50831  step 0.0297  *
05:57:01     iter  87  obj 0.49801  best 0.50831  step 0.0148  halved
05:57:03     iter  88  obj 0.43097  best 0.50831  step 0.0148
05:57:05     iter  89  obj 0.54782  best 0.54782  step 0.0148  *
05:57:07     iter  90  obj 0.67261  best 0.67261  step 0.0148  *
05:57:09     iter  91  obj 0.74246  best 0.74246  step 0.0148  *
05:57:12     iter  92  obj 0.80266  best 0.80266  step 0.0148  *
05:57:14     iter  93  obj 0.80139  best 0.80266  step 0.0074  halved
05:57:16     iter  94  obj 0.88211  best 0.88211  step 0.0074  *
05:57:18     iter  95  obj 0.96277  best 0.96277  step 0.0074  *
05:57:20     iter  96  obj 0.98566  best 0.98566  step 0.0074  *
05:57:23     iter  97  obj 1.08152  best 1.08152  step 0.0074  *
05:57:25     iter  98  obj 1.09338  best 1.09338  step 0.0074  *
05:57:27     iter  99  obj 1.12861  best 1.12861  step 0.0074  *
05:57:29     iter 100  obj 1.23571  best 1.23571  step 0.0074  *
05:57:30      poisoned ce=0.17219 auc=0.9834 acc=0.9300 f1=0.9286  dce=+0.07891 dacc=-0.0350  k=1500  [222.0s]
05:57:30   mean over 1 trials: dce=+0.07891 dacc=-0.0350 dauc=-0.0101  -> results/lambda_url_be/url_unique_lam0.3_rs2

