05:57:34 [x-capgd] datasets/url_unique/splits/selected/natural/context_5000.csv (5000x63) -> datasets/url_unique/splits/test_attack_1000.csv (1000 of 1000)  k=1500 (30.0%)  attack_class=None  grid 1x1  cuda:1
05:57:38   clean  ce=0.09328 auc=0.9935 acc=0.9650 f1=0.9644  max|dp| over 3 repeats=0.00e+00  chunking_exact=True  [3.2s]
05:57:38   constraints=full (14 relations, dataset 'url_unique')  scaler=metadata  mutable 63/63  int 58  cat 0
05:57:38   -- trial run0_sub0
05:57:40     iter   0  obj 0.09328  best 0.09328  step 0.9500
05:57:43     iter   1  obj -1.14172  best 0.09328  step 0.9500
05:57:45     iter   2  obj -0.02230  best 0.09328  step 0.9500
05:57:47     iter   3  obj -0.00242  best 0.09328  step 0.9500
05:57:49     iter   4  obj 0.01539  best 0.09328  step 0.9500
05:57:51     iter   5  obj -0.09082  best 0.09328  step 0.9500
05:57:54     iter   6  obj -0.11864  best 0.09328  step 0.9500
05:57:56     iter   7  obj -0.14338  best 0.09328  step 0.9500
05:57:58     iter   8  obj -0.13009  best 0.09328  step 0.9500
05:58:00     iter   9  obj -0.10661  best 0.09328  step 0.9500
05:58:02     iter  10  obj -0.01066  best 0.09328  step 0.9500
05:58:05     iter  11  obj -0.00136  best 0.09328  step 0.9500
05:58:07     iter  12  obj -0.04578  best 0.09328  step 0.9500
05:58:09     iter  13  obj -0.04671  best 0.09328  step 0.9500
05:58:11     iter  14  obj -0.04303  best 0.09328  step 0.9500
05:58:13     iter  15  obj -0.07777  best 0.09328  step 0.9500
05:58:16     iter  16  obj -0.07541  best 0.09328  step 0.9500
05:58:18     iter  17  obj -0.06569  best 0.09328  step 0.9500
05:58:20     iter  18  obj -0.05357  best 0.09328  step 0.9500
05:58:22     iter  19  obj -0.01616  best 0.09328  step 0.9500
05:58:24     iter  20  obj -0.07336  best 0.09328  step 0.9500
05:58:26     iter  21  obj -0.06428  best 0.09328  step 0.9500
05:58:29     iter  22  obj -0.06843  best 0.09328  step 0.4750  halved
05:58:31     iter  23  obj -0.98206  best 0.09328  step 0.4750
05:58:33     iter  24  obj -0.13697  best 0.09328  step 0.4750
05:58:35     iter  25  obj 0.05902  best 0.09328  step 0.4750
05:58:37     iter  26  obj 0.08433  best 0.09328  step 0.4750
05:58:40     iter  27  obj 0.07690  best 0.09328  step 0.4750
05:58:42     iter  28  obj 0.06814  best 0.09328  step 0.4750
05:58:44     iter  29  obj 0.06071  best 0.09328  step 0.4750
05:58:46     iter  30  obj 0.06921  best 0.09328  step 0.4750
05:58:48     iter  31  obj 0.03434  best 0.09328  step 0.4750
05:58:51     iter  32  obj 0.05574  best 0.09328  step 0.4750
05:58:53     iter  33  obj 0.01794  best 0.09328  step 0.4750
05:58:55     iter  34  obj 0.03509  best 0.09328  step 0.4750
05:58:57     iter  35  obj -0.02761  best 0.09328  step 0.4750
05:58:59     iter  36  obj 0.00646  best 0.09328  step 0.4750
05:59:02     iter  37  obj 0.01808  best 0.09328  step 0.4750
05:59:04     iter  38  obj -0.02759  best 0.09328  step 0.4750
05:59:06     iter  39  obj -0.02031  best 0.09328  step 0.4750
05:59:08     iter  40  obj 0.03299  best 0.09328  step 0.4750
05:59:10     iter  41  obj 0.02065  best 0.09328  step 0.2375  halved
05:59:13     iter  42  obj -0.77853  best 0.09328  step 0.2375
05:59:15     iter  43  obj 0.00377  best 0.09328  step 0.2375
05:59:17     iter  44  obj 0.06013  best 0.09328  step 0.2375
05:59:19     iter  45  obj 0.06915  best 0.09328  step 0.2375
05:59:21     iter  46  obj 0.07247  best 0.09328  step 0.2375
05:59:23     iter  47  obj 0.08114  best 0.09328  step 0.2375
05:59:26     iter  48  obj 0.06427  best 0.09328  step 0.2375
05:59:28     iter  49  obj 0.12162  best 0.12162  step 0.2375  *
05:59:30     iter  50  obj 0.10995  best 0.12162  step 0.2375
05:59:32     iter  51  obj 0.09637  best 0.12162  step 0.2375
05:59:34     iter  52  obj 0.11343  best 0.12162  step 0.2375
05:59:37     iter  53  obj 0.12595  best 0.12595  step 0.2375  *
05:59:39     iter  54  obj 0.09893  best 0.12595  step 0.2375
05:59:41     iter  55  obj 0.11647  best 0.12595  step 0.2375
05:59:43     iter  56  obj 0.11207  best 0.12595  step 0.2375
05:59:45     iter  57  obj 0.12009  best 0.12595  step 0.1188  halved
05:59:48     iter  58  obj -0.05478  best 0.12595  step 0.1188
05:59:50     iter  59  obj 0.14970  best 0.14970  step 0.1188  *
05:59:52     iter  60  obj 0.17330  best 0.17330  step 0.1188  *
05:59:54     iter  61  obj 0.17988  best 0.17988  step 0.1188  *
05:59:56     iter  62  obj 0.18637  best 0.18637  step 0.1188  *
05:59:59     iter  63  obj 0.19538  best 0.19538  step 0.1188  *
06:00:01     iter  64  obj 0.24938  best 0.24938  step 0.1188  *
06:00:03     iter  65  obj 0.22645  best 0.24938  step 0.1188
06:00:05     iter  66  obj 0.21447  best 0.24938  step 0.1188
06:00:07     iter  67  obj 0.20672  best 0.24938  step 0.1188
06:00:10     iter  68  obj 0.25187  best 0.25187  step 0.1188  *
06:00:12     iter  69  obj 0.25608  best 0.25608  step 0.1188  *
06:00:14     iter  70  obj 0.22800  best 0.25608  step 0.0594  halved
06:00:16     iter  71  obj 0.29617  best 0.29617  step 0.0594  *
06:00:18     iter  72  obj 0.42010  best 0.42010  step 0.0594  *
06:00:21     iter  73  obj 0.60217  best 0.60217  step 0.0594  *
06:00:23     iter  74  obj 0.62144  best 0.62144  step 0.0594  *
06:00:25     iter  75  obj 0.55891  best 0.62144  step 0.0594
06:00:27     iter  76  obj 0.72866  best 0.72866  step 0.0594  *
06:00:29     iter  77  obj 1.00306  best 1.00306  step 0.0594  *
06:00:32     iter  78  obj 1.02194  best 1.02194  step 0.0594  *
06:00:34     iter  79  obj 1.27275  best 1.27275  step 0.0594  *
06:00:36     iter  80  obj 1.29252  best 1.29252  step 0.0594  *
06:00:38     iter  81  obj 1.43269  best 1.43269  step 0.0594  *
06:00:40     iter  82  obj 1.23080  best 1.43269  step 0.0594
06:00:42     iter  83  obj 0.90339  best 1.43269  step 0.0594
06:00:45     iter  84  obj 1.09408  best 1.43269  step 0.0594
06:00:47     iter  85  obj 1.44520  best 1.44520  step 0.0594  *
06:00:49     iter  86  obj 1.37172  best 1.44520  step 0.0594
06:00:51     iter  87  obj 1.52792  best 1.52792  step 0.0297  *  halved
06:00:53     iter  88  obj 2.13269  best 2.13269  step 0.0297  *
06:00:56     iter  89  obj 2.38414  best 2.38414  step 0.0297  *
06:00:58     iter  90  obj 2.26626  best 2.38414  step 0.0297
06:01:00     iter  91  obj 2.42858  best 2.42858  step 0.0297  *
06:01:02     iter  92  obj 2.73555  best 2.73555  step 0.0297  *
06:01:04     iter  93  obj 2.71092  best 2.73555  step 0.0148  halved
06:01:07     iter  94  obj 3.68920  best 3.68920  step 0.0148  *
06:01:09     iter  95  obj 4.22630  best 4.22630  step 0.0148  *
06:01:11     iter  96  obj 4.39284  best 4.39284  step 0.0148  *
06:01:13     iter  97  obj 4.44183  best 4.44183  step 0.0148  *
06:01:15     iter  98  obj 4.84792  best 4.84792  step 0.0148  *
06:01:18     iter  99  obj 5.47528  best 5.47528  step 0.0148  *
06:01:20     iter 100  obj 5.07791  best 5.47528  step 0.0148
06:01:20      poisoned ce=0.12677 auc=0.9896 acc=0.9650 f1=0.9646  dce=+0.03349 dacc=+0.0000  k=1500  [222.3s]
06:01:20   mean over 1 trials: dce=+0.03349 dacc=+0.0000 dauc=-0.0039  -> results/lambda_url_be/url_unique_lam0.3_rs3

