06:51:20 [x-capgd] datasets/url_unique/splits/selected/natural/context_5000.csv (5000x63) -> datasets/url_unique/splits/test_attack_1000.csv (1000 of 1000)  k=1500 (30.0%)  attack_class=None  grid 1x1  cuda:1
06:51:25   clean  ce=0.09328 auc=0.9935 acc=0.9650 f1=0.9644  max|dp| over 3 repeats=0.00e+00  chunking_exact=True  [3.2s]
06:51:25   constraints=full (14 relations, dataset 'url_unique')  scaler=metadata  mutable 63/63  int 58  cat 0
06:51:25   -- trial run0_sub0
06:51:27     iter   0  obj 0.09328  best 0.09328  step 0.9500
06:51:29     iter   1  obj 0.10340  best 0.10340  step 0.9500  *
06:51:31     iter   2  obj 0.11903  best 0.11903  step 0.9500  *
06:51:34     iter   3  obj 0.12170  best 0.12170  step 0.9500  *
06:51:36     iter   4  obj 0.11420  best 0.12170  step 0.9500
06:51:38     iter   5  obj 0.12005  best 0.12170  step 0.9500
06:51:40     iter   6  obj 0.11197  best 0.12170  step 0.9500
06:51:42     iter   7  obj 0.11826  best 0.12170  step 0.9500
06:51:45     iter   8  obj 0.12173  best 0.12173  step 0.9500  *
06:51:47     iter   9  obj 0.11239  best 0.12173  step 0.9500
06:51:49     iter  10  obj 0.12117  best 0.12173  step 0.9500
06:51:51     iter  11  obj 0.13248  best 0.13248  step 0.9500  *
06:51:53     iter  12  obj 0.11537  best 0.13248  step 0.9500
06:51:55     iter  13  obj 0.11520  best 0.13248  step 0.9500
06:51:58     iter  14  obj 0.11645  best 0.13248  step 0.9500
06:52:00     iter  15  obj 0.12837  best 0.13248  step 0.9500
06:52:02     iter  16  obj 0.12709  best 0.13248  step 0.9500
06:52:04     iter  17  obj 0.14368  best 0.14368  step 0.9500  *
06:52:06     iter  18  obj 0.11839  best 0.14368  step 0.9500
06:52:09     iter  19  obj 0.11992  best 0.14368  step 0.9500
06:52:11     iter  20  obj 0.11961  best 0.14368  step 0.9500
06:52:13     iter  21  obj 0.11769  best 0.14368  step 0.9500
06:52:15     iter  22  obj 0.11151  best 0.14368  step 0.4750  halved
06:52:17     iter  23  obj 0.12784  best 0.14368  step 0.4750
06:52:20     iter  24  obj 0.13936  best 0.14368  step 0.4750
06:52:22     iter  25  obj 0.13057  best 0.14368  step 0.4750
06:52:24     iter  26  obj 0.14086  best 0.14368  step 0.4750
06:52:26     iter  27  obj 0.16630  best 0.16630  step 0.4750  *
06:52:28     iter  28  obj 0.13118  best 0.16630  step 0.4750
06:52:30     iter  29  obj 0.13350  best 0.16630  step 0.4750
06:52:33     iter  30  obj 0.14546  best 0.16630  step 0.4750
06:52:35     iter  31  obj 0.15887  best 0.16630  step 0.4750
06:52:37     iter  32  obj 0.13748  best 0.16630  step 0.4750
06:52:39     iter  33  obj 0.13100  best 0.16630  step 0.4750
06:52:41     iter  34  obj 0.14119  best 0.16630  step 0.4750
06:52:44     iter  35  obj 0.14244  best 0.16630  step 0.4750
06:52:46     iter  36  obj 0.14925  best 0.16630  step 0.4750
06:52:48     iter  37  obj 0.14391  best 0.16630  step 0.4750
06:52:50     iter  38  obj 0.14793  best 0.16630  step 0.4750
06:52:52     iter  39  obj 0.15159  best 0.16630  step 0.4750
06:52:55     iter  40  obj 0.14537  best 0.16630  step 0.4750
06:52:57     iter  41  obj 0.13634  best 0.16630  step 0.2375  halved
06:52:59     iter  42  obj 0.14794  best 0.16630  step 0.2375
06:53:01     iter  43  obj 0.17683  best 0.17683  step 0.2375  *
06:53:03     iter  44  obj 0.20712  best 0.20712  step 0.2375  *
06:53:06     iter  45  obj 0.14944  best 0.20712  step 0.2375
06:53:08     iter  46  obj 0.17058  best 0.20712  step 0.2375
06:53:10     iter  47  obj 0.17131  best 0.20712  step 0.2375
06:53:12     iter  48  obj 0.16019  best 0.20712  step 0.2375
06:53:14     iter  49  obj 0.17567  best 0.20712  step 0.2375
06:53:16     iter  50  obj 0.19797  best 0.20712  step 0.2375
06:53:19     iter  51  obj 0.19267  best 0.20712  step 0.2375
06:53:21     iter  52  obj 0.18496  best 0.20712  step 0.2375
06:53:23     iter  53  obj 0.16934  best 0.20712  step 0.2375
06:53:25     iter  54  obj 0.18053  best 0.20712  step 0.2375
06:53:27     iter  55  obj 0.20528  best 0.20712  step 0.2375
06:53:30     iter  56  obj 0.17582  best 0.20712  step 0.2375
06:53:32     iter  57  obj 0.19686  best 0.20712  step 0.1188  halved
06:53:34     iter  58  obj 0.15645  best 0.20712  step 0.1188
06:53:36     iter  59  obj 0.17056  best 0.20712  step 0.1188
06:53:38     iter  60  obj 0.20865  best 0.20865  step 0.1188  *
06:53:41     iter  61  obj 0.21011  best 0.21011  step 0.1188  *
06:53:43     iter  62  obj 0.22118  best 0.22118  step 0.1188  *
06:53:45     iter  63  obj 0.22980  best 0.22980  step 0.1188  *
06:53:47     iter  64  obj 0.21848  best 0.22980  step 0.1188
06:53:49     iter  65  obj 0.25933  best 0.25933  step 0.1188  *
06:53:52     iter  66  obj 0.19844  best 0.25933  step 0.1188
06:53:54     iter  67  obj 0.22330  best 0.25933  step 0.1188
06:53:56     iter  68  obj 0.28755  best 0.28755  step 0.1188  *
06:53:58     iter  69  obj 0.22530  best 0.28755  step 0.1188
06:54:00     iter  70  obj 0.25106  best 0.28755  step 0.0594  halved
06:54:02     iter  71  obj 0.40003  best 0.40003  step 0.0594  *
06:54:05     iter  72  obj 0.34677  best 0.40003  step 0.0594
06:54:07     iter  73  obj 0.47552  best 0.47552  step 0.0594  *
06:54:09     iter  74  obj 0.40410  best 0.47552  step 0.0594
06:54:11     iter  75  obj 0.41665  best 0.47552  step 0.0594
06:54:13     iter  76  obj 0.36750  best 0.47552  step 0.0594
06:54:16     iter  77  obj 0.50150  best 0.50150  step 0.0594  *
06:54:18     iter  78  obj 0.56676  best 0.56676  step 0.0594  *
06:54:20     iter  79  obj 0.52071  best 0.56676  step 0.0594
06:54:22     iter  80  obj 0.56944  best 0.56944  step 0.0297  *  halved
06:54:24     iter  81  obj 0.93666  best 0.93666  step 0.0297  *
06:54:27     iter  82  obj 0.94560  best 0.94560  step 0.0297  *
06:54:29     iter  83  obj 1.30123  best 1.30123  step 0.0297  *
06:54:31     iter  84  obj 1.61100  best 1.61100  step 0.0297  *
06:54:33     iter  85  obj 1.62203  best 1.62203  step 0.0297  *
06:54:35     iter  86  obj 1.01115  best 1.62203  step 0.0297
06:54:38     iter  87  obj 1.61707  best 1.62203  step 0.0297
06:54:40     iter  88  obj 1.98545  best 1.98545  step 0.0297  *
06:54:42     iter  89  obj 1.99981  best 1.99981  step 0.0297  *
06:54:44     iter  90  obj 2.33882  best 2.33882  step 0.0297  *
06:54:46     iter  91  obj 2.62874  best 2.62874  step 0.0297  *
06:54:49     iter  92  obj 3.10883  best 3.10883  step 0.0297  *
06:54:51     iter  93  obj 2.68634  best 3.10883  step 0.0297
06:54:53     iter  94  obj 3.66433  best 3.66433  step 0.0297  *
06:54:55     iter  95  obj 3.29780  best 3.66433  step 0.0297
06:54:57     iter  96  obj 3.69454  best 3.69454  step 0.0297  *
06:54:59     iter  97  obj 3.37962  best 3.69454  step 0.0297
06:55:02     iter  98  obj 3.25164  best 3.69454  step 0.0297
06:55:04     iter  99  obj 3.98167  best 3.98167  step 0.0148  *  halved
06:55:06     iter 100  obj 4.94711  best 4.94711  step 0.0148  *
06:55:07      poisoned ce=0.16353 auc=0.9851 acc=0.9530 f1=0.9528  dce=+0.07025 dacc=-0.0120  k=1500  [222.0s]
06:55:07   mean over 1 trials: dce=+0.07025 dacc=-0.0120 dauc=-0.0084  -> results/lambda_url_be/url_unique_lam0_rs2

