06:16:46 [x-capgd] datasets/url_unique/splits/selected/natural/context_5000.csv (5000x63) -> datasets/url_unique/splits/test_attack_1000.csv (1000 of 1000)  k=1500 (30.0%)  attack_class=None  grid 1x1  cuda:1
06:16:50   clean  ce=0.09328 auc=0.9935 acc=0.9650 f1=0.9644  max|dp| over 3 repeats=0.00e+00  chunking_exact=True  [3.2s]
06:16:51   constraints=full (14 relations, dataset 'url_unique')  scaler=metadata  mutable 63/63  int 58  cat 0
06:16:51   -- trial run0_sub0
06:16:53     iter   0  obj 0.09328  best 0.09328  step 0.9500
06:16:55     iter   1  obj -0.02794  best 0.09328  step 0.9500
06:16:57     iter   2  obj 0.10812  best 0.10812  step 0.9500  *
06:16:59     iter   3  obj 0.11307  best 0.11307  step 0.9500  *
06:17:02     iter   4  obj 0.10447  best 0.11307  step 0.9500
06:17:04     iter   5  obj 0.10926  best 0.11307  step 0.9500
06:17:06     iter   6  obj 0.10129  best 0.11307  step 0.9500
06:17:08     iter   7  obj 0.09626  best 0.11307  step 0.9500
06:17:10     iter   8  obj 0.10932  best 0.11307  step 0.9500
06:17:12     iter   9  obj 0.11145  best 0.11307  step 0.9500
06:17:15     iter  10  obj 0.11874  best 0.11874  step 0.9500  *
06:17:17     iter  11  obj 0.11207  best 0.11874  step 0.9500
06:17:19     iter  12  obj 0.11051  best 0.11874  step 0.9500
06:17:21     iter  13  obj 0.08921  best 0.11874  step 0.9500
06:17:23     iter  14  obj 0.10451  best 0.11874  step 0.9500
06:17:26     iter  15  obj 0.10214  best 0.11874  step 0.9500
06:17:28     iter  16  obj 0.11766  best 0.11874  step 0.9500
06:17:30     iter  17  obj 0.10321  best 0.11874  step 0.9500
06:17:32     iter  18  obj 0.10152  best 0.11874  step 0.9500
06:17:34     iter  19  obj 0.09590  best 0.11874  step 0.9500
06:17:37     iter  20  obj 0.09842  best 0.11874  step 0.9500
06:17:39     iter  21  obj 0.10807  best 0.11874  step 0.9500
06:17:41     iter  22  obj 0.10310  best 0.11874  step 0.4750  halved
06:17:43     iter  23  obj 0.08255  best 0.11874  step 0.4750
06:17:45     iter  24  obj 0.13068  best 0.13068  step 0.4750  *
06:17:47     iter  25  obj 0.11882  best 0.13068  step 0.4750
06:17:50     iter  26  obj 0.13423  best 0.13423  step 0.4750  *
06:17:52     iter  27  obj 0.13387  best 0.13423  step 0.4750
06:17:54     iter  28  obj 0.12656  best 0.13423  step 0.4750
06:17:56     iter  29  obj 0.12998  best 0.13423  step 0.4750
06:17:58     iter  30  obj 0.13880  best 0.13880  step 0.4750  *
06:18:01     iter  31  obj 0.11681  best 0.13880  step 0.4750
06:18:03     iter  32  obj 0.11929  best 0.13880  step 0.4750
06:18:05     iter  33  obj 0.13027  best 0.13880  step 0.4750
06:18:07     iter  34  obj 0.13458  best 0.13880  step 0.4750
06:18:09     iter  35  obj 0.12453  best 0.13880  step 0.4750
06:18:12     iter  36  obj 0.13164  best 0.13880  step 0.4750
06:18:14     iter  37  obj 0.13156  best 0.13880  step 0.4750
06:18:16     iter  38  obj 0.12351  best 0.13880  step 0.4750
06:18:18     iter  39  obj 0.12075  best 0.13880  step 0.4750
06:18:20     iter  40  obj 0.11413  best 0.13880  step 0.4750
06:18:23     iter  41  obj 0.12213  best 0.13880  step 0.2375  halved
06:18:25     iter  42  obj 0.09102  best 0.13880  step 0.2375
06:18:27     iter  43  obj 0.14050  best 0.14050  step 0.2375  *
06:18:29     iter  44  obj 0.14511  best 0.14511  step 0.2375  *
06:18:31     iter  45  obj 0.15529  best 0.15529  step 0.2375  *
06:18:33     iter  46  obj 0.15962  best 0.15962  step 0.2375  *
06:18:36     iter  47  obj 0.17084  best 0.17084  step 0.2375  *
06:18:38     iter  48  obj 0.15864  best 0.17084  step 0.2375
06:18:40     iter  49  obj 0.16415  best 0.17084  step 0.2375
06:18:42     iter  50  obj 0.16972  best 0.17084  step 0.2375
06:18:44     iter  51  obj 0.15265  best 0.17084  step 0.2375
06:18:47     iter  52  obj 0.17271  best 0.17271  step 0.2375  *
06:18:49     iter  53  obj 0.16064  best 0.17271  step 0.2375
06:18:51     iter  54  obj 0.16562  best 0.17271  step 0.2375
06:18:53     iter  55  obj 0.17837  best 0.17837  step 0.2375  *
06:18:55     iter  56  obj 0.18957  best 0.18957  step 0.2375  *
06:18:58     iter  57  obj 0.18790  best 0.18957  step 0.1188  halved
06:19:00     iter  58  obj 0.22442  best 0.22442  step 0.1188  *
06:19:02     iter  59  obj 0.22289  best 0.22442  step 0.1188
06:19:04     iter  60  obj 0.27436  best 0.27436  step 0.1188  *
06:19:06     iter  61  obj 0.22925  best 0.27436  step 0.1188
06:19:09     iter  62  obj 0.23369  best 0.27436  step 0.1188
06:19:11     iter  63  obj 0.26275  best 0.27436  step 0.1188
06:19:13     iter  64  obj 0.26181  best 0.27436  step 0.1188
06:19:15     iter  65  obj 0.27419  best 0.27436  step 0.1188
06:19:17     iter  66  obj 0.23161  best 0.27436  step 0.1188
06:19:20     iter  67  obj 0.28355  best 0.28355  step 0.1188  *
06:19:22     iter  68  obj 0.25237  best 0.28355  step 0.1188
06:19:24     iter  69  obj 0.28162  best 0.28355  step 0.1188
06:19:26     iter  70  obj 0.30532  best 0.30532  step 0.0594  *  halved
06:19:28     iter  71  obj 0.35491  best 0.35491  step 0.0594  *
06:19:31     iter  72  obj 0.34907  best 0.35491  step 0.0594
06:19:33     iter  73  obj 0.39168  best 0.39168  step 0.0594  *
06:19:35     iter  74  obj 0.37387  best 0.39168  step 0.0594
06:19:37     iter  75  obj 0.44323  best 0.44323  step 0.0594  *
06:19:39     iter  76  obj 0.44658  best 0.44658  step 0.0594  *
06:19:41     iter  77  obj 0.50301  best 0.50301  step 0.0594  *
06:19:44     iter  78  obj 0.54084  best 0.54084  step 0.0594  *
06:19:46     iter  79  obj 0.42216  best 0.54084  step 0.0594
06:19:48     iter  80  obj 0.43795  best 0.54084  step 0.0297  halved
06:19:50     iter  81  obj 0.60227  best 0.60227  step 0.0297  *
06:19:52     iter  82  obj 0.68763  best 0.68763  step 0.0297  *
06:19:55     iter  83  obj 0.69507  best 0.69507  step 0.0297  *
06:19:57     iter  84  obj 0.82831  best 0.82831  step 0.0297  *
06:19:59     iter  85  obj 0.85779  best 0.85779  step 0.0297  *
06:20:01     iter  86  obj 0.77026  best 0.85779  step 0.0297
06:20:03     iter  87  obj 0.85877  best 0.85877  step 0.0297  *
06:20:06     iter  88  obj 0.97948  best 0.97948  step 0.0297  *
06:20:08     iter  89  obj 0.95389  best 0.97948  step 0.0297
06:20:10     iter  90  obj 0.97674  best 0.97948  step 0.0297
06:20:12     iter  91  obj 0.98308  best 0.98308  step 0.0297  *
06:20:14     iter  92  obj 0.93813  best 0.98308  step 0.0297
06:20:17     iter  93  obj 1.00702  best 1.00702  step 0.0148  *  halved
06:20:19     iter  94  obj 1.19184  best 1.19184  step 0.0148  *
06:20:21     iter  95  obj 1.29698  best 1.29698  step 0.0148  *
06:20:23     iter  96  obj 1.33394  best 1.33394  step 0.0148  *
06:20:25     iter  97  obj 1.45485  best 1.45485  step 0.0148  *
06:20:28     iter  98  obj 1.59627  best 1.59627  step 0.0148  *
06:20:30     iter  99  obj 1.60338  best 1.60338  step 0.0148  *
06:20:32     iter 100  obj 1.67963  best 1.67963  step 0.0148  *
06:20:33      poisoned ce=0.20945 auc=0.9802 acc=0.9280 f1=0.9259  dce=+0.11617 dacc=-0.0370  k=1500  [222.2s]
06:20:33   mean over 1 trials: dce=+0.11617 dacc=-0.0370 dauc=-0.0134  -> results/lambda_url_be/url_unique_lam0.03_rs2

