06:32:08 [x-capgd] datasets/url_unique/splits/selected/natural/context_5000.csv (5000x63) -> datasets/url_unique/splits/test_attack_1000.csv (1000 of 1000)  k=1500 (30.0%)  attack_class=None  grid 1x1  cuda:1
06:32:12   clean  ce=0.09328 auc=0.9935 acc=0.9650 f1=0.9644  max|dp| over 3 repeats=0.00e+00  chunking_exact=True  [3.3s]
06:32:12   constraints=full (14 relations, dataset 'url_unique')  scaler=metadata  mutable 63/63  int 58  cat 0
06:32:12   -- trial run0_sub0
06:32:15     iter   0  obj 0.09328  best 0.09328  step 0.9500
06:32:17     iter   1  obj 0.06615  best 0.09328  step 0.9500
06:32:19     iter   2  obj 0.10716  best 0.10716  step 0.9500  *
06:32:21     iter   3  obj 0.11496  best 0.11496  step 0.9500  *
06:32:23     iter   4  obj 0.10722  best 0.11496  step 0.9500
06:32:25     iter   5  obj 0.10670  best 0.11496  step 0.9500
06:32:28     iter   6  obj 0.10628  best 0.11496  step 0.9500
06:32:30     iter   7  obj 0.10825  best 0.11496  step 0.9500
06:32:32     iter   8  obj 0.11498  best 0.11498  step 0.9500  *
06:32:34     iter   9  obj 0.11266  best 0.11498  step 0.9500
06:32:36     iter  10  obj 0.11989  best 0.11989  step 0.9500  *
06:32:39     iter  11  obj 0.11593  best 0.11989  step 0.9500
06:32:41     iter  12  obj 0.11508  best 0.11989  step 0.9500
06:32:43     iter  13  obj 0.11423  best 0.11989  step 0.9500
06:32:45     iter  14  obj 0.11512  best 0.11989  step 0.9500
06:32:47     iter  15  obj 0.10986  best 0.11989  step 0.9500
06:32:50     iter  16  obj 0.11074  best 0.11989  step 0.9500
06:32:52     iter  17  obj 0.12050  best 0.12050  step 0.9500  *
06:32:54     iter  18  obj 0.12334  best 0.12334  step 0.9500  *
06:32:56     iter  19  obj 0.10948  best 0.12334  step 0.9500
06:32:58     iter  20  obj 0.11523  best 0.12334  step 0.9500
06:33:00     iter  21  obj 0.11165  best 0.12334  step 0.9500
06:33:03     iter  22  obj 0.11921  best 0.12334  step 0.4750  halved
06:33:05     iter  23  obj 0.09252  best 0.12334  step 0.4750
06:33:07     iter  24  obj 0.13507  best 0.13507  step 0.4750  *
06:33:09     iter  25  obj 0.13375  best 0.13507  step 0.4750
06:33:11     iter  26  obj 0.12279  best 0.13507  step 0.4750
06:33:14     iter  27  obj 0.12569  best 0.13507  step 0.4750
06:33:16     iter  28  obj 0.12245  best 0.13507  step 0.4750
06:33:18     iter  29  obj 0.11441  best 0.13507  step 0.4750
06:33:20     iter  30  obj 0.12642  best 0.13507  step 0.4750
06:33:22     iter  31  obj 0.12618  best 0.13507  step 0.4750
06:33:25     iter  32  obj 0.11551  best 0.13507  step 0.4750
06:33:27     iter  33  obj 0.11880  best 0.13507  step 0.4750
06:33:29     iter  34  obj 0.12595  best 0.13507  step 0.4750
06:33:31     iter  35  obj 0.12179  best 0.13507  step 0.4750
06:33:33     iter  36  obj 0.12244  best 0.13507  step 0.4750
06:33:36     iter  37  obj 0.12500  best 0.13507  step 0.4750
06:33:38     iter  38  obj 0.12295  best 0.13507  step 0.4750
06:33:40     iter  39  obj 0.12968  best 0.13507  step 0.4750
06:33:42     iter  40  obj 0.13238  best 0.13507  step 0.4750
06:33:44     iter  41  obj 0.11941  best 0.13507  step 0.2375  halved
06:33:46     iter  42  obj 0.12363  best 0.13507  step 0.2375
06:33:49     iter  43  obj 0.13926  best 0.13926  step 0.2375  *
06:33:51     iter  44  obj 0.14117  best 0.14117  step 0.2375  *
06:33:53     iter  45  obj 0.14557  best 0.14557  step 0.2375  *
06:33:55     iter  46  obj 0.15023  best 0.15023  step 0.2375  *
06:33:57     iter  47  obj 0.14218  best 0.15023  step 0.2375
06:34:00     iter  48  obj 0.13470  best 0.15023  step 0.2375
06:34:02     iter  49  obj 0.15461  best 0.15461  step 0.2375  *
06:34:04     iter  50  obj 0.16950  best 0.16950  step 0.2375  *
06:34:06     iter  51  obj 0.18590  best 0.18590  step 0.2375  *
06:34:08     iter  52  obj 0.12791  best 0.18590  step 0.2375
06:34:11     iter  53  obj 0.13606  best 0.18590  step 0.2375
06:34:13     iter  54  obj 0.13390  best 0.18590  step 0.2375
06:34:15     iter  55  obj 0.13993  best 0.18590  step 0.2375
06:34:17     iter  56  obj 0.14781  best 0.18590  step 0.2375
06:34:19     iter  57  obj 0.13543  best 0.18590  step 0.1188  halved
06:34:22     iter  58  obj 0.12050  best 0.18590  step 0.1188
06:34:24     iter  59  obj 0.18649  best 0.18649  step 0.1188  *
06:34:26     iter  60  obj 0.21270  best 0.21270  step 0.1188  *
06:34:28     iter  61  obj 0.23672  best 0.23672  step 0.1188  *
06:34:30     iter  62  obj 0.24485  best 0.24485  step 0.1188  *
06:34:33     iter  63  obj 0.16518  best 0.24485  step 0.1188
06:34:35     iter  64  obj 0.16721  best 0.24485  step 0.1188
06:34:37     iter  65  obj 0.23148  best 0.24485  step 0.1188
06:34:39     iter  66  obj 0.19083  best 0.24485  step 0.1188
06:34:41     iter  67  obj 0.26092  best 0.26092  step 0.1188  *
06:34:44     iter  68  obj 0.16874  best 0.26092  step 0.1188
06:34:46     iter  69  obj 0.35896  best 0.35896  step 0.1188  *
06:34:48     iter  70  obj 0.51802  best 0.51802  step 0.0594  *  halved
06:34:50     iter  71  obj 0.29236  best 0.51802  step 0.0594
06:34:52     iter  72  obj 0.78044  best 0.78044  step 0.0594  *
06:34:55     iter  73  obj 0.82054  best 0.82054  step 0.0594  *
06:34:57     iter  74  obj 0.64318  best 0.82054  step 0.0594
06:34:59     iter  75  obj 0.50637  best 0.82054  step 0.0594
06:35:01     iter  76  obj 0.94742  best 0.94742  step 0.0594  *
06:35:03     iter  77  obj 1.12777  best 1.12777  step 0.0594  *
06:35:06     iter  78  obj 1.09308  best 1.12777  step 0.0594
06:35:08     iter  79  obj 1.22383  best 1.22383  step 0.0594  *
06:35:10     iter  80  obj 0.69698  best 1.22383  step 0.0297  halved
06:35:12     iter  81  obj 1.27758  best 1.27758  step 0.0297  *
06:35:14     iter  82  obj 2.08786  best 2.08786  step 0.0297  *
06:35:16     iter  83  obj 2.43648  best 2.43648  step 0.0297  *
06:35:19     iter  84  obj 2.22082  best 2.43648  step 0.0297
06:35:21     iter  85  obj 2.22018  best 2.43648  step 0.0297
06:35:23     iter  86  obj 2.23142  best 2.43648  step 0.0297
06:35:25     iter  87  obj 3.15145  best 3.15145  step 0.0148  *  halved
06:35:27     iter  88  obj 3.97355  best 3.97355  step 0.0148  *
06:35:30     iter  89  obj 3.93080  best 3.97355  step 0.0148
06:35:32     iter  90  obj 4.41752  best 4.41752  step 0.0148  *
06:35:34     iter  91  obj 5.11036  best 5.11036  step 0.0148  *
06:35:36     iter  92  obj 5.65772  best 5.65772  step 0.0148  *
06:35:38     iter  93  obj 6.15459  best 6.15459  step 0.0148  *
06:35:41     iter  94  obj 5.66764  best 6.15459  step 0.0148
06:35:43     iter  95  obj 6.03171  best 6.15459  step 0.0148
06:35:45     iter  96  obj 6.19460  best 6.19460  step 0.0148  *
06:35:47     iter  97  obj 6.73403  best 6.73403  step 0.0148  *
06:35:49     iter  98  obj 6.43018  best 6.73403  step 0.0148
06:35:52     iter  99  obj 6.92560  best 6.92560  step 0.0074  *  halved
06:35:54     iter 100  obj 6.97083  best 6.97083  step 0.0074  *
06:35:55      poisoned ce=0.11931 auc=0.9905 acc=0.9630 f1=0.9624  dce=+0.02603 dacc=-0.0020  k=1500  [222.2s]
06:35:55   mean over 1 trials: dce=+0.02603 dacc=-0.0020 dauc=-0.0030  -> results/lambda_url_be/url_unique_lam0.01_rs3

