05:26:48 [x-capgd] datasets/url_unique/splits/selected/natural/context_5000.csv (5000x63) -> datasets/url_unique/splits/test_attack_1000.csv (1000 of 1000)  k=1500 (30.0%)  attack_class=None  grid 1x1  cuda:1
05:26:53   clean  ce=0.09328 auc=0.9935 acc=0.9650 f1=0.9644  max|dp| over 3 repeats=0.00e+00  chunking_exact=True  [3.2s]
05:26:53   constraints=full (14 relations, dataset 'url_unique')  scaler=metadata  mutable 63/63  int 58  cat 0
05:26:53   -- trial run0_sub0
05:26:55     iter   0  obj 0.09328  best 0.09328  step 0.9500
05:26:57     iter   1  obj -2.96275  best 0.09328  step 0.9500
05:27:00     iter   2  obj -0.06419  best 0.09328  step 0.9500
05:27:02     iter   3  obj -0.11034  best 0.09328  step 0.9500
05:27:04     iter   4  obj -0.24261  best 0.09328  step 0.9500
05:27:06     iter   5  obj -0.28350  best 0.09328  step 0.9500
05:27:08     iter   6  obj -0.21023  best 0.09328  step 0.9500
05:27:11     iter   7  obj -0.72762  best 0.09328  step 0.9500
05:27:13     iter   8  obj -0.75038  best 0.09328  step 0.9500
05:27:15     iter   9  obj -0.20066  best 0.09328  step 0.9500
05:27:17     iter  10  obj -0.18298  best 0.09328  step 0.9500
05:27:19     iter  11  obj -0.19765  best 0.09328  step 0.9500
05:27:21     iter  12  obj -0.34596  best 0.09328  step 0.9500
05:27:24     iter  13  obj -0.77433  best 0.09328  step 0.9500
05:27:26     iter  14  obj -0.43136  best 0.09328  step 0.9500
05:27:28     iter  15  obj -0.32405  best 0.09328  step 0.9500
05:27:30     iter  16  obj -0.20239  best 0.09328  step 0.9500
05:27:32     iter  17  obj -0.09455  best 0.09328  step 0.9500
05:27:35     iter  18  obj -0.66969  best 0.09328  step 0.9500
05:27:37     iter  19  obj -0.40281  best 0.09328  step 0.9500
05:27:39     iter  20  obj -0.37724  best 0.09328  step 0.9500
05:27:41     iter  21  obj -0.24227  best 0.09328  step 0.9500
05:27:43     iter  22  obj -0.22031  best 0.09328  step 0.4750  halved
05:27:46     iter  23  obj -2.67454  best 0.09328  step 0.4750
05:27:48     iter  24  obj -0.34315  best 0.09328  step 0.4750
05:27:50     iter  25  obj -0.09366  best 0.09328  step 0.4750
05:27:52     iter  26  obj -0.00490  best 0.09328  step 0.4750
05:27:54     iter  27  obj -0.03566  best 0.09328  step 0.4750
05:27:56     iter  28  obj -0.05849  best 0.09328  step 0.4750
05:27:59     iter  29  obj -0.23530  best 0.09328  step 0.4750
05:28:01     iter  30  obj -0.23362  best 0.09328  step 0.4750
05:28:03     iter  31  obj -0.07299  best 0.09328  step 0.4750
05:28:05     iter  32  obj -0.01492  best 0.09328  step 0.4750
05:28:07     iter  33  obj -0.08455  best 0.09328  step 0.4750
05:28:10     iter  34  obj -0.20147  best 0.09328  step 0.4750
05:28:12     iter  35  obj -0.24647  best 0.09328  step 0.4750
05:28:14     iter  36  obj -0.35883  best 0.09328  step 0.4750
05:28:16     iter  37  obj -0.30771  best 0.09328  step 0.4750
05:28:18     iter  38  obj -0.25029  best 0.09328  step 0.4750
05:28:21     iter  39  obj -0.17500  best 0.09328  step 0.4750
05:28:23     iter  40  obj -0.25489  best 0.09328  step 0.4750
05:28:25     iter  41  obj -0.05623  best 0.09328  step 0.2375  halved
05:28:27     iter  42  obj -2.10087  best 0.09328  step 0.2375
05:28:29     iter  43  obj -0.17810  best 0.09328  step 0.2375
05:28:32     iter  44  obj -0.00753  best 0.09328  step 0.2375
05:28:34     iter  45  obj -0.00257  best 0.09328  step 0.2375
05:28:36     iter  46  obj -0.04874  best 0.09328  step 0.2375
05:28:38     iter  47  obj -0.04114  best 0.09328  step 0.2375
05:28:40     iter  48  obj -0.04714  best 0.09328  step 0.2375
05:28:42     iter  49  obj 0.03732  best 0.09328  step 0.2375
05:28:45     iter  50  obj -0.07262  best 0.09328  step 0.2375
05:28:47     iter  51  obj 0.08945  best 0.09328  step 0.2375
05:28:49     iter  52  obj 0.02389  best 0.09328  step 0.2375
05:28:51     iter  53  obj 0.05753  best 0.09328  step 0.2375
05:28:53     iter  54  obj 0.01211  best 0.09328  step 0.2375
05:28:56     iter  55  obj 0.02758  best 0.09328  step 0.2375
05:28:58     iter  56  obj 0.07390  best 0.09328  step 0.2375
05:29:00     iter  57  obj 0.01599  best 0.09328  step 0.1188  halved
05:29:02     iter  58  obj -3.28111  best 0.09328  step 0.1188
05:29:04     iter  59  obj -0.05704  best 0.09328  step 0.1188
05:29:07     iter  60  obj 0.00616  best 0.09328  step 0.1188
05:29:09     iter  61  obj 0.08434  best 0.09328  step 0.1188
05:29:11     iter  62  obj 0.10448  best 0.10448  step 0.1188  *
05:29:13     iter  63  obj 0.11159  best 0.11159  step 0.1188  *
05:29:15     iter  64  obj 0.09721  best 0.11159  step 0.1188
05:29:18     iter  65  obj 0.10133  best 0.11159  step 0.1188
05:29:20     iter  66  obj 0.10163  best 0.11159  step 0.1188
05:29:22     iter  67  obj 0.14306  best 0.14306  step 0.1188  *
05:29:24     iter  68  obj 0.12818  best 0.14306  step 0.1188
05:29:26     iter  69  obj 0.10416  best 0.14306  step 0.1188
05:29:28     iter  70  obj 0.16128  best 0.16128  step 0.0594  *  halved
05:29:31     iter  71  obj 0.23428  best 0.23428  step 0.0594  *
05:29:33     iter  72  obj 0.17046  best 0.23428  step 0.0594
05:29:35     iter  73  obj 0.23036  best 0.23428  step 0.0594
05:29:37     iter  74  obj 0.34245  best 0.34245  step 0.0594  *
05:29:39     iter  75  obj 0.45604  best 0.45604  step 0.0594  *
05:29:42     iter  76  obj 0.49277  best 0.49277  step 0.0594  *
05:29:44     iter  77  obj 0.60754  best 0.60754  step 0.0594  *
05:29:46     iter  78  obj 0.37932  best 0.60754  step 0.0594
05:29:48     iter  79  obj 0.62938  best 0.62938  step 0.0594  *
05:29:50     iter  80  obj 0.51429  best 0.62938  step 0.0297  halved
05:29:53     iter  81  obj 0.70886  best 0.70886  step 0.0297  *
05:29:55     iter  82  obj 1.00442  best 1.00442  step 0.0297  *
05:29:57     iter  83  obj 1.21969  best 1.21969  step 0.0297  *
05:29:59     iter  84  obj 0.93255  best 1.21969  step 0.0297
05:30:01     iter  85  obj 0.94639  best 1.21969  step 0.0297
05:30:04     iter  86  obj 1.21064  best 1.21969  step 0.0297
05:30:06     iter  87  obj 1.22362  best 1.22362  step 0.0297  *
05:30:08     iter  88  obj 1.31426  best 1.31426  step 0.0297  *
05:30:10     iter  89  obj 1.38046  best 1.38046  step 0.0297  *
05:30:12     iter  90  obj 1.68448  best 1.68448  step 0.0297  *
05:30:15     iter  91  obj 1.21756  best 1.68448  step 0.0297
05:30:17     iter  92  obj 1.69142  best 1.69142  step 0.0297  *
05:30:19     iter  93  obj 2.10983  best 2.10983  step 0.0297  *
05:30:21     iter  94  obj 2.26444  best 2.26444  step 0.0297  *
05:30:23     iter  95  obj 1.74426  best 2.26444  step 0.0297
05:30:26     iter  96  obj 2.17135  best 2.26444  step 0.0297
05:30:28     iter  97  obj 2.45953  best 2.45953  step 0.0297  *
05:30:30     iter  98  obj 2.19359  best 2.45953  step 0.0297
05:30:32     iter  99  obj 2.68500  best 2.68500  step 0.0148  *  halved
05:30:34     iter 100  obj 3.50597  best 3.50597  step 0.0148  *
05:30:35      poisoned ce=0.11552 auc=0.9922 acc=0.9690 f1=0.9689  dce=+0.02224 dacc=+0.0040  k=1500  [222.1s]
05:30:35   mean over 1 trials: dce=+0.02224 dacc=+0.0040 dauc=-0.0013  -> results/lambda_url_be/url_unique_lam0.7_rs1

