06:01:24 [x-capgd] datasets/url_unique/splits/selected/natural/context_5000.csv (5000x63) -> datasets/url_unique/splits/test_attack_1000.csv (1000 of 1000)  k=1500 (30.0%)  attack_class=None  grid 1x1  cuda:1
06:01:29   clean  ce=0.09328 auc=0.9935 acc=0.9650 f1=0.9644  max|dp| over 3 repeats=0.00e+00  chunking_exact=True  [3.2s]
06:01:29   constraints=full (14 relations, dataset 'url_unique')  scaler=metadata  mutable 63/63  int 58  cat 0
06:01:29   -- trial run0_sub0
06:01:31     iter   0  obj 0.09328  best 0.09328  step 0.9500
06:01:33     iter   1  obj -0.33862  best 0.09328  step 0.9500
06:01:35     iter   2  obj 0.08281  best 0.09328  step 0.9500
06:01:38     iter   3  obj 0.07659  best 0.09328  step 0.9500
06:01:40     iter   4  obj 0.06804  best 0.09328  step 0.9500
06:01:42     iter   5  obj 0.02481  best 0.09328  step 0.9500
06:01:44     iter   6  obj 0.04422  best 0.09328  step 0.9500
06:01:46     iter   7  obj 0.00630  best 0.09328  step 0.9500
06:01:49     iter   8  obj 0.04383  best 0.09328  step 0.9500
06:01:51     iter   9  obj 0.07298  best 0.09328  step 0.9500
06:01:53     iter  10  obj 0.05354  best 0.09328  step 0.9500
06:01:55     iter  11  obj 0.05202  best 0.09328  step 0.9500
06:01:57     iter  12  obj 0.04427  best 0.09328  step 0.9500
06:02:00     iter  13  obj 0.05277  best 0.09328  step 0.9500
06:02:02     iter  14  obj 0.05222  best 0.09328  step 0.9500
06:02:04     iter  15  obj 0.07318  best 0.09328  step 0.9500
06:02:06     iter  16  obj 0.04228  best 0.09328  step 0.9500
06:02:08     iter  17  obj 0.06289  best 0.09328  step 0.9500
06:02:10     iter  18  obj 0.06300  best 0.09328  step 0.9500
06:02:13     iter  19  obj -0.00222  best 0.09328  step 0.9500
06:02:15     iter  20  obj 0.04988  best 0.09328  step 0.9500
06:02:17     iter  21  obj 0.06647  best 0.09328  step 0.9500
06:02:19     iter  22  obj 0.04485  best 0.09328  step 0.4750  halved
06:02:21     iter  23  obj -0.33425  best 0.09328  step 0.4750
06:02:24     iter  24  obj 0.04167  best 0.09328  step 0.4750
06:02:26     iter  25  obj 0.08490  best 0.09328  step 0.4750
06:02:28     iter  26  obj 0.09213  best 0.09328  step 0.4750
06:02:30     iter  27  obj 0.09673  best 0.09673  step 0.4750  *
06:02:32     iter  28  obj 0.09094  best 0.09673  step 0.4750
06:02:35     iter  29  obj 0.10946  best 0.10946  step 0.4750  *
06:02:37     iter  30  obj 0.09465  best 0.10946  step 0.4750
06:02:39     iter  31  obj 0.11656  best 0.11656  step 0.4750  *
06:02:41     iter  32  obj 0.11307  best 0.11656  step 0.4750
06:02:43     iter  33  obj 0.09109  best 0.11656  step 0.4750
06:02:45     iter  34  obj 0.05262  best 0.11656  step 0.4750
06:02:48     iter  35  obj 0.07306  best 0.11656  step 0.4750
06:02:50     iter  36  obj 0.09796  best 0.11656  step 0.4750
06:02:52     iter  37  obj 0.09456  best 0.11656  step 0.4750
06:02:54     iter  38  obj 0.10651  best 0.11656  step 0.4750
06:02:56     iter  39  obj 0.11168  best 0.11656  step 0.4750
06:02:59     iter  40  obj 0.08019  best 0.11656  step 0.4750
06:03:01     iter  41  obj 0.09217  best 0.11656  step 0.2375  halved
06:03:03     iter  42  obj -0.01048  best 0.11656  step 0.2375
06:03:05     iter  43  obj 0.11227  best 0.11656  step 0.2375
06:03:07     iter  44  obj 0.12827  best 0.12827  step 0.2375  *
06:03:10     iter  45  obj 0.12352  best 0.12827  step 0.2375
06:03:12     iter  46  obj 0.10572  best 0.12827  step 0.2375
06:03:14     iter  47  obj 0.11839  best 0.12827  step 0.2375
06:03:16     iter  48  obj 0.12946  best 0.12946  step 0.2375  *
06:03:18     iter  49  obj 0.11402  best 0.12946  step 0.2375
06:03:21     iter  50  obj 0.11303  best 0.12946  step 0.2375
06:03:23     iter  51  obj 0.14663  best 0.14663  step 0.2375  *
06:03:25     iter  52  obj 0.13599  best 0.14663  step 0.2375
06:03:27     iter  53  obj 0.12067  best 0.14663  step 0.2375
06:03:29     iter  54  obj 0.15797  best 0.15797  step 0.2375  *
06:03:31     iter  55  obj 0.15997  best 0.15997  step 0.2375  *
06:03:34     iter  56  obj 0.14628  best 0.15997  step 0.2375
06:03:36     iter  57  obj 0.14991  best 0.15997  step 0.1188  halved
06:03:38     iter  58  obj 0.18768  best 0.18768  step 0.1188  *
06:03:40     iter  59  obj 0.18383  best 0.18768  step 0.1188
06:03:42     iter  60  obj 0.20112  best 0.20112  step 0.1188  *
06:03:45     iter  61  obj 0.19374  best 0.20112  step 0.1188
06:03:47     iter  62  obj 0.18607  best 0.20112  step 0.1188
06:03:49     iter  63  obj 0.20097  best 0.20112  step 0.1188
06:03:51     iter  64  obj 0.19234  best 0.20112  step 0.1188
06:03:53     iter  65  obj 0.18203  best 0.20112  step 0.1188
06:03:56     iter  66  obj 0.20449  best 0.20449  step 0.1188  *
06:03:58     iter  67  obj 0.19567  best 0.20449  step 0.1188
06:04:00     iter  68  obj 0.23454  best 0.23454  step 0.1188  *
06:04:02     iter  69  obj 0.20928  best 0.23454  step 0.1188
06:04:04     iter  70  obj 0.24934  best 0.24934  step 0.0594  *  halved
06:04:07     iter  71  obj 0.25467  best 0.25467  step 0.0594  *
06:04:09     iter  72  obj 0.28507  best 0.28507  step 0.0594  *
06:04:11     iter  73  obj 0.30616  best 0.30616  step 0.0594  *
06:04:13     iter  74  obj 0.34615  best 0.34615  step 0.0594  *
06:04:15     iter  75  obj 0.33315  best 0.34615  step 0.0594
06:04:17     iter  76  obj 0.33988  best 0.34615  step 0.0594
06:04:20     iter  77  obj 0.35363  best 0.35363  step 0.0594  *
06:04:22     iter  78  obj 0.29749  best 0.35363  step 0.0594
06:04:24     iter  79  obj 0.27670  best 0.35363  step 0.0594
06:04:26     iter  80  obj 0.35130  best 0.35363  step 0.0297  halved
06:04:28     iter  81  obj 0.29694  best 0.35363  step 0.0297
06:04:31     iter  82  obj 0.43199  best 0.43199  step 0.0297  *
06:04:33     iter  83  obj 0.40491  best 0.43199  step 0.0297
06:04:35     iter  84  obj 0.42999  best 0.43199  step 0.0297
06:04:37     iter  85  obj 0.55354  best 0.55354  step 0.0297  *
06:04:39     iter  86  obj 0.59082  best 0.59082  step 0.0297  *
06:04:42     iter  87  obj 0.56844  best 0.59082  step 0.0148  halved
06:04:44     iter  88  obj 0.67825  best 0.67825  step 0.0148  *
06:04:46     iter  89  obj 0.78810  best 0.78810  step 0.0148  *
06:04:48     iter  90  obj 0.80739  best 0.80739  step 0.0148  *
06:04:50     iter  91  obj 1.03357  best 1.03357  step 0.0148  *
06:04:53     iter  92  obj 1.01842  best 1.03357  step 0.0148
06:04:55     iter  93  obj 1.20537  best 1.20537  step 0.0148  *
06:04:57     iter  94  obj 1.39040  best 1.39040  step 0.0148  *
06:04:59     iter  95  obj 1.54742  best 1.54742  step 0.0148  *
06:05:01     iter  96  obj 1.69480  best 1.69480  step 0.0148  *
06:05:04     iter  97  obj 1.66032  best 1.69480  step 0.0148
06:05:06     iter  98  obj 2.29736  best 2.29736  step 0.0148  *
06:05:08     iter  99  obj 2.20258  best 2.29736  step 0.0074  halved
06:05:10     iter 100  obj 2.71346  best 2.71346  step 0.0074  *
06:05:11      poisoned ce=0.16100 auc=0.9855 acc=0.9450 f1=0.9444  dce=+0.06772 dacc=-0.0200  k=1500  [222.0s]
06:05:11   mean over 1 trials: dce=+0.06772 dacc=-0.0200 dauc=-0.0081  -> results/lambda_url_be/url_unique_lam0.1_rs1

