21:43:10   pool url_unique: {'n_raw_rows': 11182, 'duplicate_count': 0, 'reserved_fingerprints_count': 3000, 'raw_rows_matching_reserved': 3000, 'unique_raw_rows_matching_reserved': 3000, 'pool_size': 8182}  [0s]
21:43:10   [url_unique/natural] candidate size 8000 (pool 8182, classes {'0': 4155, '1': 4027})
21:43:12     seed 0: acc=0.9645 auc=0.9935 ce=0.0979  [2.1s]
21:43:14     seed 1: acc=0.9655 auc=0.9934 ce=0.0988  [1.6s]
21:43:15     seed 2: acc=0.9670 auc=0.9937 ce=0.0965  [1.6s]
21:43:17     seed 3: acc=0.9645 auc=0.9932 ce=0.0994  [1.6s]
21:43:19     seed 4: acc=0.9665 auc=0.9936 ce=0.0972  [1.6s]
21:43:20     seed 5: acc=0.9655 auc=0.9936 ce=0.0981  [1.6s]
21:43:22     seed 6: acc=0.9665 auc=0.9939 ce=0.0955  [1.6s]
21:43:24     seed 7: acc=0.9635 auc=0.9935 ce=0.0985  [1.7s]
21:43:25     seed 8: acc=0.9645 auc=0.9934 ce=0.0982  [1.6s]
21:43:27     seed 9: acc=0.9655 auc=0.9938 ce=0.0968  [1.7s]
21:43:27   [url_unique/natural] winner seed 2 acc=0.9670  files ['context_1000.csv', 'context_5000.csv', 'context_8000.csv']  checks OK  -> /home/ssn899/Desktop/TabFM/datasets/url_unique/splits/selected/natural
21:43:27   [url_unique/balanced] candidate size 8054 (pool 8182, classes {'0': 4155, '1': 4027})
21:43:29     seed 0: acc=0.9660 auc=0.9933 ce=0.0982  [1.7s]
21:43:31     seed 1: acc=0.9655 auc=0.9935 ce=0.0972  [1.7s]
21:43:32     seed 2: acc=0.9655 auc=0.9937 ce=0.0970  [1.7s]
21:43:34     seed 3: acc=0.9670 auc=0.9933 ce=0.0992  [1.7s]
21:43:36     seed 4: acc=0.9655 auc=0.9937 ce=0.0960  [1.7s]
21:43:37     seed 5: acc=0.9665 auc=0.9935 ce=0.0979  [1.7s]
21:43:39     seed 6: acc=0.9645 auc=0.9934 ce=0.0983  [1.7s]
21:43:41     seed 7: acc=0.9675 auc=0.9939 ce=0.0957  [1.7s]
21:43:42     seed 8: acc=0.9665 auc=0.9936 ce=0.0969  [1.7s]
21:43:44     seed 9: acc=0.9665 auc=0.9937 ce=0.0968  [1.7s]
21:43:44   [url_unique/balanced] winner seed 7 acc=0.9675  files ['context_1000.csv', 'context_5000.csv', 'context_8054.csv']  checks OK  -> /home/ssn899/Desktop/TabFM/datasets/url_unique/splits/selected/balanced
21:44:02   pool lcld_v2: {'n_raw_rows': 1220092, 'duplicate_count': 0, 'reserved_fingerprints_count': 3000, 'raw_rows_matching_reserved': 3000, 'unique_raw_rows_matching_reserved': 3000, 'pool_size': 1217092}  [18s]
21:44:02   [lcld_v2/natural] candidate size 10000 (pool 1217092, classes {'0': 977011, '1': 240081})
21:44:04     seed 0: acc=0.8055 auc=0.7171 ce=0.4518  [1.2s]
21:44:05     seed 1: acc=0.8045 auc=0.7136 ce=0.4548  [1.2s]
21:44:06     seed 2: acc=0.8045 auc=0.7137 ce=0.4509  [1.2s]
21:44:07     seed 3: acc=0.8045 auc=0.7170 ce=0.4494  [1.2s]
21:44:08     seed 4: acc=0.8055 auc=0.7150 ce=0.4505  [1.2s]
21:44:10     seed 5: acc=0.8075 auc=0.7152 ce=0.4517  [1.2s]
21:44:11     seed 6: acc=0.8060 auc=0.7173 ce=0.4534  [1.2s]
21:44:12     seed 7: acc=0.8035 auc=0.7227 ce=0.4485  [1.2s]
21:44:13     seed 8: acc=0.8035 auc=0.7190 ce=0.4489  [1.2s]
21:44:14     seed 9: acc=0.8035 auc=0.7151 ce=0.4504  [1.2s]
21:44:15   [lcld_v2/natural] winner seed 5 acc=0.8075  files ['context_1000.csv', 'context_10000.csv', 'context_5000.csv']  checks OK  -> /home/ssn899/Desktop/TabFM/datasets/lcld_v2/splits/selected/natural
21:44:15   [lcld_v2/balanced] candidate size 10000 (pool 1217092, classes {'0': 977011, '1': 240081})
21:44:16     seed 0: acc=0.6520 auc=0.7199 ce=0.6239  [1.2s]
21:44:17     seed 1: acc=0.6260 auc=0.7188 ce=0.6313  [1.2s]
21:44:18     seed 2: acc=0.6415 auc=0.7230 ce=0.6316  [1.2s]
21:44:19     seed 3: acc=0.6290 auc=0.7220 ce=0.6276  [1.2s]
21:44:20     seed 4: acc=0.6455 auc=0.7232 ce=0.6188  [1.2s]
21:44:22     seed 5: acc=0.6205 auc=0.7225 ce=0.6368  [1.2s]
21:44:23     seed 6: acc=0.6400 auc=0.7185 ce=0.6283  [1.2s]
21:44:24     seed 7: acc=0.6410 auc=0.7241 ce=0.6274  [1.2s]
21:44:25     seed 8: acc=0.6245 auc=0.7168 ce=0.6354  [1.2s]
21:44:26     seed 9: acc=0.6450 auc=0.7222 ce=0.6298  [1.2s]
21:44:27   [lcld_v2/balanced] winner seed 0 acc=0.6520  files ['context_1000.csv', 'context_10000.csv', 'context_5000.csv']  checks OK  -> /home/ssn899/Desktop/TabFM/datasets/lcld_v2/splits/selected/balanced
21:44:29   pool wids: {'n_raw_rows': 34776, 'duplicate_count': 0, 'reserved_fingerprints_count': 3000, 'raw_rows_matching_reserved': 3000, 'unique_raw_rows_matching_reserved': 3000, 'pool_size': 31776}  [2s]
21:44:29   [wids/natural] candidate size 10000 (pool 31776, classes {'0': 28926, '1': 2850})
21:44:33     seed 0: acc=0.9280 auc=0.9034 ce=0.1927  [4.2s]
21:44:37     seed 1: acc=0.9250 auc=0.8997 ce=0.1966  [4.1s]
21:44:41     seed 2: acc=0.9290 auc=0.9019 ce=0.1944  [4.1s]
21:44:46     seed 3: acc=0.9285 auc=0.9017 ce=0.1965  [4.1s]
21:44:50     seed 4: acc=0.9275 auc=0.9045 ce=0.1928  [4.2s]
21:44:54     seed 5: acc=0.9290 auc=0.8994 ce=0.1936  [4.2s]
21:44:58     seed 6: acc=0.9245 auc=0.9026 ce=0.1984  [4.2s]
21:45:02     seed 7: acc=0.9290 auc=0.9019 ce=0.1938  [4.2s]
21:45:06     seed 8: acc=0.9255 auc=0.9021 ce=0.1941  [4.2s]
21:45:11     seed 9: acc=0.9290 auc=0.9036 ce=0.1926  [4.2s]
21:45:11   [wids/natural] winner seed 2 acc=0.9290  files ['context_1000.csv', 'context_10000.csv', 'context_5000.csv']  checks OK  -> /home/ssn899/Desktop/TabFM/datasets/wids/splits/selected/natural
21:45:11   [wids/balanced] candidate size 5700 (pool 31776, classes {'0': 28926, '1': 2850})
21:45:13     seed 0: acc=0.7840 auc=0.9076 ce=0.4481  [1.7s]
21:45:15     seed 1: acc=0.7825 auc=0.9093 ce=0.4460  [1.7s]
21:45:17     seed 2: acc=0.7965 auc=0.9101 ce=0.4167  [1.7s]
21:45:18     seed 3: acc=0.7810 auc=0.9103 ce=0.4469  [1.7s]
21:45:20     seed 4: acc=0.7915 auc=0.9090 ce=0.4386  [1.7s]
21:45:22     seed 5: acc=0.7865 auc=0.9121 ce=0.4390  [1.7s]
21:45:23     seed 6: acc=0.7870 auc=0.9085 ce=0.4377  [1.7s]
21:45:25     seed 7: acc=0.7990 auc=0.9083 ce=0.4144  [1.7s]
21:45:27     seed 8: acc=0.7995 auc=0.9121 ce=0.4333  [1.7s]
21:45:28     seed 9: acc=0.7930 auc=0.9108 ce=0.4209  [1.7s]
21:45:29   [wids/balanced] winner seed 8 acc=0.7995  files ['context_1000.csv', 'context_5000.csv', 'context_5700.csv']  checks OK  -> /home/ssn899/Desktop/TabFM/datasets/wids/splits/selected/balanced
