03:44:45 [x-capgd] datasets/wids/splits/selected/natural/context_5000.csv (5000x108) -> datasets/wids/splits/test_attack_1000.csv (1000 of 1000)  k=1500 (30.0%)  attack_class=None  grid 1x1  cuda:3
03:44:58   clean  ce=0.20899 auc=0.8795 acc=0.9250 f1=0.4361  max|dp| over 3 repeats=0.00e+00  chunking_exact=True  [11.3s]
03:44:58   constraints=full (31 relations, dataset 'wids')  scaler=metadata  mutable 108/108  int 60  cat 9
03:44:58   -- trial run0_sub0
03:45:10     iter   0  obj -0.18121  best -0.18121  step 0.9500
03:45:22     iter   1  obj -7.46685  best -0.18121  step 0.9500
03:45:34     iter   2  obj -0.08566  best -0.08566  step 0.9500  *
03:45:46     iter   3  obj -0.37543  best -0.08566  step 0.9500
03:45:59     iter   4  obj -0.42345  best -0.08566  step 0.9500
03:46:11     iter   5  obj -0.43434  best -0.08566  step 0.9500
03:46:23     iter   6  obj -0.67027  best -0.08566  step 0.9500
03:46:35     iter   7  obj -2.13581  best -0.08566  step 0.9500
03:46:47     iter   8  obj -0.33950  best -0.08566  step 0.9500
03:46:59     iter   9  obj -1.20902  best -0.08566  step 0.9500
03:47:11     iter  10  obj -0.86038  best -0.08566  step 0.9500
03:47:23     iter  11  obj -0.79040  best -0.08566  step 0.9500
03:47:35     iter  12  obj -1.57863  best -0.08566  step 0.9500
03:47:46     iter  13  obj -2.87450  best -0.08566  step 0.9500
03:47:52     iter  14  obj -0.55402  best -0.08566  step 0.9500
03:47:58     iter  15  obj -1.20595  best -0.08566  step 0.9500
03:48:10     iter  16  obj -0.58774  best -0.08566  step 0.9500
03:48:22     iter  17  obj -0.63623  best -0.08566  step 0.9500
03:48:33     iter  18  obj -0.82746  best -0.08566  step 0.9500
03:48:45     iter  19  obj -1.49949  best -0.08566  step 0.9500
03:48:57     iter  20  obj -0.93293  best -0.08566  step 0.9500
03:49:08     iter  21  obj -0.62782  best -0.08566  step 0.9500
03:49:20     iter  22  obj -0.48231  best -0.08566  step 0.4750  halved
03:49:32     iter  23  obj -6.72381  best -0.08566  step 0.4750
03:49:43     iter  24  obj -0.28211  best -0.08566  step 0.4750
03:49:55     iter  25  obj 0.02628  best 0.02628  step 0.4750  *
03:50:07     iter  26  obj -0.50517  best 0.02628  step 0.4750
03:50:18     iter  27  obj -0.35196  best 0.02628  step 0.4750
03:50:30     iter  28  obj -0.41699  best 0.02628  step 0.4750
03:50:42     iter  29  obj -0.21934  best 0.02628  step 0.4750
03:50:53     iter  30  obj -1.91339  best 0.02628  step 0.4750
03:51:05     iter  31  obj -0.47711  best 0.02628  step 0.4750
03:51:17     iter  32  obj -0.59251  best 0.02628  step 0.4750
03:51:28     iter  33  obj -0.69814  best 0.02628  step 0.4750
03:51:40     iter  34  obj -0.61266  best 0.02628  step 0.4750
03:51:52     iter  35  obj -0.68239  best 0.02628  step 0.4750
03:52:01     iter  36  obj -0.22650  best 0.02628  step 0.4750
03:52:09     iter  37  obj -0.22594  best 0.02628  step 0.4750
03:52:21     iter  38  obj -0.32615  best 0.02628  step 0.4750
03:52:33     iter  39  obj -0.35280  best 0.02628  step 0.4750
03:52:44     iter  40  obj -0.76146  best 0.02628  step 0.4750
03:52:56     iter  41  obj -1.46291  best 0.02628  step 0.2375  halved
03:53:08     iter  42  obj -1.95722  best 0.02628  step 0.2375
03:53:19     iter  43  obj -0.08108  best 0.02628  step 0.2375
03:53:31     iter  44  obj -0.14177  best 0.02628  step 0.2375
03:53:43     iter  45  obj 0.07307  best 0.07307  step 0.2375  *
03:53:55     iter  46  obj -0.01295  best 0.07307  step 0.2375
03:54:06     iter  47  obj 0.04019  best 0.07307  step 0.2375
03:54:18     iter  48  obj -0.13900  best 0.07307  step 0.2375
03:54:30     iter  49  obj 0.03213  best 0.07307  step 0.2375
03:54:41     iter  50  obj 0.00507  best 0.07307  step 0.2375
03:54:53     iter  51  obj -0.13181  best 0.07307  step 0.2375
03:55:05     iter  52  obj 0.03201  best 0.07307  step 0.2375
03:55:17     iter  53  obj -0.00839  best 0.07307  step 0.2375
03:55:28     iter  54  obj 0.07110  best 0.07307  step 0.2375
03:55:40     iter  55  obj -0.25545  best 0.07307  step 0.2375
03:55:52     iter  56  obj -0.15763  best 0.07307  step 0.2375
03:56:03     iter  57  obj 0.02297  best 0.07307  step 0.1188  halved
03:56:15     iter  58  obj -1.91511  best 0.07307  step 0.1188
03:56:24     iter  59  obj 0.02698  best 0.07307  step 0.1188
03:56:30     iter  60  obj 0.08788  best 0.08788  step 0.1188  *
03:56:35     iter  61  obj 0.09821  best 0.09821  step 0.1188  *
03:56:40     iter  62  obj 0.19372  best 0.19372  step 0.1188  *
03:56:46     iter  63  obj 0.21625  best 0.21625  step 0.1188  *
03:56:51     iter  64  obj 0.27365  best 0.27365  step 0.1188  *
03:56:57     iter  65  obj 0.20188  best 0.27365  step 0.1188
03:57:02     iter  66  obj 0.26149  best 0.27365  step 0.1188
03:57:08     iter  67  obj 0.25758  best 0.27365  step 0.1188
03:57:13     iter  68  obj 0.31292  best 0.31292  step 0.1188  *
03:57:19     iter  69  obj 0.23427  best 0.31292  step 0.1188
03:57:24     iter  70  obj 0.30010  best 0.31292  step 0.0594  halved
03:57:30     iter  71  obj 0.43587  best 0.43587  step 0.0594  *
03:57:35     iter  72  obj 0.34880  best 0.43587  step 0.0594
03:57:40     iter  73  obj 0.32043  best 0.43587  step 0.0594
03:57:46     iter  74  obj 0.36274  best 0.43587  step 0.0594
03:57:51     iter  75  obj 0.31026  best 0.43587  step 0.0594
03:57:57     iter  76  obj 0.36661  best 0.43587  step 0.0594
03:58:02     iter  77  obj 0.47371  best 0.47371  step 0.0594  *
03:58:08     iter  78  obj 0.46287  best 0.47371  step 0.0594
03:58:13     iter  79  obj 0.45284  best 0.47371  step 0.0594
03:58:19     iter  80  obj 0.49711  best 0.49711  step 0.0297  *  halved
03:58:24     iter  81  obj 0.51336  best 0.51336  step 0.0297  *
03:58:30     iter  82  obj 0.62605  best 0.62605  step 0.0297  *
03:58:35     iter  83  obj 0.42944  best 0.62605  step 0.0297
03:58:41     iter  84  obj 0.59738  best 0.62605  step 0.0297
03:58:46     iter  85  obj 0.64045  best 0.64045  step 0.0297  *
03:58:52     iter  86  obj 0.61329  best 0.64045  step 0.0297
03:58:57     iter  87  obj 0.77071  best 0.77071  step 0.0148  *  halved
03:59:02     iter  88  obj 0.88075  best 0.88075  step 0.0148  *
03:59:08     iter  89  obj 0.88656  best 0.88656  step 0.0148  *
03:59:13     iter  90  obj 0.88321  best 0.88656  step 0.0148
03:59:19     iter  91  obj 0.95091  best 0.95091  step 0.0148  *
03:59:24     iter  92  obj 0.95754  best 0.95754  step 0.0148  *
03:59:30     iter  93  obj 0.95986  best 0.95986  step 0.0148  *
03:59:35     iter  94  obj 1.09950  best 1.09950  step 0.0148  *
03:59:41     iter  95  obj 1.08508  best 1.09950  step 0.0148
03:59:46     iter  96  obj 1.13140  best 1.13140  step 0.0148  *
03:59:52     iter  97  obj 1.17956  best 1.17956  step 0.0148  *
03:59:57     iter  98  obj 1.15817  best 1.17956  step 0.0148
04:00:03     iter  99  obj 1.22188  best 1.22188  step 0.0074  *  halved
04:00:08     iter 100  obj 1.35006  best 1.35006  step 0.0074  *
04:00:09      poisoned ce=0.71761 auc=0.5140 acc=0.8770 f1=0.0160  dce=+0.50862 dacc=-0.0480  k=1500  [911.4s]
04:00:09   mean over 1 trials: dce=+0.50862 dacc=-0.0480 dauc=-0.3655  -> results/niter_strict/wids_rs2_it100

