19:54:57 xgboost: train=/home/ssn899/Desktop/TabFM/datasets/wids/splits/selected/natural/context_5000.csv (5000 rows)  test=/home/ssn899/Desktop/TabFM/datasets/wids/splits/test_attack_1000.csv (1000 rows)  target=hospital_death  drop=()
19:54:57 rebuilt 5 per-run-best contexts from /home/ssn899/Desktop/TabFM/results/main_experiments/wids/x-capgd_random_r001: run0_sub2, run1_sub0, run2_sub1, run3_sub0, run4_sub1  (attack=x-capgd, R=1.0%, k=50)
19:54:57 clean val=/home/ssn899/Desktop/TabFM/datasets/wids/splits/val_2000.csv (2000 rows)
19:54:57 
== protocol A: validation is an internal split of the given context (poisoned when the context is)
19:54:57     clean baseline (5 fits)
19:55:09       seed 0: ce=0.21338 acc=0.9220 bacc=0.6468 mcc=0.4096 (iters=60, 12s)
19:55:34       seed 1: ce=0.21365 acc=0.9230 bacc=0.6423 mcc=0.4108 (iters=282, 26s)
19:55:47       seed 2: ce=0.21343 acc=0.9140 bacc=0.6374 mcc=0.3607 (iters=136, 13s)
19:56:06       seed 3: ce=0.21873 acc=0.9170 bacc=0.6290 mcc=0.3640 (iters=274, 20s)
19:56:31       seed 4: ce=0.21843 acc=0.9200 bacc=0.6457 mcc=0.3980 (iters=205, 24s)
19:56:31     poisoned (5 contexts)
19:56:31     -- run0_sub2
19:56:50       seed 0: ce=0.21140 acc=0.9210 bacc=0.6362 mcc=0.3931 (iters=181, 20s)
19:56:50     -- run1_sub0
19:57:10       seed 1: ce=0.21200 acc=0.9240 bacc=0.6679 mcc=0.4409 (iters=363, 20s)
19:57:10     -- run2_sub1
19:57:26       seed 2: ce=0.21261 acc=0.9190 bacc=0.6451 mcc=0.3925 (iters=141, 15s)
19:57:26     -- run3_sub0
19:57:51       seed 3: ce=0.21944 acc=0.9150 bacc=0.6229 mcc=0.3467 (iters=503, 26s)
19:57:51     -- run4_sub1
19:58:11       seed 4: ce=0.21564 acc=0.9180 bacc=0.6295 mcc=0.3697 (iters=200, 20s)
19:58:11 
  protocol A -- validation is an internal split of the given context (poisoned when the context is)
19:58:11     metric                          clean          poisoned             delta      rel% |          TabPFN d  TabPFN rel%  transfer%
19:58:11     -------------------------------------------------------------------------------------------------------------------------------
19:58:11     ce                    0.2155 ± 0.0025   0.2142 ± 0.0030  -0.0013 ± 0.0012      -0.6 |  +0.0032 ± 0.0006         +1.5        -42
19:58:11     accuracy              0.9192 ± 0.0033   0.9194 ± 0.0030  +0.0002 ± 0.0026      +0.0 |  +0.0000 ± 0.0000         +0.0          -
19:58:11     balanced_accuracy     0.6402 ± 0.0065   0.6403 ± 0.0156  +0.0001 ± 0.0150      +0.0 |  +0.0000 ± 0.0000         +0.0          -
19:58:11     mcc                   0.3886 ± 0.0219   0.3886 ± 0.0312  -0.0000 ± 0.0256      -0.0 |  +0.0000 ± 0.0000         +0.0          -
19:58:11     roc_auc               0.8712 ± 0.0043   0.8723 ± 0.0033  +0.0011 ± 0.0014      +0.1 |  -0.0033 ± 0.0005         -0.4        -34
19:58:11     f1                    0.4007 ± 0.0167   0.4005 ± 0.0326  -0.0002 ± 0.0293      -0.1 |  +0.0000 ± 0.0000         +0.0          -
19:58:11     transfer% = XGBoost delta / TabPFNv2 delta; 100 means the poison hurts both equally.
19:58:11     '~' marks a ratio whose denominator is near zero or inside its own spread -- read the absolute columns there.
19:58:11 
== protocol B: validation is the separate clean --val file
19:58:11     clean baseline (5 fits)
19:58:35       seed 0: ce=0.21883 acc=0.9190 bacc=0.6401 mcc=0.3868 (iters=214, 25s)
19:59:01       seed 1: ce=0.21086 acc=0.9180 bacc=0.6446 mcc=0.3871 (iters=886, 26s)
19:59:33       seed 2: ce=0.20976 acc=0.9240 bacc=0.6479 mcc=0.4219 (iters=395, 32s)
19:59:49       seed 3: ce=0.21216 acc=0.9170 bacc=0.6340 mcc=0.3700 (iters=402, 16s)
20:00:22       seed 4: ce=0.21811 acc=0.9160 bacc=0.6385 mcc=0.3707 (iters=131, 33s)
20:00:22     poisoned (5 contexts)
20:00:22     -- run0_sub2
20:00:54       seed 0: ce=0.21907 acc=0.9190 bacc=0.6601 mcc=0.4091 (iters=207, 32s)
20:00:54     -- run1_sub0
20:01:21       seed 1: ce=0.21515 acc=0.9220 bacc=0.6468 mcc=0.4096 (iters=247, 27s)
20:01:21     -- run2_sub1
20:01:59       seed 2: ce=0.21169 acc=0.9170 bacc=0.6440 mcc=0.3819 (iters=1072, 38s)
20:01:59     -- run3_sub0
20:02:16       seed 3: ce=0.21496 acc=0.9180 bacc=0.6346 mcc=0.3755 (iters=254, 17s)
20:02:16     -- run4_sub1
20:02:52       seed 4: ce=0.21379 acc=0.9160 bacc=0.6435 mcc=0.3768 (iters=1125, 37s)
20:02:52 
  protocol B -- validation is the separate clean --val file
20:02:52     metric                          clean          poisoned             delta      rel% |          TabPFN d  TabPFN rel%  transfer%
20:02:52     -------------------------------------------------------------------------------------------------------------------------------
20:02:52     ce                    0.2139 ± 0.0038   0.2149 ± 0.0024  +0.0010 ± 0.0030      +0.5 |  +0.0032 ± 0.0006         +1.5        +31
20:02:52     accuracy              0.9188 ± 0.0028   0.9184 ± 0.0021  -0.0004 ± 0.0036      -0.0 |  +0.0000 ± 0.0000         +0.0          -
20:02:52     balanced_accuracy     0.6410 ± 0.0048   0.6458 ± 0.0083  +0.0048 ± 0.0081      +0.7 |  +0.0000 ± 0.0000         +0.0          -
20:02:52     mcc                   0.3873 ± 0.0188   0.3906 ± 0.0155  +0.0033 ± 0.0229      +0.8 |  +0.0000 ± 0.0000         +0.0          -
20:02:52     roc_auc               0.8708 ± 0.0071   0.8700 ± 0.0019  -0.0008 ± 0.0056      -0.1 |  -0.0033 ± 0.0005         -0.4        +25
20:02:52     f1                    0.4013 ± 0.0135   0.4085 ± 0.0157  +0.0072 ± 0.0176      +1.8 |  +0.0000 ± 0.0000         +0.0          -
20:02:52     transfer% = XGBoost delta / TabPFNv2 delta; 100 means the poison hurts both equally.
20:02:52     '~' marks a ratio whose denominator is near zero or inside its own spread -- read the absolute columns there.
20:02:52 
wrote /home/ssn899/Desktop/TabFM/results/xgb_transfer/wids/x-capgd_random_r001/summary.json
