15:03:33 xgboost: train=/home/ssn899/Desktop/TabFM/datasets/lcld_v2/splits/selected/natural/context_5000.csv (5000 rows)  test=/home/ssn899/Desktop/TabFM/datasets/lcld_v2/splits/test_attack_1000.csv (1000 rows)  target=charged_off  drop=('issue_d',)
15:03:33 rebuilt 5 per-run-best contexts from /home/ssn899/Desktop/TabFM/results/main_experiments/lcld_v2/label-flip_random_r004: run0_sub0, run1_sub0, run2_sub0, run3_sub0, run4_sub0  (attack=label-flip, R=4.0%, k=200)
15:03:33 clean val=/home/ssn899/Desktop/TabFM/datasets/lcld_v2/splits/val_2000.csv (2000 rows)
15:03:33 
== protocol A: validation is an internal split of the given context (poisoned when the context is)
15:03:33     clean baseline: 5 fits reused from /home/ssn899/Desktop/TabFM/results/xgb_transfer/_clean_cache/clean_30e6ec053d00aa31b9937449.json
15:03:33     poisoned (5 contexts)
15:03:33     -- run0_sub0
15:03:47       seed 0: ce=0.45876 acc=0.8020 bacc=0.4994 mcc=-0.0157 (iters=332, 14s)
15:03:47     -- run1_sub0
15:03:55       seed 1: ce=0.45761 acc=0.8030 bacc=0.5000 mcc=0.0000 (iters=72, 8s)
15:03:55     -- run2_sub0
15:04:04       seed 2: ce=0.45574 acc=0.8020 bacc=0.5032 mcc=0.0362 (iters=80, 8s)
15:04:04     -- run3_sub0
15:04:12       seed 3: ce=0.45964 acc=0.8040 bacc=0.5083 mcc=0.0790 (iters=64, 8s)
15:04:12     -- run4_sub0
15:04:25       seed 4: ce=0.45793 acc=0.8030 bacc=0.5000 mcc=0.0000 (iters=351, 13s)
15:04:25 
  protocol A -- validation is an internal split of the given context (poisoned when the context is)
15:04:25     metric                          clean          poisoned             delta      rel% |          TabPFN d  TabPFN rel%  transfer%
15:04:25     -------------------------------------------------------------------------------------------------------------------------------
15:04:25     ce                    0.4521 ± 0.0011   0.4579 ± 0.0013  +0.0058 ± 0.0005      +1.3 |  +0.0196 ± 0.0009         +4.3        +30
15:04:25     accuracy              0.8038 ± 0.0007   0.8028 ± 0.0007  -0.0010 ± 0.0014      -0.1 |  -0.0036 ± 0.0005         -0.4        +28
15:04:25     balanced_accuracy     0.5066 ± 0.0045   0.5022 ± 0.0033  -0.0045 ± 0.0071      -0.9 |  -0.0191 ± 0.0019         -3.6        +23
15:04:25     mcc                   0.0638 ± 0.0336   0.0199 ± 0.0341  -0.0439 ± 0.0629    ~-68.8 |  -0.0696 ± 0.0076        -46.3        +63
15:04:25     roc_auc               0.7107 ± 0.0015   0.7068 ± 0.0034  -0.0039 ± 0.0032      -0.6 |  -0.0081 ± 0.0007         -1.1        +49
15:04:25     f1                    0.0311 ± 0.0219   0.0118 ± 0.0157  -0.0193 ± 0.0339    ~-62.0 |  -0.0750 ± 0.0087       ~-56.0        +26
15:04:25     transfer% = XGBoost delta / TabPFNv2 delta; 100 means the poison hurts both equally.
15:04:25     '~' marks a ratio whose denominator is near zero or inside its own spread -- read the absolute columns there.
15:04:25 
== protocol B: validation is the separate clean --val file
15:04:25     clean baseline: 5 fits reused from /home/ssn899/Desktop/TabFM/results/xgb_transfer/_clean_cache/clean_513785100e13fff7394bccd6.json
15:04:25     poisoned (5 contexts)
15:04:25     -- run0_sub0
15:04:33       seed 0: ce=0.45483 acc=0.8040 bacc=0.5083 mcc=0.0790 (iters=44, 8s)
15:04:33     -- run1_sub0
15:04:43       seed 1: ce=0.45480 acc=0.8020 bacc=0.5013 mcc=0.0188 (iters=114, 10s)
15:04:43     -- run2_sub0
15:04:52       seed 2: ce=0.45499 acc=0.8030 bacc=0.5038 mcc=0.0483 (iters=88, 10s)
15:04:52     -- run3_sub0
15:05:00       seed 3: ce=0.45881 acc=0.8040 bacc=0.5025 mcc=0.0639 (iters=23, 8s)
15:05:00     -- run4_sub0
15:05:12       seed 4: ce=0.45440 acc=0.8040 bacc=0.5025 mcc=0.0639 (iters=121, 11s)
15:05:12 
  protocol B -- validation is the separate clean --val file
15:05:12     metric                          clean          poisoned             delta      rel% |          TabPFN d  TabPFN rel%  transfer%
15:05:12     -------------------------------------------------------------------------------------------------------------------------------
15:05:12     ce                    0.4516 ± 0.0024   0.4556 ± 0.0016  +0.0040 ± 0.0030      +0.9 |  +0.0196 ± 0.0009         +4.3        +20
15:05:12     accuracy              0.8034 ± 0.0010   0.8034 ± 0.0008  +0.0000 ± 0.0011      +0.0 |  -0.0036 ± 0.0005         -0.4         -0
15:05:12     balanced_accuracy     0.5106 ± 0.0051   0.5037 ± 0.0024  -0.0069 ± 0.0063      -1.4 |  -0.0191 ± 0.0019         -3.6        +36
15:05:12     mcc                   0.0817 ± 0.0208   0.0548 ± 0.0204  -0.0269 ± 0.0334    ~-32.9 |  -0.0696 ± 0.0076        -46.3        +39
15:05:12     roc_auc               0.7127 ± 0.0057   0.7113 ± 0.0035  -0.0014 ± 0.0072      -0.2 |  -0.0081 ± 0.0007         -1.1        +18
15:05:12     f1                    0.0515 ± 0.0237   0.0179 ± 0.0113  -0.0336 ± 0.0286    ~-65.3 |  -0.0750 ± 0.0087       ~-56.0        +45
15:05:12     transfer% = XGBoost delta / TabPFNv2 delta; 100 means the poison hurts both equally.
15:05:12     '~' marks a ratio whose denominator is near zero or inside its own spread -- read the absolute columns there.
15:05:12 
wrote /home/ssn899/Desktop/TabFM/results/xgb_transfer/lcld_v2/label-flip_random_r004/summary.json
